DEBUG: Qtrainer enters train_pure_quantum_cnn. Encoding: amplitude
  Class Weights: +1 (Target): 1.00 | -1 (Rest): 1.00
Starting Training
==================================================
Epoch 1 Batch 1 | Loss: 0.691718 | Stats: min: -0.067, max: 0.234, mean: 0.063
Epoch 1 Batch 2 | Loss: 0.696127
Epoch 1 Batch 3 | Loss: 0.660101
Epoch 1 Batch 4 | Loss: 0.677815
Epoch 1 Batch 5 | Loss: 0.649394
Epoch 1 Batch 6 | Loss: 0.634428
Epoch 1 Batch 7 | Loss: 0.611574
Epoch 1 Batch 8 | Loss: 0.630829
Epoch 1 Batch 9 | Loss: 0.606741
Epoch 1 Batch 10 | Loss: 0.629296
Epoch 1 Batch 11 | Loss: 0.599392
Epoch 1 Batch 12 | Loss: 0.638661
Epoch 1 Batch 13 | Loss: 0.634992
  [STABILITY] Test accuracy improved: 0.00% -> 47.09% (via EMA). Saving best params.
--- Epoch 1/30 | Loss: 0.6432 | Train Acc: 49.5% | Test Acc: 47.1% | CM: [TP:65, TN:16, FP:70, FN:21] | Progress: 3.3% | ETA: 256.9s ---
Epoch 2 Batch 1 | Loss: 0.557858 | Stats: min: -0.312, max: 0.116, mean: -0.148
Epoch 2 Batch 2 | Loss: 0.596513
Epoch 2 Batch 3 | Loss: 0.555821
Epoch 2 Batch 4 | Loss: 0.568466
Epoch 2 Batch 5 | Loss: 0.573702
Epoch 2 Batch 6 | Loss: 0.577198
Epoch 2 Batch 7 | Loss: 0.561257
Epoch 2 Batch 8 | Loss: 0.571870
Epoch 2 Batch 9 | Loss: 0.583693
Epoch 2 Batch 10 | Loss: 0.584797
Epoch 2 Batch 11 | Loss: 0.549647
Epoch 2 Batch 12 | Loss: 0.534545
Epoch 2 Batch 13 | Loss: 0.554592
  [STABILITY] Test accuracy improved: 47.09% -> 61.05% (via EMA). Saving best params.
--- Epoch 2/30 | Loss: 0.5669 | Train Acc: 64.5% | Test Acc: 61.0% | CM: [TP:77, TN:28, FP:58, FN:9] | Progress: 6.7% | ETA: 152.1s ---
Epoch 3 Batch 1 | Loss: 0.553665 | Stats: min: -0.265, max: 0.198, mean: -0.068
Epoch 3 Batch 2 | Loss: 0.553011
Epoch 3 Batch 3 | Loss: 0.522580
Epoch 3 Batch 4 | Loss: 0.540693
Epoch 3 Batch 5 | Loss: 0.543494
Epoch 3 Batch 6 | Loss: 0.530054
Epoch 3 Batch 7 | Loss: 0.531351
Epoch 3 Batch 8 | Loss: 0.505467
Epoch 3 Batch 9 | Loss: 0.538225
Epoch 3 Batch 10 | Loss: 0.566111
Epoch 3 Batch 11 | Loss: 0.545113
Epoch 3 Batch 12 | Loss: 0.557265
Epoch 3 Batch 13 | Loss: 0.492993
  [STABILITY] Test accuracy improved: 61.05% -> 73.84% (via EMA). Saving best params.
--- Epoch 3/30 | Loss: 0.5369 | Train Acc: 72.0% | Test Acc: 73.8% | CM: [TP:79, TN:48, FP:38, FN:7] | Progress: 10.0% | ETA: 98.3s ---
Epoch 4 Batch 1 | Loss: 0.564390 | Stats: min: -0.279, max: 0.224, mean: 0.057
Epoch 4 Batch 2 | Loss: 0.536658
Epoch 4 Batch 3 | Loss: 0.504218
Epoch 4 Batch 4 | Loss: 0.529468
Epoch 4 Batch 5 | Loss: 0.531900
Epoch 4 Batch 6 | Loss: 0.508416
Epoch 4 Batch 7 | Loss: 0.513357
Epoch 4 Batch 8 | Loss: 0.521750
Epoch 4 Batch 9 | Loss: 0.565443
Epoch 4 Batch 10 | Loss: 0.539627
Epoch 4 Batch 11 | Loss: 0.510690
Epoch 4 Batch 12 | Loss: 0.527837
Epoch 4 Batch 13 | Loss: 0.508349
  [STABILITY] Test accuracy improved: 73.84% -> 80.81% (via EMA). Saving best params.
--- Epoch 4/30 | Loss: 0.5279 | Train Acc: 77.5% | Test Acc: 80.8% | CM: [TP:83, TN:56, FP:30, FN:3] | Progress: 13.3% | ETA: 88.6s ---
Epoch 5 Batch 1 | Loss: 0.523651 | Stats: min: -0.434, max: 0.283, mean: -0.128
Epoch 5 Batch 2 | Loss: 0.519593
Epoch 5 Batch 3 | Loss: 0.545416
Epoch 5 Batch 4 | Loss: 0.522346
Epoch 5 Batch 5 | Loss: 0.470342
Epoch 5 Batch 6 | Loss: 0.506771
Epoch 5 Batch 7 | Loss: 0.556575
Epoch 5 Batch 8 | Loss: 0.546730
Epoch 5 Batch 9 | Loss: 0.510999
Epoch 5 Batch 10 | Loss: 0.529236
Epoch 5 Batch 11 | Loss: 0.512998
Epoch 5 Batch 12 | Loss: 0.502659
Epoch 5 Batch 13 | Loss: 0.563843
  [STABILITY] Test accuracy improved: 80.81% -> 84.88% (via EMA). Saving best params.
--- Epoch 5/30 | Loss: 0.5239 | Train Acc: 82.5% | Test Acc: 84.9% | CM: [TP:82, TN:64, FP:22, FN:4] | Progress: 16.7% | ETA: 53.7s ---
Epoch 6 Batch 1 | Loss: 0.489275 | Stats: min: -0.172, max: 0.375, mean: -0.018
Epoch 6 Batch 2 | Loss: 0.533160
Epoch 6 Batch 3 | Loss: 0.544664
Epoch 6 Batch 4 | Loss: 0.497802
Epoch 6 Batch 5 | Loss: 0.526750
Epoch 6 Batch 6 | Loss: 0.505319
Epoch 6 Batch 7 | Loss: 0.507318
Epoch 6 Batch 8 | Loss: 0.535291
Epoch 6 Batch 9 | Loss: 0.549018
Epoch 6 Batch 10 | Loss: 0.493113
Epoch 6 Batch 11 | Loss: 0.514924
Epoch 6 Batch 12 | Loss: 0.522734
Epoch 6 Batch 13 | Loss: 0.519722
  [STABILITY] Test accuracy improved: 84.88% -> 86.63% (via EMA). Saving best params.
--- Epoch 6/30 | Loss: 0.5184 | Train Acc: 85.5% | Test Acc: 86.6% | CM: [TP:83, TN:66, FP:20, FN:3] | Progress: 20.0% | ETA: 33.8s ---
Epoch 7 Batch 1 | Loss: 0.517673 | Stats: min: -0.359, max: 0.274, mean: -0.183
Epoch 7 Batch 2 | Loss: 0.517433
Epoch 7 Batch 3 | Loss: 0.471028
Epoch 7 Batch 4 | Loss: 0.550831
Epoch 7 Batch 5 | Loss: 0.496341
Epoch 7 Batch 6 | Loss: 0.534977
Epoch 7 Batch 7 | Loss: 0.510576
Epoch 7 Batch 8 | Loss: 0.499569
Epoch 7 Batch 9 | Loss: 0.508688
Epoch 7 Batch 10 | Loss: 0.522590
Epoch 7 Batch 11 | Loss: 0.504567
Epoch 7 Batch 12 | Loss: 0.520218
Epoch 7 Batch 13 | Loss: 0.540149
  [STABILITY] Test accuracy improved: 86.63% -> 87.79% (via EMA). Saving best params.
--- Epoch 7/30 | Loss: 0.5150 | Train Acc: 88.0% | Test Acc: 87.8% | CM: [TP:83, TN:68, FP:18, FN:3] | Progress: 23.3% | ETA: 23.1s ---
Epoch 8 Batch 1 | Loss: 0.557720 | Stats: min: -0.113, max: 0.197, mean: 0.014
Epoch 8 Batch 2 | Loss: 0.560642
Epoch 8 Batch 3 | Loss: 0.484699
Epoch 8 Batch 4 | Loss: 0.508172
Epoch 8 Batch 5 | Loss: 0.528746
Epoch 8 Batch 6 | Loss: 0.514204
Epoch 8 Batch 7 | Loss: 0.496334
Epoch 8 Batch 8 | Loss: 0.524068
Epoch 8 Batch 9 | Loss: 0.493992
Epoch 8 Batch 10 | Loss: 0.502612
Epoch 8 Batch 11 | Loss: 0.551643
Epoch 8 Batch 12 | Loss: 0.477651
Epoch 8 Batch 13 | Loss: 0.472132
  [STABILITY] Test accuracy improved: 87.79% -> 90.70% (via EMA). Saving best params.
--- Epoch 8/30 | Loss: 0.5133 | Train Acc: 89.0% | Test Acc: 90.7% | CM: [TP:84, TN:72, FP:14, FN:2] | Progress: 26.7% | ETA: 21.5s ---
Epoch 9 Batch 1 | Loss: 0.525906 | Stats: min: -0.234, max: 0.214, mean: -0.001
Epoch 9 Batch 2 | Loss: 0.464752
Epoch 9 Batch 3 | Loss: 0.482834
Epoch 9 Batch 4 | Loss: 0.538333
Epoch 9 Batch 5 | Loss: 0.471364
Epoch 9 Batch 6 | Loss: 0.530764
Epoch 9 Batch 7 | Loss: 0.526247
Epoch 9 Batch 8 | Loss: 0.557392
Epoch 9 Batch 9 | Loss: 0.557312
Epoch 9 Batch 10 | Loss: 0.494382
Epoch 9 Batch 11 | Loss: 0.474441
Epoch 9 Batch 12 | Loss: 0.508039
Epoch 9 Batch 13 | Loss: 0.487501
  [STABILITY] Test accuracy improved: 90.70% -> 91.28% (via EMA). Saving best params.
--- Epoch 9/30 | Loss: 0.5092 | Train Acc: 89.0% | Test Acc: 91.3% | CM: [TP:84, TN:73, FP:13, FN:2] | Progress: 30.0% | ETA: 20.4s ---
Epoch 10 Batch 1 | Loss: 0.499892 | Stats: min: 0.021, max: 0.137, mean: 0.080
Epoch 10 Batch 2 | Loss: 0.494588
Epoch 10 Batch 3 | Loss: 0.505773
Epoch 10 Batch 4 | Loss: 0.527134
Epoch 10 Batch 5 | Loss: 0.533466
Epoch 10 Batch 6 | Loss: 0.501394
Epoch 10 Batch 7 | Loss: 0.499623
Epoch 10 Batch 8 | Loss: 0.491677
Epoch 10 Batch 9 | Loss: 0.510952
Epoch 10 Batch 10 | Loss: 0.519649
Epoch 10 Batch 11 | Loss: 0.468786
Epoch 10 Batch 12 | Loss: 0.539954
Epoch 10 Batch 13 | Loss: 0.495368
  [STABILITY] Test accuracy improved: 91.28% -> 92.44% (via EMA). Saving best params.
--- Epoch 10/30 | Loss: 0.5068 | Train Acc: 89.5% | Test Acc: 92.4% | CM: [TP:84, TN:75, FP:11, FN:2] | Progress: 33.3% | ETA: 15.3s ---
Epoch 11 Batch 1 | Loss: 0.560961 | Stats: min: -0.373, max: 0.350, mean: -0.076
Epoch 11 Batch 2 | Loss: 0.470621
Epoch 11 Batch 3 | Loss: 0.517154
Epoch 11 Batch 4 | Loss: 0.466103
Epoch 11 Batch 5 | Loss: 0.534415
Epoch 11 Batch 6 | Loss: 0.550007
Epoch 11 Batch 7 | Loss: 0.511254
Epoch 11 Batch 8 | Loss: 0.511858
Epoch 11 Batch 9 | Loss: 0.535851
Epoch 11 Batch 10 | Loss: 0.490055
Epoch 11 Batch 11 | Loss: 0.482370
Epoch 11 Batch 12 | Loss: 0.515967
Epoch 11 Batch 13 | Loss: 0.518093
--- Epoch 11/30 | Loss: 0.5127 | Train Acc: 90.5% | Test Acc: 92.4% | CM: [TP:84, TN:75, FP:11, FN:2] | Progress: 36.7% | ETA: 15.8s ---
Epoch 12 Batch 1 | Loss: 0.497333 | Stats: min: -0.407, max: 0.124, mean: -0.157
Epoch 12 Batch 2 | Loss: 0.495186
Epoch 12 Batch 3 | Loss: 0.514170
Epoch 12 Batch 4 | Loss: 0.546726
Epoch 12 Batch 5 | Loss: 0.471708
Epoch 12 Batch 6 | Loss: 0.515201
Epoch 12 Batch 7 | Loss: 0.462895
Epoch 12 Batch 8 | Loss: 0.544202
Epoch 12 Batch 9 | Loss: 0.498615
Epoch 12 Batch 10 | Loss: 0.529536
Epoch 12 Batch 11 | Loss: 0.521758
Epoch 12 Batch 12 | Loss: 0.519327
Epoch 12 Batch 13 | Loss: 0.486850
  [STABILITY] Test accuracy improved: 92.44% -> 93.02% (via EMA). Saving best params.
--- Epoch 12/30 | Loss: 0.5080 | Train Acc: 91.5% | Test Acc: 93.0% | CM: [TP:84, TN:76, FP:10, FN:2] | Progress: 40.0% | ETA: 14.1s ---
Epoch 13 Batch 1 | Loss: 0.547673 | Stats: min: -0.310, max: 0.445, mean: 0.030
Epoch 13 Batch 2 | Loss: 0.486346
Epoch 13 Batch 3 | Loss: 0.504348
Epoch 13 Batch 4 | Loss: 0.502584
Epoch 13 Batch 5 | Loss: 0.453275
Epoch 13 Batch 6 | Loss: 0.496952
Epoch 13 Batch 7 | Loss: 0.538489
Epoch 13 Batch 8 | Loss: 0.481637
Epoch 13 Batch 9 | Loss: 0.546197
Epoch 13 Batch 10 | Loss: 0.484686
Epoch 13 Batch 11 | Loss: 0.514182
Epoch 13 Batch 12 | Loss: 0.493086
Epoch 13 Batch 13 | Loss: 0.497083
  [STABILITY] Test accuracy improved: 93.02% -> 93.60% (via EMA). Saving best params.
--- Epoch 13/30 | Loss: 0.5036 | Train Acc: 91.0% | Test Acc: 93.6% | CM: [TP:84, TN:77, FP:9, FN:2] | Progress: 43.3% | ETA: 10.7s ---
Epoch 14 Batch 1 | Loss: 0.494687 | Stats: min: -0.373, max: 0.393, mean: -0.066
Epoch 14 Batch 2 | Loss: 0.472256
Epoch 14 Batch 3 | Loss: 0.508071
Epoch 14 Batch 4 | Loss: 0.491961
Epoch 14 Batch 5 | Loss: 0.540984
Epoch 14 Batch 6 | Loss: 0.478010
Epoch 14 Batch 7 | Loss: 0.530607
Epoch 14 Batch 8 | Loss: 0.526898
Epoch 14 Batch 9 | Loss: 0.521981
Epoch 14 Batch 10 | Loss: 0.561657
Epoch 14 Batch 11 | Loss: 0.466919
Epoch 14 Batch 12 | Loss: 0.505406
Epoch 14 Batch 13 | Loss: 0.479999
  [STABILITY] Test accuracy improved: 93.60% -> 94.19% (via EMA). Saving best params.
--- Epoch 14/30 | Loss: 0.5061 | Train Acc: 91.5% | Test Acc: 94.2% | CM: [TP:84, TN:78, FP:8, FN:2] | Progress: 46.7% | ETA: 8.5s ---
Epoch 15 Batch 1 | Loss: 0.489885 | Stats: min: -0.237, max: 0.408, mean: 0.061
Epoch 15 Batch 2 | Loss: 0.504908
Epoch 15 Batch 3 | Loss: 0.478653
Epoch 15 Batch 4 | Loss: 0.491608
Epoch 15 Batch 5 | Loss: 0.523590
Epoch 15 Batch 6 | Loss: 0.517753
Epoch 15 Batch 7 | Loss: 0.487085
Epoch 15 Batch 8 | Loss: 0.489326
Epoch 15 Batch 9 | Loss: 0.463244
Epoch 15 Batch 10 | Loss: 0.536294
Epoch 15 Batch 11 | Loss: 0.502698
Epoch 15 Batch 12 | Loss: 0.554055
Epoch 15 Batch 13 | Loss: 0.461725
--- Epoch 15/30 | Loss: 0.5001 | Train Acc: 92.5% | Test Acc: 94.2% | CM: [TP:83, TN:79, FP:7, FN:3] | Progress: 50.0% | ETA: 7.0s ---
Epoch 16 Batch 1 | Loss: 0.502843 | Stats: min: -0.367, max: 0.380, mean: -0.005
Epoch 16 Batch 2 | Loss: 0.514395
Epoch 16 Batch 3 | Loss: 0.493178
Epoch 16 Batch 4 | Loss: 0.539330
Epoch 16 Batch 5 | Loss: 0.446422
Epoch 16 Batch 6 | Loss: 0.498856
Epoch 16 Batch 7 | Loss: 0.472899
Epoch 16 Batch 8 | Loss: 0.507771
Epoch 16 Batch 9 | Loss: 0.522559
Epoch 16 Batch 10 | Loss: 0.460939
Epoch 16 Batch 11 | Loss: 0.529562
Epoch 16 Batch 12 | Loss: 0.480740
Epoch 16 Batch 13 | Loss: 0.535285
--- Epoch 16/30 | Loss: 0.5004 | Train Acc: 92.0% | Test Acc: 94.2% | CM: [TP:82, TN:80, FP:6, FN:4] | Progress: 53.3% | ETA: 6.8s ---
Epoch 17 Batch 1 | Loss: 0.490916 | Stats: min: -0.292, max: 0.522, mean: -0.023
Epoch 17 Batch 2 | Loss: 0.488195
Epoch 17 Batch 3 | Loss: 0.506429
Epoch 17 Batch 4 | Loss: 0.516914
Epoch 17 Batch 5 | Loss: 0.518194
Epoch 17 Batch 6 | Loss: 0.505919
Epoch 17 Batch 7 | Loss: 0.461801
Epoch 17 Batch 8 | Loss: 0.508891
Epoch 17 Batch 9 | Loss: 0.543878
Epoch 17 Batch 10 | Loss: 0.463677
Epoch 17 Batch 11 | Loss: 0.510276
Epoch 17 Batch 12 | Loss: 0.469833
Epoch 17 Batch 13 | Loss: 0.536721
  [STABILITY] Plateau detected. Reducing Learning Rate to 0.010000
--- Epoch 17/30 | Loss: 0.5017 | Train Acc: 92.0% | Test Acc: 94.2% | CM: [TP:82, TN:80, FP:6, FN:4] | Progress: 56.7% | ETA: 5.7s ---
Epoch 18 Batch 1 | Loss: 0.506611 | Stats: min: -0.334, max: 0.107, mean: -0.011
Epoch 18 Batch 2 | Loss: 0.517386
Epoch 18 Batch 3 | Loss: 0.516208
Epoch 18 Batch 4 | Loss: 0.478778
Epoch 18 Batch 5 | Loss: 0.456821
Epoch 18 Batch 6 | Loss: 0.523667
Epoch 18 Batch 7 | Loss: 0.475497
Epoch 18 Batch 8 | Loss: 0.488892
Epoch 18 Batch 9 | Loss: 0.488750
Epoch 18 Batch 10 | Loss: 0.490142
Epoch 18 Batch 11 | Loss: 0.503293
Epoch 18 Batch 12 | Loss: 0.489839
Epoch 18 Batch 13 | Loss: 0.541136
--- Epoch 18/30 | Loss: 0.4982 | Train Acc: 91.5% | Test Acc: 94.2% | CM: [TP:82, TN:80, FP:6, FN:4] | Progress: 60.0% | ETA: 4.8s ---
Epoch 19 Batch 1 | Loss: 0.507535 | Stats: min: -0.187, max: 0.301, mean: -0.000
Epoch 19 Batch 2 | Loss: 0.481947
Epoch 19 Batch 3 | Loss: 0.486635
Epoch 19 Batch 4 | Loss: 0.493406
Epoch 19 Batch 5 | Loss: 0.492013
Epoch 19 Batch 6 | Loss: 0.503533
Epoch 19 Batch 7 | Loss: 0.481203
Epoch 19 Batch 8 | Loss: 0.491296
Epoch 19 Batch 9 | Loss: 0.503840
Epoch 19 Batch 10 | Loss: 0.525459
Epoch 19 Batch 11 | Loss: 0.466364
Epoch 19 Batch 12 | Loss: 0.509939
Epoch 19 Batch 13 | Loss: 0.448789
--- Epoch 19/30 | Loss: 0.4917 | Train Acc: 92.0% | Test Acc: 94.2% | CM: [TP:82, TN:80, FP:6, FN:4] | Progress: 63.3% | ETA: 4.4s ---
Epoch 20 Batch 1 | Loss: 0.503312 | Stats: min: -0.444, max: 0.363, mean: -0.037
Epoch 20 Batch 2 | Loss: 0.486716
Epoch 20 Batch 3 | Loss: 0.479621
Epoch 20 Batch 4 | Loss: 0.472942
Epoch 20 Batch 5 | Loss: 0.497949
Epoch 20 Batch 6 | Loss: 0.468896
Epoch 20 Batch 7 | Loss: 0.475366
Epoch 20 Batch 8 | Loss: 0.496427
Epoch 20 Batch 9 | Loss: 0.511173
Epoch 20 Batch 10 | Loss: 0.531832
Epoch 20 Batch 11 | Loss: 0.490451
Epoch 20 Batch 12 | Loss: 0.498853
Epoch 20 Batch 13 | Loss: 0.490748
  [STABILITY] Plateau detected. Reducing Learning Rate to 0.005000
--- Epoch 20/30 | Loss: 0.4926 | Train Acc: 92.0% | Test Acc: 94.2% | CM: [TP:82, TN:80, FP:6, FN:4] | Progress: 66.7% | ETA: 3.5s ---
Epoch 21 Batch 1 | Loss: 0.473129 | Stats: min: -0.407, max: 0.358, mean: -0.012
Epoch 21 Batch 2 | Loss: 0.510038
Epoch 21 Batch 3 | Loss: 0.503609
Epoch 21 Batch 4 | Loss: 0.460813
Epoch 21 Batch 5 | Loss: 0.470977
Epoch 21 Batch 6 | Loss: 0.499374
Epoch 21 Batch 7 | Loss: 0.510740
Epoch 21 Batch 8 | Loss: 0.457496
Epoch 21 Batch 9 | Loss: 0.549116
Epoch 21 Batch 10 | Loss: 0.496007
Epoch 21 Batch 11 | Loss: 0.500613
Epoch 21 Batch 12 | Loss: 0.457957
Epoch 21 Batch 13 | Loss: 0.510654
--- Epoch 21/30 | Loss: 0.4923 | Train Acc: 92.0% | Test Acc: 93.6% | CM: [TP:81, TN:80, FP:6, FN:5] | Progress: 70.0% | ETA: 5.2s ---
Epoch 22 Batch 1 | Loss: 0.532254 | Stats: min: -0.471, max: 0.252, mean: -0.193
Epoch 22 Batch 2 | Loss: 0.486567
Epoch 22 Batch 3 | Loss: 0.508898
Epoch 22 Batch 4 | Loss: 0.469244
Epoch 22 Batch 5 | Loss: 0.499882
Epoch 22 Batch 6 | Loss: 0.490768
Epoch 22 Batch 7 | Loss: 0.445019
Epoch 22 Batch 8 | Loss: 0.486131
Epoch 22 Batch 9 | Loss: 0.512780
Epoch 22 Batch 10 | Loss: 0.530167
Epoch 22 Batch 11 | Loss: 0.451972
Epoch 22 Batch 12 | Loss: 0.454347
Epoch 22 Batch 13 | Loss: 0.519365
--- Epoch 22/30 | Loss: 0.4913 | Train Acc: 92.0% | Test Acc: 93.6% | CM: [TP:81, TN:80, FP:6, FN:5] | Progress: 73.3% | ETA: 5.3s ---
Epoch 23 Batch 1 | Loss: 0.512040 | Stats: min: -0.416, max: 0.082, mean: -0.244
Epoch 23 Batch 2 | Loss: 0.510161
Epoch 23 Batch 3 | Loss: 0.441671
Epoch 23 Batch 4 | Loss: 0.516667
Epoch 23 Batch 5 | Loss: 0.509932
Epoch 23 Batch 6 | Loss: 0.496252
Epoch 23 Batch 7 | Loss: 0.447118
Epoch 23 Batch 8 | Loss: 0.514260
Epoch 23 Batch 9 | Loss: 0.448555
Epoch 23 Batch 10 | Loss: 0.494396
Epoch 23 Batch 11 | Loss: 0.526321
Epoch 23 Batch 12 | Loss: 0.476108
Epoch 23 Batch 13 | Loss: 0.483399
  [STABILITY] Plateau detected. Reducing Learning Rate to 0.002500
--- Epoch 23/30 | Loss: 0.4905 | Train Acc: 91.5% | Test Acc: 93.0% | CM: [TP:80, TN:80, FP:6, FN:6] | Progress: 76.7% | ETA: 4.5s ---
Epoch 24 Batch 1 | Loss: 0.502690 | Stats: min: -0.224, max: 0.451, mean: 0.048
Epoch 24 Batch 2 | Loss: 0.511873
Epoch 24 Batch 3 | Loss: 0.485275
Epoch 24 Batch 4 | Loss: 0.506169
Epoch 24 Batch 5 | Loss: 0.494910
Epoch 24 Batch 6 | Loss: 0.482672
Epoch 24 Batch 7 | Loss: 0.470748
Epoch 24 Batch 8 | Loss: 0.510853
Epoch 24 Batch 9 | Loss: 0.478007
Epoch 24 Batch 10 | Loss: 0.474340
Epoch 24 Batch 11 | Loss: 0.512254
Epoch 24 Batch 12 | Loss: 0.447677
Epoch 24 Batch 13 | Loss: 0.495472
--- Epoch 24/30 | Loss: 0.4902 | Train Acc: 91.5% | Test Acc: 93.0% | CM: [TP:80, TN:80, FP:6, FN:6] | Progress: 80.0% | ETA: 3.5s ---
Epoch 25 Batch 1 | Loss: 0.479000 | Stats: min: -0.529, max: 0.032, mean: -0.256
Epoch 25 Batch 2 | Loss: 0.475760
Epoch 25 Batch 3 | Loss: 0.527324
Epoch 25 Batch 4 | Loss: 0.503835
Epoch 25 Batch 5 | Loss: 0.494740
Epoch 25 Batch 6 | Loss: 0.509094
Epoch 25 Batch 7 | Loss: 0.462191
Epoch 25 Batch 8 | Loss: 0.502246
Epoch 25 Batch 9 | Loss: 0.504755
Epoch 25 Batch 10 | Loss: 0.497284
Epoch 25 Batch 11 | Loss: 0.491448
Epoch 25 Batch 12 | Loss: 0.457989
Epoch 25 Batch 13 | Loss: 0.427512
--- Epoch 25/30 | Loss: 0.4872 | Train Acc: 91.0% | Test Acc: 92.4% | CM: [TP:79, TN:80, FP:6, FN:7] | Progress: 83.3% | ETA: 2.8s ---
Epoch 26 Batch 1 | Loss: 0.482788 | Stats: min: -0.402, max: -0.056, mean: -0.241
Epoch 26 Batch 2 | Loss: 0.493194
Epoch 26 Batch 3 | Loss: 0.463350
Epoch 26 Batch 4 | Loss: 0.490287
Epoch 26 Batch 5 | Loss: 0.479771
Epoch 26 Batch 6 | Loss: 0.505006
Epoch 26 Batch 7 | Loss: 0.492754
Epoch 26 Batch 8 | Loss: 0.492031
Epoch 26 Batch 9 | Loss: 0.527387
Epoch 26 Batch 10 | Loss: 0.455478
Epoch 26 Batch 11 | Loss: 0.498878
Epoch 26 Batch 12 | Loss: 0.482883
Epoch 26 Batch 13 | Loss: 0.511921
  [STABILITY] Plateau detected. Reducing Learning Rate to 0.001250
--- Epoch 26/30 | Loss: 0.4904 | Train Acc: 91.5% | Test Acc: 92.4% | CM: [TP:79, TN:80, FP:6, FN:7] | Progress: 86.7% | ETA: 2.2s ---
Epoch 27 Batch 1 | Loss: 0.508497 | Stats: min: -0.251, max: 0.590, mean: 0.218
Epoch 27 Batch 2 | Loss: 0.499740
Epoch 27 Batch 3 | Loss: 0.490384
Epoch 27 Batch 4 | Loss: 0.501005
Epoch 27 Batch 5 | Loss: 0.498862
Epoch 27 Batch 6 | Loss: 0.479175
Epoch 27 Batch 7 | Loss: 0.474178
Epoch 27 Batch 8 | Loss: 0.481901
Epoch 27 Batch 9 | Loss: 0.479064
Epoch 27 Batch 10 | Loss: 0.490255
Epoch 27 Batch 11 | Loss: 0.468725
Epoch 27 Batch 12 | Loss: 0.498179
Epoch 27 Batch 13 | Loss: 0.488813
--- Epoch 27/30 | Loss: 0.4891 | Train Acc: 91.5% | Test Acc: 92.4% | CM: [TP:79, TN:80, FP:6, FN:7] | Progress: 90.0% | ETA: 1.7s ---
Epoch 28 Batch 1 | Loss: 0.525041 | Stats: min: -0.402, max: 0.122, mean: -0.114
Epoch 28 Batch 2 | Loss: 0.484212
Epoch 28 Batch 3 | Loss: 0.507642
Epoch 28 Batch 4 | Loss: 0.504556
Epoch 28 Batch 5 | Loss: 0.469997
Epoch 28 Batch 6 | Loss: 0.470497
Epoch 28 Batch 7 | Loss: 0.479359
Epoch 28 Batch 8 | Loss: 0.482143
Epoch 28 Batch 9 | Loss: 0.486331
Epoch 28 Batch 10 | Loss: 0.487789
Epoch 28 Batch 11 | Loss: 0.509532
Epoch 28 Batch 12 | Loss: 0.464130
Epoch 28 Batch 13 | Loss: 0.488021
--- Epoch 28/30 | Loss: 0.4892 | Train Acc: 91.0% | Test Acc: 91.9% | CM: [TP:78, TN:80, FP:6, FN:8] | Progress: 93.3% | ETA: 1.1s ---
Epoch 29 Batch 1 | Loss: 0.468918 | Stats: min: -0.402, max: 0.287, mean: -0.181
Epoch 29 Batch 2 | Loss: 0.465116
Epoch 29 Batch 3 | Loss: 0.499029
Epoch 29 Batch 4 | Loss: 0.493230
Epoch 29 Batch 5 | Loss: 0.495094
Epoch 29 Batch 6 | Loss: 0.514833
Epoch 29 Batch 7 | Loss: 0.500953
Epoch 29 Batch 8 | Loss: 0.469283
Epoch 29 Batch 9 | Loss: 0.531374
Epoch 29 Batch 10 | Loss: 0.470712
Epoch 29 Batch 11 | Loss: 0.485021
Epoch 29 Batch 12 | Loss: 0.470115
Epoch 29 Batch 13 | Loss: 0.502768
  [STABILITY] Plateau detected. Reducing Learning Rate to 0.000625
--- Epoch 29/30 | Loss: 0.4897 | Train Acc: 91.5% | Test Acc: 91.9% | CM: [TP:78, TN:80, FP:6, FN:8] | Progress: 96.7% | ETA: 0.5s ---
Epoch 30 Batch 1 | Loss: 0.473832 | Stats: min: -0.327, max: 0.458, mean: 0.131
Epoch 30 Batch 2 | Loss: 0.472555
Epoch 30 Batch 3 | Loss: 0.448727
Epoch 30 Batch 4 | Loss: 0.533947
Epoch 30 Batch 5 | Loss: 0.522002
Epoch 30 Batch 6 | Loss: 0.491880
Epoch 30 Batch 7 | Loss: 0.492215
Epoch 30 Batch 8 | Loss: 0.483106
Epoch 30 Batch 9 | Loss: 0.511725
Epoch 30 Batch 10 | Loss: 0.477697
Epoch 30 Batch 11 | Loss: 0.499061
Epoch 30 Batch 12 | Loss: 0.476702
Epoch 30 Batch 13 | Loss: 0.452212
--- Epoch 30/30 | Loss: 0.4874 | Train Acc: 92.0% | Test Acc: 92.4% | CM: [TP:78, TN:81, FP:5, FN:8] | Progress: 100.0% | ETA: 0.0s ---

Final Best Test Accuracy: 94.19%


Best Quantum Test Accuracy: 0.942
