DEBUG: Qtrainer enters train_pure_quantum_cnn. Encoding: amplitude
  Class Weights: +1 (Target): 1.00 | -1 (Rest): 1.00
Starting Training
==================================================
Epoch 1 Batch 1 | Loss: 0.668336 | Stats: min: -0.300, max: -0.020, mean: -0.122
Epoch 1 Batch 2 | Loss: 0.696717
Epoch 1 Batch 3 | Loss: 0.632102
Epoch 1 Batch 4 | Loss: 0.659769
Epoch 1 Batch 5 | Loss: 0.646227
Epoch 1 Batch 6 | Loss: 0.639710
Epoch 1 Batch 7 | Loss: 0.601513
Epoch 1 Batch 8 | Loss: 0.633178
Epoch 1 Batch 9 | Loss: 0.591060
Epoch 1 Batch 10 | Loss: 0.613354
Epoch 1 Batch 11 | Loss: 0.584212
Epoch 1 Batch 12 | Loss: 0.577858
Epoch 1 Batch 13 | Loss: 0.562970
  [STABILITY] Test accuracy improved: 0.00% -> 64.53% (via EMA). Saving best params.
--- Epoch 1/30 | Loss: 0.6236 | Train Acc: 67.0% | Test Acc: 64.5% | CM: [TP:42, TN:69, FP:17, FN:44] | Progress: 3.3% | ETA: 373.5s ---
Epoch 2 Batch 1 | Loss: 0.615488 | Stats: min: -0.028, max: 0.344, mean: 0.187
Epoch 2 Batch 2 | Loss: 0.534134
Epoch 2 Batch 3 | Loss: 0.558823
Epoch 2 Batch 4 | Loss: 0.550848
Epoch 2 Batch 5 | Loss: 0.561294
Epoch 2 Batch 6 | Loss: 0.571140
Epoch 2 Batch 7 | Loss: 0.646804
Epoch 2 Batch 8 | Loss: 0.600566
Epoch 2 Batch 9 | Loss: 0.510897
Epoch 2 Batch 10 | Loss: 0.578512
Epoch 2 Batch 11 | Loss: 0.577081
Epoch 2 Batch 12 | Loss: 0.566900
Epoch 2 Batch 13 | Loss: 0.579807
  [STABILITY] Test accuracy improved: 64.53% -> 66.86% (via EMA). Saving best params.
--- Epoch 2/30 | Loss: 0.5733 | Train Acc: 71.0% | Test Acc: 66.9% | CM: [TP:49, TN:66, FP:20, FN:37] | Progress: 6.7% | ETA: 179.7s ---
Epoch 3 Batch 1 | Loss: 0.613038 | Stats: min: -0.417, max: 0.029, mean: -0.204
Epoch 3 Batch 2 | Loss: 0.543886
Epoch 3 Batch 3 | Loss: 0.538528
Epoch 3 Batch 4 | Loss: 0.567253
Epoch 3 Batch 5 | Loss: 0.593573
Epoch 3 Batch 6 | Loss: 0.546352
Epoch 3 Batch 7 | Loss: 0.569460
Epoch 3 Batch 8 | Loss: 0.535682
Epoch 3 Batch 9 | Loss: 0.564243
Epoch 3 Batch 10 | Loss: 0.506658
Epoch 3 Batch 11 | Loss: 0.532090
Epoch 3 Batch 12 | Loss: 0.498128
Epoch 3 Batch 13 | Loss: 0.464577
  [STABILITY] Test accuracy improved: 66.86% -> 69.19% (via EMA). Saving best params.
--- Epoch 3/30 | Loss: 0.5441 | Train Acc: 72.5% | Test Acc: 69.2% | CM: [TP:50, TN:69, FP:17, FN:36] | Progress: 10.0% | ETA: 115.5s ---
Epoch 4 Batch 1 | Loss: 0.543285 | Stats: min: -0.426, max: 0.429, mean: -0.101
Epoch 4 Batch 2 | Loss: 0.538911
Epoch 4 Batch 3 | Loss: 0.542861
Epoch 4 Batch 4 | Loss: 0.511738
Epoch 4 Batch 5 | Loss: 0.489760
Epoch 4 Batch 6 | Loss: 0.592996
Epoch 4 Batch 7 | Loss: 0.528171
Epoch 4 Batch 8 | Loss: 0.539234
Epoch 4 Batch 9 | Loss: 0.539991
Epoch 4 Batch 10 | Loss: 0.510210
Epoch 4 Batch 11 | Loss: 0.488307
Epoch 4 Batch 12 | Loss: 0.536436
Epoch 4 Batch 13 | Loss: 0.440982
  [STABILITY] Test accuracy improved: 69.19% -> 73.26% (via EMA). Saving best params.
--- Epoch 4/30 | Loss: 0.5233 | Train Acc: 75.0% | Test Acc: 73.3% | CM: [TP:56, TN:70, FP:16, FN:30] | Progress: 13.3% | ETA: 82.7s ---
Epoch 5 Batch 1 | Loss: 0.540979 | Stats: min: -0.551, max: 0.451, mean: -0.111
Epoch 5 Batch 2 | Loss: 0.544979
Epoch 5 Batch 3 | Loss: 0.533050
Epoch 5 Batch 4 | Loss: 0.548043
Epoch 5 Batch 5 | Loss: 0.496269
Epoch 5 Batch 6 | Loss: 0.530802
Epoch 5 Batch 7 | Loss: 0.538311
Epoch 5 Batch 8 | Loss: 0.450998
Epoch 5 Batch 9 | Loss: 0.499553
Epoch 5 Batch 10 | Loss: 0.552153
Epoch 5 Batch 11 | Loss: 0.517633
Epoch 5 Batch 12 | Loss: 0.503605
Epoch 5 Batch 13 | Loss: 0.458783
  [STABILITY] Test accuracy improved: 73.26% -> 76.74% (via EMA). Saving best params.
--- Epoch 5/30 | Loss: 0.5166 | Train Acc: 78.5% | Test Acc: 76.7% | CM: [TP:60, TN:72, FP:14, FN:26] | Progress: 16.7% | ETA: 65.3s ---
Epoch 6 Batch 1 | Loss: 0.484599 | Stats: min: -0.388, max: 0.591, mean: 0.171
Epoch 6 Batch 2 | Loss: 0.569069
Epoch 6 Batch 3 | Loss: 0.538444
Epoch 6 Batch 4 | Loss: 0.542138
Epoch 6 Batch 5 | Loss: 0.518576
Epoch 6 Batch 6 | Loss: 0.483286
Epoch 6 Batch 7 | Loss: 0.465739
Epoch 6 Batch 8 | Loss: 0.517692
Epoch 6 Batch 9 | Loss: 0.510122
Epoch 6 Batch 10 | Loss: 0.510403
Epoch 6 Batch 11 | Loss: 0.466088
Epoch 6 Batch 12 | Loss: 0.502920
Epoch 6 Batch 13 | Loss: 0.594862
  [STABILITY] Test accuracy improved: 76.74% -> 77.91% (via EMA). Saving best params.
--- Epoch 6/30 | Loss: 0.5157 | Train Acc: 81.0% | Test Acc: 77.9% | CM: [TP:62, TN:72, FP:14, FN:24] | Progress: 20.0% | ETA: 51.4s ---
Epoch 7 Batch 1 | Loss: 0.502154 | Stats: min: -0.106, max: 0.527, mean: 0.192
Epoch 7 Batch 2 | Loss: 0.490590
Epoch 7 Batch 3 | Loss: 0.519999
Epoch 7 Batch 4 | Loss: 0.529788
Epoch 7 Batch 5 | Loss: 0.514325
Epoch 7 Batch 6 | Loss: 0.477343
Epoch 7 Batch 7 | Loss: 0.525181
Epoch 7 Batch 8 | Loss: 0.487063
Epoch 7 Batch 9 | Loss: 0.484823
Epoch 7 Batch 10 | Loss: 0.549450
Epoch 7 Batch 11 | Loss: 0.535280
Epoch 7 Batch 12 | Loss: 0.508770
Epoch 7 Batch 13 | Loss: 0.466768
  [STABILITY] Test accuracy improved: 77.91% -> 79.65% (via EMA). Saving best params.
--- Epoch 7/30 | Loss: 0.5070 | Train Acc: 81.0% | Test Acc: 79.7% | CM: [TP:63, TN:74, FP:12, FN:23] | Progress: 23.3% | ETA: 42.2s ---
Epoch 8 Batch 1 | Loss: 0.534362 | Stats: min: -0.629, max: 0.444, mean: -0.184
Epoch 8 Batch 2 | Loss: 0.528597
Epoch 8 Batch 3 | Loss: 0.448328
Epoch 8 Batch 4 | Loss: 0.542136
Epoch 8 Batch 5 | Loss: 0.496325
Epoch 8 Batch 6 | Loss: 0.499949
Epoch 8 Batch 7 | Loss: 0.512255
Epoch 8 Batch 8 | Loss: 0.560407
Epoch 8 Batch 9 | Loss: 0.477964
Epoch 8 Batch 10 | Loss: 0.481900
Epoch 8 Batch 11 | Loss: 0.490508
Epoch 8 Batch 12 | Loss: 0.524879
Epoch 8 Batch 13 | Loss: 0.470590
--- Epoch 8/30 | Loss: 0.5052 | Train Acc: 82.5% | Test Acc: 79.7% | CM: [TP:63, TN:74, FP:12, FN:23] | Progress: 26.7% | ETA: 35.4s ---
Epoch 9 Batch 1 | Loss: 0.548574 | Stats: min: -0.244, max: 0.600, mean: 0.141
Epoch 9 Batch 2 | Loss: 0.531061
Epoch 9 Batch 3 | Loss: 0.548107
Epoch 9 Batch 4 | Loss: 0.469398
Epoch 9 Batch 5 | Loss: 0.507453
Epoch 9 Batch 6 | Loss: 0.436466
Epoch 9 Batch 7 | Loss: 0.548765
Epoch 9 Batch 8 | Loss: 0.510980
Epoch 9 Batch 9 | Loss: 0.458393
Epoch 9 Batch 10 | Loss: 0.499062
Epoch 9 Batch 11 | Loss: 0.439178
Epoch 9 Batch 12 | Loss: 0.494770
Epoch 9 Batch 13 | Loss: 0.522339
--- Epoch 9/30 | Loss: 0.5011 | Train Acc: 82.0% | Test Acc: 78.5% | CM: [TP:63, TN:72, FP:14, FN:23] | Progress: 30.0% | ETA: 29.9s ---
Epoch 10 Batch 1 | Loss: 0.566703 | Stats: min: -0.426, max: 0.527, mean: 0.007
Epoch 10 Batch 2 | Loss: 0.458617
Epoch 10 Batch 3 | Loss: 0.403108
Epoch 10 Batch 4 | Loss: 0.521842
Epoch 10 Batch 5 | Loss: 0.469579
Epoch 10 Batch 6 | Loss: 0.487127
Epoch 10 Batch 7 | Loss: 0.512087
Epoch 10 Batch 8 | Loss: 0.498759
Epoch 10 Batch 9 | Loss: 0.550665
Epoch 10 Batch 10 | Loss: 0.566429
Epoch 10 Batch 11 | Loss: 0.451914
Epoch 10 Batch 12 | Loss: 0.492392
Epoch 10 Batch 13 | Loss: 0.496937
  [STABILITY] Plateau detected. Reducing Learning Rate to 0.010000
--- Epoch 10/30 | Loss: 0.4982 | Train Acc: 82.5% | Test Acc: 77.9% | CM: [TP:63, TN:71, FP:15, FN:23] | Progress: 33.3% | ETA: 25.8s ---
Epoch 11 Batch 1 | Loss: 0.506577 | Stats: min: -0.576, max: 0.461, mean: -0.096
Epoch 11 Batch 2 | Loss: 0.568703
Epoch 11 Batch 3 | Loss: 0.414394
Epoch 11 Batch 4 | Loss: 0.474528
Epoch 11 Batch 5 | Loss: 0.509453
Epoch 11 Batch 6 | Loss: 0.532748
Epoch 11 Batch 7 | Loss: 0.536764
Epoch 11 Batch 8 | Loss: 0.486210
Epoch 11 Batch 9 | Loss: 0.415061
Epoch 11 Batch 10 | Loss: 0.542342
Epoch 11 Batch 11 | Loss: 0.497347
Epoch 11 Batch 12 | Loss: 0.440683
Epoch 11 Batch 13 | Loss: 0.529917
--- Epoch 11/30 | Loss: 0.4965 | Train Acc: 83.0% | Test Acc: 79.1% | CM: [TP:65, TN:71, FP:15, FN:21] | Progress: 36.7% | ETA: 21.9s ---
Epoch 12 Batch 1 | Loss: 0.498264 | Stats: min: -0.135, max: 0.520, mean: 0.038
Epoch 12 Batch 2 | Loss: 0.484099
Epoch 12 Batch 3 | Loss: 0.471284
Epoch 12 Batch 4 | Loss: 0.423910
Epoch 12 Batch 5 | Loss: 0.487581
Epoch 12 Batch 6 | Loss: 0.552044
Epoch 12 Batch 7 | Loss: 0.472791
Epoch 12 Batch 8 | Loss: 0.535629
Epoch 12 Batch 9 | Loss: 0.533561
Epoch 12 Batch 10 | Loss: 0.506848
Epoch 12 Batch 11 | Loss: 0.506778
Epoch 12 Batch 12 | Loss: 0.499929
Epoch 12 Batch 13 | Loss: 0.399378
--- Epoch 12/30 | Loss: 0.4902 | Train Acc: 83.0% | Test Acc: 79.7% | CM: [TP:66, TN:71, FP:15, FN:20] | Progress: 40.0% | ETA: 18.9s ---
Epoch 13 Batch 1 | Loss: 0.473051 | Stats: min: -0.303, max: 0.265, mean: 0.069
Epoch 13 Batch 2 | Loss: 0.552799
Epoch 13 Batch 3 | Loss: 0.461398
Epoch 13 Batch 4 | Loss: 0.515227
Epoch 13 Batch 5 | Loss: 0.479914
Epoch 13 Batch 6 | Loss: 0.474544
Epoch 13 Batch 7 | Loss: 0.467370
Epoch 13 Batch 8 | Loss: 0.499737
Epoch 13 Batch 9 | Loss: 0.506787
Epoch 13 Batch 10 | Loss: 0.490032
Epoch 13 Batch 11 | Loss: 0.470891
Epoch 13 Batch 12 | Loss: 0.530031
Epoch 13 Batch 13 | Loss: 0.480843
  [STABILITY] Plateau detected. Reducing Learning Rate to 0.005000
--- Epoch 13/30 | Loss: 0.4925 | Train Acc: 83.0% | Test Acc: 79.1% | CM: [TP:65, TN:71, FP:15, FN:21] | Progress: 43.3% | ETA: 16.6s ---
Epoch 14 Batch 1 | Loss: 0.439951 | Stats: min: -0.522, max: 0.046, mean: -0.125
Epoch 14 Batch 2 | Loss: 0.462832
Epoch 14 Batch 3 | Loss: 0.454837
Epoch 14 Batch 4 | Loss: 0.525230
Epoch 14 Batch 5 | Loss: 0.486852
Epoch 14 Batch 6 | Loss: 0.508152
Epoch 14 Batch 7 | Loss: 0.451041
Epoch 14 Batch 8 | Loss: 0.501508
Epoch 14 Batch 9 | Loss: 0.497511
Epoch 14 Batch 10 | Loss: 0.451792
Epoch 14 Batch 11 | Loss: 0.570877
Epoch 14 Batch 12 | Loss: 0.517992
Epoch 14 Batch 13 | Loss: 0.538154
--- Epoch 14/30 | Loss: 0.4928 | Train Acc: 83.0% | Test Acc: 79.1% | CM: [TP:65, TN:71, FP:15, FN:21] | Progress: 46.7% | ETA: 14.5s ---
Epoch 15 Batch 1 | Loss: 0.485630 | Stats: min: -0.030, max: 0.586, mean: 0.258
Epoch 15 Batch 2 | Loss: 0.526797
Epoch 15 Batch 3 | Loss: 0.470864
Epoch 15 Batch 4 | Loss: 0.453803
Epoch 15 Batch 5 | Loss: 0.395843
Epoch 15 Batch 6 | Loss: 0.479797
Epoch 15 Batch 7 | Loss: 0.608096
Epoch 15 Batch 8 | Loss: 0.530773
Epoch 15 Batch 9 | Loss: 0.450134
Epoch 15 Batch 10 | Loss: 0.496299
Epoch 15 Batch 11 | Loss: 0.513459
Epoch 15 Batch 12 | Loss: 0.458947
Epoch 15 Batch 13 | Loss: 0.503504
--- Epoch 15/30 | Loss: 0.4903 | Train Acc: 83.0% | Test Acc: 79.7% | CM: [TP:66, TN:71, FP:15, FN:20] | Progress: 50.0% | ETA: 12.9s ---
Epoch 16 Batch 1 | Loss: 0.506444 | Stats: min: -0.517, max: 0.183, mean: -0.144
Epoch 16 Batch 2 | Loss: 0.484067
Epoch 16 Batch 3 | Loss: 0.417992
Epoch 16 Batch 4 | Loss: 0.434709
Epoch 16 Batch 5 | Loss: 0.509205
Epoch 16 Batch 6 | Loss: 0.462431
Epoch 16 Batch 7 | Loss: 0.438655
Epoch 16 Batch 8 | Loss: 0.479613
Epoch 16 Batch 9 | Loss: 0.547802
Epoch 16 Batch 10 | Loss: 0.556204
Epoch 16 Batch 11 | Loss: 0.493664
Epoch 16 Batch 12 | Loss: 0.525690
Epoch 16 Batch 13 | Loss: 0.513596
  [STABILITY] Plateau detected. Reducing Learning Rate to 0.002500
--- Epoch 16/30 | Loss: 0.4900 | Train Acc: 83.0% | Test Acc: 79.7% | CM: [TP:66, TN:71, FP:15, FN:20] | Progress: 53.3% | ETA: 11.1s ---
Epoch 17 Batch 1 | Loss: 0.438373 | Stats: min: -0.209, max: 0.488, mean: 0.260
Epoch 17 Batch 2 | Loss: 0.538719
Epoch 17 Batch 3 | Loss: 0.445600
Epoch 17 Batch 4 | Loss: 0.428990
Epoch 17 Batch 5 | Loss: 0.469288
Epoch 17 Batch 6 | Loss: 0.474017
Epoch 17 Batch 7 | Loss: 0.503559
Epoch 17 Batch 8 | Loss: 0.516105
Epoch 17 Batch 9 | Loss: 0.479794
Epoch 17 Batch 10 | Loss: 0.463083
Epoch 17 Batch 11 | Loss: 0.481975
Epoch 17 Batch 12 | Loss: 0.620702
Epoch 17 Batch 13 | Loss: 0.475560
--- Epoch 17/30 | Loss: 0.4874 | Train Acc: 83.5% | Test Acc: 79.7% | CM: [TP:66, TN:71, FP:15, FN:20] | Progress: 56.7% | ETA: 9.8s ---
Epoch 18 Batch 1 | Loss: 0.484395 | Stats: min: -0.068, max: 0.512, mean: 0.267
Epoch 18 Batch 2 | Loss: 0.490207
Epoch 18 Batch 3 | Loss: 0.506833
Epoch 18 Batch 4 | Loss: 0.473523
Epoch 18 Batch 5 | Loss: 0.550304
Epoch 18 Batch 6 | Loss: 0.520220
Epoch 18 Batch 7 | Loss: 0.422345
Epoch 18 Batch 8 | Loss: 0.509818
Epoch 18 Batch 9 | Loss: 0.485231
Epoch 18 Batch 10 | Loss: 0.491814
Epoch 18 Batch 11 | Loss: 0.469608
Epoch 18 Batch 12 | Loss: 0.423674
Epoch 18 Batch 13 | Loss: 0.534999
  [STABILITY] Test accuracy improved: 79.65% -> 80.81% (via EMA). Saving best params.
--- Epoch 18/30 | Loss: 0.4895 | Train Acc: 82.5% | Test Acc: 80.8% | CM: [TP:68, TN:71, FP:15, FN:18] | Progress: 60.0% | ETA: 8.4s ---
Epoch 19 Batch 1 | Loss: 0.505995 | Stats: min: -0.183, max: 0.616, mean: 0.268
Epoch 19 Batch 2 | Loss: 0.505438
Epoch 19 Batch 3 | Loss: 0.510611
Epoch 19 Batch 4 | Loss: 0.438018
Epoch 19 Batch 5 | Loss: 0.445574
Epoch 19 Batch 6 | Loss: 0.447557
Epoch 19 Batch 7 | Loss: 0.536268
Epoch 19 Batch 8 | Loss: 0.499564
Epoch 19 Batch 9 | Loss: 0.468244
Epoch 19 Batch 10 | Loss: 0.486523
Epoch 19 Batch 11 | Loss: 0.544121
Epoch 19 Batch 12 | Loss: 0.466263
Epoch 19 Batch 13 | Loss: 0.466014
  [STABILITY] Test accuracy improved: 80.81% -> 81.40% (via EMA). Saving best params.
--- Epoch 19/30 | Loss: 0.4862 | Train Acc: 82.5% | Test Acc: 81.4% | CM: [TP:69, TN:71, FP:15, FN:17] | Progress: 63.3% | ETA: 7.4s ---
Epoch 20 Batch 1 | Loss: 0.484916 | Stats: min: -0.453, max: 0.208, mean: -0.065
Epoch 20 Batch 2 | Loss: 0.464006
Epoch 20 Batch 3 | Loss: 0.524027
Epoch 20 Batch 4 | Loss: 0.523722
Epoch 20 Batch 5 | Loss: 0.452679
Epoch 20 Batch 6 | Loss: 0.558509
Epoch 20 Batch 7 | Loss: 0.451447
Epoch 20 Batch 8 | Loss: 0.453745
Epoch 20 Batch 9 | Loss: 0.507986
Epoch 20 Batch 10 | Loss: 0.492935
Epoch 20 Batch 11 | Loss: 0.470319
Epoch 20 Batch 12 | Loss: 0.475355
Epoch 20 Batch 13 | Loss: 0.450689
--- Epoch 20/30 | Loss: 0.4854 | Train Acc: 82.5% | Test Acc: 81.4% | CM: [TP:69, TN:71, FP:15, FN:17] | Progress: 66.7% | ETA: 6.4s ---
Epoch 21 Batch 1 | Loss: 0.410457 | Stats: min: -0.604, max: 0.361, mean: -0.082
Epoch 21 Batch 2 | Loss: 0.541659
Epoch 21 Batch 3 | Loss: 0.498204
Epoch 21 Batch 4 | Loss: 0.510462
Epoch 21 Batch 5 | Loss: 0.547284
Epoch 21 Batch 6 | Loss: 0.512302
Epoch 21 Batch 7 | Loss: 0.472980
Epoch 21 Batch 8 | Loss: 0.496387
Epoch 21 Batch 9 | Loss: 0.512394
Epoch 21 Batch 10 | Loss: 0.479324
Epoch 21 Batch 11 | Loss: 0.441745
Epoch 21 Batch 12 | Loss: 0.433374
Epoch 21 Batch 13 | Loss: 0.440124
--- Epoch 21/30 | Loss: 0.4844 | Train Acc: 82.5% | Test Acc: 81.4% | CM: [TP:69, TN:71, FP:15, FN:17] | Progress: 70.0% | ETA: 5.5s ---
Epoch 22 Batch 1 | Loss: 0.472361 | Stats: min: -0.525, max: 0.454, mean: 0.055
Epoch 22 Batch 2 | Loss: 0.439494
Epoch 22 Batch 3 | Loss: 0.487121
Epoch 22 Batch 4 | Loss: 0.547950
Epoch 22 Batch 5 | Loss: 0.479720
Epoch 22 Batch 6 | Loss: 0.517527
Epoch 22 Batch 7 | Loss: 0.490285
Epoch 22 Batch 8 | Loss: 0.510788
Epoch 22 Batch 9 | Loss: 0.430606
Epoch 22 Batch 10 | Loss: 0.484439
Epoch 22 Batch 11 | Loss: 0.496223
Epoch 22 Batch 12 | Loss: 0.485634
Epoch 22 Batch 13 | Loss: 0.458487
  [STABILITY] Plateau detected. Reducing Learning Rate to 0.001250
--- Epoch 22/30 | Loss: 0.4847 | Train Acc: 82.5% | Test Acc: 81.4% | CM: [TP:69, TN:71, FP:15, FN:17] | Progress: 73.3% | ETA: 4.6s ---
Epoch 23 Batch 1 | Loss: 0.486823 | Stats: min: -0.365, max: 0.445, mean: -0.034
Epoch 23 Batch 2 | Loss: 0.393179
Epoch 23 Batch 3 | Loss: 0.416454
Epoch 23 Batch 4 | Loss: 0.448036
Epoch 23 Batch 5 | Loss: 0.518459
Epoch 23 Batch 6 | Loss: 0.468198
Epoch 23 Batch 7 | Loss: 0.510682
Epoch 23 Batch 8 | Loss: 0.444536
Epoch 23 Batch 9 | Loss: 0.486882
Epoch 23 Batch 10 | Loss: 0.497590
Epoch 23 Batch 11 | Loss: 0.560884
Epoch 23 Batch 12 | Loss: 0.547001
Epoch 23 Batch 13 | Loss: 0.583430
--- Epoch 23/30 | Loss: 0.4894 | Train Acc: 82.5% | Test Acc: 81.4% | CM: [TP:69, TN:71, FP:15, FN:17] | Progress: 76.7% | ETA: 3.9s ---
Epoch 24 Batch 1 | Loss: 0.547149 | Stats: min: -0.382, max: 0.515, mean: 0.049
Epoch 24 Batch 2 | Loss: 0.481706
Epoch 24 Batch 3 | Loss: 0.475419
Epoch 24 Batch 4 | Loss: 0.525947
Epoch 24 Batch 5 | Loss: 0.452255
Epoch 24 Batch 6 | Loss: 0.468391
Epoch 24 Batch 7 | Loss: 0.502725
Epoch 24 Batch 8 | Loss: 0.476313
Epoch 24 Batch 9 | Loss: 0.496488
Epoch 24 Batch 10 | Loss: 0.460211
Epoch 24 Batch 11 | Loss: 0.442219
Epoch 24 Batch 12 | Loss: 0.486387
Epoch 24 Batch 13 | Loss: 0.496223
--- Epoch 24/30 | Loss: 0.4855 | Train Acc: 82.5% | Test Acc: 81.4% | CM: [TP:69, TN:71, FP:15, FN:17] | Progress: 80.0% | ETA: 3.2s ---
Epoch 25 Batch 1 | Loss: 0.513655 | Stats: min: -0.547, max: 0.124, mean: -0.125
Epoch 25 Batch 2 | Loss: 0.479295
Epoch 25 Batch 3 | Loss: 0.446415
Epoch 25 Batch 4 | Loss: 0.619396
Epoch 25 Batch 5 | Loss: 0.435923
Epoch 25 Batch 6 | Loss: 0.475568
Epoch 25 Batch 7 | Loss: 0.479358
Epoch 25 Batch 8 | Loss: 0.474366
Epoch 25 Batch 9 | Loss: 0.432130
Epoch 25 Batch 10 | Loss: 0.488311
Epoch 25 Batch 11 | Loss: 0.559311
Epoch 25 Batch 12 | Loss: 0.430483
Epoch 25 Batch 13 | Loss: 0.452026
  [STABILITY] Plateau detected. Reducing Learning Rate to 0.000625
--- Epoch 25/30 | Loss: 0.4836 | Train Acc: 82.5% | Test Acc: 81.4% | CM: [TP:69, TN:71, FP:15, FN:17] | Progress: 83.3% | ETA: 2.6s ---
Epoch 26 Batch 1 | Loss: 0.546552 | Stats: min: -0.360, max: 0.296, mean: -0.071
Epoch 26 Batch 2 | Loss: 0.446053
Epoch 26 Batch 3 | Loss: 0.470847
Epoch 26 Batch 4 | Loss: 0.489626
Epoch 26 Batch 5 | Loss: 0.555533
Epoch 26 Batch 6 | Loss: 0.393275
Epoch 26 Batch 7 | Loss: 0.577665
Epoch 26 Batch 8 | Loss: 0.480532
Epoch 26 Batch 9 | Loss: 0.479088
Epoch 26 Batch 10 | Loss: 0.461845
Epoch 26 Batch 11 | Loss: 0.441101
Epoch 26 Batch 12 | Loss: 0.478099
Epoch 26 Batch 13 | Loss: 0.472486
--- Epoch 26/30 | Loss: 0.4841 | Train Acc: 82.5% | Test Acc: 81.4% | CM: [TP:69, TN:71, FP:15, FN:17] | Progress: 86.7% | ETA: 1.9s ---
Epoch 27 Batch 1 | Loss: 0.435805 | Stats: min: -0.479, max: 0.595, mean: -0.102
Epoch 27 Batch 2 | Loss: 0.421107
Epoch 27 Batch 3 | Loss: 0.499143
Epoch 27 Batch 4 | Loss: 0.498978
Epoch 27 Batch 5 | Loss: 0.521530
Epoch 27 Batch 6 | Loss: 0.500691
Epoch 27 Batch 7 | Loss: 0.538301
Epoch 27 Batch 8 | Loss: 0.444856
Epoch 27 Batch 9 | Loss: 0.527973
Epoch 27 Batch 10 | Loss: 0.455563
Epoch 27 Batch 11 | Loss: 0.469885
Epoch 27 Batch 12 | Loss: 0.480445
Epoch 27 Batch 13 | Loss: 0.528880
--- Epoch 27/30 | Loss: 0.4864 | Train Acc: 83.0% | Test Acc: 81.4% | CM: [TP:69, TN:71, FP:15, FN:17] | Progress: 90.0% | ETA: 1.4s ---
Epoch 28 Batch 1 | Loss: 0.425487 | Stats: min: -0.191, max: 0.396, mean: 0.139
Epoch 28 Batch 2 | Loss: 0.502746
Epoch 28 Batch 3 | Loss: 0.563495
Epoch 28 Batch 4 | Loss: 0.521603
Epoch 28 Batch 5 | Loss: 0.421385
Epoch 28 Batch 6 | Loss: 0.481321
Epoch 28 Batch 7 | Loss: 0.495394
Epoch 28 Batch 8 | Loss: 0.482210
Epoch 28 Batch 9 | Loss: 0.429875
Epoch 28 Batch 10 | Loss: 0.476907
Epoch 28 Batch 11 | Loss: 0.526691
Epoch 28 Batch 12 | Loss: 0.487445
Epoch 28 Batch 13 | Loss: 0.478499
  [STABILITY] Plateau detected. Reducing Learning Rate to 0.000313
--- Epoch 28/30 | Loss: 0.4841 | Train Acc: 82.0% | Test Acc: 80.2% | CM: [TP:67, TN:71, FP:15, FN:19] | Progress: 93.3% | ETA: 0.9s ---
Epoch 29 Batch 1 | Loss: 0.504197 | Stats: min: -0.294, max: 0.301, mean: -0.097
Epoch 29 Batch 2 | Loss: 0.392176
Epoch 29 Batch 3 | Loss: 0.509617
Epoch 29 Batch 4 | Loss: 0.479794
Epoch 29 Batch 5 | Loss: 0.482155
Epoch 29 Batch 6 | Loss: 0.478336
Epoch 29 Batch 7 | Loss: 0.476984
Epoch 29 Batch 8 | Loss: 0.506572
Epoch 29 Batch 9 | Loss: 0.492052
Epoch 29 Batch 10 | Loss: 0.467193
Epoch 29 Batch 11 | Loss: 0.505345
Epoch 29 Batch 12 | Loss: 0.528910
Epoch 29 Batch 13 | Loss: 0.456170
--- Epoch 29/30 | Loss: 0.4830 | Train Acc: 82.0% | Test Acc: 80.2% | CM: [TP:67, TN:71, FP:15, FN:19] | Progress: 96.7% | ETA: 0.4s ---
Epoch 30 Batch 1 | Loss: 0.537796 | Stats: min: -0.379, max: 0.612, mean: 0.129
Epoch 30 Batch 2 | Loss: 0.463269
Epoch 30 Batch 3 | Loss: 0.470127
Epoch 30 Batch 4 | Loss: 0.520834
Epoch 30 Batch 5 | Loss: 0.468806
Epoch 30 Batch 6 | Loss: 0.464223
Epoch 30 Batch 7 | Loss: 0.518801
Epoch 30 Batch 8 | Loss: 0.492858
Epoch 30 Batch 9 | Loss: 0.432659
Epoch 30 Batch 10 | Loss: 0.468421
Epoch 30 Batch 11 | Loss: 0.514480
Epoch 30 Batch 12 | Loss: 0.466359
Epoch 30 Batch 13 | Loss: 0.465977
--- Epoch 30/30 | Loss: 0.4834 | Train Acc: 82.0% | Test Acc: 80.2% | CM: [TP:67, TN:71, FP:15, FN:19] | Progress: 100.0% | ETA: 0.0s ---

Final Best Test Accuracy: 81.40%


Best Quantum Test Accuracy: 0.814
