DEBUG: Qtrainer enters train_pure_quantum_cnn. Encoding: amplitude
  Class Weights: +1 (Target): 1.00 | -1 (Rest): 1.00
Starting Training
==================================================
Epoch 1 Batch 1 | Loss: 0.693727 | Stats: min: -0.115, max: 0.041, mean: -0.025
Epoch 1 Batch 2 | Loss: 0.649940
Epoch 1 Batch 3 | Loss: 0.636916
Epoch 1 Batch 4 | Loss: 0.641785
Epoch 1 Batch 5 | Loss: 0.628319
Epoch 1 Batch 6 | Loss: 0.608316
Epoch 1 Batch 7 | Loss: 0.618056
Epoch 1 Batch 8 | Loss: 0.608984
Epoch 1 Batch 9 | Loss: 0.621122
Epoch 1 Batch 10 | Loss: 0.601632
Epoch 1 Batch 11 | Loss: 0.597272
Epoch 1 Batch 12 | Loss: 0.613289
Epoch 1 Batch 13 | Loss: 0.578246
  [STABILITY] Test accuracy improved: 0.00% -> 66.86% (via EMA). Saving best params.
--- Epoch 1/30 | Loss: 0.6229 | Train Acc: 65.5% | Test Acc: 66.9% | CM: [TP:60, TN:55, FP:31, FN:26] | Progress: 3.3% | ETA: 215.7s ---
Epoch 2 Batch 1 | Loss: 0.597496 | Stats: min: -0.235, max: 0.173, mean: 0.027
Epoch 2 Batch 2 | Loss: 0.593078
Epoch 2 Batch 3 | Loss: 0.580651
Epoch 2 Batch 4 | Loss: 0.523398
Epoch 2 Batch 5 | Loss: 0.556859
Epoch 2 Batch 6 | Loss: 0.560171
Epoch 2 Batch 7 | Loss: 0.567996
Epoch 2 Batch 8 | Loss: 0.525124
Epoch 2 Batch 9 | Loss: 0.549962
Epoch 2 Batch 10 | Loss: 0.594736
Epoch 2 Batch 11 | Loss: 0.595018
Epoch 2 Batch 12 | Loss: 0.547535
Epoch 2 Batch 13 | Loss: 0.585491
  [STABILITY] Test accuracy improved: 66.86% -> 76.16% (via EMA). Saving best params.
--- Epoch 2/30 | Loss: 0.5675 | Train Acc: 71.5% | Test Acc: 76.2% | CM: [TP:66, TN:65, FP:21, FN:20] | Progress: 6.7% | ETA: 154.5s ---
Epoch 3 Batch 1 | Loss: 0.572683 | Stats: min: -0.210, max: 0.117, mean: -0.056
Epoch 3 Batch 2 | Loss: 0.598902
Epoch 3 Batch 3 | Loss: 0.538790
Epoch 3 Batch 4 | Loss: 0.539450
Epoch 3 Batch 5 | Loss: 0.513368
Epoch 3 Batch 6 | Loss: 0.547603
Epoch 3 Batch 7 | Loss: 0.485989
Epoch 3 Batch 8 | Loss: 0.556433
Epoch 3 Batch 9 | Loss: 0.525676
Epoch 3 Batch 10 | Loss: 0.541632
Epoch 3 Batch 11 | Loss: 0.529599
Epoch 3 Batch 12 | Loss: 0.575872
Epoch 3 Batch 13 | Loss: 0.569271
  [STABILITY] Test accuracy improved: 76.16% -> 83.72% (via EMA). Saving best params.
--- Epoch 3/30 | Loss: 0.5458 | Train Acc: 79.5% | Test Acc: 83.7% | CM: [TP:72, TN:72, FP:14, FN:14] | Progress: 10.0% | ETA: 90.7s ---
Epoch 4 Batch 1 | Loss: 0.547006 | Stats: min: -0.214, max: 0.246, mean: -0.016
Epoch 4 Batch 2 | Loss: 0.565373
Epoch 4 Batch 3 | Loss: 0.494502
Epoch 4 Batch 4 | Loss: 0.526515
Epoch 4 Batch 5 | Loss: 0.513181
Epoch 4 Batch 6 | Loss: 0.563874
Epoch 4 Batch 7 | Loss: 0.533747
Epoch 4 Batch 8 | Loss: 0.532186
Epoch 4 Batch 9 | Loss: 0.524745
Epoch 4 Batch 10 | Loss: 0.524793
Epoch 4 Batch 11 | Loss: 0.511179
Epoch 4 Batch 12 | Loss: 0.554432
Epoch 4 Batch 13 | Loss: 0.537521
  [STABILITY] Test accuracy improved: 83.72% -> 86.05% (via EMA). Saving best params.
--- Epoch 4/30 | Loss: 0.5330 | Train Acc: 85.5% | Test Acc: 86.0% | CM: [TP:74, TN:74, FP:12, FN:12] | Progress: 13.3% | ETA: 57.4s ---
Epoch 5 Batch 1 | Loss: 0.541173 | Stats: min: -0.096, max: 0.160, mean: 0.010
Epoch 5 Batch 2 | Loss: 0.510929
Epoch 5 Batch 3 | Loss: 0.512870
Epoch 5 Batch 4 | Loss: 0.523723
Epoch 5 Batch 5 | Loss: 0.506175
Epoch 5 Batch 6 | Loss: 0.532226
Epoch 5 Batch 7 | Loss: 0.561079
Epoch 5 Batch 8 | Loss: 0.540317
Epoch 5 Batch 9 | Loss: 0.565780
Epoch 5 Batch 10 | Loss: 0.540514
Epoch 5 Batch 11 | Loss: 0.503419
Epoch 5 Batch 12 | Loss: 0.485044
Epoch 5 Batch 13 | Loss: 0.540222
  [STABILITY] Test accuracy improved: 86.05% -> 89.53% (via EMA). Saving best params.
--- Epoch 5/30 | Loss: 0.5280 | Train Acc: 88.0% | Test Acc: 89.5% | CM: [TP:75, TN:79, FP:7, FN:11] | Progress: 16.7% | ETA: 39.8s ---
Epoch 6 Batch 1 | Loss: 0.502898 | Stats: min: -0.407, max: 0.042, mean: -0.220
Epoch 6 Batch 2 | Loss: 0.569098
Epoch 6 Batch 3 | Loss: 0.538185
Epoch 6 Batch 4 | Loss: 0.513012
Epoch 6 Batch 5 | Loss: 0.525053
Epoch 6 Batch 6 | Loss: 0.492220
Epoch 6 Batch 7 | Loss: 0.526622
Epoch 6 Batch 8 | Loss: 0.523245
Epoch 6 Batch 9 | Loss: 0.481202
Epoch 6 Batch 10 | Loss: 0.521179
Epoch 6 Batch 11 | Loss: 0.515938
Epoch 6 Batch 12 | Loss: 0.551782
Epoch 6 Batch 13 | Loss: 0.515879
  [STABILITY] Test accuracy improved: 89.53% -> 91.86% (via EMA). Saving best params.
--- Epoch 6/30 | Loss: 0.5213 | Train Acc: 90.0% | Test Acc: 91.9% | CM: [TP:79, TN:79, FP:7, FN:7] | Progress: 20.0% | ETA: 53.3s ---
Epoch 7 Batch 1 | Loss: 0.518001 | Stats: min: -0.189, max: 0.147, mean: -0.019
Epoch 7 Batch 2 | Loss: 0.520523
Epoch 7 Batch 3 | Loss: 0.526471
Epoch 7 Batch 4 | Loss: 0.518916
Epoch 7 Batch 5 | Loss: 0.528172
Epoch 7 Batch 6 | Loss: 0.502604
Epoch 7 Batch 7 | Loss: 0.520772
Epoch 7 Batch 8 | Loss: 0.562846
Epoch 7 Batch 9 | Loss: 0.498209
Epoch 7 Batch 10 | Loss: 0.506083
Epoch 7 Batch 11 | Loss: 0.506696
Epoch 7 Batch 12 | Loss: 0.511671
Epoch 7 Batch 13 | Loss: 0.490253
  [STABILITY] Test accuracy improved: 91.86% -> 93.60% (via EMA). Saving best params.
--- Epoch 7/30 | Loss: 0.5162 | Train Acc: 89.5% | Test Acc: 93.6% | CM: [TP:81, TN:80, FP:6, FN:5] | Progress: 23.3% | ETA: 55.8s ---
Epoch 8 Batch 1 | Loss: 0.518773 | Stats: min: -0.342, max: 0.048, mean: -0.203
Epoch 8 Batch 2 | Loss: 0.498836
Epoch 8 Batch 3 | Loss: 0.497642
Epoch 8 Batch 4 | Loss: 0.512523
Epoch 8 Batch 5 | Loss: 0.522525
Epoch 8 Batch 6 | Loss: 0.525397
Epoch 8 Batch 7 | Loss: 0.516872
Epoch 8 Batch 8 | Loss: 0.513519
Epoch 8 Batch 9 | Loss: 0.505352
Epoch 8 Batch 10 | Loss: 0.538009
Epoch 8 Batch 11 | Loss: 0.493356
Epoch 8 Batch 12 | Loss: 0.496403
Epoch 8 Batch 13 | Loss: 0.520932
--- Epoch 8/30 | Loss: 0.5123 | Train Acc: 91.0% | Test Acc: 93.0% | CM: [TP:79, TN:81, FP:5, FN:7] | Progress: 26.7% | ETA: 43.8s ---
Epoch 9 Batch 1 | Loss: 0.513326 | Stats: min: 0.156, max: 0.427, mean: 0.269
Epoch 9 Batch 2 | Loss: 0.557279
Epoch 9 Batch 3 | Loss: 0.497159
Epoch 9 Batch 4 | Loss: 0.471417
Epoch 9 Batch 5 | Loss: 0.577169
Epoch 9 Batch 6 | Loss: 0.508923
Epoch 9 Batch 7 | Loss: 0.445192
Epoch 9 Batch 8 | Loss: 0.540094
Epoch 9 Batch 9 | Loss: 0.480144
Epoch 9 Batch 10 | Loss: 0.507827
Epoch 9 Batch 11 | Loss: 0.523280
Epoch 9 Batch 12 | Loss: 0.513497
Epoch 9 Batch 13 | Loss: 0.490553
--- Epoch 9/30 | Loss: 0.5097 | Train Acc: 91.5% | Test Acc: 91.3% | CM: [TP:76, TN:81, FP:5, FN:10] | Progress: 30.0% | ETA: 35.9s ---
Epoch 10 Batch 1 | Loss: 0.516112 | Stats: min: -0.406, max: 0.414, mean: 0.086
Epoch 10 Batch 2 | Loss: 0.521682
Epoch 10 Batch 3 | Loss: 0.504432
Epoch 10 Batch 4 | Loss: 0.487963
Epoch 10 Batch 5 | Loss: 0.494122
Epoch 10 Batch 6 | Loss: 0.483298
Epoch 10 Batch 7 | Loss: 0.487692
Epoch 10 Batch 8 | Loss: 0.517999
Epoch 10 Batch 9 | Loss: 0.504776
Epoch 10 Batch 10 | Loss: 0.555561
Epoch 10 Batch 11 | Loss: 0.527394
Epoch 10 Batch 12 | Loss: 0.477764
Epoch 10 Batch 13 | Loss: 0.462428
  [STABILITY] Plateau detected. Reducing Learning Rate to 0.010000
--- Epoch 10/30 | Loss: 0.5032 | Train Acc: 91.5% | Test Acc: 91.3% | CM: [TP:76, TN:81, FP:5, FN:10] | Progress: 33.3% | ETA: 29.5s ---
Epoch 11 Batch 1 | Loss: 0.505172 | Stats: min: -0.251, max: 0.260, mean: -0.003
Epoch 11 Batch 2 | Loss: 0.484749
Epoch 11 Batch 3 | Loss: 0.531293
Epoch 11 Batch 4 | Loss: 0.508359
Epoch 11 Batch 5 | Loss: 0.509412
Epoch 11 Batch 6 | Loss: 0.491902
Epoch 11 Batch 7 | Loss: 0.486107
Epoch 11 Batch 8 | Loss: 0.511261
Epoch 11 Batch 9 | Loss: 0.507407
Epoch 11 Batch 10 | Loss: 0.494252
Epoch 11 Batch 11 | Loss: 0.478070
Epoch 11 Batch 12 | Loss: 0.489567
Epoch 11 Batch 13 | Loss: 0.489700
--- Epoch 11/30 | Loss: 0.4990 | Train Acc: 92.5% | Test Acc: 91.9% | CM: [TP:75, TN:83, FP:3, FN:11] | Progress: 36.7% | ETA: 26.5s ---
Epoch 12 Batch 1 | Loss: 0.492129 | Stats: min: -0.421, max: -0.059, mean: -0.245
Epoch 12 Batch 2 | Loss: 0.505964
Epoch 12 Batch 3 | Loss: 0.528356
Epoch 12 Batch 4 | Loss: 0.519994
Epoch 12 Batch 5 | Loss: 0.479047
Epoch 12 Batch 6 | Loss: 0.468102
Epoch 12 Batch 7 | Loss: 0.515775
Epoch 12 Batch 8 | Loss: 0.490339
Epoch 12 Batch 9 | Loss: 0.480608
Epoch 12 Batch 10 | Loss: 0.468641
Epoch 12 Batch 11 | Loss: 0.539373
Epoch 12 Batch 12 | Loss: 0.495271
Epoch 12 Batch 13 | Loss: 0.483899
--- Epoch 12/30 | Loss: 0.4975 | Train Acc: 92.5% | Test Acc: 91.3% | CM: [TP:73, TN:84, FP:2, FN:13] | Progress: 40.0% | ETA: 23.8s ---
Epoch 13 Batch 1 | Loss: 0.499159 | Stats: min: -0.472, max: 0.191, mean: -0.183
Epoch 13 Batch 2 | Loss: 0.498519
Epoch 13 Batch 3 | Loss: 0.478880
Epoch 13 Batch 4 | Loss: 0.496051
Epoch 13 Batch 5 | Loss: 0.453275
Epoch 13 Batch 6 | Loss: 0.476416
Epoch 13 Batch 7 | Loss: 0.559449
Epoch 13 Batch 8 | Loss: 0.520590
Epoch 13 Batch 9 | Loss: 0.471749
Epoch 13 Batch 10 | Loss: 0.464092
Epoch 13 Batch 11 | Loss: 0.500158
Epoch 13 Batch 12 | Loss: 0.521945
Epoch 13 Batch 13 | Loss: 0.547553
  [STABILITY] Plateau detected. Reducing Learning Rate to 0.005000
--- Epoch 13/30 | Loss: 0.4991 | Train Acc: 92.5% | Test Acc: 91.9% | CM: [TP:73, TN:85, FP:1, FN:13] | Progress: 43.3% | ETA: 19.8s ---
Epoch 14 Batch 1 | Loss: 0.517441 | Stats: min: -0.310, max: 0.068, mean: -0.090
Epoch 14 Batch 2 | Loss: 0.499593
Epoch 14 Batch 3 | Loss: 0.482214
Epoch 14 Batch 4 | Loss: 0.482680
Epoch 14 Batch 5 | Loss: 0.528216
Epoch 14 Batch 6 | Loss: 0.525132
Epoch 14 Batch 7 | Loss: 0.469558
Epoch 14 Batch 8 | Loss: 0.484366
Epoch 14 Batch 9 | Loss: 0.468898
Epoch 14 Batch 10 | Loss: 0.481011
Epoch 14 Batch 11 | Loss: 0.462496
Epoch 14 Batch 12 | Loss: 0.551271
Epoch 14 Batch 13 | Loss: 0.444514
--- Epoch 14/30 | Loss: 0.4921 | Train Acc: 92.5% | Test Acc: 91.3% | CM: [TP:72, TN:85, FP:1, FN:14] | Progress: 46.7% | ETA: 16.5s ---
Epoch 15 Batch 1 | Loss: 0.480783 | Stats: min: 0.167, max: 0.532, mean: 0.269
Epoch 15 Batch 2 | Loss: 0.513004
Epoch 15 Batch 3 | Loss: 0.470199
Epoch 15 Batch 4 | Loss: 0.490731
Epoch 15 Batch 5 | Loss: 0.492086
Epoch 15 Batch 6 | Loss: 0.483125
Epoch 15 Batch 7 | Loss: 0.494095
Epoch 15 Batch 8 | Loss: 0.500294
Epoch 15 Batch 9 | Loss: 0.502641
Epoch 15 Batch 10 | Loss: 0.519945
Epoch 15 Batch 11 | Loss: 0.497356
Epoch 15 Batch 12 | Loss: 0.481855
Epoch 15 Batch 13 | Loss: 0.478911
--- Epoch 15/30 | Loss: 0.4927 | Train Acc: 92.5% | Test Acc: 91.3% | CM: [TP:72, TN:85, FP:1, FN:14] | Progress: 50.0% | ETA: 13.7s ---
Epoch 16 Batch 1 | Loss: 0.496587 | Stats: min: -0.369, max: 0.161, mean: -0.182
Epoch 16 Batch 2 | Loss: 0.458975
Epoch 16 Batch 3 | Loss: 0.484413
Epoch 16 Batch 4 | Loss: 0.477160
Epoch 16 Batch 5 | Loss: 0.509318
Epoch 16 Batch 6 | Loss: 0.511086
Epoch 16 Batch 7 | Loss: 0.516391
Epoch 16 Batch 8 | Loss: 0.476030
Epoch 16 Batch 9 | Loss: 0.490178
Epoch 16 Batch 10 | Loss: 0.504526
Epoch 16 Batch 11 | Loss: 0.480510
Epoch 16 Batch 12 | Loss: 0.504484
Epoch 16 Batch 13 | Loss: 0.516599
  [STABILITY] Plateau detected. Reducing Learning Rate to 0.002500
--- Epoch 16/30 | Loss: 0.4943 | Train Acc: 92.0% | Test Acc: 91.3% | CM: [TP:72, TN:85, FP:1, FN:14] | Progress: 53.3% | ETA: 9.8s ---
Epoch 17 Batch 1 | Loss: 0.526232 | Stats: min: -0.198, max: 0.421, mean: 0.023
Epoch 17 Batch 2 | Loss: 0.523873
Epoch 17 Batch 3 | Loss: 0.487039
Epoch 17 Batch 4 | Loss: 0.492156
Epoch 17 Batch 5 | Loss: 0.474684
Epoch 17 Batch 6 | Loss: 0.480233
Epoch 17 Batch 7 | Loss: 0.488962
Epoch 17 Batch 8 | Loss: 0.493656
Epoch 17 Batch 9 | Loss: 0.517844
Epoch 17 Batch 10 | Loss: 0.490332
Epoch 17 Batch 11 | Loss: 0.465546
Epoch 17 Batch 12 | Loss: 0.471097
Epoch 17 Batch 13 | Loss: 0.463995
--- Epoch 17/30 | Loss: 0.4904 | Train Acc: 91.5% | Test Acc: 91.3% | CM: [TP:72, TN:85, FP:1, FN:14] | Progress: 56.7% | ETA: 8.5s ---
Epoch 18 Batch 1 | Loss: 0.504718 | Stats: min: -0.505, max: 0.475, mean: -0.168
Epoch 18 Batch 2 | Loss: 0.473182
Epoch 18 Batch 3 | Loss: 0.514437
Epoch 18 Batch 4 | Loss: 0.492891
Epoch 18 Batch 5 | Loss: 0.491446
Epoch 18 Batch 6 | Loss: 0.545904
Epoch 18 Batch 7 | Loss: 0.468633
Epoch 18 Batch 8 | Loss: 0.441399
Epoch 18 Batch 9 | Loss: 0.503776
Epoch 18 Batch 10 | Loss: 0.500548
Epoch 18 Batch 11 | Loss: 0.513354
Epoch 18 Batch 12 | Loss: 0.454068
Epoch 18 Batch 13 | Loss: 0.485627
--- Epoch 18/30 | Loss: 0.4915 | Train Acc: 91.5% | Test Acc: 91.3% | CM: [TP:72, TN:85, FP:1, FN:14] | Progress: 60.0% | ETA: 8.4s ---
Epoch 19 Batch 1 | Loss: 0.485952 | Stats: min: -0.201, max: 0.389, mean: 0.091
Epoch 19 Batch 2 | Loss: 0.515227
Epoch 19 Batch 3 | Loss: 0.452192
Epoch 19 Batch 4 | Loss: 0.489829
Epoch 19 Batch 5 | Loss: 0.493789
Epoch 19 Batch 6 | Loss: 0.520268
Epoch 19 Batch 7 | Loss: 0.491067
Epoch 19 Batch 8 | Loss: 0.512892
Epoch 19 Batch 9 | Loss: 0.520147
Epoch 19 Batch 10 | Loss: 0.440145
Epoch 19 Batch 11 | Loss: 0.481662
Epoch 19 Batch 12 | Loss: 0.494856
Epoch 19 Batch 13 | Loss: 0.481509
  [STABILITY] Plateau detected. Reducing Learning Rate to 0.001250
--- Epoch 19/30 | Loss: 0.4907 | Train Acc: 91.5% | Test Acc: 91.3% | CM: [TP:72, TN:85, FP:1, FN:14] | Progress: 63.3% | ETA: 4.5s ---
Epoch 20 Batch 1 | Loss: 0.491718 | Stats: min: -0.479, max: 0.477, mean: -0.136
Epoch 20 Batch 2 | Loss: 0.510509
Epoch 20 Batch 3 | Loss: 0.526541
Epoch 20 Batch 4 | Loss: 0.526381
Epoch 20 Batch 5 | Loss: 0.480917
Epoch 20 Batch 6 | Loss: 0.462872
Epoch 20 Batch 7 | Loss: 0.503026
Epoch 20 Batch 8 | Loss: 0.486585
Epoch 20 Batch 9 | Loss: 0.463373
Epoch 20 Batch 10 | Loss: 0.489592
Epoch 20 Batch 11 | Loss: 0.455581
Epoch 20 Batch 12 | Loss: 0.505464
Epoch 20 Batch 13 | Loss: 0.458654
--- Epoch 20/30 | Loss: 0.4893 | Train Acc: 91.5% | Test Acc: 91.3% | CM: [TP:72, TN:85, FP:1, FN:14] | Progress: 66.7% | ETA: 5.0s ---
Epoch 21 Batch 1 | Loss: 0.495621 | Stats: min: -0.339, max: -0.069, mean: -0.231
Epoch 21 Batch 2 | Loss: 0.556041
Epoch 21 Batch 3 | Loss: 0.469598
Epoch 21 Batch 4 | Loss: 0.472578
Epoch 21 Batch 5 | Loss: 0.505144
Epoch 21 Batch 6 | Loss: 0.460622
Epoch 21 Batch 7 | Loss: 0.497308
Epoch 21 Batch 8 | Loss: 0.479791
Epoch 21 Batch 9 | Loss: 0.490233
Epoch 21 Batch 10 | Loss: 0.481696
Epoch 21 Batch 11 | Loss: 0.452808
Epoch 21 Batch 12 | Loss: 0.549079
Epoch 21 Batch 13 | Loss: 0.440620
--- Epoch 21/30 | Loss: 0.4885 | Train Acc: 92.0% | Test Acc: 91.3% | CM: [TP:72, TN:85, FP:1, FN:14] | Progress: 70.0% | ETA: 5.2s ---
Epoch 22 Batch 1 | Loss: 0.506183 | Stats: min: -0.284, max: -0.103, mean: -0.196
Epoch 22 Batch 2 | Loss: 0.500369
Epoch 22 Batch 3 | Loss: 0.486259
Epoch 22 Batch 4 | Loss: 0.486987
Epoch 22 Batch 5 | Loss: 0.498048
Epoch 22 Batch 6 | Loss: 0.510469
Epoch 22 Batch 7 | Loss: 0.483989
Epoch 22 Batch 8 | Loss: 0.463318
Epoch 22 Batch 9 | Loss: 0.514149
Epoch 22 Batch 10 | Loss: 0.456394
Epoch 22 Batch 11 | Loss: 0.474502
Epoch 22 Batch 12 | Loss: 0.504842
Epoch 22 Batch 13 | Loss: 0.491806
  [STABILITY] Plateau detected. Reducing Learning Rate to 0.000625
--- Epoch 22/30 | Loss: 0.4906 | Train Acc: 92.0% | Test Acc: 91.3% | CM: [TP:72, TN:85, FP:1, FN:14] | Progress: 73.3% | ETA: 2.9s ---
Epoch 23 Batch 1 | Loss: 0.497077 | Stats: min: -0.096, max: 0.449, mean: 0.097
Epoch 23 Batch 2 | Loss: 0.467717
Epoch 23 Batch 3 | Loss: 0.465101
Epoch 23 Batch 4 | Loss: 0.521451
Epoch 23 Batch 5 | Loss: 0.496146
Epoch 23 Batch 6 | Loss: 0.482986
Epoch 23 Batch 7 | Loss: 0.479492
Epoch 23 Batch 8 | Loss: 0.473356
Epoch 23 Batch 9 | Loss: 0.484542
Epoch 23 Batch 10 | Loss: 0.482284
Epoch 23 Batch 11 | Loss: 0.543486
Epoch 23 Batch 12 | Loss: 0.501662
Epoch 23 Batch 13 | Loss: 0.460465
--- Epoch 23/30 | Loss: 0.4889 | Train Acc: 92.0% | Test Acc: 91.9% | CM: [TP:73, TN:85, FP:1, FN:13] | Progress: 76.7% | ETA: 2.5s ---
Epoch 24 Batch 1 | Loss: 0.477549 | Stats: min: -0.443, max: 0.244, mean: -0.093
Epoch 24 Batch 2 | Loss: 0.478229
Epoch 24 Batch 3 | Loss: 0.510853
Epoch 24 Batch 4 | Loss: 0.490653
Epoch 24 Batch 5 | Loss: 0.528379
Epoch 24 Batch 6 | Loss: 0.500173
Epoch 24 Batch 7 | Loss: 0.522309
Epoch 24 Batch 8 | Loss: 0.474135
Epoch 24 Batch 9 | Loss: 0.489492
Epoch 24 Batch 10 | Loss: 0.472354
Epoch 24 Batch 11 | Loss: 0.456441
Epoch 24 Batch 12 | Loss: 0.494106
Epoch 24 Batch 13 | Loss: 0.458158
--- Epoch 24/30 | Loss: 0.4887 | Train Acc: 92.0% | Test Acc: 91.9% | CM: [TP:73, TN:85, FP:1, FN:13] | Progress: 80.0% | ETA: 1.9s ---
Epoch 25 Batch 1 | Loss: 0.462177 | Stats: min: -0.387, max: 0.293, mean: -0.080
Epoch 25 Batch 2 | Loss: 0.472927
Epoch 25 Batch 3 | Loss: 0.513157
Epoch 25 Batch 4 | Loss: 0.500553
Epoch 25 Batch 5 | Loss: 0.486129
Epoch 25 Batch 6 | Loss: 0.544202
Epoch 25 Batch 7 | Loss: 0.508587
Epoch 25 Batch 8 | Loss: 0.482275
Epoch 25 Batch 9 | Loss: 0.502757
Epoch 25 Batch 10 | Loss: 0.472072
Epoch 25 Batch 11 | Loss: 0.474446
Epoch 25 Batch 12 | Loss: 0.472397
Epoch 25 Batch 13 | Loss: 0.464485
  [STABILITY] Plateau detected. Reducing Learning Rate to 0.000313
--- Epoch 25/30 | Loss: 0.4889 | Train Acc: 92.0% | Test Acc: 91.9% | CM: [TP:73, TN:85, FP:1, FN:13] | Progress: 83.3% | ETA: 1.6s ---
Epoch 26 Batch 1 | Loss: 0.484000 | Stats: min: -0.269, max: 0.366, mean: 0.067
Epoch 26 Batch 2 | Loss: 0.459777
Epoch 26 Batch 3 | Loss: 0.478036
Epoch 26 Batch 4 | Loss: 0.462553
Epoch 26 Batch 5 | Loss: 0.498988
Epoch 26 Batch 6 | Loss: 0.494649
Epoch 26 Batch 7 | Loss: 0.505172
Epoch 26 Batch 8 | Loss: 0.528341
Epoch 26 Batch 9 | Loss: 0.491418
Epoch 26 Batch 10 | Loss: 0.504326
Epoch 26 Batch 11 | Loss: 0.480947
Epoch 26 Batch 12 | Loss: 0.486003
Epoch 26 Batch 13 | Loss: 0.498159
--- Epoch 26/30 | Loss: 0.4902 | Train Acc: 92.0% | Test Acc: 91.9% | CM: [TP:73, TN:85, FP:1, FN:13] | Progress: 86.7% | ETA: 1.1s ---
Epoch 27 Batch 1 | Loss: 0.476955 | Stats: min: -0.324, max: 0.379, mean: 0.034
Epoch 27 Batch 2 | Loss: 0.478179
Epoch 27 Batch 3 | Loss: 0.440489
Epoch 27 Batch 4 | Loss: 0.502593
Epoch 27 Batch 5 | Loss: 0.481020
Epoch 27 Batch 6 | Loss: 0.481377
Epoch 27 Batch 7 | Loss: 0.482295
Epoch 27 Batch 8 | Loss: 0.505554
Epoch 27 Batch 9 | Loss: 0.484049
Epoch 27 Batch 10 | Loss: 0.535687
Epoch 27 Batch 11 | Loss: 0.505386
Epoch 27 Batch 12 | Loss: 0.512470
Epoch 27 Batch 13 | Loss: 0.471708
--- Epoch 27/30 | Loss: 0.4891 | Train Acc: 92.0% | Test Acc: 92.4% | CM: [TP:74, TN:85, FP:1, FN:12] | Progress: 90.0% | ETA: 1.0s ---
Epoch 28 Batch 1 | Loss: 0.502220 | Stats: min: -0.550, max: -0.165, mean: -0.345
Epoch 28 Batch 2 | Loss: 0.474378
Epoch 28 Batch 3 | Loss: 0.463405
Epoch 28 Batch 4 | Loss: 0.500677
Epoch 28 Batch 5 | Loss: 0.500201
Epoch 28 Batch 6 | Loss: 0.493859
Epoch 28 Batch 7 | Loss: 0.513186
Epoch 28 Batch 8 | Loss: 0.467578
Epoch 28 Batch 9 | Loss: 0.473252
Epoch 28 Batch 10 | Loss: 0.482448
Epoch 28 Batch 11 | Loss: 0.499860
Epoch 28 Batch 12 | Loss: 0.478103
Epoch 28 Batch 13 | Loss: 0.548670
  [STABILITY] Plateau detected. Reducing Learning Rate to 0.000156
--- Epoch 28/30 | Loss: 0.4921 | Train Acc: 92.0% | Test Acc: 92.4% | CM: [TP:74, TN:85, FP:1, FN:12] | Progress: 93.3% | ETA: 0.6s ---
Epoch 29 Batch 1 | Loss: 0.495679 | Stats: min: -0.480, max: 0.284, mean: -0.038
Epoch 29 Batch 2 | Loss: 0.485897
Epoch 29 Batch 3 | Loss: 0.472197
Epoch 29 Batch 4 | Loss: 0.496553
Epoch 29 Batch 5 | Loss: 0.522201
Epoch 29 Batch 6 | Loss: 0.509331
Epoch 29 Batch 7 | Loss: 0.487939
Epoch 29 Batch 8 | Loss: 0.494099
Epoch 29 Batch 9 | Loss: 0.504057
Epoch 29 Batch 10 | Loss: 0.467237
Epoch 29 Batch 11 | Loss: 0.468185
Epoch 29 Batch 12 | Loss: 0.493904
Epoch 29 Batch 13 | Loss: 0.444368
--- Epoch 29/30 | Loss: 0.4878 | Train Acc: 92.0% | Test Acc: 92.4% | CM: [TP:74, TN:85, FP:1, FN:12] | Progress: 96.7% | ETA: 0.4s ---
Epoch 30 Batch 1 | Loss: 0.495233 | Stats: min: -0.415, max: 0.252, mean: -0.127
Epoch 30 Batch 2 | Loss: 0.519664
Epoch 30 Batch 3 | Loss: 0.540267
Epoch 30 Batch 4 | Loss: 0.480267
Epoch 30 Batch 5 | Loss: 0.496660
Epoch 30 Batch 6 | Loss: 0.476586
Epoch 30 Batch 7 | Loss: 0.496850
Epoch 30 Batch 8 | Loss: 0.486234
Epoch 30 Batch 9 | Loss: 0.469853
Epoch 30 Batch 10 | Loss: 0.511548
Epoch 30 Batch 11 | Loss: 0.475902
Epoch 30 Batch 12 | Loss: 0.445676
Epoch 30 Batch 13 | Loss: 0.449716
--- Epoch 30/30 | Loss: 0.4880 | Train Acc: 92.0% | Test Acc: 92.4% | CM: [TP:74, TN:85, FP:1, FN:12] | Progress: 100.0% | ETA: 0.0s ---

Final Best Test Accuracy: 93.60%


Best Quantum Test Accuracy: 0.936
