DEBUG: Qtrainer enters train_pure_quantum_cnn. Encoding: amplitude
  Class Weights: +1 (Target): 1.00 | -1 (Rest): 1.00
Starting Training
==================================================
Epoch 1 Batch 1 | Loss: 0.797435 | Stats: min: -0.256, max: -0.133, mean: -0.205
Epoch 1 Batch 2 | Loss: 0.687020
Epoch 1 Batch 3 | Loss: 0.688755
Epoch 1 Batch 4 | Loss: 0.678696
Epoch 1 Batch 5 | Loss: 0.668932
Epoch 1 Batch 6 | Loss: 0.646425
Epoch 1 Batch 7 | Loss: 0.619831
Epoch 1 Batch 8 | Loss: 0.647330
Epoch 1 Batch 9 | Loss: 0.654761
Epoch 1 Batch 10 | Loss: 0.609746
Epoch 1 Batch 11 | Loss: 0.679632
Epoch 1 Batch 12 | Loss: 0.611152
Epoch 1 Batch 13 | Loss: 0.598471
  [STABILITY] Test accuracy improved: 0.00% -> 48.84% (via EMA). Saving best params.
--- Epoch 1/30 | Loss: 0.6606 | Train Acc: 50.5% | Test Acc: 48.8% | CM: [TP:1, TN:83, FP:3, FN:85] | Progress: 3.3% | ETA: 193.6s ---
Epoch 2 Batch 1 | Loss: 0.606443 | Stats: min: -0.156, max: 0.103, mean: 0.001
Epoch 2 Batch 2 | Loss: 0.641254
Epoch 2 Batch 3 | Loss: 0.599784
Epoch 2 Batch 4 | Loss: 0.590628
Epoch 2 Batch 5 | Loss: 0.585981
Epoch 2 Batch 6 | Loss: 0.618158
Epoch 2 Batch 7 | Loss: 0.554454
Epoch 2 Batch 8 | Loss: 0.576436
Epoch 2 Batch 9 | Loss: 0.630387
Epoch 2 Batch 10 | Loss: 0.614682
Epoch 2 Batch 11 | Loss: 0.582899
Epoch 2 Batch 12 | Loss: 0.583843
Epoch 2 Batch 13 | Loss: 0.501565
  [STABILITY] Test accuracy improved: 48.84% -> 52.33% (via EMA). Saving best params.
--- Epoch 2/30 | Loss: 0.5913 | Train Acc: 51.0% | Test Acc: 52.3% | CM: [TP:7, TN:83, FP:3, FN:79] | Progress: 6.7% | ETA: 92.6s ---
Epoch 3 Batch 1 | Loss: 0.528756 | Stats: min: -0.269, max: 0.352, mean: -0.074
Epoch 3 Batch 2 | Loss: 0.602136
Epoch 3 Batch 3 | Loss: 0.548395
Epoch 3 Batch 4 | Loss: 0.543042
Epoch 3 Batch 5 | Loss: 0.532550
Epoch 3 Batch 6 | Loss: 0.526952
Epoch 3 Batch 7 | Loss: 0.538281
Epoch 3 Batch 8 | Loss: 0.626714
Epoch 3 Batch 9 | Loss: 0.547823
Epoch 3 Batch 10 | Loss: 0.627183
Epoch 3 Batch 11 | Loss: 0.623200
Epoch 3 Batch 12 | Loss: 0.636554
Epoch 3 Batch 13 | Loss: 0.640368
  [STABILITY] Test accuracy improved: 52.33% -> 55.81% (via EMA). Saving best params.
--- Epoch 3/30 | Loss: 0.5786 | Train Acc: 54.0% | Test Acc: 55.8% | CM: [TP:10, TN:86, FP:0, FN:76] | Progress: 10.0% | ETA: 59.6s ---
Epoch 4 Batch 1 | Loss: 0.561354 | Stats: min: -0.329, max: 0.331, mean: -0.017
Epoch 4 Batch 2 | Loss: 0.584527
Epoch 4 Batch 3 | Loss: 0.608892
Epoch 4 Batch 4 | Loss: 0.601648
Epoch 4 Batch 5 | Loss: 0.514677
Epoch 4 Batch 6 | Loss: 0.536438
Epoch 4 Batch 7 | Loss: 0.556045
Epoch 4 Batch 8 | Loss: 0.568646
Epoch 4 Batch 9 | Loss: 0.544481
Epoch 4 Batch 10 | Loss: 0.553958
Epoch 4 Batch 11 | Loss: 0.554801
Epoch 4 Batch 12 | Loss: 0.548378
Epoch 4 Batch 13 | Loss: 0.506173
  [STABILITY] Test accuracy improved: 55.81% -> 63.95% (via EMA). Saving best params.
--- Epoch 4/30 | Loss: 0.5569 | Train Acc: 60.0% | Test Acc: 64.0% | CM: [TP:24, TN:86, FP:0, FN:62] | Progress: 13.3% | ETA: 43.1s ---
Epoch 5 Batch 1 | Loss: 0.474476 | Stats: min: -0.313, max: 0.429, mean: 0.080
Epoch 5 Batch 2 | Loss: 0.536237
Epoch 5 Batch 3 | Loss: 0.544578
Epoch 5 Batch 4 | Loss: 0.529258
Epoch 5 Batch 5 | Loss: 0.568579
Epoch 5 Batch 6 | Loss: 0.494297
Epoch 5 Batch 7 | Loss: 0.597773
Epoch 5 Batch 8 | Loss: 0.590445
Epoch 5 Batch 9 | Loss: 0.627460
Epoch 5 Batch 10 | Loss: 0.561335
Epoch 5 Batch 11 | Loss: 0.529870
Epoch 5 Batch 12 | Loss: 0.563339
Epoch 5 Batch 13 | Loss: 0.535124
  [STABILITY] Test accuracy improved: 63.95% -> 69.19% (via EMA). Saving best params.
--- Epoch 5/30 | Loss: 0.5502 | Train Acc: 68.5% | Test Acc: 69.2% | CM: [TP:34, TN:85, FP:1, FN:52] | Progress: 16.7% | ETA: 32.7s ---
Epoch 6 Batch 1 | Loss: 0.538334 | Stats: min: -0.362, max: 0.264, mean: -0.001
Epoch 6 Batch 2 | Loss: 0.479102
Epoch 6 Batch 3 | Loss: 0.555996
Epoch 6 Batch 4 | Loss: 0.547746
Epoch 6 Batch 5 | Loss: 0.607209
Epoch 6 Batch 6 | Loss: 0.533794
Epoch 6 Batch 7 | Loss: 0.525350
Epoch 6 Batch 8 | Loss: 0.522410
Epoch 6 Batch 9 | Loss: 0.532329
Epoch 6 Batch 10 | Loss: 0.539382
Epoch 6 Batch 11 | Loss: 0.619989
Epoch 6 Batch 12 | Loss: 0.577703
Epoch 6 Batch 13 | Loss: 0.502369
  [STABILITY] Test accuracy improved: 69.19% -> 72.67% (via EMA). Saving best params.
--- Epoch 6/30 | Loss: 0.5447 | Train Acc: 74.5% | Test Acc: 72.7% | CM: [TP:40, TN:85, FP:1, FN:46] | Progress: 20.0% | ETA: 26.8s ---
Epoch 7 Batch 1 | Loss: 0.575578 | Stats: min: -0.298, max: 0.177, mean: -0.061
Epoch 7 Batch 2 | Loss: 0.504772
Epoch 7 Batch 3 | Loss: 0.521160
Epoch 7 Batch 4 | Loss: 0.548560
Epoch 7 Batch 5 | Loss: 0.606719
Epoch 7 Batch 6 | Loss: 0.537991
Epoch 7 Batch 7 | Loss: 0.522555
Epoch 7 Batch 8 | Loss: 0.497752
Epoch 7 Batch 9 | Loss: 0.527738
Epoch 7 Batch 10 | Loss: 0.519314
Epoch 7 Batch 11 | Loss: 0.506948
Epoch 7 Batch 12 | Loss: 0.545682
Epoch 7 Batch 13 | Loss: 0.543930
  [STABILITY] Test accuracy improved: 72.67% -> 73.84% (via EMA). Saving best params.
--- Epoch 7/30 | Loss: 0.5353 | Train Acc: 76.5% | Test Acc: 73.8% | CM: [TP:43, TN:84, FP:2, FN:43] | Progress: 23.3% | ETA: 26.7s ---
Epoch 8 Batch 1 | Loss: 0.519858 | Stats: min: -0.523, max: 0.367, mean: 0.065
Epoch 8 Batch 2 | Loss: 0.510509
Epoch 8 Batch 3 | Loss: 0.537159
Epoch 8 Batch 4 | Loss: 0.510319
Epoch 8 Batch 5 | Loss: 0.506869
Epoch 8 Batch 6 | Loss: 0.535151
Epoch 8 Batch 7 | Loss: 0.517381
Epoch 8 Batch 8 | Loss: 0.513627
Epoch 8 Batch 9 | Loss: 0.503877
Epoch 8 Batch 10 | Loss: 0.521175
Epoch 8 Batch 11 | Loss: 0.539134
Epoch 8 Batch 12 | Loss: 0.593419
Epoch 8 Batch 13 | Loss: 0.565054
  [STABILITY] Test accuracy improved: 73.84% -> 74.42% (via EMA). Saving best params.
--- Epoch 8/30 | Loss: 0.5287 | Train Acc: 78.0% | Test Acc: 74.4% | CM: [TP:47, TN:81, FP:5, FN:39] | Progress: 26.7% | ETA: 18.4s ---
Epoch 9 Batch 1 | Loss: 0.515115 | Stats: min: -0.495, max: 0.419, mean: -0.118
Epoch 9 Batch 2 | Loss: 0.552532
Epoch 9 Batch 3 | Loss: 0.496686
Epoch 9 Batch 4 | Loss: 0.498273
Epoch 9 Batch 5 | Loss: 0.570455
Epoch 9 Batch 6 | Loss: 0.494793
Epoch 9 Batch 7 | Loss: 0.551669
Epoch 9 Batch 8 | Loss: 0.502745
Epoch 9 Batch 9 | Loss: 0.465730
Epoch 9 Batch 10 | Loss: 0.553171
Epoch 9 Batch 11 | Loss: 0.481496
Epoch 9 Batch 12 | Loss: 0.534412
Epoch 9 Batch 13 | Loss: 0.579988
  [STABILITY] Test accuracy improved: 74.42% -> 77.33% (via EMA). Saving best params.
--- Epoch 9/30 | Loss: 0.5229 | Train Acc: 80.0% | Test Acc: 77.3% | CM: [TP:56, TN:77, FP:9, FN:30] | Progress: 30.0% | ETA: 17.8s ---
Epoch 10 Batch 1 | Loss: 0.498918 | Stats: min: -0.390, max: 0.317, mean: 0.007
Epoch 10 Batch 2 | Loss: 0.451531
Epoch 10 Batch 3 | Loss: 0.640961
Epoch 10 Batch 4 | Loss: 0.560793
Epoch 10 Batch 5 | Loss: 0.505016
Epoch 10 Batch 6 | Loss: 0.534329
Epoch 10 Batch 7 | Loss: 0.509935
Epoch 10 Batch 8 | Loss: 0.505012
Epoch 10 Batch 9 | Loss: 0.471880
Epoch 10 Batch 10 | Loss: 0.486757
Epoch 10 Batch 11 | Loss: 0.546870
Epoch 10 Batch 12 | Loss: 0.470044
Epoch 10 Batch 13 | Loss: 0.511340
  [STABILITY] Test accuracy improved: 77.33% -> 78.49% (via EMA). Saving best params.
--- Epoch 10/30 | Loss: 0.5149 | Train Acc: 81.0% | Test Acc: 78.5% | CM: [TP:61, TN:74, FP:12, FN:25] | Progress: 33.3% | ETA: 14.2s ---
Epoch 11 Batch 1 | Loss: 0.565117 | Stats: min: -0.536, max: 0.149, mean: -0.199
Epoch 11 Batch 2 | Loss: 0.507840
Epoch 11 Batch 3 | Loss: 0.432039
Epoch 11 Batch 4 | Loss: 0.487393
Epoch 11 Batch 5 | Loss: 0.485259
Epoch 11 Batch 6 | Loss: 0.494022
Epoch 11 Batch 7 | Loss: 0.491588
Epoch 11 Batch 8 | Loss: 0.471153
Epoch 11 Batch 9 | Loss: 0.483279
Epoch 11 Batch 10 | Loss: 0.551978
Epoch 11 Batch 11 | Loss: 0.581394
Epoch 11 Batch 12 | Loss: 0.534912
Epoch 11 Batch 13 | Loss: 0.615027
  [STABILITY] Test accuracy improved: 78.49% -> 79.65% (via EMA). Saving best params.
--- Epoch 11/30 | Loss: 0.5155 | Train Acc: 81.5% | Test Acc: 79.7% | CM: [TP:65, TN:72, FP:14, FN:21] | Progress: 36.7% | ETA: 13.3s ---
Epoch 12 Batch 1 | Loss: 0.552366 | Stats: min: -0.483, max: -0.141, mean: -0.228
Epoch 12 Batch 2 | Loss: 0.520561
Epoch 12 Batch 3 | Loss: 0.455446
Epoch 12 Batch 4 | Loss: 0.503748
Epoch 12 Batch 5 | Loss: 0.485923
Epoch 12 Batch 6 | Loss: 0.475433
Epoch 12 Batch 7 | Loss: 0.522464
Epoch 12 Batch 8 | Loss: 0.456807
Epoch 12 Batch 9 | Loss: 0.570311
Epoch 12 Batch 10 | Loss: 0.507685
Epoch 12 Batch 11 | Loss: 0.488301
Epoch 12 Batch 12 | Loss: 0.524919
Epoch 12 Batch 13 | Loss: 0.551890
--- Epoch 12/30 | Loss: 0.5089 | Train Acc: 80.0% | Test Acc: 79.7% | CM: [TP:65, TN:72, FP:14, FN:21] | Progress: 40.0% | ETA: 16.9s ---
Epoch 13 Batch 1 | Loss: 0.508119 | Stats: min: -0.484, max: 0.401, mean: -0.001
Epoch 13 Batch 2 | Loss: 0.551990
Epoch 13 Batch 3 | Loss: 0.547960
Epoch 13 Batch 4 | Loss: 0.509646
Epoch 13 Batch 5 | Loss: 0.523843
Epoch 13 Batch 6 | Loss: 0.439593
Epoch 13 Batch 7 | Loss: 0.529580
Epoch 13 Batch 8 | Loss: 0.508203
Epoch 13 Batch 9 | Loss: 0.507526
Epoch 13 Batch 10 | Loss: 0.562515
Epoch 13 Batch 11 | Loss: 0.423582
Epoch 13 Batch 12 | Loss: 0.470791
Epoch 13 Batch 13 | Loss: 0.478694
--- Epoch 13/30 | Loss: 0.5048 | Train Acc: 80.0% | Test Acc: 79.7% | CM: [TP:65, TN:72, FP:14, FN:21] | Progress: 43.3% | ETA: 14.7s ---
Epoch 14 Batch 1 | Loss: 0.518189 | Stats: min: -0.523, max: 0.357, mean: -0.111
Epoch 14 Batch 2 | Loss: 0.539071
Epoch 14 Batch 3 | Loss: 0.496633
Epoch 14 Batch 4 | Loss: 0.499669
Epoch 14 Batch 5 | Loss: 0.518606
Epoch 14 Batch 6 | Loss: 0.499097
Epoch 14 Batch 7 | Loss: 0.487430
Epoch 14 Batch 8 | Loss: 0.495940
Epoch 14 Batch 9 | Loss: 0.490840
Epoch 14 Batch 10 | Loss: 0.454323
Epoch 14 Batch 11 | Loss: 0.486706
Epoch 14 Batch 12 | Loss: 0.533311
Epoch 14 Batch 13 | Loss: 0.479584
  [STABILITY] Test accuracy improved: 79.65% -> 80.23% (via EMA). Saving best params.
--- Epoch 14/30 | Loss: 0.5000 | Train Acc: 81.0% | Test Acc: 80.2% | CM: [TP:67, TN:71, FP:15, FN:19] | Progress: 46.7% | ETA: 10.3s ---
Epoch 15 Batch 1 | Loss: 0.491109 | Stats: min: -0.374, max: 0.307, mean: -0.044
Epoch 15 Batch 2 | Loss: 0.538253
Epoch 15 Batch 3 | Loss: 0.602558
Epoch 15 Batch 4 | Loss: 0.493620
Epoch 15 Batch 5 | Loss: 0.436646
Epoch 15 Batch 6 | Loss: 0.448769
Epoch 15 Batch 7 | Loss: 0.504394
Epoch 15 Batch 8 | Loss: 0.457488
Epoch 15 Batch 9 | Loss: 0.499164
Epoch 15 Batch 10 | Loss: 0.539734
Epoch 15 Batch 11 | Loss: 0.458743
Epoch 15 Batch 12 | Loss: 0.514860
Epoch 15 Batch 13 | Loss: 0.490126
--- Epoch 15/30 | Loss: 0.4981 | Train Acc: 82.5% | Test Acc: 80.2% | CM: [TP:67, TN:71, FP:15, FN:19] | Progress: 50.0% | ETA: 6.4s ---
Epoch 16 Batch 1 | Loss: 0.464336 | Stats: min: -0.466, max: 0.429, mean: -0.023
Epoch 16 Batch 2 | Loss: 0.451602
Epoch 16 Batch 3 | Loss: 0.535561
Epoch 16 Batch 4 | Loss: 0.543944
Epoch 16 Batch 5 | Loss: 0.524028
Epoch 16 Batch 6 | Loss: 0.551248
Epoch 16 Batch 7 | Loss: 0.493762
Epoch 16 Batch 8 | Loss: 0.475660
Epoch 16 Batch 9 | Loss: 0.478196
Epoch 16 Batch 10 | Loss: 0.512471
Epoch 16 Batch 11 | Loss: 0.490060
Epoch 16 Batch 12 | Loss: 0.510099
Epoch 16 Batch 13 | Loss: 0.504783
--- Epoch 16/30 | Loss: 0.5028 | Train Acc: 82.5% | Test Acc: 80.2% | CM: [TP:67, TN:71, FP:15, FN:19] | Progress: 53.3% | ETA: 5.5s ---
Epoch 17 Batch 1 | Loss: 0.455282 | Stats: min: -0.517, max: 0.454, mean: -0.180
Epoch 17 Batch 2 | Loss: 0.550253
Epoch 17 Batch 3 | Loss: 0.532047
Epoch 17 Batch 4 | Loss: 0.462152
Epoch 17 Batch 5 | Loss: 0.526521
Epoch 17 Batch 6 | Loss: 0.535377
Epoch 17 Batch 7 | Loss: 0.431265
Epoch 17 Batch 8 | Loss: 0.476241
Epoch 17 Batch 9 | Loss: 0.471454
Epoch 17 Batch 10 | Loss: 0.539903
Epoch 17 Batch 11 | Loss: 0.487581
Epoch 17 Batch 12 | Loss: 0.508868
Epoch 17 Batch 13 | Loss: 0.568776
  [STABILITY] Test accuracy improved: 80.23% -> 80.81% (via EMA). Saving best params.
--- Epoch 17/30 | Loss: 0.5035 | Train Acc: 82.5% | Test Acc: 80.8% | CM: [TP:67, TN:72, FP:14, FN:19] | Progress: 56.7% | ETA: 9.0s ---
Epoch 18 Batch 1 | Loss: 0.500647 | Stats: min: -0.162, max: 0.455, mean: 0.179
Epoch 18 Batch 2 | Loss: 0.446359
Epoch 18 Batch 3 | Loss: 0.446540
Epoch 18 Batch 4 | Loss: 0.476858
Epoch 18 Batch 5 | Loss: 0.485711
Epoch 18 Batch 6 | Loss: 0.509203
Epoch 18 Batch 7 | Loss: 0.517928
Epoch 18 Batch 8 | Loss: 0.478079
Epoch 18 Batch 9 | Loss: 0.558878
Epoch 18 Batch 10 | Loss: 0.511239
Epoch 18 Batch 11 | Loss: 0.464938
Epoch 18 Batch 12 | Loss: 0.569876
Epoch 18 Batch 13 | Loss: 0.495453
--- Epoch 18/30 | Loss: 0.4971 | Train Acc: 82.5% | Test Acc: 80.8% | CM: [TP:67, TN:72, FP:14, FN:19] | Progress: 60.0% | ETA: 6.2s ---
Epoch 19 Batch 1 | Loss: 0.498280 | Stats: min: -0.279, max: 0.475, mean: 0.130
Epoch 19 Batch 2 | Loss: 0.531316
Epoch 19 Batch 3 | Loss: 0.437966
Epoch 19 Batch 4 | Loss: 0.538938
Epoch 19 Batch 5 | Loss: 0.491022
Epoch 19 Batch 6 | Loss: 0.508458
Epoch 19 Batch 7 | Loss: 0.564407
Epoch 19 Batch 8 | Loss: 0.437771
Epoch 19 Batch 9 | Loss: 0.503639
Epoch 19 Batch 10 | Loss: 0.454404
Epoch 19 Batch 11 | Loss: 0.512377
Epoch 19 Batch 12 | Loss: 0.482070
Epoch 19 Batch 13 | Loss: 0.496570
  [STABILITY] Test accuracy improved: 80.81% -> 82.56% (via EMA). Saving best params.
--- Epoch 19/30 | Loss: 0.4967 | Train Acc: 82.5% | Test Acc: 82.6% | CM: [TP:68, TN:74, FP:12, FN:18] | Progress: 63.3% | ETA: 3.9s ---
Epoch 20 Batch 1 | Loss: 0.550961 | Stats: min: -0.542, max: 0.309, mean: -0.181
Epoch 20 Batch 2 | Loss: 0.498699
Epoch 20 Batch 3 | Loss: 0.451077
Epoch 20 Batch 4 | Loss: 0.463006
Epoch 20 Batch 5 | Loss: 0.523432
Epoch 20 Batch 6 | Loss: 0.517108
Epoch 20 Batch 7 | Loss: 0.501002
Epoch 20 Batch 8 | Loss: 0.471814
Epoch 20 Batch 9 | Loss: 0.484099
Epoch 20 Batch 10 | Loss: 0.462189
Epoch 20 Batch 11 | Loss: 0.499430
Epoch 20 Batch 12 | Loss: 0.482898
Epoch 20 Batch 13 | Loss: 0.596661
  [STABILITY] Test accuracy improved: 82.56% -> 83.14% (via EMA). Saving best params.
--- Epoch 20/30 | Loss: 0.5002 | Train Acc: 82.0% | Test Acc: 83.1% | CM: [TP:68, TN:75, FP:11, FN:18] | Progress: 66.7% | ETA: 4.0s ---
Epoch 21 Batch 1 | Loss: 0.495113 | Stats: min: -0.625, max: 0.064, mean: -0.196
Epoch 21 Batch 2 | Loss: 0.490397
Epoch 21 Batch 3 | Loss: 0.611679
Epoch 21 Batch 4 | Loss: 0.458725
Epoch 21 Batch 5 | Loss: 0.445341
Epoch 21 Batch 6 | Loss: 0.464249
Epoch 21 Batch 7 | Loss: 0.474119
Epoch 21 Batch 8 | Loss: 0.483541
Epoch 21 Batch 9 | Loss: 0.515954
Epoch 21 Batch 10 | Loss: 0.518281
Epoch 21 Batch 11 | Loss: 0.509351
Epoch 21 Batch 12 | Loss: 0.499449
Epoch 21 Batch 13 | Loss: 0.435332
--- Epoch 21/30 | Loss: 0.4924 | Train Acc: 82.0% | Test Acc: 82.6% | CM: [TP:67, TN:75, FP:11, FN:19] | Progress: 70.0% | ETA: 2.8s ---
Epoch 22 Batch 1 | Loss: 0.496703 | Stats: min: -0.596, max: 0.526, mean: -0.232
Epoch 22 Batch 2 | Loss: 0.463872
Epoch 22 Batch 3 | Loss: 0.539704
Epoch 22 Batch 4 | Loss: 0.523402
Epoch 22 Batch 5 | Loss: 0.469268
Epoch 22 Batch 6 | Loss: 0.475300
Epoch 22 Batch 7 | Loss: 0.444935
Epoch 22 Batch 8 | Loss: 0.429369
Epoch 22 Batch 9 | Loss: 0.550207
Epoch 22 Batch 10 | Loss: 0.487562
Epoch 22 Batch 11 | Loss: 0.519728
Epoch 22 Batch 12 | Loss: 0.491537
Epoch 22 Batch 13 | Loss: 0.533044
--- Epoch 22/30 | Loss: 0.4942 | Train Acc: 82.5% | Test Acc: 82.6% | CM: [TP:67, TN:75, FP:11, FN:19] | Progress: 73.3% | ETA: 2.4s ---
Epoch 23 Batch 1 | Loss: 0.420836 | Stats: min: -0.344, max: 0.548, mean: 0.328
Epoch 23 Batch 2 | Loss: 0.533935
Epoch 23 Batch 3 | Loss: 0.523207
Epoch 23 Batch 4 | Loss: 0.512289
Epoch 23 Batch 5 | Loss: 0.516782
Epoch 23 Batch 6 | Loss: 0.492532
Epoch 23 Batch 7 | Loss: 0.487483
Epoch 23 Batch 8 | Loss: 0.460556
Epoch 23 Batch 9 | Loss: 0.487545
Epoch 23 Batch 10 | Loss: 0.473823
Epoch 23 Batch 11 | Loss: 0.443721
Epoch 23 Batch 12 | Loss: 0.504209
Epoch 23 Batch 13 | Loss: 0.551584
  [STABILITY] Plateau detected. Reducing Learning Rate to 0.010000
--- Epoch 23/30 | Loss: 0.4930 | Train Acc: 83.0% | Test Acc: 82.6% | CM: [TP:67, TN:75, FP:11, FN:19] | Progress: 76.7% | ETA: 2.3s ---
Epoch 24 Batch 1 | Loss: 0.442909 | Stats: min: -0.293, max: 0.417, mean: 0.084
Epoch 24 Batch 2 | Loss: 0.472937
Epoch 24 Batch 3 | Loss: 0.484550
Epoch 24 Batch 4 | Loss: 0.516213
Epoch 24 Batch 5 | Loss: 0.474642
Epoch 24 Batch 6 | Loss: 0.521257
Epoch 24 Batch 7 | Loss: 0.559608
Epoch 24 Batch 8 | Loss: 0.494404
Epoch 24 Batch 9 | Loss: 0.531333
Epoch 24 Batch 10 | Loss: 0.455797
Epoch 24 Batch 11 | Loss: 0.490567
Epoch 24 Batch 12 | Loss: 0.473495
Epoch 24 Batch 13 | Loss: 0.383939
--- Epoch 24/30 | Loss: 0.4847 | Train Acc: 82.5% | Test Acc: 83.1% | CM: [TP:68, TN:75, FP:11, FN:18] | Progress: 80.0% | ETA: 2.8s ---
Epoch 25 Batch 1 | Loss: 0.452334 | Stats: min: -0.383, max: 0.530, mean: 0.159
Epoch 25 Batch 2 | Loss: 0.466633
Epoch 25 Batch 3 | Loss: 0.527195
Epoch 25 Batch 4 | Loss: 0.488445
Epoch 25 Batch 5 | Loss: 0.459789
Epoch 25 Batch 6 | Loss: 0.487256
Epoch 25 Batch 7 | Loss: 0.458874
Epoch 25 Batch 8 | Loss: 0.503388
Epoch 25 Batch 9 | Loss: 0.529407
Epoch 25 Batch 10 | Loss: 0.503972
Epoch 25 Batch 11 | Loss: 0.516815
Epoch 25 Batch 12 | Loss: 0.490290
Epoch 25 Batch 13 | Loss: 0.420600
--- Epoch 25/30 | Loss: 0.4850 | Train Acc: 83.0% | Test Acc: 83.1% | CM: [TP:68, TN:75, FP:11, FN:18] | Progress: 83.3% | ETA: 2.6s ---
Epoch 26 Batch 1 | Loss: 0.485151 | Stats: min: -0.560, max: 0.507, mean: 0.011
Epoch 26 Batch 2 | Loss: 0.490551
Epoch 26 Batch 3 | Loss: 0.449913
Epoch 26 Batch 4 | Loss: 0.550858
Epoch 26 Batch 5 | Loss: 0.515756
Epoch 26 Batch 6 | Loss: 0.443529
Epoch 26 Batch 7 | Loss: 0.510744
Epoch 26 Batch 8 | Loss: 0.458142
Epoch 26 Batch 9 | Loss: 0.500586
Epoch 26 Batch 10 | Loss: 0.457401
Epoch 26 Batch 11 | Loss: 0.500173
Epoch 26 Batch 12 | Loss: 0.469301
Epoch 26 Batch 13 | Loss: 0.508804
  [STABILITY] Test accuracy improved: 83.14% -> 83.72% (via EMA). Saving best params.
--- Epoch 26/30 | Loss: 0.4878 | Train Acc: 82.5% | Test Acc: 83.7% | CM: [TP:68, TN:76, FP:10, FN:18] | Progress: 86.7% | ETA: 1.5s ---
Epoch 27 Batch 1 | Loss: 0.513158 | Stats: min: -0.315, max: 0.495, mean: 0.155
Epoch 27 Batch 2 | Loss: 0.542271
Epoch 27 Batch 3 | Loss: 0.461653
Epoch 27 Batch 4 | Loss: 0.487139
Epoch 27 Batch 5 | Loss: 0.482599
Epoch 27 Batch 6 | Loss: 0.464432
Epoch 27 Batch 7 | Loss: 0.509062
Epoch 27 Batch 8 | Loss: 0.463968
Epoch 27 Batch 9 | Loss: 0.511816
Epoch 27 Batch 10 | Loss: 0.475370
Epoch 27 Batch 11 | Loss: 0.450241
Epoch 27 Batch 12 | Loss: 0.478497
Epoch 27 Batch 13 | Loss: 0.468212
  [STABILITY] Test accuracy improved: 83.72% -> 84.30% (via EMA). Saving best params.
--- Epoch 27/30 | Loss: 0.4853 | Train Acc: 82.5% | Test Acc: 84.3% | CM: [TP:68, TN:77, FP:9, FN:18] | Progress: 90.0% | ETA: 0.7s ---
Epoch 28 Batch 1 | Loss: 0.466585 | Stats: min: -0.386, max: 0.454, mean: 0.032
Epoch 28 Batch 2 | Loss: 0.530680
Epoch 28 Batch 3 | Loss: 0.491389
Epoch 28 Batch 4 | Loss: 0.507707
Epoch 28 Batch 5 | Loss: 0.505074
Epoch 28 Batch 6 | Loss: 0.489362
Epoch 28 Batch 7 | Loss: 0.509113
Epoch 28 Batch 8 | Loss: 0.452595
Epoch 28 Batch 9 | Loss: 0.476326
Epoch 28 Batch 10 | Loss: 0.440676
Epoch 28 Batch 11 | Loss: 0.465068
Epoch 28 Batch 12 | Loss: 0.518952
Epoch 28 Batch 13 | Loss: 0.458401
--- Epoch 28/30 | Loss: 0.4855 | Train Acc: 82.5% | Test Acc: 84.3% | CM: [TP:68, TN:77, FP:9, FN:18] | Progress: 93.3% | ETA: 0.5s ---
Epoch 29 Batch 1 | Loss: 0.538355 | Stats: min: -0.367, max: 0.532, mean: -0.020
Epoch 29 Batch 2 | Loss: 0.434615
Epoch 29 Batch 3 | Loss: 0.498346
Epoch 29 Batch 4 | Loss: 0.433834
Epoch 29 Batch 5 | Loss: 0.534466
Epoch 29 Batch 6 | Loss: 0.459573
Epoch 29 Batch 7 | Loss: 0.478187
Epoch 29 Batch 8 | Loss: 0.458880
Epoch 29 Batch 9 | Loss: 0.553360
Epoch 29 Batch 10 | Loss: 0.475667
Epoch 29 Batch 11 | Loss: 0.464032
Epoch 29 Batch 12 | Loss: 0.522607
Epoch 29 Batch 13 | Loss: 0.411653
--- Epoch 29/30 | Loss: 0.4818 | Train Acc: 82.5% | Test Acc: 84.3% | CM: [TP:68, TN:77, FP:9, FN:18] | Progress: 96.7% | ETA: 0.2s ---
Epoch 30 Batch 1 | Loss: 0.467978 | Stats: min: -0.325, max: 0.629, mean: 0.246
Epoch 30 Batch 2 | Loss: 0.512802
Epoch 30 Batch 3 | Loss: 0.530111
Epoch 30 Batch 4 | Loss: 0.509274
Epoch 30 Batch 5 | Loss: 0.459731
Epoch 30 Batch 6 | Loss: 0.452066
Epoch 30 Batch 7 | Loss: 0.435854
Epoch 30 Batch 8 | Loss: 0.483438
Epoch 30 Batch 9 | Loss: 0.500978
Epoch 30 Batch 10 | Loss: 0.526907
Epoch 30 Batch 11 | Loss: 0.499446
Epoch 30 Batch 12 | Loss: 0.450463
Epoch 30 Batch 13 | Loss: 0.470211
  [STABILITY] Plateau detected. Reducing Learning Rate to 0.005000
--- Epoch 30/30 | Loss: 0.4846 | Train Acc: 82.5% | Test Acc: 84.3% | CM: [TP:68, TN:77, FP:9, FN:18] | Progress: 100.0% | ETA: 0.0s ---

Final Best Test Accuracy: 84.30%


Best Quantum Test Accuracy: 0.843
