DEBUG: Qtrainer enters train_pure_quantum_cnn. Encoding: amplitude
  Class Weights: +1 (Target): 1.00 | -1 (Rest): 1.00
Starting Training
==================================================
Epoch 1 Batch 1 | Loss: 1.356861 | Stats: min: -0.557, max: -0.512, mean: -0.541
Epoch 1 Batch 2 | Loss: 0.805886
Epoch 1 Batch 3 | Loss: 0.729617
Epoch 1 Batch 4 | Loss: 0.677521
Epoch 1 Batch 5 | Loss: 0.709880
Epoch 1 Batch 6 | Loss: 0.664089
Epoch 1 Batch 7 | Loss: 0.798854
Epoch 1 Batch 8 | Loss: 0.747135
Epoch 1 Batch 9 | Loss: 0.709785
Epoch 1 Batch 10 | Loss: 0.737372
Epoch 1 Batch 11 | Loss: 0.721027
Epoch 1 Batch 12 | Loss: 0.643413
Epoch 1 Batch 13 | Loss: 0.674203
  [STABILITY] Test accuracy improved: 0.00% -> 50.00% (via EMA). Saving best params.
--- Epoch 1/30 | Loss: 0.7674 | Train Acc: 48.5% | Test Acc: 50.0% | CM: [TP:0, TN:86, FP:0, FN:86] | Progress: 3.3% | ETA: 171.1s ---
Epoch 2 Batch 1 | Loss: 0.661826 | Stats: min: -0.185, max: -0.062, mean: -0.123
Epoch 2 Batch 2 | Loss: 0.664478
Epoch 2 Batch 3 | Loss: 0.635607
Epoch 2 Batch 4 | Loss: 0.660134
Epoch 2 Batch 5 | Loss: 0.667836
Epoch 2 Batch 6 | Loss: 0.708312
Epoch 2 Batch 7 | Loss: 0.647079
Epoch 2 Batch 8 | Loss: 0.654299
Epoch 2 Batch 9 | Loss: 0.656982
Epoch 2 Batch 10 | Loss: 0.642021
Epoch 2 Batch 11 | Loss: 0.647597
Epoch 2 Batch 12 | Loss: 0.610520
Epoch 2 Batch 13 | Loss: 0.703793
--- Epoch 2/30 | Loss: 0.6585 | Train Acc: 48.5% | Test Acc: 50.0% | CM: [TP:0, TN:86, FP:0, FN:86] | Progress: 6.7% | ETA: 80.0s ---
Epoch 3 Batch 1 | Loss: 0.633576 | Stats: min: 0.068, max: 0.244, mean: 0.153
Epoch 3 Batch 2 | Loss: 0.632292
Epoch 3 Batch 3 | Loss: 0.601974
Epoch 3 Batch 4 | Loss: 0.606261
Epoch 3 Batch 5 | Loss: 0.642308
Epoch 3 Batch 6 | Loss: 0.635057
Epoch 3 Batch 7 | Loss: 0.641849
Epoch 3 Batch 8 | Loss: 0.611716
Epoch 3 Batch 9 | Loss: 0.623779
Epoch 3 Batch 10 | Loss: 0.625150
Epoch 3 Batch 11 | Loss: 0.657265
Epoch 3 Batch 12 | Loss: 0.701128
Epoch 3 Batch 13 | Loss: 0.603463
--- Epoch 3/30 | Loss: 0.6320 | Train Acc: 48.5% | Test Acc: 50.0% | CM: [TP:0, TN:86, FP:0, FN:86] | Progress: 10.0% | ETA: 51.1s ---
Epoch 4 Batch 1 | Loss: 0.615811 | Stats: min: -0.243, max: 0.211, mean: -0.028
Epoch 4 Batch 2 | Loss: 0.595872
Epoch 4 Batch 3 | Loss: 0.589728
Epoch 4 Batch 4 | Loss: 0.594161
Epoch 4 Batch 5 | Loss: 0.666322
Epoch 4 Batch 6 | Loss: 0.566708
Epoch 4 Batch 7 | Loss: 0.533419
Epoch 4 Batch 8 | Loss: 0.626851
Epoch 4 Batch 9 | Loss: 0.683241
Epoch 4 Batch 10 | Loss: 0.573022
Epoch 4 Batch 11 | Loss: 0.605012
Epoch 4 Batch 12 | Loss: 0.607708
Epoch 4 Batch 13 | Loss: 0.561206
  [STABILITY] Plateau detected. Reducing Learning Rate to 0.010000
--- Epoch 4/30 | Loss: 0.6015 | Train Acc: 48.5% | Test Acc: 50.0% | CM: [TP:0, TN:86, FP:0, FN:86] | Progress: 13.3% | ETA: 37.3s ---
Epoch 5 Batch 1 | Loss: 0.554352 | Stats: min: -0.348, max: 0.162, mean: -0.158
Epoch 5 Batch 2 | Loss: 0.676940
Epoch 5 Batch 3 | Loss: 0.612958
Epoch 5 Batch 4 | Loss: 0.599732
Epoch 5 Batch 5 | Loss: 0.498786
Epoch 5 Batch 6 | Loss: 0.554738
Epoch 5 Batch 7 | Loss: 0.604922
Epoch 5 Batch 8 | Loss: 0.610676
Epoch 5 Batch 9 | Loss: 0.572399
Epoch 5 Batch 10 | Loss: 0.590766
Epoch 5 Batch 11 | Loss: 0.594495
Epoch 5 Batch 12 | Loss: 0.578222
Epoch 5 Batch 13 | Loss: 0.585462
--- Epoch 5/30 | Loss: 0.5873 | Train Acc: 48.5% | Test Acc: 50.0% | CM: [TP:0, TN:86, FP:0, FN:86] | Progress: 16.7% | ETA: 28.0s ---
Epoch 6 Batch 1 | Loss: 0.577622 | Stats: min: -0.148, max: 0.339, mean: 0.032
Epoch 6 Batch 2 | Loss: 0.535571
Epoch 6 Batch 3 | Loss: 0.591241
Epoch 6 Batch 4 | Loss: 0.555135
Epoch 6 Batch 5 | Loss: 0.585152
Epoch 6 Batch 6 | Loss: 0.567093
Epoch 6 Batch 7 | Loss: 0.516872
Epoch 6 Batch 8 | Loss: 0.569908
Epoch 6 Batch 9 | Loss: 0.573393
Epoch 6 Batch 10 | Loss: 0.585340
Epoch 6 Batch 11 | Loss: 0.596166
Epoch 6 Batch 12 | Loss: 0.597505
Epoch 6 Batch 13 | Loss: 0.595886
--- Epoch 6/30 | Loss: 0.5728 | Train Acc: 48.5% | Test Acc: 50.0% | CM: [TP:0, TN:86, FP:0, FN:86] | Progress: 20.0% | ETA: 23.8s ---
Epoch 7 Batch 1 | Loss: 0.549319 | Stats: min: -0.172, max: 0.253, mean: -0.029
Epoch 7 Batch 2 | Loss: 0.555472
Epoch 7 Batch 3 | Loss: 0.550825
Epoch 7 Batch 4 | Loss: 0.605073
Epoch 7 Batch 5 | Loss: 0.580065
Epoch 7 Batch 6 | Loss: 0.534663
Epoch 7 Batch 7 | Loss: 0.584384
Epoch 7 Batch 8 | Loss: 0.532905
Epoch 7 Batch 9 | Loss: 0.604887
Epoch 7 Batch 10 | Loss: 0.518999
Epoch 7 Batch 11 | Loss: 0.585179
Epoch 7 Batch 12 | Loss: 0.538515
Epoch 7 Batch 13 | Loss: 0.560998
  [STABILITY] Plateau detected. Reducing Learning Rate to 0.005000
--- Epoch 7/30 | Loss: 0.5616 | Train Acc: 48.5% | Test Acc: 50.0% | CM: [TP:0, TN:86, FP:0, FN:86] | Progress: 23.3% | ETA: 18.8s ---
Epoch 8 Batch 1 | Loss: 0.561701 | Stats: min: -0.300, max: 0.325, mean: -0.001
Epoch 8 Batch 2 | Loss: 0.555740
Epoch 8 Batch 3 | Loss: 0.551971
Epoch 8 Batch 4 | Loss: 0.576827
Epoch 8 Batch 5 | Loss: 0.564166
Epoch 8 Batch 6 | Loss: 0.557984
Epoch 8 Batch 7 | Loss: 0.511647
Epoch 8 Batch 8 | Loss: 0.549589
Epoch 8 Batch 9 | Loss: 0.526289
Epoch 8 Batch 10 | Loss: 0.572792
Epoch 8 Batch 11 | Loss: 0.509541
Epoch 8 Batch 12 | Loss: 0.617031
Epoch 8 Batch 13 | Loss: 0.485859
--- Epoch 8/30 | Loss: 0.5493 | Train Acc: 48.5% | Test Acc: 50.0% | CM: [TP:0, TN:86, FP:0, FN:86] | Progress: 26.7% | ETA: 15.6s ---
Epoch 9 Batch 1 | Loss: 0.594455 | Stats: min: -0.105, max: 0.388, mean: 0.082
Epoch 9 Batch 2 | Loss: 0.514779
Epoch 9 Batch 3 | Loss: 0.561809
Epoch 9 Batch 4 | Loss: 0.535050
Epoch 9 Batch 5 | Loss: 0.569191
Epoch 9 Batch 6 | Loss: 0.537699
Epoch 9 Batch 7 | Loss: 0.555003
Epoch 9 Batch 8 | Loss: 0.504605
Epoch 9 Batch 9 | Loss: 0.530159
Epoch 9 Batch 10 | Loss: 0.547527
Epoch 9 Batch 11 | Loss: 0.578457
Epoch 9 Batch 12 | Loss: 0.533619
Epoch 9 Batch 13 | Loss: 0.545781
--- Epoch 9/30 | Loss: 0.5468 | Train Acc: 48.5% | Test Acc: 50.0% | CM: [TP:0, TN:86, FP:0, FN:86] | Progress: 30.0% | ETA: 12.9s ---
Epoch 10 Batch 1 | Loss: 0.540821 | Stats: min: 0.045, max: 0.218, mean: 0.141
Epoch 10 Batch 2 | Loss: 0.527918
Epoch 10 Batch 3 | Loss: 0.581257
Epoch 10 Batch 4 | Loss: 0.515781
Epoch 10 Batch 5 | Loss: 0.546218
Epoch 10 Batch 6 | Loss: 0.529247
Epoch 10 Batch 7 | Loss: 0.576898
Epoch 10 Batch 8 | Loss: 0.524415
Epoch 10 Batch 9 | Loss: 0.555103
Epoch 10 Batch 10 | Loss: 0.533408
Epoch 10 Batch 11 | Loss: 0.525447
Epoch 10 Batch 12 | Loss: 0.537140
Epoch 10 Batch 13 | Loss: 0.578832
  [STABILITY] Test accuracy improved: 50.00% -> 57.56% (via EMA). Saving best params.
--- Epoch 10/30 | Loss: 0.5440 | Train Acc: 53.5% | Test Acc: 57.6% | CM: [TP:13, TN:86, FP:0, FN:73] | Progress: 33.3% | ETA: 11.5s ---
Epoch 11 Batch 1 | Loss: 0.555763 | Stats: min: -0.095, max: 0.348, mean: 0.095
Epoch 11 Batch 2 | Loss: 0.537195
Epoch 11 Batch 3 | Loss: 0.543941
Epoch 11 Batch 4 | Loss: 0.559056
Epoch 11 Batch 5 | Loss: 0.587189
Epoch 11 Batch 6 | Loss: 0.508064
Epoch 11 Batch 7 | Loss: 0.546833
Epoch 11 Batch 8 | Loss: 0.525548
Epoch 11 Batch 9 | Loss: 0.562888
Epoch 11 Batch 10 | Loss: 0.496749
Epoch 11 Batch 11 | Loss: 0.509214
Epoch 11 Batch 12 | Loss: 0.559869
Epoch 11 Batch 13 | Loss: 0.542473
  [STABILITY] Test accuracy improved: 57.56% -> 63.37% (via EMA). Saving best params.
--- Epoch 11/30 | Loss: 0.5411 | Train Acc: 61.5% | Test Acc: 63.4% | CM: [TP:23, TN:86, FP:0, FN:63] | Progress: 36.7% | ETA: 9.5s ---
Epoch 12 Batch 1 | Loss: 0.528874 | Stats: min: -0.157, max: 0.423, mean: 0.032
Epoch 12 Batch 2 | Loss: 0.565175
Epoch 12 Batch 3 | Loss: 0.506734
Epoch 12 Batch 4 | Loss: 0.537978
Epoch 12 Batch 5 | Loss: 0.539739
Epoch 12 Batch 6 | Loss: 0.533479
Epoch 12 Batch 7 | Loss: 0.503379
Epoch 12 Batch 8 | Loss: 0.514131
Epoch 12 Batch 9 | Loss: 0.586788
Epoch 12 Batch 10 | Loss: 0.522083
Epoch 12 Batch 11 | Loss: 0.557667
Epoch 12 Batch 12 | Loss: 0.523297
Epoch 12 Batch 13 | Loss: 0.508675
  [STABILITY] Test accuracy improved: 63.37% -> 72.09% (via EMA). Saving best params.
--- Epoch 12/30 | Loss: 0.5329 | Train Acc: 68.0% | Test Acc: 72.1% | CM: [TP:38, TN:86, FP:0, FN:48] | Progress: 40.0% | ETA: 8.3s ---
Epoch 13 Batch 1 | Loss: 0.492968 | Stats: min: -0.207, max: 0.506, mean: 0.149
Epoch 13 Batch 2 | Loss: 0.527407
Epoch 13 Batch 3 | Loss: 0.516336
Epoch 13 Batch 4 | Loss: 0.550464
Epoch 13 Batch 5 | Loss: 0.510631
Epoch 13 Batch 6 | Loss: 0.562716
Epoch 13 Batch 7 | Loss: 0.516396
Epoch 13 Batch 8 | Loss: 0.526057
Epoch 13 Batch 9 | Loss: 0.515206
Epoch 13 Batch 10 | Loss: 0.528185
Epoch 13 Batch 11 | Loss: 0.557315
Epoch 13 Batch 12 | Loss: 0.543820
Epoch 13 Batch 13 | Loss: 0.588671
  [STABILITY] Test accuracy improved: 72.09% -> 76.16% (via EMA). Saving best params.
--- Epoch 13/30 | Loss: 0.5336 | Train Acc: 74.5% | Test Acc: 76.2% | CM: [TP:46, TN:85, FP:1, FN:40] | Progress: 43.3% | ETA: 7.2s ---
Epoch 14 Batch 1 | Loss: 0.555800 | Stats: min: -0.199, max: 0.405, mean: 0.062
Epoch 14 Batch 2 | Loss: 0.594463
Epoch 14 Batch 3 | Loss: 0.537000
Epoch 14 Batch 4 | Loss: 0.540545
Epoch 14 Batch 5 | Loss: 0.507618
Epoch 14 Batch 6 | Loss: 0.507359
Epoch 14 Batch 7 | Loss: 0.506290
Epoch 14 Batch 8 | Loss: 0.527137
Epoch 14 Batch 9 | Loss: 0.494009
Epoch 14 Batch 10 | Loss: 0.515798
Epoch 14 Batch 11 | Loss: 0.522597
Epoch 14 Batch 12 | Loss: 0.515060
Epoch 14 Batch 13 | Loss: 0.584459
  [STABILITY] Test accuracy improved: 76.16% -> 81.98% (via EMA). Saving best params.
--- Epoch 14/30 | Loss: 0.5314 | Train Acc: 77.5% | Test Acc: 82.0% | CM: [TP:56, TN:85, FP:1, FN:30] | Progress: 46.7% | ETA: 6.3s ---
Epoch 15 Batch 1 | Loss: 0.492276 | Stats: min: -0.299, max: 0.260, mean: 0.046
Epoch 15 Batch 2 | Loss: 0.536672
Epoch 15 Batch 3 | Loss: 0.482281
Epoch 15 Batch 4 | Loss: 0.536988
Epoch 15 Batch 5 | Loss: 0.515862
Epoch 15 Batch 6 | Loss: 0.566502
Epoch 15 Batch 7 | Loss: 0.557102
Epoch 15 Batch 8 | Loss: 0.523134
Epoch 15 Batch 9 | Loss: 0.519522
Epoch 15 Batch 10 | Loss: 0.486205
Epoch 15 Batch 11 | Loss: 0.514098
Epoch 15 Batch 12 | Loss: 0.521309
Epoch 15 Batch 13 | Loss: 0.607412
  [STABILITY] Test accuracy improved: 81.98% -> 84.30% (via EMA). Saving best params.
--- Epoch 15/30 | Loss: 0.5276 | Train Acc: 82.5% | Test Acc: 84.3% | CM: [TP:60, TN:85, FP:1, FN:26] | Progress: 50.0% | ETA: 5.5s ---
Epoch 16 Batch 1 | Loss: 0.539748 | Stats: min: -0.216, max: 0.342, mean: 0.063
Epoch 16 Batch 2 | Loss: 0.527665
Epoch 16 Batch 3 | Loss: 0.508608
Epoch 16 Batch 4 | Loss: 0.487763
Epoch 16 Batch 5 | Loss: 0.558996
Epoch 16 Batch 6 | Loss: 0.512062
Epoch 16 Batch 7 | Loss: 0.489518
Epoch 16 Batch 8 | Loss: 0.516736
Epoch 16 Batch 9 | Loss: 0.510845
Epoch 16 Batch 10 | Loss: 0.574711
Epoch 16 Batch 11 | Loss: 0.543772
Epoch 16 Batch 12 | Loss: 0.526948
Epoch 16 Batch 13 | Loss: 0.539339
--- Epoch 16/30 | Loss: 0.5259 | Train Acc: 83.5% | Test Acc: 84.3% | CM: [TP:61, TN:84, FP:2, FN:25] | Progress: 53.3% | ETA: 4.8s ---
Epoch 17 Batch 1 | Loss: 0.511925 | Stats: min: -0.223, max: 0.260, mean: -0.044
Epoch 17 Batch 2 | Loss: 0.528779
Epoch 17 Batch 3 | Loss: 0.524545
Epoch 17 Batch 4 | Loss: 0.534072
Epoch 17 Batch 5 | Loss: 0.504132
Epoch 17 Batch 6 | Loss: 0.552504
Epoch 17 Batch 7 | Loss: 0.482724
Epoch 17 Batch 8 | Loss: 0.499680
Epoch 17 Batch 9 | Loss: 0.530413
Epoch 17 Batch 10 | Loss: 0.551500
Epoch 17 Batch 11 | Loss: 0.508167
Epoch 17 Batch 12 | Loss: 0.513962
Epoch 17 Batch 13 | Loss: 0.479740
  [STABILITY] Test accuracy improved: 84.30% -> 87.79% (via EMA). Saving best params.
--- Epoch 17/30 | Loss: 0.5171 | Train Acc: 87.5% | Test Acc: 87.8% | CM: [TP:68, TN:83, FP:3, FN:18] | Progress: 56.7% | ETA: 4.3s ---
Epoch 18 Batch 1 | Loss: 0.532077 | Stats: min: -0.257, max: 0.304, mean: 0.004
Epoch 18 Batch 2 | Loss: 0.449429
Epoch 18 Batch 3 | Loss: 0.484735
Epoch 18 Batch 4 | Loss: 0.521812
Epoch 18 Batch 5 | Loss: 0.528388
Epoch 18 Batch 6 | Loss: 0.475214
Epoch 18 Batch 7 | Loss: 0.611614
Epoch 18 Batch 8 | Loss: 0.528807
Epoch 18 Batch 9 | Loss: 0.471131
Epoch 18 Batch 10 | Loss: 0.530456
Epoch 18 Batch 11 | Loss: 0.554595
Epoch 18 Batch 12 | Loss: 0.526592
Epoch 18 Batch 13 | Loss: 0.480280
  [STABILITY] Test accuracy improved: 87.79% -> 90.12% (via EMA). Saving best params.
--- Epoch 18/30 | Loss: 0.5150 | Train Acc: 88.5% | Test Acc: 90.1% | CM: [TP:72, TN:83, FP:3, FN:14] | Progress: 60.0% | ETA: 3.7s ---
Epoch 19 Batch 1 | Loss: 0.499125 | Stats: min: -0.313, max: 0.229, mean: -0.072
Epoch 19 Batch 2 | Loss: 0.481699
Epoch 19 Batch 3 | Loss: 0.485092
Epoch 19 Batch 4 | Loss: 0.531955
Epoch 19 Batch 5 | Loss: 0.540643
Epoch 19 Batch 6 | Loss: 0.487394
Epoch 19 Batch 7 | Loss: 0.552993
Epoch 19 Batch 8 | Loss: 0.500992
Epoch 19 Batch 9 | Loss: 0.523383
Epoch 19 Batch 10 | Loss: 0.488413
Epoch 19 Batch 11 | Loss: 0.554829
Epoch 19 Batch 12 | Loss: 0.531239
Epoch 19 Batch 13 | Loss: 0.479385
  [STABILITY] Test accuracy improved: 90.12% -> 91.28% (via EMA). Saving best params.
--- Epoch 19/30 | Loss: 0.5121 | Train Acc: 89.0% | Test Acc: 91.3% | CM: [TP:74, TN:83, FP:3, FN:12] | Progress: 63.3% | ETA: 3.3s ---
Epoch 20 Batch 1 | Loss: 0.470395 | Stats: min: -0.409, max: 0.535, mean: 0.121
Epoch 20 Batch 2 | Loss: 0.514233
Epoch 20 Batch 3 | Loss: 0.538167
Epoch 20 Batch 4 | Loss: 0.473925
Epoch 20 Batch 5 | Loss: 0.529512
Epoch 20 Batch 6 | Loss: 0.505127
Epoch 20 Batch 7 | Loss: 0.476493
Epoch 20 Batch 8 | Loss: 0.480621
Epoch 20 Batch 9 | Loss: 0.497176
Epoch 20 Batch 10 | Loss: 0.529073
Epoch 20 Batch 11 | Loss: 0.574151
Epoch 20 Batch 12 | Loss: 0.555690
Epoch 20 Batch 13 | Loss: 0.510106
  [STABILITY] Test accuracy improved: 91.28% -> 93.60% (via EMA). Saving best params.
--- Epoch 20/30 | Loss: 0.5119 | Train Acc: 89.5% | Test Acc: 93.6% | CM: [TP:79, TN:82, FP:4, FN:7] | Progress: 66.7% | ETA: 2.8s ---
Epoch 21 Batch 1 | Loss: 0.536582 | Stats: min: -0.274, max: 0.243, mean: -0.012
Epoch 21 Batch 2 | Loss: 0.507133
Epoch 21 Batch 3 | Loss: 0.533531
Epoch 21 Batch 4 | Loss: 0.504482
Epoch 21 Batch 5 | Loss: 0.488975
Epoch 21 Batch 6 | Loss: 0.497688
Epoch 21 Batch 7 | Loss: 0.489720
Epoch 21 Batch 8 | Loss: 0.533907
Epoch 21 Batch 9 | Loss: 0.480401
Epoch 21 Batch 10 | Loss: 0.478782
Epoch 21 Batch 11 | Loss: 0.572389
Epoch 21 Batch 12 | Loss: 0.483908
Epoch 21 Batch 13 | Loss: 0.516922
  [STABILITY] Test accuracy improved: 93.60% -> 94.19% (via EMA). Saving best params.
--- Epoch 21/30 | Loss: 0.5096 | Train Acc: 90.0% | Test Acc: 94.2% | CM: [TP:80, TN:82, FP:4, FN:6] | Progress: 70.0% | ETA: 2.4s ---
Epoch 22 Batch 1 | Loss: 0.447604 | Stats: min: -0.367, max: 0.320, mean: -0.046
Epoch 22 Batch 2 | Loss: 0.494389
Epoch 22 Batch 3 | Loss: 0.500810
Epoch 22 Batch 4 | Loss: 0.530640
Epoch 22 Batch 5 | Loss: 0.502596
Epoch 22 Batch 6 | Loss: 0.523030
Epoch 22 Batch 7 | Loss: 0.490728
Epoch 22 Batch 8 | Loss: 0.493370
Epoch 22 Batch 9 | Loss: 0.460596
Epoch 22 Batch 10 | Loss: 0.533490
Epoch 22 Batch 11 | Loss: 0.473420
Epoch 22 Batch 12 | Loss: 0.619490
Epoch 22 Batch 13 | Loss: 0.538068
--- Epoch 22/30 | Loss: 0.5083 | Train Acc: 90.5% | Test Acc: 94.2% | CM: [TP:80, TN:82, FP:4, FN:6] | Progress: 73.3% | ETA: 2.0s ---
Epoch 23 Batch 1 | Loss: 0.533076 | Stats: min: -0.354, max: 0.287, mean: -0.093
Epoch 23 Batch 2 | Loss: 0.484908
Epoch 23 Batch 3 | Loss: 0.520769
Epoch 23 Batch 4 | Loss: 0.521805
Epoch 23 Batch 5 | Loss: 0.511605
Epoch 23 Batch 6 | Loss: 0.482250
Epoch 23 Batch 7 | Loss: 0.548482
Epoch 23 Batch 8 | Loss: 0.480168
Epoch 23 Batch 9 | Loss: 0.504024
Epoch 23 Batch 10 | Loss: 0.475427
Epoch 23 Batch 11 | Loss: 0.523106
Epoch 23 Batch 12 | Loss: 0.471438
Epoch 23 Batch 13 | Loss: 0.536114
--- Epoch 23/30 | Loss: 0.5072 | Train Acc: 91.0% | Test Acc: 93.6% | CM: [TP:79, TN:82, FP:4, FN:7] | Progress: 76.7% | ETA: 1.7s ---
Epoch 24 Batch 1 | Loss: 0.455792 | Stats: min: -0.323, max: 0.411, mean: 0.078
Epoch 24 Batch 2 | Loss: 0.563780
Epoch 24 Batch 3 | Loss: 0.599801
Epoch 24 Batch 4 | Loss: 0.487817
Epoch 24 Batch 5 | Loss: 0.483019
Epoch 24 Batch 6 | Loss: 0.465828
Epoch 24 Batch 7 | Loss: 0.495215
Epoch 24 Batch 8 | Loss: 0.482295
Epoch 24 Batch 9 | Loss: 0.474309
Epoch 24 Batch 10 | Loss: 0.551679
Epoch 24 Batch 11 | Loss: 0.497042
Epoch 24 Batch 12 | Loss: 0.479620
Epoch 24 Batch 13 | Loss: 0.535342
  [STABILITY] Plateau detected. Reducing Learning Rate to 0.002500
--- Epoch 24/30 | Loss: 0.5055 | Train Acc: 91.0% | Test Acc: 94.2% | CM: [TP:80, TN:82, FP:4, FN:6] | Progress: 80.0% | ETA: 1.4s ---
Epoch 25 Batch 1 | Loss: 0.504527 | Stats: min: -0.238, max: 0.400, mean: -0.081
Epoch 25 Batch 2 | Loss: 0.476582
Epoch 25 Batch 3 | Loss: 0.462047
Epoch 25 Batch 4 | Loss: 0.491440
Epoch 25 Batch 5 | Loss: 0.500740
Epoch 25 Batch 6 | Loss: 0.520860
Epoch 25 Batch 7 | Loss: 0.509201
Epoch 25 Batch 8 | Loss: 0.515753
Epoch 25 Batch 9 | Loss: 0.540882
Epoch 25 Batch 10 | Loss: 0.495038
Epoch 25 Batch 11 | Loss: 0.508450
Epoch 25 Batch 12 | Loss: 0.532008
Epoch 25 Batch 13 | Loss: 0.436868
--- Epoch 25/30 | Loss: 0.4996 | Train Acc: 91.0% | Test Acc: 94.2% | CM: [TP:80, TN:82, FP:4, FN:6] | Progress: 83.3% | ETA: 1.1s ---
Epoch 26 Batch 1 | Loss: 0.507724 | Stats: min: -0.245, max: 0.247, mean: -0.078
Epoch 26 Batch 2 | Loss: 0.464723
Epoch 26 Batch 3 | Loss: 0.496769
Epoch 26 Batch 4 | Loss: 0.504082
Epoch 26 Batch 5 | Loss: 0.502367
Epoch 26 Batch 6 | Loss: 0.527723
Epoch 26 Batch 7 | Loss: 0.536002
Epoch 26 Batch 8 | Loss: 0.452452
Epoch 26 Batch 9 | Loss: 0.458288
Epoch 26 Batch 10 | Loss: 0.571978
Epoch 26 Batch 11 | Loss: 0.492219
Epoch 26 Batch 12 | Loss: 0.497207
Epoch 26 Batch 13 | Loss: 0.506017
--- Epoch 26/30 | Loss: 0.5014 | Train Acc: 91.0% | Test Acc: 94.2% | CM: [TP:80, TN:82, FP:4, FN:6] | Progress: 86.7% | ETA: 0.9s ---
Epoch 27 Batch 1 | Loss: 0.496398 | Stats: min: -0.087, max: 0.468, mean: 0.172
Epoch 27 Batch 2 | Loss: 0.550519
Epoch 27 Batch 3 | Loss: 0.443981
Epoch 27 Batch 4 | Loss: 0.536864
Epoch 27 Batch 5 | Loss: 0.472054
Epoch 27 Batch 6 | Loss: 0.499862
Epoch 27 Batch 7 | Loss: 0.510929
Epoch 27 Batch 8 | Loss: 0.450205
Epoch 27 Batch 9 | Loss: 0.535581
Epoch 27 Batch 10 | Loss: 0.494139
Epoch 27 Batch 11 | Loss: 0.550060
Epoch 27 Batch 12 | Loss: 0.471965
Epoch 27 Batch 13 | Loss: 0.502042
  [STABILITY] Plateau detected. Reducing Learning Rate to 0.001250
--- Epoch 27/30 | Loss: 0.5011 | Train Acc: 92.5% | Test Acc: 94.2% | CM: [TP:80, TN:82, FP:4, FN:6] | Progress: 90.0% | ETA: 0.6s ---
Epoch 28 Batch 1 | Loss: 0.527322 | Stats: min: -0.169, max: 0.548, mean: 0.229
Epoch 28 Batch 2 | Loss: 0.443611
Epoch 28 Batch 3 | Loss: 0.500831
Epoch 28 Batch 4 | Loss: 0.543428
Epoch 28 Batch 5 | Loss: 0.535388
Epoch 28 Batch 6 | Loss: 0.454837
Epoch 28 Batch 7 | Loss: 0.513684
Epoch 28 Batch 8 | Loss: 0.516172
Epoch 28 Batch 9 | Loss: 0.500265
Epoch 28 Batch 10 | Loss: 0.533585
Epoch 28 Batch 11 | Loss: 0.441743
Epoch 28 Batch 12 | Loss: 0.513580
Epoch 28 Batch 13 | Loss: 0.457352
--- Epoch 28/30 | Loss: 0.4986 | Train Acc: 92.5% | Test Acc: 94.2% | CM: [TP:80, TN:82, FP:4, FN:6] | Progress: 93.3% | ETA: 0.4s ---
Epoch 29 Batch 1 | Loss: 0.476625 | Stats: min: -0.381, max: 0.232, mean: -0.148
Epoch 29 Batch 2 | Loss: 0.490168
Epoch 29 Batch 3 | Loss: 0.490649
Epoch 29 Batch 4 | Loss: 0.480437
Epoch 29 Batch 5 | Loss: 0.505244
Epoch 29 Batch 6 | Loss: 0.503470
Epoch 29 Batch 7 | Loss: 0.504138
Epoch 29 Batch 8 | Loss: 0.484464
Epoch 29 Batch 9 | Loss: 0.491578
Epoch 29 Batch 10 | Loss: 0.560230
Epoch 29 Batch 11 | Loss: 0.493485
Epoch 29 Batch 12 | Loss: 0.544335
Epoch 29 Batch 13 | Loss: 0.450377
--- Epoch 29/30 | Loss: 0.4981 | Train Acc: 92.5% | Test Acc: 93.6% | CM: [TP:80, TN:81, FP:5, FN:6] | Progress: 96.7% | ETA: 0.2s ---
Epoch 30 Batch 1 | Loss: 0.469379 | Stats: min: -0.302, max: 0.533, mean: 0.124
Epoch 30 Batch 2 | Loss: 0.522313
Epoch 30 Batch 3 | Loss: 0.520598
Epoch 30 Batch 4 | Loss: 0.497490
Epoch 30 Batch 5 | Loss: 0.466747
Epoch 30 Batch 6 | Loss: 0.530032
Epoch 30 Batch 7 | Loss: 0.517866
Epoch 30 Batch 8 | Loss: 0.517790
Epoch 30 Batch 9 | Loss: 0.499528
Epoch 30 Batch 10 | Loss: 0.463015
Epoch 30 Batch 11 | Loss: 0.483811
Epoch 30 Batch 12 | Loss: 0.482450
Epoch 30 Batch 13 | Loss: 0.551603
  [STABILITY] Plateau detected. Reducing Learning Rate to 0.000625
--- Epoch 30/30 | Loss: 0.5017 | Train Acc: 92.5% | Test Acc: 93.6% | CM: [TP:80, TN:81, FP:5, FN:6] | Progress: 100.0% | ETA: 0.0s ---

Final Best Test Accuracy: 94.19%


Best Quantum Test Accuracy: 0.942
