DEBUG: Qtrainer enters train_pure_quantum_cnn. Encoding: amplitude
  Class Weights: +1 (Target): 1.00 | -1 (Rest): 1.00
Starting Training
==================================================
Epoch 1 Batch 1 | Loss: 0.685550 | Stats: min: -0.306, max: -0.191, mean: -0.269
Epoch 1 Batch 2 | Loss: 0.832260
Epoch 1 Batch 3 | Loss: 0.666385
Epoch 1 Batch 4 | Loss: 0.673391
Epoch 1 Batch 5 | Loss: 0.639128
Epoch 1 Batch 6 | Loss: 0.584720
Epoch 1 Batch 7 | Loss: 0.584074
Epoch 1 Batch 8 | Loss: 0.659917
Epoch 1 Batch 9 | Loss: 0.579547
Epoch 1 Batch 10 | Loss: 0.591448
Epoch 1 Batch 11 | Loss: 0.599473
Epoch 1 Batch 12 | Loss: 0.566945
Epoch 1 Batch 13 | Loss: 0.635778
  [STABILITY] Test accuracy improved: 0.00% -> 50.00% (via EMA). Saving best params.
--- Epoch 1/30 | Loss: 0.6384 | Train Acc: 46.5% | Test Acc: 50.0% | CM: [TP:0, TN:86, FP:0, FN:86] | Progress: 3.3% | ETA: 295.4s ---
Epoch 2 Batch 1 | Loss: 0.653975 | Stats: min: -0.088, max: 0.173, mean: 0.018
Epoch 2 Batch 2 | Loss: 0.623626
Epoch 2 Batch 3 | Loss: 0.615581
Epoch 2 Batch 4 | Loss: 0.604312
Epoch 2 Batch 5 | Loss: 0.588212
Epoch 2 Batch 6 | Loss: 0.618367
Epoch 2 Batch 7 | Loss: 0.600048
Epoch 2 Batch 8 | Loss: 0.612092
Epoch 2 Batch 9 | Loss: 0.612978
Epoch 2 Batch 10 | Loss: 0.593151
Epoch 2 Batch 11 | Loss: 0.594264
Epoch 2 Batch 12 | Loss: 0.532160
Epoch 2 Batch 13 | Loss: 0.657013
--- Epoch 2/30 | Loss: 0.6081 | Train Acc: 46.5% | Test Acc: 50.0% | CM: [TP:0, TN:86, FP:0, FN:86] | Progress: 6.7% | ETA: 90.2s ---
Epoch 3 Batch 1 | Loss: 0.600109 | Stats: min: -0.146, max: 0.178, mean: 0.087
Epoch 3 Batch 2 | Loss: 0.591146
Epoch 3 Batch 3 | Loss: 0.565417
Epoch 3 Batch 4 | Loss: 0.590693
Epoch 3 Batch 5 | Loss: 0.619952
Epoch 3 Batch 6 | Loss: 0.550584
Epoch 3 Batch 7 | Loss: 0.617845
Epoch 3 Batch 8 | Loss: 0.548781
Epoch 3 Batch 9 | Loss: 0.561110
Epoch 3 Batch 10 | Loss: 0.579813
Epoch 3 Batch 11 | Loss: 0.578192
Epoch 3 Batch 12 | Loss: 0.576536
Epoch 3 Batch 13 | Loss: 0.612852
  [STABILITY] Test accuracy improved: 50.00% -> 50.58% (via EMA). Saving best params.
--- Epoch 3/30 | Loss: 0.5841 | Train Acc: 47.5% | Test Acc: 50.6% | CM: [TP:1, TN:86, FP:0, FN:85] | Progress: 10.0% | ETA: 55.2s ---
Epoch 4 Batch 1 | Loss: 0.566775 | Stats: min: -0.155, max: 0.369, mean: 0.015
Epoch 4 Batch 2 | Loss: 0.516104
Epoch 4 Batch 3 | Loss: 0.583152
Epoch 4 Batch 4 | Loss: 0.557480
Epoch 4 Batch 5 | Loss: 0.584366
Epoch 4 Batch 6 | Loss: 0.579487
Epoch 4 Batch 7 | Loss: 0.581661
Epoch 4 Batch 8 | Loss: 0.583913
Epoch 4 Batch 9 | Loss: 0.593026
Epoch 4 Batch 10 | Loss: 0.574152
Epoch 4 Batch 11 | Loss: 0.602478
Epoch 4 Batch 12 | Loss: 0.575617
Epoch 4 Batch 13 | Loss: 0.531221
  [STABILITY] Test accuracy improved: 50.58% -> 63.37% (via EMA). Saving best params.
--- Epoch 4/30 | Loss: 0.5715 | Train Acc: 64.5% | Test Acc: 63.4% | CM: [TP:35, TN:74, FP:12, FN:51] | Progress: 13.3% | ETA: 40.8s ---
Epoch 5 Batch 1 | Loss: 0.554334 | Stats: min: -0.340, max: 0.462, mean: 0.154
Epoch 5 Batch 2 | Loss: 0.543066
Epoch 5 Batch 3 | Loss: 0.603794
Epoch 5 Batch 4 | Loss: 0.581730
Epoch 5 Batch 5 | Loss: 0.571074
Epoch 5 Batch 6 | Loss: 0.575836
Epoch 5 Batch 7 | Loss: 0.586435
Epoch 5 Batch 8 | Loss: 0.567981
Epoch 5 Batch 9 | Loss: 0.570535
Epoch 5 Batch 10 | Loss: 0.541207
Epoch 5 Batch 11 | Loss: 0.542027
Epoch 5 Batch 12 | Loss: 0.603935
Epoch 5 Batch 13 | Loss: 0.553500
  [STABILITY] Test accuracy improved: 63.37% -> 73.26% (via EMA). Saving best params.
--- Epoch 5/30 | Loss: 0.5689 | Train Acc: 73.5% | Test Acc: 73.3% | CM: [TP:73, TN:53, FP:33, FN:13] | Progress: 16.7% | ETA: 30.2s ---
Epoch 6 Batch 1 | Loss: 0.569108 | Stats: min: -0.212, max: 0.178, mean: -0.002
Epoch 6 Batch 2 | Loss: 0.528153
Epoch 6 Batch 3 | Loss: 0.580140
Epoch 6 Batch 4 | Loss: 0.529827
Epoch 6 Batch 5 | Loss: 0.583886
Epoch 6 Batch 6 | Loss: 0.557909
Epoch 6 Batch 7 | Loss: 0.569070
Epoch 6 Batch 8 | Loss: 0.552187
Epoch 6 Batch 9 | Loss: 0.567599
Epoch 6 Batch 10 | Loss: 0.576812
Epoch 6 Batch 11 | Loss: 0.575326
Epoch 6 Batch 12 | Loss: 0.563481
Epoch 6 Batch 13 | Loss: 0.573210
--- Epoch 6/30 | Loss: 0.5636 | Train Acc: 66.5% | Test Acc: 68.0% | CM: [TP:80, TN:37, FP:49, FN:6] | Progress: 20.0% | ETA: 24.6s ---
Epoch 7 Batch 1 | Loss: 0.510218 | Stats: min: -0.435, max: 0.348, mean: -0.150
Epoch 7 Batch 2 | Loss: 0.588013
Epoch 7 Batch 3 | Loss: 0.554401
Epoch 7 Batch 4 | Loss: 0.653844
Epoch 7 Batch 5 | Loss: 0.569658
Epoch 7 Batch 6 | Loss: 0.511405
Epoch 7 Batch 7 | Loss: 0.567545
Epoch 7 Batch 8 | Loss: 0.556545
Epoch 7 Batch 9 | Loss: 0.576022
Epoch 7 Batch 10 | Loss: 0.551111
Epoch 7 Batch 11 | Loss: 0.593248
Epoch 7 Batch 12 | Loss: 0.545828
Epoch 7 Batch 13 | Loss: 0.546022
--- Epoch 7/30 | Loss: 0.5634 | Train Acc: 63.5% | Test Acc: 67.4% | CM: [TP:84, TN:32, FP:54, FN:2] | Progress: 23.3% | ETA: 19.9s ---
Epoch 8 Batch 1 | Loss: 0.587661 | Stats: min: 0.021, max: 0.174, mean: 0.110
Epoch 8 Batch 2 | Loss: 0.585788
Epoch 8 Batch 3 | Loss: 0.527352
Epoch 8 Batch 4 | Loss: 0.559026
Epoch 8 Batch 5 | Loss: 0.565119
Epoch 8 Batch 6 | Loss: 0.553517
Epoch 8 Batch 7 | Loss: 0.580065
Epoch 8 Batch 8 | Loss: 0.578338
Epoch 8 Batch 9 | Loss: 0.566217
Epoch 8 Batch 10 | Loss: 0.534090
Epoch 8 Batch 11 | Loss: 0.564788
Epoch 8 Batch 12 | Loss: 0.550443
Epoch 8 Batch 13 | Loss: 0.524638
  [STABILITY] Plateau detected. Reducing Learning Rate to 0.010000
--- Epoch 8/30 | Loss: 0.5598 | Train Acc: 66.0% | Test Acc: 66.9% | CM: [TP:84, TN:31, FP:55, FN:2] | Progress: 26.7% | ETA: 16.6s ---
Epoch 9 Batch 1 | Loss: 0.560990 | Stats: min: -0.205, max: 0.281, mean: 0.064
Epoch 9 Batch 2 | Loss: 0.573268
Epoch 9 Batch 3 | Loss: 0.568004
Epoch 9 Batch 4 | Loss: 0.533202
Epoch 9 Batch 5 | Loss: 0.544832
Epoch 9 Batch 6 | Loss: 0.549292
Epoch 9 Batch 7 | Loss: 0.560309
Epoch 9 Batch 8 | Loss: 0.574945
Epoch 9 Batch 9 | Loss: 0.570451
Epoch 9 Batch 10 | Loss: 0.561487
Epoch 9 Batch 11 | Loss: 0.551195
Epoch 9 Batch 12 | Loss: 0.555271
Epoch 9 Batch 13 | Loss: 0.591822
--- Epoch 9/30 | Loss: 0.5612 | Train Acc: 67.0% | Test Acc: 67.4% | CM: [TP:84, TN:32, FP:54, FN:2] | Progress: 30.0% | ETA: 13.9s ---
Epoch 10 Batch 1 | Loss: 0.538626 | Stats: min: -0.236, max: 0.227, mean: 0.047
Epoch 10 Batch 2 | Loss: 0.550198
Epoch 10 Batch 3 | Loss: 0.556037
Epoch 10 Batch 4 | Loss: 0.554745
Epoch 10 Batch 5 | Loss: 0.561437
Epoch 10 Batch 6 | Loss: 0.571727
Epoch 10 Batch 7 | Loss: 0.588542
Epoch 10 Batch 8 | Loss: 0.534724
Epoch 10 Batch 9 | Loss: 0.601573
Epoch 10 Batch 10 | Loss: 0.568655
Epoch 10 Batch 11 | Loss: 0.548687
Epoch 10 Batch 12 | Loss: 0.530157
Epoch 10 Batch 13 | Loss: 0.548254
--- Epoch 10/30 | Loss: 0.5580 | Train Acc: 70.0% | Test Acc: 68.0% | CM: [TP:84, TN:33, FP:53, FN:2] | Progress: 33.3% | ETA: 12.1s ---
Epoch 11 Batch 1 | Loss: 0.576305 | Stats: min: -0.284, max: 0.046, mean: -0.120
Epoch 11 Batch 2 | Loss: 0.537230
Epoch 11 Batch 3 | Loss: 0.571374
Epoch 11 Batch 4 | Loss: 0.593869
Epoch 11 Batch 5 | Loss: 0.513761
Epoch 11 Batch 6 | Loss: 0.578772
Epoch 11 Batch 7 | Loss: 0.605712
Epoch 11 Batch 8 | Loss: 0.512487
Epoch 11 Batch 9 | Loss: 0.569061
Epoch 11 Batch 10 | Loss: 0.615939
Epoch 11 Batch 11 | Loss: 0.520531
Epoch 11 Batch 12 | Loss: 0.559799
Epoch 11 Batch 13 | Loss: 0.580053
  [STABILITY] Plateau detected. Reducing Learning Rate to 0.005000
--- Epoch 11/30 | Loss: 0.5642 | Train Acc: 74.0% | Test Acc: 73.3% | CM: [TP:83, TN:43, FP:43, FN:3] | Progress: 36.7% | ETA: 10.4s ---
Epoch 12 Batch 1 | Loss: 0.557381 | Stats: min: -0.143, max: 0.179, mean: -0.009
Epoch 12 Batch 2 | Loss: 0.579075
Epoch 12 Batch 3 | Loss: 0.568591
Epoch 12 Batch 4 | Loss: 0.526739
Epoch 12 Batch 5 | Loss: 0.587812
Epoch 12 Batch 6 | Loss: 0.607174
Epoch 12 Batch 7 | Loss: 0.547867
Epoch 12 Batch 8 | Loss: 0.540502
Epoch 12 Batch 9 | Loss: 0.560504
Epoch 12 Batch 10 | Loss: 0.531584
Epoch 12 Batch 11 | Loss: 0.547529
Epoch 12 Batch 12 | Loss: 0.560869
Epoch 12 Batch 13 | Loss: 0.536275
  [STABILITY] Test accuracy improved: 73.26% -> 75.58% (via EMA). Saving best params.
--- Epoch 12/30 | Loss: 0.5578 | Train Acc: 80.0% | Test Acc: 75.6% | CM: [TP:83, TN:47, FP:39, FN:3] | Progress: 40.0% | ETA: 9.2s ---
Epoch 13 Batch 1 | Loss: 0.551179 | Stats: min: -0.281, max: 0.147, mean: -0.094
Epoch 13 Batch 2 | Loss: 0.571571
Epoch 13 Batch 3 | Loss: 0.538324
Epoch 13 Batch 4 | Loss: 0.523793
Epoch 13 Batch 5 | Loss: 0.538601
Epoch 13 Batch 6 | Loss: 0.567550
Epoch 13 Batch 7 | Loss: 0.534449
Epoch 13 Batch 8 | Loss: 0.537447
Epoch 13 Batch 9 | Loss: 0.578066
Epoch 13 Batch 10 | Loss: 0.580707
Epoch 13 Batch 11 | Loss: 0.569170
Epoch 13 Batch 12 | Loss: 0.555363
Epoch 13 Batch 13 | Loss: 0.623985
  [STABILITY] Test accuracy improved: 75.58% -> 80.23% (via EMA). Saving best params.
--- Epoch 13/30 | Loss: 0.5592 | Train Acc: 82.0% | Test Acc: 80.2% | CM: [TP:83, TN:55, FP:31, FN:3] | Progress: 43.3% | ETA: 8.0s ---
Epoch 14 Batch 1 | Loss: 0.540779 | Stats: min: -0.381, max: 0.152, mean: -0.181
Epoch 14 Batch 2 | Loss: 0.570057
Epoch 14 Batch 3 | Loss: 0.561287
Epoch 14 Batch 4 | Loss: 0.574937
Epoch 14 Batch 5 | Loss: 0.548577
Epoch 14 Batch 6 | Loss: 0.551952
Epoch 14 Batch 7 | Loss: 0.513445
Epoch 14 Batch 8 | Loss: 0.535238
Epoch 14 Batch 9 | Loss: 0.575204
Epoch 14 Batch 10 | Loss: 0.542615
Epoch 14 Batch 11 | Loss: 0.562561
Epoch 14 Batch 12 | Loss: 0.584991
Epoch 14 Batch 13 | Loss: 0.573217
  [STABILITY] Test accuracy improved: 80.23% -> 83.72% (via EMA). Saving best params.
--- Epoch 14/30 | Loss: 0.5565 | Train Acc: 83.5% | Test Acc: 83.7% | CM: [TP:82, TN:62, FP:24, FN:4] | Progress: 46.7% | ETA: 7.0s ---
Epoch 15 Batch 1 | Loss: 0.522837 | Stats: min: -0.537, max: 0.260, mean: -0.102
Epoch 15 Batch 2 | Loss: 0.603026
Epoch 15 Batch 3 | Loss: 0.572255
Epoch 15 Batch 4 | Loss: 0.546221
Epoch 15 Batch 5 | Loss: 0.541558
Epoch 15 Batch 6 | Loss: 0.567538
Epoch 15 Batch 7 | Loss: 0.567773
Epoch 15 Batch 8 | Loss: 0.541879
Epoch 15 Batch 9 | Loss: 0.512263
Epoch 15 Batch 10 | Loss: 0.580755
Epoch 15 Batch 11 | Loss: 0.570745
Epoch 15 Batch 12 | Loss: 0.539462
Epoch 15 Batch 13 | Loss: 0.562987
  [STABILITY] Test accuracy improved: 83.72% -> 84.88% (via EMA). Saving best params.
--- Epoch 15/30 | Loss: 0.5561 | Train Acc: 84.5% | Test Acc: 84.9% | CM: [TP:82, TN:64, FP:22, FN:4] | Progress: 50.0% | ETA: 6.1s ---
Epoch 16 Batch 1 | Loss: 0.540358 | Stats: min: -0.435, max: 0.162, mean: -0.200
Epoch 16 Batch 2 | Loss: 0.551387
Epoch 16 Batch 3 | Loss: 0.547097
Epoch 16 Batch 4 | Loss: 0.572065
Epoch 16 Batch 5 | Loss: 0.549299
Epoch 16 Batch 6 | Loss: 0.545724
Epoch 16 Batch 7 | Loss: 0.555041
Epoch 16 Batch 8 | Loss: 0.544922
Epoch 16 Batch 9 | Loss: 0.559373
Epoch 16 Batch 10 | Loss: 0.581765
Epoch 16 Batch 11 | Loss: 0.549373
Epoch 16 Batch 12 | Loss: 0.576922
Epoch 16 Batch 13 | Loss: 0.531497
  [STABILITY] Test accuracy improved: 84.88% -> 87.21% (via EMA). Saving best params.
--- Epoch 16/30 | Loss: 0.5542 | Train Acc: 85.5% | Test Acc: 87.2% | CM: [TP:82, TN:68, FP:18, FN:4] | Progress: 53.3% | ETA: 7.6s ---
Epoch 17 Batch 1 | Loss: 0.557827 | Stats: min: -0.284, max: 0.145, mean: -0.095
Epoch 17 Batch 2 | Loss: 0.559676
Epoch 17 Batch 3 | Loss: 0.528044
Epoch 17 Batch 4 | Loss: 0.574434
Epoch 17 Batch 5 | Loss: 0.596671
Epoch 17 Batch 6 | Loss: 0.540920
Epoch 17 Batch 7 | Loss: 0.534306
Epoch 17 Batch 8 | Loss: 0.531824
Epoch 17 Batch 9 | Loss: 0.555966
Epoch 17 Batch 10 | Loss: 0.557933
Epoch 17 Batch 11 | Loss: 0.539198
Epoch 17 Batch 12 | Loss: 0.589209
Epoch 17 Batch 13 | Loss: 0.532771
  [STABILITY] Test accuracy improved: 87.21% -> 88.37% (via EMA). Saving best params.
--- Epoch 17/30 | Loss: 0.5538 | Train Acc: 89.0% | Test Acc: 88.4% | CM: [TP:82, TN:70, FP:16, FN:4] | Progress: 56.7% | ETA: 5.6s ---
Epoch 18 Batch 1 | Loss: 0.540475 | Stats: min: -0.282, max: 0.265, mean: -0.028
Epoch 18 Batch 2 | Loss: 0.565430
Epoch 18 Batch 3 | Loss: 0.549208
Epoch 18 Batch 4 | Loss: 0.558042
Epoch 18 Batch 5 | Loss: 0.579883
Epoch 18 Batch 6 | Loss: 0.538905
Epoch 18 Batch 7 | Loss: 0.555975
Epoch 18 Batch 8 | Loss: 0.564052
Epoch 18 Batch 9 | Loss: 0.538604
Epoch 18 Batch 10 | Loss: 0.563345
Epoch 18 Batch 11 | Loss: 0.540036
Epoch 18 Batch 12 | Loss: 0.539539
Epoch 18 Batch 13 | Loss: 0.577445
--- Epoch 18/30 | Loss: 0.5547 | Train Acc: 89.5% | Test Acc: 88.4% | CM: [TP:82, TN:70, FP:16, FN:4] | Progress: 60.0% | ETA: 4.0s ---
Epoch 19 Batch 1 | Loss: 0.569081 | Stats: min: -0.104, max: 0.179, mean: 0.072
Epoch 19 Batch 2 | Loss: 0.545164
Epoch 19 Batch 3 | Loss: 0.538597
Epoch 19 Batch 4 | Loss: 0.563358
Epoch 19 Batch 5 | Loss: 0.566171
Epoch 19 Batch 6 | Loss: 0.523312
Epoch 19 Batch 7 | Loss: 0.559491
Epoch 19 Batch 8 | Loss: 0.572244
Epoch 19 Batch 9 | Loss: 0.560108
Epoch 19 Batch 10 | Loss: 0.516404
Epoch 19 Batch 11 | Loss: 0.578118
Epoch 19 Batch 12 | Loss: 0.558979
Epoch 19 Batch 13 | Loss: 0.553296
--- Epoch 19/30 | Loss: 0.5542 | Train Acc: 88.5% | Test Acc: 88.4% | CM: [TP:81, TN:71, FP:15, FN:5] | Progress: 63.3% | ETA: 5.8s ---
Epoch 20 Batch 1 | Loss: 0.557209 | Stats: min: -0.309, max: 0.194, mean: -0.102
Epoch 20 Batch 2 | Loss: 0.574303
Epoch 20 Batch 3 | Loss: 0.523678
Epoch 20 Batch 4 | Loss: 0.539752
Epoch 20 Batch 5 | Loss: 0.527574
Epoch 20 Batch 6 | Loss: 0.563189
Epoch 20 Batch 7 | Loss: 0.543026
Epoch 20 Batch 8 | Loss: 0.566548
Epoch 20 Batch 9 | Loss: 0.524717
Epoch 20 Batch 10 | Loss: 0.563423
Epoch 20 Batch 11 | Loss: 0.570462
Epoch 20 Batch 12 | Loss: 0.569629
Epoch 20 Batch 13 | Loss: 0.593934
  [STABILITY] Plateau detected. Reducing Learning Rate to 0.002500
--- Epoch 20/30 | Loss: 0.5552 | Train Acc: 90.5% | Test Acc: 88.4% | CM: [TP:80, TN:72, FP:14, FN:6] | Progress: 66.7% | ETA: 4.2s ---
Epoch 21 Batch 1 | Loss: 0.534258 | Stats: min: -0.325, max: 0.108, mean: -0.176
Epoch 21 Batch 2 | Loss: 0.542556
Epoch 21 Batch 3 | Loss: 0.573390
Epoch 21 Batch 4 | Loss: 0.585328
Epoch 21 Batch 5 | Loss: 0.528802
Epoch 21 Batch 6 | Loss: 0.562228
Epoch 21 Batch 7 | Loss: 0.559360
Epoch 21 Batch 8 | Loss: 0.551880
Epoch 21 Batch 9 | Loss: 0.536166
Epoch 21 Batch 10 | Loss: 0.564876
Epoch 21 Batch 11 | Loss: 0.546127
Epoch 21 Batch 12 | Loss: 0.545278
Epoch 21 Batch 13 | Loss: 0.568480
--- Epoch 21/30 | Loss: 0.5537 | Train Acc: 90.5% | Test Acc: 87.8% | CM: [TP:78, TN:73, FP:13, FN:8] | Progress: 70.0% | ETA: 3.8s ---
Epoch 22 Batch 1 | Loss: 0.580939 | Stats: min: -0.314, max: 0.173, mean: -0.008
Epoch 22 Batch 2 | Loss: 0.550517
Epoch 22 Batch 3 | Loss: 0.520098
Epoch 22 Batch 4 | Loss: 0.541263
Epoch 22 Batch 5 | Loss: 0.553832
Epoch 22 Batch 6 | Loss: 0.573655
Epoch 22 Batch 7 | Loss: 0.530333
Epoch 22 Batch 8 | Loss: 0.584166
Epoch 22 Batch 9 | Loss: 0.565468
Epoch 22 Batch 10 | Loss: 0.524218
Epoch 22 Batch 11 | Loss: 0.542262
Epoch 22 Batch 12 | Loss: 0.540384
Epoch 22 Batch 13 | Loss: 0.602332
--- Epoch 22/30 | Loss: 0.5546 | Train Acc: 90.0% | Test Acc: 87.8% | CM: [TP:78, TN:73, FP:13, FN:8] | Progress: 73.3% | ETA: 3.5s ---
Epoch 23 Batch 1 | Loss: 0.534952 | Stats: min: -0.193, max: 0.103, mean: -0.003
Epoch 23 Batch 2 | Loss: 0.587784
Epoch 23 Batch 3 | Loss: 0.541943
Epoch 23 Batch 4 | Loss: 0.542546
Epoch 23 Batch 5 | Loss: 0.570614
Epoch 23 Batch 6 | Loss: 0.497434
Epoch 23 Batch 7 | Loss: 0.568558
Epoch 23 Batch 8 | Loss: 0.547844
Epoch 23 Batch 9 | Loss: 0.568024
Epoch 23 Batch 10 | Loss: 0.562225
Epoch 23 Batch 11 | Loss: 0.551315
Epoch 23 Batch 12 | Loss: 0.552160
Epoch 23 Batch 13 | Loss: 0.556787
  [STABILITY] Plateau detected. Reducing Learning Rate to 0.001250
--- Epoch 23/30 | Loss: 0.5525 | Train Acc: 89.5% | Test Acc: 87.2% | CM: [TP:77, TN:73, FP:13, FN:9] | Progress: 76.7% | ETA: 2.8s ---
Epoch 24 Batch 1 | Loss: 0.565400 | Stats: min: -0.423, max: 0.087, mean: -0.152
Epoch 24 Batch 2 | Loss: 0.533248
Epoch 24 Batch 3 | Loss: 0.552462
Epoch 24 Batch 4 | Loss: 0.562045
Epoch 24 Batch 5 | Loss: 0.537281
Epoch 24 Batch 6 | Loss: 0.563695
Epoch 24 Batch 7 | Loss: 0.567017
Epoch 24 Batch 8 | Loss: 0.535174
Epoch 24 Batch 9 | Loss: 0.571151
Epoch 24 Batch 10 | Loss: 0.529858
Epoch 24 Batch 11 | Loss: 0.530141
Epoch 24 Batch 12 | Loss: 0.558914
Epoch 24 Batch 13 | Loss: 0.573706
--- Epoch 24/30 | Loss: 0.5523 | Train Acc: 90.5% | Test Acc: 87.8% | CM: [TP:77, TN:74, FP:12, FN:9] | Progress: 80.0% | ETA: 3.0s ---
Epoch 25 Batch 1 | Loss: 0.556868 | Stats: min: -0.372, max: 0.200, mean: -0.021
Epoch 25 Batch 2 | Loss: 0.542840
Epoch 25 Batch 3 | Loss: 0.545744
Epoch 25 Batch 4 | Loss: 0.544403
Epoch 25 Batch 5 | Loss: 0.552271
Epoch 25 Batch 6 | Loss: 0.573890
Epoch 25 Batch 7 | Loss: 0.522428
Epoch 25 Batch 8 | Loss: 0.542763
Epoch 25 Batch 9 | Loss: 0.577060
Epoch 25 Batch 10 | Loss: 0.537774
Epoch 25 Batch 11 | Loss: 0.562478
Epoch 25 Batch 12 | Loss: 0.552934
Epoch 25 Batch 13 | Loss: 0.555668
--- Epoch 25/30 | Loss: 0.5513 | Train Acc: 91.0% | Test Acc: 88.4% | CM: [TP:77, TN:75, FP:11, FN:9] | Progress: 83.3% | ETA: 1.6s ---
Epoch 26 Batch 1 | Loss: 0.554885 | Stats: min: -0.432, max: 0.359, mean: -0.143
Epoch 26 Batch 2 | Loss: 0.542106
Epoch 26 Batch 3 | Loss: 0.560299
Epoch 26 Batch 4 | Loss: 0.560565
Epoch 26 Batch 5 | Loss: 0.552337
Epoch 26 Batch 6 | Loss: 0.556072
Epoch 26 Batch 7 | Loss: 0.560690
Epoch 26 Batch 8 | Loss: 0.533739
Epoch 26 Batch 9 | Loss: 0.571074
Epoch 26 Batch 10 | Loss: 0.513561
Epoch 26 Batch 11 | Loss: 0.564483
Epoch 26 Batch 12 | Loss: 0.553753
Epoch 26 Batch 13 | Loss: 0.526578
  [STABILITY] Plateau detected. Reducing Learning Rate to 0.000625
--- Epoch 26/30 | Loss: 0.5500 | Train Acc: 91.0% | Test Acc: 87.8% | CM: [TP:76, TN:75, FP:11, FN:10] | Progress: 86.7% | ETA: 0.9s ---
Epoch 27 Batch 1 | Loss: 0.551864 | Stats: min: -0.324, max: 0.399, mean: -0.090
Epoch 27 Batch 2 | Loss: 0.533201
Epoch 27 Batch 3 | Loss: 0.523004
Epoch 27 Batch 4 | Loss: 0.575430
Epoch 27 Batch 5 | Loss: 0.526937
Epoch 27 Batch 6 | Loss: 0.581473
Epoch 27 Batch 7 | Loss: 0.548578
Epoch 27 Batch 8 | Loss: 0.541947
Epoch 27 Batch 9 | Loss: 0.557854
Epoch 27 Batch 10 | Loss: 0.552525
Epoch 27 Batch 11 | Loss: 0.572581
Epoch 27 Batch 12 | Loss: 0.548308
Epoch 27 Batch 13 | Loss: 0.541680
--- Epoch 27/30 | Loss: 0.5504 | Train Acc: 91.0% | Test Acc: 87.2% | CM: [TP:75, TN:75, FP:11, FN:11] | Progress: 90.0% | ETA: 0.6s ---
Epoch 28 Batch 1 | Loss: 0.558610 | Stats: min: -0.367, max: 0.168, mean: -0.104
Epoch 28 Batch 2 | Loss: 0.590770
Epoch 28 Batch 3 | Loss: 0.508350
Epoch 28 Batch 4 | Loss: 0.548450
Epoch 28 Batch 5 | Loss: 0.548340
Epoch 28 Batch 6 | Loss: 0.558578
Epoch 28 Batch 7 | Loss: 0.544418
Epoch 28 Batch 8 | Loss: 0.554718
Epoch 28 Batch 9 | Loss: 0.567939
Epoch 28 Batch 10 | Loss: 0.579367
Epoch 28 Batch 11 | Loss: 0.511644
Epoch 28 Batch 12 | Loss: 0.547155
Epoch 28 Batch 13 | Loss: 0.528181
--- Epoch 28/30 | Loss: 0.5497 | Train Acc: 91.0% | Test Acc: 87.8% | CM: [TP:75, TN:76, FP:10, FN:11] | Progress: 93.3% | ETA: 0.4s ---
Epoch 29 Batch 1 | Loss: 0.590577 | Stats: min: -0.200, max: 0.162, mean: -0.021
Epoch 29 Batch 2 | Loss: 0.532879
Epoch 29 Batch 3 | Loss: 0.554605
Epoch 29 Batch 4 | Loss: 0.543102
Epoch 29 Batch 5 | Loss: 0.570914
Epoch 29 Batch 6 | Loss: 0.569489
Epoch 29 Batch 7 | Loss: 0.523679
Epoch 29 Batch 8 | Loss: 0.544273
Epoch 29 Batch 9 | Loss: 0.550388
Epoch 29 Batch 10 | Loss: 0.525419
Epoch 29 Batch 11 | Loss: 0.558549
Epoch 29 Batch 12 | Loss: 0.538095
Epoch 29 Batch 13 | Loss: 0.561048
  [STABILITY] Plateau detected. Reducing Learning Rate to 0.000313
--- Epoch 29/30 | Loss: 0.5510 | Train Acc: 91.0% | Test Acc: 87.8% | CM: [TP:75, TN:76, FP:10, FN:11] | Progress: 96.7% | ETA: 0.2s ---
Epoch 30 Batch 1 | Loss: 0.528311 | Stats: min: -0.108, max: 0.178, mean: 0.102
Epoch 30 Batch 2 | Loss: 0.567376
Epoch 30 Batch 3 | Loss: 0.537834
Epoch 30 Batch 4 | Loss: 0.539684
Epoch 30 Batch 5 | Loss: 0.560199
Epoch 30 Batch 6 | Loss: 0.539273
Epoch 30 Batch 7 | Loss: 0.563719
Epoch 30 Batch 8 | Loss: 0.569815
Epoch 30 Batch 9 | Loss: 0.575601
Epoch 30 Batch 10 | Loss: 0.536503
Epoch 30 Batch 11 | Loss: 0.556718
Epoch 30 Batch 12 | Loss: 0.514047
Epoch 30 Batch 13 | Loss: 0.586141
--- Epoch 30/30 | Loss: 0.5519 | Train Acc: 90.5% | Test Acc: 87.8% | CM: [TP:75, TN:76, FP:10, FN:11] | Progress: 100.0% | ETA: 0.0s ---

Final Best Test Accuracy: 88.37%


Best Quantum Test Accuracy: 0.884
