DEBUG: Qtrainer enters train_pure_quantum_cnn. Encoding: amplitude
  Class Weights: +1 (Target): 1.00 | -1 (Rest): 1.00
Starting Training
==================================================
Epoch 1 Batch 1 | Loss: 0.620408 | Stats: min: 0.158, max: 0.595, mean: 0.306
Epoch 1 Batch 2 | Loss: 0.623284
Epoch 1 Batch 3 | Loss: 0.583234
Epoch 1 Batch 4 | Loss: 0.597392
Epoch 1 Batch 5 | Loss: 0.623030
Epoch 1 Batch 6 | Loss: 0.630487
Epoch 1 Batch 7 | Loss: 0.570566
Epoch 1 Batch 8 | Loss: 0.567617
Epoch 1 Batch 9 | Loss: 0.599236
Epoch 1 Batch 10 | Loss: 0.664645
Epoch 1 Batch 11 | Loss: 0.588165
Epoch 1 Batch 12 | Loss: 0.589155
Epoch 1 Batch 13 | Loss: 0.561365
  [STABILITY] Test accuracy improved: 0.00% -> 69.19% (via EMA). Saving best params.
--- Epoch 1/30 | Loss: 0.6014 | Train Acc: 73.0% | Test Acc: 69.2% | CM: [TP:83, TN:36, FP:50, FN:3] | Progress: 3.3% | ETA: 247.3s ---
Epoch 2 Batch 1 | Loss: 0.572100 | Stats: min: -0.112, max: 0.313, mean: 0.026
Epoch 2 Batch 2 | Loss: 0.571031
Epoch 2 Batch 3 | Loss: 0.602719
Epoch 2 Batch 4 | Loss: 0.585837
Epoch 2 Batch 5 | Loss: 0.565331
Epoch 2 Batch 6 | Loss: 0.612806
Epoch 2 Batch 7 | Loss: 0.609349
Epoch 2 Batch 8 | Loss: 0.562631
Epoch 2 Batch 9 | Loss: 0.577942
Epoch 2 Batch 10 | Loss: 0.616854
Epoch 2 Batch 11 | Loss: 0.596246
Epoch 2 Batch 12 | Loss: 0.581925
Epoch 2 Batch 13 | Loss: 0.616211
--- Epoch 2/30 | Loss: 0.5901 | Train Acc: 71.5% | Test Acc: 68.6% | CM: [TP:83, TN:35, FP:51, FN:3] | Progress: 6.7% | ETA: 112.1s ---
Epoch 3 Batch 1 | Loss: 0.561461 | Stats: min: -0.356, max: 0.132, mean: -0.175
Epoch 3 Batch 2 | Loss: 0.628420
Epoch 3 Batch 3 | Loss: 0.600752
Epoch 3 Batch 4 | Loss: 0.586043
Epoch 3 Batch 5 | Loss: 0.586801
Epoch 3 Batch 6 | Loss: 0.571236
Epoch 3 Batch 7 | Loss: 0.548531
Epoch 3 Batch 8 | Loss: 0.572210
Epoch 3 Batch 9 | Loss: 0.580592
Epoch 3 Batch 10 | Loss: 0.566216
Epoch 3 Batch 11 | Loss: 0.561839
Epoch 3 Batch 12 | Loss: 0.568304
Epoch 3 Batch 13 | Loss: 0.575608
  [STABILITY] Test accuracy improved: 69.19% -> 69.77% (via EMA). Saving best params.
--- Epoch 3/30 | Loss: 0.5775 | Train Acc: 71.0% | Test Acc: 69.8% | CM: [TP:84, TN:36, FP:50, FN:2] | Progress: 10.0% | ETA: 52.3s ---
Epoch 4 Batch 1 | Loss: 0.574700 | Stats: min: -0.144, max: 0.287, mean: 0.057
Epoch 4 Batch 2 | Loss: 0.617049
Epoch 4 Batch 3 | Loss: 0.558241
Epoch 4 Batch 4 | Loss: 0.587065
Epoch 4 Batch 5 | Loss: 0.542273
Epoch 4 Batch 6 | Loss: 0.586146
Epoch 4 Batch 7 | Loss: 0.636337
Epoch 4 Batch 8 | Loss: 0.544545
Epoch 4 Batch 9 | Loss: 0.539671
Epoch 4 Batch 10 | Loss: 0.574712
Epoch 4 Batch 11 | Loss: 0.579098
Epoch 4 Batch 12 | Loss: 0.599069
Epoch 4 Batch 13 | Loss: 0.554639
  [STABILITY] Test accuracy improved: 69.77% -> 70.93% (via EMA). Saving best params.
--- Epoch 4/30 | Loss: 0.5764 | Train Acc: 70.0% | Test Acc: 70.9% | CM: [TP:85, TN:37, FP:49, FN:1] | Progress: 13.3% | ETA: 52.9s ---
Epoch 5 Batch 1 | Loss: 0.577096 | Stats: min: -0.080, max: 0.080, mean: -0.024
Epoch 5 Batch 2 | Loss: 0.546946
Epoch 5 Batch 3 | Loss: 0.557512
Epoch 5 Batch 4 | Loss: 0.584648
Epoch 5 Batch 5 | Loss: 0.564029
Epoch 5 Batch 6 | Loss: 0.570755
Epoch 5 Batch 7 | Loss: 0.584639
Epoch 5 Batch 8 | Loss: 0.567866
Epoch 5 Batch 9 | Loss: 0.606163
Epoch 5 Batch 10 | Loss: 0.607691
Epoch 5 Batch 11 | Loss: 0.592737
Epoch 5 Batch 12 | Loss: 0.547498
Epoch 5 Batch 13 | Loss: 0.564756
--- Epoch 5/30 | Loss: 0.5748 | Train Acc: 71.0% | Test Acc: 70.9% | CM: [TP:86, TN:36, FP:50, FN:0] | Progress: 16.7% | ETA: 43.6s ---
Epoch 6 Batch 1 | Loss: 0.571582 | Stats: min: -0.231, max: 0.152, mean: -0.014
Epoch 6 Batch 2 | Loss: 0.581170
Epoch 6 Batch 3 | Loss: 0.590272
Epoch 6 Batch 4 | Loss: 0.595731
Epoch 6 Batch 5 | Loss: 0.541948
Epoch 6 Batch 6 | Loss: 0.581557
Epoch 6 Batch 7 | Loss: 0.558167
Epoch 6 Batch 8 | Loss: 0.601646
Epoch 6 Batch 9 | Loss: 0.557718
Epoch 6 Batch 10 | Loss: 0.549898
Epoch 6 Batch 11 | Loss: 0.567645
Epoch 6 Batch 12 | Loss: 0.610809
Epoch 6 Batch 13 | Loss: 0.683782
  [STABILITY] Test accuracy improved: 70.93% -> 71.51% (via EMA). Saving best params.
--- Epoch 6/30 | Loss: 0.5840 | Train Acc: 71.5% | Test Acc: 71.5% | CM: [TP:86, TN:37, FP:49, FN:0] | Progress: 20.0% | ETA: 37.4s ---
Epoch 7 Batch 1 | Loss: 0.632495 | Stats: min: 0.028, max: 0.435, mean: 0.210
Epoch 7 Batch 2 | Loss: 0.576747
Epoch 7 Batch 3 | Loss: 0.569223
Epoch 7 Batch 4 | Loss: 0.568215
Epoch 7 Batch 5 | Loss: 0.599914
Epoch 7 Batch 6 | Loss: 0.574442
Epoch 7 Batch 7 | Loss: 0.569401
Epoch 7 Batch 8 | Loss: 0.540089
Epoch 7 Batch 9 | Loss: 0.540149
Epoch 7 Batch 10 | Loss: 0.573526
Epoch 7 Batch 11 | Loss: 0.577296
Epoch 7 Batch 12 | Loss: 0.584970
Epoch 7 Batch 13 | Loss: 0.585182
  [STABILITY] Test accuracy improved: 71.51% -> 73.26% (via EMA). Saving best params.
--- Epoch 7/30 | Loss: 0.5763 | Train Acc: 72.5% | Test Acc: 73.3% | CM: [TP:86, TN:40, FP:46, FN:0] | Progress: 23.3% | ETA: 30.6s ---
Epoch 8 Batch 1 | Loss: 0.534155 | Stats: min: -0.258, max: 0.170, mean: -0.082
Epoch 8 Batch 2 | Loss: 0.584486
Epoch 8 Batch 3 | Loss: 0.540922
Epoch 8 Batch 4 | Loss: 0.566537
Epoch 8 Batch 5 | Loss: 0.555363
Epoch 8 Batch 6 | Loss: 0.553787
Epoch 8 Batch 7 | Loss: 0.564302
Epoch 8 Batch 8 | Loss: 0.577579
Epoch 8 Batch 9 | Loss: 0.578183
Epoch 8 Batch 10 | Loss: 0.577578
Epoch 8 Batch 11 | Loss: 0.560223
Epoch 8 Batch 12 | Loss: 0.604287
Epoch 8 Batch 13 | Loss: 0.617086
--- Epoch 8/30 | Loss: 0.5703 | Train Acc: 73.5% | Test Acc: 72.1% | CM: [TP:84, TN:40, FP:46, FN:2] | Progress: 26.7% | ETA: 23.5s ---
Epoch 9 Batch 1 | Loss: 0.549067 | Stats: min: -0.279, max: 0.180, mean: -0.081
Epoch 9 Batch 2 | Loss: 0.624050
Epoch 9 Batch 3 | Loss: 0.566236
Epoch 9 Batch 4 | Loss: 0.576023
Epoch 9 Batch 5 | Loss: 0.570238
Epoch 9 Batch 6 | Loss: 0.562102
Epoch 9 Batch 7 | Loss: 0.565304
Epoch 9 Batch 8 | Loss: 0.559818
Epoch 9 Batch 9 | Loss: 0.565977
Epoch 9 Batch 10 | Loss: 0.540121
Epoch 9 Batch 11 | Loss: 0.513384
Epoch 9 Batch 12 | Loss: 0.579931
Epoch 9 Batch 13 | Loss: 0.629816
  [STABILITY] Test accuracy improved: 73.26% -> 74.42% (via EMA). Saving best params.
--- Epoch 9/30 | Loss: 0.5694 | Train Acc: 74.5% | Test Acc: 74.4% | CM: [TP:84, TN:44, FP:42, FN:2] | Progress: 30.0% | ETA: 14.3s ---
Epoch 10 Batch 1 | Loss: 0.577692 | Stats: min: -0.290, max: 0.229, mean: -0.014
Epoch 10 Batch 2 | Loss: 0.564568
Epoch 10 Batch 3 | Loss: 0.563525
Epoch 10 Batch 4 | Loss: 0.564038
Epoch 10 Batch 5 | Loss: 0.556725
Epoch 10 Batch 6 | Loss: 0.562105
Epoch 10 Batch 7 | Loss: 0.576610
Epoch 10 Batch 8 | Loss: 0.537341
Epoch 10 Batch 9 | Loss: 0.564920
Epoch 10 Batch 10 | Loss: 0.565278
Epoch 10 Batch 11 | Loss: 0.545639
Epoch 10 Batch 12 | Loss: 0.584067
Epoch 10 Batch 13 | Loss: 0.570826
  [STABILITY] Test accuracy improved: 74.42% -> 77.33% (via EMA). Saving best params.
--- Epoch 10/30 | Loss: 0.5641 | Train Acc: 79.0% | Test Acc: 77.3% | CM: [TP:84, TN:49, FP:37, FN:2] | Progress: 33.3% | ETA: 12.0s ---
Epoch 11 Batch 1 | Loss: 0.535316 | Stats: min: -0.317, max: 0.361, mean: 0.032
Epoch 11 Batch 2 | Loss: 0.550191
Epoch 11 Batch 3 | Loss: 0.571401
Epoch 11 Batch 4 | Loss: 0.597460
Epoch 11 Batch 5 | Loss: 0.576442
Epoch 11 Batch 6 | Loss: 0.577006
Epoch 11 Batch 7 | Loss: 0.569292
Epoch 11 Batch 8 | Loss: 0.573986
Epoch 11 Batch 9 | Loss: 0.563573
Epoch 11 Batch 10 | Loss: 0.561689
Epoch 11 Batch 11 | Loss: 0.566623
Epoch 11 Batch 12 | Loss: 0.550118
Epoch 11 Batch 13 | Loss: 0.536153
  [STABILITY] Test accuracy improved: 77.33% -> 80.23% (via EMA). Saving best params.
--- Epoch 11/30 | Loss: 0.5638 | Train Acc: 80.5% | Test Acc: 80.2% | CM: [TP:84, TN:54, FP:32, FN:2] | Progress: 36.7% | ETA: 11.4s ---
Epoch 12 Batch 1 | Loss: 0.576343 | Stats: min: -0.095, max: 0.582, mean: 0.161
Epoch 12 Batch 2 | Loss: 0.588853
Epoch 12 Batch 3 | Loss: 0.583979
Epoch 12 Batch 4 | Loss: 0.570036
Epoch 12 Batch 5 | Loss: 0.536674
Epoch 12 Batch 6 | Loss: 0.594618
Epoch 12 Batch 7 | Loss: 0.571669
Epoch 12 Batch 8 | Loss: 0.559696
Epoch 12 Batch 9 | Loss: 0.579181
Epoch 12 Batch 10 | Loss: 0.569165
Epoch 12 Batch 11 | Loss: 0.591159
Epoch 12 Batch 12 | Loss: 0.553492
Epoch 12 Batch 13 | Loss: 0.543861
  [STABILITY] Test accuracy improved: 80.23% -> 81.98% (via EMA). Saving best params.
--- Epoch 12/30 | Loss: 0.5707 | Train Acc: 82.0% | Test Acc: 82.0% | CM: [TP:84, TN:57, FP:29, FN:2] | Progress: 40.0% | ETA: 10.5s ---
Epoch 13 Batch 1 | Loss: 0.544137 | Stats: min: -0.275, max: 0.341, mean: -0.010
Epoch 13 Batch 2 | Loss: 0.556540
Epoch 13 Batch 3 | Loss: 0.536084
Epoch 13 Batch 4 | Loss: 0.524930
Epoch 13 Batch 5 | Loss: 0.567329
Epoch 13 Batch 6 | Loss: 0.563260
Epoch 13 Batch 7 | Loss: 0.602073
Epoch 13 Batch 8 | Loss: 0.590087
Epoch 13 Batch 9 | Loss: 0.594483
Epoch 13 Batch 10 | Loss: 0.553641
Epoch 13 Batch 11 | Loss: 0.577718
Epoch 13 Batch 12 | Loss: 0.610563
Epoch 13 Batch 13 | Loss: 0.584890
--- Epoch 13/30 | Loss: 0.5697 | Train Acc: 82.5% | Test Acc: 82.0% | CM: [TP:84, TN:57, FP:29, FN:2] | Progress: 43.3% | ETA: 10.0s ---
Epoch 14 Batch 1 | Loss: 0.556582 | Stats: min: -0.202, max: 0.207, mean: -0.035
Epoch 14 Batch 2 | Loss: 0.617568
Epoch 14 Batch 3 | Loss: 0.548529
Epoch 14 Batch 4 | Loss: 0.523422
Epoch 14 Batch 5 | Loss: 0.561768
Epoch 14 Batch 6 | Loss: 0.577389
Epoch 14 Batch 7 | Loss: 0.555459
Epoch 14 Batch 8 | Loss: 0.524743
Epoch 14 Batch 9 | Loss: 0.591481
Epoch 14 Batch 10 | Loss: 0.566842
Epoch 14 Batch 11 | Loss: 0.568289
Epoch 14 Batch 12 | Loss: 0.586937
Epoch 14 Batch 13 | Loss: 0.505733
  [STABILITY] Test accuracy improved: 81.98% -> 83.14% (via EMA). Saving best params.
--- Epoch 14/30 | Loss: 0.5604 | Train Acc: 82.5% | Test Acc: 83.1% | CM: [TP:83, TN:60, FP:26, FN:3] | Progress: 46.7% | ETA: 9.1s ---
Epoch 15 Batch 1 | Loss: 0.539559 | Stats: min: -0.383, max: 0.043, mean: -0.200
Epoch 15 Batch 2 | Loss: 0.552491
Epoch 15 Batch 3 | Loss: 0.603048
Epoch 15 Batch 4 | Loss: 0.574599
Epoch 15 Batch 5 | Loss: 0.563042
Epoch 15 Batch 6 | Loss: 0.535631
Epoch 15 Batch 7 | Loss: 0.550808
Epoch 15 Batch 8 | Loss: 0.575181
Epoch 15 Batch 9 | Loss: 0.569514
Epoch 15 Batch 10 | Loss: 0.574577
Epoch 15 Batch 11 | Loss: 0.588549
Epoch 15 Batch 12 | Loss: 0.553006
Epoch 15 Batch 13 | Loss: 0.526631
  [STABILITY] Test accuracy improved: 83.14% -> 84.88% (via EMA). Saving best params.
--- Epoch 15/30 | Loss: 0.5620 | Train Acc: 83.5% | Test Acc: 84.9% | CM: [TP:83, TN:63, FP:23, FN:3] | Progress: 50.0% | ETA: 10.3s ---
Epoch 16 Batch 1 | Loss: 0.555514 | Stats: min: -0.062, max: 0.319, mean: 0.107
Epoch 16 Batch 2 | Loss: 0.559552
Epoch 16 Batch 3 | Loss: 0.577722
Epoch 16 Batch 4 | Loss: 0.587967
Epoch 16 Batch 5 | Loss: 0.527910
Epoch 16 Batch 6 | Loss: 0.560319
Epoch 16 Batch 7 | Loss: 0.572799
Epoch 16 Batch 8 | Loss: 0.568318
Epoch 16 Batch 9 | Loss: 0.545478
Epoch 16 Batch 10 | Loss: 0.547665
Epoch 16 Batch 11 | Loss: 0.591535
Epoch 16 Batch 12 | Loss: 0.600279
Epoch 16 Batch 13 | Loss: 0.608591
--- Epoch 16/30 | Loss: 0.5695 | Train Acc: 83.5% | Test Acc: 84.3% | CM: [TP:83, TN:62, FP:24, FN:3] | Progress: 53.3% | ETA: 8.4s ---
Epoch 17 Batch 1 | Loss: 0.542093 | Stats: min: -0.442, max: 0.360, mean: -0.018
Epoch 17 Batch 2 | Loss: 0.546286
Epoch 17 Batch 3 | Loss: 0.551265
Epoch 17 Batch 4 | Loss: 0.556716
Epoch 17 Batch 5 | Loss: 0.507192
Epoch 17 Batch 6 | Loss: 0.615345
Epoch 17 Batch 7 | Loss: 0.599032
Epoch 17 Batch 8 | Loss: 0.644491
Epoch 17 Batch 9 | Loss: 0.581667
Epoch 17 Batch 10 | Loss: 0.598673
Epoch 17 Batch 11 | Loss: 0.550539
Epoch 17 Batch 12 | Loss: 0.525826
Epoch 17 Batch 13 | Loss: 0.577695
  [STABILITY] Test accuracy improved: 84.88% -> 87.21% (via EMA). Saving best params.
--- Epoch 17/30 | Loss: 0.5690 | Train Acc: 86.0% | Test Acc: 87.2% | CM: [TP:83, TN:67, FP:19, FN:3] | Progress: 56.7% | ETA: 5.2s ---
Epoch 18 Batch 1 | Loss: 0.531278 | Stats: min: -0.233, max: 0.421, mean: 0.102
Epoch 18 Batch 2 | Loss: 0.608252
Epoch 18 Batch 3 | Loss: 0.560418
Epoch 18 Batch 4 | Loss: 0.555532
Epoch 18 Batch 5 | Loss: 0.597813
Epoch 18 Batch 6 | Loss: 0.615655
Epoch 18 Batch 7 | Loss: 0.568468
Epoch 18 Batch 8 | Loss: 0.533848
Epoch 18 Batch 9 | Loss: 0.611916
Epoch 18 Batch 10 | Loss: 0.552592
Epoch 18 Batch 11 | Loss: 0.588786
Epoch 18 Batch 12 | Loss: 0.571638
Epoch 18 Batch 13 | Loss: 0.507514
--- Epoch 18/30 | Loss: 0.5695 | Train Acc: 87.0% | Test Acc: 86.6% | CM: [TP:82, TN:67, FP:19, FN:4] | Progress: 60.0% | ETA: 4.3s ---
Epoch 19 Batch 1 | Loss: 0.547276 | Stats: min: -0.284, max: 0.131, mean: -0.126
Epoch 19 Batch 2 | Loss: 0.556491
Epoch 19 Batch 3 | Loss: 0.550494
Epoch 19 Batch 4 | Loss: 0.569510
Epoch 19 Batch 5 | Loss: 0.565025
Epoch 19 Batch 6 | Loss: 0.589232
Epoch 19 Batch 7 | Loss: 0.562458
Epoch 19 Batch 8 | Loss: 0.531584
Epoch 19 Batch 9 | Loss: 0.531002
Epoch 19 Batch 10 | Loss: 0.548380
Epoch 19 Batch 11 | Loss: 0.573295
Epoch 19 Batch 12 | Loss: 0.600534
Epoch 19 Batch 13 | Loss: 0.594340
--- Epoch 19/30 | Loss: 0.5630 | Train Acc: 87.5% | Test Acc: 86.6% | CM: [TP:82, TN:67, FP:19, FN:4] | Progress: 63.3% | ETA: 3.5s ---
Epoch 20 Batch 1 | Loss: 0.571150 | Stats: min: -0.351, max: 0.026, mean: -0.238
Epoch 20 Batch 2 | Loss: 0.579965
Epoch 20 Batch 3 | Loss: 0.593165
Epoch 20 Batch 4 | Loss: 0.586852
Epoch 20 Batch 5 | Loss: 0.569297
Epoch 20 Batch 6 | Loss: 0.572485
Epoch 20 Batch 7 | Loss: 0.505951
Epoch 20 Batch 8 | Loss: 0.559300
Epoch 20 Batch 9 | Loss: 0.554228
Epoch 20 Batch 10 | Loss: 0.580903
Epoch 20 Batch 11 | Loss: 0.573064
Epoch 20 Batch 12 | Loss: 0.569346
Epoch 20 Batch 13 | Loss: 0.520960
  [STABILITY] Plateau detected. Reducing Learning Rate to 0.010000
--- Epoch 20/30 | Loss: 0.5644 | Train Acc: 87.5% | Test Acc: 86.6% | CM: [TP:82, TN:67, FP:19, FN:4] | Progress: 66.7% | ETA: 3.8s ---
Epoch 21 Batch 1 | Loss: 0.581262 | Stats: min: -0.326, max: 0.176, mean: -0.113
Epoch 21 Batch 2 | Loss: 0.558783
Epoch 21 Batch 3 | Loss: 0.552181
Epoch 21 Batch 4 | Loss: 0.576446
Epoch 21 Batch 5 | Loss: 0.579795
Epoch 21 Batch 6 | Loss: 0.561013
Epoch 21 Batch 7 | Loss: 0.531401
Epoch 21 Batch 8 | Loss: 0.575632
Epoch 21 Batch 9 | Loss: 0.536773
Epoch 21 Batch 10 | Loss: 0.567325
Epoch 21 Batch 11 | Loss: 0.528746
Epoch 21 Batch 12 | Loss: 0.531915
Epoch 21 Batch 13 | Loss: 0.527522
--- Epoch 21/30 | Loss: 0.5545 | Train Acc: 87.5% | Test Acc: 86.0% | CM: [TP:80, TN:68, FP:18, FN:6] | Progress: 70.0% | ETA: 3.6s ---
Epoch 22 Batch 1 | Loss: 0.569747 | Stats: min: -0.301, max: 0.007, mean: -0.145
Epoch 22 Batch 2 | Loss: 0.523275
Epoch 22 Batch 3 | Loss: 0.583565
Epoch 22 Batch 4 | Loss: 0.560554
Epoch 22 Batch 5 | Loss: 0.548935
Epoch 22 Batch 6 | Loss: 0.573618
Epoch 22 Batch 7 | Loss: 0.509328
Epoch 22 Batch 8 | Loss: 0.541988
Epoch 22 Batch 9 | Loss: 0.567380
Epoch 22 Batch 10 | Loss: 0.556630
Epoch 22 Batch 11 | Loss: 0.559361
Epoch 22 Batch 12 | Loss: 0.549353
Epoch 22 Batch 13 | Loss: 0.525611
--- Epoch 22/30 | Loss: 0.5515 | Train Acc: 87.0% | Test Acc: 86.0% | CM: [TP:80, TN:68, FP:18, FN:6] | Progress: 73.3% | ETA: 3.3s ---
Epoch 23 Batch 1 | Loss: 0.565605 | Stats: min: -0.135, max: 0.256, mean: 0.093
Epoch 23 Batch 2 | Loss: 0.584595
Epoch 23 Batch 3 | Loss: 0.526359
Epoch 23 Batch 4 | Loss: 0.546103
Epoch 23 Batch 5 | Loss: 0.612266
Epoch 23 Batch 6 | Loss: 0.522245
Epoch 23 Batch 7 | Loss: 0.515113
Epoch 23 Batch 8 | Loss: 0.529871
Epoch 23 Batch 9 | Loss: 0.540989
Epoch 23 Batch 10 | Loss: 0.574640
Epoch 23 Batch 11 | Loss: 0.544153
Epoch 23 Batch 12 | Loss: 0.540457
Epoch 23 Batch 13 | Loss: 0.533806
  [STABILITY] Plateau detected. Reducing Learning Rate to 0.005000
--- Epoch 23/30 | Loss: 0.5489 | Train Acc: 87.5% | Test Acc: 85.5% | CM: [TP:78, TN:69, FP:17, FN:8] | Progress: 76.7% | ETA: 2.9s ---
Epoch 24 Batch 1 | Loss: 0.536627 | Stats: min: -0.346, max: 0.331, mean: -0.012
Epoch 24 Batch 2 | Loss: 0.533243
Epoch 24 Batch 3 | Loss: 0.523991
Epoch 24 Batch 4 | Loss: 0.574209
Epoch 24 Batch 5 | Loss: 0.543480
Epoch 24 Batch 6 | Loss: 0.559786
Epoch 24 Batch 7 | Loss: 0.541330
Epoch 24 Batch 8 | Loss: 0.560748
Epoch 24 Batch 9 | Loss: 0.601722
Epoch 24 Batch 10 | Loss: 0.566924
Epoch 24 Batch 11 | Loss: 0.537360
Epoch 24 Batch 12 | Loss: 0.532085
Epoch 24 Batch 13 | Loss: 0.511183
--- Epoch 24/30 | Loss: 0.5479 | Train Acc: 87.5% | Test Acc: 85.5% | CM: [TP:78, TN:69, FP:17, FN:8] | Progress: 80.0% | ETA: 1.7s ---
Epoch 25 Batch 1 | Loss: 0.575989 | Stats: min: -0.329, max: 0.104, mean: -0.013
Epoch 25 Batch 2 | Loss: 0.531228
Epoch 25 Batch 3 | Loss: 0.556244
Epoch 25 Batch 4 | Loss: 0.551627
Epoch 25 Batch 5 | Loss: 0.534303
Epoch 25 Batch 6 | Loss: 0.565147
Epoch 25 Batch 7 | Loss: 0.537318
Epoch 25 Batch 8 | Loss: 0.577052
Epoch 25 Batch 9 | Loss: 0.553595
Epoch 25 Batch 10 | Loss: 0.556576
Epoch 25 Batch 11 | Loss: 0.526963
Epoch 25 Batch 12 | Loss: 0.519833
Epoch 25 Batch 13 | Loss: 0.517073
--- Epoch 25/30 | Loss: 0.5464 | Train Acc: 87.5% | Test Acc: 86.6% | CM: [TP:79, TN:70, FP:16, FN:7] | Progress: 83.3% | ETA: 1.2s ---
Epoch 26 Batch 1 | Loss: 0.509918 | Stats: min: -0.275, max: 0.319, mean: 0.060
Epoch 26 Batch 2 | Loss: 0.536085
Epoch 26 Batch 3 | Loss: 0.533517
Epoch 26 Batch 4 | Loss: 0.534007
Epoch 26 Batch 5 | Loss: 0.592494
Epoch 26 Batch 6 | Loss: 0.527958
Epoch 26 Batch 7 | Loss: 0.529518
Epoch 26 Batch 8 | Loss: 0.523629
Epoch 26 Batch 9 | Loss: 0.541323
Epoch 26 Batch 10 | Loss: 0.566740
Epoch 26 Batch 11 | Loss: 0.569433
Epoch 26 Batch 12 | Loss: 0.570037
Epoch 26 Batch 13 | Loss: 0.583396
  [STABILITY] Plateau detected. Reducing Learning Rate to 0.002500
--- Epoch 26/30 | Loss: 0.5475 | Train Acc: 87.5% | Test Acc: 86.0% | CM: [TP:78, TN:70, FP:16, FN:8] | Progress: 86.7% | ETA: 1.5s ---
Epoch 27 Batch 1 | Loss: 0.587563 | Stats: min: -0.387, max: 0.180, mean: -0.089
Epoch 27 Batch 2 | Loss: 0.569891
Epoch 27 Batch 3 | Loss: 0.538005
Epoch 27 Batch 4 | Loss: 0.534176
Epoch 27 Batch 5 | Loss: 0.521591
Epoch 27 Batch 6 | Loss: 0.547828
Epoch 27 Batch 7 | Loss: 0.557260
Epoch 27 Batch 8 | Loss: 0.556892
Epoch 27 Batch 9 | Loss: 0.565166
Epoch 27 Batch 10 | Loss: 0.537969
Epoch 27 Batch 11 | Loss: 0.552464
Epoch 27 Batch 12 | Loss: 0.505065
Epoch 27 Batch 13 | Loss: 0.476982
--- Epoch 27/30 | Loss: 0.5424 | Train Acc: 87.5% | Test Acc: 85.5% | CM: [TP:77, TN:70, FP:16, FN:9] | Progress: 90.0% | ETA: 0.8s ---
Epoch 28 Batch 1 | Loss: 0.583703 | Stats: min: -0.097, max: 0.236, mean: 0.087
Epoch 28 Batch 2 | Loss: 0.543239
Epoch 28 Batch 3 | Loss: 0.513074
Epoch 28 Batch 4 | Loss: 0.542015
Epoch 28 Batch 5 | Loss: 0.531307
Epoch 28 Batch 6 | Loss: 0.527788
Epoch 28 Batch 7 | Loss: 0.572723
Epoch 28 Batch 8 | Loss: 0.516765
Epoch 28 Batch 9 | Loss: 0.566388
Epoch 28 Batch 10 | Loss: 0.524122
Epoch 28 Batch 11 | Loss: 0.531937
Epoch 28 Batch 12 | Loss: 0.574241
Epoch 28 Batch 13 | Loss: 0.559259
--- Epoch 28/30 | Loss: 0.5451 | Train Acc: 87.5% | Test Acc: 84.9% | CM: [TP:76, TN:70, FP:16, FN:10] | Progress: 93.3% | ETA: 0.5s ---
Epoch 29 Batch 1 | Loss: 0.536502 | Stats: min: -0.351, max: 0.045, mean: -0.180
Epoch 29 Batch 2 | Loss: 0.495267
Epoch 29 Batch 3 | Loss: 0.545907
Epoch 29 Batch 4 | Loss: 0.549232
Epoch 29 Batch 5 | Loss: 0.528477
Epoch 29 Batch 6 | Loss: 0.541885
Epoch 29 Batch 7 | Loss: 0.554245
Epoch 29 Batch 8 | Loss: 0.560804
Epoch 29 Batch 9 | Loss: 0.540959
Epoch 29 Batch 10 | Loss: 0.552244
Epoch 29 Batch 11 | Loss: 0.553838
Epoch 29 Batch 12 | Loss: 0.553249
Epoch 29 Batch 13 | Loss: 0.573784
  [STABILITY] Plateau detected. Reducing Learning Rate to 0.001250
--- Epoch 29/30 | Loss: 0.5451 | Train Acc: 88.0% | Test Acc: 84.3% | CM: [TP:75, TN:70, FP:16, FN:11] | Progress: 96.7% | ETA: 0.2s ---
Epoch 30 Batch 1 | Loss: 0.527032 | Stats: min: -0.274, max: 0.316, mean: 0.081
Epoch 30 Batch 2 | Loss: 0.555492
Epoch 30 Batch 3 | Loss: 0.561821
Epoch 30 Batch 4 | Loss: 0.537937
Epoch 30 Batch 5 | Loss: 0.543514
Epoch 30 Batch 6 | Loss: 0.551324
Epoch 30 Batch 7 | Loss: 0.530396
Epoch 30 Batch 8 | Loss: 0.550182
Epoch 30 Batch 9 | Loss: 0.528137
Epoch 30 Batch 10 | Loss: 0.568693
Epoch 30 Batch 11 | Loss: 0.539476
Epoch 30 Batch 12 | Loss: 0.544497
Epoch 30 Batch 13 | Loss: 0.504493
--- Epoch 30/30 | Loss: 0.5418 | Train Acc: 88.0% | Test Acc: 83.7% | CM: [TP:74, TN:70, FP:16, FN:12] | Progress: 100.0% | ETA: 0.0s ---

Final Best Test Accuracy: 87.21%


Best Quantum Test Accuracy: 0.872
