DEBUG: Qtrainer enters train_pure_quantum_cnn. Encoding: amplitude
  Class Weights: +1 (Target): 1.00 | -1 (Rest): 1.00
Starting Training
==================================================
Epoch 1 Batch 1 | Loss: 0.781209 | Stats: min: -0.125, max: 0.090, mean: 0.015
Epoch 1 Batch 2 | Loss: 0.724307
Epoch 1 Batch 3 | Loss: 0.706972
Epoch 1 Batch 4 | Loss: 0.686186
Epoch 1 Batch 5 | Loss: 0.681681
Epoch 1 Batch 6 | Loss: 0.643071
Epoch 1 Batch 7 | Loss: 0.618884
Epoch 1 Batch 8 | Loss: 0.613908
Epoch 1 Batch 9 | Loss: 0.597497
Epoch 1 Batch 10 | Loss: 0.588526
Epoch 1 Batch 11 | Loss: 0.573647
Epoch 1 Batch 12 | Loss: 0.571007
Epoch 1 Batch 13 | Loss: 0.547515
  [STABILITY] Test accuracy improved: 0.00% -> 36.63% (via EMA). Saving best params.
--- Epoch 1/30 | Loss: 0.6411 | Train Acc: 30.5% | Test Acc: 36.6% | CM: [TP:33, TN:30, FP:56, FN:53] | Progress: 3.3% | ETA: 170.2s ---
Epoch 2 Batch 1 | Loss: 0.549135 | Stats: min: -0.373, max: 0.081, mean: -0.198
Epoch 2 Batch 2 | Loss: 0.528210
Epoch 2 Batch 3 | Loss: 0.544225
Epoch 2 Batch 4 | Loss: 0.536665
Epoch 2 Batch 5 | Loss: 0.547893
Epoch 2 Batch 6 | Loss: 0.520753
Epoch 2 Batch 7 | Loss: 0.504227
Epoch 2 Batch 8 | Loss: 0.514670
Epoch 2 Batch 9 | Loss: 0.497090
Epoch 2 Batch 10 | Loss: 0.508059
Epoch 2 Batch 11 | Loss: 0.514588
Epoch 2 Batch 12 | Loss: 0.489130
Epoch 2 Batch 13 | Loss: 0.466752
  [STABILITY] Test accuracy improved: 36.63% -> 58.14% (via EMA). Saving best params.
--- Epoch 2/30 | Loss: 0.5170 | Train Acc: 51.0% | Test Acc: 58.1% | CM: [TP:43, TN:57, FP:29, FN:43] | Progress: 6.7% | ETA: 81.1s ---
Epoch 3 Batch 1 | Loss: 0.456177 | Stats: min: -0.402, max: 0.269, mean: -0.186
Epoch 3 Batch 2 | Loss: 0.485557
Epoch 3 Batch 3 | Loss: 0.452032
Epoch 3 Batch 4 | Loss: 0.448244
Epoch 3 Batch 5 | Loss: 0.475618
Epoch 3 Batch 6 | Loss: 0.434434
Epoch 3 Batch 7 | Loss: 0.434196
Epoch 3 Batch 8 | Loss: 0.436916
Epoch 3 Batch 9 | Loss: 0.424886
Epoch 3 Batch 10 | Loss: 0.455552
Epoch 3 Batch 11 | Loss: 0.413728
Epoch 3 Batch 12 | Loss: 0.433251
Epoch 3 Batch 13 | Loss: 0.420843
  [STABILITY] Test accuracy improved: 58.14% -> 72.09% (via EMA). Saving best params.
--- Epoch 3/30 | Loss: 0.4440 | Train Acc: 66.5% | Test Acc: 72.1% | CM: [TP:48, TN:76, FP:10, FN:38] | Progress: 10.0% | ETA: 54.1s ---
Epoch 4 Batch 1 | Loss: 0.420227 | Stats: min: -0.437, max: 0.393, mean: -0.127
Epoch 4 Batch 2 | Loss: 0.388320
Epoch 4 Batch 3 | Loss: 0.385948
Epoch 4 Batch 4 | Loss: 0.390492
Epoch 4 Batch 5 | Loss: 0.413854
Epoch 4 Batch 6 | Loss: 0.418315
Epoch 4 Batch 7 | Loss: 0.395860
Epoch 4 Batch 8 | Loss: 0.383841
Epoch 4 Batch 9 | Loss: 0.347489
Epoch 4 Batch 10 | Loss: 0.373268
Epoch 4 Batch 11 | Loss: 0.391869
Epoch 4 Batch 12 | Loss: 0.356488
Epoch 4 Batch 13 | Loss: 0.406599
  [STABILITY] Test accuracy improved: 72.09% -> 81.40% (via EMA). Saving best params.
--- Epoch 4/30 | Loss: 0.3902 | Train Acc: 78.0% | Test Acc: 81.4% | CM: [TP:57, TN:83, FP:3, FN:29] | Progress: 13.3% | ETA: 29.5s ---
Epoch 5 Batch 1 | Loss: 0.345639 | Stats: min: -0.494, max: 0.457, mean: -0.136
Epoch 5 Batch 2 | Loss: 0.353552
Epoch 5 Batch 3 | Loss: 0.374460
Epoch 5 Batch 4 | Loss: 0.352714
Epoch 5 Batch 5 | Loss: 0.351315
Epoch 5 Batch 6 | Loss: 0.351958
Epoch 5 Batch 7 | Loss: 0.342457
Epoch 5 Batch 8 | Loss: 0.340564
Epoch 5 Batch 9 | Loss: 0.340528
Epoch 5 Batch 10 | Loss: 0.351506
Epoch 5 Batch 11 | Loss: 0.345033
Epoch 5 Batch 12 | Loss: 0.360222
Epoch 5 Batch 13 | Loss: 0.363978
  [STABILITY] Test accuracy improved: 81.40% -> 90.70% (via EMA). Saving best params.
--- Epoch 5/30 | Loss: 0.3518 | Train Acc: 89.0% | Test Acc: 90.7% | CM: [TP:71, TN:85, FP:1, FN:15] | Progress: 16.7% | ETA: 23.2s ---
Epoch 6 Batch 1 | Loss: 0.342321 | Stats: min: -0.481, max: 0.524, mean: -0.009
Epoch 6 Batch 2 | Loss: 0.345823
Epoch 6 Batch 3 | Loss: 0.373265
Epoch 6 Batch 4 | Loss: 0.374663
Epoch 6 Batch 5 | Loss: 0.310315
Epoch 6 Batch 6 | Loss: 0.323254
Epoch 6 Batch 7 | Loss: 0.311735
Epoch 6 Batch 8 | Loss: 0.335939
Epoch 6 Batch 9 | Loss: 0.331141
Epoch 6 Batch 10 | Loss: 0.293650
Epoch 6 Batch 11 | Loss: 0.344374
Epoch 6 Batch 12 | Loss: 0.309239
Epoch 6 Batch 13 | Loss: 0.335959
  [STABILITY] Test accuracy improved: 90.70% -> 97.09% (via EMA). Saving best params.
--- Epoch 6/30 | Loss: 0.3332 | Train Acc: 97.5% | Test Acc: 97.1% | CM: [TP:81, TN:86, FP:0, FN:5] | Progress: 20.0% | ETA: 18.5s ---
Epoch 7 Batch 1 | Loss: 0.309780 | Stats: min: -0.395, max: 0.534, mean: 0.158
Epoch 7 Batch 2 | Loss: 0.304427
Epoch 7 Batch 3 | Loss: 0.326747
Epoch 7 Batch 4 | Loss: 0.309150
Epoch 7 Batch 5 | Loss: 0.314673
Epoch 7 Batch 6 | Loss: 0.320172
Epoch 7 Batch 7 | Loss: 0.319145
Epoch 7 Batch 8 | Loss: 0.334610
Epoch 7 Batch 9 | Loss: 0.304707
Epoch 7 Batch 10 | Loss: 0.347072
Epoch 7 Batch 11 | Loss: 0.349726
Epoch 7 Batch 12 | Loss: 0.371961
Epoch 7 Batch 13 | Loss: 0.318195
  [STABILITY] Test accuracy improved: 97.09% -> 99.42% (via EMA). Saving best params.
--- Epoch 7/30 | Loss: 0.3254 | Train Acc: 99.0% | Test Acc: 99.4% | CM: [TP:85, TN:86, FP:0, FN:1] | Progress: 23.3% | ETA: 23.3s ---
Epoch 8 Batch 1 | Loss: 0.277711 | Stats: min: -0.519, max: 0.596, mean: 0.151
Epoch 8 Batch 2 | Loss: 0.311866
Epoch 8 Batch 3 | Loss: 0.312057
Epoch 8 Batch 4 | Loss: 0.303093
Epoch 8 Batch 5 | Loss: 0.347811
Epoch 8 Batch 6 | Loss: 0.307589
Epoch 8 Batch 7 | Loss: 0.315734
Epoch 8 Batch 8 | Loss: 0.318729
Epoch 8 Batch 9 | Loss: 0.342276
Epoch 8 Batch 10 | Loss: 0.327321
Epoch 8 Batch 11 | Loss: 0.310324
Epoch 8 Batch 12 | Loss: 0.305246
Epoch 8 Batch 13 | Loss: 0.335410
--- Epoch 8/30 | Loss: 0.3166 | Train Acc: 99.0% | Test Acc: 98.8% | CM: [TP:85, TN:85, FP:1, FN:1] | Progress: 26.7% | ETA: 14.7s ---
Epoch 9 Batch 1 | Loss: 0.320278 | Stats: min: -0.639, max: 0.598, mean: -0.090
Epoch 9 Batch 2 | Loss: 0.310521
Epoch 9 Batch 3 | Loss: 0.326217
Epoch 9 Batch 4 | Loss: 0.310539
Epoch 9 Batch 5 | Loss: 0.295306
Epoch 9 Batch 6 | Loss: 0.299126
Epoch 9 Batch 7 | Loss: 0.335671
Epoch 9 Batch 8 | Loss: 0.303307
Epoch 9 Batch 9 | Loss: 0.285477
Epoch 9 Batch 10 | Loss: 0.263444
Epoch 9 Batch 11 | Loss: 0.341788
Epoch 9 Batch 12 | Loss: 0.279668
Epoch 9 Batch 13 | Loss: 0.317506
--- Epoch 9/30 | Loss: 0.3068 | Train Acc: 99.0% | Test Acc: 98.3% | CM: [TP:85, TN:84, FP:2, FN:1] | Progress: 30.0% | ETA: 13.9s ---
Epoch 10 Batch 1 | Loss: 0.268576 | Stats: min: -0.683, max: 0.586, mean: -0.379
Epoch 10 Batch 2 | Loss: 0.300781
Epoch 10 Batch 3 | Loss: 0.297965
Epoch 10 Batch 4 | Loss: 0.277939
Epoch 10 Batch 5 | Loss: 0.333743
Epoch 10 Batch 6 | Loss: 0.303608
Epoch 10 Batch 7 | Loss: 0.297948
Epoch 10 Batch 8 | Loss: 0.285761
Epoch 10 Batch 9 | Loss: 0.310942
Epoch 10 Batch 10 | Loss: 0.294542
Epoch 10 Batch 11 | Loss: 0.293305
Epoch 10 Batch 12 | Loss: 0.296256
Epoch 10 Batch 13 | Loss: 0.351238
  [STABILITY] Plateau detected. Reducing Learning Rate to 0.010000
--- Epoch 10/30 | Loss: 0.3010 | Train Acc: 99.0% | Test Acc: 97.7% | CM: [TP:85, TN:83, FP:3, FN:1] | Progress: 33.3% | ETA: 8.6s ---
Epoch 11 Batch 1 | Loss: 0.293315 | Stats: min: -0.633, max: 0.505, mean: -0.192
Epoch 11 Batch 2 | Loss: 0.323524
Epoch 11 Batch 3 | Loss: 0.329556
Epoch 11 Batch 4 | Loss: 0.271659
Epoch 11 Batch 5 | Loss: 0.278605
Epoch 11 Batch 6 | Loss: 0.294800
Epoch 11 Batch 7 | Loss: 0.251082
Epoch 11 Batch 8 | Loss: 0.295080
Epoch 11 Batch 9 | Loss: 0.302430
Epoch 11 Batch 10 | Loss: 0.280065
Epoch 11 Batch 11 | Loss: 0.313647
Epoch 11 Batch 12 | Loss: 0.288707
Epoch 11 Batch 13 | Loss: 0.314863
--- Epoch 11/30 | Loss: 0.2952 | Train Acc: 99.0% | Test Acc: 97.7% | CM: [TP:85, TN:83, FP:3, FN:1] | Progress: 36.7% | ETA: 7.3s ---
Epoch 12 Batch 1 | Loss: 0.314344 | Stats: min: -0.682, max: 0.421, mean: -0.133
Epoch 12 Batch 2 | Loss: 0.319781
Epoch 12 Batch 3 | Loss: 0.277706
Epoch 12 Batch 4 | Loss: 0.285782
Epoch 12 Batch 5 | Loss: 0.289914
Epoch 12 Batch 6 | Loss: 0.291389
Epoch 12 Batch 7 | Loss: 0.277569
Epoch 12 Batch 8 | Loss: 0.289107
Epoch 12 Batch 9 | Loss: 0.288363
Epoch 12 Batch 10 | Loss: 0.273503
Epoch 12 Batch 11 | Loss: 0.300948
Epoch 12 Batch 12 | Loss: 0.291327
Epoch 12 Batch 13 | Loss: 0.321613
--- Epoch 12/30 | Loss: 0.2939 | Train Acc: 99.0% | Test Acc: 97.7% | CM: [TP:85, TN:83, FP:3, FN:1] | Progress: 40.0% | ETA: 7.3s ---
Epoch 13 Batch 1 | Loss: 0.283248 | Stats: min: -0.579, max: 0.586, mean: 0.109
Epoch 13 Batch 2 | Loss: 0.283360
Epoch 13 Batch 3 | Loss: 0.280715
Epoch 13 Batch 4 | Loss: 0.347792
Epoch 13 Batch 5 | Loss: 0.281800
Epoch 13 Batch 6 | Loss: 0.275972
Epoch 13 Batch 7 | Loss: 0.303986
Epoch 13 Batch 8 | Loss: 0.330347
Epoch 13 Batch 9 | Loss: 0.282304
Epoch 13 Batch 10 | Loss: 0.278124
Epoch 13 Batch 11 | Loss: 0.250154
Epoch 13 Batch 12 | Loss: 0.281370
Epoch 13 Batch 13 | Loss: 0.309372
  [STABILITY] Plateau detected. Reducing Learning Rate to 0.005000
--- Epoch 13/30 | Loss: 0.2914 | Train Acc: 98.5% | Test Acc: 97.7% | CM: [TP:85, TN:83, FP:3, FN:1] | Progress: 43.3% | ETA: 7.0s ---
Epoch 14 Batch 1 | Loss: 0.316582 | Stats: min: -0.646, max: -0.420, mean: -0.495
Epoch 14 Batch 2 | Loss: 0.295524
Epoch 14 Batch 3 | Loss: 0.289655
Epoch 14 Batch 4 | Loss: 0.289259
Epoch 14 Batch 5 | Loss: 0.302810
Epoch 14 Batch 6 | Loss: 0.289682
Epoch 14 Batch 7 | Loss: 0.270415
Epoch 14 Batch 8 | Loss: 0.282758
Epoch 14 Batch 9 | Loss: 0.275060
Epoch 14 Batch 10 | Loss: 0.273754
Epoch 14 Batch 11 | Loss: 0.315729
Epoch 14 Batch 12 | Loss: 0.273652
Epoch 14 Batch 13 | Loss: 0.292445
--- Epoch 14/30 | Loss: 0.2898 | Train Acc: 98.5% | Test Acc: 97.7% | CM: [TP:85, TN:83, FP:3, FN:1] | Progress: 46.7% | ETA: 6.5s ---
Epoch 15 Batch 1 | Loss: 0.296369 | Stats: min: -0.699, max: 0.628, mean: -0.124
Epoch 15 Batch 2 | Loss: 0.276428
Epoch 15 Batch 3 | Loss: 0.296950
Epoch 15 Batch 4 | Loss: 0.330508
Epoch 15 Batch 5 | Loss: 0.267025
Epoch 15 Batch 6 | Loss: 0.271355
Epoch 15 Batch 7 | Loss: 0.306948
Epoch 15 Batch 8 | Loss: 0.270751
Epoch 15 Batch 9 | Loss: 0.273980
Epoch 15 Batch 10 | Loss: 0.283374
Epoch 15 Batch 11 | Loss: 0.275887
Epoch 15 Batch 12 | Loss: 0.305695
Epoch 15 Batch 13 | Loss: 0.325407
--- Epoch 15/30 | Loss: 0.2908 | Train Acc: 98.5% | Test Acc: 97.7% | CM: [TP:85, TN:83, FP:3, FN:1] | Progress: 50.0% | ETA: 4.1s ---
Epoch 16 Batch 1 | Loss: 0.297827 | Stats: min: -0.700, max: 0.420, mean: -0.206
Epoch 16 Batch 2 | Loss: 0.276973
Epoch 16 Batch 3 | Loss: 0.305600
Epoch 16 Batch 4 | Loss: 0.274945
Epoch 16 Batch 5 | Loss: 0.275460
Epoch 16 Batch 6 | Loss: 0.285610
Epoch 16 Batch 7 | Loss: 0.271657
Epoch 16 Batch 8 | Loss: 0.306301
Epoch 16 Batch 9 | Loss: 0.291985
Epoch 16 Batch 10 | Loss: 0.277234
Epoch 16 Batch 11 | Loss: 0.313842
Epoch 16 Batch 12 | Loss: 0.278182
Epoch 16 Batch 13 | Loss: 0.310461
  [STABILITY] Plateau detected. Reducing Learning Rate to 0.002500
--- Epoch 16/30 | Loss: 0.2897 | Train Acc: 98.5% | Test Acc: 97.7% | CM: [TP:85, TN:83, FP:3, FN:1] | Progress: 53.3% | ETA: 3.8s ---
Epoch 17 Batch 1 | Loss: 0.292211 | Stats: min: -0.678, max: 0.620, mean: -0.097
Epoch 17 Batch 2 | Loss: 0.293389
Epoch 17 Batch 3 | Loss: 0.286618
Epoch 17 Batch 4 | Loss: 0.260577
Epoch 17 Batch 5 | Loss: 0.316342
Epoch 17 Batch 6 | Loss: 0.322026
Epoch 17 Batch 7 | Loss: 0.258603
Epoch 17 Batch 8 | Loss: 0.302602
Epoch 17 Batch 9 | Loss: 0.298015
Epoch 17 Batch 10 | Loss: 0.275067
Epoch 17 Batch 11 | Loss: 0.259190
Epoch 17 Batch 12 | Loss: 0.287148
Epoch 17 Batch 13 | Loss: 0.312290
--- Epoch 17/30 | Loss: 0.2895 | Train Acc: 98.5% | Test Acc: 97.7% | CM: [TP:85, TN:83, FP:3, FN:1] | Progress: 56.7% | ETA: 3.3s ---
Epoch 18 Batch 1 | Loss: 0.265012 | Stats: min: -0.642, max: 0.554, mean: -0.273
Epoch 18 Batch 2 | Loss: 0.272235
Epoch 18 Batch 3 | Loss: 0.314265
Epoch 18 Batch 4 | Loss: 0.298182
Epoch 18 Batch 5 | Loss: 0.270332
Epoch 18 Batch 6 | Loss: 0.271891
Epoch 18 Batch 7 | Loss: 0.324502
Epoch 18 Batch 8 | Loss: 0.278471
Epoch 18 Batch 9 | Loss: 0.309264
Epoch 18 Batch 10 | Loss: 0.274227
Epoch 18 Batch 11 | Loss: 0.290070
Epoch 18 Batch 12 | Loss: 0.288260
Epoch 18 Batch 13 | Loss: 0.292734
--- Epoch 18/30 | Loss: 0.2884 | Train Acc: 98.5% | Test Acc: 97.7% | CM: [TP:85, TN:83, FP:3, FN:1] | Progress: 60.0% | ETA: 2.8s ---
Epoch 19 Batch 1 | Loss: 0.306923 | Stats: min: -0.518, max: 0.601, mean: 0.174
Epoch 19 Batch 2 | Loss: 0.286195
Epoch 19 Batch 3 | Loss: 0.273429
Epoch 19 Batch 4 | Loss: 0.306006
Epoch 19 Batch 5 | Loss: 0.276643
Epoch 19 Batch 6 | Loss: 0.279884
Epoch 19 Batch 7 | Loss: 0.261028
Epoch 19 Batch 8 | Loss: 0.326394
Epoch 19 Batch 9 | Loss: 0.296837
Epoch 19 Batch 10 | Loss: 0.279802
Epoch 19 Batch 11 | Loss: 0.290828
Epoch 19 Batch 12 | Loss: 0.267652
Epoch 19 Batch 13 | Loss: 0.298344
  [STABILITY] Plateau detected. Reducing Learning Rate to 0.001250
--- Epoch 19/30 | Loss: 0.2885 | Train Acc: 98.5% | Test Acc: 97.7% | CM: [TP:85, TN:83, FP:3, FN:1] | Progress: 63.3% | ETA: 2.4s ---
Epoch 20 Batch 1 | Loss: 0.281809 | Stats: min: -0.710, max: 0.628, mean: -0.101
Epoch 20 Batch 2 | Loss: 0.296732
Epoch 20 Batch 3 | Loss: 0.311291
Epoch 20 Batch 4 | Loss: 0.293711
Epoch 20 Batch 5 | Loss: 0.278437
Epoch 20 Batch 6 | Loss: 0.274816
Epoch 20 Batch 7 | Loss: 0.296245
Epoch 20 Batch 8 | Loss: 0.328360
Epoch 20 Batch 9 | Loss: 0.294194
Epoch 20 Batch 10 | Loss: 0.270920
Epoch 20 Batch 11 | Loss: 0.281841
Epoch 20 Batch 12 | Loss: 0.254252
Epoch 20 Batch 13 | Loss: 0.268136
--- Epoch 20/30 | Loss: 0.2870 | Train Acc: 99.0% | Test Acc: 97.7% | CM: [TP:85, TN:83, FP:3, FN:1] | Progress: 66.7% | ETA: 2.4s ---
Epoch 21 Batch 1 | Loss: 0.310719 | Stats: min: -0.534, max: 0.602, mean: 0.079
Epoch 21 Batch 2 | Loss: 0.282027
Epoch 21 Batch 3 | Loss: 0.286655
Epoch 21 Batch 4 | Loss: 0.257536
Epoch 21 Batch 5 | Loss: 0.281273
Epoch 21 Batch 6 | Loss: 0.288210
Epoch 21 Batch 7 | Loss: 0.265410
Epoch 21 Batch 8 | Loss: 0.293113
Epoch 21 Batch 9 | Loss: 0.324662
Epoch 21 Batch 10 | Loss: 0.304863
Epoch 21 Batch 11 | Loss: 0.281124
Epoch 21 Batch 12 | Loss: 0.292934
Epoch 21 Batch 13 | Loss: 0.253020
--- Epoch 21/30 | Loss: 0.2863 | Train Acc: 99.0% | Test Acc: 97.7% | CM: [TP:85, TN:83, FP:3, FN:1] | Progress: 70.0% | ETA: 2.6s ---
Epoch 22 Batch 1 | Loss: 0.276841 | Stats: min: -0.552, max: 0.638, mean: -0.056
Epoch 22 Batch 2 | Loss: 0.316608
Epoch 22 Batch 3 | Loss: 0.275648
Epoch 22 Batch 4 | Loss: 0.241950
Epoch 22 Batch 5 | Loss: 0.298851
Epoch 22 Batch 6 | Loss: 0.313252
Epoch 22 Batch 7 | Loss: 0.306692
Epoch 22 Batch 8 | Loss: 0.306916
Epoch 22 Batch 9 | Loss: 0.284264
Epoch 22 Batch 10 | Loss: 0.262164
Epoch 22 Batch 11 | Loss: 0.302463
Epoch 22 Batch 12 | Loss: 0.276924
Epoch 22 Batch 13 | Loss: 0.263221
  [STABILITY] Plateau detected. Reducing Learning Rate to 0.000625
--- Epoch 22/30 | Loss: 0.2866 | Train Acc: 99.0% | Test Acc: 97.7% | CM: [TP:85, TN:83, FP:3, FN:1] | Progress: 73.3% | ETA: 1.8s ---
Epoch 23 Batch 1 | Loss: 0.276501 | Stats: min: -0.632, max: 0.666, mean: 0.034
Epoch 23 Batch 2 | Loss: 0.281717
Epoch 23 Batch 3 | Loss: 0.244268
Epoch 23 Batch 4 | Loss: 0.271313
Epoch 23 Batch 5 | Loss: 0.307733
Epoch 23 Batch 6 | Loss: 0.272053
Epoch 23 Batch 7 | Loss: 0.320653
Epoch 23 Batch 8 | Loss: 0.314411
Epoch 23 Batch 9 | Loss: 0.272394
Epoch 23 Batch 10 | Loss: 0.302500
Epoch 23 Batch 11 | Loss: 0.278307
Epoch 23 Batch 12 | Loss: 0.303555
Epoch 23 Batch 13 | Loss: 0.299349
--- Epoch 23/30 | Loss: 0.2881 | Train Acc: 99.0% | Test Acc: 97.7% | CM: [TP:85, TN:83, FP:3, FN:1] | Progress: 76.7% | ETA: 1.2s ---
Epoch 24 Batch 1 | Loss: 0.256996 | Stats: min: -0.712, max: 0.522, mean: -0.208
Epoch 24 Batch 2 | Loss: 0.284899
Epoch 24 Batch 3 | Loss: 0.313072
Epoch 24 Batch 4 | Loss: 0.303212
Epoch 24 Batch 5 | Loss: 0.276809
Epoch 24 Batch 6 | Loss: 0.299572
Epoch 24 Batch 7 | Loss: 0.290048
Epoch 24 Batch 8 | Loss: 0.277232
Epoch 24 Batch 9 | Loss: 0.274118
Epoch 24 Batch 10 | Loss: 0.282341
Epoch 24 Batch 11 | Loss: 0.272206
Epoch 24 Batch 12 | Loss: 0.269452
Epoch 24 Batch 13 | Loss: 0.393380
--- Epoch 24/30 | Loss: 0.2918 | Train Acc: 99.0% | Test Acc: 97.7% | CM: [TP:85, TN:83, FP:3, FN:1] | Progress: 80.0% | ETA: 1.0s ---
Epoch 25 Batch 1 | Loss: 0.296369 | Stats: min: -0.697, max: 0.569, mean: -0.056
Epoch 25 Batch 2 | Loss: 0.300698
Epoch 25 Batch 3 | Loss: 0.271335
Epoch 25 Batch 4 | Loss: 0.271950
Epoch 25 Batch 5 | Loss: 0.288948
Epoch 25 Batch 6 | Loss: 0.291394
Epoch 25 Batch 7 | Loss: 0.275371
Epoch 25 Batch 8 | Loss: 0.310503
Epoch 25 Batch 9 | Loss: 0.273126
Epoch 25 Batch 10 | Loss: 0.278739
Epoch 25 Batch 11 | Loss: 0.288951
Epoch 25 Batch 12 | Loss: 0.295797
Epoch 25 Batch 13 | Loss: 0.301838
  [STABILITY] Plateau detected. Reducing Learning Rate to 0.000313
--- Epoch 25/30 | Loss: 0.2881 | Train Acc: 99.5% | Test Acc: 97.7% | CM: [TP:85, TN:83, FP:3, FN:1] | Progress: 83.3% | ETA: 1.6s ---
Epoch 26 Batch 1 | Loss: 0.295054 | Stats: min: -0.642, max: 0.476, mean: -0.170
Epoch 26 Batch 2 | Loss: 0.313118
Epoch 26 Batch 3 | Loss: 0.296719
Epoch 26 Batch 4 | Loss: 0.272090
Epoch 26 Batch 5 | Loss: 0.259605
Epoch 26 Batch 6 | Loss: 0.252846
Epoch 26 Batch 7 | Loss: 0.274438
Epoch 26 Batch 8 | Loss: 0.285482
Epoch 26 Batch 9 | Loss: 0.335300
Epoch 26 Batch 10 | Loss: 0.278679
Epoch 26 Batch 11 | Loss: 0.298181
Epoch 26 Batch 12 | Loss: 0.304313
Epoch 26 Batch 13 | Loss: 0.250803
--- Epoch 26/30 | Loss: 0.2859 | Train Acc: 99.5% | Test Acc: 97.7% | CM: [TP:85, TN:83, FP:3, FN:1] | Progress: 86.7% | ETA: 1.1s ---
Epoch 27 Batch 1 | Loss: 0.311180 | Stats: min: -0.619, max: 0.245, mean: -0.186
Epoch 27 Batch 2 | Loss: 0.275222
Epoch 27 Batch 3 | Loss: 0.307309
Epoch 27 Batch 4 | Loss: 0.257064
Epoch 27 Batch 5 | Loss: 0.370091
Epoch 27 Batch 6 | Loss: 0.293103
Epoch 27 Batch 7 | Loss: 0.298595
Epoch 27 Batch 8 | Loss: 0.277019
Epoch 27 Batch 9 | Loss: 0.292027
Epoch 27 Batch 10 | Loss: 0.271323
Epoch 27 Batch 11 | Loss: 0.250079
Epoch 27 Batch 12 | Loss: 0.258060
Epoch 27 Batch 13 | Loss: 0.260642
--- Epoch 27/30 | Loss: 0.2863 | Train Acc: 99.5% | Test Acc: 97.7% | CM: [TP:85, TN:83, FP:3, FN:1] | Progress: 90.0% | ETA: 0.8s ---
Epoch 28 Batch 1 | Loss: 0.278249 | Stats: min: -0.666, max: 0.643, mean: 0.091
Epoch 28 Batch 2 | Loss: 0.320447
Epoch 28 Batch 3 | Loss: 0.293112
Epoch 28 Batch 4 | Loss: 0.309233
Epoch 28 Batch 5 | Loss: 0.275187
Epoch 28 Batch 6 | Loss: 0.282008
Epoch 28 Batch 7 | Loss: 0.291134
Epoch 28 Batch 8 | Loss: 0.295410
Epoch 28 Batch 9 | Loss: 0.297607
Epoch 28 Batch 10 | Loss: 0.274266
Epoch 28 Batch 11 | Loss: 0.264556
Epoch 28 Batch 12 | Loss: 0.276245
Epoch 28 Batch 13 | Loss: 0.267554
  [STABILITY] Plateau detected. Reducing Learning Rate to 0.000156
--- Epoch 28/30 | Loss: 0.2865 | Train Acc: 99.5% | Test Acc: 97.7% | CM: [TP:85, TN:83, FP:3, FN:1] | Progress: 93.3% | ETA: 0.4s ---
Epoch 29 Batch 1 | Loss: 0.304550 | Stats: min: -0.521, max: 0.260, mean: -0.170
Epoch 29 Batch 2 | Loss: 0.269781
Epoch 29 Batch 3 | Loss: 0.287443
Epoch 29 Batch 4 | Loss: 0.297740
Epoch 29 Batch 5 | Loss: 0.292709
Epoch 29 Batch 6 | Loss: 0.270466
Epoch 29 Batch 7 | Loss: 0.301105
Epoch 29 Batch 8 | Loss: 0.293082
Epoch 29 Batch 9 | Loss: 0.271309
Epoch 29 Batch 10 | Loss: 0.289130
Epoch 29 Batch 11 | Loss: 0.293412
Epoch 29 Batch 12 | Loss: 0.277289
Epoch 29 Batch 13 | Loss: 0.286635
--- Epoch 29/30 | Loss: 0.2873 | Train Acc: 99.5% | Test Acc: 97.7% | CM: [TP:85, TN:83, FP:3, FN:1] | Progress: 96.7% | ETA: 0.2s ---
Epoch 30 Batch 1 | Loss: 0.278196 | Stats: min: -0.603, max: 0.632, mean: -0.085
Epoch 30 Batch 2 | Loss: 0.284442
Epoch 30 Batch 3 | Loss: 0.272421
Epoch 30 Batch 4 | Loss: 0.353714
Epoch 30 Batch 5 | Loss: 0.293407
Epoch 30 Batch 6 | Loss: 0.267231
Epoch 30 Batch 7 | Loss: 0.307188
Epoch 30 Batch 8 | Loss: 0.278492
Epoch 30 Batch 9 | Loss: 0.305983
Epoch 30 Batch 10 | Loss: 0.275871
Epoch 30 Batch 11 | Loss: 0.272657
Epoch 30 Batch 12 | Loss: 0.267383
Epoch 30 Batch 13 | Loss: 0.267345
--- Epoch 30/30 | Loss: 0.2865 | Train Acc: 99.5% | Test Acc: 97.7% | CM: [TP:85, TN:83, FP:3, FN:1] | Progress: 100.0% | ETA: 0.0s ---

Final Best Test Accuracy: 99.42%


Best Quantum Test Accuracy: 0.994
