DEBUG: Qtrainer enters train_pure_quantum_cnn. Encoding: amplitude
  Class Weights: +1 (Target): 1.00 | -1 (Rest): 1.00
Starting Training
==================================================
Epoch 1 Batch 1 | Loss: 0.768895 | Stats: min: -0.067, max: 0.019, mean: -0.032
Epoch 1 Batch 2 | Loss: 0.725110
Epoch 1 Batch 3 | Loss: 0.686536
Epoch 1 Batch 4 | Loss: 0.676377
Epoch 1 Batch 5 | Loss: 0.635497
Epoch 1 Batch 6 | Loss: 0.603753
Epoch 1 Batch 7 | Loss: 0.608479
Epoch 1 Batch 8 | Loss: 0.592432
Epoch 1 Batch 9 | Loss: 0.589382
Epoch 1 Batch 10 | Loss: 0.586766
Epoch 1 Batch 11 | Loss: 0.564851
Epoch 1 Batch 12 | Loss: 0.554364
Epoch 1 Batch 13 | Loss: 0.573714
  [STABILITY] Test accuracy improved: 0.00% -> 36.05% (via EMA). Saving best params.
--- Epoch 1/30 | Loss: 0.6282 | Train Acc: 27.5% | Test Acc: 36.0% | CM: [TP:19, TN:43, FP:43, FN:67] | Progress: 3.3% | ETA: 236.6s ---
Epoch 2 Batch 1 | Loss: 0.537871 | Stats: min: -0.281, max: 0.176, mean: 0.019
Epoch 2 Batch 2 | Loss: 0.531701
Epoch 2 Batch 3 | Loss: 0.516918
Epoch 2 Batch 4 | Loss: 0.503561
Epoch 2 Batch 5 | Loss: 0.491176
Epoch 2 Batch 6 | Loss: 0.496395
Epoch 2 Batch 7 | Loss: 0.463914
Epoch 2 Batch 8 | Loss: 0.490679
Epoch 2 Batch 9 | Loss: 0.491891
Epoch 2 Batch 10 | Loss: 0.444521
Epoch 2 Batch 11 | Loss: 0.463031
Epoch 2 Batch 12 | Loss: 0.427379
Epoch 2 Batch 13 | Loss: 0.434162
  [STABILITY] Test accuracy improved: 36.05% -> 55.23% (via EMA). Saving best params.
--- Epoch 2/30 | Loss: 0.4841 | Train Acc: 53.0% | Test Acc: 55.2% | CM: [TP:19, TN:76, FP:10, FN:67] | Progress: 6.7% | ETA: 103.1s ---
Epoch 3 Batch 1 | Loss: 0.457769 | Stats: min: -0.350, max: 0.378, mean: -0.159
Epoch 3 Batch 2 | Loss: 0.428633
Epoch 3 Batch 3 | Loss: 0.456484
Epoch 3 Batch 4 | Loss: 0.482669
Epoch 3 Batch 5 | Loss: 0.451053
Epoch 3 Batch 6 | Loss: 0.408365
Epoch 3 Batch 7 | Loss: 0.425413
Epoch 3 Batch 8 | Loss: 0.437942
Epoch 3 Batch 9 | Loss: 0.413203
Epoch 3 Batch 10 | Loss: 0.456015
Epoch 3 Batch 11 | Loss: 0.419001
Epoch 3 Batch 12 | Loss: 0.427937
Epoch 3 Batch 13 | Loss: 0.398182
  [STABILITY] Test accuracy improved: 55.23% -> 73.26% (via EMA). Saving best params.
--- Epoch 3/30 | Loss: 0.4356 | Train Acc: 70.0% | Test Acc: 73.3% | CM: [TP:43, TN:83, FP:3, FN:43] | Progress: 10.0% | ETA: 51.4s ---
Epoch 4 Batch 1 | Loss: 0.423129 | Stats: min: 0.189, max: 0.312, mean: 0.253
Epoch 4 Batch 2 | Loss: 0.431094
Epoch 4 Batch 3 | Loss: 0.427823
Epoch 4 Batch 4 | Loss: 0.406341
Epoch 4 Batch 5 | Loss: 0.431912
Epoch 4 Batch 6 | Loss: 0.432621
Epoch 4 Batch 7 | Loss: 0.419595
Epoch 4 Batch 8 | Loss: 0.470797
Epoch 4 Batch 9 | Loss: 0.399621
Epoch 4 Batch 10 | Loss: 0.404853
Epoch 4 Batch 11 | Loss: 0.434452
Epoch 4 Batch 12 | Loss: 0.427950
Epoch 4 Batch 13 | Loss: 0.442823
  [STABILITY] Test accuracy improved: 73.26% -> 84.88% (via EMA). Saving best params.
--- Epoch 4/30 | Loss: 0.4272 | Train Acc: 81.0% | Test Acc: 84.9% | CM: [TP:62, TN:84, FP:2, FN:24] | Progress: 13.3% | ETA: 46.6s ---
Epoch 5 Batch 1 | Loss: 0.445836 | Stats: min: -0.428, max: -0.127, mean: -0.312
Epoch 5 Batch 2 | Loss: 0.436385
Epoch 5 Batch 3 | Loss: 0.397847
Epoch 5 Batch 4 | Loss: 0.429520
Epoch 5 Batch 5 | Loss: 0.396246
Epoch 5 Batch 6 | Loss: 0.412781
Epoch 5 Batch 7 | Loss: 0.408625
Epoch 5 Batch 8 | Loss: 0.412281
Epoch 5 Batch 9 | Loss: 0.453185
Epoch 5 Batch 10 | Loss: 0.445939
Epoch 5 Batch 11 | Loss: 0.410031
Epoch 5 Batch 12 | Loss: 0.407399
Epoch 5 Batch 13 | Loss: 0.365655
  [STABILITY] Test accuracy improved: 84.88% -> 90.12% (via EMA). Saving best params.
--- Epoch 5/30 | Loss: 0.4171 | Train Acc: 93.0% | Test Acc: 90.1% | CM: [TP:70, TN:85, FP:1, FN:16] | Progress: 16.7% | ETA: 31.5s ---
Epoch 6 Batch 1 | Loss: 0.440283 | Stats: min: -0.344, max: 0.247, mean: -0.092
Epoch 6 Batch 2 | Loss: 0.396929
Epoch 6 Batch 3 | Loss: 0.400241
Epoch 6 Batch 4 | Loss: 0.411778
Epoch 6 Batch 5 | Loss: 0.401839
Epoch 6 Batch 6 | Loss: 0.395897
Epoch 6 Batch 7 | Loss: 0.423378
Epoch 6 Batch 8 | Loss: 0.401092
Epoch 6 Batch 9 | Loss: 0.426487
Epoch 6 Batch 10 | Loss: 0.411998
Epoch 6 Batch 11 | Loss: 0.397492
Epoch 6 Batch 12 | Loss: 0.417449
Epoch 6 Batch 13 | Loss: 0.411788
  [STABILITY] Test accuracy improved: 90.12% -> 93.60% (via EMA). Saving best params.
--- Epoch 6/30 | Loss: 0.4105 | Train Acc: 95.5% | Test Acc: 93.6% | CM: [TP:76, TN:85, FP:1, FN:10] | Progress: 20.0% | ETA: 26.1s ---
Epoch 7 Batch 1 | Loss: 0.388669 | Stats: min: -0.440, max: 0.395, mean: -0.144
Epoch 7 Batch 2 | Loss: 0.414927
Epoch 7 Batch 3 | Loss: 0.397090
Epoch 7 Batch 4 | Loss: 0.409780
Epoch 7 Batch 5 | Loss: 0.411250
Epoch 7 Batch 6 | Loss: 0.399220
Epoch 7 Batch 7 | Loss: 0.409325
Epoch 7 Batch 8 | Loss: 0.400942
Epoch 7 Batch 9 | Loss: 0.427682
Epoch 7 Batch 10 | Loss: 0.415258
Epoch 7 Batch 11 | Loss: 0.399870
Epoch 7 Batch 12 | Loss: 0.375278
Epoch 7 Batch 13 | Loss: 0.359076
  [STABILITY] Test accuracy improved: 93.60% -> 95.93% (via EMA). Saving best params.
--- Epoch 7/30 | Loss: 0.4006 | Train Acc: 97.5% | Test Acc: 95.9% | CM: [TP:81, TN:84, FP:2, FN:5] | Progress: 23.3% | ETA: 22.3s ---
Epoch 8 Batch 1 | Loss: 0.410939 | Stats: min: -0.478, max: 0.459, mean: -0.074
Epoch 8 Batch 2 | Loss: 0.417490
Epoch 8 Batch 3 | Loss: 0.387183
Epoch 8 Batch 4 | Loss: 0.392723
Epoch 8 Batch 5 | Loss: 0.403090
Epoch 8 Batch 6 | Loss: 0.404676
Epoch 8 Batch 7 | Loss: 0.395393
Epoch 8 Batch 8 | Loss: 0.382179
Epoch 8 Batch 9 | Loss: 0.406547
Epoch 8 Batch 10 | Loss: 0.364257
Epoch 8 Batch 11 | Loss: 0.364634
Epoch 8 Batch 12 | Loss: 0.379453
Epoch 8 Batch 13 | Loss: 0.368128
  [STABILITY] Test accuracy improved: 95.93% -> 97.09% (via EMA). Saving best params.
--- Epoch 8/30 | Loss: 0.3905 | Train Acc: 97.5% | Test Acc: 97.1% | CM: [TP:83, TN:84, FP:2, FN:3] | Progress: 26.7% | ETA: 17.4s ---
Epoch 9 Batch 1 | Loss: 0.394550 | Stats: min: -0.221, max: 0.375, mean: 0.201
Epoch 9 Batch 2 | Loss: 0.406901
Epoch 9 Batch 3 | Loss: 0.382625
Epoch 9 Batch 4 | Loss: 0.365246
Epoch 9 Batch 5 | Loss: 0.388468
Epoch 9 Batch 6 | Loss: 0.401502
Epoch 9 Batch 7 | Loss: 0.357348
Epoch 9 Batch 8 | Loss: 0.363403
Epoch 9 Batch 9 | Loss: 0.391939
Epoch 9 Batch 10 | Loss: 0.369965
Epoch 9 Batch 11 | Loss: 0.366632
Epoch 9 Batch 12 | Loss: 0.371862
Epoch 9 Batch 13 | Loss: 0.381224
  [STABILITY] Test accuracy improved: 97.09% -> 97.67% (via EMA). Saving best params.
--- Epoch 9/30 | Loss: 0.3801 | Train Acc: 98.0% | Test Acc: 97.7% | CM: [TP:84, TN:84, FP:2, FN:2] | Progress: 30.0% | ETA: 13.2s ---
Epoch 10 Batch 1 | Loss: 0.409178 | Stats: min: -0.534, max: 0.528, mean: -0.077
Epoch 10 Batch 2 | Loss: 0.367018
Epoch 10 Batch 3 | Loss: 0.357678
Epoch 10 Batch 4 | Loss: 0.384710
Epoch 10 Batch 5 | Loss: 0.376464
Epoch 10 Batch 6 | Loss: 0.397450
Epoch 10 Batch 7 | Loss: 0.355485
Epoch 10 Batch 8 | Loss: 0.339240
Epoch 10 Batch 9 | Loss: 0.402871
Epoch 10 Batch 10 | Loss: 0.372716
Epoch 10 Batch 11 | Loss: 0.360449
Epoch 10 Batch 12 | Loss: 0.383488
Epoch 10 Batch 13 | Loss: 0.334076
--- Epoch 10/30 | Loss: 0.3724 | Train Acc: 97.5% | Test Acc: 97.7% | CM: [TP:84, TN:84, FP:2, FN:2] | Progress: 33.3% | ETA: 9.3s ---
Epoch 11 Batch 1 | Loss: 0.361693 | Stats: min: -0.528, max: 0.301, mean: 0.022
Epoch 11 Batch 2 | Loss: 0.393500
Epoch 11 Batch 3 | Loss: 0.383339
Epoch 11 Batch 4 | Loss: 0.380826
Epoch 11 Batch 5 | Loss: 0.387282
Epoch 11 Batch 6 | Loss: 0.380086
Epoch 11 Batch 7 | Loss: 0.355451
Epoch 11 Batch 8 | Loss: 0.354436
Epoch 11 Batch 9 | Loss: 0.350325
Epoch 11 Batch 10 | Loss: 0.333277
Epoch 11 Batch 11 | Loss: 0.371978
Epoch 11 Batch 12 | Loss: 0.374200
Epoch 11 Batch 13 | Loss: 0.398641
--- Epoch 11/30 | Loss: 0.3712 | Train Acc: 98.0% | Test Acc: 97.7% | CM: [TP:84, TN:84, FP:2, FN:2] | Progress: 36.7% | ETA: 8.0s ---
Epoch 12 Batch 1 | Loss: 0.354236 | Stats: min: -0.639, max: 0.324, mean: -0.256
Epoch 12 Batch 2 | Loss: 0.341337
Epoch 12 Batch 3 | Loss: 0.348341
Epoch 12 Batch 4 | Loss: 0.365405
Epoch 12 Batch 5 | Loss: 0.382119
Epoch 12 Batch 6 | Loss: 0.368892
Epoch 12 Batch 7 | Loss: 0.373555
Epoch 12 Batch 8 | Loss: 0.332090
Epoch 12 Batch 9 | Loss: 0.392875
Epoch 12 Batch 10 | Loss: 0.378685
Epoch 12 Batch 11 | Loss: 0.371569
Epoch 12 Batch 12 | Loss: 0.392006
Epoch 12 Batch 13 | Loss: 0.357532
  [STABILITY] Plateau detected. Reducing Learning Rate to 0.010000
--- Epoch 12/30 | Loss: 0.3660 | Train Acc: 98.0% | Test Acc: 97.7% | CM: [TP:84, TN:84, FP:2, FN:2] | Progress: 40.0% | ETA: 6.9s ---
Epoch 13 Batch 1 | Loss: 0.353182 | Stats: min: -0.560, max: 0.361, mean: -0.012
Epoch 13 Batch 2 | Loss: 0.358028
Epoch 13 Batch 3 | Loss: 0.360153
Epoch 13 Batch 4 | Loss: 0.367874
Epoch 13 Batch 5 | Loss: 0.338982
Epoch 13 Batch 6 | Loss: 0.357201
Epoch 13 Batch 7 | Loss: 0.359022
Epoch 13 Batch 8 | Loss: 0.343536
Epoch 13 Batch 9 | Loss: 0.342301
Epoch 13 Batch 10 | Loss: 0.389420
Epoch 13 Batch 11 | Loss: 0.402137
Epoch 13 Batch 12 | Loss: 0.367882
Epoch 13 Batch 13 | Loss: 0.337137
--- Epoch 13/30 | Loss: 0.3598 | Train Acc: 98.0% | Test Acc: 97.7% | CM: [TP:84, TN:84, FP:2, FN:2] | Progress: 43.3% | ETA: 8.3s ---
Epoch 14 Batch 1 | Loss: 0.368998 | Stats: min: -0.588, max: 0.482, mean: 0.088
Epoch 14 Batch 2 | Loss: 0.340331
Epoch 14 Batch 3 | Loss: 0.344431
Epoch 14 Batch 4 | Loss: 0.344696
Epoch 14 Batch 5 | Loss: 0.365819
Epoch 14 Batch 6 | Loss: 0.373948
Epoch 14 Batch 7 | Loss: 0.324334
Epoch 14 Batch 8 | Loss: 0.376311
Epoch 14 Batch 9 | Loss: 0.354443
Epoch 14 Batch 10 | Loss: 0.376770
Epoch 14 Batch 11 | Loss: 0.340330
Epoch 14 Batch 12 | Loss: 0.344962
Epoch 14 Batch 13 | Loss: 0.369027
--- Epoch 14/30 | Loss: 0.3557 | Train Acc: 98.5% | Test Acc: 97.7% | CM: [TP:84, TN:84, FP:2, FN:2] | Progress: 46.7% | ETA: 8.7s ---
Epoch 15 Batch 1 | Loss: 0.327227 | Stats: min: -0.449, max: 0.419, mean: 0.078
Epoch 15 Batch 2 | Loss: 0.336757
Epoch 15 Batch 3 | Loss: 0.376260
Epoch 15 Batch 4 | Loss: 0.358422
Epoch 15 Batch 5 | Loss: 0.337570
Epoch 15 Batch 6 | Loss: 0.335193
Epoch 15 Batch 7 | Loss: 0.360530
Epoch 15 Batch 8 | Loss: 0.343106
Epoch 15 Batch 9 | Loss: 0.338284
Epoch 15 Batch 10 | Loss: 0.347284
Epoch 15 Batch 11 | Loss: 0.363401
Epoch 15 Batch 12 | Loss: 0.380750
Epoch 15 Batch 13 | Loss: 0.333239
  [STABILITY] Test accuracy improved: 97.67% -> 98.26% (via EMA). Saving best params.
--- Epoch 15/30 | Loss: 0.3491 | Train Acc: 99.0% | Test Acc: 98.3% | CM: [TP:85, TN:84, FP:2, FN:1] | Progress: 50.0% | ETA: 4.2s ---
Epoch 16 Batch 1 | Loss: 0.337806 | Stats: min: -0.567, max: 0.548, mean: 0.033
Epoch 16 Batch 2 | Loss: 0.349605
Epoch 16 Batch 3 | Loss: 0.383001
Epoch 16 Batch 4 | Loss: 0.303861
Epoch 16 Batch 5 | Loss: 0.347972
Epoch 16 Batch 6 | Loss: 0.360220
Epoch 16 Batch 7 | Loss: 0.329564
Epoch 16 Batch 8 | Loss: 0.347342
Epoch 16 Batch 9 | Loss: 0.374385
Epoch 16 Batch 10 | Loss: 0.353102
Epoch 16 Batch 11 | Loss: 0.329688
Epoch 16 Batch 12 | Loss: 0.327733
Epoch 16 Batch 13 | Loss: 0.319299
--- Epoch 16/30 | Loss: 0.3434 | Train Acc: 98.5% | Test Acc: 98.3% | CM: [TP:85, TN:84, FP:2, FN:1] | Progress: 53.3% | ETA: 6.6s ---
Epoch 17 Batch 1 | Loss: 0.349045 | Stats: min: -0.508, max: 0.591, mean: 0.092
Epoch 17 Batch 2 | Loss: 0.326763
Epoch 17 Batch 3 | Loss: 0.327070
Epoch 17 Batch 4 | Loss: 0.336314
Epoch 17 Batch 5 | Loss: 0.344495
Epoch 17 Batch 6 | Loss: 0.347435
Epoch 17 Batch 7 | Loss: 0.332105
Epoch 17 Batch 8 | Loss: 0.344140
Epoch 17 Batch 9 | Loss: 0.326083
Epoch 17 Batch 10 | Loss: 0.336387
Epoch 17 Batch 11 | Loss: 0.353466
Epoch 17 Batch 12 | Loss: 0.347722
Epoch 17 Batch 13 | Loss: 0.335981
  [STABILITY] Test accuracy improved: 98.26% -> 98.84% (via EMA). Saving best params.
--- Epoch 17/30 | Loss: 0.3390 | Train Acc: 98.5% | Test Acc: 98.8% | CM: [TP:86, TN:84, FP:2, FN:0] | Progress: 56.7% | ETA: 6.0s ---
Epoch 18 Batch 1 | Loss: 0.324849 | Stats: min: -0.570, max: 0.512, mean: 0.083
Epoch 18 Batch 2 | Loss: 0.379838
Epoch 18 Batch 3 | Loss: 0.332796
Epoch 18 Batch 4 | Loss: 0.346105
Epoch 18 Batch 5 | Loss: 0.339682
Epoch 18 Batch 6 | Loss: 0.325151
Epoch 18 Batch 7 | Loss: 0.306931
Epoch 18 Batch 8 | Loss: 0.299075
Epoch 18 Batch 9 | Loss: 0.360881
Epoch 18 Batch 10 | Loss: 0.348867
Epoch 18 Batch 11 | Loss: 0.347979
Epoch 18 Batch 12 | Loss: 0.331160
Epoch 18 Batch 13 | Loss: 0.293739
--- Epoch 18/30 | Loss: 0.3336 | Train Acc: 98.5% | Test Acc: 98.8% | CM: [TP:86, TN:84, FP:2, FN:0] | Progress: 60.0% | ETA: 5.5s ---
Epoch 19 Batch 1 | Loss: 0.321805 | Stats: min: -0.629, max: 0.591, mean: 0.092
Epoch 19 Batch 2 | Loss: 0.346364
Epoch 19 Batch 3 | Loss: 0.315375
Epoch 19 Batch 4 | Loss: 0.312648
Epoch 19 Batch 5 | Loss: 0.339436
Epoch 19 Batch 6 | Loss: 0.301470
Epoch 19 Batch 7 | Loss: 0.351969
Epoch 19 Batch 8 | Loss: 0.324811
Epoch 19 Batch 9 | Loss: 0.323773
Epoch 19 Batch 10 | Loss: 0.381650
Epoch 19 Batch 11 | Loss: 0.355302
Epoch 19 Batch 12 | Loss: 0.331957
Epoch 19 Batch 13 | Loss: 0.304775
--- Epoch 19/30 | Loss: 0.3316 | Train Acc: 98.5% | Test Acc: 98.8% | CM: [TP:86, TN:84, FP:2, FN:0] | Progress: 63.3% | ETA: 5.1s ---
Epoch 20 Batch 1 | Loss: 0.336142 | Stats: min: -0.605, max: 0.522, mean: 0.063
Epoch 20 Batch 2 | Loss: 0.324619
Epoch 20 Batch 3 | Loss: 0.301792
Epoch 20 Batch 4 | Loss: 0.350609
Epoch 20 Batch 5 | Loss: 0.331232
Epoch 20 Batch 6 | Loss: 0.333222
Epoch 20 Batch 7 | Loss: 0.333503
Epoch 20 Batch 8 | Loss: 0.328320
Epoch 20 Batch 9 | Loss: 0.331191
Epoch 20 Batch 10 | Loss: 0.319968
Epoch 20 Batch 11 | Loss: 0.364611
Epoch 20 Batch 12 | Loss: 0.320707
Epoch 20 Batch 13 | Loss: 0.312331
  [STABILITY] Plateau detected. Reducing Learning Rate to 0.005000
--- Epoch 20/30 | Loss: 0.3299 | Train Acc: 99.0% | Test Acc: 98.8% | CM: [TP:86, TN:84, FP:2, FN:0] | Progress: 66.7% | ETA: 4.4s ---
Epoch 21 Batch 1 | Loss: 0.376035 | Stats: min: -0.499, max: 0.411, mean: -0.020
Epoch 21 Batch 2 | Loss: 0.317217
Epoch 21 Batch 3 | Loss: 0.333166
Epoch 21 Batch 4 | Loss: 0.301679
Epoch 21 Batch 5 | Loss: 0.329200
Epoch 21 Batch 6 | Loss: 0.327527
Epoch 21 Batch 7 | Loss: 0.327409
Epoch 21 Batch 8 | Loss: 0.319219
Epoch 21 Batch 9 | Loss: 0.337697
Epoch 21 Batch 10 | Loss: 0.293692
Epoch 21 Batch 11 | Loss: 0.295777
Epoch 21 Batch 12 | Loss: 0.380618
Epoch 21 Batch 13 | Loss: 0.358436
--- Epoch 21/30 | Loss: 0.3306 | Train Acc: 99.0% | Test Acc: 98.8% | CM: [TP:86, TN:84, FP:2, FN:0] | Progress: 70.0% | ETA: 3.4s ---
Epoch 22 Batch 1 | Loss: 0.299642 | Stats: min: -0.639, max: 0.533, mean: -0.160
Epoch 22 Batch 2 | Loss: 0.309204
Epoch 22 Batch 3 | Loss: 0.345991
Epoch 22 Batch 4 | Loss: 0.339229
Epoch 22 Batch 5 | Loss: 0.332902
Epoch 22 Batch 6 | Loss: 0.356024
Epoch 22 Batch 7 | Loss: 0.314270
Epoch 22 Batch 8 | Loss: 0.312113
Epoch 22 Batch 9 | Loss: 0.304082
Epoch 22 Batch 10 | Loss: 0.360414
Epoch 22 Batch 11 | Loss: 0.356725
Epoch 22 Batch 12 | Loss: 0.299495
Epoch 22 Batch 13 | Loss: 0.358735
--- Epoch 22/30 | Loss: 0.3299 | Train Acc: 99.0% | Test Acc: 98.8% | CM: [TP:86, TN:84, FP:2, FN:0] | Progress: 73.3% | ETA: 1.8s ---
Epoch 23 Batch 1 | Loss: 0.307086 | Stats: min: -0.609, max: 0.536, mean: -0.287
Epoch 23 Batch 2 | Loss: 0.335735
Epoch 23 Batch 3 | Loss: 0.295838
Epoch 23 Batch 4 | Loss: 0.307563
Epoch 23 Batch 5 | Loss: 0.343359
Epoch 23 Batch 6 | Loss: 0.313494
Epoch 23 Batch 7 | Loss: 0.311624
Epoch 23 Batch 8 | Loss: 0.299889
Epoch 23 Batch 9 | Loss: 0.369464
Epoch 23 Batch 10 | Loss: 0.331445
Epoch 23 Batch 11 | Loss: 0.381074
Epoch 23 Batch 12 | Loss: 0.317352
Epoch 23 Batch 13 | Loss: 0.389455
  [STABILITY] Plateau detected. Reducing Learning Rate to 0.002500
--- Epoch 23/30 | Loss: 0.3310 | Train Acc: 99.0% | Test Acc: 98.8% | CM: [TP:86, TN:84, FP:2, FN:0] | Progress: 76.7% | ETA: 1.6s ---
Epoch 24 Batch 1 | Loss: 0.308422 | Stats: min: -0.596, max: 0.614, mean: -0.051
Epoch 24 Batch 2 | Loss: 0.330671
Epoch 24 Batch 3 | Loss: 0.300805
Epoch 24 Batch 4 | Loss: 0.326353
Epoch 24 Batch 5 | Loss: 0.352989
Epoch 24 Batch 6 | Loss: 0.340430
Epoch 24 Batch 7 | Loss: 0.297093
Epoch 24 Batch 8 | Loss: 0.303024
Epoch 24 Batch 9 | Loss: 0.318671
Epoch 24 Batch 10 | Loss: 0.369004
Epoch 24 Batch 11 | Loss: 0.354052
Epoch 24 Batch 12 | Loss: 0.355169
Epoch 24 Batch 13 | Loss: 0.284138
--- Epoch 24/30 | Loss: 0.3262 | Train Acc: 99.0% | Test Acc: 98.8% | CM: [TP:86, TN:84, FP:2, FN:0] | Progress: 80.0% | ETA: 1.0s ---
Epoch 25 Batch 1 | Loss: 0.313984 | Stats: min: -0.567, max: 0.520, mean: 0.238
Epoch 25 Batch 2 | Loss: 0.339686
Epoch 25 Batch 3 | Loss: 0.328837
Epoch 25 Batch 4 | Loss: 0.305079
Epoch 25 Batch 5 | Loss: 0.328035
Epoch 25 Batch 6 | Loss: 0.329793
Epoch 25 Batch 7 | Loss: 0.325066
Epoch 25 Batch 8 | Loss: 0.348106
Epoch 25 Batch 9 | Loss: 0.298874
Epoch 25 Batch 10 | Loss: 0.341415
Epoch 25 Batch 11 | Loss: 0.365665
Epoch 25 Batch 12 | Loss: 0.305864
Epoch 25 Batch 13 | Loss: 0.335910
--- Epoch 25/30 | Loss: 0.3282 | Train Acc: 98.5% | Test Acc: 98.8% | CM: [TP:86, TN:84, FP:2, FN:0] | Progress: 83.3% | ETA: 1.3s ---
Epoch 26 Batch 1 | Loss: 0.311196 | Stats: min: -0.627, max: 0.616, mean: 0.097
Epoch 26 Batch 2 | Loss: 0.340084
Epoch 26 Batch 3 | Loss: 0.330498
Epoch 26 Batch 4 | Loss: 0.308943
Epoch 26 Batch 5 | Loss: 0.318594
Epoch 26 Batch 6 | Loss: 0.314615
Epoch 26 Batch 7 | Loss: 0.329501
Epoch 26 Batch 8 | Loss: 0.336326
Epoch 26 Batch 9 | Loss: 0.379917
Epoch 26 Batch 10 | Loss: 0.357467
Epoch 26 Batch 11 | Loss: 0.313228
Epoch 26 Batch 12 | Loss: 0.292818
Epoch 26 Batch 13 | Loss: 0.324633
  [STABILITY] Plateau detected. Reducing Learning Rate to 0.001250
--- Epoch 26/30 | Loss: 0.3275 | Train Acc: 98.5% | Test Acc: 98.8% | CM: [TP:86, TN:84, FP:2, FN:0] | Progress: 86.7% | ETA: 0.9s ---
Epoch 27 Batch 1 | Loss: 0.341920 | Stats: min: -0.711, max: 0.518, mean: -0.148
Epoch 27 Batch 2 | Loss: 0.317419
Epoch 27 Batch 3 | Loss: 0.295692
Epoch 27 Batch 4 | Loss: 0.355049
Epoch 27 Batch 5 | Loss: 0.326495
Epoch 27 Batch 6 | Loss: 0.291066
Epoch 27 Batch 7 | Loss: 0.328183
Epoch 27 Batch 8 | Loss: 0.331433
Epoch 27 Batch 9 | Loss: 0.315141
Epoch 27 Batch 10 | Loss: 0.356482
Epoch 27 Batch 11 | Loss: 0.328885
Epoch 27 Batch 12 | Loss: 0.329295
Epoch 27 Batch 13 | Loss: 0.357709
--- Epoch 27/30 | Loss: 0.3288 | Train Acc: 98.5% | Test Acc: 98.8% | CM: [TP:86, TN:84, FP:2, FN:0] | Progress: 90.0% | ETA: 0.6s ---
Epoch 28 Batch 1 | Loss: 0.330930 | Stats: min: -0.566, max: 0.416, mean: -0.170
Epoch 28 Batch 2 | Loss: 0.366491
Epoch 28 Batch 3 | Loss: 0.307391
Epoch 28 Batch 4 | Loss: 0.317280
Epoch 28 Batch 5 | Loss: 0.379467
Epoch 28 Batch 6 | Loss: 0.320214
Epoch 28 Batch 7 | Loss: 0.308339
Epoch 28 Batch 8 | Loss: 0.305013
Epoch 28 Batch 9 | Loss: 0.373661
Epoch 28 Batch 10 | Loss: 0.319815
Epoch 28 Batch 11 | Loss: 0.296719
Epoch 28 Batch 12 | Loss: 0.322968
Epoch 28 Batch 13 | Loss: 0.291347
--- Epoch 28/30 | Loss: 0.3261 | Train Acc: 98.5% | Test Acc: 98.8% | CM: [TP:86, TN:84, FP:2, FN:0] | Progress: 93.3% | ETA: 0.4s ---
Epoch 29 Batch 1 | Loss: 0.339885 | Stats: min: -0.580, max: 0.491, mean: -0.105
Epoch 29 Batch 2 | Loss: 0.340237
Epoch 29 Batch 3 | Loss: 0.291553
Epoch 29 Batch 4 | Loss: 0.339518
Epoch 29 Batch 5 | Loss: 0.298032
Epoch 29 Batch 6 | Loss: 0.339094
Epoch 29 Batch 7 | Loss: 0.337818
Epoch 29 Batch 8 | Loss: 0.340386
Epoch 29 Batch 9 | Loss: 0.312114
Epoch 29 Batch 10 | Loss: 0.360661
Epoch 29 Batch 11 | Loss: 0.317406
Epoch 29 Batch 12 | Loss: 0.337274
Epoch 29 Batch 13 | Loss: 0.277056
  [STABILITY] Plateau detected. Reducing Learning Rate to 0.000625
--- Epoch 29/30 | Loss: 0.3255 | Train Acc: 98.5% | Test Acc: 98.8% | CM: [TP:86, TN:84, FP:2, FN:0] | Progress: 96.7% | ETA: 0.2s ---
Epoch 30 Batch 1 | Loss: 0.342971 | Stats: min: -0.540, max: 0.465, mean: 0.169
Epoch 30 Batch 2 | Loss: 0.332353
Epoch 30 Batch 3 | Loss: 0.337152
Epoch 30 Batch 4 | Loss: 0.331657
Epoch 30 Batch 5 | Loss: 0.309896
Epoch 30 Batch 6 | Loss: 0.354857
Epoch 30 Batch 7 | Loss: 0.313061
Epoch 30 Batch 8 | Loss: 0.363983
Epoch 30 Batch 9 | Loss: 0.318437
Epoch 30 Batch 10 | Loss: 0.323034
Epoch 30 Batch 11 | Loss: 0.297331
Epoch 30 Batch 12 | Loss: 0.310448
Epoch 30 Batch 13 | Loss: 0.314660
--- Epoch 30/30 | Loss: 0.3269 | Train Acc: 98.5% | Test Acc: 98.8% | CM: [TP:86, TN:84, FP:2, FN:0] | Progress: 100.0% | ETA: 0.0s ---

Final Best Test Accuracy: 98.84%


Best Quantum Test Accuracy: 0.988
