DEBUG: Qtrainer enters train_pure_quantum_cnn. Encoding: amplitude
  Class Weights: +1 (Target): 1.00 | -1 (Rest): 1.00
Starting Training
==================================================
Epoch 1 Batch 1 | Loss: 0.745337 | Stats: min: -0.314, max: -0.118, mean: -0.195
Epoch 1 Batch 2 | Loss: 0.732699
Epoch 1 Batch 3 | Loss: 0.700478
Epoch 1 Batch 4 | Loss: 0.662402
Epoch 1 Batch 5 | Loss: 0.655846
Epoch 1 Batch 6 | Loss: 0.655665
Epoch 1 Batch 7 | Loss: 0.649311
Epoch 1 Batch 8 | Loss: 0.650539
Epoch 1 Batch 9 | Loss: 0.642157
Epoch 1 Batch 10 | Loss: 0.594100
Epoch 1 Batch 11 | Loss: 0.609820
Epoch 1 Batch 12 | Loss: 0.603551
Epoch 1 Batch 13 | Loss: 0.607634
  [STABILITY] Test accuracy improved: 0.00% -> 47.67% (via EMA). Saving best params.
--- Epoch 1/30 | Loss: 0.6546 | Train Acc: 49.5% | Test Acc: 47.7% | CM: [TP:0, TN:82, FP:4, FN:86] | Progress: 3.3% | ETA: 111.9s ---
Epoch 2 Batch 1 | Loss: 0.626830 | Stats: min: -0.222, max: 0.152, mean: -0.030
Epoch 2 Batch 2 | Loss: 0.612198
Epoch 2 Batch 3 | Loss: 0.584805
Epoch 2 Batch 4 | Loss: 0.595357
Epoch 2 Batch 5 | Loss: 0.582705
Epoch 2 Batch 6 | Loss: 0.570807
Epoch 2 Batch 7 | Loss: 0.553091
Epoch 2 Batch 8 | Loss: 0.562700
Epoch 2 Batch 9 | Loss: 0.562898
Epoch 2 Batch 10 | Loss: 0.572270
Epoch 2 Batch 11 | Loss: 0.566073
Epoch 2 Batch 12 | Loss: 0.574773
Epoch 2 Batch 13 | Loss: 0.500969
--- Epoch 2/30 | Loss: 0.5743 | Train Acc: 49.0% | Test Acc: 47.7% | CM: [TP:0, TN:82, FP:4, FN:86] | Progress: 6.7% | ETA: 53.3s ---
Epoch 3 Batch 1 | Loss: 0.507926 | Stats: min: -0.203, max: 0.048, mean: -0.077
Epoch 3 Batch 2 | Loss: 0.571915
Epoch 3 Batch 3 | Loss: 0.564388
Epoch 3 Batch 4 | Loss: 0.566507
Epoch 3 Batch 5 | Loss: 0.544311
Epoch 3 Batch 6 | Loss: 0.526644
Epoch 3 Batch 7 | Loss: 0.551470
Epoch 3 Batch 8 | Loss: 0.538145
Epoch 3 Batch 9 | Loss: 0.496045
Epoch 3 Batch 10 | Loss: 0.547869
Epoch 3 Batch 11 | Loss: 0.533404
Epoch 3 Batch 12 | Loss: 0.513358
Epoch 3 Batch 13 | Loss: 0.590128
  [STABILITY] Test accuracy improved: 47.67% -> 56.40% (via EMA). Saving best params.
--- Epoch 3/30 | Loss: 0.5425 | Train Acc: 53.0% | Test Acc: 56.4% | CM: [TP:13, TN:84, FP:2, FN:73] | Progress: 10.0% | ETA: 39.8s ---
Epoch 4 Batch 1 | Loss: 0.515899 | Stats: min: -0.212, max: -0.041, mean: -0.133
Epoch 4 Batch 2 | Loss: 0.507282
Epoch 4 Batch 3 | Loss: 0.507461
Epoch 4 Batch 4 | Loss: 0.534379
Epoch 4 Batch 5 | Loss: 0.519545
Epoch 4 Batch 6 | Loss: 0.541323
Epoch 4 Batch 7 | Loss: 0.500800
Epoch 4 Batch 8 | Loss: 0.529039
Epoch 4 Batch 9 | Loss: 0.540562
Epoch 4 Batch 10 | Loss: 0.490063
Epoch 4 Batch 11 | Loss: 0.502804
Epoch 4 Batch 12 | Loss: 0.480171
Epoch 4 Batch 13 | Loss: 0.522581
  [STABILITY] Test accuracy improved: 56.40% -> 69.77% (via EMA). Saving best params.
--- Epoch 4/30 | Loss: 0.5148 | Train Acc: 66.5% | Test Acc: 69.8% | CM: [TP:35, TN:85, FP:1, FN:51] | Progress: 13.3% | ETA: 24.8s ---
Epoch 5 Batch 1 | Loss: 0.503871 | Stats: min: -0.471, max: 0.178, mean: -0.177
Epoch 5 Batch 2 | Loss: 0.502596
Epoch 5 Batch 3 | Loss: 0.496215
Epoch 5 Batch 4 | Loss: 0.512585
Epoch 5 Batch 5 | Loss: 0.520015
Epoch 5 Batch 6 | Loss: 0.518635
Epoch 5 Batch 7 | Loss: 0.543092
Epoch 5 Batch 8 | Loss: 0.492818
Epoch 5 Batch 9 | Loss: 0.515499
Epoch 5 Batch 10 | Loss: 0.500881
Epoch 5 Batch 11 | Loss: 0.503499
Epoch 5 Batch 12 | Loss: 0.477860
Epoch 5 Batch 13 | Loss: 0.468692
  [STABILITY] Test accuracy improved: 69.77% -> 87.21% (via EMA). Saving best params.
--- Epoch 5/30 | Loss: 0.5043 | Train Acc: 78.0% | Test Acc: 87.2% | CM: [TP:64, TN:86, FP:0, FN:22] | Progress: 16.7% | ETA: 19.1s ---
Epoch 6 Batch 1 | Loss: 0.509725 | Stats: min: -0.525, max: 0.139, mean: -0.191
Epoch 6 Batch 2 | Loss: 0.523947
Epoch 6 Batch 3 | Loss: 0.549141
Epoch 6 Batch 4 | Loss: 0.464874
Epoch 6 Batch 5 | Loss: 0.504850
Epoch 6 Batch 6 | Loss: 0.477705
Epoch 6 Batch 7 | Loss: 0.479530
Epoch 6 Batch 8 | Loss: 0.490191
Epoch 6 Batch 9 | Loss: 0.479880
Epoch 6 Batch 10 | Loss: 0.513938
Epoch 6 Batch 11 | Loss: 0.534267
Epoch 6 Batch 12 | Loss: 0.520573
Epoch 6 Batch 13 | Loss: 0.476825
  [STABILITY] Test accuracy improved: 87.21% -> 92.44% (via EMA). Saving best params.
--- Epoch 6/30 | Loss: 0.5020 | Train Acc: 84.0% | Test Acc: 92.4% | CM: [TP:73, TN:86, FP:0, FN:13] | Progress: 20.0% | ETA: 16.2s ---
Epoch 7 Batch 1 | Loss: 0.544768 | Stats: min: -0.152, max: 0.248, mean: -0.025
Epoch 7 Batch 2 | Loss: 0.479159
Epoch 7 Batch 3 | Loss: 0.496424
Epoch 7 Batch 4 | Loss: 0.476639
Epoch 7 Batch 5 | Loss: 0.493105
Epoch 7 Batch 6 | Loss: 0.501610
Epoch 7 Batch 7 | Loss: 0.461252
Epoch 7 Batch 8 | Loss: 0.531498
Epoch 7 Batch 9 | Loss: 0.531816
Epoch 7 Batch 10 | Loss: 0.537911
Epoch 7 Batch 11 | Loss: 0.437280
Epoch 7 Batch 12 | Loss: 0.490677
Epoch 7 Batch 13 | Loss: 0.558058
  [STABILITY] Test accuracy improved: 92.44% -> 93.02% (via EMA). Saving best params.
--- Epoch 7/30 | Loss: 0.5031 | Train Acc: 89.0% | Test Acc: 93.0% | CM: [TP:76, TN:84, FP:2, FN:10] | Progress: 23.3% | ETA: 12.6s ---
Epoch 8 Batch 1 | Loss: 0.505675 | Stats: min: -0.193, max: -0.095, mean: -0.159
Epoch 8 Batch 2 | Loss: 0.512538
Epoch 8 Batch 3 | Loss: 0.470009
Epoch 8 Batch 4 | Loss: 0.503399
Epoch 8 Batch 5 | Loss: 0.523666
Epoch 8 Batch 6 | Loss: 0.519836
Epoch 8 Batch 7 | Loss: 0.497002
Epoch 8 Batch 8 | Loss: 0.518310
Epoch 8 Batch 9 | Loss: 0.453360
Epoch 8 Batch 10 | Loss: 0.515714
Epoch 8 Batch 11 | Loss: 0.510300
Epoch 8 Batch 12 | Loss: 0.469146
Epoch 8 Batch 13 | Loss: 0.485338
--- Epoch 8/30 | Loss: 0.4988 | Train Acc: 90.0% | Test Acc: 93.0% | CM: [TP:76, TN:84, FP:2, FN:10] | Progress: 26.7% | ETA: 10.5s ---
Epoch 9 Batch 1 | Loss: 0.527077 | Stats: min: -0.177, max: 0.208, mean: -0.003
Epoch 9 Batch 2 | Loss: 0.518786
Epoch 9 Batch 3 | Loss: 0.515735
Epoch 9 Batch 4 | Loss: 0.477949
Epoch 9 Batch 5 | Loss: 0.484834
Epoch 9 Batch 6 | Loss: 0.518026
Epoch 9 Batch 7 | Loss: 0.484395
Epoch 9 Batch 8 | Loss: 0.472261
Epoch 9 Batch 9 | Loss: 0.482826
Epoch 9 Batch 10 | Loss: 0.523179
Epoch 9 Batch 11 | Loss: 0.489142
Epoch 9 Batch 12 | Loss: 0.505368
Epoch 9 Batch 13 | Loss: 0.464959
  [STABILITY] Test accuracy improved: 93.02% -> 94.19% (via EMA). Saving best params.
--- Epoch 9/30 | Loss: 0.4973 | Train Acc: 91.0% | Test Acc: 94.2% | CM: [TP:78, TN:84, FP:2, FN:8] | Progress: 30.0% | ETA: 8.9s ---
Epoch 10 Batch 1 | Loss: 0.531315 | Stats: min: -0.262, max: 0.124, mean: -0.079
Epoch 10 Batch 2 | Loss: 0.500766
Epoch 10 Batch 3 | Loss: 0.474577
Epoch 10 Batch 4 | Loss: 0.459984
Epoch 10 Batch 5 | Loss: 0.489814
Epoch 10 Batch 6 | Loss: 0.523086
Epoch 10 Batch 7 | Loss: 0.521564
Epoch 10 Batch 8 | Loss: 0.465286
Epoch 10 Batch 9 | Loss: 0.493337
Epoch 10 Batch 10 | Loss: 0.477855
Epoch 10 Batch 11 | Loss: 0.491768
Epoch 10 Batch 12 | Loss: 0.510752
Epoch 10 Batch 13 | Loss: 0.534410
--- Epoch 10/30 | Loss: 0.4980 | Train Acc: 92.0% | Test Acc: 93.6% | CM: [TP:77, TN:84, FP:2, FN:9] | Progress: 33.3% | ETA: 7.8s ---
Epoch 11 Batch 1 | Loss: 0.515785 | Stats: min: -0.528, max: 0.205, mean: -0.164
Epoch 11 Batch 2 | Loss: 0.526860
Epoch 11 Batch 3 | Loss: 0.481405
Epoch 11 Batch 4 | Loss: 0.488586
Epoch 11 Batch 5 | Loss: 0.511424
Epoch 11 Batch 6 | Loss: 0.481712
Epoch 11 Batch 7 | Loss: 0.471530
Epoch 11 Batch 8 | Loss: 0.504232
Epoch 11 Batch 9 | Loss: 0.510589
Epoch 11 Batch 10 | Loss: 0.497228
Epoch 11 Batch 11 | Loss: 0.475035
Epoch 11 Batch 12 | Loss: 0.482102
Epoch 11 Batch 13 | Loss: 0.510841
--- Epoch 11/30 | Loss: 0.4967 | Train Acc: 93.0% | Test Acc: 93.6% | CM: [TP:77, TN:84, FP:2, FN:9] | Progress: 36.7% | ETA: 6.6s ---
Epoch 12 Batch 1 | Loss: 0.510093 | Stats: min: -0.465, max: 0.354, mean: 0.028
Epoch 12 Batch 2 | Loss: 0.535729
Epoch 12 Batch 3 | Loss: 0.482475
Epoch 12 Batch 4 | Loss: 0.480411
Epoch 12 Batch 5 | Loss: 0.483347
Epoch 12 Batch 6 | Loss: 0.540374
Epoch 12 Batch 7 | Loss: 0.443081
Epoch 12 Batch 8 | Loss: 0.460560
Epoch 12 Batch 9 | Loss: 0.439689
Epoch 12 Batch 10 | Loss: 0.527298
Epoch 12 Batch 11 | Loss: 0.521316
Epoch 12 Batch 12 | Loss: 0.505023
Epoch 12 Batch 13 | Loss: 0.484474
  [STABILITY] Test accuracy improved: 94.19% -> 94.77% (via EMA). Saving best params.
--- Epoch 12/30 | Loss: 0.4934 | Train Acc: 93.0% | Test Acc: 94.8% | CM: [TP:79, TN:84, FP:2, FN:7] | Progress: 40.0% | ETA: 5.7s ---
Epoch 13 Batch 1 | Loss: 0.458118 | Stats: min: -0.558, max: 0.229, mean: -0.152
Epoch 13 Batch 2 | Loss: 0.456785
Epoch 13 Batch 3 | Loss: 0.479270
Epoch 13 Batch 4 | Loss: 0.563198
Epoch 13 Batch 5 | Loss: 0.524552
Epoch 13 Batch 6 | Loss: 0.479322
Epoch 13 Batch 7 | Loss: 0.474926
Epoch 13 Batch 8 | Loss: 0.471022
Epoch 13 Batch 9 | Loss: 0.491328
Epoch 13 Batch 10 | Loss: 0.448393
Epoch 13 Batch 11 | Loss: 0.540806
Epoch 13 Batch 12 | Loss: 0.485638
Epoch 13 Batch 13 | Loss: 0.520137
--- Epoch 13/30 | Loss: 0.4918 | Train Acc: 93.0% | Test Acc: 94.8% | CM: [TP:79, TN:84, FP:2, FN:7] | Progress: 43.3% | ETA: 5.1s ---
Epoch 14 Batch 1 | Loss: 0.427913 | Stats: min: -0.447, max: 0.346, mean: -0.228
Epoch 14 Batch 2 | Loss: 0.514316
Epoch 14 Batch 3 | Loss: 0.483056
Epoch 14 Batch 4 | Loss: 0.495064
Epoch 14 Batch 5 | Loss: 0.525647
Epoch 14 Batch 6 | Loss: 0.490021
Epoch 14 Batch 7 | Loss: 0.492420
Epoch 14 Batch 8 | Loss: 0.473842
Epoch 14 Batch 9 | Loss: 0.458066
Epoch 14 Batch 10 | Loss: 0.504359
Epoch 14 Batch 11 | Loss: 0.475230
Epoch 14 Batch 12 | Loss: 0.535712
Epoch 14 Batch 13 | Loss: 0.476470
--- Epoch 14/30 | Loss: 0.4886 | Train Acc: 93.5% | Test Acc: 94.8% | CM: [TP:79, TN:84, FP:2, FN:7] | Progress: 46.7% | ETA: 4.4s ---
Epoch 15 Batch 1 | Loss: 0.497931 | Stats: min: -0.501, max: 0.319, mean: -0.212
Epoch 15 Batch 2 | Loss: 0.516061
Epoch 15 Batch 3 | Loss: 0.462936
Epoch 15 Batch 4 | Loss: 0.479389
Epoch 15 Batch 5 | Loss: 0.488911
Epoch 15 Batch 6 | Loss: 0.445010
Epoch 15 Batch 7 | Loss: 0.547137
Epoch 15 Batch 8 | Loss: 0.508307
Epoch 15 Batch 9 | Loss: 0.471987
Epoch 15 Batch 10 | Loss: 0.460169
Epoch 15 Batch 11 | Loss: 0.519038
Epoch 15 Batch 12 | Loss: 0.449180
Epoch 15 Batch 13 | Loss: 0.462197
  [STABILITY] Plateau detected. Reducing Learning Rate to 0.010000
--- Epoch 15/30 | Loss: 0.4853 | Train Acc: 93.5% | Test Acc: 94.8% | CM: [TP:79, TN:84, FP:2, FN:7] | Progress: 50.0% | ETA: 3.8s ---
Epoch 16 Batch 1 | Loss: 0.437564 | Stats: min: -0.368, max: 0.157, mean: -0.103
Epoch 16 Batch 2 | Loss: 0.474374
Epoch 16 Batch 3 | Loss: 0.511407
Epoch 16 Batch 4 | Loss: 0.512285
Epoch 16 Batch 5 | Loss: 0.477242
Epoch 16 Batch 6 | Loss: 0.521027
Epoch 16 Batch 7 | Loss: 0.441927
Epoch 16 Batch 8 | Loss: 0.455229
Epoch 16 Batch 9 | Loss: 0.469380
Epoch 16 Batch 10 | Loss: 0.502348
Epoch 16 Batch 11 | Loss: 0.493597
Epoch 16 Batch 12 | Loss: 0.466532
Epoch 16 Batch 13 | Loss: 0.524938
--- Epoch 16/30 | Loss: 0.4837 | Train Acc: 93.5% | Test Acc: 94.8% | CM: [TP:79, TN:84, FP:2, FN:7] | Progress: 53.3% | ETA: 3.3s ---
Epoch 17 Batch 1 | Loss: 0.484193 | Stats: min: -0.402, max: 0.166, mean: -0.176
Epoch 17 Batch 2 | Loss: 0.445521
Epoch 17 Batch 3 | Loss: 0.471371
Epoch 17 Batch 4 | Loss: 0.458499
Epoch 17 Batch 5 | Loss: 0.534283
Epoch 17 Batch 6 | Loss: 0.445812
Epoch 17 Batch 7 | Loss: 0.485014
Epoch 17 Batch 8 | Loss: 0.483564
Epoch 17 Batch 9 | Loss: 0.482689
Epoch 17 Batch 10 | Loss: 0.483983
Epoch 17 Batch 11 | Loss: 0.501264
Epoch 17 Batch 12 | Loss: 0.466390
Epoch 17 Batch 13 | Loss: 0.490735
--- Epoch 17/30 | Loss: 0.4795 | Train Acc: 94.0% | Test Acc: 94.8% | CM: [TP:79, TN:84, FP:2, FN:7] | Progress: 56.7% | ETA: 3.0s ---
Epoch 18 Batch 1 | Loss: 0.458855 | Stats: min: -0.481, max: 0.290, mean: -0.014
Epoch 18 Batch 2 | Loss: 0.474639
Epoch 18 Batch 3 | Loss: 0.471101
Epoch 18 Batch 4 | Loss: 0.468906
Epoch 18 Batch 5 | Loss: 0.471242
Epoch 18 Batch 6 | Loss: 0.478899
Epoch 18 Batch 7 | Loss: 0.476814
Epoch 18 Batch 8 | Loss: 0.489184
Epoch 18 Batch 9 | Loss: 0.514394
Epoch 18 Batch 10 | Loss: 0.506788
Epoch 18 Batch 11 | Loss: 0.456663
Epoch 18 Batch 12 | Loss: 0.468712
Epoch 18 Batch 13 | Loss: 0.443109
  [STABILITY] Plateau detected. Reducing Learning Rate to 0.005000
--- Epoch 18/30 | Loss: 0.4753 | Train Acc: 94.0% | Test Acc: 94.8% | CM: [TP:79, TN:84, FP:2, FN:7] | Progress: 60.0% | ETA: 2.5s ---
Epoch 19 Batch 1 | Loss: 0.456212 | Stats: min: -0.497, max: 0.321, mean: 0.111
Epoch 19 Batch 2 | Loss: 0.448214
Epoch 19 Batch 3 | Loss: 0.462820
Epoch 19 Batch 4 | Loss: 0.472998
Epoch 19 Batch 5 | Loss: 0.465100
Epoch 19 Batch 6 | Loss: 0.532204
Epoch 19 Batch 7 | Loss: 0.478676
Epoch 19 Batch 8 | Loss: 0.466444
Epoch 19 Batch 9 | Loss: 0.455985
Epoch 19 Batch 10 | Loss: 0.503228
Epoch 19 Batch 11 | Loss: 0.447838
Epoch 19 Batch 12 | Loss: 0.475291
Epoch 19 Batch 13 | Loss: 0.527205
--- Epoch 19/30 | Loss: 0.4763 | Train Acc: 94.0% | Test Acc: 94.8% | CM: [TP:79, TN:84, FP:2, FN:7] | Progress: 63.3% | ETA: 2.2s ---
Epoch 20 Batch 1 | Loss: 0.456759 | Stats: min: -0.487, max: 0.324, mean: -0.080
Epoch 20 Batch 2 | Loss: 0.432921
Epoch 20 Batch 3 | Loss: 0.470555
Epoch 20 Batch 4 | Loss: 0.447861
Epoch 20 Batch 5 | Loss: 0.511947
Epoch 20 Batch 6 | Loss: 0.504678
Epoch 20 Batch 7 | Loss: 0.485444
Epoch 20 Batch 8 | Loss: 0.500387
Epoch 20 Batch 9 | Loss: 0.449480
Epoch 20 Batch 10 | Loss: 0.460291
Epoch 20 Batch 11 | Loss: 0.472065
Epoch 20 Batch 12 | Loss: 0.475936
Epoch 20 Batch 13 | Loss: 0.484355
--- Epoch 20/30 | Loss: 0.4733 | Train Acc: 94.5% | Test Acc: 94.8% | CM: [TP:79, TN:84, FP:2, FN:7] | Progress: 66.7% | ETA: 2.0s ---
Epoch 21 Batch 1 | Loss: 0.482364 | Stats: min: -0.424, max: 0.277, mean: -0.007
Epoch 21 Batch 2 | Loss: 0.469394
Epoch 21 Batch 3 | Loss: 0.508267
Epoch 21 Batch 4 | Loss: 0.470371
Epoch 21 Batch 5 | Loss: 0.446926
Epoch 21 Batch 6 | Loss: 0.448581
Epoch 21 Batch 7 | Loss: 0.464414
Epoch 21 Batch 8 | Loss: 0.477407
Epoch 21 Batch 9 | Loss: 0.442868
Epoch 21 Batch 10 | Loss: 0.470268
Epoch 21 Batch 11 | Loss: 0.499550
Epoch 21 Batch 12 | Loss: 0.480283
Epoch 21 Batch 13 | Loss: 0.463417
  [STABILITY] Plateau detected. Reducing Learning Rate to 0.002500
--- Epoch 21/30 | Loss: 0.4711 | Train Acc: 94.5% | Test Acc: 94.8% | CM: [TP:79, TN:84, FP:2, FN:7] | Progress: 70.0% | ETA: 1.6s ---
Epoch 22 Batch 1 | Loss: 0.514491 | Stats: min: -0.225, max: 0.334, mean: 0.008
Epoch 22 Batch 2 | Loss: 0.502383
Epoch 22 Batch 3 | Loss: 0.472359
Epoch 22 Batch 4 | Loss: 0.457510
Epoch 22 Batch 5 | Loss: 0.459095
Epoch 22 Batch 6 | Loss: 0.424518
Epoch 22 Batch 7 | Loss: 0.503270
Epoch 22 Batch 8 | Loss: 0.450260
Epoch 22 Batch 9 | Loss: 0.462023
Epoch 22 Batch 10 | Loss: 0.464046
Epoch 22 Batch 11 | Loss: 0.463511
Epoch 22 Batch 12 | Loss: 0.448967
Epoch 22 Batch 13 | Loss: 0.512800
  [STABILITY] Test accuracy improved: 94.77% -> 95.35% (via EMA). Saving best params.
--- Epoch 22/30 | Loss: 0.4719 | Train Acc: 94.5% | Test Acc: 95.3% | CM: [TP:80, TN:84, FP:2, FN:6] | Progress: 73.3% | ETA: 1.4s ---
Epoch 23 Batch 1 | Loss: 0.472684 | Stats: min: -0.557, max: 0.315, mean: -0.022
Epoch 23 Batch 2 | Loss: 0.475134
Epoch 23 Batch 3 | Loss: 0.429253
Epoch 23 Batch 4 | Loss: 0.484781
Epoch 23 Batch 5 | Loss: 0.466547
Epoch 23 Batch 6 | Loss: 0.465470
Epoch 23 Batch 7 | Loss: 0.488800
Epoch 23 Batch 8 | Loss: 0.452954
Epoch 23 Batch 9 | Loss: 0.472431
Epoch 23 Batch 10 | Loss: 0.439847
Epoch 23 Batch 11 | Loss: 0.495164
Epoch 23 Batch 12 | Loss: 0.499519
Epoch 23 Batch 13 | Loss: 0.449780
--- Epoch 23/30 | Loss: 0.4686 | Train Acc: 94.5% | Test Acc: 95.3% | CM: [TP:80, TN:84, FP:2, FN:6] | Progress: 76.7% | ETA: 1.2s ---
Epoch 24 Batch 1 | Loss: 0.463198 | Stats: min: 0.027, max: 0.168, mean: 0.094
Epoch 24 Batch 2 | Loss: 0.461814
Epoch 24 Batch 3 | Loss: 0.471982
Epoch 24 Batch 4 | Loss: 0.446982
Epoch 24 Batch 5 | Loss: 0.471853
Epoch 24 Batch 6 | Loss: 0.475337
Epoch 24 Batch 7 | Loss: 0.452769
Epoch 24 Batch 8 | Loss: 0.503764
Epoch 24 Batch 9 | Loss: 0.514247
Epoch 24 Batch 10 | Loss: 0.466970
Epoch 24 Batch 11 | Loss: 0.464175
Epoch 24 Batch 12 | Loss: 0.451454
Epoch 24 Batch 13 | Loss: 0.430329
--- Epoch 24/30 | Loss: 0.4673 | Train Acc: 94.5% | Test Acc: 95.3% | CM: [TP:80, TN:84, FP:2, FN:6] | Progress: 80.0% | ETA: 1.0s ---
Epoch 25 Batch 1 | Loss: 0.509819 | Stats: min: -0.570, max: 0.164, mean: -0.274
Epoch 25 Batch 2 | Loss: 0.437660
Epoch 25 Batch 3 | Loss: 0.453284
Epoch 25 Batch 4 | Loss: 0.464792
Epoch 25 Batch 5 | Loss: 0.474804
Epoch 25 Batch 6 | Loss: 0.452334
Epoch 25 Batch 7 | Loss: 0.495050
Epoch 25 Batch 8 | Loss: 0.456512
Epoch 25 Batch 9 | Loss: 0.470133
Epoch 25 Batch 10 | Loss: 0.478109
Epoch 25 Batch 11 | Loss: 0.428442
Epoch 25 Batch 12 | Loss: 0.517116
Epoch 25 Batch 13 | Loss: 0.425716
  [STABILITY] Plateau detected. Reducing Learning Rate to 0.001250
--- Epoch 25/30 | Loss: 0.4664 | Train Acc: 94.5% | Test Acc: 95.3% | CM: [TP:80, TN:84, FP:2, FN:6] | Progress: 83.3% | ETA: 0.8s ---
Epoch 26 Batch 1 | Loss: 0.476720 | Stats: min: -0.530, max: 0.026, mean: -0.240
Epoch 26 Batch 2 | Loss: 0.437265
Epoch 26 Batch 3 | Loss: 0.480084
Epoch 26 Batch 4 | Loss: 0.445119
Epoch 26 Batch 5 | Loss: 0.471230
Epoch 26 Batch 6 | Loss: 0.458463
Epoch 26 Batch 7 | Loss: 0.405872
Epoch 26 Batch 8 | Loss: 0.534000
Epoch 26 Batch 9 | Loss: 0.436021
Epoch 26 Batch 10 | Loss: 0.482407
Epoch 26 Batch 11 | Loss: 0.483420
Epoch 26 Batch 12 | Loss: 0.493997
Epoch 26 Batch 13 | Loss: 0.483891
--- Epoch 26/30 | Loss: 0.4683 | Train Acc: 94.5% | Test Acc: 95.3% | CM: [TP:80, TN:84, FP:2, FN:6] | Progress: 86.7% | ETA: 0.6s ---
Epoch 27 Batch 1 | Loss: 0.442655 | Stats: min: -0.497, max: 0.261, mean: -0.183
Epoch 27 Batch 2 | Loss: 0.498663
Epoch 27 Batch 3 | Loss: 0.488466
Epoch 27 Batch 4 | Loss: 0.505940
Epoch 27 Batch 5 | Loss: 0.474267
Epoch 27 Batch 6 | Loss: 0.475332
Epoch 27 Batch 7 | Loss: 0.494478
Epoch 27 Batch 8 | Loss: 0.455553
Epoch 27 Batch 9 | Loss: 0.502504
Epoch 27 Batch 10 | Loss: 0.445233
Epoch 27 Batch 11 | Loss: 0.443272
Epoch 27 Batch 12 | Loss: 0.418105
Epoch 27 Batch 13 | Loss: 0.388033
  [STABILITY] Test accuracy improved: 95.35% -> 95.93% (via EMA). Saving best params.
--- Epoch 27/30 | Loss: 0.4640 | Train Acc: 94.5% | Test Acc: 95.9% | CM: [TP:81, TN:84, FP:2, FN:5] | Progress: 90.0% | ETA: 0.4s ---
Epoch 28 Batch 1 | Loss: 0.469592 | Stats: min: -0.599, max: 0.147, mean: -0.259
Epoch 28 Batch 2 | Loss: 0.477300
Epoch 28 Batch 3 | Loss: 0.468420
Epoch 28 Batch 4 | Loss: 0.452257
Epoch 28 Batch 5 | Loss: 0.475265
Epoch 28 Batch 6 | Loss: 0.490927
Epoch 28 Batch 7 | Loss: 0.464302
Epoch 28 Batch 8 | Loss: 0.467591
Epoch 28 Batch 9 | Loss: 0.421895
Epoch 28 Batch 10 | Loss: 0.463291
Epoch 28 Batch 11 | Loss: 0.440158
Epoch 28 Batch 12 | Loss: 0.532886
Epoch 28 Batch 13 | Loss: 0.424530
--- Epoch 28/30 | Loss: 0.4653 | Train Acc: 94.5% | Test Acc: 95.9% | CM: [TP:81, TN:84, FP:2, FN:5] | Progress: 93.3% | ETA: 0.3s ---
Epoch 29 Batch 1 | Loss: 0.478201 | Stats: min: -0.662, max: 0.087, mean: -0.289
Epoch 29 Batch 2 | Loss: 0.474426
Epoch 29 Batch 3 | Loss: 0.486811
Epoch 29 Batch 4 | Loss: 0.452920
Epoch 29 Batch 5 | Loss: 0.458301
Epoch 29 Batch 6 | Loss: 0.472719
Epoch 29 Batch 7 | Loss: 0.475919
Epoch 29 Batch 8 | Loss: 0.477499
Epoch 29 Batch 9 | Loss: 0.438713
Epoch 29 Batch 10 | Loss: 0.494474
Epoch 29 Batch 11 | Loss: 0.486745
Epoch 29 Batch 12 | Loss: 0.447834
Epoch 29 Batch 13 | Loss: 0.372346
--- Epoch 29/30 | Loss: 0.4628 | Train Acc: 94.5% | Test Acc: 95.9% | CM: [TP:81, TN:84, FP:2, FN:5] | Progress: 96.7% | ETA: 0.1s ---
Epoch 30 Batch 1 | Loss: 0.494953 | Stats: min: -0.511, max: 0.102, mean: -0.124
Epoch 30 Batch 2 | Loss: 0.536665
Epoch 30 Batch 3 | Loss: 0.429020
Epoch 30 Batch 4 | Loss: 0.470189
Epoch 30 Batch 5 | Loss: 0.434218
Epoch 30 Batch 6 | Loss: 0.456196
Epoch 30 Batch 7 | Loss: 0.441519
Epoch 30 Batch 8 | Loss: 0.419404
Epoch 30 Batch 9 | Loss: 0.492803
Epoch 30 Batch 10 | Loss: 0.454655
Epoch 30 Batch 11 | Loss: 0.445865
Epoch 30 Batch 12 | Loss: 0.520047
Epoch 30 Batch 13 | Loss: 0.468828
  [STABILITY] Plateau detected. Reducing Learning Rate to 0.000625
--- Epoch 30/30 | Loss: 0.4665 | Train Acc: 94.5% | Test Acc: 95.9% | CM: [TP:81, TN:84, FP:2, FN:5] | Progress: 100.0% | ETA: 0.0s ---

Final Best Test Accuracy: 95.93%


Best Quantum Test Accuracy: 0.959
