DEBUG: Qtrainer enters train_pure_quantum_cnn. Encoding: amplitude
  Class Weights: +1 (Target): 1.00 | -1 (Rest): 1.00
Starting Training
==================================================
Epoch 1 Batch 1 | Loss: 0.804931 | Stats: min: 0.067, max: 0.205, mean: 0.133
Epoch 1 Batch 2 | Loss: 0.748390
Epoch 1 Batch 3 | Loss: 0.751120
Epoch 1 Batch 4 | Loss: 0.741921
Epoch 1 Batch 5 | Loss: 0.782630
Epoch 1 Batch 6 | Loss: 0.747750
Epoch 1 Batch 7 | Loss: 0.687757
Epoch 1 Batch 8 | Loss: 0.692810
Epoch 1 Batch 9 | Loss: 0.711970
Epoch 1 Batch 10 | Loss: 0.771377
Epoch 1 Batch 11 | Loss: 0.716188
Epoch 1 Batch 12 | Loss: 0.731969
Epoch 1 Batch 13 | Loss: 0.782016
  [STABILITY] Test accuracy improved: 0.00% -> 50.58% (via EMA). Saving best params.
--- Epoch 1/30 | Loss: 0.7439 | Train Acc: 46.5% | Test Acc: 50.6% | CM: [TP:83, TN:4, FP:82, FN:3] | Progress: 3.3% | ETA: 275.0s ---
Epoch 2 Batch 1 | Loss: 0.713661 | Stats: min: -0.019, max: 0.219, mean: 0.100
Epoch 2 Batch 2 | Loss: 0.708488
Epoch 2 Batch 3 | Loss: 0.723864
Epoch 2 Batch 4 | Loss: 0.741689
Epoch 2 Batch 5 | Loss: 0.743546
Epoch 2 Batch 6 | Loss: 0.667011
Epoch 2 Batch 7 | Loss: 0.686773
Epoch 2 Batch 8 | Loss: 0.706032
Epoch 2 Batch 9 | Loss: 0.722787
Epoch 2 Batch 10 | Loss: 0.699926
Epoch 2 Batch 11 | Loss: 0.695504
Epoch 2 Batch 12 | Loss: 0.689009
Epoch 2 Batch 13 | Loss: 0.690969
  [STABILITY] Test accuracy improved: 50.58% -> 51.16% (via EMA). Saving best params.
--- Epoch 2/30 | Loss: 0.7069 | Train Acc: 47.0% | Test Acc: 51.2% | CM: [TP:83, TN:5, FP:81, FN:3] | Progress: 6.7% | ETA: 162.2s ---
Epoch 3 Batch 1 | Loss: 0.680215 | Stats: min: 0.081, max: 0.142, mean: 0.110
Epoch 3 Batch 2 | Loss: 0.705922
Epoch 3 Batch 3 | Loss: 0.696892
Epoch 3 Batch 4 | Loss: 0.663698
Epoch 3 Batch 5 | Loss: 0.682159
Epoch 3 Batch 6 | Loss: 0.649590
Epoch 3 Batch 7 | Loss: 0.687385
Epoch 3 Batch 8 | Loss: 0.699668
Epoch 3 Batch 9 | Loss: 0.711450
Epoch 3 Batch 10 | Loss: 0.667955
Epoch 3 Batch 11 | Loss: 0.672033
Epoch 3 Batch 12 | Loss: 0.669363
Epoch 3 Batch 13 | Loss: 0.669813
--- Epoch 3/30 | Loss: 0.6812 | Train Acc: 46.0% | Test Acc: 51.2% | CM: [TP:84, TN:4, FP:82, FN:2] | Progress: 10.0% | ETA: 57.1s ---
Epoch 4 Batch 1 | Loss: 0.659098 | Stats: min: -0.057, max: 0.154, mean: 0.045
Epoch 4 Batch 2 | Loss: 0.684617
Epoch 4 Batch 3 | Loss: 0.678229
Epoch 4 Batch 4 | Loss: 0.661411
Epoch 4 Batch 5 | Loss: 0.656351
Epoch 4 Batch 6 | Loss: 0.668313
Epoch 4 Batch 7 | Loss: 0.685997
Epoch 4 Batch 8 | Loss: 0.655053
Epoch 4 Batch 9 | Loss: 0.653568
Epoch 4 Batch 10 | Loss: 0.620652
Epoch 4 Batch 11 | Loss: 0.665071
Epoch 4 Batch 12 | Loss: 0.663585
Epoch 4 Batch 13 | Loss: 0.697494
--- Epoch 4/30 | Loss: 0.6653 | Train Acc: 46.5% | Test Acc: 51.2% | CM: [TP:84, TN:4, FP:82, FN:2] | Progress: 13.3% | ETA: 41.1s ---
Epoch 5 Batch 1 | Loss: 0.625879 | Stats: min: 0.070, max: 0.288, mean: 0.160
Epoch 5 Batch 2 | Loss: 0.668304
Epoch 5 Batch 3 | Loss: 0.629182
Epoch 5 Batch 4 | Loss: 0.649505
Epoch 5 Batch 5 | Loss: 0.662420
Epoch 5 Batch 6 | Loss: 0.640382
Epoch 5 Batch 7 | Loss: 0.676564
Epoch 5 Batch 8 | Loss: 0.650167
Epoch 5 Batch 9 | Loss: 0.642997
Epoch 5 Batch 10 | Loss: 0.666708
Epoch 5 Batch 11 | Loss: 0.696642
Epoch 5 Batch 12 | Loss: 0.690846
Epoch 5 Batch 13 | Loss: 0.623948
  [STABILITY] Plateau detected. Reducing Learning Rate to 0.010000
--- Epoch 5/30 | Loss: 0.6557 | Train Acc: 45.5% | Test Acc: 51.2% | CM: [TP:84, TN:4, FP:82, FN:2] | Progress: 16.7% | ETA: 32.0s ---
Epoch 6 Batch 1 | Loss: 0.643747 | Stats: min: -0.072, max: 0.145, mean: 0.061
Epoch 6 Batch 2 | Loss: 0.611159
Epoch 6 Batch 3 | Loss: 0.659345
Epoch 6 Batch 4 | Loss: 0.654136
Epoch 6 Batch 5 | Loss: 0.654557
Epoch 6 Batch 6 | Loss: 0.669094
Epoch 6 Batch 7 | Loss: 0.621107
Epoch 6 Batch 8 | Loss: 0.666800
Epoch 6 Batch 9 | Loss: 0.638516
Epoch 6 Batch 10 | Loss: 0.612316
Epoch 6 Batch 11 | Loss: 0.647076
Epoch 6 Batch 12 | Loss: 0.600639
Epoch 6 Batch 13 | Loss: 0.665312
  [STABILITY] Test accuracy improved: 51.16% -> 51.74% (via EMA). Saving best params.
--- Epoch 6/30 | Loss: 0.6418 | Train Acc: 45.5% | Test Acc: 51.7% | CM: [TP:84, TN:5, FP:81, FN:2] | Progress: 20.0% | ETA: 25.3s ---
Epoch 7 Batch 1 | Loss: 0.629602 | Stats: min: -0.270, max: 0.281, mean: -0.057
Epoch 7 Batch 2 | Loss: 0.651399
Epoch 7 Batch 3 | Loss: 0.642372
Epoch 7 Batch 4 | Loss: 0.630576
Epoch 7 Batch 5 | Loss: 0.602747
Epoch 7 Batch 6 | Loss: 0.657317
Epoch 7 Batch 7 | Loss: 0.616057
Epoch 7 Batch 8 | Loss: 0.620358
Epoch 7 Batch 9 | Loss: 0.625156
Epoch 7 Batch 10 | Loss: 0.646091
Epoch 7 Batch 11 | Loss: 0.598306
Epoch 7 Batch 12 | Loss: 0.666823
Epoch 7 Batch 13 | Loss: 0.664970
--- Epoch 7/30 | Loss: 0.6348 | Train Acc: 46.0% | Test Acc: 51.2% | CM: [TP:84, TN:4, FP:82, FN:2] | Progress: 23.3% | ETA: 20.9s ---
Epoch 8 Batch 1 | Loss: 0.628821 | Stats: min: -0.085, max: 0.221, mean: 0.057
Epoch 8 Batch 2 | Loss: 0.595011
Epoch 8 Batch 3 | Loss: 0.629127
Epoch 8 Batch 4 | Loss: 0.669623
Epoch 8 Batch 5 | Loss: 0.630346
Epoch 8 Batch 6 | Loss: 0.584805
Epoch 8 Batch 7 | Loss: 0.610052
Epoch 8 Batch 8 | Loss: 0.620042
Epoch 8 Batch 9 | Loss: 0.602607
Epoch 8 Batch 10 | Loss: 0.636998
Epoch 8 Batch 11 | Loss: 0.640364
Epoch 8 Batch 12 | Loss: 0.624914
Epoch 8 Batch 13 | Loss: 0.651006
--- Epoch 8/30 | Loss: 0.6249 | Train Acc: 46.0% | Test Acc: 51.7% | CM: [TP:85, TN:4, FP:82, FN:1] | Progress: 26.7% | ETA: 17.7s ---
Epoch 9 Batch 1 | Loss: 0.647775 | Stats: min: 0.077, max: 0.281, mean: 0.226
Epoch 9 Batch 2 | Loss: 0.644070
Epoch 9 Batch 3 | Loss: 0.632622
Epoch 9 Batch 4 | Loss: 0.621433
Epoch 9 Batch 5 | Loss: 0.615300
Epoch 9 Batch 6 | Loss: 0.636156
Epoch 9 Batch 7 | Loss: 0.613856
Epoch 9 Batch 8 | Loss: 0.591602
Epoch 9 Batch 9 | Loss: 0.602563
Epoch 9 Batch 10 | Loss: 0.575350
Epoch 9 Batch 11 | Loss: 0.656481
Epoch 9 Batch 12 | Loss: 0.604716
Epoch 9 Batch 13 | Loss: 0.620661
  [STABILITY] Plateau detected. Reducing Learning Rate to 0.005000
--- Epoch 9/30 | Loss: 0.6202 | Train Acc: 45.5% | Test Acc: 51.2% | CM: [TP:85, TN:3, FP:83, FN:1] | Progress: 30.0% | ETA: 15.1s ---
Epoch 10 Batch 1 | Loss: 0.612108 | Stats: min: -0.020, max: 0.334, mean: 0.156
Epoch 10 Batch 2 | Loss: 0.640633
Epoch 10 Batch 3 | Loss: 0.635313
Epoch 10 Batch 4 | Loss: 0.626458
Epoch 10 Batch 5 | Loss: 0.569160
Epoch 10 Batch 6 | Loss: 0.693019
Epoch 10 Batch 7 | Loss: 0.560892
Epoch 10 Batch 8 | Loss: 0.588321
Epoch 10 Batch 9 | Loss: 0.564840
Epoch 10 Batch 10 | Loss: 0.599094
Epoch 10 Batch 11 | Loss: 0.612634
Epoch 10 Batch 12 | Loss: 0.583508
Epoch 10 Batch 13 | Loss: 0.660813
--- Epoch 10/30 | Loss: 0.6113 | Train Acc: 45.5% | Test Acc: 50.6% | CM: [TP:86, TN:1, FP:85, FN:0] | Progress: 33.3% | ETA: 16.4s ---
Epoch 11 Batch 1 | Loss: 0.599284 | Stats: min: -0.095, max: 0.251, mean: 0.117
Epoch 11 Batch 2 | Loss: 0.602097
Epoch 11 Batch 3 | Loss: 0.655386
Epoch 11 Batch 4 | Loss: 0.589404
Epoch 11 Batch 5 | Loss: 0.586267
Epoch 11 Batch 6 | Loss: 0.641400
Epoch 11 Batch 7 | Loss: 0.610972
Epoch 11 Batch 8 | Loss: 0.600728
Epoch 11 Batch 9 | Loss: 0.541217
Epoch 11 Batch 10 | Loss: 0.600551
Epoch 11 Batch 11 | Loss: 0.602688
Epoch 11 Batch 12 | Loss: 0.619174
Epoch 11 Batch 13 | Loss: 0.595800
--- Epoch 11/30 | Loss: 0.6035 | Train Acc: 45.0% | Test Acc: 51.2% | CM: [TP:86, TN:2, FP:84, FN:0] | Progress: 36.7% | ETA: 13.4s ---
Epoch 12 Batch 1 | Loss: 0.611665 | Stats: min: -0.196, max: 0.192, mean: 0.038
Epoch 12 Batch 2 | Loss: 0.581113
Epoch 12 Batch 3 | Loss: 0.590269
Epoch 12 Batch 4 | Loss: 0.634282
Epoch 12 Batch 5 | Loss: 0.564755
Epoch 12 Batch 6 | Loss: 0.587353
Epoch 12 Batch 7 | Loss: 0.585911
Epoch 12 Batch 8 | Loss: 0.609681
Epoch 12 Batch 9 | Loss: 0.596273
Epoch 12 Batch 10 | Loss: 0.645037
Epoch 12 Batch 11 | Loss: 0.615920
Epoch 12 Batch 12 | Loss: 0.576112
Epoch 12 Batch 13 | Loss: 0.625268
  [STABILITY] Plateau detected. Reducing Learning Rate to 0.002500
--- Epoch 12/30 | Loss: 0.6018 | Train Acc: 46.0% | Test Acc: 51.2% | CM: [TP:86, TN:2, FP:84, FN:0] | Progress: 40.0% | ETA: 13.6s ---
Epoch 13 Batch 1 | Loss: 0.615984 | Stats: min: -0.274, max: 0.404, mean: 0.103
Epoch 13 Batch 2 | Loss: 0.583040
Epoch 13 Batch 3 | Loss: 0.644519
Epoch 13 Batch 4 | Loss: 0.600499
Epoch 13 Batch 5 | Loss: 0.638380
Epoch 13 Batch 6 | Loss: 0.606859
Epoch 13 Batch 7 | Loss: 0.587989
Epoch 13 Batch 8 | Loss: 0.600181
Epoch 13 Batch 9 | Loss: 0.579922
Epoch 13 Batch 10 | Loss: 0.593559
Epoch 13 Batch 11 | Loss: 0.571980
Epoch 13 Batch 12 | Loss: 0.548392
Epoch 13 Batch 13 | Loss: 0.616536
  [STABILITY] Test accuracy improved: 51.74% -> 52.33% (via EMA). Saving best params.
--- Epoch 13/30 | Loss: 0.5991 | Train Acc: 48.5% | Test Acc: 52.3% | CM: [TP:86, TN:4, FP:82, FN:0] | Progress: 43.3% | ETA: 9.3s ---
Epoch 14 Batch 1 | Loss: 0.590027 | Stats: min: -0.103, max: 0.447, mean: 0.165
Epoch 14 Batch 2 | Loss: 0.566734
Epoch 14 Batch 3 | Loss: 0.620871
Epoch 14 Batch 4 | Loss: 0.569858
Epoch 14 Batch 5 | Loss: 0.610941
Epoch 14 Batch 6 | Loss: 0.550231
Epoch 14 Batch 7 | Loss: 0.633305
Epoch 14 Batch 8 | Loss: 0.569518
Epoch 14 Batch 9 | Loss: 0.624814
Epoch 14 Batch 10 | Loss: 0.609280
Epoch 14 Batch 11 | Loss: 0.612298
Epoch 14 Batch 12 | Loss: 0.608476
Epoch 14 Batch 13 | Loss: 0.573432
  [STABILITY] Test accuracy improved: 52.33% -> 55.23% (via EMA). Saving best params.
--- Epoch 14/30 | Loss: 0.5954 | Train Acc: 51.0% | Test Acc: 55.2% | CM: [TP:86, TN:9, FP:77, FN:0] | Progress: 46.7% | ETA: 7.6s ---
Epoch 15 Batch 1 | Loss: 0.550642 | Stats: min: 0.072, max: 0.326, mean: 0.195
Epoch 15 Batch 2 | Loss: 0.656308
Epoch 15 Batch 3 | Loss: 0.559719
Epoch 15 Batch 4 | Loss: 0.653427
Epoch 15 Batch 5 | Loss: 0.559212
Epoch 15 Batch 6 | Loss: 0.594415
Epoch 15 Batch 7 | Loss: 0.593077
Epoch 15 Batch 8 | Loss: 0.557361
Epoch 15 Batch 9 | Loss: 0.602767
Epoch 15 Batch 10 | Loss: 0.595543
Epoch 15 Batch 11 | Loss: 0.637672
Epoch 15 Batch 12 | Loss: 0.604476
Epoch 15 Batch 13 | Loss: 0.541278
  [STABILITY] Test accuracy improved: 55.23% -> 59.88% (via EMA). Saving best params.
--- Epoch 15/30 | Loss: 0.5928 | Train Acc: 56.0% | Test Acc: 59.9% | CM: [TP:86, TN:17, FP:69, FN:0] | Progress: 50.0% | ETA: 8.5s ---
Epoch 16 Batch 1 | Loss: 0.628201 | Stats: min: -0.156, max: 0.129, mean: -0.004
Epoch 16 Batch 2 | Loss: 0.539827
Epoch 16 Batch 3 | Loss: 0.556355
Epoch 16 Batch 4 | Loss: 0.591097
Epoch 16 Batch 5 | Loss: 0.576787
Epoch 16 Batch 6 | Loss: 0.601442
Epoch 16 Batch 7 | Loss: 0.570586
Epoch 16 Batch 8 | Loss: 0.624974
Epoch 16 Batch 9 | Loss: 0.618621
Epoch 16 Batch 10 | Loss: 0.560479
Epoch 16 Batch 11 | Loss: 0.597448
Epoch 16 Batch 12 | Loss: 0.645715
Epoch 16 Batch 13 | Loss: 0.630295
  [STABILITY] Test accuracy improved: 59.88% -> 62.79% (via EMA). Saving best params.
--- Epoch 16/30 | Loss: 0.5955 | Train Acc: 59.0% | Test Acc: 62.8% | CM: [TP:85, TN:23, FP:63, FN:1] | Progress: 53.3% | ETA: 6.9s ---
Epoch 17 Batch 1 | Loss: 0.599112 | Stats: min: -0.138, max: 0.362, mean: 0.102
Epoch 17 Batch 2 | Loss: 0.533568
Epoch 17 Batch 3 | Loss: 0.558468
Epoch 17 Batch 4 | Loss: 0.626943
Epoch 17 Batch 5 | Loss: 0.664205
Epoch 17 Batch 6 | Loss: 0.579925
Epoch 17 Batch 7 | Loss: 0.578431
Epoch 17 Batch 8 | Loss: 0.627921
Epoch 17 Batch 9 | Loss: 0.575738
Epoch 17 Batch 10 | Loss: 0.560131
Epoch 17 Batch 11 | Loss: 0.573301
Epoch 17 Batch 12 | Loss: 0.622118
Epoch 17 Batch 13 | Loss: 0.597872
  [STABILITY] Test accuracy improved: 62.79% -> 63.95% (via EMA). Saving best params.
--- Epoch 17/30 | Loss: 0.5921 | Train Acc: 63.5% | Test Acc: 64.0% | CM: [TP:85, TN:25, FP:61, FN:1] | Progress: 56.7% | ETA: 5.0s ---
Epoch 18 Batch 1 | Loss: 0.620260 | Stats: min: -0.157, max: 0.373, mean: 0.082
Epoch 18 Batch 2 | Loss: 0.589680
Epoch 18 Batch 3 | Loss: 0.604738
Epoch 18 Batch 4 | Loss: 0.573741
Epoch 18 Batch 5 | Loss: 0.609391
Epoch 18 Batch 6 | Loss: 0.612538
Epoch 18 Batch 7 | Loss: 0.619215
Epoch 18 Batch 8 | Loss: 0.577117
Epoch 18 Batch 9 | Loss: 0.573614
Epoch 18 Batch 10 | Loss: 0.577972
Epoch 18 Batch 11 | Loss: 0.578218
Epoch 18 Batch 12 | Loss: 0.572827
Epoch 18 Batch 13 | Loss: 0.556600
  [STABILITY] Test accuracy improved: 63.95% -> 66.86% (via EMA). Saving best params.
--- Epoch 18/30 | Loss: 0.5897 | Train Acc: 66.0% | Test Acc: 66.9% | CM: [TP:84, TN:31, FP:55, FN:2] | Progress: 60.0% | ETA: 4.3s ---
Epoch 19 Batch 1 | Loss: 0.575016 | Stats: min: -0.118, max: 0.342, mean: 0.131
Epoch 19 Batch 2 | Loss: 0.586846
Epoch 19 Batch 3 | Loss: 0.596285
Epoch 19 Batch 4 | Loss: 0.560662
Epoch 19 Batch 5 | Loss: 0.578523
Epoch 19 Batch 6 | Loss: 0.647879
Epoch 19 Batch 7 | Loss: 0.555408
Epoch 19 Batch 8 | Loss: 0.626509
Epoch 19 Batch 9 | Loss: 0.574815
Epoch 19 Batch 10 | Loss: 0.585209
Epoch 19 Batch 11 | Loss: 0.556439
Epoch 19 Batch 12 | Loss: 0.629975
Epoch 19 Batch 13 | Loss: 0.587743
  [STABILITY] Test accuracy improved: 66.86% -> 69.19% (via EMA). Saving best params.
--- Epoch 19/30 | Loss: 0.5893 | Train Acc: 70.0% | Test Acc: 69.2% | CM: [TP:83, TN:36, FP:50, FN:3] | Progress: 63.3% | ETA: 4.6s ---
Epoch 20 Batch 1 | Loss: 0.575235 | Stats: min: -0.149, max: 0.276, mean: 0.053
Epoch 20 Batch 2 | Loss: 0.587271
Epoch 20 Batch 3 | Loss: 0.577065
Epoch 20 Batch 4 | Loss: 0.576664
Epoch 20 Batch 5 | Loss: 0.584530
Epoch 20 Batch 6 | Loss: 0.551308
Epoch 20 Batch 7 | Loss: 0.614122
Epoch 20 Batch 8 | Loss: 0.561459
Epoch 20 Batch 9 | Loss: 0.626177
Epoch 20 Batch 10 | Loss: 0.585970
Epoch 20 Batch 11 | Loss: 0.608701
Epoch 20 Batch 12 | Loss: 0.571551
Epoch 20 Batch 13 | Loss: 0.659865
  [STABILITY] Test accuracy improved: 69.19% -> 70.35% (via EMA). Saving best params.
--- Epoch 20/30 | Loss: 0.5908 | Train Acc: 71.0% | Test Acc: 70.3% | CM: [TP:83, TN:38, FP:48, FN:3] | Progress: 66.7% | ETA: 4.3s ---
Epoch 21 Batch 1 | Loss: 0.602328 | Stats: min: -0.203, max: -0.010, mean: -0.134
Epoch 21 Batch 2 | Loss: 0.566613
Epoch 21 Batch 3 | Loss: 0.599508
Epoch 21 Batch 4 | Loss: 0.598680
Epoch 21 Batch 5 | Loss: 0.605067
Epoch 21 Batch 6 | Loss: 0.590720
Epoch 21 Batch 7 | Loss: 0.589117
Epoch 21 Batch 8 | Loss: 0.605059
Epoch 21 Batch 9 | Loss: 0.566411
Epoch 21 Batch 10 | Loss: 0.533041
Epoch 21 Batch 11 | Loss: 0.639706
Epoch 21 Batch 12 | Loss: 0.542250
Epoch 21 Batch 13 | Loss: 0.587832
  [STABILITY] Test accuracy improved: 70.35% -> 70.93% (via EMA). Saving best params.
--- Epoch 21/30 | Loss: 0.5866 | Train Acc: 72.0% | Test Acc: 70.9% | CM: [TP:82, TN:40, FP:46, FN:4] | Progress: 70.0% | ETA: 4.5s ---
Epoch 22 Batch 1 | Loss: 0.601418 | Stats: min: -0.109, max: 0.296, mean: 0.049
Epoch 22 Batch 2 | Loss: 0.603135
Epoch 22 Batch 3 | Loss: 0.523904
Epoch 22 Batch 4 | Loss: 0.594353
Epoch 22 Batch 5 | Loss: 0.586776
Epoch 22 Batch 6 | Loss: 0.594681
Epoch 22 Batch 7 | Loss: 0.594119
Epoch 22 Batch 8 | Loss: 0.543085
Epoch 22 Batch 9 | Loss: 0.578915
Epoch 22 Batch 10 | Loss: 0.611766
Epoch 22 Batch 11 | Loss: 0.581239
Epoch 22 Batch 12 | Loss: 0.589356
Epoch 22 Batch 13 | Loss: 0.630229
  [STABILITY] Test accuracy improved: 70.93% -> 71.51% (via EMA). Saving best params.
--- Epoch 22/30 | Loss: 0.5872 | Train Acc: 72.5% | Test Acc: 71.5% | CM: [TP:82, TN:41, FP:45, FN:4] | Progress: 73.3% | ETA: 2.3s ---
Epoch 23 Batch 1 | Loss: 0.554210 | Stats: min: -0.152, max: 0.430, mean: 0.072
Epoch 23 Batch 2 | Loss: 0.607613
Epoch 23 Batch 3 | Loss: 0.628880
Epoch 23 Batch 4 | Loss: 0.555758
Epoch 23 Batch 5 | Loss: 0.587664
Epoch 23 Batch 6 | Loss: 0.599908
Epoch 23 Batch 7 | Loss: 0.581301
Epoch 23 Batch 8 | Loss: 0.563617
Epoch 23 Batch 9 | Loss: 0.573575
Epoch 23 Batch 10 | Loss: 0.568406
Epoch 23 Batch 11 | Loss: 0.604080
Epoch 23 Batch 12 | Loss: 0.613708
Epoch 23 Batch 13 | Loss: 0.514486
  [STABILITY] Test accuracy improved: 71.51% -> 72.67% (via EMA). Saving best params.
--- Epoch 23/30 | Loss: 0.5810 | Train Acc: 75.5% | Test Acc: 72.7% | CM: [TP:81, TN:44, FP:42, FN:5] | Progress: 76.7% | ETA: 2.8s ---
Epoch 24 Batch 1 | Loss: 0.575229 | Stats: min: -0.193, max: 0.301, mean: 0.027
Epoch 24 Batch 2 | Loss: 0.565599
Epoch 24 Batch 3 | Loss: 0.605479
Epoch 24 Batch 4 | Loss: 0.604977
Epoch 24 Batch 5 | Loss: 0.545061
Epoch 24 Batch 6 | Loss: 0.562984
Epoch 24 Batch 7 | Loss: 0.557146
Epoch 24 Batch 8 | Loss: 0.608826
Epoch 24 Batch 9 | Loss: 0.547712
Epoch 24 Batch 10 | Loss: 0.594090
Epoch 24 Batch 11 | Loss: 0.581859
Epoch 24 Batch 12 | Loss: 0.621138
Epoch 24 Batch 13 | Loss: 0.628642
  [STABILITY] Test accuracy improved: 72.67% -> 74.42% (via EMA). Saving best params.
--- Epoch 24/30 | Loss: 0.5845 | Train Acc: 76.0% | Test Acc: 74.4% | CM: [TP:81, TN:47, FP:39, FN:5] | Progress: 80.0% | ETA: 2.3s ---
Epoch 25 Batch 1 | Loss: 0.624220 | Stats: min: -0.139, max: 0.245, mean: 0.082
Epoch 25 Batch 2 | Loss: 0.566373
Epoch 25 Batch 3 | Loss: 0.593940
Epoch 25 Batch 4 | Loss: 0.536899
Epoch 25 Batch 5 | Loss: 0.566391
Epoch 25 Batch 6 | Loss: 0.626895
Epoch 25 Batch 7 | Loss: 0.572468
Epoch 25 Batch 8 | Loss: 0.596951
Epoch 25 Batch 9 | Loss: 0.542456
Epoch 25 Batch 10 | Loss: 0.598241
Epoch 25 Batch 11 | Loss: 0.577354
Epoch 25 Batch 12 | Loss: 0.578063
Epoch 25 Batch 13 | Loss: 0.584369
  [STABILITY] Test accuracy improved: 74.42% -> 75.00% (via EMA). Saving best params.
--- Epoch 25/30 | Loss: 0.5819 | Train Acc: 78.5% | Test Acc: 75.0% | CM: [TP:81, TN:48, FP:38, FN:5] | Progress: 83.3% | ETA: 2.6s ---
Epoch 26 Batch 1 | Loss: 0.553584 | Stats: min: -0.118, max: 0.367, mean: 0.085
Epoch 26 Batch 2 | Loss: 0.559577
Epoch 26 Batch 3 | Loss: 0.558639
Epoch 26 Batch 4 | Loss: 0.568080
Epoch 26 Batch 5 | Loss: 0.584562
Epoch 26 Batch 6 | Loss: 0.577447
Epoch 26 Batch 7 | Loss: 0.589348
Epoch 26 Batch 8 | Loss: 0.604651
Epoch 26 Batch 9 | Loss: 0.636233
Epoch 26 Batch 10 | Loss: 0.598910
Epoch 26 Batch 11 | Loss: 0.601831
Epoch 26 Batch 12 | Loss: 0.556434
Epoch 26 Batch 13 | Loss: 0.528626
  [STABILITY] Test accuracy improved: 75.00% -> 76.16% (via EMA). Saving best params.
--- Epoch 26/30 | Loss: 0.5783 | Train Acc: 79.0% | Test Acc: 76.2% | CM: [TP:81, TN:50, FP:36, FN:5] | Progress: 86.7% | ETA: 2.0s ---
Epoch 27 Batch 1 | Loss: 0.587518 | Stats: min: -0.229, max: 0.249, mean: 0.117
Epoch 27 Batch 2 | Loss: 0.556909
Epoch 27 Batch 3 | Loss: 0.541559
Epoch 27 Batch 4 | Loss: 0.578589
Epoch 27 Batch 5 | Loss: 0.579166
Epoch 27 Batch 6 | Loss: 0.573044
Epoch 27 Batch 7 | Loss: 0.605428
Epoch 27 Batch 8 | Loss: 0.554443
Epoch 27 Batch 9 | Loss: 0.554476
Epoch 27 Batch 10 | Loss: 0.591066
Epoch 27 Batch 11 | Loss: 0.585328
Epoch 27 Batch 12 | Loss: 0.638769
Epoch 27 Batch 13 | Loss: 0.588726
  [STABILITY] Test accuracy improved: 76.16% -> 76.74% (via EMA). Saving best params.
--- Epoch 27/30 | Loss: 0.5796 | Train Acc: 80.0% | Test Acc: 76.7% | CM: [TP:81, TN:51, FP:35, FN:5] | Progress: 90.0% | ETA: 1.5s ---
Epoch 28 Batch 1 | Loss: 0.583672 | Stats: min: -0.182, max: 0.284, mean: 0.009
Epoch 28 Batch 2 | Loss: 0.606922
Epoch 28 Batch 3 | Loss: 0.579403
Epoch 28 Batch 4 | Loss: 0.573991
Epoch 28 Batch 5 | Loss: 0.567940
Epoch 28 Batch 6 | Loss: 0.586083
Epoch 28 Batch 7 | Loss: 0.545823
Epoch 28 Batch 8 | Loss: 0.601878
Epoch 28 Batch 9 | Loss: 0.592028
Epoch 28 Batch 10 | Loss: 0.573510
Epoch 28 Batch 11 | Loss: 0.560337
Epoch 28 Batch 12 | Loss: 0.582576
Epoch 28 Batch 13 | Loss: 0.529754
  [STABILITY] Test accuracy improved: 76.74% -> 77.91% (via EMA). Saving best params.
--- Epoch 28/30 | Loss: 0.5757 | Train Acc: 81.0% | Test Acc: 77.9% | CM: [TP:81, TN:53, FP:33, FN:5] | Progress: 93.3% | ETA: 0.9s ---
Epoch 29 Batch 1 | Loss: 0.574251 | Stats: min: -0.235, max: 0.278, mean: 0.068
Epoch 29 Batch 2 | Loss: 0.553657
Epoch 29 Batch 3 | Loss: 0.632605
Epoch 29 Batch 4 | Loss: 0.538115
Epoch 29 Batch 5 | Loss: 0.585828
Epoch 29 Batch 6 | Loss: 0.588979
Epoch 29 Batch 7 | Loss: 0.546883
Epoch 29 Batch 8 | Loss: 0.529302
Epoch 29 Batch 9 | Loss: 0.595071
Epoch 29 Batch 10 | Loss: 0.623062
Epoch 29 Batch 11 | Loss: 0.563949
Epoch 29 Batch 12 | Loss: 0.598420
Epoch 29 Batch 13 | Loss: 0.552462
  [STABILITY] Test accuracy improved: 77.91% -> 78.49% (via EMA). Saving best params.
--- Epoch 29/30 | Loss: 0.5756 | Train Acc: 81.0% | Test Acc: 78.5% | CM: [TP:81, TN:54, FP:32, FN:5] | Progress: 96.7% | ETA: 0.5s ---
Epoch 30 Batch 1 | Loss: 0.591168 | Stats: min: 0.015, max: 0.296, mean: 0.129
Epoch 30 Batch 2 | Loss: 0.559865
Epoch 30 Batch 3 | Loss: 0.517798
Epoch 30 Batch 4 | Loss: 0.570846
Epoch 30 Batch 5 | Loss: 0.600671
Epoch 30 Batch 6 | Loss: 0.612010
Epoch 30 Batch 7 | Loss: 0.568377
Epoch 30 Batch 8 | Loss: 0.530617
Epoch 30 Batch 9 | Loss: 0.588124
Epoch 30 Batch 10 | Loss: 0.623990
Epoch 30 Batch 11 | Loss: 0.580465
Epoch 30 Batch 12 | Loss: 0.571682
Epoch 30 Batch 13 | Loss: 0.569302
  [STABILITY] Test accuracy improved: 78.49% -> 79.07% (via EMA). Saving best params.
--- Epoch 30/30 | Loss: 0.5758 | Train Acc: 81.0% | Test Acc: 79.1% | CM: [TP:81, TN:55, FP:31, FN:5] | Progress: 100.0% | ETA: 0.0s ---

Final Best Test Accuracy: 79.07%


Best Quantum Test Accuracy: 0.791
