DEBUG: Qtrainer enters train_pure_quantum_cnn. Encoding: amplitude
  Class Weights: +1 (Target): 1.00 | -1 (Rest): 1.00
Starting Training
==================================================
Epoch 1 Batch 1 | Loss: 1.112662 | Stats: min: -0.293, max: -0.254, mean: -0.273
Epoch 1 Batch 2 | Loss: 0.716785
Epoch 1 Batch 3 | Loss: 0.699659
Epoch 1 Batch 4 | Loss: 0.687269
Epoch 1 Batch 5 | Loss: 0.710557
Epoch 1 Batch 6 | Loss: 0.998737
Epoch 1 Batch 7 | Loss: 0.695491
Epoch 1 Batch 8 | Loss: 0.728361
Epoch 1 Batch 9 | Loss: 0.836688
Epoch 1 Batch 10 | Loss: 0.721547
Epoch 1 Batch 11 | Loss: 0.677120
Epoch 1 Batch 12 | Loss: 0.802981
Epoch 1 Batch 13 | Loss: 0.620350
  [STABILITY] Test accuracy improved: 0.00% -> 48.84% (via EMA). Saving best params.
--- Epoch 1/30 | Loss: 0.7699 | Train Acc: 48.5% | Test Acc: 48.8% | CM: [TP:1, TN:83, FP:3, FN:85] | Progress: 3.3% | ETA: 163.3s ---
Epoch 2 Batch 1 | Loss: 0.801646 | Stats: min: -0.438, max: -0.318, mean: -0.380
Epoch 2 Batch 2 | Loss: 0.644151
Epoch 2 Batch 3 | Loss: 0.869664
Epoch 2 Batch 4 | Loss: 0.748093
Epoch 2 Batch 5 | Loss: 0.695702
Epoch 2 Batch 6 | Loss: 0.740114
Epoch 2 Batch 7 | Loss: 0.693278
Epoch 2 Batch 8 | Loss: 0.691053
Epoch 2 Batch 9 | Loss: 0.687883
Epoch 2 Batch 10 | Loss: 0.725250
Epoch 2 Batch 11 | Loss: 0.685793
Epoch 2 Batch 12 | Loss: 0.654120
Epoch 2 Batch 13 | Loss: 0.750925
--- Epoch 2/30 | Loss: 0.7221 | Train Acc: 49.0% | Test Acc: 48.8% | CM: [TP:1, TN:83, FP:3, FN:85] | Progress: 6.7% | ETA: 78.9s ---
Epoch 3 Batch 1 | Loss: 0.701836 | Stats: min: 0.218, max: 0.286, mean: 0.242
Epoch 3 Batch 2 | Loss: 0.743261
Epoch 3 Batch 3 | Loss: 0.769810
Epoch 3 Batch 4 | Loss: 0.715621
Epoch 3 Batch 5 | Loss: 0.685551
Epoch 3 Batch 6 | Loss: 0.685815
Epoch 3 Batch 7 | Loss: 0.658871
Epoch 3 Batch 8 | Loss: 0.708793
Epoch 3 Batch 9 | Loss: 0.736779
Epoch 3 Batch 10 | Loss: 0.783915
Epoch 3 Batch 11 | Loss: 0.794909
Epoch 3 Batch 12 | Loss: 0.750778
Epoch 3 Batch 13 | Loss: 0.694242
--- Epoch 3/30 | Loss: 0.7254 | Train Acc: 49.0% | Test Acc: 48.8% | CM: [TP:1, TN:83, FP:3, FN:85] | Progress: 10.0% | ETA: 49.8s ---
Epoch 4 Batch 1 | Loss: 0.665632 | Stats: min: 0.119, max: 0.180, mean: 0.138
Epoch 4 Batch 2 | Loss: 0.695954
Epoch 4 Batch 3 | Loss: 0.699947
Epoch 4 Batch 4 | Loss: 0.693447
Epoch 4 Batch 5 | Loss: 0.669109
Epoch 4 Batch 6 | Loss: 0.784202
Epoch 4 Batch 7 | Loss: 0.771235
Epoch 4 Batch 8 | Loss: 0.727227
Epoch 4 Batch 9 | Loss: 0.684181
Epoch 4 Batch 10 | Loss: 0.699810
Epoch 4 Batch 11 | Loss: 0.661287
Epoch 4 Batch 12 | Loss: 0.704406
Epoch 4 Batch 13 | Loss: 0.668758
  [STABILITY] Plateau detected. Reducing Learning Rate to 0.010000
--- Epoch 4/30 | Loss: 0.7019 | Train Acc: 49.0% | Test Acc: 48.8% | CM: [TP:1, TN:83, FP:3, FN:85] | Progress: 13.3% | ETA: 36.0s ---
Epoch 5 Batch 1 | Loss: 0.726885 | Stats: min: -0.380, max: -0.103, mean: -0.248
Epoch 5 Batch 2 | Loss: 0.660315
Epoch 5 Batch 3 | Loss: 0.714096
Epoch 5 Batch 4 | Loss: 0.716043
Epoch 5 Batch 5 | Loss: 0.698956
Epoch 5 Batch 6 | Loss: 0.729519
Epoch 5 Batch 7 | Loss: 0.717425
Epoch 5 Batch 8 | Loss: 0.688560
Epoch 5 Batch 9 | Loss: 0.691791
Epoch 5 Batch 10 | Loss: 0.675338
Epoch 5 Batch 11 | Loss: 0.719234
Epoch 5 Batch 12 | Loss: 0.715287
Epoch 5 Batch 13 | Loss: 0.716844
--- Epoch 5/30 | Loss: 0.7054 | Train Acc: 49.0% | Test Acc: 48.8% | CM: [TP:1, TN:83, FP:3, FN:85] | Progress: 16.7% | ETA: 27.9s ---
Epoch 6 Batch 1 | Loss: 0.676857 | Stats: min: 0.012, max: 0.203, mean: 0.110
Epoch 6 Batch 2 | Loss: 0.714985
Epoch 6 Batch 3 | Loss: 0.683058
Epoch 6 Batch 4 | Loss: 0.700310
Epoch 6 Batch 5 | Loss: 0.667429
Epoch 6 Batch 6 | Loss: 0.686012
Epoch 6 Batch 7 | Loss: 0.655035
Epoch 6 Batch 8 | Loss: 0.747417
Epoch 6 Batch 9 | Loss: 0.690280
Epoch 6 Batch 10 | Loss: 0.704817
Epoch 6 Batch 11 | Loss: 0.701087
Epoch 6 Batch 12 | Loss: 0.686065
Epoch 6 Batch 13 | Loss: 0.678017
--- Epoch 6/30 | Loss: 0.6916 | Train Acc: 49.0% | Test Acc: 48.8% | CM: [TP:1, TN:83, FP:3, FN:85] | Progress: 20.0% | ETA: 22.1s ---
Epoch 7 Batch 1 | Loss: 0.676198 | Stats: min: -0.099, max: 0.088, mean: 0.028
Epoch 7 Batch 2 | Loss: 0.670988
Epoch 7 Batch 3 | Loss: 0.652012
Epoch 7 Batch 4 | Loss: 0.672990
Epoch 7 Batch 5 | Loss: 0.690493
Epoch 7 Batch 6 | Loss: 0.674586
Epoch 7 Batch 7 | Loss: 0.677127
Epoch 7 Batch 8 | Loss: 0.703949
Epoch 7 Batch 9 | Loss: 0.646205
Epoch 7 Batch 10 | Loss: 0.663876
Epoch 7 Batch 11 | Loss: 0.689793
Epoch 7 Batch 12 | Loss: 0.693341
Epoch 7 Batch 13 | Loss: 0.677129
  [STABILITY] Plateau detected. Reducing Learning Rate to 0.005000
--- Epoch 7/30 | Loss: 0.6761 | Train Acc: 49.0% | Test Acc: 48.8% | CM: [TP:1, TN:83, FP:3, FN:85] | Progress: 23.3% | ETA: 17.9s ---
Epoch 8 Batch 1 | Loss: 0.669513 | Stats: min: -0.100, max: 0.143, mean: 0.039
Epoch 8 Batch 2 | Loss: 0.673606
Epoch 8 Batch 3 | Loss: 0.697601
Epoch 8 Batch 4 | Loss: 0.655678
Epoch 8 Batch 5 | Loss: 0.676236
Epoch 8 Batch 6 | Loss: 0.684078
Epoch 8 Batch 7 | Loss: 0.666609
Epoch 8 Batch 8 | Loss: 0.664000
Epoch 8 Batch 9 | Loss: 0.673617
Epoch 8 Batch 10 | Loss: 0.689701
Epoch 8 Batch 11 | Loss: 0.655064
Epoch 8 Batch 12 | Loss: 0.691712
Epoch 8 Batch 13 | Loss: 0.678237
--- Epoch 8/30 | Loss: 0.6751 | Train Acc: 49.0% | Test Acc: 48.8% | CM: [TP:1, TN:83, FP:3, FN:85] | Progress: 26.7% | ETA: 15.2s ---
Epoch 9 Batch 1 | Loss: 0.693716 | Stats: min: -0.039, max: 0.074, mean: 0.036
Epoch 9 Batch 2 | Loss: 0.689732
Epoch 9 Batch 3 | Loss: 0.655508
Epoch 9 Batch 4 | Loss: 0.654751
Epoch 9 Batch 5 | Loss: 0.690794
Epoch 9 Batch 6 | Loss: 0.661633
Epoch 9 Batch 7 | Loss: 0.652503
Epoch 9 Batch 8 | Loss: 0.652407
Epoch 9 Batch 9 | Loss: 0.699354
Epoch 9 Batch 10 | Loss: 0.671000
Epoch 9 Batch 11 | Loss: 0.682181
Epoch 9 Batch 12 | Loss: 0.652280
Epoch 9 Batch 13 | Loss: 0.716135
--- Epoch 9/30 | Loss: 0.6748 | Train Acc: 49.0% | Test Acc: 48.8% | CM: [TP:1, TN:83, FP:3, FN:85] | Progress: 30.0% | ETA: 12.9s ---
Epoch 10 Batch 1 | Loss: 0.695556 | Stats: min: 0.054, max: 0.125, mean: 0.100
Epoch 10 Batch 2 | Loss: 0.660068
Epoch 10 Batch 3 | Loss: 0.665198
Epoch 10 Batch 4 | Loss: 0.688441
Epoch 10 Batch 5 | Loss: 0.650893
Epoch 10 Batch 6 | Loss: 0.669670
Epoch 10 Batch 7 | Loss: 0.665536
Epoch 10 Batch 8 | Loss: 0.646866
Epoch 10 Batch 9 | Loss: 0.668696
Epoch 10 Batch 10 | Loss: 0.683836
Epoch 10 Batch 11 | Loss: 0.688003
Epoch 10 Batch 12 | Loss: 0.683607
Epoch 10 Batch 13 | Loss: 0.631546
  [STABILITY] Plateau detected. Reducing Learning Rate to 0.002500
--- Epoch 10/30 | Loss: 0.6691 | Train Acc: 49.0% | Test Acc: 48.8% | CM: [TP:1, TN:83, FP:3, FN:85] | Progress: 33.3% | ETA: 11.1s ---
Epoch 11 Batch 1 | Loss: 0.690677 | Stats: min: -0.203, max: 0.104, mean: -0.049
Epoch 11 Batch 2 | Loss: 0.697936
Epoch 11 Batch 3 | Loss: 0.663750
Epoch 11 Batch 4 | Loss: 0.657781
Epoch 11 Batch 5 | Loss: 0.665737
Epoch 11 Batch 6 | Loss: 0.666249
Epoch 11 Batch 7 | Loss: 0.680516
Epoch 11 Batch 8 | Loss: 0.668936
Epoch 11 Batch 9 | Loss: 0.687902
Epoch 11 Batch 10 | Loss: 0.657604
Epoch 11 Batch 11 | Loss: 0.667951
Epoch 11 Batch 12 | Loss: 0.656832
Epoch 11 Batch 13 | Loss: 0.641873
--- Epoch 11/30 | Loss: 0.6695 | Train Acc: 50.0% | Test Acc: 48.8% | CM: [TP:1, TN:83, FP:3, FN:85] | Progress: 36.7% | ETA: 9.6s ---
Epoch 12 Batch 1 | Loss: 0.661368 | Stats: min: 0.071, max: 0.117, mean: 0.089
Epoch 12 Batch 2 | Loss: 0.676579
Epoch 12 Batch 3 | Loss: 0.652690
Epoch 12 Batch 4 | Loss: 0.656748
Epoch 12 Batch 5 | Loss: 0.668871
Epoch 12 Batch 6 | Loss: 0.700869
Epoch 12 Batch 7 | Loss: 0.663085
Epoch 12 Batch 8 | Loss: 0.665914
Epoch 12 Batch 9 | Loss: 0.699637
Epoch 12 Batch 10 | Loss: 0.701223
Epoch 12 Batch 11 | Loss: 0.639696
Epoch 12 Batch 12 | Loss: 0.666283
Epoch 12 Batch 13 | Loss: 0.630423
  [STABILITY] Test accuracy improved: 48.84% -> 50.00% (via EMA). Saving best params.
--- Epoch 12/30 | Loss: 0.6680 | Train Acc: 50.5% | Test Acc: 50.0% | CM: [TP:1, TN:85, FP:1, FN:85] | Progress: 40.0% | ETA: 8.3s ---
Epoch 13 Batch 1 | Loss: 0.652512 | Stats: min: -0.060, max: 0.162, mean: 0.090
Epoch 13 Batch 2 | Loss: 0.648883
Epoch 13 Batch 3 | Loss: 0.658230
Epoch 13 Batch 4 | Loss: 0.662081
Epoch 13 Batch 5 | Loss: 0.719560
Epoch 13 Batch 6 | Loss: 0.666448
Epoch 13 Batch 7 | Loss: 0.667234
Epoch 13 Batch 8 | Loss: 0.682720
Epoch 13 Batch 9 | Loss: 0.659385
Epoch 13 Batch 10 | Loss: 0.678360
Epoch 13 Batch 11 | Loss: 0.669296
Epoch 13 Batch 12 | Loss: 0.689172
Epoch 13 Batch 13 | Loss: 0.652114
--- Epoch 13/30 | Loss: 0.6697 | Train Acc: 52.0% | Test Acc: 48.3% | CM: [TP:3, TN:80, FP:6, FN:83] | Progress: 43.3% | ETA: 7.2s ---
Epoch 14 Batch 1 | Loss: 0.675228 | Stats: min: -0.082, max: 0.130, mean: 0.069
Epoch 14 Batch 2 | Loss: 0.639131
Epoch 14 Batch 3 | Loss: 0.678599
Epoch 14 Batch 4 | Loss: 0.675938
Epoch 14 Batch 5 | Loss: 0.626606
Epoch 14 Batch 6 | Loss: 0.670740
Epoch 14 Batch 7 | Loss: 0.681608
Epoch 14 Batch 8 | Loss: 0.646742
Epoch 14 Batch 9 | Loss: 0.685461
Epoch 14 Batch 10 | Loss: 0.673239
Epoch 14 Batch 11 | Loss: 0.673488
Epoch 14 Batch 12 | Loss: 0.697473
Epoch 14 Batch 13 | Loss: 0.682738
  [STABILITY] Test accuracy improved: 50.00% -> 51.16% (via EMA). Saving best params.
--- Epoch 14/30 | Loss: 0.6698 | Train Acc: 54.5% | Test Acc: 51.2% | CM: [TP:10, TN:78, FP:8, FN:76] | Progress: 46.7% | ETA: 6.3s ---
Epoch 15 Batch 1 | Loss: 0.643196 | Stats: min: -0.213, max: 0.092, mean: -0.060
Epoch 15 Batch 2 | Loss: 0.670067
Epoch 15 Batch 3 | Loss: 0.676048
Epoch 15 Batch 4 | Loss: 0.656340
Epoch 15 Batch 5 | Loss: 0.646846
Epoch 15 Batch 6 | Loss: 0.665985
Epoch 15 Batch 7 | Loss: 0.689677
Epoch 15 Batch 8 | Loss: 0.672184
Epoch 15 Batch 9 | Loss: 0.708409
Epoch 15 Batch 10 | Loss: 0.667518
Epoch 15 Batch 11 | Loss: 0.676913
Epoch 15 Batch 12 | Loss: 0.662783
Epoch 15 Batch 13 | Loss: 0.678935
  [STABILITY] Test accuracy improved: 51.16% -> 53.49% (via EMA). Saving best params.
--- Epoch 15/30 | Loss: 0.6704 | Train Acc: 55.0% | Test Acc: 53.5% | CM: [TP:15, TN:77, FP:9, FN:71] | Progress: 50.0% | ETA: 5.6s ---
Epoch 16 Batch 1 | Loss: 0.655829 | Stats: min: -0.014, max: 0.153, mean: 0.061
Epoch 16 Batch 2 | Loss: 0.690637
Epoch 16 Batch 3 | Loss: 0.641829
Epoch 16 Batch 4 | Loss: 0.680126
Epoch 16 Batch 5 | Loss: 0.638441
Epoch 16 Batch 6 | Loss: 0.669941
Epoch 16 Batch 7 | Loss: 0.650410
Epoch 16 Batch 8 | Loss: 0.684084
Epoch 16 Batch 9 | Loss: 0.667923
Epoch 16 Batch 10 | Loss: 0.659814
Epoch 16 Batch 11 | Loss: 0.701990
Epoch 16 Batch 12 | Loss: 0.713716
Epoch 16 Batch 13 | Loss: 0.637242
  [STABILITY] Test accuracy improved: 53.49% -> 55.81% (via EMA). Saving best params.
--- Epoch 16/30 | Loss: 0.6686 | Train Acc: 56.0% | Test Acc: 55.8% | CM: [TP:22, TN:74, FP:12, FN:64] | Progress: 53.3% | ETA: 4.8s ---
Epoch 17 Batch 1 | Loss: 0.713547 | Stats: min: -0.025, max: 0.204, mean: 0.065
Epoch 17 Batch 2 | Loss: 0.680725
Epoch 17 Batch 3 | Loss: 0.686436
Epoch 17 Batch 4 | Loss: 0.686423
Epoch 17 Batch 5 | Loss: 0.660846
Epoch 17 Batch 6 | Loss: 0.670208
Epoch 17 Batch 7 | Loss: 0.645050
Epoch 17 Batch 8 | Loss: 0.686520
Epoch 17 Batch 9 | Loss: 0.656120
Epoch 17 Batch 10 | Loss: 0.684046
Epoch 17 Batch 11 | Loss: 0.675575
Epoch 17 Batch 12 | Loss: 0.676457
Epoch 17 Batch 13 | Loss: 0.681362
  [STABILITY] Test accuracy improved: 55.81% -> 56.40% (via EMA). Saving best params.
--- Epoch 17/30 | Loss: 0.6772 | Train Acc: 55.0% | Test Acc: 56.4% | CM: [TP:23, TN:74, FP:12, FN:63] | Progress: 56.7% | ETA: 4.2s ---
Epoch 18 Batch 1 | Loss: 0.650574 | Stats: min: -0.343, max: 0.110, mean: -0.118
Epoch 18 Batch 2 | Loss: 0.680090
Epoch 18 Batch 3 | Loss: 0.668610
Epoch 18 Batch 4 | Loss: 0.664498
Epoch 18 Batch 5 | Loss: 0.670757
Epoch 18 Batch 6 | Loss: 0.687076
Epoch 18 Batch 7 | Loss: 0.668303
Epoch 18 Batch 8 | Loss: 0.660771
Epoch 18 Batch 9 | Loss: 0.688787
Epoch 18 Batch 10 | Loss: 0.681246
Epoch 18 Batch 11 | Loss: 0.651667
Epoch 18 Batch 12 | Loss: 0.661229
Epoch 18 Batch 13 | Loss: 0.690553
  [STABILITY] Test accuracy improved: 56.40% -> 56.98% (via EMA). Saving best params.
--- Epoch 18/30 | Loss: 0.6711 | Train Acc: 57.5% | Test Acc: 57.0% | CM: [TP:30, TN:68, FP:18, FN:56] | Progress: 60.0% | ETA: 3.7s ---
Epoch 19 Batch 1 | Loss: 0.650587 | Stats: min: -0.083, max: 0.121, mean: 0.011
Epoch 19 Batch 2 | Loss: 0.660051
Epoch 19 Batch 3 | Loss: 0.677228
Epoch 19 Batch 4 | Loss: 0.647408
Epoch 19 Batch 5 | Loss: 0.672859
Epoch 19 Batch 6 | Loss: 0.689663
Epoch 19 Batch 7 | Loss: 0.678716
Epoch 19 Batch 8 | Loss: 0.660881
Epoch 19 Batch 9 | Loss: 0.702982
Epoch 19 Batch 10 | Loss: 0.639393
Epoch 19 Batch 11 | Loss: 0.652714
Epoch 19 Batch 12 | Loss: 0.645613
Epoch 19 Batch 13 | Loss: 0.703211
  [STABILITY] Test accuracy improved: 56.98% -> 58.14% (via EMA). Saving best params.
--- Epoch 19/30 | Loss: 0.6678 | Train Acc: 59.5% | Test Acc: 58.1% | CM: [TP:33, TN:67, FP:19, FN:53] | Progress: 63.3% | ETA: 3.2s ---
Epoch 20 Batch 1 | Loss: 0.662842 | Stats: min: -0.150, max: 0.168, mean: 0.000
Epoch 20 Batch 2 | Loss: 0.652191
Epoch 20 Batch 3 | Loss: 0.682608
Epoch 20 Batch 4 | Loss: 0.667046
Epoch 20 Batch 5 | Loss: 0.643052
Epoch 20 Batch 6 | Loss: 0.665267
Epoch 20 Batch 7 | Loss: 0.696150
Epoch 20 Batch 8 | Loss: 0.655314
Epoch 20 Batch 9 | Loss: 0.671477
Epoch 20 Batch 10 | Loss: 0.671451
Epoch 20 Batch 11 | Loss: 0.674686
Epoch 20 Batch 12 | Loss: 0.682582
Epoch 20 Batch 13 | Loss: 0.678071
  [STABILITY] Test accuracy improved: 58.14% -> 59.88% (via EMA). Saving best params.
--- Epoch 20/30 | Loss: 0.6694 | Train Acc: 59.0% | Test Acc: 59.9% | CM: [TP:36, TN:67, FP:19, FN:50] | Progress: 66.7% | ETA: 2.8s ---
Epoch 21 Batch 1 | Loss: 0.665593 | Stats: min: -0.171, max: 0.020, mean: -0.057
Epoch 21 Batch 2 | Loss: 0.671681
Epoch 21 Batch 3 | Loss: 0.666885
Epoch 21 Batch 4 | Loss: 0.633043
Epoch 21 Batch 5 | Loss: 0.675764
Epoch 21 Batch 6 | Loss: 0.690410
Epoch 21 Batch 7 | Loss: 0.688576
Epoch 21 Batch 8 | Loss: 0.647846
Epoch 21 Batch 9 | Loss: 0.649448
Epoch 21 Batch 10 | Loss: 0.650737
Epoch 21 Batch 11 | Loss: 0.675633
Epoch 21 Batch 12 | Loss: 0.696762
Epoch 21 Batch 13 | Loss: 0.650259
--- Epoch 21/30 | Loss: 0.6664 | Train Acc: 58.5% | Test Acc: 59.9% | CM: [TP:37, TN:66, FP:20, FN:49] | Progress: 70.0% | ETA: 2.4s ---
Epoch 22 Batch 1 | Loss: 0.678419 | Stats: min: -0.141, max: 0.137, mean: 0.039
Epoch 22 Batch 2 | Loss: 0.679065
Epoch 22 Batch 3 | Loss: 0.663526
Epoch 22 Batch 4 | Loss: 0.698845
Epoch 22 Batch 5 | Loss: 0.674118
Epoch 22 Batch 6 | Loss: 0.659361
Epoch 22 Batch 7 | Loss: 0.666178
Epoch 22 Batch 8 | Loss: 0.667656
Epoch 22 Batch 9 | Loss: 0.654334
Epoch 22 Batch 10 | Loss: 0.651166
Epoch 22 Batch 11 | Loss: 0.628668
Epoch 22 Batch 12 | Loss: 0.680477
Epoch 22 Batch 13 | Loss: 0.656232
  [STABILITY] Test accuracy improved: 59.88% -> 60.47% (via EMA). Saving best params.
--- Epoch 22/30 | Loss: 0.6660 | Train Acc: 61.0% | Test Acc: 60.5% | CM: [TP:41, TN:63, FP:23, FN:45] | Progress: 73.3% | ETA: 2.0s ---
Epoch 23 Batch 1 | Loss: 0.670986 | Stats: min: 0.048, max: 0.255, mean: 0.136
Epoch 23 Batch 2 | Loss: 0.661056
Epoch 23 Batch 3 | Loss: 0.701091
Epoch 23 Batch 4 | Loss: 0.658568
Epoch 23 Batch 5 | Loss: 0.669458
Epoch 23 Batch 6 | Loss: 0.677458
Epoch 23 Batch 7 | Loss: 0.672939
Epoch 23 Batch 8 | Loss: 0.685074
Epoch 23 Batch 9 | Loss: 0.627041
Epoch 23 Batch 10 | Loss: 0.661002
Epoch 23 Batch 11 | Loss: 0.645711
Epoch 23 Batch 12 | Loss: 0.662674
Epoch 23 Batch 13 | Loss: 0.670181
  [STABILITY] Test accuracy improved: 60.47% -> 62.21% (via EMA). Saving best params.
--- Epoch 23/30 | Loss: 0.6664 | Train Acc: 63.5% | Test Acc: 62.2% | CM: [TP:44, TN:63, FP:23, FN:42] | Progress: 76.7% | ETA: 1.7s ---
Epoch 24 Batch 1 | Loss: 0.673712 | Stats: min: 0.043, max: 0.273, mean: 0.119
Epoch 24 Batch 2 | Loss: 0.626263
Epoch 24 Batch 3 | Loss: 0.643014
Epoch 24 Batch 4 | Loss: 0.642029
Epoch 24 Batch 5 | Loss: 0.694716
Epoch 24 Batch 6 | Loss: 0.688698
Epoch 24 Batch 7 | Loss: 0.674930
Epoch 24 Batch 8 | Loss: 0.664728
Epoch 24 Batch 9 | Loss: 0.635303
Epoch 24 Batch 10 | Loss: 0.668671
Epoch 24 Batch 11 | Loss: 0.679168
Epoch 24 Batch 12 | Loss: 0.671575
Epoch 24 Batch 13 | Loss: 0.731225
  [STABILITY] Test accuracy improved: 62.21% -> 62.79% (via EMA). Saving best params.
--- Epoch 24/30 | Loss: 0.6688 | Train Acc: 64.5% | Test Acc: 62.8% | CM: [TP:46, TN:62, FP:24, FN:40] | Progress: 80.0% | ETA: 1.4s ---
Epoch 25 Batch 1 | Loss: 0.658894 | Stats: min: -0.002, max: 0.208, mean: 0.068
Epoch 25 Batch 2 | Loss: 0.630100
Epoch 25 Batch 3 | Loss: 0.639569
Epoch 25 Batch 4 | Loss: 0.655919
Epoch 25 Batch 5 | Loss: 0.687571
Epoch 25 Batch 6 | Loss: 0.650533
Epoch 25 Batch 7 | Loss: 0.644434
Epoch 25 Batch 8 | Loss: 0.674218
Epoch 25 Batch 9 | Loss: 0.720711
Epoch 25 Batch 10 | Loss: 0.694803
Epoch 25 Batch 11 | Loss: 0.676025
Epoch 25 Batch 12 | Loss: 0.677239
Epoch 25 Batch 13 | Loss: 0.625900
  [STABILITY] Test accuracy improved: 62.79% -> 63.95% (via EMA). Saving best params.
--- Epoch 25/30 | Loss: 0.6643 | Train Acc: 65.0% | Test Acc: 64.0% | CM: [TP:49, TN:61, FP:25, FN:37] | Progress: 83.3% | ETA: 1.1s ---
Epoch 26 Batch 1 | Loss: 0.634653 | Stats: min: -0.198, max: 0.113, mean: -0.067
Epoch 26 Batch 2 | Loss: 0.675230
Epoch 26 Batch 3 | Loss: 0.628568
Epoch 26 Batch 4 | Loss: 0.655207
Epoch 26 Batch 5 | Loss: 0.677110
Epoch 26 Batch 6 | Loss: 0.691425
Epoch 26 Batch 7 | Loss: 0.682597
Epoch 26 Batch 8 | Loss: 0.632392
Epoch 26 Batch 9 | Loss: 0.692732
Epoch 26 Batch 10 | Loss: 0.651273
Epoch 26 Batch 11 | Loss: 0.696643
Epoch 26 Batch 12 | Loss: 0.673871
Epoch 26 Batch 13 | Loss: 0.637615
  [STABILITY] Test accuracy improved: 63.95% -> 65.12% (via EMA). Saving best params.
--- Epoch 26/30 | Loss: 0.6638 | Train Acc: 65.5% | Test Acc: 65.1% | CM: [TP:51, TN:61, FP:25, FN:35] | Progress: 86.7% | ETA: 0.9s ---
Epoch 27 Batch 1 | Loss: 0.669832 | Stats: min: -0.039, max: 0.096, mean: 0.026
Epoch 27 Batch 2 | Loss: 0.690099
Epoch 27 Batch 3 | Loss: 0.659471
Epoch 27 Batch 4 | Loss: 0.676490
Epoch 27 Batch 5 | Loss: 0.661548
Epoch 27 Batch 6 | Loss: 0.677861
Epoch 27 Batch 7 | Loss: 0.651581
Epoch 27 Batch 8 | Loss: 0.647876
Epoch 27 Batch 9 | Loss: 0.651959
Epoch 27 Batch 10 | Loss: 0.652371
Epoch 27 Batch 11 | Loss: 0.665826
Epoch 27 Batch 12 | Loss: 0.664874
Epoch 27 Batch 13 | Loss: 0.682795
--- Epoch 27/30 | Loss: 0.6656 | Train Acc: 65.5% | Test Acc: 64.5% | CM: [TP:50, TN:61, FP:25, FN:36] | Progress: 90.0% | ETA: 0.6s ---
Epoch 28 Batch 1 | Loss: 0.678192 | Stats: min: -0.069, max: 0.169, mean: 0.038
Epoch 28 Batch 2 | Loss: 0.637175
Epoch 28 Batch 3 | Loss: 0.634899
Epoch 28 Batch 4 | Loss: 0.713182
Epoch 28 Batch 5 | Loss: 0.660272
Epoch 28 Batch 6 | Loss: 0.659416
Epoch 28 Batch 7 | Loss: 0.629185
Epoch 28 Batch 8 | Loss: 0.646722
Epoch 28 Batch 9 | Loss: 0.646697
Epoch 28 Batch 10 | Loss: 0.695580
Epoch 28 Batch 11 | Loss: 0.676288
Epoch 28 Batch 12 | Loss: 0.693525
Epoch 28 Batch 13 | Loss: 0.696758
--- Epoch 28/30 | Loss: 0.6668 | Train Acc: 66.5% | Test Acc: 65.1% | CM: [TP:51, TN:61, FP:25, FN:35] | Progress: 93.3% | ETA: 0.4s ---
Epoch 29 Batch 1 | Loss: 0.642717 | Stats: min: -0.082, max: 0.184, mean: 0.021
Epoch 29 Batch 2 | Loss: 0.658557
Epoch 29 Batch 3 | Loss: 0.671997
Epoch 29 Batch 4 | Loss: 0.688234
Epoch 29 Batch 5 | Loss: 0.648560
Epoch 29 Batch 6 | Loss: 0.652288
Epoch 29 Batch 7 | Loss: 0.690765
Epoch 29 Batch 8 | Loss: 0.691949
Epoch 29 Batch 9 | Loss: 0.673829
Epoch 29 Batch 10 | Loss: 0.628491
Epoch 29 Batch 11 | Loss: 0.662274
Epoch 29 Batch 12 | Loss: 0.655317
Epoch 29 Batch 13 | Loss: 0.675736
  [STABILITY] Plateau detected. Reducing Learning Rate to 0.001250
--- Epoch 29/30 | Loss: 0.6647 | Train Acc: 67.0% | Test Acc: 64.5% | CM: [TP:51, TN:60, FP:26, FN:35] | Progress: 96.7% | ETA: 0.2s ---
Epoch 30 Batch 1 | Loss: 0.670345 | Stats: min: 0.015, max: 0.080, mean: 0.046
Epoch 30 Batch 2 | Loss: 0.657609
Epoch 30 Batch 3 | Loss: 0.689715
Epoch 30 Batch 4 | Loss: 0.684915
Epoch 30 Batch 5 | Loss: 0.671137
Epoch 30 Batch 6 | Loss: 0.671973
Epoch 30 Batch 7 | Loss: 0.663033
Epoch 30 Batch 8 | Loss: 0.672099
Epoch 30 Batch 9 | Loss: 0.651976
Epoch 30 Batch 10 | Loss: 0.638098
Epoch 30 Batch 11 | Loss: 0.672464
Epoch 30 Batch 12 | Loss: 0.631265
Epoch 30 Batch 13 | Loss: 0.637934
--- Epoch 30/30 | Loss: 0.6625 | Train Acc: 66.5% | Test Acc: 64.0% | CM: [TP:51, TN:59, FP:27, FN:35] | Progress: 100.0% | ETA: 0.0s ---

Final Best Test Accuracy: 65.12%


Best Quantum Test Accuracy: 0.651
