DEBUG: Qtrainer enters train_pure_quantum_cnn. Encoding: amplitude
  Class Weights: +1 (Target): 1.00 | -1 (Rest): 1.00
Starting Training
==================================================
Epoch 1 Batch 1 | Loss: 0.700311 | Stats: min: -0.044, max: 0.206, mean: 0.109
Epoch 1 Batch 2 | Loss: 0.728974
Epoch 1 Batch 3 | Loss: 0.680768
Epoch 1 Batch 4 | Loss: 0.675892
Epoch 1 Batch 5 | Loss: 0.676996
Epoch 1 Batch 6 | Loss: 0.700089
Epoch 1 Batch 7 | Loss: 0.707842
Epoch 1 Batch 8 | Loss: 0.701517
Epoch 1 Batch 9 | Loss: 0.714801
Epoch 1 Batch 10 | Loss: 0.696770
Epoch 1 Batch 11 | Loss: 0.702581
Epoch 1 Batch 12 | Loss: 0.673873
Epoch 1 Batch 13 | Loss: 0.645548
  [STABILITY] Test accuracy improved: 0.00% -> 52.33% (via EMA). Saving best params.
--- Epoch 1/30 | Loss: 0.6928 | Train Acc: 44.0% | Test Acc: 52.3% | CM: [TP:37, TN:53, FP:33, FN:49] | Progress: 3.3% | ETA: 187.6s ---
Epoch 2 Batch 1 | Loss: 0.716004 | Stats: min: 0.036, max: 0.239, mean: 0.159
Epoch 2 Batch 2 | Loss: 0.641650
Epoch 2 Batch 3 | Loss: 0.668863
Epoch 2 Batch 4 | Loss: 0.670299
Epoch 2 Batch 5 | Loss: 0.661156
Epoch 2 Batch 6 | Loss: 0.639249
Epoch 2 Batch 7 | Loss: 0.649026
Epoch 2 Batch 8 | Loss: 0.675144
Epoch 2 Batch 9 | Loss: 0.628136
Epoch 2 Batch 10 | Loss: 0.646214
Epoch 2 Batch 11 | Loss: 0.695787
Epoch 2 Batch 12 | Loss: 0.671333
Epoch 2 Batch 13 | Loss: 0.654793
  [STABILITY] Test accuracy improved: 52.33% -> 55.81% (via EMA). Saving best params.
--- Epoch 2/30 | Loss: 0.6629 | Train Acc: 49.0% | Test Acc: 55.8% | CM: [TP:52, TN:44, FP:42, FN:34] | Progress: 6.7% | ETA: 88.7s ---
Epoch 3 Batch 1 | Loss: 0.678123 | Stats: min: -0.027, max: 0.203, mean: 0.113
Epoch 3 Batch 2 | Loss: 0.639217
Epoch 3 Batch 3 | Loss: 0.607283
Epoch 3 Batch 4 | Loss: 0.634619
Epoch 3 Batch 5 | Loss: 0.638110
Epoch 3 Batch 6 | Loss: 0.648421
Epoch 3 Batch 7 | Loss: 0.675371
Epoch 3 Batch 8 | Loss: 0.649673
Epoch 3 Batch 9 | Loss: 0.672885
Epoch 3 Batch 10 | Loss: 0.659995
Epoch 3 Batch 11 | Loss: 0.654660
Epoch 3 Batch 12 | Loss: 0.671620
Epoch 3 Batch 13 | Loss: 0.657989
  [STABILITY] Test accuracy improved: 55.81% -> 56.98% (via EMA). Saving best params.
--- Epoch 3/30 | Loss: 0.6529 | Train Acc: 55.5% | Test Acc: 57.0% | CM: [TP:57, TN:41, FP:45, FN:29] | Progress: 10.0% | ETA: 57.2s ---
Epoch 4 Batch 1 | Loss: 0.625691 | Stats: min: -0.041, max: 0.184, mean: 0.104
Epoch 4 Batch 2 | Loss: 0.656430
Epoch 4 Batch 3 | Loss: 0.619934
Epoch 4 Batch 4 | Loss: 0.651729
Epoch 4 Batch 5 | Loss: 0.648921
Epoch 4 Batch 6 | Loss: 0.628197
Epoch 4 Batch 7 | Loss: 0.583319
Epoch 4 Batch 8 | Loss: 0.673683
Epoch 4 Batch 9 | Loss: 0.696824
Epoch 4 Batch 10 | Loss: 0.619908
Epoch 4 Batch 11 | Loss: 0.585250
Epoch 4 Batch 12 | Loss: 0.673159
Epoch 4 Batch 13 | Loss: 0.659300
  [STABILITY] Test accuracy improved: 56.98% -> 61.63% (via EMA). Saving best params.
--- Epoch 4/30 | Loss: 0.6402 | Train Acc: 60.0% | Test Acc: 61.6% | CM: [TP:68, TN:38, FP:48, FN:18] | Progress: 13.3% | ETA: 41.7s ---
Epoch 5 Batch 1 | Loss: 0.615466 | Stats: min: -0.100, max: 0.230, mean: 0.064
Epoch 5 Batch 2 | Loss: 0.607898
Epoch 5 Batch 3 | Loss: 0.641894
Epoch 5 Batch 4 | Loss: 0.644458
Epoch 5 Batch 5 | Loss: 0.617352
Epoch 5 Batch 6 | Loss: 0.626728
Epoch 5 Batch 7 | Loss: 0.633809
Epoch 5 Batch 8 | Loss: 0.622404
Epoch 5 Batch 9 | Loss: 0.618669
Epoch 5 Batch 10 | Loss: 0.656241
Epoch 5 Batch 11 | Loss: 0.618037
Epoch 5 Batch 12 | Loss: 0.597449
Epoch 5 Batch 13 | Loss: 0.615300
  [STABILITY] Test accuracy improved: 61.63% -> 62.79% (via EMA). Saving best params.
--- Epoch 5/30 | Loss: 0.6243 | Train Acc: 67.5% | Test Acc: 62.8% | CM: [TP:70, TN:38, FP:48, FN:16] | Progress: 16.7% | ETA: 32.1s ---
Epoch 6 Batch 1 | Loss: 0.663011 | Stats: min: -0.084, max: 0.052, mean: -0.031
Epoch 6 Batch 2 | Loss: 0.635443
Epoch 6 Batch 3 | Loss: 0.596158
Epoch 6 Batch 4 | Loss: 0.578940
Epoch 6 Batch 5 | Loss: 0.615948
Epoch 6 Batch 6 | Loss: 0.551286
Epoch 6 Batch 7 | Loss: 0.574859
Epoch 6 Batch 8 | Loss: 0.620423
Epoch 6 Batch 9 | Loss: 0.605988
Epoch 6 Batch 10 | Loss: 0.631556
Epoch 6 Batch 11 | Loss: 0.649134
Epoch 6 Batch 12 | Loss: 0.607467
Epoch 6 Batch 13 | Loss: 0.687364
  [STABILITY] Test accuracy improved: 62.79% -> 65.12% (via EMA). Saving best params.
--- Epoch 6/30 | Loss: 0.6167 | Train Acc: 71.0% | Test Acc: 65.1% | CM: [TP:77, TN:35, FP:51, FN:9] | Progress: 20.0% | ETA: 25.3s ---
Epoch 7 Batch 1 | Loss: 0.623556 | Stats: min: -0.202, max: 0.045, mean: -0.088
Epoch 7 Batch 2 | Loss: 0.601829
Epoch 7 Batch 3 | Loss: 0.619218
Epoch 7 Batch 4 | Loss: 0.618189
Epoch 7 Batch 5 | Loss: 0.632973
Epoch 7 Batch 6 | Loss: 0.598779
Epoch 7 Batch 7 | Loss: 0.576860
Epoch 7 Batch 8 | Loss: 0.610735
Epoch 7 Batch 9 | Loss: 0.636220
Epoch 7 Batch 10 | Loss: 0.581884
Epoch 7 Batch 11 | Loss: 0.561565
Epoch 7 Batch 12 | Loss: 0.622888
Epoch 7 Batch 13 | Loss: 0.580273
  [STABILITY] Test accuracy improved: 65.12% -> 69.77% (via EMA). Saving best params.
--- Epoch 7/30 | Loss: 0.6050 | Train Acc: 75.5% | Test Acc: 69.8% | CM: [TP:80, TN:40, FP:46, FN:6] | Progress: 23.3% | ETA: 20.3s ---
Epoch 8 Batch 1 | Loss: 0.544492 | Stats: min: -0.238, max: 0.425, mean: 0.098
Epoch 8 Batch 2 | Loss: 0.647081
Epoch 8 Batch 3 | Loss: 0.543994
Epoch 8 Batch 4 | Loss: 0.531680
Epoch 8 Batch 5 | Loss: 0.655674
Epoch 8 Batch 6 | Loss: 0.662352
Epoch 8 Batch 7 | Loss: 0.617100
Epoch 8 Batch 8 | Loss: 0.600840
Epoch 8 Batch 9 | Loss: 0.584325
Epoch 8 Batch 10 | Loss: 0.595779
Epoch 8 Batch 11 | Loss: 0.613375
Epoch 8 Batch 12 | Loss: 0.595844
Epoch 8 Batch 13 | Loss: 0.600940
  [STABILITY] Test accuracy improved: 69.77% -> 71.51% (via EMA). Saving best params.
--- Epoch 8/30 | Loss: 0.5995 | Train Acc: 70.5% | Test Acc: 71.5% | CM: [TP:82, TN:41, FP:45, FN:4] | Progress: 26.7% | ETA: 17.6s ---
Epoch 9 Batch 1 | Loss: 0.584524 | Stats: min: -0.033, max: 0.244, mean: 0.106
Epoch 9 Batch 2 | Loss: 0.580416
Epoch 9 Batch 3 | Loss: 0.610946
Epoch 9 Batch 4 | Loss: 0.587807
Epoch 9 Batch 5 | Loss: 0.554272
Epoch 9 Batch 6 | Loss: 0.532964
Epoch 9 Batch 7 | Loss: 0.596567
Epoch 9 Batch 8 | Loss: 0.574103
Epoch 9 Batch 9 | Loss: 0.570818
Epoch 9 Batch 10 | Loss: 0.625786
Epoch 9 Batch 11 | Loss: 0.628796
Epoch 9 Batch 12 | Loss: 0.610815
Epoch 9 Batch 13 | Loss: 0.620914
--- Epoch 9/30 | Loss: 0.5907 | Train Acc: 69.0% | Test Acc: 69.2% | CM: [TP:83, TN:36, FP:50, FN:3] | Progress: 30.0% | ETA: 14.9s ---
Epoch 10 Batch 1 | Loss: 0.547079 | Stats: min: 0.016, max: 0.281, mean: 0.205
Epoch 10 Batch 2 | Loss: 0.608559
Epoch 10 Batch 3 | Loss: 0.562644
Epoch 10 Batch 4 | Loss: 0.547988
Epoch 10 Batch 5 | Loss: 0.612271
Epoch 10 Batch 6 | Loss: 0.545167
Epoch 10 Batch 7 | Loss: 0.588499
Epoch 10 Batch 8 | Loss: 0.579852
Epoch 10 Batch 9 | Loss: 0.580200
Epoch 10 Batch 10 | Loss: 0.568929
Epoch 10 Batch 11 | Loss: 0.593624
Epoch 10 Batch 12 | Loss: 0.605954
Epoch 10 Batch 13 | Loss: 0.631656
--- Epoch 10/30 | Loss: 0.5825 | Train Acc: 70.5% | Test Acc: 70.9% | CM: [TP:84, TN:38, FP:48, FN:2] | Progress: 33.3% | ETA: 12.7s ---
Epoch 11 Batch 1 | Loss: 0.564698 | Stats: min: -0.089, max: 0.271, mean: 0.109
Epoch 11 Batch 2 | Loss: 0.578233
Epoch 11 Batch 3 | Loss: 0.589342
Epoch 11 Batch 4 | Loss: 0.571415
Epoch 11 Batch 5 | Loss: 0.579877
Epoch 11 Batch 6 | Loss: 0.587188
Epoch 11 Batch 7 | Loss: 0.586590
Epoch 11 Batch 8 | Loss: 0.576416
Epoch 11 Batch 9 | Loss: 0.581143
Epoch 11 Batch 10 | Loss: 0.589327
Epoch 11 Batch 11 | Loss: 0.582615
Epoch 11 Batch 12 | Loss: 0.571686
Epoch 11 Batch 13 | Loss: 0.604481
  [STABILITY] Test accuracy improved: 71.51% -> 73.26% (via EMA). Saving best params.
--- Epoch 11/30 | Loss: 0.5818 | Train Acc: 74.5% | Test Acc: 73.3% | CM: [TP:84, TN:42, FP:44, FN:2] | Progress: 36.7% | ETA: 10.6s ---
Epoch 12 Batch 1 | Loss: 0.594583 | Stats: min: -0.234, max: 0.385, mean: 0.033
Epoch 12 Batch 2 | Loss: 0.558692
Epoch 12 Batch 3 | Loss: 0.602590
Epoch 12 Batch 4 | Loss: 0.527159
Epoch 12 Batch 5 | Loss: 0.587841
Epoch 12 Batch 6 | Loss: 0.579666
Epoch 12 Batch 7 | Loss: 0.552904
Epoch 12 Batch 8 | Loss: 0.608813
Epoch 12 Batch 9 | Loss: 0.595715
Epoch 12 Batch 10 | Loss: 0.580816
Epoch 12 Batch 11 | Loss: 0.562527
Epoch 12 Batch 12 | Loss: 0.586918
Epoch 12 Batch 13 | Loss: 0.549127
  [STABILITY] Test accuracy improved: 73.26% -> 76.74% (via EMA). Saving best params.
--- Epoch 12/30 | Loss: 0.5760 | Train Acc: 75.5% | Test Acc: 76.7% | CM: [TP:84, TN:48, FP:38, FN:2] | Progress: 40.0% | ETA: 9.4s ---
Epoch 13 Batch 1 | Loss: 0.567994 | Stats: min: -0.225, max: 0.326, mean: 0.043
Epoch 13 Batch 2 | Loss: 0.597472
Epoch 13 Batch 3 | Loss: 0.573909
Epoch 13 Batch 4 | Loss: 0.619281
Epoch 13 Batch 5 | Loss: 0.541494
Epoch 13 Batch 6 | Loss: 0.569200
Epoch 13 Batch 7 | Loss: 0.508855
Epoch 13 Batch 8 | Loss: 0.561887
Epoch 13 Batch 9 | Loss: 0.572643
Epoch 13 Batch 10 | Loss: 0.615833
Epoch 13 Batch 11 | Loss: 0.576189
Epoch 13 Batch 12 | Loss: 0.572819
Epoch 13 Batch 13 | Loss: 0.618751
  [STABILITY] Test accuracy improved: 76.74% -> 77.33% (via EMA). Saving best params.
--- Epoch 13/30 | Loss: 0.5766 | Train Acc: 76.5% | Test Acc: 77.3% | CM: [TP:84, TN:49, FP:37, FN:2] | Progress: 43.3% | ETA: 8.2s ---
Epoch 14 Batch 1 | Loss: 0.593506 | Stats: min: -0.192, max: 0.316, mean: 0.029
Epoch 14 Batch 2 | Loss: 0.616607
Epoch 14 Batch 3 | Loss: 0.563678
Epoch 14 Batch 4 | Loss: 0.548253
Epoch 14 Batch 5 | Loss: 0.520663
Epoch 14 Batch 6 | Loss: 0.580051
Epoch 14 Batch 7 | Loss: 0.570938
Epoch 14 Batch 8 | Loss: 0.585820
Epoch 14 Batch 9 | Loss: 0.561885
Epoch 14 Batch 10 | Loss: 0.551768
Epoch 14 Batch 11 | Loss: 0.574481
Epoch 14 Batch 12 | Loss: 0.579398
Epoch 14 Batch 13 | Loss: 0.593680
--- Epoch 14/30 | Loss: 0.5724 | Train Acc: 78.5% | Test Acc: 77.3% | CM: [TP:83, TN:50, FP:36, FN:3] | Progress: 46.7% | ETA: 7.2s ---
Epoch 15 Batch 1 | Loss: 0.504652 | Stats: min: -0.191, max: 0.372, mean: 0.144
Epoch 15 Batch 2 | Loss: 0.601078
Epoch 15 Batch 3 | Loss: 0.514561
Epoch 15 Batch 4 | Loss: 0.551221
Epoch 15 Batch 5 | Loss: 0.561212
Epoch 15 Batch 6 | Loss: 0.565884
Epoch 15 Batch 7 | Loss: 0.600477
Epoch 15 Batch 8 | Loss: 0.533685
Epoch 15 Batch 9 | Loss: 0.548469
Epoch 15 Batch 10 | Loss: 0.599111
Epoch 15 Batch 11 | Loss: 0.621373
Epoch 15 Batch 12 | Loss: 0.595741
Epoch 15 Batch 13 | Loss: 0.602271
--- Epoch 15/30 | Loss: 0.5692 | Train Acc: 79.0% | Test Acc: 77.3% | CM: [TP:82, TN:51, FP:35, FN:4] | Progress: 50.0% | ETA: 6.2s ---
Epoch 16 Batch 1 | Loss: 0.512614 | Stats: min: -0.317, max: 0.301, mean: 0.038
Epoch 16 Batch 2 | Loss: 0.538994
Epoch 16 Batch 3 | Loss: 0.615703
Epoch 16 Batch 4 | Loss: 0.530792
Epoch 16 Batch 5 | Loss: 0.605467
Epoch 16 Batch 6 | Loss: 0.561510
Epoch 16 Batch 7 | Loss: 0.587612
Epoch 16 Batch 8 | Loss: 0.584055
Epoch 16 Batch 9 | Loss: 0.565984
Epoch 16 Batch 10 | Loss: 0.542274
Epoch 16 Batch 11 | Loss: 0.536485
Epoch 16 Batch 12 | Loss: 0.583957
Epoch 16 Batch 13 | Loss: 0.632626
  [STABILITY] Test accuracy improved: 77.33% -> 77.91% (via EMA). Saving best params.
--- Epoch 16/30 | Loss: 0.5691 | Train Acc: 79.5% | Test Acc: 77.9% | CM: [TP:82, TN:52, FP:34, FN:4] | Progress: 53.3% | ETA: 5.3s ---
Epoch 17 Batch 1 | Loss: 0.593298 | Stats: min: -0.248, max: 0.035, mean: -0.049
Epoch 17 Batch 2 | Loss: 0.573274
Epoch 17 Batch 3 | Loss: 0.585791
Epoch 17 Batch 4 | Loss: 0.552820
Epoch 17 Batch 5 | Loss: 0.538230
Epoch 17 Batch 6 | Loss: 0.546606
Epoch 17 Batch 7 | Loss: 0.552225
Epoch 17 Batch 8 | Loss: 0.576732
Epoch 17 Batch 9 | Loss: 0.579972
Epoch 17 Batch 10 | Loss: 0.551237
Epoch 17 Batch 11 | Loss: 0.574855
Epoch 17 Batch 12 | Loss: 0.531352
Epoch 17 Batch 13 | Loss: 0.612559
  [STABILITY] Test accuracy improved: 77.91% -> 79.65% (via EMA). Saving best params.
--- Epoch 17/30 | Loss: 0.5668 | Train Acc: 79.0% | Test Acc: 79.7% | CM: [TP:83, TN:54, FP:32, FN:3] | Progress: 56.7% | ETA: 4.8s ---
Epoch 18 Batch 1 | Loss: 0.520652 | Stats: min: -0.505, max: 0.377, mean: 0.012
Epoch 18 Batch 2 | Loss: 0.514223
Epoch 18 Batch 3 | Loss: 0.594691
Epoch 18 Batch 4 | Loss: 0.539781
Epoch 18 Batch 5 | Loss: 0.553730
Epoch 18 Batch 6 | Loss: 0.551149
Epoch 18 Batch 7 | Loss: 0.618019
Epoch 18 Batch 8 | Loss: 0.594072
Epoch 18 Batch 9 | Loss: 0.527693
Epoch 18 Batch 10 | Loss: 0.568735
Epoch 18 Batch 11 | Loss: 0.550123
Epoch 18 Batch 12 | Loss: 0.625440
Epoch 18 Batch 13 | Loss: 0.563857
--- Epoch 18/30 | Loss: 0.5632 | Train Acc: 80.5% | Test Acc: 79.1% | CM: [TP:82, TN:54, FP:32, FN:4] | Progress: 60.0% | ETA: 4.2s ---
Epoch 19 Batch 1 | Loss: 0.572888 | Stats: min: -0.299, max: 0.310, mean: 0.030
Epoch 19 Batch 2 | Loss: 0.556243
Epoch 19 Batch 3 | Loss: 0.601290
Epoch 19 Batch 4 | Loss: 0.556005
Epoch 19 Batch 5 | Loss: 0.560340
Epoch 19 Batch 6 | Loss: 0.559011
Epoch 19 Batch 7 | Loss: 0.564721
Epoch 19 Batch 8 | Loss: 0.564007
Epoch 19 Batch 9 | Loss: 0.555259
Epoch 19 Batch 10 | Loss: 0.527774
Epoch 19 Batch 11 | Loss: 0.532589
Epoch 19 Batch 12 | Loss: 0.539711
Epoch 19 Batch 13 | Loss: 0.564228
  [STABILITY] Test accuracy improved: 79.65% -> 80.23% (via EMA). Saving best params.
--- Epoch 19/30 | Loss: 0.5580 | Train Acc: 81.5% | Test Acc: 80.2% | CM: [TP:82, TN:56, FP:30, FN:4] | Progress: 63.3% | ETA: 3.6s ---
Epoch 20 Batch 1 | Loss: 0.587362 | Stats: min: -0.074, max: 0.419, mean: 0.138
Epoch 20 Batch 2 | Loss: 0.572673
Epoch 20 Batch 3 | Loss: 0.523248
Epoch 20 Batch 4 | Loss: 0.607605
Epoch 20 Batch 5 | Loss: 0.555495
Epoch 20 Batch 6 | Loss: 0.583374
Epoch 20 Batch 7 | Loss: 0.536860
Epoch 20 Batch 8 | Loss: 0.535556
Epoch 20 Batch 9 | Loss: 0.519659
Epoch 20 Batch 10 | Loss: 0.578358
Epoch 20 Batch 11 | Loss: 0.545807
Epoch 20 Batch 12 | Loss: 0.520290
Epoch 20 Batch 13 | Loss: 0.565119
  [STABILITY] Test accuracy improved: 80.23% -> 80.81% (via EMA). Saving best params.
--- Epoch 20/30 | Loss: 0.5563 | Train Acc: 81.0% | Test Acc: 80.8% | CM: [TP:82, TN:57, FP:29, FN:4] | Progress: 66.7% | ETA: 3.1s ---
Epoch 21 Batch 1 | Loss: 0.583423 | Stats: min: -0.250, max: 0.355, mean: 0.063
Epoch 21 Batch 2 | Loss: 0.567509
Epoch 21 Batch 3 | Loss: 0.542033
Epoch 21 Batch 4 | Loss: 0.535099
Epoch 21 Batch 5 | Loss: 0.557623
Epoch 21 Batch 6 | Loss: 0.597089
Epoch 21 Batch 7 | Loss: 0.553605
Epoch 21 Batch 8 | Loss: 0.526329
Epoch 21 Batch 9 | Loss: 0.520951
Epoch 21 Batch 10 | Loss: 0.570144
Epoch 21 Batch 11 | Loss: 0.548988
Epoch 21 Batch 12 | Loss: 0.546204
Epoch 21 Batch 13 | Loss: 0.528401
  [STABILITY] Test accuracy improved: 80.81% -> 81.40% (via EMA). Saving best params.
--- Epoch 21/30 | Loss: 0.5521 | Train Acc: 82.0% | Test Acc: 81.4% | CM: [TP:83, TN:57, FP:29, FN:3] | Progress: 70.0% | ETA: 3.9s ---
Epoch 22 Batch 1 | Loss: 0.565878 | Stats: min: -0.265, max: 0.296, mean: 0.052
Epoch 22 Batch 2 | Loss: 0.480661
Epoch 22 Batch 3 | Loss: 0.564796
Epoch 22 Batch 4 | Loss: 0.531701
Epoch 22 Batch 5 | Loss: 0.520382
Epoch 22 Batch 6 | Loss: 0.583982
Epoch 22 Batch 7 | Loss: 0.563010
Epoch 22 Batch 8 | Loss: 0.575517
Epoch 22 Batch 9 | Loss: 0.593387
Epoch 22 Batch 10 | Loss: 0.573123
Epoch 22 Batch 11 | Loss: 0.521042
Epoch 22 Batch 12 | Loss: 0.536242
Epoch 22 Batch 13 | Loss: 0.626098
--- Epoch 22/30 | Loss: 0.5566 | Train Acc: 83.0% | Test Acc: 80.8% | CM: [TP:82, TN:57, FP:29, FN:4] | Progress: 73.3% | ETA: 3.5s ---
Epoch 23 Batch 1 | Loss: 0.582109 | Stats: min: -0.358, max: 0.337, mean: -0.074
Epoch 23 Batch 2 | Loss: 0.529131
Epoch 23 Batch 3 | Loss: 0.569560
Epoch 23 Batch 4 | Loss: 0.530257
Epoch 23 Batch 5 | Loss: 0.540763
Epoch 23 Batch 6 | Loss: 0.612193
Epoch 23 Batch 7 | Loss: 0.520059
Epoch 23 Batch 8 | Loss: 0.533751
Epoch 23 Batch 9 | Loss: 0.577490
Epoch 23 Batch 10 | Loss: 0.535099
Epoch 23 Batch 11 | Loss: 0.554597
Epoch 23 Batch 12 | Loss: 0.515702
Epoch 23 Batch 13 | Loss: 0.581684
--- Epoch 23/30 | Loss: 0.5525 | Train Acc: 83.5% | Test Acc: 80.8% | CM: [TP:82, TN:57, FP:29, FN:4] | Progress: 76.7% | ETA: 3.0s ---
Epoch 24 Batch 1 | Loss: 0.473355 | Stats: min: -0.351, max: 0.348, mean: 0.064
Epoch 24 Batch 2 | Loss: 0.570182
Epoch 24 Batch 3 | Loss: 0.557786
Epoch 24 Batch 4 | Loss: 0.536724
Epoch 24 Batch 5 | Loss: 0.557385
Epoch 24 Batch 6 | Loss: 0.573649
Epoch 24 Batch 7 | Loss: 0.600325
Epoch 24 Batch 8 | Loss: 0.559868
Epoch 24 Batch 9 | Loss: 0.557296
Epoch 24 Batch 10 | Loss: 0.527119
Epoch 24 Batch 11 | Loss: 0.541137
Epoch 24 Batch 12 | Loss: 0.533749
Epoch 24 Batch 13 | Loss: 0.580527
  [STABILITY] Plateau detected. Reducing Learning Rate to 0.010000
--- Epoch 24/30 | Loss: 0.5515 | Train Acc: 84.5% | Test Acc: 80.8% | CM: [TP:81, TN:58, FP:28, FN:5] | Progress: 80.0% | ETA: 2.8s ---
Epoch 25 Batch 1 | Loss: 0.539988 | Stats: min: -0.397, max: 0.211, mean: -0.170
Epoch 25 Batch 2 | Loss: 0.531293
Epoch 25 Batch 3 | Loss: 0.523591
Epoch 25 Batch 4 | Loss: 0.542307
Epoch 25 Batch 5 | Loss: 0.552784
Epoch 25 Batch 6 | Loss: 0.583845
Epoch 25 Batch 7 | Loss: 0.555223
Epoch 25 Batch 8 | Loss: 0.576442
Epoch 25 Batch 9 | Loss: 0.521067
Epoch 25 Batch 10 | Loss: 0.580253
Epoch 25 Batch 11 | Loss: 0.525304
Epoch 25 Batch 12 | Loss: 0.564086
Epoch 25 Batch 13 | Loss: 0.548574
--- Epoch 25/30 | Loss: 0.5496 | Train Acc: 84.5% | Test Acc: 81.4% | CM: [TP:81, TN:59, FP:27, FN:5] | Progress: 83.3% | ETA: 2.0s ---
Epoch 26 Batch 1 | Loss: 0.588066 | Stats: min: -0.413, max: 0.143, mean: -0.080
Epoch 26 Batch 2 | Loss: 0.562530
Epoch 26 Batch 3 | Loss: 0.534012
Epoch 26 Batch 4 | Loss: 0.567017
Epoch 26 Batch 5 | Loss: 0.583483
Epoch 26 Batch 6 | Loss: 0.536499
Epoch 26 Batch 7 | Loss: 0.502088
Epoch 26 Batch 8 | Loss: 0.538737
Epoch 26 Batch 9 | Loss: 0.527957
Epoch 26 Batch 10 | Loss: 0.532319
Epoch 26 Batch 11 | Loss: 0.501391
Epoch 26 Batch 12 | Loss: 0.614658
Epoch 26 Batch 13 | Loss: 0.507812
  [STABILITY] Test accuracy improved: 81.40% -> 83.14% (via EMA). Saving best params.
--- Epoch 26/30 | Loss: 0.5459 | Train Acc: 84.5% | Test Acc: 83.1% | CM: [TP:81, TN:62, FP:24, FN:5] | Progress: 86.7% | ETA: 1.6s ---
Epoch 27 Batch 1 | Loss: 0.563449 | Stats: min: -0.149, max: 0.352, mean: 0.166
Epoch 27 Batch 2 | Loss: 0.597833
Epoch 27 Batch 3 | Loss: 0.481316
Epoch 27 Batch 4 | Loss: 0.511786
Epoch 27 Batch 5 | Loss: 0.551236
Epoch 27 Batch 6 | Loss: 0.575639
Epoch 27 Batch 7 | Loss: 0.547532
Epoch 27 Batch 8 | Loss: 0.562857
Epoch 27 Batch 9 | Loss: 0.535742
Epoch 27 Batch 10 | Loss: 0.537782
Epoch 27 Batch 11 | Loss: 0.553387
Epoch 27 Batch 12 | Loss: 0.562533
Epoch 27 Batch 13 | Loss: 0.545298
--- Epoch 27/30 | Loss: 0.5482 | Train Acc: 84.5% | Test Acc: 83.1% | CM: [TP:81, TN:62, FP:24, FN:5] | Progress: 90.0% | ETA: 1.1s ---
Epoch 28 Batch 1 | Loss: 0.539365 | Stats: min: -0.474, max: 0.291, mean: -0.055
Epoch 28 Batch 2 | Loss: 0.512772
Epoch 28 Batch 3 | Loss: 0.564737
Epoch 28 Batch 4 | Loss: 0.565902
Epoch 28 Batch 5 | Loss: 0.506543
Epoch 28 Batch 6 | Loss: 0.540913
Epoch 28 Batch 7 | Loss: 0.523331
Epoch 28 Batch 8 | Loss: 0.587354
Epoch 28 Batch 9 | Loss: 0.585727
Epoch 28 Batch 10 | Loss: 0.559678
Epoch 28 Batch 11 | Loss: 0.568177
Epoch 28 Batch 12 | Loss: 0.559770
Epoch 28 Batch 13 | Loss: 0.509620
  [STABILITY] Test accuracy improved: 83.14% -> 84.30% (via EMA). Saving best params.
--- Epoch 28/30 | Loss: 0.5480 | Train Acc: 85.0% | Test Acc: 84.3% | CM: [TP:81, TN:64, FP:22, FN:5] | Progress: 93.3% | ETA: 0.5s ---
Epoch 29 Batch 1 | Loss: 0.550141 | Stats: min: -0.448, max: 0.316, mean: -0.060
Epoch 29 Batch 2 | Loss: 0.604130
Epoch 29 Batch 3 | Loss: 0.548779
Epoch 29 Batch 4 | Loss: 0.547976
Epoch 29 Batch 5 | Loss: 0.493401
Epoch 29 Batch 6 | Loss: 0.527644
Epoch 29 Batch 7 | Loss: 0.577233
Epoch 29 Batch 8 | Loss: 0.508555
Epoch 29 Batch 9 | Loss: 0.553905
Epoch 29 Batch 10 | Loss: 0.577254
Epoch 29 Batch 11 | Loss: 0.565173
Epoch 29 Batch 12 | Loss: 0.565607
Epoch 29 Batch 13 | Loss: 0.503770
--- Epoch 29/30 | Loss: 0.5480 | Train Acc: 86.5% | Test Acc: 83.7% | CM: [TP:80, TN:64, FP:22, FN:6] | Progress: 96.7% | ETA: 0.2s ---
Epoch 30 Batch 1 | Loss: 0.534169 | Stats: min: -0.262, max: 0.406, mean: 0.082
Epoch 30 Batch 2 | Loss: 0.557894
Epoch 30 Batch 3 | Loss: 0.525625
Epoch 30 Batch 4 | Loss: 0.556426
Epoch 30 Batch 5 | Loss: 0.530517
Epoch 30 Batch 6 | Loss: 0.564955
Epoch 30 Batch 7 | Loss: 0.533813
Epoch 30 Batch 8 | Loss: 0.553741
Epoch 30 Batch 9 | Loss: 0.542994
Epoch 30 Batch 10 | Loss: 0.538290
Epoch 30 Batch 11 | Loss: 0.554259
Epoch 30 Batch 12 | Loss: 0.589462
Epoch 30 Batch 13 | Loss: 0.522176
--- Epoch 30/30 | Loss: 0.5465 | Train Acc: 87.0% | Test Acc: 84.3% | CM: [TP:80, TN:65, FP:21, FN:6] | Progress: 100.0% | ETA: 0.0s ---

Final Best Test Accuracy: 84.30%


Best Quantum Test Accuracy: 0.843
