DEBUG: Qtrainer enters train_pure_quantum_cnn. Encoding: amplitude
  Class Weights: +1 (Target): 1.00 | -1 (Rest): 1.00
Starting Training
==================================================
Epoch 1 Batch 1 | Loss: 0.958836 | Stats: min: -0.019, max: 0.050, mean: 0.015
Epoch 1 Batch 2 | Loss: 0.697242
Epoch 1 Batch 3 | Loss: 0.677903
Epoch 1 Batch 4 | Loss: 0.734882
Epoch 1 Batch 5 | Loss: 0.739251
Epoch 1 Batch 6 | Loss: 0.763634
Epoch 1 Batch 7 | Loss: 0.747190
Epoch 1 Batch 8 | Loss: 0.679876
Epoch 1 Batch 9 | Loss: 0.697456
Epoch 1 Batch 10 | Loss: 0.686571
Epoch 1 Batch 11 | Loss: 0.675348
Epoch 1 Batch 12 | Loss: 0.666773
Epoch 1 Batch 13 | Loss: 0.611655
  [STABILITY] Test accuracy improved: 0.00% -> 52.33% (via EMA). Saving best params.
--- Epoch 1/30 | Loss: 0.7182 | Train Acc: 53.5% | Test Acc: 52.3% | CM: [TP:86, TN:4, FP:82, FN:0] | Progress: 3.3% | ETA: 179.2s ---
Epoch 2 Batch 1 | Loss: 0.809537 | Stats: min: 0.232, max: 0.398, mean: 0.339
Epoch 2 Batch 2 | Loss: 0.732679
Epoch 2 Batch 3 | Loss: 0.732213
Epoch 2 Batch 4 | Loss: 0.684693
Epoch 2 Batch 5 | Loss: 0.699053
Epoch 2 Batch 6 | Loss: 0.676271
Epoch 2 Batch 7 | Loss: 0.723664
Epoch 2 Batch 8 | Loss: 0.694918
Epoch 2 Batch 9 | Loss: 0.714688
Epoch 2 Batch 10 | Loss: 0.737710
Epoch 2 Batch 11 | Loss: 0.705599
Epoch 2 Batch 12 | Loss: 0.705923
Epoch 2 Batch 13 | Loss: 0.650107
--- Epoch 2/30 | Loss: 0.7129 | Train Acc: 53.5% | Test Acc: 52.3% | CM: [TP:86, TN:4, FP:82, FN:0] | Progress: 6.7% | ETA: 79.0s ---
Epoch 3 Batch 1 | Loss: 0.680488 | Stats: min: 0.098, max: 0.232, mean: 0.184
Epoch 3 Batch 2 | Loss: 0.661973
Epoch 3 Batch 3 | Loss: 0.649653
Epoch 3 Batch 4 | Loss: 0.675288
Epoch 3 Batch 5 | Loss: 0.702061
Epoch 3 Batch 6 | Loss: 0.625247
Epoch 3 Batch 7 | Loss: 0.711379
Epoch 3 Batch 8 | Loss: 0.705470
Epoch 3 Batch 9 | Loss: 0.644809
Epoch 3 Batch 10 | Loss: 0.711347
Epoch 3 Batch 11 | Loss: 0.678365
Epoch 3 Batch 12 | Loss: 0.672667
Epoch 3 Batch 13 | Loss: 0.650031
--- Epoch 3/30 | Loss: 0.6745 | Train Acc: 53.5% | Test Acc: 52.3% | CM: [TP:86, TN:4, FP:82, FN:0] | Progress: 10.0% | ETA: 50.7s ---
Epoch 4 Batch 1 | Loss: 0.741681 | Stats: min: -0.154, max: 0.053, mean: -0.038
Epoch 4 Batch 2 | Loss: 0.679587
Epoch 4 Batch 3 | Loss: 0.646307
Epoch 4 Batch 4 | Loss: 0.659274
Epoch 4 Batch 5 | Loss: 0.669790
Epoch 4 Batch 6 | Loss: 0.668027
Epoch 4 Batch 7 | Loss: 0.668826
Epoch 4 Batch 8 | Loss: 0.694184
Epoch 4 Batch 9 | Loss: 0.665710
Epoch 4 Batch 10 | Loss: 0.672066
Epoch 4 Batch 11 | Loss: 0.698330
Epoch 4 Batch 12 | Loss: 0.682244
Epoch 4 Batch 13 | Loss: 0.650341
  [STABILITY] Plateau detected. Reducing Learning Rate to 0.010000
--- Epoch 4/30 | Loss: 0.6766 | Train Acc: 53.5% | Test Acc: 52.3% | CM: [TP:86, TN:4, FP:82, FN:0] | Progress: 13.3% | ETA: 41.1s ---
Epoch 5 Batch 1 | Loss: 0.678381 | Stats: min: -0.261, max: 0.067, mean: -0.073
Epoch 5 Batch 2 | Loss: 0.712674
Epoch 5 Batch 3 | Loss: 0.674887
Epoch 5 Batch 4 | Loss: 0.678224
Epoch 5 Batch 5 | Loss: 0.634398
Epoch 5 Batch 6 | Loss: 0.670629
Epoch 5 Batch 7 | Loss: 0.678348
Epoch 5 Batch 8 | Loss: 0.684358
Epoch 5 Batch 9 | Loss: 0.663462
Epoch 5 Batch 10 | Loss: 0.642421
Epoch 5 Batch 11 | Loss: 0.680552
Epoch 5 Batch 12 | Loss: 0.661902
Epoch 5 Batch 13 | Loss: 0.694427
--- Epoch 5/30 | Loss: 0.6734 | Train Acc: 53.5% | Test Acc: 52.3% | CM: [TP:86, TN:4, FP:82, FN:0] | Progress: 16.7% | ETA: 28.4s ---
Epoch 6 Batch 1 | Loss: 0.655498 | Stats: min: -0.011, max: 0.158, mean: 0.064
Epoch 6 Batch 2 | Loss: 0.667488
Epoch 6 Batch 3 | Loss: 0.686241
Epoch 6 Batch 4 | Loss: 0.660841
Epoch 6 Batch 5 | Loss: 0.665757
Epoch 6 Batch 6 | Loss: 0.677222
Epoch 6 Batch 7 | Loss: 0.701095
Epoch 6 Batch 8 | Loss: 0.661180
Epoch 6 Batch 9 | Loss: 0.651726
Epoch 6 Batch 10 | Loss: 0.696388
Epoch 6 Batch 11 | Loss: 0.699943
Epoch 6 Batch 12 | Loss: 0.656447
Epoch 6 Batch 13 | Loss: 0.658269
--- Epoch 6/30 | Loss: 0.6722 | Train Acc: 53.5% | Test Acc: 52.3% | CM: [TP:86, TN:4, FP:82, FN:0] | Progress: 20.0% | ETA: 22.5s ---
Epoch 7 Batch 1 | Loss: 0.697807 | Stats: min: -0.287, max: 0.037, mean: -0.114
Epoch 7 Batch 2 | Loss: 0.706735
Epoch 7 Batch 3 | Loss: 0.688083
Epoch 7 Batch 4 | Loss: 0.718545
Epoch 7 Batch 5 | Loss: 0.604466
Epoch 7 Batch 6 | Loss: 0.671612
Epoch 7 Batch 7 | Loss: 0.658772
Epoch 7 Batch 8 | Loss: 0.683136
Epoch 7 Batch 9 | Loss: 0.675315
Epoch 7 Batch 10 | Loss: 0.609134
Epoch 7 Batch 11 | Loss: 0.713936
Epoch 7 Batch 12 | Loss: 0.664431
Epoch 7 Batch 13 | Loss: 0.666793
  [STABILITY] Test accuracy improved: 52.33% -> 57.56% (via EMA). Saving best params.
--- Epoch 7/30 | Loss: 0.6738 | Train Acc: 58.5% | Test Acc: 57.6% | CM: [TP:84, TN:15, FP:71, FN:2] | Progress: 23.3% | ETA: 18.5s ---
Epoch 8 Batch 1 | Loss: 0.672730 | Stats: min: -0.234, max: 0.128, mean: -0.032
Epoch 8 Batch 2 | Loss: 0.664299
Epoch 8 Batch 3 | Loss: 0.646376
Epoch 8 Batch 4 | Loss: 0.655719
Epoch 8 Batch 5 | Loss: 0.628778
Epoch 8 Batch 6 | Loss: 0.713051
Epoch 8 Batch 7 | Loss: 0.672282
Epoch 8 Batch 8 | Loss: 0.729428
Epoch 8 Batch 9 | Loss: 0.667626
Epoch 8 Batch 10 | Loss: 0.714554
Epoch 8 Batch 11 | Loss: 0.627596
Epoch 8 Batch 12 | Loss: 0.698262
Epoch 8 Batch 13 | Loss: 0.615129
  [STABILITY] Test accuracy improved: 57.56% -> 60.47% (via EMA). Saving best params.
--- Epoch 8/30 | Loss: 0.6697 | Train Acc: 61.5% | Test Acc: 60.5% | CM: [TP:84, TN:20, FP:66, FN:2] | Progress: 26.7% | ETA: 16.0s ---
Epoch 9 Batch 1 | Loss: 0.651882 | Stats: min: -0.159, max: 0.152, mean: -0.024
Epoch 9 Batch 2 | Loss: 0.677302
Epoch 9 Batch 3 | Loss: 0.652354
Epoch 9 Batch 4 | Loss: 0.670628
Epoch 9 Batch 5 | Loss: 0.724241
Epoch 9 Batch 6 | Loss: 0.658808
Epoch 9 Batch 7 | Loss: 0.668986
Epoch 9 Batch 8 | Loss: 0.630120
Epoch 9 Batch 9 | Loss: 0.627973
Epoch 9 Batch 10 | Loss: 0.725956
Epoch 9 Batch 11 | Loss: 0.676233
Epoch 9 Batch 12 | Loss: 0.676489
Epoch 9 Batch 13 | Loss: 0.647226
  [STABILITY] Test accuracy improved: 60.47% -> 61.63% (via EMA). Saving best params.
--- Epoch 9/30 | Loss: 0.6683 | Train Acc: 64.5% | Test Acc: 61.6% | CM: [TP:81, TN:25, FP:61, FN:5] | Progress: 30.0% | ETA: 13.3s ---
Epoch 10 Batch 1 | Loss: 0.644667 | Stats: min: -0.259, max: 0.241, mean: 0.055
Epoch 10 Batch 2 | Loss: 0.662414
Epoch 10 Batch 3 | Loss: 0.664813
Epoch 10 Batch 4 | Loss: 0.665194
Epoch 10 Batch 5 | Loss: 0.663192
Epoch 10 Batch 6 | Loss: 0.662293
Epoch 10 Batch 7 | Loss: 0.728221
Epoch 10 Batch 8 | Loss: 0.634767
Epoch 10 Batch 9 | Loss: 0.640714
Epoch 10 Batch 10 | Loss: 0.663680
Epoch 10 Batch 11 | Loss: 0.650987
Epoch 10 Batch 12 | Loss: 0.708393
Epoch 10 Batch 13 | Loss: 0.678672
  [STABILITY] Test accuracy improved: 61.63% -> 63.37% (via EMA). Saving best params.
--- Epoch 10/30 | Loss: 0.6668 | Train Acc: 64.0% | Test Acc: 63.4% | CM: [TP:81, TN:28, FP:58, FN:5] | Progress: 33.3% | ETA: 10.9s ---
Epoch 11 Batch 1 | Loss: 0.638214 | Stats: min: -0.413, max: 0.136, mean: -0.148
Epoch 11 Batch 2 | Loss: 0.599126
Epoch 11 Batch 3 | Loss: 0.642334
Epoch 11 Batch 4 | Loss: 0.786857
Epoch 11 Batch 5 | Loss: 0.644229
Epoch 11 Batch 6 | Loss: 0.645192
Epoch 11 Batch 7 | Loss: 0.738424
Epoch 11 Batch 8 | Loss: 0.684192
Epoch 11 Batch 9 | Loss: 0.687019
Epoch 11 Batch 10 | Loss: 0.736566
Epoch 11 Batch 11 | Loss: 0.674693
Epoch 11 Batch 12 | Loss: 0.681087
Epoch 11 Batch 13 | Loss: 0.648197
--- Epoch 11/30 | Loss: 0.6774 | Train Acc: 61.5% | Test Acc: 62.2% | CM: [TP:75, TN:32, FP:54, FN:11] | Progress: 36.7% | ETA: 10.1s ---
Epoch 12 Batch 1 | Loss: 0.680574 | Stats: min: -0.036, max: 0.257, mean: 0.142
Epoch 12 Batch 2 | Loss: 0.681889
Epoch 12 Batch 3 | Loss: 0.676910
Epoch 12 Batch 4 | Loss: 0.702677
Epoch 12 Batch 5 | Loss: 0.673567
Epoch 12 Batch 6 | Loss: 0.637658
Epoch 12 Batch 7 | Loss: 0.688515
Epoch 12 Batch 8 | Loss: 0.718575
Epoch 12 Batch 9 | Loss: 0.636935
Epoch 12 Batch 10 | Loss: 0.672312
Epoch 12 Batch 11 | Loss: 0.674406
Epoch 12 Batch 12 | Loss: 0.684343
Epoch 12 Batch 13 | Loss: 0.610397
--- Epoch 12/30 | Loss: 0.6722 | Train Acc: 60.0% | Test Acc: 61.6% | CM: [TP:73, TN:33, FP:53, FN:13] | Progress: 40.0% | ETA: 8.6s ---
Epoch 13 Batch 1 | Loss: 0.698806 | Stats: min: -0.043, max: 0.159, mean: 0.079
Epoch 13 Batch 2 | Loss: 0.668542
Epoch 13 Batch 3 | Loss: 0.715935
Epoch 13 Batch 4 | Loss: 0.670468
Epoch 13 Batch 5 | Loss: 0.662092
Epoch 13 Batch 6 | Loss: 0.673160
Epoch 13 Batch 7 | Loss: 0.694575
Epoch 13 Batch 8 | Loss: 0.611022
Epoch 13 Batch 9 | Loss: 0.624177
Epoch 13 Batch 10 | Loss: 0.654801
Epoch 13 Batch 11 | Loss: 0.671649
Epoch 13 Batch 12 | Loss: 0.619855
Epoch 13 Batch 13 | Loss: 0.648017
  [STABILITY] Plateau detected. Reducing Learning Rate to 0.005000
--- Epoch 13/30 | Loss: 0.6625 | Train Acc: 61.0% | Test Acc: 61.0% | CM: [TP:72, TN:33, FP:53, FN:14] | Progress: 43.3% | ETA: 7.6s ---
Epoch 14 Batch 1 | Loss: 0.647710 | Stats: min: -0.392, max: 0.094, mean: -0.131
Epoch 14 Batch 2 | Loss: 0.661557
Epoch 14 Batch 3 | Loss: 0.681360
Epoch 14 Batch 4 | Loss: 0.683431
Epoch 14 Batch 5 | Loss: 0.643425
Epoch 14 Batch 6 | Loss: 0.690666
Epoch 14 Batch 7 | Loss: 0.660293
Epoch 14 Batch 8 | Loss: 0.673790
Epoch 14 Batch 9 | Loss: 0.634298
Epoch 14 Batch 10 | Loss: 0.672803
Epoch 14 Batch 11 | Loss: 0.649775
Epoch 14 Batch 12 | Loss: 0.670651
Epoch 14 Batch 13 | Loss: 0.647651
--- Epoch 14/30 | Loss: 0.6629 | Train Acc: 61.0% | Test Acc: 62.8% | CM: [TP:72, TN:36, FP:50, FN:14] | Progress: 46.7% | ETA: 6.5s ---
Epoch 15 Batch 1 | Loss: 0.704531 | Stats: min: -0.092, max: 0.243, mean: 0.124
Epoch 15 Batch 2 | Loss: 0.654203
Epoch 15 Batch 3 | Loss: 0.644687
Epoch 15 Batch 4 | Loss: 0.688184
Epoch 15 Batch 5 | Loss: 0.658384
Epoch 15 Batch 6 | Loss: 0.673009
Epoch 15 Batch 7 | Loss: 0.650942
Epoch 15 Batch 8 | Loss: 0.652479
Epoch 15 Batch 9 | Loss: 0.620680
Epoch 15 Batch 10 | Loss: 0.674976
Epoch 15 Batch 11 | Loss: 0.660515
Epoch 15 Batch 12 | Loss: 0.689022
Epoch 15 Batch 13 | Loss: 0.624140
--- Epoch 15/30 | Loss: 0.6612 | Train Acc: 61.0% | Test Acc: 62.2% | CM: [TP:69, TN:38, FP:48, FN:17] | Progress: 50.0% | ETA: 5.7s ---
Epoch 16 Batch 1 | Loss: 0.665445 | Stats: min: -0.186, max: 0.076, mean: -0.051
Epoch 16 Batch 2 | Loss: 0.678317
Epoch 16 Batch 3 | Loss: 0.664135
Epoch 16 Batch 4 | Loss: 0.683025
Epoch 16 Batch 5 | Loss: 0.645685
Epoch 16 Batch 6 | Loss: 0.659567
Epoch 16 Batch 7 | Loss: 0.641672
Epoch 16 Batch 8 | Loss: 0.664708
Epoch 16 Batch 9 | Loss: 0.662584
Epoch 16 Batch 10 | Loss: 0.703355
Epoch 16 Batch 11 | Loss: 0.648761
Epoch 16 Batch 12 | Loss: 0.629344
Epoch 16 Batch 13 | Loss: 0.649243
  [STABILITY] Plateau detected. Reducing Learning Rate to 0.002500
--- Epoch 16/30 | Loss: 0.6612 | Train Acc: 59.5% | Test Acc: 62.2% | CM: [TP:68, TN:39, FP:47, FN:18] | Progress: 53.3% | ETA: 5.1s ---
Epoch 17 Batch 1 | Loss: 0.627362 | Stats: min: -0.258, max: 0.088, mean: -0.033
Epoch 17 Batch 2 | Loss: 0.664399
Epoch 17 Batch 3 | Loss: 0.707184
Epoch 17 Batch 4 | Loss: 0.631232
Epoch 17 Batch 5 | Loss: 0.664021
Epoch 17 Batch 6 | Loss: 0.699255
Epoch 17 Batch 7 | Loss: 0.681627
Epoch 17 Batch 8 | Loss: 0.666198
Epoch 17 Batch 9 | Loss: 0.631167
Epoch 17 Batch 10 | Loss: 0.639543
Epoch 17 Batch 11 | Loss: 0.656437
Epoch 17 Batch 12 | Loss: 0.651444
Epoch 17 Batch 13 | Loss: 0.681061
--- Epoch 17/30 | Loss: 0.6616 | Train Acc: 59.5% | Test Acc: 62.2% | CM: [TP:68, TN:39, FP:47, FN:18] | Progress: 56.7% | ETA: 4.4s ---
Epoch 18 Batch 1 | Loss: 0.685684 | Stats: min: -0.137, max: 0.199, mean: 0.047
Epoch 18 Batch 2 | Loss: 0.629493
Epoch 18 Batch 3 | Loss: 0.645834
Epoch 18 Batch 4 | Loss: 0.697078
Epoch 18 Batch 5 | Loss: 0.677699
Epoch 18 Batch 6 | Loss: 0.679670
Epoch 18 Batch 7 | Loss: 0.643288
Epoch 18 Batch 8 | Loss: 0.619870
Epoch 18 Batch 9 | Loss: 0.658646
Epoch 18 Batch 10 | Loss: 0.663051
Epoch 18 Batch 11 | Loss: 0.685149
Epoch 18 Batch 12 | Loss: 0.619406
Epoch 18 Batch 13 | Loss: 0.697918
--- Epoch 18/30 | Loss: 0.6618 | Train Acc: 61.0% | Test Acc: 62.8% | CM: [TP:67, TN:41, FP:45, FN:19] | Progress: 60.0% | ETA: 3.8s ---
Epoch 19 Batch 1 | Loss: 0.661638 | Stats: min: -0.390, max: 0.123, mean: -0.059
Epoch 19 Batch 2 | Loss: 0.637607
Epoch 19 Batch 3 | Loss: 0.657447
Epoch 19 Batch 4 | Loss: 0.654192
Epoch 19 Batch 5 | Loss: 0.676848
Epoch 19 Batch 6 | Loss: 0.679086
Epoch 19 Batch 7 | Loss: 0.678900
Epoch 19 Batch 8 | Loss: 0.694646
Epoch 19 Batch 9 | Loss: 0.640780
Epoch 19 Batch 10 | Loss: 0.671694
Epoch 19 Batch 11 | Loss: 0.642605
Epoch 19 Batch 12 | Loss: 0.648336
Epoch 19 Batch 13 | Loss: 0.647180
  [STABILITY] Plateau detected. Reducing Learning Rate to 0.001250
--- Epoch 19/30 | Loss: 0.6608 | Train Acc: 60.5% | Test Acc: 63.4% | CM: [TP:67, TN:42, FP:44, FN:19] | Progress: 63.3% | ETA: 3.2s ---
Epoch 20 Batch 1 | Loss: 0.648631 | Stats: min: -0.183, max: 0.103, mean: -0.006
Epoch 20 Batch 2 | Loss: 0.648871
Epoch 20 Batch 3 | Loss: 0.633854
Epoch 20 Batch 4 | Loss: 0.689269
Epoch 20 Batch 5 | Loss: 0.656310
Epoch 20 Batch 6 | Loss: 0.587365
Epoch 20 Batch 7 | Loss: 0.702273
Epoch 20 Batch 8 | Loss: 0.659503
Epoch 20 Batch 9 | Loss: 0.672970
Epoch 20 Batch 10 | Loss: 0.649229
Epoch 20 Batch 11 | Loss: 0.675178
Epoch 20 Batch 12 | Loss: 0.727855
Epoch 20 Batch 13 | Loss: 0.596099
  [STABILITY] Test accuracy improved: 63.37% -> 63.95% (via EMA). Saving best params.
--- Epoch 20/30 | Loss: 0.6575 | Train Acc: 60.5% | Test Acc: 64.0% | CM: [TP:67, TN:43, FP:43, FN:19] | Progress: 66.7% | ETA: 2.8s ---
Epoch 21 Batch 1 | Loss: 0.656554 | Stats: min: -0.263, max: 0.177, mean: -0.067
Epoch 21 Batch 2 | Loss: 0.643452
Epoch 21 Batch 3 | Loss: 0.653855
Epoch 21 Batch 4 | Loss: 0.628046
Epoch 21 Batch 5 | Loss: 0.668775
Epoch 21 Batch 6 | Loss: 0.680875
Epoch 21 Batch 7 | Loss: 0.668511
Epoch 21 Batch 8 | Loss: 0.661728
Epoch 21 Batch 9 | Loss: 0.699281
Epoch 21 Batch 10 | Loss: 0.680762
Epoch 21 Batch 11 | Loss: 0.654384
Epoch 21 Batch 12 | Loss: 0.635815
Epoch 21 Batch 13 | Loss: 0.641439
--- Epoch 21/30 | Loss: 0.6595 | Train Acc: 61.5% | Test Acc: 63.4% | CM: [TP:67, TN:42, FP:44, FN:19] | Progress: 70.0% | ETA: 2.6s ---
Epoch 22 Batch 1 | Loss: 0.640903 | Stats: min: -0.084, max: 0.229, mean: 0.076
Epoch 22 Batch 2 | Loss: 0.649994
Epoch 22 Batch 3 | Loss: 0.636515
Epoch 22 Batch 4 | Loss: 0.646737
Epoch 22 Batch 5 | Loss: 0.665598
Epoch 22 Batch 6 | Loss: 0.651959
Epoch 22 Batch 7 | Loss: 0.686802
Epoch 22 Batch 8 | Loss: 0.684190
Epoch 22 Batch 9 | Loss: 0.684327
Epoch 22 Batch 10 | Loss: 0.680179
Epoch 22 Batch 11 | Loss: 0.677857
Epoch 22 Batch 12 | Loss: 0.649428
Epoch 22 Batch 13 | Loss: 0.594769
--- Epoch 22/30 | Loss: 0.6576 | Train Acc: 61.5% | Test Acc: 63.4% | CM: [TP:67, TN:42, FP:44, FN:19] | Progress: 73.3% | ETA: 2.6s ---
Epoch 23 Batch 1 | Loss: 0.701412 | Stats: min: -0.394, max: 0.227, mean: -0.001
Epoch 23 Batch 2 | Loss: 0.651187
Epoch 23 Batch 3 | Loss: 0.706433
Epoch 23 Batch 4 | Loss: 0.663836
Epoch 23 Batch 5 | Loss: 0.625352
Epoch 23 Batch 6 | Loss: 0.598584
Epoch 23 Batch 7 | Loss: 0.705961
Epoch 23 Batch 8 | Loss: 0.644014
Epoch 23 Batch 9 | Loss: 0.664611
Epoch 23 Batch 10 | Loss: 0.667803
Epoch 23 Batch 11 | Loss: 0.632910
Epoch 23 Batch 12 | Loss: 0.643408
Epoch 23 Batch 13 | Loss: 0.699317
  [STABILITY] Plateau detected. Reducing Learning Rate to 0.000625
--- Epoch 23/30 | Loss: 0.6619 | Train Acc: 61.5% | Test Acc: 63.4% | CM: [TP:67, TN:42, FP:44, FN:19] | Progress: 76.7% | ETA: 2.8s ---
Epoch 24 Batch 1 | Loss: 0.675804 | Stats: min: -0.001, max: 0.127, mean: 0.071
Epoch 24 Batch 2 | Loss: 0.677684
Epoch 24 Batch 3 | Loss: 0.701280
Epoch 24 Batch 4 | Loss: 0.627664
Epoch 24 Batch 5 | Loss: 0.592633
Epoch 24 Batch 6 | Loss: 0.632372
Epoch 24 Batch 7 | Loss: 0.650743
Epoch 24 Batch 8 | Loss: 0.681479
Epoch 24 Batch 9 | Loss: 0.632330
Epoch 24 Batch 10 | Loss: 0.667192
Epoch 24 Batch 11 | Loss: 0.695828
Epoch 24 Batch 12 | Loss: 0.657731
Epoch 24 Batch 13 | Loss: 0.706825
--- Epoch 24/30 | Loss: 0.6615 | Train Acc: 61.0% | Test Acc: 64.0% | CM: [TP:67, TN:43, FP:43, FN:19] | Progress: 80.0% | ETA: 1.7s ---
Epoch 25 Batch 1 | Loss: 0.655809 | Stats: min: -0.219, max: 0.128, mean: -0.017
Epoch 25 Batch 2 | Loss: 0.616898
Epoch 25 Batch 3 | Loss: 0.651448
Epoch 25 Batch 4 | Loss: 0.632040
Epoch 25 Batch 5 | Loss: 0.685920
Epoch 25 Batch 6 | Loss: 0.707628
Epoch 25 Batch 7 | Loss: 0.678523
Epoch 25 Batch 8 | Loss: 0.697736
Epoch 25 Batch 9 | Loss: 0.679567
Epoch 25 Batch 10 | Loss: 0.652969
Epoch 25 Batch 11 | Loss: 0.649139
Epoch 25 Batch 12 | Loss: 0.601696
Epoch 25 Batch 13 | Loss: 0.667192
  [STABILITY] Test accuracy improved: 63.95% -> 64.53% (via EMA). Saving best params.
--- Epoch 25/30 | Loss: 0.6597 | Train Acc: 61.0% | Test Acc: 64.5% | CM: [TP:68, TN:43, FP:43, FN:18] | Progress: 83.3% | ETA: 1.4s ---
Epoch 26 Batch 1 | Loss: 0.662982 | Stats: min: -0.254, max: 0.163, mean: 0.028
Epoch 26 Batch 2 | Loss: 0.696474
Epoch 26 Batch 3 | Loss: 0.651228
Epoch 26 Batch 4 | Loss: 0.648171
Epoch 26 Batch 5 | Loss: 0.663415
Epoch 26 Batch 6 | Loss: 0.641792
Epoch 26 Batch 7 | Loss: 0.675893
Epoch 26 Batch 8 | Loss: 0.703279
Epoch 26 Batch 9 | Loss: 0.674831
Epoch 26 Batch 10 | Loss: 0.646144
Epoch 26 Batch 11 | Loss: 0.612874
Epoch 26 Batch 12 | Loss: 0.639192
Epoch 26 Batch 13 | Loss: 0.649623
--- Epoch 26/30 | Loss: 0.6589 | Train Acc: 61.0% | Test Acc: 64.5% | CM: [TP:68, TN:43, FP:43, FN:18] | Progress: 86.7% | ETA: 1.4s ---
Epoch 27 Batch 1 | Loss: 0.628915 | Stats: min: -0.260, max: 0.178, mean: 0.000
Epoch 27 Batch 2 | Loss: 0.658390
Epoch 27 Batch 3 | Loss: 0.684099
Epoch 27 Batch 4 | Loss: 0.652466
Epoch 27 Batch 5 | Loss: 0.670431
Epoch 27 Batch 6 | Loss: 0.650650
Epoch 27 Batch 7 | Loss: 0.710679
Epoch 27 Batch 8 | Loss: 0.673375
Epoch 27 Batch 9 | Loss: 0.654404
Epoch 27 Batch 10 | Loss: 0.645774
Epoch 27 Batch 11 | Loss: 0.661303
Epoch 27 Batch 12 | Loss: 0.595960
Epoch 27 Batch 13 | Loss: 0.711963
--- Epoch 27/30 | Loss: 0.6614 | Train Acc: 61.0% | Test Acc: 64.5% | CM: [TP:68, TN:43, FP:43, FN:18] | Progress: 90.0% | ETA: 0.7s ---
Epoch 28 Batch 1 | Loss: 0.683176 | Stats: min: -0.119, max: 0.203, mean: 0.017
Epoch 28 Batch 2 | Loss: 0.687417
Epoch 28 Batch 3 | Loss: 0.645247
Epoch 28 Batch 4 | Loss: 0.633431
Epoch 28 Batch 5 | Loss: 0.654763
Epoch 28 Batch 6 | Loss: 0.653645
Epoch 28 Batch 7 | Loss: 0.652755
Epoch 28 Batch 8 | Loss: 0.657391
Epoch 28 Batch 9 | Loss: 0.649165
Epoch 28 Batch 10 | Loss: 0.682091
Epoch 28 Batch 11 | Loss: 0.671511
Epoch 28 Batch 12 | Loss: 0.648360
Epoch 28 Batch 13 | Loss: 0.638911
  [STABILITY] Plateau detected. Reducing Learning Rate to 0.000313
--- Epoch 28/30 | Loss: 0.6583 | Train Acc: 61.5% | Test Acc: 64.5% | CM: [TP:68, TN:43, FP:43, FN:18] | Progress: 93.3% | ETA: 0.5s ---
Epoch 29 Batch 1 | Loss: 0.624535 | Stats: min: -0.013, max: 0.212, mean: 0.117
Epoch 29 Batch 2 | Loss: 0.708465
Epoch 29 Batch 3 | Loss: 0.617367
Epoch 29 Batch 4 | Loss: 0.679748
Epoch 29 Batch 5 | Loss: 0.656137
Epoch 29 Batch 6 | Loss: 0.691029
Epoch 29 Batch 7 | Loss: 0.683132
Epoch 29 Batch 8 | Loss: 0.654247
Epoch 29 Batch 9 | Loss: 0.631285
Epoch 29 Batch 10 | Loss: 0.654504
Epoch 29 Batch 11 | Loss: 0.670329
Epoch 29 Batch 12 | Loss: 0.652568
Epoch 29 Batch 13 | Loss: 0.628954
--- Epoch 29/30 | Loss: 0.6579 | Train Acc: 62.0% | Test Acc: 64.5% | CM: [TP:68, TN:43, FP:43, FN:18] | Progress: 96.7% | ETA: 0.2s ---
Epoch 30 Batch 1 | Loss: 0.701634 | Stats: min: -0.017, max: 0.203, mean: 0.092
Epoch 30 Batch 2 | Loss: 0.645493
Epoch 30 Batch 3 | Loss: 0.649503
Epoch 30 Batch 4 | Loss: 0.660438
Epoch 30 Batch 5 | Loss: 0.623719
Epoch 30 Batch 6 | Loss: 0.677874
Epoch 30 Batch 7 | Loss: 0.648000
Epoch 30 Batch 8 | Loss: 0.648810
Epoch 30 Batch 9 | Loss: 0.681069
Epoch 30 Batch 10 | Loss: 0.661443
Epoch 30 Batch 11 | Loss: 0.662604
Epoch 30 Batch 12 | Loss: 0.639724
Epoch 30 Batch 13 | Loss: 0.679199
--- Epoch 30/30 | Loss: 0.6600 | Train Acc: 62.0% | Test Acc: 64.5% | CM: [TP:68, TN:43, FP:43, FN:18] | Progress: 100.0% | ETA: 0.0s ---

Final Best Test Accuracy: 64.53%


Best Quantum Test Accuracy: 0.645
