DEBUG: Qtrainer enters train_pure_quantum_cnn. Encoding: amplitude
  Class Weights: +1 (Target): 1.00 | -1 (Rest): 1.00
Starting Training
==================================================
Epoch 1 Batch 1 | Loss: 0.679897 | Stats: min: 0.003, max: 0.178, mean: 0.065
Epoch 1 Batch 2 | Loss: 0.650586
Epoch 1 Batch 3 | Loss: 0.617640
Epoch 1 Batch 4 | Loss: 0.626212
Epoch 1 Batch 5 | Loss: 0.639310
Epoch 1 Batch 6 | Loss: 0.611837
Epoch 1 Batch 7 | Loss: 0.582517
Epoch 1 Batch 8 | Loss: 0.578453
Epoch 1 Batch 9 | Loss: 0.595068
Epoch 1 Batch 10 | Loss: 0.644823
Epoch 1 Batch 11 | Loss: 0.601211
Epoch 1 Batch 12 | Loss: 0.583076
Epoch 1 Batch 13 | Loss: 0.551445
  [STABILITY] Test accuracy improved: 0.00% -> 62.79% (via EMA). Saving best params.
--- Epoch 1/30 | Loss: 0.6125 | Train Acc: 68.0% | Test Acc: 62.8% | CM: [TP:25, TN:83, FP:3, FN:61] | Progress: 3.3% | ETA: 198.2s ---
Epoch 2 Batch 1 | Loss: 0.579359 | Stats: min: -0.209, max: 0.244, mean: -0.014
Epoch 2 Batch 2 | Loss: 0.546736
Epoch 2 Batch 3 | Loss: 0.568500
Epoch 2 Batch 4 | Loss: 0.585805
Epoch 2 Batch 5 | Loss: 0.575697
Epoch 2 Batch 6 | Loss: 0.621902
Epoch 2 Batch 7 | Loss: 0.586911
Epoch 2 Batch 8 | Loss: 0.560686
Epoch 2 Batch 9 | Loss: 0.578898
Epoch 2 Batch 10 | Loss: 0.589828
Epoch 2 Batch 11 | Loss: 0.584960
Epoch 2 Batch 12 | Loss: 0.561373
Epoch 2 Batch 13 | Loss: 0.605658
  [STABILITY] Test accuracy improved: 62.79% -> 71.51% (via EMA). Saving best params.
--- Epoch 2/30 | Loss: 0.5805 | Train Acc: 76.5% | Test Acc: 71.5% | CM: [TP:41, TN:82, FP:4, FN:45] | Progress: 6.7% | ETA: 88.9s ---
Epoch 3 Batch 1 | Loss: 0.553231 | Stats: min: -0.265, max: 0.125, mean: -0.149
Epoch 3 Batch 2 | Loss: 0.614671
Epoch 3 Batch 3 | Loss: 0.598364
Epoch 3 Batch 4 | Loss: 0.572812
Epoch 3 Batch 5 | Loss: 0.565111
Epoch 3 Batch 6 | Loss: 0.559461
Epoch 3 Batch 7 | Loss: 0.561209
Epoch 3 Batch 8 | Loss: 0.552177
Epoch 3 Batch 9 | Loss: 0.561680
Epoch 3 Batch 10 | Loss: 0.546019
Epoch 3 Batch 11 | Loss: 0.558890
Epoch 3 Batch 12 | Loss: 0.553713
Epoch 3 Batch 13 | Loss: 0.557671
  [STABILITY] Test accuracy improved: 71.51% -> 78.49% (via EMA). Saving best params.
--- Epoch 3/30 | Loss: 0.5658 | Train Acc: 84.0% | Test Acc: 78.5% | CM: [TP:57, TN:78, FP:8, FN:29] | Progress: 10.0% | ETA: 58.8s ---
Epoch 4 Batch 1 | Loss: 0.561529 | Stats: min: -0.271, max: 0.189, mean: -0.040
Epoch 4 Batch 2 | Loss: 0.583736
Epoch 4 Batch 3 | Loss: 0.550784
Epoch 4 Batch 4 | Loss: 0.578895
Epoch 4 Batch 5 | Loss: 0.537596
Epoch 4 Batch 6 | Loss: 0.570490
Epoch 4 Batch 7 | Loss: 0.608484
Epoch 4 Batch 8 | Loss: 0.534583
Epoch 4 Batch 9 | Loss: 0.520054
Epoch 4 Batch 10 | Loss: 0.563603
Epoch 4 Batch 11 | Loss: 0.544868
Epoch 4 Batch 12 | Loss: 0.577698
Epoch 4 Batch 13 | Loss: 0.528509
  [STABILITY] Test accuracy improved: 78.49% -> 82.56% (via EMA). Saving best params.
--- Epoch 4/30 | Loss: 0.5585 | Train Acc: 86.5% | Test Acc: 82.6% | CM: [TP:66, TN:76, FP:10, FN:20] | Progress: 13.3% | ETA: 40.9s ---
Epoch 5 Batch 1 | Loss: 0.567656 | Stats: min: -0.022, max: 0.108, mean: 0.044
Epoch 5 Batch 2 | Loss: 0.519479
Epoch 5 Batch 3 | Loss: 0.555429
Epoch 5 Batch 4 | Loss: 0.555806
Epoch 5 Batch 5 | Loss: 0.558216
Epoch 5 Batch 6 | Loss: 0.554667
Epoch 5 Batch 7 | Loss: 0.563867
Epoch 5 Batch 8 | Loss: 0.535052
Epoch 5 Batch 9 | Loss: 0.564293
Epoch 5 Batch 10 | Loss: 0.601119
Epoch 5 Batch 11 | Loss: 0.567300
Epoch 5 Batch 12 | Loss: 0.539440
Epoch 5 Batch 13 | Loss: 0.558463
  [STABILITY] Test accuracy improved: 82.56% -> 84.30% (via EMA). Saving best params.
--- Epoch 5/30 | Loss: 0.5570 | Train Acc: 88.0% | Test Acc: 84.3% | CM: [TP:69, TN:76, FP:10, FN:17] | Progress: 16.7% | ETA: 32.0s ---
Epoch 6 Batch 1 | Loss: 0.567077 | Stats: min: -0.068, max: 0.251, mean: 0.077
Epoch 6 Batch 2 | Loss: 0.586752
Epoch 6 Batch 3 | Loss: 0.568818
Epoch 6 Batch 4 | Loss: 0.569154
Epoch 6 Batch 5 | Loss: 0.526277
Epoch 6 Batch 6 | Loss: 0.503977
Epoch 6 Batch 7 | Loss: 0.556123
Epoch 6 Batch 8 | Loss: 0.550968
Epoch 6 Batch 9 | Loss: 0.522681
Epoch 6 Batch 10 | Loss: 0.542170
Epoch 6 Batch 11 | Loss: 0.529808
Epoch 6 Batch 12 | Loss: 0.593110
Epoch 6 Batch 13 | Loss: 0.596554
  [STABILITY] Test accuracy improved: 84.30% -> 85.47% (via EMA). Saving best params.
--- Epoch 6/30 | Loss: 0.5549 | Train Acc: 88.0% | Test Acc: 85.5% | CM: [TP:73, TN:74, FP:12, FN:13] | Progress: 20.0% | ETA: 26.2s ---
Epoch 7 Batch 1 | Loss: 0.555777 | Stats: min: -0.064, max: 0.435, mean: 0.142
Epoch 7 Batch 2 | Loss: 0.537046
Epoch 7 Batch 3 | Loss: 0.544065
Epoch 7 Batch 4 | Loss: 0.554068
Epoch 7 Batch 5 | Loss: 0.562809
Epoch 7 Batch 6 | Loss: 0.548873
Epoch 7 Batch 7 | Loss: 0.565071
Epoch 7 Batch 8 | Loss: 0.518863
Epoch 7 Batch 9 | Loss: 0.521320
Epoch 7 Batch 10 | Loss: 0.543953
Epoch 7 Batch 11 | Loss: 0.570117
Epoch 7 Batch 12 | Loss: 0.565930
Epoch 7 Batch 13 | Loss: 0.555192
  [STABILITY] Test accuracy improved: 85.47% -> 86.05% (via EMA). Saving best params.
--- Epoch 7/30 | Loss: 0.5495 | Train Acc: 89.0% | Test Acc: 86.0% | CM: [TP:75, TN:73, FP:13, FN:11] | Progress: 23.3% | ETA: 21.4s ---
Epoch 8 Batch 1 | Loss: 0.508074 | Stats: min: -0.308, max: 0.204, mean: -0.060
Epoch 8 Batch 2 | Loss: 0.570973
Epoch 8 Batch 3 | Loss: 0.540269
Epoch 8 Batch 4 | Loss: 0.552886
Epoch 8 Batch 5 | Loss: 0.522045
Epoch 8 Batch 6 | Loss: 0.537416
Epoch 8 Batch 7 | Loss: 0.536409
Epoch 8 Batch 8 | Loss: 0.555697
Epoch 8 Batch 9 | Loss: 0.556763
Epoch 8 Batch 10 | Loss: 0.560192
Epoch 8 Batch 11 | Loss: 0.544239
Epoch 8 Batch 12 | Loss: 0.584414
Epoch 8 Batch 13 | Loss: 0.567067
--- Epoch 8/30 | Loss: 0.5490 | Train Acc: 88.0% | Test Acc: 86.0% | CM: [TP:75, TN:73, FP:13, FN:11] | Progress: 26.7% | ETA: 17.6s ---
Epoch 9 Batch 1 | Loss: 0.522809 | Stats: min: -0.312, max: 0.133, mean: -0.083
Epoch 9 Batch 2 | Loss: 0.609244
Epoch 9 Batch 3 | Loss: 0.538510
Epoch 9 Batch 4 | Loss: 0.539522
Epoch 9 Batch 5 | Loss: 0.564079
Epoch 9 Batch 6 | Loss: 0.519059
Epoch 9 Batch 7 | Loss: 0.542798
Epoch 9 Batch 8 | Loss: 0.554093
Epoch 9 Batch 9 | Loss: 0.546911
Epoch 9 Batch 10 | Loss: 0.531803
Epoch 9 Batch 11 | Loss: 0.505898
Epoch 9 Batch 12 | Loss: 0.547711
Epoch 9 Batch 13 | Loss: 0.591510
  [STABILITY] Test accuracy improved: 86.05% -> 87.79% (via EMA). Saving best params.
--- Epoch 9/30 | Loss: 0.5472 | Train Acc: 87.0% | Test Acc: 87.8% | CM: [TP:78, TN:73, FP:13, FN:8] | Progress: 30.0% | ETA: 14.9s ---
Epoch 10 Batch 1 | Loss: 0.557180 | Stats: min: -0.355, max: 0.313, mean: -0.012
Epoch 10 Batch 2 | Loss: 0.543390
Epoch 10 Batch 3 | Loss: 0.537933
Epoch 10 Batch 4 | Loss: 0.544191
Epoch 10 Batch 5 | Loss: 0.552403
Epoch 10 Batch 6 | Loss: 0.543287
Epoch 10 Batch 7 | Loss: 0.546122
Epoch 10 Batch 8 | Loss: 0.511615
Epoch 10 Batch 9 | Loss: 0.546625
Epoch 10 Batch 10 | Loss: 0.544860
Epoch 10 Batch 11 | Loss: 0.526569
Epoch 10 Batch 12 | Loss: 0.550463
Epoch 10 Batch 13 | Loss: 0.552882
--- Epoch 10/30 | Loss: 0.5429 | Train Acc: 87.5% | Test Acc: 87.2% | CM: [TP:78, TN:72, FP:14, FN:8] | Progress: 33.3% | ETA: 13.4s ---
Epoch 11 Batch 1 | Loss: 0.505203 | Stats: min: -0.239, max: 0.433, mean: 0.087
Epoch 11 Batch 2 | Loss: 0.525516
Epoch 11 Batch 3 | Loss: 0.561852
Epoch 11 Batch 4 | Loss: 0.571639
Epoch 11 Batch 5 | Loss: 0.562417
Epoch 11 Batch 6 | Loss: 0.549495
Epoch 11 Batch 7 | Loss: 0.549217
Epoch 11 Batch 8 | Loss: 0.552134
Epoch 11 Batch 9 | Loss: 0.549178
Epoch 11 Batch 10 | Loss: 0.552303
Epoch 11 Batch 11 | Loss: 0.519321
Epoch 11 Batch 12 | Loss: 0.522875
Epoch 11 Batch 13 | Loss: 0.502818
--- Epoch 11/30 | Loss: 0.5403 | Train Acc: 87.5% | Test Acc: 87.2% | CM: [TP:78, TN:72, FP:14, FN:8] | Progress: 36.7% | ETA: 15.1s ---
Epoch 12 Batch 1 | Loss: 0.561872 | Stats: min: -0.170, max: 0.536, mean: 0.120
Epoch 12 Batch 2 | Loss: 0.551198
Epoch 12 Batch 3 | Loss: 0.557782
Epoch 12 Batch 4 | Loss: 0.534647
Epoch 12 Batch 5 | Loss: 0.512525
Epoch 12 Batch 6 | Loss: 0.550342
Epoch 12 Batch 7 | Loss: 0.559612
Epoch 12 Batch 8 | Loss: 0.543569
Epoch 12 Batch 9 | Loss: 0.539859
Epoch 12 Batch 10 | Loss: 0.542532
Epoch 12 Batch 11 | Loss: 0.517299
Epoch 12 Batch 12 | Loss: 0.530482
Epoch 12 Batch 13 | Loss: 0.530678
  [STABILITY] Plateau detected. Reducing Learning Rate to 0.010000
--- Epoch 12/30 | Loss: 0.5410 | Train Acc: 87.5% | Test Acc: 86.6% | CM: [TP:78, TN:71, FP:15, FN:8] | Progress: 40.0% | ETA: 12.4s ---
Epoch 13 Batch 1 | Loss: 0.545760 | Stats: min: -0.226, max: 0.311, mean: -0.022
Epoch 13 Batch 2 | Loss: 0.529647
Epoch 13 Batch 3 | Loss: 0.511940
Epoch 13 Batch 4 | Loss: 0.495007
Epoch 13 Batch 5 | Loss: 0.554226
Epoch 13 Batch 6 | Loss: 0.555564
Epoch 13 Batch 7 | Loss: 0.545047
Epoch 13 Batch 8 | Loss: 0.525571
Epoch 13 Batch 9 | Loss: 0.559285
Epoch 13 Batch 10 | Loss: 0.533085
Epoch 13 Batch 11 | Loss: 0.548439
Epoch 13 Batch 12 | Loss: 0.576316
Epoch 13 Batch 13 | Loss: 0.520783
--- Epoch 13/30 | Loss: 0.5385 | Train Acc: 87.5% | Test Acc: 87.8% | CM: [TP:79, TN:72, FP:14, FN:7] | Progress: 43.3% | ETA: 9.0s ---
Epoch 14 Batch 1 | Loss: 0.535323 | Stats: min: -0.206, max: 0.236, mean: -0.043
Epoch 14 Batch 2 | Loss: 0.586745
Epoch 14 Batch 3 | Loss: 0.503246
Epoch 14 Batch 4 | Loss: 0.493433
Epoch 14 Batch 5 | Loss: 0.536970
Epoch 14 Batch 6 | Loss: 0.546790
Epoch 14 Batch 7 | Loss: 0.519012
Epoch 14 Batch 8 | Loss: 0.489410
Epoch 14 Batch 9 | Loss: 0.581578
Epoch 14 Batch 10 | Loss: 0.558368
Epoch 14 Batch 11 | Loss: 0.568416
Epoch 14 Batch 12 | Loss: 0.551626
Epoch 14 Batch 13 | Loss: 0.499321
--- Epoch 14/30 | Loss: 0.5362 | Train Acc: 88.0% | Test Acc: 86.6% | CM: [TP:79, TN:70, FP:16, FN:7] | Progress: 46.7% | ETA: 9.8s ---
Epoch 15 Batch 1 | Loss: 0.515476 | Stats: min: -0.519, max: 0.100, mean: -0.212
Epoch 15 Batch 2 | Loss: 0.515357
Epoch 15 Batch 3 | Loss: 0.582362
Epoch 15 Batch 4 | Loss: 0.549858
Epoch 15 Batch 5 | Loss: 0.540469
Epoch 15 Batch 6 | Loss: 0.536423
Epoch 15 Batch 7 | Loss: 0.549413
Epoch 15 Batch 8 | Loss: 0.532527
Epoch 15 Batch 9 | Loss: 0.553267
Epoch 15 Batch 10 | Loss: 0.522677
Epoch 15 Batch 11 | Loss: 0.560426
Epoch 15 Batch 12 | Loss: 0.514692
Epoch 15 Batch 13 | Loss: 0.504663
  [STABILITY] Plateau detected. Reducing Learning Rate to 0.005000
--- Epoch 15/30 | Loss: 0.5367 | Train Acc: 88.0% | Test Acc: 87.2% | CM: [TP:79, TN:71, FP:15, FN:7] | Progress: 50.0% | ETA: 8.3s ---
Epoch 16 Batch 1 | Loss: 0.529304 | Stats: min: -0.210, max: 0.236, mean: -0.024
Epoch 16 Batch 2 | Loss: 0.520138
Epoch 16 Batch 3 | Loss: 0.542365
Epoch 16 Batch 4 | Loss: 0.539445
Epoch 16 Batch 5 | Loss: 0.515436
Epoch 16 Batch 6 | Loss: 0.515221
Epoch 16 Batch 7 | Loss: 0.532772
Epoch 16 Batch 8 | Loss: 0.545195
Epoch 16 Batch 9 | Loss: 0.516444
Epoch 16 Batch 10 | Loss: 0.523325
Epoch 16 Batch 11 | Loss: 0.564320
Epoch 16 Batch 12 | Loss: 0.573810
Epoch 16 Batch 13 | Loss: 0.584487
  [STABILITY] Test accuracy improved: 87.79% -> 88.37% (via EMA). Saving best params.
--- Epoch 16/30 | Loss: 0.5386 | Train Acc: 88.0% | Test Acc: 88.4% | CM: [TP:81, TN:71, FP:15, FN:5] | Progress: 53.3% | ETA: 6.9s ---
Epoch 17 Batch 1 | Loss: 0.526308 | Stats: min: -0.428, max: 0.445, mean: 0.046
Epoch 17 Batch 2 | Loss: 0.532586
Epoch 17 Batch 3 | Loss: 0.529914
Epoch 17 Batch 4 | Loss: 0.539807
Epoch 17 Batch 5 | Loss: 0.518585
Epoch 17 Batch 6 | Loss: 0.594867
Epoch 17 Batch 7 | Loss: 0.574247
Epoch 17 Batch 8 | Loss: 0.533871
Epoch 17 Batch 9 | Loss: 0.551941
Epoch 17 Batch 10 | Loss: 0.555559
Epoch 17 Batch 11 | Loss: 0.515866
Epoch 17 Batch 12 | Loss: 0.494159
Epoch 17 Batch 13 | Loss: 0.514552
--- Epoch 17/30 | Loss: 0.5371 | Train Acc: 88.0% | Test Acc: 88.4% | CM: [TP:81, TN:71, FP:15, FN:5] | Progress: 56.7% | ETA: 6.7s ---
Epoch 18 Batch 1 | Loss: 0.507088 | Stats: min: -0.360, max: 0.307, mean: -0.009
Epoch 18 Batch 2 | Loss: 0.538899
Epoch 18 Batch 3 | Loss: 0.530812
Epoch 18 Batch 4 | Loss: 0.527260
Epoch 18 Batch 5 | Loss: 0.547713
Epoch 18 Batch 6 | Loss: 0.605208
Epoch 18 Batch 7 | Loss: 0.553792
Epoch 18 Batch 8 | Loss: 0.502169
Epoch 18 Batch 9 | Loss: 0.564906
Epoch 18 Batch 10 | Loss: 0.504323
Epoch 18 Batch 11 | Loss: 0.555830
Epoch 18 Batch 12 | Loss: 0.532148
Epoch 18 Batch 13 | Loss: 0.470485
--- Epoch 18/30 | Loss: 0.5339 | Train Acc: 88.0% | Test Acc: 88.4% | CM: [TP:81, TN:71, FP:15, FN:5] | Progress: 60.0% | ETA: 4.3s ---
Epoch 19 Batch 1 | Loss: 0.520176 | Stats: min: -0.201, max: 0.333, mean: -0.011
Epoch 19 Batch 2 | Loss: 0.507266
Epoch 19 Batch 3 | Loss: 0.521093
Epoch 19 Batch 4 | Loss: 0.543788
Epoch 19 Batch 5 | Loss: 0.543758
Epoch 19 Batch 6 | Loss: 0.551289
Epoch 19 Batch 7 | Loss: 0.538204
Epoch 19 Batch 8 | Loss: 0.507190
Epoch 19 Batch 9 | Loss: 0.522015
Epoch 19 Batch 10 | Loss: 0.508818
Epoch 19 Batch 11 | Loss: 0.571874
Epoch 19 Batch 12 | Loss: 0.572695
Epoch 19 Batch 13 | Loss: 0.575810
  [STABILITY] Plateau detected. Reducing Learning Rate to 0.002500
--- Epoch 19/30 | Loss: 0.5372 | Train Acc: 89.0% | Test Acc: 87.8% | CM: [TP:81, TN:70, FP:16, FN:5] | Progress: 63.3% | ETA: 3.7s ---
Epoch 20 Batch 1 | Loss: 0.547331 | Stats: min: -0.274, max: 0.184, mean: -0.136
Epoch 20 Batch 2 | Loss: 0.566387
Epoch 20 Batch 3 | Loss: 0.533958
Epoch 20 Batch 4 | Loss: 0.549936
Epoch 20 Batch 5 | Loss: 0.533702
Epoch 20 Batch 6 | Loss: 0.549760
Epoch 20 Batch 7 | Loss: 0.475817
Epoch 20 Batch 8 | Loss: 0.534210
Epoch 20 Batch 9 | Loss: 0.519708
Epoch 20 Batch 10 | Loss: 0.552198
Epoch 20 Batch 11 | Loss: 0.538902
Epoch 20 Batch 12 | Loss: 0.546627
Epoch 20 Batch 13 | Loss: 0.490805
  [STABILITY] Test accuracy improved: 88.37% -> 88.95% (via EMA). Saving best params.
--- Epoch 20/30 | Loss: 0.5338 | Train Acc: 89.5% | Test Acc: 89.0% | CM: [TP:82, TN:71, FP:15, FN:4] | Progress: 66.7% | ETA: 3.2s ---
Epoch 21 Batch 1 | Loss: 0.575431 | Stats: min: -0.274, max: 0.135, mean: -0.076
Epoch 21 Batch 2 | Loss: 0.533166
Epoch 21 Batch 3 | Loss: 0.528107
Epoch 21 Batch 4 | Loss: 0.566200
Epoch 21 Batch 5 | Loss: 0.558214
Epoch 21 Batch 6 | Loss: 0.508853
Epoch 21 Batch 7 | Loss: 0.542556
Epoch 21 Batch 8 | Loss: 0.556134
Epoch 21 Batch 9 | Loss: 0.515038
Epoch 21 Batch 10 | Loss: 0.539156
Epoch 21 Batch 11 | Loss: 0.500705
Epoch 21 Batch 12 | Loss: 0.509056
Epoch 21 Batch 13 | Loss: 0.517250
--- Epoch 21/30 | Loss: 0.5346 | Train Acc: 89.5% | Test Acc: 89.0% | CM: [TP:82, TN:71, FP:15, FN:4] | Progress: 70.0% | ETA: 2.8s ---
Epoch 22 Batch 1 | Loss: 0.550569 | Stats: min: -0.285, max: 0.012, mean: -0.154
Epoch 22 Batch 2 | Loss: 0.504997
Epoch 22 Batch 3 | Loss: 0.557130
Epoch 22 Batch 4 | Loss: 0.541760
Epoch 22 Batch 5 | Loss: 0.527201
Epoch 22 Batch 6 | Loss: 0.554417
Epoch 22 Batch 7 | Loss: 0.500213
Epoch 22 Batch 8 | Loss: 0.537172
Epoch 22 Batch 9 | Loss: 0.548856
Epoch 22 Batch 10 | Loss: 0.540385
Epoch 22 Batch 11 | Loss: 0.550308
Epoch 22 Batch 12 | Loss: 0.528055
Epoch 22 Batch 13 | Loss: 0.497894
--- Epoch 22/30 | Loss: 0.5338 | Train Acc: 89.5% | Test Acc: 89.0% | CM: [TP:82, TN:71, FP:15, FN:4] | Progress: 73.3% | ETA: 2.3s ---
Epoch 23 Batch 1 | Loss: 0.558474 | Stats: min: -0.175, max: 0.341, mean: 0.131
Epoch 23 Batch 2 | Loss: 0.578130
Epoch 23 Batch 3 | Loss: 0.515175
Epoch 23 Batch 4 | Loss: 0.538840
Epoch 23 Batch 5 | Loss: 0.593532
Epoch 23 Batch 6 | Loss: 0.514839
Epoch 23 Batch 7 | Loss: 0.506680
Epoch 23 Batch 8 | Loss: 0.502506
Epoch 23 Batch 9 | Loss: 0.515985
Epoch 23 Batch 10 | Loss: 0.526630
Epoch 23 Batch 11 | Loss: 0.546062
Epoch 23 Batch 12 | Loss: 0.531069
Epoch 23 Batch 13 | Loss: 0.520968
  [STABILITY] Plateau detected. Reducing Learning Rate to 0.001250
--- Epoch 23/30 | Loss: 0.5345 | Train Acc: 89.5% | Test Acc: 89.0% | CM: [TP:82, TN:71, FP:15, FN:4] | Progress: 76.7% | ETA: 2.2s ---
Epoch 24 Batch 1 | Loss: 0.515012 | Stats: min: -0.334, max: 0.242, mean: -0.057
Epoch 24 Batch 2 | Loss: 0.533167
Epoch 24 Batch 3 | Loss: 0.504590
Epoch 24 Batch 4 | Loss: 0.579586
Epoch 24 Batch 5 | Loss: 0.534304
Epoch 24 Batch 6 | Loss: 0.555822
Epoch 24 Batch 7 | Loss: 0.513517
Epoch 24 Batch 8 | Loss: 0.539351
Epoch 24 Batch 9 | Loss: 0.590143
Epoch 24 Batch 10 | Loss: 0.543636
Epoch 24 Batch 11 | Loss: 0.522905
Epoch 24 Batch 12 | Loss: 0.509790
Epoch 24 Batch 13 | Loss: 0.488567
--- Epoch 24/30 | Loss: 0.5331 | Train Acc: 89.5% | Test Acc: 89.0% | CM: [TP:82, TN:71, FP:15, FN:4] | Progress: 80.0% | ETA: 2.1s ---
Epoch 25 Batch 1 | Loss: 0.553129 | Stats: min: -0.364, max: 0.199, mean: 0.043
Epoch 25 Batch 2 | Loss: 0.523263
Epoch 25 Batch 3 | Loss: 0.534923
Epoch 25 Batch 4 | Loss: 0.531957
Epoch 25 Batch 5 | Loss: 0.530204
Epoch 25 Batch 6 | Loss: 0.545737
Epoch 25 Batch 7 | Loss: 0.532090
Epoch 25 Batch 8 | Loss: 0.560409
Epoch 25 Batch 9 | Loss: 0.541135
Epoch 25 Batch 10 | Loss: 0.547882
Epoch 25 Batch 11 | Loss: 0.520590
Epoch 25 Batch 12 | Loss: 0.512972
Epoch 25 Batch 13 | Loss: 0.503608
--- Epoch 25/30 | Loss: 0.5337 | Train Acc: 89.5% | Test Acc: 89.0% | CM: [TP:82, TN:71, FP:15, FN:4] | Progress: 83.3% | ETA: 1.6s ---
Epoch 26 Batch 1 | Loss: 0.501483 | Stats: min: -0.346, max: 0.340, mean: 0.042
Epoch 26 Batch 2 | Loss: 0.522661
Epoch 26 Batch 3 | Loss: 0.517978
Epoch 26 Batch 4 | Loss: 0.525387
Epoch 26 Batch 5 | Loss: 0.588726
Epoch 26 Batch 6 | Loss: 0.502936
Epoch 26 Batch 7 | Loss: 0.515206
Epoch 26 Batch 8 | Loss: 0.517861
Epoch 26 Batch 9 | Loss: 0.541709
Epoch 26 Batch 10 | Loss: 0.540423
Epoch 26 Batch 11 | Loss: 0.562034
Epoch 26 Batch 12 | Loss: 0.566667
Epoch 26 Batch 13 | Loss: 0.570019
  [STABILITY] Plateau detected. Reducing Learning Rate to 0.000625
--- Epoch 26/30 | Loss: 0.5364 | Train Acc: 89.5% | Test Acc: 88.4% | CM: [TP:82, TN:70, FP:16, FN:4] | Progress: 86.7% | ETA: 1.2s ---
Epoch 27 Batch 1 | Loss: 0.599542 | Stats: min: -0.281, max: 0.254, mean: -0.040
Epoch 27 Batch 2 | Loss: 0.550679
Epoch 27 Batch 3 | Loss: 0.542262
Epoch 27 Batch 4 | Loss: 0.512000
Epoch 27 Batch 5 | Loss: 0.506234
Epoch 27 Batch 6 | Loss: 0.525067
Epoch 27 Batch 7 | Loss: 0.551858
Epoch 27 Batch 8 | Loss: 0.545456
Epoch 27 Batch 9 | Loss: 0.550329
Epoch 27 Batch 10 | Loss: 0.525096
Epoch 27 Batch 11 | Loss: 0.534200
Epoch 27 Batch 12 | Loss: 0.504372
Epoch 27 Batch 13 | Loss: 0.473076
--- Epoch 27/30 | Loss: 0.5323 | Train Acc: 89.5% | Test Acc: 88.4% | CM: [TP:82, TN:70, FP:16, FN:4] | Progress: 90.0% | ETA: 0.8s ---
Epoch 28 Batch 1 | Loss: 0.567742 | Stats: min: -0.042, max: 0.266, mean: 0.093
Epoch 28 Batch 2 | Loss: 0.531388
Epoch 28 Batch 3 | Loss: 0.495788
Epoch 28 Batch 4 | Loss: 0.538064
Epoch 28 Batch 5 | Loss: 0.526411
Epoch 28 Batch 6 | Loss: 0.521400
Epoch 28 Batch 7 | Loss: 0.566119
Epoch 28 Batch 8 | Loss: 0.507216
Epoch 28 Batch 9 | Loss: 0.559621
Epoch 28 Batch 10 | Loss: 0.511115
Epoch 28 Batch 11 | Loss: 0.527808
Epoch 28 Batch 12 | Loss: 0.558809
Epoch 28 Batch 13 | Loss: 0.547942
--- Epoch 28/30 | Loss: 0.5353 | Train Acc: 89.5% | Test Acc: 88.4% | CM: [TP:82, TN:70, FP:16, FN:4] | Progress: 93.3% | ETA: 0.6s ---
Epoch 29 Batch 1 | Loss: 0.512631 | Stats: min: -0.322, max: 0.150, mean: -0.115
Epoch 29 Batch 2 | Loss: 0.497938
Epoch 29 Batch 3 | Loss: 0.545485
Epoch 29 Batch 4 | Loss: 0.553096
Epoch 29 Batch 5 | Loss: 0.537557
Epoch 29 Batch 6 | Loss: 0.519060
Epoch 29 Batch 7 | Loss: 0.555797
Epoch 29 Batch 8 | Loss: 0.546359
Epoch 29 Batch 9 | Loss: 0.526147
Epoch 29 Batch 10 | Loss: 0.538970
Epoch 29 Batch 11 | Loss: 0.535584
Epoch 29 Batch 12 | Loss: 0.541428
Epoch 29 Batch 13 | Loss: 0.550359
  [STABILITY] Plateau detected. Reducing Learning Rate to 0.000313
--- Epoch 29/30 | Loss: 0.5354 | Train Acc: 89.5% | Test Acc: 88.4% | CM: [TP:82, TN:70, FP:16, FN:4] | Progress: 96.7% | ETA: 0.2s ---
Epoch 30 Batch 1 | Loss: 0.526705 | Stats: min: -0.283, max: 0.367, mean: 0.113
Epoch 30 Batch 2 | Loss: 0.543226
Epoch 30 Batch 3 | Loss: 0.541318
Epoch 30 Batch 4 | Loss: 0.543273
Epoch 30 Batch 5 | Loss: 0.546969
Epoch 30 Batch 6 | Loss: 0.554353
Epoch 30 Batch 7 | Loss: 0.518768
Epoch 30 Batch 8 | Loss: 0.535489
Epoch 30 Batch 9 | Loss: 0.501345
Epoch 30 Batch 10 | Loss: 0.559464
Epoch 30 Batch 11 | Loss: 0.523400
Epoch 30 Batch 12 | Loss: 0.536480
Epoch 30 Batch 13 | Loss: 0.504292
--- Epoch 30/30 | Loss: 0.5335 | Train Acc: 89.5% | Test Acc: 88.4% | CM: [TP:82, TN:70, FP:16, FN:4] | Progress: 100.0% | ETA: 0.0s ---

Final Best Test Accuracy: 88.95%


Best Quantum Test Accuracy: 0.890
