DEBUG: Qtrainer enters train_pure_quantum_cnn. Encoding: amplitude
  Class Weights: +1 (Target): 1.00 | -1 (Rest): 1.00
Starting Training
==================================================
Epoch 1 Batch 1 | Loss: 0.689462 | Stats: min: -0.161, max: -0.078, mean: -0.115
Epoch 1 Batch 2 | Loss: 0.693141
Epoch 1 Batch 3 | Loss: 0.663601
Epoch 1 Batch 4 | Loss: 0.637927
Epoch 1 Batch 5 | Loss: 0.658055
Epoch 1 Batch 6 | Loss: 0.662862
Epoch 1 Batch 7 | Loss: 0.627121
Epoch 1 Batch 8 | Loss: 0.609212
Epoch 1 Batch 9 | Loss: 0.623415
Epoch 1 Batch 10 | Loss: 0.611776
Epoch 1 Batch 11 | Loss: 0.596101
Epoch 1 Batch 12 | Loss: 0.614489
Epoch 1 Batch 13 | Loss: 0.602347
  [STABILITY] Test accuracy improved: 0.00% -> 54.65% (via EMA). Saving best params.
--- Epoch 1/30 | Loss: 0.6377 | Train Acc: 56.0% | Test Acc: 54.7% | CM: [TP:28, TN:66, FP:20, FN:58] | Progress: 3.3% | ETA: 371.1s ---
Epoch 2 Batch 1 | Loss: 0.601375 | Stats: min: 0.016, max: 0.183, mean: 0.112
Epoch 2 Batch 2 | Loss: 0.569824
Epoch 2 Batch 3 | Loss: 0.614887
Epoch 2 Batch 4 | Loss: 0.616703
Epoch 2 Batch 5 | Loss: 0.597166
Epoch 2 Batch 6 | Loss: 0.554412
Epoch 2 Batch 7 | Loss: 0.611065
Epoch 2 Batch 8 | Loss: 0.649264
Epoch 2 Batch 9 | Loss: 0.574589
Epoch 2 Batch 10 | Loss: 0.564685
Epoch 2 Batch 11 | Loss: 0.579917
Epoch 2 Batch 12 | Loss: 0.593804
Epoch 2 Batch 13 | Loss: 0.596094
  [STABILITY] Test accuracy improved: 54.65% -> 66.28% (via EMA). Saving best params.
--- Epoch 2/30 | Loss: 0.5941 | Train Acc: 68.0% | Test Acc: 66.3% | CM: [TP:43, TN:71, FP:15, FN:43] | Progress: 6.7% | ETA: 175.7s ---
Epoch 3 Batch 1 | Loss: 0.598997 | Stats: min: -0.284, max: 0.133, mean: -0.055
Epoch 3 Batch 2 | Loss: 0.559469
Epoch 3 Batch 3 | Loss: 0.578422
Epoch 3 Batch 4 | Loss: 0.568658
Epoch 3 Batch 5 | Loss: 0.571341
Epoch 3 Batch 6 | Loss: 0.600054
Epoch 3 Batch 7 | Loss: 0.589672
Epoch 3 Batch 8 | Loss: 0.539531
Epoch 3 Batch 9 | Loss: 0.617332
Epoch 3 Batch 10 | Loss: 0.604424
Epoch 3 Batch 11 | Loss: 0.557685
Epoch 3 Batch 12 | Loss: 0.582039
Epoch 3 Batch 13 | Loss: 0.597074
  [STABILITY] Test accuracy improved: 66.28% -> 73.84% (via EMA). Saving best params.
--- Epoch 3/30 | Loss: 0.5819 | Train Acc: 77.5% | Test Acc: 73.8% | CM: [TP:52, TN:75, FP:11, FN:34] | Progress: 10.0% | ETA: 114.4s ---
Epoch 4 Batch 1 | Loss: 0.572422 | Stats: min: -0.167, max: 0.301, mean: 0.052
Epoch 4 Batch 2 | Loss: 0.602384
Epoch 4 Batch 3 | Loss: 0.542513
Epoch 4 Batch 4 | Loss: 0.564581
Epoch 4 Batch 5 | Loss: 0.564109
Epoch 4 Batch 6 | Loss: 0.626333
Epoch 4 Batch 7 | Loss: 0.583663
Epoch 4 Batch 8 | Loss: 0.567456
Epoch 4 Batch 9 | Loss: 0.583686
Epoch 4 Batch 10 | Loss: 0.562654
Epoch 4 Batch 11 | Loss: 0.560492
Epoch 4 Batch 12 | Loss: 0.563446
Epoch 4 Batch 13 | Loss: 0.572306
  [STABILITY] Test accuracy improved: 73.84% -> 81.98% (via EMA). Saving best params.
--- Epoch 4/30 | Loss: 0.5743 | Train Acc: 81.0% | Test Acc: 82.0% | CM: [TP:64, TN:77, FP:9, FN:22] | Progress: 13.3% | ETA: 82.0s ---
Epoch 5 Batch 1 | Loss: 0.590467 | Stats: min: -0.258, max: 0.256, mean: 0.049
Epoch 5 Batch 2 | Loss: 0.559138
Epoch 5 Batch 3 | Loss: 0.578145
Epoch 5 Batch 4 | Loss: 0.562646
Epoch 5 Batch 5 | Loss: 0.579037
Epoch 5 Batch 6 | Loss: 0.572838
Epoch 5 Batch 7 | Loss: 0.550909
Epoch 5 Batch 8 | Loss: 0.576951
Epoch 5 Batch 9 | Loss: 0.543668
Epoch 5 Batch 10 | Loss: 0.595363
Epoch 5 Batch 11 | Loss: 0.548514
Epoch 5 Batch 12 | Loss: 0.570492
Epoch 5 Batch 13 | Loss: 0.556191
  [STABILITY] Test accuracy improved: 81.98% -> 85.47% (via EMA). Saving best params.
--- Epoch 5/30 | Loss: 0.5680 | Train Acc: 83.0% | Test Acc: 85.5% | CM: [TP:69, TN:78, FP:8, FN:17] | Progress: 16.7% | ETA: 63.2s ---
Epoch 6 Batch 1 | Loss: 0.562395 | Stats: min: -0.054, max: 0.118, mean: 0.001
Epoch 6 Batch 2 | Loss: 0.577396
Epoch 6 Batch 3 | Loss: 0.594371
Epoch 6 Batch 4 | Loss: 0.542732
Epoch 6 Batch 5 | Loss: 0.559351
Epoch 6 Batch 6 | Loss: 0.564637
Epoch 6 Batch 7 | Loss: 0.550863
Epoch 6 Batch 8 | Loss: 0.574459
Epoch 6 Batch 9 | Loss: 0.550549
Epoch 6 Batch 10 | Loss: 0.580371
Epoch 6 Batch 11 | Loss: 0.554258
Epoch 6 Batch 12 | Loss: 0.537045
Epoch 6 Batch 13 | Loss: 0.609575
--- Epoch 6/30 | Loss: 0.5660 | Train Acc: 83.5% | Test Acc: 85.5% | CM: [TP:72, TN:75, FP:11, FN:14] | Progress: 20.0% | ETA: 50.0s ---
Epoch 7 Batch 1 | Loss: 0.557158 | Stats: min: -0.344, max: 0.370, mean: 0.076
Epoch 7 Batch 2 | Loss: 0.530917
Epoch 7 Batch 3 | Loss: 0.560434
Epoch 7 Batch 4 | Loss: 0.589684
Epoch 7 Batch 5 | Loss: 0.586311
Epoch 7 Batch 6 | Loss: 0.554045
Epoch 7 Batch 7 | Loss: 0.577117
Epoch 7 Batch 8 | Loss: 0.556595
Epoch 7 Batch 9 | Loss: 0.553900
Epoch 7 Batch 10 | Loss: 0.547360
Epoch 7 Batch 11 | Loss: 0.567001
Epoch 7 Batch 12 | Loss: 0.551924
Epoch 7 Batch 13 | Loss: 0.565713
  [STABILITY] Test accuracy improved: 85.47% -> 88.95% (via EMA). Saving best params.
--- Epoch 7/30 | Loss: 0.5614 | Train Acc: 83.0% | Test Acc: 89.0% | CM: [TP:78, TN:75, FP:11, FN:8] | Progress: 23.3% | ETA: 41.4s ---
Epoch 8 Batch 1 | Loss: 0.559793 | Stats: min: -0.333, max: 0.215, mean: -0.123
Epoch 8 Batch 2 | Loss: 0.562563
Epoch 8 Batch 3 | Loss: 0.541219
Epoch 8 Batch 4 | Loss: 0.579501
Epoch 8 Batch 5 | Loss: 0.546966
Epoch 8 Batch 6 | Loss: 0.564488
Epoch 8 Batch 7 | Loss: 0.570765
Epoch 8 Batch 8 | Loss: 0.551926
Epoch 8 Batch 9 | Loss: 0.519655
Epoch 8 Batch 10 | Loss: 0.574595
Epoch 8 Batch 11 | Loss: 0.563858
Epoch 8 Batch 12 | Loss: 0.567661
Epoch 8 Batch 13 | Loss: 0.519068
  [STABILITY] Test accuracy improved: 88.95% -> 89.53% (via EMA). Saving best params.
--- Epoch 8/30 | Loss: 0.5555 | Train Acc: 85.0% | Test Acc: 89.5% | CM: [TP:78, TN:76, FP:10, FN:8] | Progress: 26.7% | ETA: 33.3s ---
Epoch 9 Batch 1 | Loss: 0.567187 | Stats: min: -0.338, max: 0.327, mean: 0.015
Epoch 9 Batch 2 | Loss: 0.538594
Epoch 9 Batch 3 | Loss: 0.546781
Epoch 9 Batch 4 | Loss: 0.551908
Epoch 9 Batch 5 | Loss: 0.554499
Epoch 9 Batch 6 | Loss: 0.579029
Epoch 9 Batch 7 | Loss: 0.537474
Epoch 9 Batch 8 | Loss: 0.519643
Epoch 9 Batch 9 | Loss: 0.574659
Epoch 9 Batch 10 | Loss: 0.566728
Epoch 9 Batch 11 | Loss: 0.533890
Epoch 9 Batch 12 | Loss: 0.569535
Epoch 9 Batch 13 | Loss: 0.572897
  [STABILITY] Test accuracy improved: 89.53% -> 90.12% (via EMA). Saving best params.
--- Epoch 9/30 | Loss: 0.5548 | Train Acc: 85.0% | Test Acc: 90.1% | CM: [TP:80, TN:75, FP:11, FN:6] | Progress: 30.0% | ETA: 28.7s ---
Epoch 10 Batch 1 | Loss: 0.528648 | Stats: min: -0.327, max: 0.276, mean: -0.139
Epoch 10 Batch 2 | Loss: 0.534237
Epoch 10 Batch 3 | Loss: 0.551275
Epoch 10 Batch 4 | Loss: 0.580383
Epoch 10 Batch 5 | Loss: 0.554624
Epoch 10 Batch 6 | Loss: 0.540517
Epoch 10 Batch 7 | Loss: 0.594457
Epoch 10 Batch 8 | Loss: 0.556554
Epoch 10 Batch 9 | Loss: 0.523546
Epoch 10 Batch 10 | Loss: 0.540526
Epoch 10 Batch 11 | Loss: 0.542705
Epoch 10 Batch 12 | Loss: 0.571821
Epoch 10 Batch 13 | Loss: 0.577041
--- Epoch 10/30 | Loss: 0.5536 | Train Acc: 85.0% | Test Acc: 90.1% | CM: [TP:81, TN:74, FP:12, FN:5] | Progress: 33.3% | ETA: 25.2s ---
Epoch 11 Batch 1 | Loss: 0.544235 | Stats: min: -0.128, max: 0.276, mean: 0.074
Epoch 11 Batch 2 | Loss: 0.542283
Epoch 11 Batch 3 | Loss: 0.561020
Epoch 11 Batch 4 | Loss: 0.546232
Epoch 11 Batch 5 | Loss: 0.567444
Epoch 11 Batch 6 | Loss: 0.570770
Epoch 11 Batch 7 | Loss: 0.540945
Epoch 11 Batch 8 | Loss: 0.563824
Epoch 11 Batch 9 | Loss: 0.552930
Epoch 11 Batch 10 | Loss: 0.531213
Epoch 11 Batch 11 | Loss: 0.568853
Epoch 11 Batch 12 | Loss: 0.516897
Epoch 11 Batch 13 | Loss: 0.577041
  [STABILITY] Test accuracy improved: 90.12% -> 90.70% (via EMA). Saving best params.
--- Epoch 11/30 | Loss: 0.5526 | Train Acc: 85.5% | Test Acc: 90.7% | CM: [TP:82, TN:74, FP:12, FN:4] | Progress: 36.7% | ETA: 18.9s ---
Epoch 12 Batch 1 | Loss: 0.577963 | Stats: min: -0.314, max: 0.233, mean: -0.084
Epoch 12 Batch 2 | Loss: 0.555212
Epoch 12 Batch 3 | Loss: 0.536032
Epoch 12 Batch 4 | Loss: 0.530309
Epoch 12 Batch 5 | Loss: 0.563995
Epoch 12 Batch 6 | Loss: 0.553592
Epoch 12 Batch 7 | Loss: 0.540942
Epoch 12 Batch 8 | Loss: 0.540832
Epoch 12 Batch 9 | Loss: 0.558618
Epoch 12 Batch 10 | Loss: 0.567325
Epoch 12 Batch 11 | Loss: 0.514626
Epoch 12 Batch 12 | Loss: 0.571878
Epoch 12 Batch 13 | Loss: 0.541675
--- Epoch 12/30 | Loss: 0.5502 | Train Acc: 85.5% | Test Acc: 90.7% | CM: [TP:83, TN:73, FP:13, FN:3] | Progress: 40.0% | ETA: 9.7s ---
Epoch 13 Batch 1 | Loss: 0.523673 | Stats: min: -0.411, max: 0.212, mean: -0.029
Epoch 13 Batch 2 | Loss: 0.549068
Epoch 13 Batch 3 | Loss: 0.521815
Epoch 13 Batch 4 | Loss: 0.554847
Epoch 13 Batch 5 | Loss: 0.560786
Epoch 13 Batch 6 | Loss: 0.561102
Epoch 13 Batch 7 | Loss: 0.564131
Epoch 13 Batch 8 | Loss: 0.567124
Epoch 13 Batch 9 | Loss: 0.547034
Epoch 13 Batch 10 | Loss: 0.546228
Epoch 13 Batch 11 | Loss: 0.559981
Epoch 13 Batch 12 | Loss: 0.570986
Epoch 13 Batch 13 | Loss: 0.496111
  [STABILITY] Test accuracy improved: 90.70% -> 91.86% (via EMA). Saving best params.
--- Epoch 13/30 | Loss: 0.5479 | Train Acc: 85.0% | Test Acc: 91.9% | CM: [TP:83, TN:75, FP:11, FN:3] | Progress: 43.3% | ETA: 9.4s ---
Epoch 14 Batch 1 | Loss: 0.542739 | Stats: min: -0.261, max: 0.383, mean: 0.048
Epoch 14 Batch 2 | Loss: 0.533112
Epoch 14 Batch 3 | Loss: 0.562284
Epoch 14 Batch 4 | Loss: 0.531740
Epoch 14 Batch 5 | Loss: 0.543813
Epoch 14 Batch 6 | Loss: 0.556229
Epoch 14 Batch 7 | Loss: 0.545975
Epoch 14 Batch 8 | Loss: 0.525237
Epoch 14 Batch 9 | Loss: 0.544590
Epoch 14 Batch 10 | Loss: 0.576499
Epoch 14 Batch 11 | Loss: 0.588494
Epoch 14 Batch 12 | Loss: 0.542765
Epoch 14 Batch 13 | Loss: 0.555244
--- Epoch 14/30 | Loss: 0.5499 | Train Acc: 85.5% | Test Acc: 90.7% | CM: [TP:82, TN:74, FP:12, FN:4] | Progress: 46.7% | ETA: 10.1s ---
Epoch 15 Batch 1 | Loss: 0.536548 | Stats: min: -0.241, max: 0.378, mean: 0.123
Epoch 15 Batch 2 | Loss: 0.580624
Epoch 15 Batch 3 | Loss: 0.539340
Epoch 15 Batch 4 | Loss: 0.560515
Epoch 15 Batch 5 | Loss: 0.552923
Epoch 15 Batch 6 | Loss: 0.558547
Epoch 15 Batch 7 | Loss: 0.540305
Epoch 15 Batch 8 | Loss: 0.552510
Epoch 15 Batch 9 | Loss: 0.539144
Epoch 15 Batch 10 | Loss: 0.530032
Epoch 15 Batch 11 | Loss: 0.562417
Epoch 15 Batch 12 | Loss: 0.548978
Epoch 15 Batch 13 | Loss: 0.522865
--- Epoch 15/30 | Loss: 0.5481 | Train Acc: 85.5% | Test Acc: 90.7% | CM: [TP:82, TN:74, FP:12, FN:4] | Progress: 50.0% | ETA: 9.6s ---
Epoch 16 Batch 1 | Loss: 0.578420 | Stats: min: -0.226, max: 0.252, mean: -0.033
Epoch 16 Batch 2 | Loss: 0.539507
Epoch 16 Batch 3 | Loss: 0.548834
Epoch 16 Batch 4 | Loss: 0.539011
Epoch 16 Batch 5 | Loss: 0.553181
Epoch 16 Batch 6 | Loss: 0.505841
Epoch 16 Batch 7 | Loss: 0.519813
Epoch 16 Batch 8 | Loss: 0.512827
Epoch 16 Batch 9 | Loss: 0.603994
Epoch 16 Batch 10 | Loss: 0.543011
Epoch 16 Batch 11 | Loss: 0.561059
Epoch 16 Batch 12 | Loss: 0.561286
Epoch 16 Batch 13 | Loss: 0.522969
  [STABILITY] Plateau detected. Reducing Learning Rate to 0.010000
--- Epoch 16/30 | Loss: 0.5454 | Train Acc: 85.5% | Test Acc: 89.5% | CM: [TP:81, TN:73, FP:13, FN:5] | Progress: 53.3% | ETA: 6.4s ---
Epoch 17 Batch 1 | Loss: 0.536752 | Stats: min: -0.317, max: 0.290, mean: 0.048
Epoch 17 Batch 2 | Loss: 0.548650
Epoch 17 Batch 3 | Loss: 0.538856
Epoch 17 Batch 4 | Loss: 0.516283
Epoch 17 Batch 5 | Loss: 0.553070
Epoch 17 Batch 6 | Loss: 0.557678
Epoch 17 Batch 7 | Loss: 0.547346
Epoch 17 Batch 8 | Loss: 0.552161
Epoch 17 Batch 9 | Loss: 0.566018
Epoch 17 Batch 10 | Loss: 0.528207
Epoch 17 Batch 11 | Loss: 0.541966
Epoch 17 Batch 12 | Loss: 0.547088
Epoch 17 Batch 13 | Loss: 0.559934
--- Epoch 17/30 | Loss: 0.5457 | Train Acc: 85.0% | Test Acc: 89.5% | CM: [TP:80, TN:74, FP:12, FN:6] | Progress: 56.7% | ETA: 4.9s ---
Epoch 18 Batch 1 | Loss: 0.525205 | Stats: min: -0.118, max: 0.204, mean: 0.119
Epoch 18 Batch 2 | Loss: 0.556901
Epoch 18 Batch 3 | Loss: 0.541055
Epoch 18 Batch 4 | Loss: 0.556859
Epoch 18 Batch 5 | Loss: 0.534337
Epoch 18 Batch 6 | Loss: 0.542089
Epoch 18 Batch 7 | Loss: 0.560457
Epoch 18 Batch 8 | Loss: 0.578404
Epoch 18 Batch 9 | Loss: 0.545974
Epoch 18 Batch 10 | Loss: 0.526805
Epoch 18 Batch 11 | Loss: 0.527697
Epoch 18 Batch 12 | Loss: 0.557719
Epoch 18 Batch 13 | Loss: 0.519947
--- Epoch 18/30 | Loss: 0.5441 | Train Acc: 85.5% | Test Acc: 89.5% | CM: [TP:80, TN:74, FP:12, FN:6] | Progress: 60.0% | ETA: 4.1s ---
Epoch 19 Batch 1 | Loss: 0.555428 | Stats: min: -0.284, max: 0.305, mean: 0.021
Epoch 19 Batch 2 | Loss: 0.557879
Epoch 19 Batch 3 | Loss: 0.540478
Epoch 19 Batch 4 | Loss: 0.518902
Epoch 19 Batch 5 | Loss: 0.560948
Epoch 19 Batch 6 | Loss: 0.561430
Epoch 19 Batch 7 | Loss: 0.511989
Epoch 19 Batch 8 | Loss: 0.522677
Epoch 19 Batch 9 | Loss: 0.508759
Epoch 19 Batch 10 | Loss: 0.558570
Epoch 19 Batch 11 | Loss: 0.544377
Epoch 19 Batch 12 | Loss: 0.576809
Epoch 19 Batch 13 | Loss: 0.594823
  [STABILITY] Plateau detected. Reducing Learning Rate to 0.005000
--- Epoch 19/30 | Loss: 0.5472 | Train Acc: 85.0% | Test Acc: 89.5% | CM: [TP:80, TN:74, FP:12, FN:6] | Progress: 63.3% | ETA: 3.8s ---
Epoch 20 Batch 1 | Loss: 0.509007 | Stats: min: -0.391, max: 0.254, mean: 0.017
Epoch 20 Batch 2 | Loss: 0.562468
Epoch 20 Batch 3 | Loss: 0.538253
Epoch 20 Batch 4 | Loss: 0.524673
Epoch 20 Batch 5 | Loss: 0.542404
Epoch 20 Batch 6 | Loss: 0.552776
Epoch 20 Batch 7 | Loss: 0.551793
Epoch 20 Batch 8 | Loss: 0.543212
Epoch 20 Batch 9 | Loss: 0.575325
Epoch 20 Batch 10 | Loss: 0.543465
Epoch 20 Batch 11 | Loss: 0.541042
Epoch 20 Batch 12 | Loss: 0.561735
Epoch 20 Batch 13 | Loss: 0.515781
--- Epoch 20/30 | Loss: 0.5432 | Train Acc: 85.0% | Test Acc: 89.5% | CM: [TP:80, TN:74, FP:12, FN:6] | Progress: 66.7% | ETA: 3.4s ---
Epoch 21 Batch 1 | Loss: 0.532685 | Stats: min: -0.128, max: 0.293, mean: 0.116
Epoch 21 Batch 2 | Loss: 0.555110
Epoch 21 Batch 3 | Loss: 0.511971
Epoch 21 Batch 4 | Loss: 0.524587
Epoch 21 Batch 5 | Loss: 0.545947
Epoch 21 Batch 6 | Loss: 0.575291
Epoch 21 Batch 7 | Loss: 0.572162
Epoch 21 Batch 8 | Loss: 0.523602
Epoch 21 Batch 9 | Loss: 0.565464
Epoch 21 Batch 10 | Loss: 0.520573
Epoch 21 Batch 11 | Loss: 0.538677
Epoch 21 Batch 12 | Loss: 0.556726
Epoch 21 Batch 13 | Loss: 0.551400
--- Epoch 21/30 | Loss: 0.5442 | Train Acc: 85.5% | Test Acc: 89.5% | CM: [TP:80, TN:74, FP:12, FN:6] | Progress: 70.0% | ETA: 3.3s ---
Epoch 22 Batch 1 | Loss: 0.562158 | Stats: min: -0.165, max: 0.240, mean: 0.093
Epoch 22 Batch 2 | Loss: 0.558293
Epoch 22 Batch 3 | Loss: 0.495495
Epoch 22 Batch 4 | Loss: 0.572125
Epoch 22 Batch 5 | Loss: 0.561950
Epoch 22 Batch 6 | Loss: 0.541318
Epoch 22 Batch 7 | Loss: 0.530425
Epoch 22 Batch 8 | Loss: 0.521823
Epoch 22 Batch 9 | Loss: 0.544436
Epoch 22 Batch 10 | Loss: 0.570417
Epoch 22 Batch 11 | Loss: 0.556507
Epoch 22 Batch 12 | Loss: 0.513291
Epoch 22 Batch 13 | Loss: 0.547790
  [STABILITY] Plateau detected. Reducing Learning Rate to 0.002500
--- Epoch 22/30 | Loss: 0.5443 | Train Acc: 85.5% | Test Acc: 90.1% | CM: [TP:80, TN:75, FP:11, FN:6] | Progress: 73.3% | ETA: 3.1s ---
Epoch 23 Batch 1 | Loss: 0.510382 | Stats: min: -0.314, max: 0.214, mean: -0.010
Epoch 23 Batch 2 | Loss: 0.542625
Epoch 23 Batch 3 | Loss: 0.537619
Epoch 23 Batch 4 | Loss: 0.559873
Epoch 23 Batch 5 | Loss: 0.542597
Epoch 23 Batch 6 | Loss: 0.528882
Epoch 23 Batch 7 | Loss: 0.531780
Epoch 23 Batch 8 | Loss: 0.526420
Epoch 23 Batch 9 | Loss: 0.549808
Epoch 23 Batch 10 | Loss: 0.592421
Epoch 23 Batch 11 | Loss: 0.536587
Epoch 23 Batch 12 | Loss: 0.553076
Epoch 23 Batch 13 | Loss: 0.564050
--- Epoch 23/30 | Loss: 0.5443 | Train Acc: 86.0% | Test Acc: 90.1% | CM: [TP:81, TN:74, FP:12, FN:5] | Progress: 76.7% | ETA: 3.0s ---
Epoch 24 Batch 1 | Loss: 0.541462 | Stats: min: -0.060, max: 0.245, mean: 0.093
Epoch 24 Batch 2 | Loss: 0.528271
Epoch 24 Batch 3 | Loss: 0.540110
Epoch 24 Batch 4 | Loss: 0.563451
Epoch 24 Batch 5 | Loss: 0.534792
Epoch 24 Batch 6 | Loss: 0.543948
Epoch 24 Batch 7 | Loss: 0.537996
Epoch 24 Batch 8 | Loss: 0.541092
Epoch 24 Batch 9 | Loss: 0.537122
Epoch 24 Batch 10 | Loss: 0.573974
Epoch 24 Batch 11 | Loss: 0.508626
Epoch 24 Batch 12 | Loss: 0.591094
Epoch 24 Batch 13 | Loss: 0.494319
--- Epoch 24/30 | Loss: 0.5413 | Train Acc: 86.0% | Test Acc: 90.1% | CM: [TP:81, TN:74, FP:12, FN:5] | Progress: 80.0% | ETA: 2.3s ---
Epoch 25 Batch 1 | Loss: 0.523590 | Stats: min: -0.286, max: 0.245, mean: 0.011
Epoch 25 Batch 2 | Loss: 0.529869
Epoch 25 Batch 3 | Loss: 0.538505
Epoch 25 Batch 4 | Loss: 0.542364
Epoch 25 Batch 5 | Loss: 0.528317
Epoch 25 Batch 6 | Loss: 0.541318
Epoch 25 Batch 7 | Loss: 0.556873
Epoch 25 Batch 8 | Loss: 0.532870
Epoch 25 Batch 9 | Loss: 0.540067
Epoch 25 Batch 10 | Loss: 0.576787
Epoch 25 Batch 11 | Loss: 0.525078
Epoch 25 Batch 12 | Loss: 0.568000
Epoch 25 Batch 13 | Loss: 0.586297
  [STABILITY] Plateau detected. Reducing Learning Rate to 0.001250
--- Epoch 25/30 | Loss: 0.5454 | Train Acc: 87.0% | Test Acc: 90.1% | CM: [TP:81, TN:74, FP:12, FN:5] | Progress: 83.3% | ETA: 1.9s ---
Epoch 26 Batch 1 | Loss: 0.540305 | Stats: min: -0.199, max: 0.245, mean: 0.002
Epoch 26 Batch 2 | Loss: 0.518422
Epoch 26 Batch 3 | Loss: 0.553195
Epoch 26 Batch 4 | Loss: 0.581014
Epoch 26 Batch 5 | Loss: 0.553422
Epoch 26 Batch 6 | Loss: 0.554390
Epoch 26 Batch 7 | Loss: 0.560332
Epoch 26 Batch 8 | Loss: 0.503869
Epoch 26 Batch 9 | Loss: 0.530165
Epoch 26 Batch 10 | Loss: 0.571065
Epoch 26 Batch 11 | Loss: 0.531392
Epoch 26 Batch 12 | Loss: 0.531350
Epoch 26 Batch 13 | Loss: 0.521670
--- Epoch 26/30 | Loss: 0.5424 | Train Acc: 87.0% | Test Acc: 90.1% | CM: [TP:81, TN:74, FP:12, FN:5] | Progress: 86.7% | ETA: 1.4s ---
Epoch 27 Batch 1 | Loss: 0.538237 | Stats: min: -0.408, max: 0.202, mean: -0.105
Epoch 27 Batch 2 | Loss: 0.558296
Epoch 27 Batch 3 | Loss: 0.541194
Epoch 27 Batch 4 | Loss: 0.512308
Epoch 27 Batch 5 | Loss: 0.545167
Epoch 27 Batch 6 | Loss: 0.532941
Epoch 27 Batch 7 | Loss: 0.535599
Epoch 27 Batch 8 | Loss: 0.553061
Epoch 27 Batch 9 | Loss: 0.528110
Epoch 27 Batch 10 | Loss: 0.505444
Epoch 27 Batch 11 | Loss: 0.580866
Epoch 27 Batch 12 | Loss: 0.571543
Epoch 27 Batch 13 | Loss: 0.575534
--- Epoch 27/30 | Loss: 0.5445 | Train Acc: 87.0% | Test Acc: 89.5% | CM: [TP:81, TN:73, FP:13, FN:5] | Progress: 90.0% | ETA: 0.8s ---
Epoch 28 Batch 1 | Loss: 0.537850 | Stats: min: -0.282, max: 0.263, mean: 0.137
Epoch 28 Batch 2 | Loss: 0.543571
Epoch 28 Batch 3 | Loss: 0.573693
Epoch 28 Batch 4 | Loss: 0.539299
Epoch 28 Batch 5 | Loss: 0.529351
Epoch 28 Batch 6 | Loss: 0.529237
Epoch 28 Batch 7 | Loss: 0.530478
Epoch 28 Batch 8 | Loss: 0.565829
Epoch 28 Batch 9 | Loss: 0.575280
Epoch 28 Batch 10 | Loss: 0.542864
Epoch 28 Batch 11 | Loss: 0.540175
Epoch 28 Batch 12 | Loss: 0.513366
Epoch 28 Batch 13 | Loss: 0.537152
  [STABILITY] Plateau detected. Reducing Learning Rate to 0.000625
--- Epoch 28/30 | Loss: 0.5429 | Train Acc: 87.0% | Test Acc: 90.1% | CM: [TP:82, TN:73, FP:13, FN:4] | Progress: 93.3% | ETA: 0.4s ---
Epoch 29 Batch 1 | Loss: 0.530237 | Stats: min: -0.176, max: 0.269, mean: 0.040
Epoch 29 Batch 2 | Loss: 0.493436
Epoch 29 Batch 3 | Loss: 0.558649
Epoch 29 Batch 4 | Loss: 0.550858
Epoch 29 Batch 5 | Loss: 0.537953
Epoch 29 Batch 6 | Loss: 0.529766
Epoch 29 Batch 7 | Loss: 0.569633
Epoch 29 Batch 8 | Loss: 0.565171
Epoch 29 Batch 9 | Loss: 0.559062
Epoch 29 Batch 10 | Loss: 0.541243
Epoch 29 Batch 11 | Loss: 0.521982
Epoch 29 Batch 12 | Loss: 0.544000
Epoch 29 Batch 13 | Loss: 0.573450
--- Epoch 29/30 | Loss: 0.5443 | Train Acc: 87.0% | Test Acc: 90.1% | CM: [TP:82, TN:73, FP:13, FN:4] | Progress: 96.7% | ETA: 0.2s ---
Epoch 30 Batch 1 | Loss: 0.538350 | Stats: min: -0.293, max: 0.301, mean: 0.008
Epoch 30 Batch 2 | Loss: 0.575737
Epoch 30 Batch 3 | Loss: 0.510349
Epoch 30 Batch 4 | Loss: 0.575883
Epoch 30 Batch 5 | Loss: 0.520608
Epoch 30 Batch 6 | Loss: 0.552999
Epoch 30 Batch 7 | Loss: 0.542249
Epoch 30 Batch 8 | Loss: 0.550633
Epoch 30 Batch 9 | Loss: 0.529349
Epoch 30 Batch 10 | Loss: 0.537349
Epoch 30 Batch 11 | Loss: 0.537575
Epoch 30 Batch 12 | Loss: 0.548142
Epoch 30 Batch 13 | Loss: 0.536418
--- Epoch 30/30 | Loss: 0.5427 | Train Acc: 87.0% | Test Acc: 90.1% | CM: [TP:82, TN:73, FP:13, FN:4] | Progress: 100.0% | ETA: 0.0s ---

Final Best Test Accuracy: 91.86%


Best Quantum Test Accuracy: 0.919
