DEBUG: Qtrainer enters train_pure_quantum_cnn. Encoding: amplitude
  Class Weights: +1 (Target): 1.00 | -1 (Rest): 1.00
Starting Training
==================================================
Epoch 1 Batch 1 | Loss: 0.676083 | Stats: min: 0.024, max: 0.121, mean: 0.079
Epoch 1 Batch 2 | Loss: 0.654519
Epoch 1 Batch 3 | Loss: 0.631259
Epoch 1 Batch 4 | Loss: 0.632431
Epoch 1 Batch 5 | Loss: 0.656476
Epoch 1 Batch 6 | Loss: 0.622289
Epoch 1 Batch 7 | Loss: 0.624151
Epoch 1 Batch 8 | Loss: 0.579397
Epoch 1 Batch 9 | Loss: 0.587244
Epoch 1 Batch 10 | Loss: 0.636678
Epoch 1 Batch 11 | Loss: 0.626559
Epoch 1 Batch 12 | Loss: 0.624607
Epoch 1 Batch 13 | Loss: 0.653706
  [STABILITY] Test accuracy improved: 0.00% -> 60.47% (via EMA). Saving best params.
--- Epoch 1/30 | Loss: 0.6312 | Train Acc: 62.0% | Test Acc: 60.5% | CM: [TP:84, TN:20, FP:66, FN:2] | Progress: 3.3% | ETA: 330.6s ---
Epoch 2 Batch 1 | Loss: 0.575244 | Stats: min: -0.150, max: 0.212, mean: 0.055
Epoch 2 Batch 2 | Loss: 0.594016
Epoch 2 Batch 3 | Loss: 0.606000
Epoch 2 Batch 4 | Loss: 0.617155
Epoch 2 Batch 5 | Loss: 0.606318
Epoch 2 Batch 6 | Loss: 0.561498
Epoch 2 Batch 7 | Loss: 0.618977
Epoch 2 Batch 8 | Loss: 0.584748
Epoch 2 Batch 9 | Loss: 0.582110
Epoch 2 Batch 10 | Loss: 0.599262
Epoch 2 Batch 11 | Loss: 0.540101
Epoch 2 Batch 12 | Loss: 0.606853
Epoch 2 Batch 13 | Loss: 0.568420
  [STABILITY] Test accuracy improved: 60.47% -> 67.44% (via EMA). Saving best params.
--- Epoch 2/30 | Loss: 0.5893 | Train Acc: 69.0% | Test Acc: 67.4% | CM: [TP:84, TN:32, FP:54, FN:2] | Progress: 6.7% | ETA: 146.6s ---
Epoch 3 Batch 1 | Loss: 0.558011 | Stats: min: -0.105, max: 0.327, mean: 0.142
Epoch 3 Batch 2 | Loss: 0.578882
Epoch 3 Batch 3 | Loss: 0.574442
Epoch 3 Batch 4 | Loss: 0.600319
Epoch 3 Batch 5 | Loss: 0.578803
Epoch 3 Batch 6 | Loss: 0.583591
Epoch 3 Batch 7 | Loss: 0.564756
Epoch 3 Batch 8 | Loss: 0.610025
Epoch 3 Batch 9 | Loss: 0.596701
Epoch 3 Batch 10 | Loss: 0.580468
Epoch 3 Batch 11 | Loss: 0.564827
Epoch 3 Batch 12 | Loss: 0.564110
Epoch 3 Batch 13 | Loss: 0.550454
  [STABILITY] Test accuracy improved: 67.44% -> 69.19% (via EMA). Saving best params.
--- Epoch 3/30 | Loss: 0.5773 | Train Acc: 72.5% | Test Acc: 69.2% | CM: [TP:83, TN:36, FP:50, FN:3] | Progress: 10.0% | ETA: 55.4s ---
Epoch 4 Batch 1 | Loss: 0.554720 | Stats: min: -0.245, max: 0.350, mean: 0.102
Epoch 4 Batch 2 | Loss: 0.591946
Epoch 4 Batch 3 | Loss: 0.587353
Epoch 4 Batch 4 | Loss: 0.580192
Epoch 4 Batch 5 | Loss: 0.532142
Epoch 4 Batch 6 | Loss: 0.582904
Epoch 4 Batch 7 | Loss: 0.545021
Epoch 4 Batch 8 | Loss: 0.589480
Epoch 4 Batch 9 | Loss: 0.621974
Epoch 4 Batch 10 | Loss: 0.554656
Epoch 4 Batch 11 | Loss: 0.568642
Epoch 4 Batch 12 | Loss: 0.567659
Epoch 4 Batch 13 | Loss: 0.540970
  [STABILITY] Test accuracy improved: 69.19% -> 69.77% (via EMA). Saving best params.
--- Epoch 4/30 | Loss: 0.5706 | Train Acc: 73.0% | Test Acc: 69.8% | CM: [TP:82, TN:38, FP:48, FN:4] | Progress: 13.3% | ETA: 39.4s ---
Epoch 5 Batch 1 | Loss: 0.556823 | Stats: min: -0.410, max: 0.387, mean: 0.129
Epoch 5 Batch 2 | Loss: 0.587252
Epoch 5 Batch 3 | Loss: 0.559837
Epoch 5 Batch 4 | Loss: 0.552374
Epoch 5 Batch 5 | Loss: 0.567445
Epoch 5 Batch 6 | Loss: 0.538491
Epoch 5 Batch 7 | Loss: 0.559631
Epoch 5 Batch 8 | Loss: 0.553538
Epoch 5 Batch 9 | Loss: 0.543004
Epoch 5 Batch 10 | Loss: 0.568543
Epoch 5 Batch 11 | Loss: 0.608797
Epoch 5 Batch 12 | Loss: 0.619440
Epoch 5 Batch 13 | Loss: 0.585120
  [STABILITY] Test accuracy improved: 69.77% -> 70.93% (via EMA). Saving best params.
--- Epoch 5/30 | Loss: 0.5693 | Train Acc: 75.5% | Test Acc: 70.9% | CM: [TP:82, TN:40, FP:46, FN:4] | Progress: 16.7% | ETA: 30.4s ---
Epoch 6 Batch 1 | Loss: 0.571334 | Stats: min: -0.263, max: 0.130, mean: -0.040
Epoch 6 Batch 2 | Loss: 0.543507
Epoch 6 Batch 3 | Loss: 0.560833
Epoch 6 Batch 4 | Loss: 0.534714
Epoch 6 Batch 5 | Loss: 0.567055
Epoch 6 Batch 6 | Loss: 0.566577
Epoch 6 Batch 7 | Loss: 0.560847
Epoch 6 Batch 8 | Loss: 0.597324
Epoch 6 Batch 9 | Loss: 0.580955
Epoch 6 Batch 10 | Loss: 0.554415
Epoch 6 Batch 11 | Loss: 0.536457
Epoch 6 Batch 12 | Loss: 0.586328
Epoch 6 Batch 13 | Loss: 0.593532
  [STABILITY] Test accuracy improved: 70.93% -> 74.42% (via EMA). Saving best params.
--- Epoch 6/30 | Loss: 0.5657 | Train Acc: 76.0% | Test Acc: 74.4% | CM: [TP:81, TN:47, FP:39, FN:5] | Progress: 20.0% | ETA: 24.1s ---
Epoch 7 Batch 1 | Loss: 0.556635 | Stats: min: -0.228, max: 0.130, mean: -0.066
Epoch 7 Batch 2 | Loss: 0.579367
Epoch 7 Batch 3 | Loss: 0.556889
Epoch 7 Batch 4 | Loss: 0.562156
Epoch 7 Batch 5 | Loss: 0.558606
Epoch 7 Batch 6 | Loss: 0.572865
Epoch 7 Batch 7 | Loss: 0.559533
Epoch 7 Batch 8 | Loss: 0.537747
Epoch 7 Batch 9 | Loss: 0.580835
Epoch 7 Batch 10 | Loss: 0.569693
Epoch 7 Batch 11 | Loss: 0.560568
Epoch 7 Batch 12 | Loss: 0.580418
Epoch 7 Batch 13 | Loss: 0.490708
  [STABILITY] Test accuracy improved: 74.42% -> 75.58% (via EMA). Saving best params.
--- Epoch 7/30 | Loss: 0.5589 | Train Acc: 77.5% | Test Acc: 75.6% | CM: [TP:81, TN:49, FP:37, FN:5] | Progress: 23.3% | ETA: 20.6s ---
Epoch 8 Batch 1 | Loss: 0.582516 | Stats: min: -0.359, max: 0.168, mean: -0.169
Epoch 8 Batch 2 | Loss: 0.548485
Epoch 8 Batch 3 | Loss: 0.572831
Epoch 8 Batch 4 | Loss: 0.546699
Epoch 8 Batch 5 | Loss: 0.543909
Epoch 8 Batch 6 | Loss: 0.550090
Epoch 8 Batch 7 | Loss: 0.519887
Epoch 8 Batch 8 | Loss: 0.563487
Epoch 8 Batch 9 | Loss: 0.516501
Epoch 8 Batch 10 | Loss: 0.575605
Epoch 8 Batch 11 | Loss: 0.603386
Epoch 8 Batch 12 | Loss: 0.553523
Epoch 8 Batch 13 | Loss: 0.624120
  [STABILITY] Test accuracy improved: 75.58% -> 77.91% (via EMA). Saving best params.
--- Epoch 8/30 | Loss: 0.5616 | Train Acc: 78.5% | Test Acc: 77.9% | CM: [TP:81, TN:53, FP:33, FN:5] | Progress: 26.7% | ETA: 18.4s ---
Epoch 9 Batch 1 | Loss: 0.565462 | Stats: min: -0.074, max: 0.142, mean: 0.050
Epoch 9 Batch 2 | Loss: 0.575267
Epoch 9 Batch 3 | Loss: 0.507203
Epoch 9 Batch 4 | Loss: 0.551950
Epoch 9 Batch 5 | Loss: 0.577361
Epoch 9 Batch 6 | Loss: 0.543677
Epoch 9 Batch 7 | Loss: 0.583355
Epoch 9 Batch 8 | Loss: 0.555620
Epoch 9 Batch 9 | Loss: 0.565788
Epoch 9 Batch 10 | Loss: 0.583794
Epoch 9 Batch 11 | Loss: 0.572050
Epoch 9 Batch 12 | Loss: 0.533404
Epoch 9 Batch 13 | Loss: 0.563254
  [STABILITY] Test accuracy improved: 77.91% -> 78.49% (via EMA). Saving best params.
--- Epoch 9/30 | Loss: 0.5599 | Train Acc: 79.0% | Test Acc: 78.5% | CM: [TP:81, TN:54, FP:32, FN:5] | Progress: 30.0% | ETA: 21.5s ---
Epoch 10 Batch 1 | Loss: 0.590414 | Stats: min: -0.244, max: 0.164, mean: -0.072
Epoch 10 Batch 2 | Loss: 0.542847
Epoch 10 Batch 3 | Loss: 0.578725
Epoch 10 Batch 4 | Loss: 0.560110
Epoch 10 Batch 5 | Loss: 0.558637
Epoch 10 Batch 6 | Loss: 0.556198
Epoch 10 Batch 7 | Loss: 0.546633
Epoch 10 Batch 8 | Loss: 0.565274
Epoch 10 Batch 9 | Loss: 0.510393
Epoch 10 Batch 10 | Loss: 0.562056
Epoch 10 Batch 11 | Loss: 0.558209
Epoch 10 Batch 12 | Loss: 0.527576
Epoch 10 Batch 13 | Loss: 0.567173
  [STABILITY] Test accuracy improved: 78.49% -> 79.07% (via EMA). Saving best params.
--- Epoch 10/30 | Loss: 0.5557 | Train Acc: 83.0% | Test Acc: 79.1% | CM: [TP:81, TN:55, FP:31, FN:5] | Progress: 33.3% | ETA: 18.0s ---
Epoch 11 Batch 1 | Loss: 0.545097 | Stats: min: -0.237, max: 0.275, mean: 0.041
Epoch 11 Batch 2 | Loss: 0.580099
Epoch 11 Batch 3 | Loss: 0.517827
Epoch 11 Batch 4 | Loss: 0.567672
Epoch 11 Batch 5 | Loss: 0.518129
Epoch 11 Batch 6 | Loss: 0.559976
Epoch 11 Batch 7 | Loss: 0.549659
Epoch 11 Batch 8 | Loss: 0.547640
Epoch 11 Batch 9 | Loss: 0.555189
Epoch 11 Batch 10 | Loss: 0.570768
Epoch 11 Batch 11 | Loss: 0.559977
Epoch 11 Batch 12 | Loss: 0.577409
Epoch 11 Batch 13 | Loss: 0.536066
  [STABILITY] Test accuracy improved: 79.07% -> 81.40% (via EMA). Saving best params.
--- Epoch 11/30 | Loss: 0.5527 | Train Acc: 84.5% | Test Acc: 81.4% | CM: [TP:81, TN:59, FP:27, FN:5] | Progress: 36.7% | ETA: 15.5s ---
Epoch 12 Batch 1 | Loss: 0.536719 | Stats: min: -0.286, max: 0.269, mean: 0.008
Epoch 12 Batch 2 | Loss: 0.575320
Epoch 12 Batch 3 | Loss: 0.571924
Epoch 12 Batch 4 | Loss: 0.545116
Epoch 12 Batch 5 | Loss: 0.541134
Epoch 12 Batch 6 | Loss: 0.532381
Epoch 12 Batch 7 | Loss: 0.558506
Epoch 12 Batch 8 | Loss: 0.560192
Epoch 12 Batch 9 | Loss: 0.544995
Epoch 12 Batch 10 | Loss: 0.533303
Epoch 12 Batch 11 | Loss: 0.608396
Epoch 12 Batch 12 | Loss: 0.528712
Epoch 12 Batch 13 | Loss: 0.539649
  [STABILITY] Test accuracy improved: 81.40% -> 82.56% (via EMA). Saving best params.
--- Epoch 12/30 | Loss: 0.5520 | Train Acc: 87.0% | Test Acc: 82.6% | CM: [TP:80, TN:62, FP:24, FN:6] | Progress: 40.0% | ETA: 13.7s ---
Epoch 13 Batch 1 | Loss: 0.547928 | Stats: min: -0.195, max: 0.334, mean: -0.010
Epoch 13 Batch 2 | Loss: 0.546305
Epoch 13 Batch 3 | Loss: 0.548278
Epoch 13 Batch 4 | Loss: 0.551693
Epoch 13 Batch 5 | Loss: 0.525123
Epoch 13 Batch 6 | Loss: 0.572440
Epoch 13 Batch 7 | Loss: 0.500329
Epoch 13 Batch 8 | Loss: 0.566711
Epoch 13 Batch 9 | Loss: 0.550543
Epoch 13 Batch 10 | Loss: 0.556052
Epoch 13 Batch 11 | Loss: 0.561930
Epoch 13 Batch 12 | Loss: 0.593719
Epoch 13 Batch 13 | Loss: 0.546385
  [STABILITY] Test accuracy improved: 82.56% -> 83.14% (via EMA). Saving best params.
--- Epoch 13/30 | Loss: 0.5513 | Train Acc: 87.0% | Test Acc: 83.1% | CM: [TP:80, TN:63, FP:23, FN:6] | Progress: 43.3% | ETA: 11.8s ---
Epoch 14 Batch 1 | Loss: 0.533880 | Stats: min: -0.220, max: 0.488, mean: 0.120
Epoch 14 Batch 2 | Loss: 0.534966
Epoch 14 Batch 3 | Loss: 0.563965
Epoch 14 Batch 4 | Loss: 0.556975
Epoch 14 Batch 5 | Loss: 0.558339
Epoch 14 Batch 6 | Loss: 0.515587
Epoch 14 Batch 7 | Loss: 0.566563
Epoch 14 Batch 8 | Loss: 0.567044
Epoch 14 Batch 9 | Loss: 0.535148
Epoch 14 Batch 10 | Loss: 0.570577
Epoch 14 Batch 11 | Loss: 0.545389
Epoch 14 Batch 12 | Loss: 0.538161
Epoch 14 Batch 13 | Loss: 0.552816
  [STABILITY] Test accuracy improved: 83.14% -> 83.72% (via EMA). Saving best params.
--- Epoch 14/30 | Loss: 0.5492 | Train Acc: 87.5% | Test Acc: 83.7% | CM: [TP:80, TN:64, FP:22, FN:6] | Progress: 46.7% | ETA: 10.6s ---
Epoch 15 Batch 1 | Loss: 0.520795 | Stats: min: 0.162, max: 0.300, mean: 0.242
Epoch 15 Batch 2 | Loss: 0.523899
Epoch 15 Batch 3 | Loss: 0.544585
Epoch 15 Batch 4 | Loss: 0.542003
Epoch 15 Batch 5 | Loss: 0.544390
Epoch 15 Batch 6 | Loss: 0.522706
Epoch 15 Batch 7 | Loss: 0.540851
Epoch 15 Batch 8 | Loss: 0.571832
Epoch 15 Batch 9 | Loss: 0.562862
Epoch 15 Batch 10 | Loss: 0.586678
Epoch 15 Batch 11 | Loss: 0.542856
Epoch 15 Batch 12 | Loss: 0.602770
Epoch 15 Batch 13 | Loss: 0.510527
  [STABILITY] Test accuracy improved: 83.72% -> 85.47% (via EMA). Saving best params.
--- Epoch 15/30 | Loss: 0.5474 | Train Acc: 87.5% | Test Acc: 85.5% | CM: [TP:81, TN:66, FP:20, FN:5] | Progress: 50.0% | ETA: 7.3s ---
Epoch 16 Batch 1 | Loss: 0.528493 | Stats: min: -0.332, max: 0.216, mean: -0.081
Epoch 16 Batch 2 | Loss: 0.532153
Epoch 16 Batch 3 | Loss: 0.565663
Epoch 16 Batch 4 | Loss: 0.602920
Epoch 16 Batch 5 | Loss: 0.558175
Epoch 16 Batch 6 | Loss: 0.507021
Epoch 16 Batch 7 | Loss: 0.510184
Epoch 16 Batch 8 | Loss: 0.577093
Epoch 16 Batch 9 | Loss: 0.508300
Epoch 16 Batch 10 | Loss: 0.575144
Epoch 16 Batch 11 | Loss: 0.543393
Epoch 16 Batch 12 | Loss: 0.571855
Epoch 16 Batch 13 | Loss: 0.528141
--- Epoch 16/30 | Loss: 0.5468 | Train Acc: 87.5% | Test Acc: 85.5% | CM: [TP:81, TN:66, FP:20, FN:5] | Progress: 53.3% | ETA: 5.6s ---
Epoch 17 Batch 1 | Loss: 0.575490 | Stats: min: -0.259, max: 0.358, mean: 0.035
Epoch 17 Batch 2 | Loss: 0.566448
Epoch 17 Batch 3 | Loss: 0.531772
Epoch 17 Batch 4 | Loss: 0.540316
Epoch 17 Batch 5 | Loss: 0.513595
Epoch 17 Batch 6 | Loss: 0.549943
Epoch 17 Batch 7 | Loss: 0.594507
Epoch 17 Batch 8 | Loss: 0.514967
Epoch 17 Batch 9 | Loss: 0.540098
Epoch 17 Batch 10 | Loss: 0.578294
Epoch 17 Batch 11 | Loss: 0.553732
Epoch 17 Batch 12 | Loss: 0.520781
Epoch 17 Batch 13 | Loss: 0.527269
  [STABILITY] Test accuracy improved: 85.47% -> 87.79% (via EMA). Saving best params.
--- Epoch 17/30 | Loss: 0.5467 | Train Acc: 88.0% | Test Acc: 87.8% | CM: [TP:81, TN:70, FP:16, FN:5] | Progress: 56.7% | ETA: 4.9s ---
Epoch 18 Batch 1 | Loss: 0.522245 | Stats: min: -0.237, max: 0.041, mean: -0.085
Epoch 18 Batch 2 | Loss: 0.581943
Epoch 18 Batch 3 | Loss: 0.554425
Epoch 18 Batch 4 | Loss: 0.561795
Epoch 18 Batch 5 | Loss: 0.571910
Epoch 18 Batch 6 | Loss: 0.529905
Epoch 18 Batch 7 | Loss: 0.504724
Epoch 18 Batch 8 | Loss: 0.520570
Epoch 18 Batch 9 | Loss: 0.563538
Epoch 18 Batch 10 | Loss: 0.519406
Epoch 18 Batch 11 | Loss: 0.558236
Epoch 18 Batch 12 | Loss: 0.560172
Epoch 18 Batch 13 | Loss: 0.565365
--- Epoch 18/30 | Loss: 0.5472 | Train Acc: 88.5% | Test Acc: 87.8% | CM: [TP:81, TN:70, FP:16, FN:5] | Progress: 60.0% | ETA: 5.7s ---
Epoch 19 Batch 1 | Loss: 0.509755 | Stats: min: -0.173, max: 0.224, mean: 0.045
Epoch 19 Batch 2 | Loss: 0.552011
Epoch 19 Batch 3 | Loss: 0.525938
Epoch 19 Batch 4 | Loss: 0.541772
Epoch 19 Batch 5 | Loss: 0.573238
Epoch 19 Batch 6 | Loss: 0.509024
Epoch 19 Batch 7 | Loss: 0.573425
Epoch 19 Batch 8 | Loss: 0.543662
Epoch 19 Batch 9 | Loss: 0.534420
Epoch 19 Batch 10 | Loss: 0.588296
Epoch 19 Batch 11 | Loss: 0.564532
Epoch 19 Batch 12 | Loss: 0.528811
Epoch 19 Batch 13 | Loss: 0.554675
--- Epoch 19/30 | Loss: 0.5461 | Train Acc: 89.0% | Test Acc: 87.2% | CM: [TP:81, TN:69, FP:17, FN:5] | Progress: 63.3% | ETA: 4.0s ---
Epoch 20 Batch 1 | Loss: 0.562106 | Stats: min: -0.324, max: 0.330, mean: -0.018
Epoch 20 Batch 2 | Loss: 0.544666
Epoch 20 Batch 3 | Loss: 0.558767
Epoch 20 Batch 4 | Loss: 0.533624
Epoch 20 Batch 5 | Loss: 0.562097
Epoch 20 Batch 6 | Loss: 0.541510
Epoch 20 Batch 7 | Loss: 0.516712
Epoch 20 Batch 8 | Loss: 0.589005
Epoch 20 Batch 9 | Loss: 0.529940
Epoch 20 Batch 10 | Loss: 0.531463
Epoch 20 Batch 11 | Loss: 0.543929
Epoch 20 Batch 12 | Loss: 0.533659
Epoch 20 Batch 13 | Loss: 0.517615
  [STABILITY] Plateau detected. Reducing Learning Rate to 0.010000
--- Epoch 20/30 | Loss: 0.5435 | Train Acc: 89.0% | Test Acc: 87.2% | CM: [TP:81, TN:69, FP:17, FN:5] | Progress: 66.7% | ETA: 3.7s ---
Epoch 21 Batch 1 | Loss: 0.547070 | Stats: min: -0.294, max: 0.129, mean: -0.077
Epoch 21 Batch 2 | Loss: 0.573998
Epoch 21 Batch 3 | Loss: 0.541205
Epoch 21 Batch 4 | Loss: 0.561732
Epoch 21 Batch 5 | Loss: 0.504670
Epoch 21 Batch 6 | Loss: 0.567500
Epoch 21 Batch 7 | Loss: 0.569637
Epoch 21 Batch 8 | Loss: 0.540906
Epoch 21 Batch 9 | Loss: 0.540405
Epoch 21 Batch 10 | Loss: 0.535382
Epoch 21 Batch 11 | Loss: 0.500030
Epoch 21 Batch 12 | Loss: 0.550521
Epoch 21 Batch 13 | Loss: 0.514037
--- Epoch 21/30 | Loss: 0.5421 | Train Acc: 88.5% | Test Acc: 87.8% | CM: [TP:81, TN:70, FP:16, FN:5] | Progress: 70.0% | ETA: 3.0s ---
Epoch 22 Batch 1 | Loss: 0.544822 | Stats: min: -0.256, max: 0.204, mean: -0.090
Epoch 22 Batch 2 | Loss: 0.539065
Epoch 22 Batch 3 | Loss: 0.567127
Epoch 22 Batch 4 | Loss: 0.563456
Epoch 22 Batch 5 | Loss: 0.535100
Epoch 22 Batch 6 | Loss: 0.545173
Epoch 22 Batch 7 | Loss: 0.565586
Epoch 22 Batch 8 | Loss: 0.543632
Epoch 22 Batch 9 | Loss: 0.511608
Epoch 22 Batch 10 | Loss: 0.520633
Epoch 22 Batch 11 | Loss: 0.488688
Epoch 22 Batch 12 | Loss: 0.580436
Epoch 22 Batch 13 | Loss: 0.561406
--- Epoch 22/30 | Loss: 0.5436 | Train Acc: 89.0% | Test Acc: 87.8% | CM: [TP:81, TN:70, FP:16, FN:5] | Progress: 73.3% | ETA: 2.2s ---
Epoch 23 Batch 1 | Loss: 0.531053 | Stats: min: -0.262, max: 0.252, mean: 0.079
Epoch 23 Batch 2 | Loss: 0.515319
Epoch 23 Batch 3 | Loss: 0.514899
Epoch 23 Batch 4 | Loss: 0.488779
Epoch 23 Batch 5 | Loss: 0.574226
Epoch 23 Batch 6 | Loss: 0.563376
Epoch 23 Batch 7 | Loss: 0.578187
Epoch 23 Batch 8 | Loss: 0.579275
Epoch 23 Batch 9 | Loss: 0.538568
Epoch 23 Batch 10 | Loss: 0.564304
Epoch 23 Batch 11 | Loss: 0.513510
Epoch 23 Batch 12 | Loss: 0.524785
Epoch 23 Batch 13 | Loss: 0.593974
  [STABILITY] Plateau detected. Reducing Learning Rate to 0.005000
--- Epoch 23/30 | Loss: 0.5446 | Train Acc: 88.5% | Test Acc: 87.8% | CM: [TP:81, TN:70, FP:16, FN:5] | Progress: 76.7% | ETA: 1.9s ---
Epoch 24 Batch 1 | Loss: 0.572966 | Stats: min: -0.223, max: 0.372, mean: 0.024
Epoch 24 Batch 2 | Loss: 0.529686
Epoch 24 Batch 3 | Loss: 0.530057
Epoch 24 Batch 4 | Loss: 0.507410
Epoch 24 Batch 5 | Loss: 0.556983
Epoch 24 Batch 6 | Loss: 0.529766
Epoch 24 Batch 7 | Loss: 0.532237
Epoch 24 Batch 8 | Loss: 0.548230
Epoch 24 Batch 9 | Loss: 0.556984
Epoch 24 Batch 10 | Loss: 0.555024
Epoch 24 Batch 11 | Loss: 0.536195
Epoch 24 Batch 12 | Loss: 0.542251
Epoch 24 Batch 13 | Loss: 0.557611
  [STABILITY] Test accuracy improved: 87.79% -> 88.95% (via EMA). Saving best params.
--- Epoch 24/30 | Loss: 0.5427 | Train Acc: 88.5% | Test Acc: 89.0% | CM: [TP:82, TN:71, FP:15, FN:4] | Progress: 80.0% | ETA: 2.1s ---
Epoch 25 Batch 1 | Loss: 0.576803 | Stats: min: -0.242, max: 0.098, mean: -0.132
Epoch 25 Batch 2 | Loss: 0.558984
Epoch 25 Batch 3 | Loss: 0.560624
Epoch 25 Batch 4 | Loss: 0.556089
Epoch 25 Batch 5 | Loss: 0.495011
Epoch 25 Batch 6 | Loss: 0.554635
Epoch 25 Batch 7 | Loss: 0.553473
Epoch 25 Batch 8 | Loss: 0.522749
Epoch 25 Batch 9 | Loss: 0.504372
Epoch 25 Batch 10 | Loss: 0.551699
Epoch 25 Batch 11 | Loss: 0.544822
Epoch 25 Batch 12 | Loss: 0.521630
Epoch 25 Batch 13 | Loss: 0.540911
--- Epoch 25/30 | Loss: 0.5417 | Train Acc: 88.5% | Test Acc: 89.0% | CM: [TP:82, TN:71, FP:15, FN:4] | Progress: 83.3% | ETA: 1.5s ---
Epoch 26 Batch 1 | Loss: 0.563060 | Stats: min: -0.204, max: 0.182, mean: -0.025
Epoch 26 Batch 2 | Loss: 0.515809
Epoch 26 Batch 3 | Loss: 0.508560
Epoch 26 Batch 4 | Loss: 0.529149
Epoch 26 Batch 5 | Loss: 0.531196
Epoch 26 Batch 6 | Loss: 0.593687
Epoch 26 Batch 7 | Loss: 0.544867
Epoch 26 Batch 8 | Loss: 0.521059
Epoch 26 Batch 9 | Loss: 0.549448
Epoch 26 Batch 10 | Loss: 0.507469
Epoch 26 Batch 11 | Loss: 0.577542
Epoch 26 Batch 12 | Loss: 0.539327
Epoch 26 Batch 13 | Loss: 0.582777
--- Epoch 26/30 | Loss: 0.5434 | Train Acc: 89.0% | Test Acc: 89.0% | CM: [TP:82, TN:71, FP:15, FN:4] | Progress: 86.7% | ETA: 1.2s ---
Epoch 27 Batch 1 | Loss: 0.555961 | Stats: min: -0.184, max: 0.389, mean: 0.087
Epoch 27 Batch 2 | Loss: 0.558177
Epoch 27 Batch 3 | Loss: 0.566715
Epoch 27 Batch 4 | Loss: 0.547301
Epoch 27 Batch 5 | Loss: 0.527197
Epoch 27 Batch 6 | Loss: 0.561446
Epoch 27 Batch 7 | Loss: 0.561947
Epoch 27 Batch 8 | Loss: 0.510804
Epoch 27 Batch 9 | Loss: 0.529575
Epoch 27 Batch 10 | Loss: 0.529317
Epoch 27 Batch 11 | Loss: 0.499848
Epoch 27 Batch 12 | Loss: 0.552846
Epoch 27 Batch 13 | Loss: 0.546903
  [STABILITY] Plateau detected. Reducing Learning Rate to 0.002500
--- Epoch 27/30 | Loss: 0.5422 | Train Acc: 89.5% | Test Acc: 89.0% | CM: [TP:82, TN:71, FP:15, FN:4] | Progress: 90.0% | ETA: 0.9s ---
Epoch 28 Batch 1 | Loss: 0.519777 | Stats: min: -0.314, max: -0.188, mean: -0.258
Epoch 28 Batch 2 | Loss: 0.562539
Epoch 28 Batch 3 | Loss: 0.528802
Epoch 28 Batch 4 | Loss: 0.531610
Epoch 28 Batch 5 | Loss: 0.583150
Epoch 28 Batch 6 | Loss: 0.528546
Epoch 28 Batch 7 | Loss: 0.574137
Epoch 28 Batch 8 | Loss: 0.530656
Epoch 28 Batch 9 | Loss: 0.509866
Epoch 28 Batch 10 | Loss: 0.511693
Epoch 28 Batch 11 | Loss: 0.557571
Epoch 28 Batch 12 | Loss: 0.544559
Epoch 28 Batch 13 | Loss: 0.557408
--- Epoch 28/30 | Loss: 0.5416 | Train Acc: 90.0% | Test Acc: 89.0% | CM: [TP:82, TN:71, FP:15, FN:4] | Progress: 93.3% | ETA: 0.5s ---
Epoch 29 Batch 1 | Loss: 0.554700 | Stats: min: -0.311, max: 0.402, mean: -0.035
Epoch 29 Batch 2 | Loss: 0.541797
Epoch 29 Batch 3 | Loss: 0.546173
Epoch 29 Batch 4 | Loss: 0.557392
Epoch 29 Batch 5 | Loss: 0.531664
Epoch 29 Batch 6 | Loss: 0.512355
Epoch 29 Batch 7 | Loss: 0.550211
Epoch 29 Batch 8 | Loss: 0.521881
Epoch 29 Batch 9 | Loss: 0.523666
Epoch 29 Batch 10 | Loss: 0.518960
Epoch 29 Batch 11 | Loss: 0.534086
Epoch 29 Batch 12 | Loss: 0.567992
Epoch 29 Batch 13 | Loss: 0.608287
--- Epoch 29/30 | Loss: 0.5438 | Train Acc: 90.0% | Test Acc: 89.0% | CM: [TP:82, TN:71, FP:15, FN:4] | Progress: 96.7% | ETA: 0.2s ---
Epoch 30 Batch 1 | Loss: 0.571244 | Stats: min: -0.289, max: 0.149, mean: -0.018
Epoch 30 Batch 2 | Loss: 0.505941
Epoch 30 Batch 3 | Loss: 0.533265
Epoch 30 Batch 4 | Loss: 0.515810
Epoch 30 Batch 5 | Loss: 0.552952
Epoch 30 Batch 6 | Loss: 0.545608
Epoch 30 Batch 7 | Loss: 0.577631
Epoch 30 Batch 8 | Loss: 0.513848
Epoch 30 Batch 9 | Loss: 0.510655
Epoch 30 Batch 10 | Loss: 0.549648
Epoch 30 Batch 11 | Loss: 0.521409
Epoch 30 Batch 12 | Loss: 0.569105
Epoch 30 Batch 13 | Loss: 0.597175
  [STABILITY] Test accuracy improved: 88.95% -> 89.53% (via EMA). Saving best params.
--- Epoch 30/30 | Loss: 0.5434 | Train Acc: 90.0% | Test Acc: 89.5% | CM: [TP:82, TN:72, FP:14, FN:4] | Progress: 100.0% | ETA: 0.0s ---

Final Best Test Accuracy: 89.53%


Best Quantum Test Accuracy: 0.895
