DEBUG: Qtrainer enters train_pure_quantum_cnn. Encoding: amplitude
  Class Weights: +1 (Target): 1.00 | -1 (Rest): 1.00
Starting Training
==================================================
Epoch 1 Batch 1 | Loss: 0.696598 | Stats: min: -0.007, max: 0.170, mean: 0.071
Epoch 1 Batch 2 | Loss: 0.697968
Epoch 1 Batch 3 | Loss: 0.663732
Epoch 1 Batch 4 | Loss: 0.692704
Epoch 1 Batch 5 | Loss: 0.716259
Epoch 1 Batch 6 | Loss: 0.658344
Epoch 1 Batch 7 | Loss: 0.660177
Epoch 1 Batch 8 | Loss: 0.680746
Epoch 1 Batch 9 | Loss: 0.660095
Epoch 1 Batch 10 | Loss: 0.673786
Epoch 1 Batch 11 | Loss: 0.669702
Epoch 1 Batch 12 | Loss: 0.672615
Epoch 1 Batch 13 | Loss: 0.657424
  [STABILITY] Test accuracy improved: 0.00% -> 60.47% (via EMA). Saving best params.
--- Epoch 1/30 | Loss: 0.6769 | Train Acc: 62.0% | Test Acc: 60.5% | CM: [TP:58, TN:46, FP:40, FN:28] | Progress: 3.3% | ETA: 176.9s ---
Epoch 2 Batch 1 | Loss: 0.638695 | Stats: min: -0.194, max: -0.041, mean: -0.100
Epoch 2 Batch 2 | Loss: 0.621233
Epoch 2 Batch 3 | Loss: 0.617370
Epoch 2 Batch 4 | Loss: 0.633963
Epoch 2 Batch 5 | Loss: 0.641542
Epoch 2 Batch 6 | Loss: 0.652159
Epoch 2 Batch 7 | Loss: 0.632730
Epoch 2 Batch 8 | Loss: 0.623260
Epoch 2 Batch 9 | Loss: 0.601167
Epoch 2 Batch 10 | Loss: 0.657843
Epoch 2 Batch 11 | Loss: 0.624371
Epoch 2 Batch 12 | Loss: 0.581411
Epoch 2 Batch 13 | Loss: 0.614627
--- Epoch 2/30 | Loss: 0.6262 | Train Acc: 62.0% | Test Acc: 60.5% | CM: [TP:53, TN:51, FP:35, FN:33] | Progress: 6.7% | ETA: 87.1s ---
Epoch 3 Batch 1 | Loss: 0.584467 | Stats: min: -0.228, max: 0.145, mean: -0.087
Epoch 3 Batch 2 | Loss: 0.629508
Epoch 3 Batch 3 | Loss: 0.585891
Epoch 3 Batch 4 | Loss: 0.611386
Epoch 3 Batch 5 | Loss: 0.614799
Epoch 3 Batch 6 | Loss: 0.584700
Epoch 3 Batch 7 | Loss: 0.568875
Epoch 3 Batch 8 | Loss: 0.609060
Epoch 3 Batch 9 | Loss: 0.597148
Epoch 3 Batch 10 | Loss: 0.594225
Epoch 3 Batch 11 | Loss: 0.560079
Epoch 3 Batch 12 | Loss: 0.634363
Epoch 3 Batch 13 | Loss: 0.586372
  [STABILITY] Test accuracy improved: 60.47% -> 65.12% (via EMA). Saving best params.
--- Epoch 3/30 | Loss: 0.5970 | Train Acc: 66.5% | Test Acc: 65.1% | CM: [TP:51, TN:61, FP:25, FN:35] | Progress: 10.0% | ETA: 52.6s ---
Epoch 4 Batch 1 | Loss: 0.579809 | Stats: min: -0.294, max: 0.028, mean: -0.140
Epoch 4 Batch 2 | Loss: 0.595284
Epoch 4 Batch 3 | Loss: 0.614406
Epoch 4 Batch 4 | Loss: 0.557070
Epoch 4 Batch 5 | Loss: 0.575366
Epoch 4 Batch 6 | Loss: 0.591226
Epoch 4 Batch 7 | Loss: 0.562979
Epoch 4 Batch 8 | Loss: 0.580452
Epoch 4 Batch 9 | Loss: 0.558112
Epoch 4 Batch 10 | Loss: 0.586644
Epoch 4 Batch 11 | Loss: 0.597793
Epoch 4 Batch 12 | Loss: 0.548242
Epoch 4 Batch 13 | Loss: 0.552978
  [STABILITY] Test accuracy improved: 65.12% -> 69.77% (via EMA). Saving best params.
--- Epoch 4/30 | Loss: 0.5770 | Train Acc: 69.5% | Test Acc: 69.8% | CM: [TP:55, TN:65, FP:21, FN:31] | Progress: 13.3% | ETA: 36.7s ---
Epoch 5 Batch 1 | Loss: 0.513986 | Stats: min: -0.292, max: 0.074, mean: -0.148
Epoch 5 Batch 2 | Loss: 0.573346
Epoch 5 Batch 3 | Loss: 0.544663
Epoch 5 Batch 4 | Loss: 0.602332
Epoch 5 Batch 5 | Loss: 0.559214
Epoch 5 Batch 6 | Loss: 0.561405
Epoch 5 Batch 7 | Loss: 0.568226
Epoch 5 Batch 8 | Loss: 0.577677
Epoch 5 Batch 9 | Loss: 0.579279
Epoch 5 Batch 10 | Loss: 0.563892
Epoch 5 Batch 11 | Loss: 0.520560
Epoch 5 Batch 12 | Loss: 0.593310
Epoch 5 Batch 13 | Loss: 0.573755
  [STABILITY] Test accuracy improved: 69.77% -> 74.42% (via EMA). Saving best params.
--- Epoch 5/30 | Loss: 0.5640 | Train Acc: 73.5% | Test Acc: 74.4% | CM: [TP:59, TN:69, FP:17, FN:27] | Progress: 16.7% | ETA: 24.3s ---
Epoch 6 Batch 1 | Loss: 0.522698 | Stats: min: -0.428, max: 0.205, mean: -0.097
Epoch 6 Batch 2 | Loss: 0.538941
Epoch 6 Batch 3 | Loss: 0.564225
Epoch 6 Batch 4 | Loss: 0.565244
Epoch 6 Batch 5 | Loss: 0.560466
Epoch 6 Batch 6 | Loss: 0.565488
Epoch 6 Batch 7 | Loss: 0.506839
Epoch 6 Batch 8 | Loss: 0.551644
Epoch 6 Batch 9 | Loss: 0.553738
Epoch 6 Batch 10 | Loss: 0.563498
Epoch 6 Batch 11 | Loss: 0.532583
Epoch 6 Batch 12 | Loss: 0.566571
Epoch 6 Batch 13 | Loss: 0.581976
  [STABILITY] Test accuracy improved: 74.42% -> 77.91% (via EMA). Saving best params.
--- Epoch 6/30 | Loss: 0.5518 | Train Acc: 79.5% | Test Acc: 77.9% | CM: [TP:61, TN:73, FP:13, FN:25] | Progress: 20.0% | ETA: 16.6s ---
Epoch 7 Batch 1 | Loss: 0.564035 | Stats: min: -0.388, max: 0.235, mean: -0.030
Epoch 7 Batch 2 | Loss: 0.548628
Epoch 7 Batch 3 | Loss: 0.514727
Epoch 7 Batch 4 | Loss: 0.532931
Epoch 7 Batch 5 | Loss: 0.550555
Epoch 7 Batch 6 | Loss: 0.533760
Epoch 7 Batch 7 | Loss: 0.547643
Epoch 7 Batch 8 | Loss: 0.528155
Epoch 7 Batch 9 | Loss: 0.522632
Epoch 7 Batch 10 | Loss: 0.541729
Epoch 7 Batch 11 | Loss: 0.537313
Epoch 7 Batch 12 | Loss: 0.570832
Epoch 7 Batch 13 | Loss: 0.537284
  [STABILITY] Test accuracy improved: 77.91% -> 79.65% (via EMA). Saving best params.
--- Epoch 7/30 | Loss: 0.5408 | Train Acc: 81.5% | Test Acc: 79.7% | CM: [TP:64, TN:73, FP:13, FN:22] | Progress: 23.3% | ETA: 21.6s ---
Epoch 8 Batch 1 | Loss: 0.520536 | Stats: min: -0.123, max: 0.254, mean: 0.017
Epoch 8 Batch 2 | Loss: 0.522139
Epoch 8 Batch 3 | Loss: 0.543982
Epoch 8 Batch 4 | Loss: 0.528704
Epoch 8 Batch 5 | Loss: 0.520556
Epoch 8 Batch 6 | Loss: 0.515062
Epoch 8 Batch 7 | Loss: 0.543476
Epoch 8 Batch 8 | Loss: 0.542020
Epoch 8 Batch 9 | Loss: 0.539252
Epoch 8 Batch 10 | Loss: 0.563310
Epoch 8 Batch 11 | Loss: 0.528374
Epoch 8 Batch 12 | Loss: 0.584892
Epoch 8 Batch 13 | Loss: 0.517756
  [STABILITY] Test accuracy improved: 79.65% -> 81.40% (via EMA). Saving best params.
--- Epoch 8/30 | Loss: 0.5362 | Train Acc: 85.5% | Test Acc: 81.4% | CM: [TP:67, TN:73, FP:13, FN:19] | Progress: 26.7% | ETA: 16.5s ---
Epoch 9 Batch 1 | Loss: 0.554108 | Stats: min: -0.377, max: 0.117, mean: -0.057
Epoch 9 Batch 2 | Loss: 0.488232
Epoch 9 Batch 3 | Loss: 0.572903
Epoch 9 Batch 4 | Loss: 0.560354
Epoch 9 Batch 5 | Loss: 0.538970
Epoch 9 Batch 6 | Loss: 0.508897
Epoch 9 Batch 7 | Loss: 0.547582
Epoch 9 Batch 8 | Loss: 0.488996
Epoch 9 Batch 9 | Loss: 0.530261
Epoch 9 Batch 10 | Loss: 0.550127
Epoch 9 Batch 11 | Loss: 0.513558
Epoch 9 Batch 12 | Loss: 0.552772
Epoch 9 Batch 13 | Loss: 0.509001
  [STABILITY] Test accuracy improved: 81.40% -> 81.98% (via EMA). Saving best params.
--- Epoch 9/30 | Loss: 0.5320 | Train Acc: 85.5% | Test Acc: 82.0% | CM: [TP:67, TN:74, FP:12, FN:19] | Progress: 30.0% | ETA: 10.0s ---
Epoch 10 Batch 1 | Loss: 0.507984 | Stats: min: -0.324, max: 0.377, mean: -0.112
Epoch 10 Batch 2 | Loss: 0.509043
Epoch 10 Batch 3 | Loss: 0.547025
Epoch 10 Batch 4 | Loss: 0.522296
Epoch 10 Batch 5 | Loss: 0.567419
Epoch 10 Batch 6 | Loss: 0.557176
Epoch 10 Batch 7 | Loss: 0.545471
Epoch 10 Batch 8 | Loss: 0.521441
Epoch 10 Batch 9 | Loss: 0.519762
Epoch 10 Batch 10 | Loss: 0.478141
Epoch 10 Batch 11 | Loss: 0.525786
Epoch 10 Batch 12 | Loss: 0.537563
Epoch 10 Batch 13 | Loss: 0.540372
--- Epoch 10/30 | Loss: 0.5292 | Train Acc: 85.5% | Test Acc: 80.2% | CM: [TP:65, TN:73, FP:13, FN:21] | Progress: 33.3% | ETA: 8.9s ---
Epoch 11 Batch 1 | Loss: 0.525345 | Stats: min: -0.210, max: 0.283, mean: -0.007
Epoch 11 Batch 2 | Loss: 0.558748
Epoch 11 Batch 3 | Loss: 0.510668
Epoch 11 Batch 4 | Loss: 0.572799
Epoch 11 Batch 5 | Loss: 0.481607
Epoch 11 Batch 6 | Loss: 0.586498
Epoch 11 Batch 7 | Loss: 0.501792
Epoch 11 Batch 8 | Loss: 0.488751
Epoch 11 Batch 9 | Loss: 0.509797
Epoch 11 Batch 10 | Loss: 0.519351
Epoch 11 Batch 11 | Loss: 0.518477
Epoch 11 Batch 12 | Loss: 0.510911
Epoch 11 Batch 13 | Loss: 0.583201
--- Epoch 11/30 | Loss: 0.5283 | Train Acc: 87.0% | Test Acc: 80.2% | CM: [TP:64, TN:74, FP:12, FN:22] | Progress: 36.7% | ETA: 7.5s ---
Epoch 12 Batch 1 | Loss: 0.558180 | Stats: min: -0.294, max: 0.296, mean: -0.035
Epoch 12 Batch 2 | Loss: 0.489096
Epoch 12 Batch 3 | Loss: 0.501088
Epoch 12 Batch 4 | Loss: 0.532112
Epoch 12 Batch 5 | Loss: 0.497601
Epoch 12 Batch 6 | Loss: 0.503458
Epoch 12 Batch 7 | Loss: 0.567524
Epoch 12 Batch 8 | Loss: 0.509875
Epoch 12 Batch 9 | Loss: 0.513024
Epoch 12 Batch 10 | Loss: 0.518449
Epoch 12 Batch 11 | Loss: 0.543576
Epoch 12 Batch 12 | Loss: 0.537734
Epoch 12 Batch 13 | Loss: 0.589012
  [STABILITY] Plateau detected. Reducing Learning Rate to 0.010000
--- Epoch 12/30 | Loss: 0.5277 | Train Acc: 86.0% | Test Acc: 80.2% | CM: [TP:64, TN:74, FP:12, FN:22] | Progress: 40.0% | ETA: 6.5s ---
Epoch 13 Batch 1 | Loss: 0.478853 | Stats: min: -0.436, max: 0.344, mean: -0.032
Epoch 13 Batch 2 | Loss: 0.560555
Epoch 13 Batch 3 | Loss: 0.514816
Epoch 13 Batch 4 | Loss: 0.549656
Epoch 13 Batch 5 | Loss: 0.533316
Epoch 13 Batch 6 | Loss: 0.501156
Epoch 13 Batch 7 | Loss: 0.521678
Epoch 13 Batch 8 | Loss: 0.521799
Epoch 13 Batch 9 | Loss: 0.518733
Epoch 13 Batch 10 | Loss: 0.530353
Epoch 13 Batch 11 | Loss: 0.471669
Epoch 13 Batch 12 | Loss: 0.567340
Epoch 13 Batch 13 | Loss: 0.459794
--- Epoch 13/30 | Loss: 0.5177 | Train Acc: 86.5% | Test Acc: 80.2% | CM: [TP:63, TN:75, FP:11, FN:23] | Progress: 43.3% | ETA: 6.1s ---
Epoch 14 Batch 1 | Loss: 0.493514 | Stats: min: -0.371, max: -0.168, mean: -0.273
Epoch 14 Batch 2 | Loss: 0.509779
Epoch 14 Batch 3 | Loss: 0.528461
Epoch 14 Batch 4 | Loss: 0.532323
Epoch 14 Batch 5 | Loss: 0.559621
Epoch 14 Batch 6 | Loss: 0.502520
Epoch 14 Batch 7 | Loss: 0.512427
Epoch 14 Batch 8 | Loss: 0.519289
Epoch 14 Batch 9 | Loss: 0.528774
Epoch 14 Batch 10 | Loss: 0.552110
Epoch 14 Batch 11 | Loss: 0.522636
Epoch 14 Batch 12 | Loss: 0.488063
Epoch 14 Batch 13 | Loss: 0.483351
--- Epoch 14/30 | Loss: 0.5179 | Train Acc: 87.5% | Test Acc: 81.4% | CM: [TP:64, TN:76, FP:10, FN:22] | Progress: 46.7% | ETA: 4.5s ---
Epoch 15 Batch 1 | Loss: 0.498115 | Stats: min: -0.503, max: 0.322, mean: -0.076
Epoch 15 Batch 2 | Loss: 0.573693
Epoch 15 Batch 3 | Loss: 0.496040
Epoch 15 Batch 4 | Loss: 0.509640
Epoch 15 Batch 5 | Loss: 0.481632
Epoch 15 Batch 6 | Loss: 0.539234
Epoch 15 Batch 7 | Loss: 0.526162
Epoch 15 Batch 8 | Loss: 0.502844
Epoch 15 Batch 9 | Loss: 0.498323
Epoch 15 Batch 10 | Loss: 0.515697
Epoch 15 Batch 11 | Loss: 0.537991
Epoch 15 Batch 12 | Loss: 0.561840
Epoch 15 Batch 13 | Loss: 0.464228
  [STABILITY] Plateau detected. Reducing Learning Rate to 0.005000
--- Epoch 15/30 | Loss: 0.5158 | Train Acc: 88.0% | Test Acc: 80.8% | CM: [TP:63, TN:76, FP:10, FN:23] | Progress: 50.0% | ETA: 4.3s ---
Epoch 16 Batch 1 | Loss: 0.479382 | Stats: min: -0.395, max: 0.144, mean: -0.114
Epoch 16 Batch 2 | Loss: 0.572277
Epoch 16 Batch 3 | Loss: 0.488538
Epoch 16 Batch 4 | Loss: 0.472968
Epoch 16 Batch 5 | Loss: 0.513120
Epoch 16 Batch 6 | Loss: 0.550629
Epoch 16 Batch 7 | Loss: 0.516296
Epoch 16 Batch 8 | Loss: 0.542559
Epoch 16 Batch 9 | Loss: 0.523630
Epoch 16 Batch 10 | Loss: 0.508741
Epoch 16 Batch 11 | Loss: 0.488449
Epoch 16 Batch 12 | Loss: 0.514955
Epoch 16 Batch 13 | Loss: 0.585333
--- Epoch 16/30 | Loss: 0.5198 | Train Acc: 88.5% | Test Acc: 80.8% | CM: [TP:63, TN:76, FP:10, FN:23] | Progress: 53.3% | ETA: 5.1s ---
Epoch 17 Batch 1 | Loss: 0.519709 | Stats: min: -0.258, max: 0.428, mean: -0.017
Epoch 17 Batch 2 | Loss: 0.502504
Epoch 17 Batch 3 | Loss: 0.500291
Epoch 17 Batch 4 | Loss: 0.517138
Epoch 17 Batch 5 | Loss: 0.495620
Epoch 17 Batch 6 | Loss: 0.528571
Epoch 17 Batch 7 | Loss: 0.511304
Epoch 17 Batch 8 | Loss: 0.535846
Epoch 17 Batch 9 | Loss: 0.518743
Epoch 17 Batch 10 | Loss: 0.526644
Epoch 17 Batch 11 | Loss: 0.490149
Epoch 17 Batch 12 | Loss: 0.518215
Epoch 17 Batch 13 | Loss: 0.588284
--- Epoch 17/30 | Loss: 0.5195 | Train Acc: 88.5% | Test Acc: 80.8% | CM: [TP:63, TN:76, FP:10, FN:23] | Progress: 56.7% | ETA: 4.0s ---
Epoch 18 Batch 1 | Loss: 0.474919 | Stats: min: -0.376, max: -0.019, mean: -0.224
Epoch 18 Batch 2 | Loss: 0.521348
Epoch 18 Batch 3 | Loss: 0.529721
Epoch 18 Batch 4 | Loss: 0.568894
Epoch 18 Batch 5 | Loss: 0.527149
Epoch 18 Batch 6 | Loss: 0.485129
Epoch 18 Batch 7 | Loss: 0.523960
Epoch 18 Batch 8 | Loss: 0.517121
Epoch 18 Batch 9 | Loss: 0.516790
Epoch 18 Batch 10 | Loss: 0.482324
Epoch 18 Batch 11 | Loss: 0.530298
Epoch 18 Batch 12 | Loss: 0.515439
Epoch 18 Batch 13 | Loss: 0.526724
  [STABILITY] Plateau detected. Reducing Learning Rate to 0.002500
--- Epoch 18/30 | Loss: 0.5169 | Train Acc: 88.5% | Test Acc: 79.7% | CM: [TP:62, TN:75, FP:11, FN:24] | Progress: 60.0% | ETA: 2.8s ---
Epoch 19 Batch 1 | Loss: 0.514029 | Stats: min: -0.295, max: 0.483, mean: 0.013
Epoch 19 Batch 2 | Loss: 0.504419
Epoch 19 Batch 3 | Loss: 0.551781
Epoch 19 Batch 4 | Loss: 0.520407
Epoch 19 Batch 5 | Loss: 0.507338
Epoch 19 Batch 6 | Loss: 0.540518
Epoch 19 Batch 7 | Loss: 0.522169
Epoch 19 Batch 8 | Loss: 0.490415
Epoch 19 Batch 9 | Loss: 0.541700
Epoch 19 Batch 10 | Loss: 0.495646
Epoch 19 Batch 11 | Loss: 0.472504
Epoch 19 Batch 12 | Loss: 0.527392
Epoch 19 Batch 13 | Loss: 0.512750
--- Epoch 19/30 | Loss: 0.5155 | Train Acc: 88.0% | Test Acc: 79.7% | CM: [TP:62, TN:75, FP:11, FN:24] | Progress: 63.3% | ETA: 2.4s ---
Epoch 20 Batch 1 | Loss: 0.512088 | Stats: min: -0.290, max: 0.504, mean: 0.074
Epoch 20 Batch 2 | Loss: 0.533218
Epoch 20 Batch 3 | Loss: 0.527605
Epoch 20 Batch 4 | Loss: 0.541803
Epoch 20 Batch 5 | Loss: 0.488902
Epoch 20 Batch 6 | Loss: 0.518550
Epoch 20 Batch 7 | Loss: 0.485939
Epoch 20 Batch 8 | Loss: 0.530079
Epoch 20 Batch 9 | Loss: 0.531174
Epoch 20 Batch 10 | Loss: 0.519270
Epoch 20 Batch 11 | Loss: 0.508904
Epoch 20 Batch 12 | Loss: 0.499923
Epoch 20 Batch 13 | Loss: 0.487630
--- Epoch 20/30 | Loss: 0.5142 | Train Acc: 88.5% | Test Acc: 82.0% | CM: [TP:65, TN:76, FP:10, FN:21] | Progress: 66.7% | ETA: 2.2s ---
Epoch 21 Batch 1 | Loss: 0.499493 | Stats: min: -0.250, max: 0.218, mean: -0.015
Epoch 21 Batch 2 | Loss: 0.527257
Epoch 21 Batch 3 | Loss: 0.516456
Epoch 21 Batch 4 | Loss: 0.490564
Epoch 21 Batch 5 | Loss: 0.500387
Epoch 21 Batch 6 | Loss: 0.508493
Epoch 21 Batch 7 | Loss: 0.517845
Epoch 21 Batch 8 | Loss: 0.547116
Epoch 21 Batch 9 | Loss: 0.550161
Epoch 21 Batch 10 | Loss: 0.501267
Epoch 21 Batch 11 | Loss: 0.510027
Epoch 21 Batch 12 | Loss: 0.524531
Epoch 21 Batch 13 | Loss: 0.491189
  [STABILITY] Test accuracy improved: 81.98% -> 83.14% (via EMA). Saving best params.
--- Epoch 21/30 | Loss: 0.5142 | Train Acc: 87.5% | Test Acc: 83.1% | CM: [TP:66, TN:77, FP:9, FN:20] | Progress: 70.0% | ETA: 2.1s ---
Epoch 22 Batch 1 | Loss: 0.540814 | Stats: min: -0.314, max: 0.218, mean: -0.088
Epoch 22 Batch 2 | Loss: 0.502162
Epoch 22 Batch 3 | Loss: 0.508780
Epoch 22 Batch 4 | Loss: 0.487242
Epoch 22 Batch 5 | Loss: 0.503656
Epoch 22 Batch 6 | Loss: 0.516595
Epoch 22 Batch 7 | Loss: 0.502959
Epoch 22 Batch 8 | Loss: 0.569119
Epoch 22 Batch 9 | Loss: 0.498991
Epoch 22 Batch 10 | Loss: 0.518500
Epoch 22 Batch 11 | Loss: 0.520756
Epoch 22 Batch 12 | Loss: 0.499562
Epoch 22 Batch 13 | Loss: 0.537592
--- Epoch 22/30 | Loss: 0.5159 | Train Acc: 87.5% | Test Acc: 83.1% | CM: [TP:66, TN:77, FP:9, FN:20] | Progress: 73.3% | ETA: 1.6s ---
Epoch 23 Batch 1 | Loss: 0.575380 | Stats: min: -0.378, max: 0.189, mean: -0.032
Epoch 23 Batch 2 | Loss: 0.542680
Epoch 23 Batch 3 | Loss: 0.504728
Epoch 23 Batch 4 | Loss: 0.527272
Epoch 23 Batch 5 | Loss: 0.498593
Epoch 23 Batch 6 | Loss: 0.514519
Epoch 23 Batch 7 | Loss: 0.489135
Epoch 23 Batch 8 | Loss: 0.473147
Epoch 23 Batch 9 | Loss: 0.518197
Epoch 23 Batch 10 | Loss: 0.523509
Epoch 23 Batch 11 | Loss: 0.510242
Epoch 23 Batch 12 | Loss: 0.501365
Epoch 23 Batch 13 | Loss: 0.515692
--- Epoch 23/30 | Loss: 0.5150 | Train Acc: 87.5% | Test Acc: 83.1% | CM: [TP:66, TN:77, FP:9, FN:20] | Progress: 76.7% | ETA: 1.6s ---
Epoch 24 Batch 1 | Loss: 0.543100 | Stats: min: -0.409, max: 0.388, mean: -0.035
Epoch 24 Batch 2 | Loss: 0.507397
Epoch 24 Batch 3 | Loss: 0.514050
Epoch 24 Batch 4 | Loss: 0.485130
Epoch 24 Batch 5 | Loss: 0.507331
Epoch 24 Batch 6 | Loss: 0.536011
Epoch 24 Batch 7 | Loss: 0.517673
Epoch 24 Batch 8 | Loss: 0.494902
Epoch 24 Batch 9 | Loss: 0.516524
Epoch 24 Batch 10 | Loss: 0.515456
Epoch 24 Batch 11 | Loss: 0.509471
Epoch 24 Batch 12 | Loss: 0.535446
Epoch 24 Batch 13 | Loss: 0.499315
  [STABILITY] Plateau detected. Reducing Learning Rate to 0.001250
--- Epoch 24/30 | Loss: 0.5140 | Train Acc: 87.5% | Test Acc: 83.1% | CM: [TP:66, TN:77, FP:9, FN:20] | Progress: 80.0% | ETA: 1.2s ---
Epoch 25 Batch 1 | Loss: 0.514817 | Stats: min: -0.295, max: 0.196, mean: -0.079
Epoch 25 Batch 2 | Loss: 0.501483
Epoch 25 Batch 3 | Loss: 0.486132
Epoch 25 Batch 4 | Loss: 0.524678
Epoch 25 Batch 5 | Loss: 0.529487
Epoch 25 Batch 6 | Loss: 0.528382
Epoch 25 Batch 7 | Loss: 0.511632
Epoch 25 Batch 8 | Loss: 0.520836
Epoch 25 Batch 9 | Loss: 0.508690
Epoch 25 Batch 10 | Loss: 0.512549
Epoch 25 Batch 11 | Loss: 0.478867
Epoch 25 Batch 12 | Loss: 0.513248
Epoch 25 Batch 13 | Loss: 0.605627
--- Epoch 25/30 | Loss: 0.5182 | Train Acc: 87.5% | Test Acc: 83.1% | CM: [TP:66, TN:77, FP:9, FN:20] | Progress: 83.3% | ETA: 0.9s ---
Epoch 26 Batch 1 | Loss: 0.537154 | Stats: min: -0.267, max: 0.182, mean: -0.115
Epoch 26 Batch 2 | Loss: 0.544951
Epoch 26 Batch 3 | Loss: 0.497982
Epoch 26 Batch 4 | Loss: 0.535948
Epoch 26 Batch 5 | Loss: 0.475804
Epoch 26 Batch 6 | Loss: 0.496752
Epoch 26 Batch 7 | Loss: 0.498101
Epoch 26 Batch 8 | Loss: 0.538276
Epoch 26 Batch 9 | Loss: 0.511552
Epoch 26 Batch 10 | Loss: 0.526879
Epoch 26 Batch 11 | Loss: 0.518517
Epoch 26 Batch 12 | Loss: 0.501758
Epoch 26 Batch 13 | Loss: 0.486281
--- Epoch 26/30 | Loss: 0.5131 | Train Acc: 88.5% | Test Acc: 83.1% | CM: [TP:66, TN:77, FP:9, FN:20] | Progress: 86.7% | ETA: 0.8s ---
Epoch 27 Batch 1 | Loss: 0.536450 | Stats: min: -0.498, max: 0.267, mean: -0.113
Epoch 27 Batch 2 | Loss: 0.514102
Epoch 27 Batch 3 | Loss: 0.539308
Epoch 27 Batch 4 | Loss: 0.501012
Epoch 27 Batch 5 | Loss: 0.544381
Epoch 27 Batch 6 | Loss: 0.482337
Epoch 27 Batch 7 | Loss: 0.521319
Epoch 27 Batch 8 | Loss: 0.560074
Epoch 27 Batch 9 | Loss: 0.479365
Epoch 27 Batch 10 | Loss: 0.494055
Epoch 27 Batch 11 | Loss: 0.483411
Epoch 27 Batch 12 | Loss: 0.506020
Epoch 27 Batch 13 | Loss: 0.532143
  [STABILITY] Test accuracy improved: 83.14% -> 84.88% (via EMA). Saving best params.
--- Epoch 27/30 | Loss: 0.5149 | Train Acc: 88.5% | Test Acc: 84.9% | CM: [TP:67, TN:79, FP:7, FN:19] | Progress: 90.0% | ETA: 0.7s ---
Epoch 28 Batch 1 | Loss: 0.475246 | Stats: min: -0.448, max: 0.486, mean: 0.046
Epoch 28 Batch 2 | Loss: 0.549962
Epoch 28 Batch 3 | Loss: 0.523943
Epoch 28 Batch 4 | Loss: 0.486141
Epoch 28 Batch 5 | Loss: 0.521104
Epoch 28 Batch 6 | Loss: 0.538009
Epoch 28 Batch 7 | Loss: 0.505808
Epoch 28 Batch 8 | Loss: 0.484623
Epoch 28 Batch 9 | Loss: 0.499832
Epoch 28 Batch 10 | Loss: 0.550674
Epoch 28 Batch 11 | Loss: 0.487896
Epoch 28 Batch 12 | Loss: 0.511221
Epoch 28 Batch 13 | Loss: 0.588223
--- Epoch 28/30 | Loss: 0.5171 | Train Acc: 88.5% | Test Acc: 84.9% | CM: [TP:67, TN:79, FP:7, FN:19] | Progress: 93.3% | ETA: 0.3s ---
Epoch 29 Batch 1 | Loss: 0.535241 | Stats: min: -0.309, max: -0.037, mean: -0.190
Epoch 29 Batch 2 | Loss: 0.514949
Epoch 29 Batch 3 | Loss: 0.483675
Epoch 29 Batch 4 | Loss: 0.522021
Epoch 29 Batch 5 | Loss: 0.502691
Epoch 29 Batch 6 | Loss: 0.514270
Epoch 29 Batch 7 | Loss: 0.524418
Epoch 29 Batch 8 | Loss: 0.504560
Epoch 29 Batch 9 | Loss: 0.539895
Epoch 29 Batch 10 | Loss: 0.527429
Epoch 29 Batch 11 | Loss: 0.504556
Epoch 29 Batch 12 | Loss: 0.479491
Epoch 29 Batch 13 | Loss: 0.545152
  [STABILITY] Test accuracy improved: 84.88% -> 85.47% (via EMA). Saving best params.
--- Epoch 29/30 | Loss: 0.5153 | Train Acc: 89.0% | Test Acc: 85.5% | CM: [TP:67, TN:80, FP:6, FN:19] | Progress: 96.7% | ETA: 0.2s ---
Epoch 30 Batch 1 | Loss: 0.530482 | Stats: min: -0.100, max: 0.325, mean: 0.090
Epoch 30 Batch 2 | Loss: 0.549490
Epoch 30 Batch 3 | Loss: 0.507553
Epoch 30 Batch 4 | Loss: 0.491740
Epoch 30 Batch 5 | Loss: 0.519145
Epoch 30 Batch 6 | Loss: 0.495495
Epoch 30 Batch 7 | Loss: 0.524313
Epoch 30 Batch 8 | Loss: 0.506791
Epoch 30 Batch 9 | Loss: 0.543430
Epoch 30 Batch 10 | Loss: 0.492721
Epoch 30 Batch 11 | Loss: 0.478894
Epoch 30 Batch 12 | Loss: 0.522476
Epoch 30 Batch 13 | Loss: 0.524892
--- Epoch 30/30 | Loss: 0.5144 | Train Acc: 88.5% | Test Acc: 84.9% | CM: [TP:66, TN:80, FP:6, FN:20] | Progress: 100.0% | ETA: 0.0s ---

Final Best Test Accuracy: 85.47%


Best Quantum Test Accuracy: 0.855
