DEBUG: Qtrainer enters train_pure_quantum_cnn. Encoding: amplitude
  Class Weights: +1 (Target): 1.00 | -1 (Rest): 1.00
Starting Training
==================================================
Epoch 1 Batch 1 | Loss: 0.713606 | Stats: min: -0.018, max: 0.021, mean: 0.004
Epoch 1 Batch 2 | Loss: 0.706466
Epoch 1 Batch 3 | Loss: 0.730034
Epoch 1 Batch 4 | Loss: 0.695652
Epoch 1 Batch 5 | Loss: 0.707920
Epoch 1 Batch 6 | Loss: 0.708287
Epoch 1 Batch 7 | Loss: 0.712281
Epoch 1 Batch 8 | Loss: 0.667909
Epoch 1 Batch 9 | Loss: 0.676531
Epoch 1 Batch 10 | Loss: 0.668451
Epoch 1 Batch 11 | Loss: 0.660390
Epoch 1 Batch 12 | Loss: 0.646040
Epoch 1 Batch 13 | Loss: 0.671024
  [STABILITY] Test accuracy improved: 0.00% -> 30.23% (via EMA). Saving best params.
--- Epoch 1/30 | Loss: 0.6896 | Train Acc: 40.0% | Test Acc: 30.2% | CM: [TP:36, TN:16, FP:70, FN:50] | Progress: 3.3% | ETA: 185.5s ---
Epoch 2 Batch 1 | Loss: 0.652342 | Stats: min: -0.079, max: 0.130, mean: 0.040
Epoch 2 Batch 2 | Loss: 0.637918
Epoch 2 Batch 3 | Loss: 0.663398
Epoch 2 Batch 4 | Loss: 0.643743
Epoch 2 Batch 5 | Loss: 0.611230
Epoch 2 Batch 6 | Loss: 0.625607
Epoch 2 Batch 7 | Loss: 0.623240
Epoch 2 Batch 8 | Loss: 0.606749
Epoch 2 Batch 9 | Loss: 0.615286
Epoch 2 Batch 10 | Loss: 0.615037
Epoch 2 Batch 11 | Loss: 0.615876
Epoch 2 Batch 12 | Loss: 0.598707
Epoch 2 Batch 13 | Loss: 0.600470
  [STABILITY] Test accuracy improved: 30.23% -> 40.70% (via EMA). Saving best params.
--- Epoch 2/30 | Loss: 0.6238 | Train Acc: 48.0% | Test Acc: 40.7% | CM: [TP:35, TN:35, FP:51, FN:51] | Progress: 6.7% | ETA: 69.1s ---
Epoch 3 Batch 1 | Loss: 0.612648 | Stats: min: -0.304, max: 0.042, mean: -0.158
Epoch 3 Batch 2 | Loss: 0.580036
Epoch 3 Batch 3 | Loss: 0.585093
Epoch 3 Batch 4 | Loss: 0.599730
Epoch 3 Batch 5 | Loss: 0.618174
Epoch 3 Batch 6 | Loss: 0.588795
Epoch 3 Batch 7 | Loss: 0.592255
Epoch 3 Batch 8 | Loss: 0.581900
Epoch 3 Batch 9 | Loss: 0.630584
Epoch 3 Batch 10 | Loss: 0.581377
Epoch 3 Batch 11 | Loss: 0.596046
Epoch 3 Batch 12 | Loss: 0.562951
Epoch 3 Batch 13 | Loss: 0.585623
  [STABILITY] Test accuracy improved: 40.70% -> 55.81% (via EMA). Saving best params.
--- Epoch 3/30 | Loss: 0.5935 | Train Acc: 50.5% | Test Acc: 55.8% | CM: [TP:33, TN:63, FP:23, FN:53] | Progress: 10.0% | ETA: 36.9s ---
Epoch 4 Batch 1 | Loss: 0.600226 | Stats: min: -0.333, max: 0.103, mean: -0.118
Epoch 4 Batch 2 | Loss: 0.589825
Epoch 4 Batch 3 | Loss: 0.562277
Epoch 4 Batch 4 | Loss: 0.563278
Epoch 4 Batch 5 | Loss: 0.562410
Epoch 4 Batch 6 | Loss: 0.573955
Epoch 4 Batch 7 | Loss: 0.604080
Epoch 4 Batch 8 | Loss: 0.599761
Epoch 4 Batch 9 | Loss: 0.593620
Epoch 4 Batch 10 | Loss: 0.549545
Epoch 4 Batch 11 | Loss: 0.511711
Epoch 4 Batch 12 | Loss: 0.568421
Epoch 4 Batch 13 | Loss: 0.557702
  [STABILITY] Test accuracy improved: 55.81% -> 63.95% (via EMA). Saving best params.
--- Epoch 4/30 | Loss: 0.5721 | Train Acc: 62.0% | Test Acc: 64.0% | CM: [TP:35, TN:75, FP:11, FN:51] | Progress: 13.3% | ETA: 28.8s ---
Epoch 5 Batch 1 | Loss: 0.566004 | Stats: min: -0.297, max: 0.098, mean: -0.114
Epoch 5 Batch 2 | Loss: 0.586408
Epoch 5 Batch 3 | Loss: 0.556239
Epoch 5 Batch 4 | Loss: 0.531747
Epoch 5 Batch 5 | Loss: 0.527682
Epoch 5 Batch 6 | Loss: 0.587656
Epoch 5 Batch 7 | Loss: 0.547480
Epoch 5 Batch 8 | Loss: 0.597042
Epoch 5 Batch 9 | Loss: 0.528770
Epoch 5 Batch 10 | Loss: 0.543645
Epoch 5 Batch 11 | Loss: 0.564827
Epoch 5 Batch 12 | Loss: 0.523046
Epoch 5 Batch 13 | Loss: 0.495936
  [STABILITY] Test accuracy improved: 63.95% -> 70.35% (via EMA). Saving best params.
--- Epoch 5/30 | Loss: 0.5505 | Train Acc: 65.5% | Test Acc: 70.3% | CM: [TP:42, TN:79, FP:7, FN:44] | Progress: 16.7% | ETA: 33.5s ---
Epoch 6 Batch 1 | Loss: 0.537204 | Stats: min: -0.395, max: 0.345, mean: -0.039
Epoch 6 Batch 2 | Loss: 0.511311
Epoch 6 Batch 3 | Loss: 0.546327
Epoch 6 Batch 4 | Loss: 0.524090
Epoch 6 Batch 5 | Loss: 0.533762
Epoch 6 Batch 6 | Loss: 0.539592
Epoch 6 Batch 7 | Loss: 0.494049
Epoch 6 Batch 8 | Loss: 0.534595
Epoch 6 Batch 9 | Loss: 0.596787
Epoch 6 Batch 10 | Loss: 0.539144
Epoch 6 Batch 11 | Loss: 0.571976
Epoch 6 Batch 12 | Loss: 0.554187
Epoch 6 Batch 13 | Loss: 0.466568
  [STABILITY] Test accuracy improved: 70.35% -> 75.58% (via EMA). Saving best params.
--- Epoch 6/30 | Loss: 0.5346 | Train Acc: 70.0% | Test Acc: 75.6% | CM: [TP:48, TN:82, FP:4, FN:38] | Progress: 20.0% | ETA: 26.0s ---
Epoch 7 Batch 1 | Loss: 0.504036 | Stats: min: -0.321, max: 0.337, mean: -0.006
Epoch 7 Batch 2 | Loss: 0.544599
Epoch 7 Batch 3 | Loss: 0.572117
Epoch 7 Batch 4 | Loss: 0.484628
Epoch 7 Batch 5 | Loss: 0.547816
Epoch 7 Batch 6 | Loss: 0.562493
Epoch 7 Batch 7 | Loss: 0.527946
Epoch 7 Batch 8 | Loss: 0.544622
Epoch 7 Batch 9 | Loss: 0.513842
Epoch 7 Batch 10 | Loss: 0.510547
Epoch 7 Batch 11 | Loss: 0.532731
Epoch 7 Batch 12 | Loss: 0.510312
Epoch 7 Batch 13 | Loss: 0.535924
  [STABILITY] Test accuracy improved: 75.58% -> 77.91% (via EMA). Saving best params.
--- Epoch 7/30 | Loss: 0.5301 | Train Acc: 70.5% | Test Acc: 77.9% | CM: [TP:52, TN:82, FP:4, FN:34] | Progress: 23.3% | ETA: 13.8s ---
Epoch 8 Batch 1 | Loss: 0.538831 | Stats: min: -0.363, max: 0.492, mean: 0.174
Epoch 8 Batch 2 | Loss: 0.506968
Epoch 8 Batch 3 | Loss: 0.532244
Epoch 8 Batch 4 | Loss: 0.508276
Epoch 8 Batch 5 | Loss: 0.522773
Epoch 8 Batch 6 | Loss: 0.500271
Epoch 8 Batch 7 | Loss: 0.489213
Epoch 8 Batch 8 | Loss: 0.558410
Epoch 8 Batch 9 | Loss: 0.525743
Epoch 8 Batch 10 | Loss: 0.593824
Epoch 8 Batch 11 | Loss: 0.570107
Epoch 8 Batch 12 | Loss: 0.490142
Epoch 8 Batch 13 | Loss: 0.513081
  [STABILITY] Test accuracy improved: 77.91% -> 80.23% (via EMA). Saving best params.
--- Epoch 8/30 | Loss: 0.5269 | Train Acc: 73.0% | Test Acc: 80.2% | CM: [TP:55, TN:83, FP:3, FN:31] | Progress: 26.7% | ETA: 11.3s ---
Epoch 9 Batch 1 | Loss: 0.550561 | Stats: min: -0.209, max: 0.523, mean: -0.006
Epoch 9 Batch 2 | Loss: 0.538300
Epoch 9 Batch 3 | Loss: 0.549437
Epoch 9 Batch 4 | Loss: 0.516920
Epoch 9 Batch 5 | Loss: 0.517594
Epoch 9 Batch 6 | Loss: 0.485879
Epoch 9 Batch 7 | Loss: 0.546058
Epoch 9 Batch 8 | Loss: 0.520709
Epoch 9 Batch 9 | Loss: 0.549961
Epoch 9 Batch 10 | Loss: 0.496238
Epoch 9 Batch 11 | Loss: 0.504719
Epoch 9 Batch 12 | Loss: 0.508287
Epoch 9 Batch 13 | Loss: 0.530477
--- Epoch 9/30 | Loss: 0.5242 | Train Acc: 73.0% | Test Acc: 80.2% | CM: [TP:54, TN:84, FP:2, FN:32] | Progress: 30.0% | ETA: 10.1s ---
Epoch 10 Batch 1 | Loss: 0.529407 | Stats: min: -0.398, max: 0.354, mean: -0.013
Epoch 10 Batch 2 | Loss: 0.531301
Epoch 10 Batch 3 | Loss: 0.504259
Epoch 10 Batch 4 | Loss: 0.513357
Epoch 10 Batch 5 | Loss: 0.512026
Epoch 10 Batch 6 | Loss: 0.490640
Epoch 10 Batch 7 | Loss: 0.541144
Epoch 10 Batch 8 | Loss: 0.532855
Epoch 10 Batch 9 | Loss: 0.491934
Epoch 10 Batch 10 | Loss: 0.538744
Epoch 10 Batch 11 | Loss: 0.557936
Epoch 10 Batch 12 | Loss: 0.502382
Epoch 10 Batch 13 | Loss: 0.489933
  [STABILITY] Test accuracy improved: 80.23% -> 81.40% (via EMA). Saving best params.
--- Epoch 10/30 | Loss: 0.5181 | Train Acc: 74.5% | Test Acc: 81.4% | CM: [TP:56, TN:84, FP:2, FN:30] | Progress: 33.3% | ETA: 10.8s ---
Epoch 11 Batch 1 | Loss: 0.504684 | Stats: min: -0.401, max: -0.069, mean: -0.291
Epoch 11 Batch 2 | Loss: 0.497279
Epoch 11 Batch 3 | Loss: 0.525675
Epoch 11 Batch 4 | Loss: 0.514048
Epoch 11 Batch 5 | Loss: 0.496196
Epoch 11 Batch 6 | Loss: 0.543793
Epoch 11 Batch 7 | Loss: 0.519523
Epoch 11 Batch 8 | Loss: 0.490828
Epoch 11 Batch 9 | Loss: 0.541041
Epoch 11 Batch 10 | Loss: 0.558460
Epoch 11 Batch 11 | Loss: 0.493638
Epoch 11 Batch 12 | Loss: 0.519199
Epoch 11 Batch 13 | Loss: 0.508666
  [STABILITY] Test accuracy improved: 81.40% -> 82.56% (via EMA). Saving best params.
--- Epoch 11/30 | Loss: 0.5164 | Train Acc: 76.0% | Test Acc: 82.6% | CM: [TP:58, TN:84, FP:2, FN:28] | Progress: 36.7% | ETA: 8.4s ---
Epoch 12 Batch 1 | Loss: 0.557833 | Stats: min: -0.305, max: 0.340, mean: 0.058
Epoch 12 Batch 2 | Loss: 0.514954
Epoch 12 Batch 3 | Loss: 0.540103
Epoch 12 Batch 4 | Loss: 0.502066
Epoch 12 Batch 5 | Loss: 0.492180
Epoch 12 Batch 6 | Loss: 0.513878
Epoch 12 Batch 7 | Loss: 0.509519
Epoch 12 Batch 8 | Loss: 0.514874
Epoch 12 Batch 9 | Loss: 0.491368
Epoch 12 Batch 10 | Loss: 0.519567
Epoch 12 Batch 11 | Loss: 0.494905
Epoch 12 Batch 12 | Loss: 0.506896
Epoch 12 Batch 13 | Loss: 0.505318
  [STABILITY] Test accuracy improved: 82.56% -> 85.47% (via EMA). Saving best params.
--- Epoch 12/30 | Loss: 0.5126 | Train Acc: 76.5% | Test Acc: 85.5% | CM: [TP:61, TN:86, FP:0, FN:25] | Progress: 40.0% | ETA: 6.2s ---
Epoch 13 Batch 1 | Loss: 0.510239 | Stats: min: -0.328, max: 0.377, mean: -0.170
Epoch 13 Batch 2 | Loss: 0.444846
Epoch 13 Batch 3 | Loss: 0.492948
Epoch 13 Batch 4 | Loss: 0.511501
Epoch 13 Batch 5 | Loss: 0.529262
Epoch 13 Batch 6 | Loss: 0.492240
Epoch 13 Batch 7 | Loss: 0.535604
Epoch 13 Batch 8 | Loss: 0.476253
Epoch 13 Batch 9 | Loss: 0.484737
Epoch 13 Batch 10 | Loss: 0.531617
Epoch 13 Batch 11 | Loss: 0.542217
Epoch 13 Batch 12 | Loss: 0.522082
Epoch 13 Batch 13 | Loss: 0.589901
  [STABILITY] Test accuracy improved: 85.47% -> 86.63% (via EMA). Saving best params.
--- Epoch 13/30 | Loss: 0.5126 | Train Acc: 76.5% | Test Acc: 86.6% | CM: [TP:63, TN:86, FP:0, FN:23] | Progress: 43.3% | ETA: 5.8s ---
Epoch 14 Batch 1 | Loss: 0.529211 | Stats: min: -0.367, max: 0.303, mean: -0.122
Epoch 14 Batch 2 | Loss: 0.500542
Epoch 14 Batch 3 | Loss: 0.571472
Epoch 14 Batch 4 | Loss: 0.504021
Epoch 14 Batch 5 | Loss: 0.497904
Epoch 14 Batch 6 | Loss: 0.523137
Epoch 14 Batch 7 | Loss: 0.518681
Epoch 14 Batch 8 | Loss: 0.528431
Epoch 14 Batch 9 | Loss: 0.508396
Epoch 14 Batch 10 | Loss: 0.493033
Epoch 14 Batch 11 | Loss: 0.488315
Epoch 14 Batch 12 | Loss: 0.486726
Epoch 14 Batch 13 | Loss: 0.470718
--- Epoch 14/30 | Loss: 0.5093 | Train Acc: 78.5% | Test Acc: 86.6% | CM: [TP:63, TN:86, FP:0, FN:23] | Progress: 46.7% | ETA: 7.3s ---
Epoch 15 Batch 1 | Loss: 0.479656 | Stats: min: -0.351, max: 0.442, mean: 0.042
Epoch 15 Batch 2 | Loss: 0.540338
Epoch 15 Batch 3 | Loss: 0.524967
Epoch 15 Batch 4 | Loss: 0.470988
Epoch 15 Batch 5 | Loss: 0.484862
Epoch 15 Batch 6 | Loss: 0.522266
Epoch 15 Batch 7 | Loss: 0.486844
Epoch 15 Batch 8 | Loss: 0.520090
Epoch 15 Batch 9 | Loss: 0.512445
Epoch 15 Batch 10 | Loss: 0.491553
Epoch 15 Batch 11 | Loss: 0.547173
Epoch 15 Batch 12 | Loss: 0.508733
Epoch 15 Batch 13 | Loss: 0.479732
--- Epoch 15/30 | Loss: 0.5054 | Train Acc: 78.5% | Test Acc: 86.6% | CM: [TP:63, TN:86, FP:0, FN:23] | Progress: 50.0% | ETA: 6.8s ---
Epoch 16 Batch 1 | Loss: 0.519454 | Stats: min: -0.382, max: 0.370, mean: -0.186
Epoch 16 Batch 2 | Loss: 0.505425
Epoch 16 Batch 3 | Loss: 0.480684
Epoch 16 Batch 4 | Loss: 0.485770
Epoch 16 Batch 5 | Loss: 0.525243
Epoch 16 Batch 6 | Loss: 0.453582
Epoch 16 Batch 7 | Loss: 0.514302
Epoch 16 Batch 8 | Loss: 0.518480
Epoch 16 Batch 9 | Loss: 0.555156
Epoch 16 Batch 10 | Loss: 0.478491
Epoch 16 Batch 11 | Loss: 0.535462
Epoch 16 Batch 12 | Loss: 0.508148
Epoch 16 Batch 13 | Loss: 0.493270
  [STABILITY] Test accuracy improved: 86.63% -> 87.21% (via EMA). Saving best params.
--- Epoch 16/30 | Loss: 0.5057 | Train Acc: 78.5% | Test Acc: 87.2% | CM: [TP:64, TN:86, FP:0, FN:22] | Progress: 53.3% | ETA: 5.0s ---
Epoch 17 Batch 1 | Loss: 0.519206 | Stats: min: -0.166, max: 0.352, mean: 0.106
Epoch 17 Batch 2 | Loss: 0.509028
Epoch 17 Batch 3 | Loss: 0.499820
Epoch 17 Batch 4 | Loss: 0.530546
Epoch 17 Batch 5 | Loss: 0.512033
Epoch 17 Batch 6 | Loss: 0.499489
Epoch 17 Batch 7 | Loss: 0.499052
Epoch 17 Batch 8 | Loss: 0.511276
Epoch 17 Batch 9 | Loss: 0.509444
Epoch 17 Batch 10 | Loss: 0.471334
Epoch 17 Batch 11 | Loss: 0.466457
Epoch 17 Batch 12 | Loss: 0.519228
Epoch 17 Batch 13 | Loss: 0.546330
  [STABILITY] Test accuracy improved: 87.21% -> 88.95% (via EMA). Saving best params.
--- Epoch 17/30 | Loss: 0.5072 | Train Acc: 79.5% | Test Acc: 89.0% | CM: [TP:67, TN:86, FP:0, FN:19] | Progress: 56.7% | ETA: 3.2s ---
Epoch 18 Batch 1 | Loss: 0.506761 | Stats: min: -0.414, max: 0.266, mean: -0.107
Epoch 18 Batch 2 | Loss: 0.472930
Epoch 18 Batch 3 | Loss: 0.511759
Epoch 18 Batch 4 | Loss: 0.482499
Epoch 18 Batch 5 | Loss: 0.498883
Epoch 18 Batch 6 | Loss: 0.508784
Epoch 18 Batch 7 | Loss: 0.522495
Epoch 18 Batch 8 | Loss: 0.547474
Epoch 18 Batch 9 | Loss: 0.497029
Epoch 18 Batch 10 | Loss: 0.493033
Epoch 18 Batch 11 | Loss: 0.512560
Epoch 18 Batch 12 | Loss: 0.501683
Epoch 18 Batch 13 | Loss: 0.487770
--- Epoch 18/30 | Loss: 0.5034 | Train Acc: 81.0% | Test Acc: 89.0% | CM: [TP:67, TN:86, FP:0, FN:19] | Progress: 60.0% | ETA: 2.8s ---
Epoch 19 Batch 1 | Loss: 0.528100 | Stats: min: -0.245, max: 0.403, mean: 0.055
Epoch 19 Batch 2 | Loss: 0.471542
Epoch 19 Batch 3 | Loss: 0.480199
Epoch 19 Batch 4 | Loss: 0.525512
Epoch 19 Batch 5 | Loss: 0.534655
Epoch 19 Batch 6 | Loss: 0.491124
Epoch 19 Batch 7 | Loss: 0.485492
Epoch 19 Batch 8 | Loss: 0.473160
Epoch 19 Batch 9 | Loss: 0.499730
Epoch 19 Batch 10 | Loss: 0.492793
Epoch 19 Batch 11 | Loss: 0.533266
Epoch 19 Batch 12 | Loss: 0.544686
Epoch 19 Batch 13 | Loss: 0.492252
  [STABILITY] Test accuracy improved: 88.95% -> 89.53% (via EMA). Saving best params.
--- Epoch 19/30 | Loss: 0.5040 | Train Acc: 81.5% | Test Acc: 89.5% | CM: [TP:68, TN:86, FP:0, FN:18] | Progress: 63.3% | ETA: 2.5s ---
Epoch 20 Batch 1 | Loss: 0.522508 | Stats: min: -0.372, max: 0.201, mean: -0.189
Epoch 20 Batch 2 | Loss: 0.523247
Epoch 20 Batch 3 | Loss: 0.500146
Epoch 20 Batch 4 | Loss: 0.465226
Epoch 20 Batch 5 | Loss: 0.481643
Epoch 20 Batch 6 | Loss: 0.481095
Epoch 20 Batch 7 | Loss: 0.492194
Epoch 20 Batch 8 | Loss: 0.545187
Epoch 20 Batch 9 | Loss: 0.504578
Epoch 20 Batch 10 | Loss: 0.488325
Epoch 20 Batch 11 | Loss: 0.500603
Epoch 20 Batch 12 | Loss: 0.541170
Epoch 20 Batch 13 | Loss: 0.521581
--- Epoch 20/30 | Loss: 0.5052 | Train Acc: 82.5% | Test Acc: 89.5% | CM: [TP:69, TN:85, FP:1, FN:17] | Progress: 66.7% | ETA: 3.0s ---
Epoch 21 Batch 1 | Loss: 0.492099 | Stats: min: -0.345, max: 0.036, mean: -0.187
Epoch 21 Batch 2 | Loss: 0.479783
Epoch 21 Batch 3 | Loss: 0.546420
Epoch 21 Batch 4 | Loss: 0.467873
Epoch 21 Batch 5 | Loss: 0.523192
Epoch 21 Batch 6 | Loss: 0.550137
Epoch 21 Batch 7 | Loss: 0.512419
Epoch 21 Batch 8 | Loss: 0.486042
Epoch 21 Batch 9 | Loss: 0.467181
Epoch 21 Batch 10 | Loss: 0.491906
Epoch 21 Batch 11 | Loss: 0.503358
Epoch 21 Batch 12 | Loss: 0.534115
Epoch 21 Batch 13 | Loss: 0.486590
  [STABILITY] Test accuracy improved: 89.53% -> 90.70% (via EMA). Saving best params.
--- Epoch 21/30 | Loss: 0.5032 | Train Acc: 83.5% | Test Acc: 90.7% | CM: [TP:72, TN:84, FP:2, FN:14] | Progress: 70.0% | ETA: 3.0s ---
Epoch 22 Batch 1 | Loss: 0.504993 | Stats: min: -0.371, max: 0.420, mean: -0.005
Epoch 22 Batch 2 | Loss: 0.511885
Epoch 22 Batch 3 | Loss: 0.505088
Epoch 22 Batch 4 | Loss: 0.501318
Epoch 22 Batch 5 | Loss: 0.487055
Epoch 22 Batch 6 | Loss: 0.461420
Epoch 22 Batch 7 | Loss: 0.519489
Epoch 22 Batch 8 | Loss: 0.514157
Epoch 22 Batch 9 | Loss: 0.494839
Epoch 22 Batch 10 | Loss: 0.545198
Epoch 22 Batch 11 | Loss: 0.535502
Epoch 22 Batch 12 | Loss: 0.467060
Epoch 22 Batch 13 | Loss: 0.496008
  [STABILITY] Test accuracy improved: 90.70% -> 91.28% (via EMA). Saving best params.
--- Epoch 22/30 | Loss: 0.5034 | Train Acc: 85.0% | Test Acc: 91.3% | CM: [TP:73, TN:84, FP:2, FN:13] | Progress: 73.3% | ETA: 2.2s ---
Epoch 23 Batch 1 | Loss: 0.494690 | Stats: min: -0.324, max: 0.448, mean: 0.064
Epoch 23 Batch 2 | Loss: 0.458679
Epoch 23 Batch 3 | Loss: 0.494441
Epoch 23 Batch 4 | Loss: 0.552455
Epoch 23 Batch 5 | Loss: 0.531862
Epoch 23 Batch 6 | Loss: 0.544317
Epoch 23 Batch 7 | Loss: 0.460932
Epoch 23 Batch 8 | Loss: 0.477441
Epoch 23 Batch 9 | Loss: 0.477144
Epoch 23 Batch 10 | Loss: 0.499382
Epoch 23 Batch 11 | Loss: 0.521876
Epoch 23 Batch 12 | Loss: 0.509984
Epoch 23 Batch 13 | Loss: 0.526044
  [STABILITY] Test accuracy improved: 91.28% -> 93.02% (via EMA). Saving best params.
--- Epoch 23/30 | Loss: 0.5038 | Train Acc: 85.0% | Test Acc: 93.0% | CM: [TP:76, TN:84, FP:2, FN:10] | Progress: 76.7% | ETA: 1.6s ---
Epoch 24 Batch 1 | Loss: 0.498190 | Stats: min: -0.218, max: 0.390, mean: 0.098
Epoch 24 Batch 2 | Loss: 0.476827
Epoch 24 Batch 3 | Loss: 0.501009
Epoch 24 Batch 4 | Loss: 0.485510
Epoch 24 Batch 5 | Loss: 0.528885
Epoch 24 Batch 6 | Loss: 0.482316
Epoch 24 Batch 7 | Loss: 0.524746
Epoch 24 Batch 8 | Loss: 0.508412
Epoch 24 Batch 9 | Loss: 0.471049
Epoch 24 Batch 10 | Loss: 0.518867
Epoch 24 Batch 11 | Loss: 0.511665
Epoch 24 Batch 12 | Loss: 0.531776
Epoch 24 Batch 13 | Loss: 0.501299
  [STABILITY] Test accuracy improved: 93.02% -> 93.60% (via EMA). Saving best params.
--- Epoch 24/30 | Loss: 0.5031 | Train Acc: 86.5% | Test Acc: 93.6% | CM: [TP:77, TN:84, FP:2, FN:9] | Progress: 80.0% | ETA: 1.2s ---
Epoch 25 Batch 1 | Loss: 0.475523 | Stats: min: -0.448, max: 0.369, mean: -0.101
Epoch 25 Batch 2 | Loss: 0.521310
Epoch 25 Batch 3 | Loss: 0.511529
Epoch 25 Batch 4 | Loss: 0.508561
Epoch 25 Batch 5 | Loss: 0.537899
Epoch 25 Batch 6 | Loss: 0.486425
Epoch 25 Batch 7 | Loss: 0.504030
Epoch 25 Batch 8 | Loss: 0.514624
Epoch 25 Batch 9 | Loss: 0.513014
Epoch 25 Batch 10 | Loss: 0.481804
Epoch 25 Batch 11 | Loss: 0.475454
Epoch 25 Batch 12 | Loss: 0.485418
Epoch 25 Batch 13 | Loss: 0.528416
  [STABILITY] Test accuracy improved: 93.60% -> 94.19% (via EMA). Saving best params.
--- Epoch 25/30 | Loss: 0.5034 | Train Acc: 86.5% | Test Acc: 94.2% | CM: [TP:78, TN:84, FP:2, FN:8] | Progress: 83.3% | ETA: 1.4s ---
Epoch 26 Batch 1 | Loss: 0.473783 | Stats: min: -0.288, max: 0.457, mean: -0.052
Epoch 26 Batch 2 | Loss: 0.511680
Epoch 26 Batch 3 | Loss: 0.507648
Epoch 26 Batch 4 | Loss: 0.512961
Epoch 26 Batch 5 | Loss: 0.527662
Epoch 26 Batch 6 | Loss: 0.521890
Epoch 26 Batch 7 | Loss: 0.471890
Epoch 26 Batch 8 | Loss: 0.483712
Epoch 26 Batch 9 | Loss: 0.506591
Epoch 26 Batch 10 | Loss: 0.526457
Epoch 26 Batch 11 | Loss: 0.467829
Epoch 26 Batch 12 | Loss: 0.525907
Epoch 26 Batch 13 | Loss: 0.468757
--- Epoch 26/30 | Loss: 0.5005 | Train Acc: 87.0% | Test Acc: 94.2% | CM: [TP:78, TN:84, FP:2, FN:8] | Progress: 86.7% | ETA: 0.9s ---
Epoch 27 Batch 1 | Loss: 0.534654 | Stats: min: -0.218, max: 0.178, mean: -0.069
Epoch 27 Batch 2 | Loss: 0.490486
Epoch 27 Batch 3 | Loss: 0.480550
Epoch 27 Batch 4 | Loss: 0.493594
Epoch 27 Batch 5 | Loss: 0.531212
Epoch 27 Batch 6 | Loss: 0.495108
Epoch 27 Batch 7 | Loss: 0.472483
Epoch 27 Batch 8 | Loss: 0.503760
Epoch 27 Batch 9 | Loss: 0.517682
Epoch 27 Batch 10 | Loss: 0.482817
Epoch 27 Batch 11 | Loss: 0.515914
Epoch 27 Batch 12 | Loss: 0.514491
Epoch 27 Batch 13 | Loss: 0.492695
--- Epoch 27/30 | Loss: 0.5020 | Train Acc: 87.5% | Test Acc: 94.2% | CM: [TP:78, TN:84, FP:2, FN:8] | Progress: 90.0% | ETA: 0.5s ---
Epoch 28 Batch 1 | Loss: 0.482703 | Stats: min: -0.063, max: 0.347, mean: 0.118
Epoch 28 Batch 2 | Loss: 0.486097
Epoch 28 Batch 3 | Loss: 0.522152
Epoch 28 Batch 4 | Loss: 0.493721
Epoch 28 Batch 5 | Loss: 0.507681
Epoch 28 Batch 6 | Loss: 0.468440
Epoch 28 Batch 7 | Loss: 0.487093
Epoch 28 Batch 8 | Loss: 0.521472
Epoch 28 Batch 9 | Loss: 0.499292
Epoch 28 Batch 10 | Loss: 0.500389
Epoch 28 Batch 11 | Loss: 0.511723
Epoch 28 Batch 12 | Loss: 0.508509
Epoch 28 Batch 13 | Loss: 0.551396
  [STABILITY] Test accuracy improved: 94.19% -> 94.77% (via EMA). Saving best params.
--- Epoch 28/30 | Loss: 0.5031 | Train Acc: 89.0% | Test Acc: 94.8% | CM: [TP:79, TN:84, FP:2, FN:7] | Progress: 93.3% | ETA: 0.3s ---
Epoch 29 Batch 1 | Loss: 0.509161 | Stats: min: -0.382, max: 0.411, mean: -0.029
Epoch 29 Batch 2 | Loss: 0.489435
Epoch 29 Batch 3 | Loss: 0.496333
Epoch 29 Batch 4 | Loss: 0.467692
Epoch 29 Batch 5 | Loss: 0.546577
Epoch 29 Batch 6 | Loss: 0.522157
Epoch 29 Batch 7 | Loss: 0.488734
Epoch 29 Batch 8 | Loss: 0.493383
Epoch 29 Batch 9 | Loss: 0.512328
Epoch 29 Batch 10 | Loss: 0.452256
Epoch 29 Batch 11 | Loss: 0.494323
Epoch 29 Batch 12 | Loss: 0.536682
Epoch 29 Batch 13 | Loss: 0.553053
--- Epoch 29/30 | Loss: 0.5048 | Train Acc: 90.5% | Test Acc: 94.8% | CM: [TP:79, TN:84, FP:2, FN:7] | Progress: 96.7% | ETA: 0.2s ---
Epoch 30 Batch 1 | Loss: 0.507691 | Stats: min: -0.230, max: 0.307, mean: -0.003
Epoch 30 Batch 2 | Loss: 0.519046
Epoch 30 Batch 3 | Loss: 0.481150
Epoch 30 Batch 4 | Loss: 0.509310
Epoch 30 Batch 5 | Loss: 0.471922
Epoch 30 Batch 6 | Loss: 0.485560
Epoch 30 Batch 7 | Loss: 0.492703
Epoch 30 Batch 8 | Loss: 0.544512
Epoch 30 Batch 9 | Loss: 0.502115
Epoch 30 Batch 10 | Loss: 0.514054
Epoch 30 Batch 11 | Loss: 0.484443
Epoch 30 Batch 12 | Loss: 0.519589
Epoch 30 Batch 13 | Loss: 0.467381
  [STABILITY] Test accuracy improved: 94.77% -> 95.35% (via EMA). Saving best params.
--- Epoch 30/30 | Loss: 0.5000 | Train Acc: 90.5% | Test Acc: 95.3% | CM: [TP:80, TN:84, FP:2, FN:6] | Progress: 100.0% | ETA: 0.0s ---

Final Best Test Accuracy: 95.35%


Best Quantum Test Accuracy: 0.953
