DEBUG: Qtrainer enters train_pure_quantum_cnn. Encoding: amplitude
  Class Weights: +1 (Target): 1.00 | -1 (Rest): 1.00
Starting Training
==================================================
Epoch 1 Batch 1 | Loss: 0.725783 | Stats: min: -0.188, max: 0.041, mean: -0.095
Epoch 1 Batch 2 | Loss: 0.693276
Epoch 1 Batch 3 | Loss: 0.671730
Epoch 1 Batch 4 | Loss: 0.651659
Epoch 1 Batch 5 | Loss: 0.681641
Epoch 1 Batch 6 | Loss: 0.664032
Epoch 1 Batch 7 | Loss: 0.659092
Epoch 1 Batch 8 | Loss: 0.646769
Epoch 1 Batch 9 | Loss: 0.610549
Epoch 1 Batch 10 | Loss: 0.633526
Epoch 1 Batch 11 | Loss: 0.615715
Epoch 1 Batch 12 | Loss: 0.602971
Epoch 1 Batch 13 | Loss: 0.632878
  [STABILITY] Test accuracy improved: 0.00% -> 55.23% (via EMA). Saving best params.
--- Epoch 1/30 | Loss: 0.6530 | Train Acc: 52.0% | Test Acc: 55.2% | CM: [TP:15, TN:80, FP:6, FN:71] | Progress: 3.3% | ETA: 169.9s ---
Epoch 2 Batch 1 | Loss: 0.607663 | Stats: min: -0.139, max: 0.136, mean: -0.008
Epoch 2 Batch 2 | Loss: 0.619214
Epoch 2 Batch 3 | Loss: 0.596628
Epoch 2 Batch 4 | Loss: 0.588350
Epoch 2 Batch 5 | Loss: 0.585121
Epoch 2 Batch 6 | Loss: 0.612752
Epoch 2 Batch 7 | Loss: 0.594916
Epoch 2 Batch 8 | Loss: 0.593127
Epoch 2 Batch 9 | Loss: 0.609852
Epoch 2 Batch 10 | Loss: 0.572504
Epoch 2 Batch 11 | Loss: 0.584620
Epoch 2 Batch 12 | Loss: 0.636623
Epoch 2 Batch 13 | Loss: 0.568468
  [STABILITY] Test accuracy improved: 55.23% -> 58.72% (via EMA). Saving best params.
--- Epoch 2/30 | Loss: 0.5977 | Train Acc: 55.5% | Test Acc: 58.7% | CM: [TP:19, TN:82, FP:4, FN:67] | Progress: 6.7% | ETA: 85.3s ---
Epoch 3 Batch 1 | Loss: 0.558481 | Stats: min: -0.315, max: 0.057, mean: -0.070
Epoch 3 Batch 2 | Loss: 0.607558
Epoch 3 Batch 3 | Loss: 0.616138
Epoch 3 Batch 4 | Loss: 0.601610
Epoch 3 Batch 5 | Loss: 0.562847
Epoch 3 Batch 6 | Loss: 0.590820
Epoch 3 Batch 7 | Loss: 0.565261
Epoch 3 Batch 8 | Loss: 0.566484
Epoch 3 Batch 9 | Loss: 0.573009
Epoch 3 Batch 10 | Loss: 0.580316
Epoch 3 Batch 11 | Loss: 0.562978
Epoch 3 Batch 12 | Loss: 0.565514
Epoch 3 Batch 13 | Loss: 0.594879
  [STABILITY] Test accuracy improved: 58.72% -> 60.47% (via EMA). Saving best params.
--- Epoch 3/30 | Loss: 0.5805 | Train Acc: 61.0% | Test Acc: 60.5% | CM: [TP:21, TN:83, FP:3, FN:65] | Progress: 10.0% | ETA: 51.2s ---
Epoch 4 Batch 1 | Loss: 0.576583 | Stats: min: -0.390, max: 0.124, mean: -0.108
Epoch 4 Batch 2 | Loss: 0.556282
Epoch 4 Batch 3 | Loss: 0.574696
Epoch 4 Batch 4 | Loss: 0.570807
Epoch 4 Batch 5 | Loss: 0.566495
Epoch 4 Batch 6 | Loss: 0.581624
Epoch 4 Batch 7 | Loss: 0.593107
Epoch 4 Batch 8 | Loss: 0.575554
Epoch 4 Batch 9 | Loss: 0.554519
Epoch 4 Batch 10 | Loss: 0.543915
Epoch 4 Batch 11 | Loss: 0.549948
Epoch 4 Batch 12 | Loss: 0.575941
Epoch 4 Batch 13 | Loss: 0.549646
  [STABILITY] Test accuracy improved: 60.47% -> 64.53% (via EMA). Saving best params.
--- Epoch 4/30 | Loss: 0.5669 | Train Acc: 66.5% | Test Acc: 64.5% | CM: [TP:26, TN:85, FP:1, FN:60] | Progress: 13.3% | ETA: 29.4s ---
Epoch 5 Batch 1 | Loss: 0.549576 | Stats: min: -0.318, max: 0.103, mean: -0.124
Epoch 5 Batch 2 | Loss: 0.548368
Epoch 5 Batch 3 | Loss: 0.519762
Epoch 5 Batch 4 | Loss: 0.583754
Epoch 5 Batch 5 | Loss: 0.564312
Epoch 5 Batch 6 | Loss: 0.578183
Epoch 5 Batch 7 | Loss: 0.575190
Epoch 5 Batch 8 | Loss: 0.583720
Epoch 5 Batch 9 | Loss: 0.573164
Epoch 5 Batch 10 | Loss: 0.536241
Epoch 5 Batch 11 | Loss: 0.566115
Epoch 5 Batch 12 | Loss: 0.557355
Epoch 5 Batch 13 | Loss: 0.506173
  [STABILITY] Test accuracy improved: 64.53% -> 68.60% (via EMA). Saving best params.
--- Epoch 5/30 | Loss: 0.5571 | Train Acc: 70.5% | Test Acc: 68.6% | CM: [TP:33, TN:85, FP:1, FN:53] | Progress: 16.7% | ETA: 24.1s ---
Epoch 6 Batch 1 | Loss: 0.547221 | Stats: min: -0.287, max: 0.166, mean: -0.043
Epoch 6 Batch 2 | Loss: 0.550449
Epoch 6 Batch 3 | Loss: 0.578849
Epoch 6 Batch 4 | Loss: 0.565616
Epoch 6 Batch 5 | Loss: 0.536105
Epoch 6 Batch 6 | Loss: 0.551603
Epoch 6 Batch 7 | Loss: 0.550147
Epoch 6 Batch 8 | Loss: 0.569306
Epoch 6 Batch 9 | Loss: 0.488052
Epoch 6 Batch 10 | Loss: 0.549611
Epoch 6 Batch 11 | Loss: 0.535291
Epoch 6 Batch 12 | Loss: 0.579126
Epoch 6 Batch 13 | Loss: 0.525598
  [STABILITY] Test accuracy improved: 68.60% -> 71.51% (via EMA). Saving best params.
--- Epoch 6/30 | Loss: 0.5482 | Train Acc: 76.5% | Test Acc: 71.5% | CM: [TP:40, TN:83, FP:3, FN:46] | Progress: 20.0% | ETA: 22.2s ---
Epoch 7 Batch 1 | Loss: 0.570497 | Stats: min: -0.257, max: 0.134, mean: -0.147
Epoch 7 Batch 2 | Loss: 0.538973
Epoch 7 Batch 3 | Loss: 0.534318
Epoch 7 Batch 4 | Loss: 0.565924
Epoch 7 Batch 5 | Loss: 0.515707
Epoch 7 Batch 6 | Loss: 0.529734
Epoch 7 Batch 7 | Loss: 0.531134
Epoch 7 Batch 8 | Loss: 0.564454
Epoch 7 Batch 9 | Loss: 0.531042
Epoch 7 Batch 10 | Loss: 0.536894
Epoch 7 Batch 11 | Loss: 0.531866
Epoch 7 Batch 12 | Loss: 0.517484
Epoch 7 Batch 13 | Loss: 0.588137
  [STABILITY] Test accuracy improved: 71.51% -> 77.33% (via EMA). Saving best params.
--- Epoch 7/30 | Loss: 0.5428 | Train Acc: 85.5% | Test Acc: 77.3% | CM: [TP:50, TN:83, FP:3, FN:36] | Progress: 23.3% | ETA: 21.8s ---
Epoch 8 Batch 1 | Loss: 0.537805 | Stats: min: -0.291, max: 0.120, mean: -0.131
Epoch 8 Batch 2 | Loss: 0.522843
Epoch 8 Batch 3 | Loss: 0.526926
Epoch 8 Batch 4 | Loss: 0.563080
Epoch 8 Batch 5 | Loss: 0.521538
Epoch 8 Batch 6 | Loss: 0.538370
Epoch 8 Batch 7 | Loss: 0.541358
Epoch 8 Batch 8 | Loss: 0.535650
Epoch 8 Batch 9 | Loss: 0.496260
Epoch 8 Batch 10 | Loss: 0.571605
Epoch 8 Batch 11 | Loss: 0.541797
Epoch 8 Batch 12 | Loss: 0.522669
Epoch 8 Batch 13 | Loss: 0.558475
  [STABILITY] Test accuracy improved: 77.33% -> 81.98% (via EMA). Saving best params.
--- Epoch 8/30 | Loss: 0.5368 | Train Acc: 89.5% | Test Acc: 82.0% | CM: [TP:59, TN:82, FP:4, FN:27] | Progress: 26.7% | ETA: 14.8s ---
Epoch 9 Batch 1 | Loss: 0.546020 | Stats: min: -0.118, max: 0.331, mean: 0.090
Epoch 9 Batch 2 | Loss: 0.536701
Epoch 9 Batch 3 | Loss: 0.525402
Epoch 9 Batch 4 | Loss: 0.534074
Epoch 9 Batch 5 | Loss: 0.536734
Epoch 9 Batch 6 | Loss: 0.519494
Epoch 9 Batch 7 | Loss: 0.524829
Epoch 9 Batch 8 | Loss: 0.531821
Epoch 9 Batch 9 | Loss: 0.571630
Epoch 9 Batch 10 | Loss: 0.505618
Epoch 9 Batch 11 | Loss: 0.512788
Epoch 9 Batch 12 | Loss: 0.531398
Epoch 9 Batch 13 | Loss: 0.609795
  [STABILITY] Test accuracy improved: 81.98% -> 86.05% (via EMA). Saving best params.
--- Epoch 9/30 | Loss: 0.5374 | Train Acc: 89.0% | Test Acc: 86.0% | CM: [TP:67, TN:81, FP:5, FN:19] | Progress: 30.0% | ETA: 11.4s ---
Epoch 10 Batch 1 | Loss: 0.571469 | Stats: min: -0.235, max: 0.210, mean: -0.043
Epoch 10 Batch 2 | Loss: 0.522069
Epoch 10 Batch 3 | Loss: 0.546172
Epoch 10 Batch 4 | Loss: 0.483625
Epoch 10 Batch 5 | Loss: 0.524052
Epoch 10 Batch 6 | Loss: 0.555812
Epoch 10 Batch 7 | Loss: 0.556559
Epoch 10 Batch 8 | Loss: 0.511465
Epoch 10 Batch 9 | Loss: 0.553149
Epoch 10 Batch 10 | Loss: 0.549343
Epoch 10 Batch 11 | Loss: 0.522777
Epoch 10 Batch 12 | Loss: 0.503548
Epoch 10 Batch 13 | Loss: 0.529610
--- Epoch 10/30 | Loss: 0.5331 | Train Acc: 88.0% | Test Acc: 86.0% | CM: [TP:69, TN:79, FP:7, FN:17] | Progress: 33.3% | ETA: 9.0s ---
Epoch 11 Batch 1 | Loss: 0.565902 | Stats: min: -0.249, max: 0.185, mean: -0.013
Epoch 11 Batch 2 | Loss: 0.527777
Epoch 11 Batch 3 | Loss: 0.502929
Epoch 11 Batch 4 | Loss: 0.502063
Epoch 11 Batch 5 | Loss: 0.552978
Epoch 11 Batch 6 | Loss: 0.551919
Epoch 11 Batch 7 | Loss: 0.532140
Epoch 11 Batch 8 | Loss: 0.540461
Epoch 11 Batch 9 | Loss: 0.569773
Epoch 11 Batch 10 | Loss: 0.490182
Epoch 11 Batch 11 | Loss: 0.524882
Epoch 11 Batch 12 | Loss: 0.517921
Epoch 11 Batch 13 | Loss: 0.558857
  [STABILITY] Test accuracy improved: 86.05% -> 87.79% (via EMA). Saving best params.
--- Epoch 11/30 | Loss: 0.5337 | Train Acc: 89.0% | Test Acc: 87.8% | CM: [TP:73, TN:78, FP:8, FN:13] | Progress: 36.7% | ETA: 8.3s ---
Epoch 12 Batch 1 | Loss: 0.531123 | Stats: min: -0.235, max: 0.131, mean: -0.040
Epoch 12 Batch 2 | Loss: 0.545556
Epoch 12 Batch 3 | Loss: 0.531609
Epoch 12 Batch 4 | Loss: 0.513561
Epoch 12 Batch 5 | Loss: 0.519664
Epoch 12 Batch 6 | Loss: 0.524467
Epoch 12 Batch 7 | Loss: 0.545493
Epoch 12 Batch 8 | Loss: 0.548451
Epoch 12 Batch 9 | Loss: 0.535794
Epoch 12 Batch 10 | Loss: 0.521459
Epoch 12 Batch 11 | Loss: 0.529718
Epoch 12 Batch 12 | Loss: 0.521965
Epoch 12 Batch 13 | Loss: 0.470816
--- Epoch 12/30 | Loss: 0.5261 | Train Acc: 89.0% | Test Acc: 87.8% | CM: [TP:74, TN:77, FP:9, FN:12] | Progress: 40.0% | ETA: 7.1s ---
Epoch 13 Batch 1 | Loss: 0.505345 | Stats: min: -0.497, max: 0.208, mean: -0.120
Epoch 13 Batch 2 | Loss: 0.505413
Epoch 13 Batch 3 | Loss: 0.497866
Epoch 13 Batch 4 | Loss: 0.539502
Epoch 13 Batch 5 | Loss: 0.568183
Epoch 13 Batch 6 | Loss: 0.512676
Epoch 13 Batch 7 | Loss: 0.514391
Epoch 13 Batch 8 | Loss: 0.521324
Epoch 13 Batch 9 | Loss: 0.537282
Epoch 13 Batch 10 | Loss: 0.568868
Epoch 13 Batch 11 | Loss: 0.505165
Epoch 13 Batch 12 | Loss: 0.533074
Epoch 13 Batch 13 | Loss: 0.555886
--- Epoch 13/30 | Loss: 0.5281 | Train Acc: 89.0% | Test Acc: 86.6% | CM: [TP:74, TN:75, FP:11, FN:12] | Progress: 43.3% | ETA: 5.1s ---
Epoch 14 Batch 1 | Loss: 0.499690 | Stats: min: -0.263, max: 0.064, mean: -0.094
Epoch 14 Batch 2 | Loss: 0.548854
Epoch 14 Batch 3 | Loss: 0.513439
Epoch 14 Batch 4 | Loss: 0.524230
Epoch 14 Batch 5 | Loss: 0.540754
Epoch 14 Batch 6 | Loss: 0.540625
Epoch 14 Batch 7 | Loss: 0.536917
Epoch 14 Batch 8 | Loss: 0.510104
Epoch 14 Batch 9 | Loss: 0.523520
Epoch 14 Batch 10 | Loss: 0.538133
Epoch 14 Batch 11 | Loss: 0.511276
Epoch 14 Batch 12 | Loss: 0.512369
Epoch 14 Batch 13 | Loss: 0.516239
  [STABILITY] Plateau detected. Reducing Learning Rate to 0.010000
--- Epoch 14/30 | Loss: 0.5243 | Train Acc: 89.0% | Test Acc: 86.6% | CM: [TP:73, TN:76, FP:10, FN:13] | Progress: 46.7% | ETA: 7.4s ---
Epoch 15 Batch 1 | Loss: 0.509581 | Stats: min: -0.270, max: 0.358, mean: 0.038
Epoch 15 Batch 2 | Loss: 0.520095
Epoch 15 Batch 3 | Loss: 0.528836
Epoch 15 Batch 4 | Loss: 0.502125
Epoch 15 Batch 5 | Loss: 0.528863
Epoch 15 Batch 6 | Loss: 0.510562
Epoch 15 Batch 7 | Loss: 0.520040
Epoch 15 Batch 8 | Loss: 0.554159
Epoch 15 Batch 9 | Loss: 0.510830
Epoch 15 Batch 10 | Loss: 0.539643
Epoch 15 Batch 11 | Loss: 0.530301
Epoch 15 Batch 12 | Loss: 0.501137
Epoch 15 Batch 13 | Loss: 0.522026
--- Epoch 15/30 | Loss: 0.5214 | Train Acc: 89.5% | Test Acc: 86.6% | CM: [TP:73, TN:76, FP:10, FN:13] | Progress: 50.0% | ETA: 6.1s ---
Epoch 16 Batch 1 | Loss: 0.515066 | Stats: min: -0.512, max: 0.270, mean: 0.020
Epoch 16 Batch 2 | Loss: 0.524899
Epoch 16 Batch 3 | Loss: 0.494885
Epoch 16 Batch 4 | Loss: 0.500702
Epoch 16 Batch 5 | Loss: 0.527578
Epoch 16 Batch 6 | Loss: 0.552629
Epoch 16 Batch 7 | Loss: 0.565890
Epoch 16 Batch 8 | Loss: 0.490554
Epoch 16 Batch 9 | Loss: 0.540811
Epoch 16 Batch 10 | Loss: 0.515677
Epoch 16 Batch 11 | Loss: 0.515057
Epoch 16 Batch 12 | Loss: 0.514587
Epoch 16 Batch 13 | Loss: 0.503933
--- Epoch 16/30 | Loss: 0.5202 | Train Acc: 90.0% | Test Acc: 86.0% | CM: [TP:73, TN:75, FP:11, FN:13] | Progress: 53.3% | ETA: 3.7s ---
Epoch 17 Batch 1 | Loss: 0.544427 | Stats: min: -0.379, max: 0.300, mean: -0.102
Epoch 17 Batch 2 | Loss: 0.507864
Epoch 17 Batch 3 | Loss: 0.501989
Epoch 17 Batch 4 | Loss: 0.525352
Epoch 17 Batch 5 | Loss: 0.501495
Epoch 17 Batch 6 | Loss: 0.503642
Epoch 17 Batch 7 | Loss: 0.525350
Epoch 17 Batch 8 | Loss: 0.500604
Epoch 17 Batch 9 | Loss: 0.484464
Epoch 17 Batch 10 | Loss: 0.547310
Epoch 17 Batch 11 | Loss: 0.533054
Epoch 17 Batch 12 | Loss: 0.541387
Epoch 17 Batch 13 | Loss: 0.548838
  [STABILITY] Plateau detected. Reducing Learning Rate to 0.005000
--- Epoch 17/30 | Loss: 0.5204 | Train Acc: 90.0% | Test Acc: 86.0% | CM: [TP:73, TN:75, FP:11, FN:13] | Progress: 56.7% | ETA: 3.6s ---
Epoch 18 Batch 1 | Loss: 0.520298 | Stats: min: -0.312, max: 0.237, mean: 0.090
Epoch 18 Batch 2 | Loss: 0.477614
Epoch 18 Batch 3 | Loss: 0.537679
Epoch 18 Batch 4 | Loss: 0.503985
Epoch 18 Batch 5 | Loss: 0.526825
Epoch 18 Batch 6 | Loss: 0.533648
Epoch 18 Batch 7 | Loss: 0.510203
Epoch 18 Batch 8 | Loss: 0.524458
Epoch 18 Batch 9 | Loss: 0.487283
Epoch 18 Batch 10 | Loss: 0.541775
Epoch 18 Batch 11 | Loss: 0.506103
Epoch 18 Batch 12 | Loss: 0.548874
Epoch 18 Batch 13 | Loss: 0.507196
--- Epoch 18/30 | Loss: 0.5174 | Train Acc: 90.0% | Test Acc: 86.6% | CM: [TP:73, TN:76, FP:10, FN:13] | Progress: 60.0% | ETA: 3.5s ---
Epoch 19 Batch 1 | Loss: 0.530098 | Stats: min: -0.372, max: 0.363, mean: 0.059
Epoch 19 Batch 2 | Loss: 0.527245
Epoch 19 Batch 3 | Loss: 0.501019
Epoch 19 Batch 4 | Loss: 0.496674
Epoch 19 Batch 5 | Loss: 0.557599
Epoch 19 Batch 6 | Loss: 0.545072
Epoch 19 Batch 7 | Loss: 0.531284
Epoch 19 Batch 8 | Loss: 0.478784
Epoch 19 Batch 9 | Loss: 0.509901
Epoch 19 Batch 10 | Loss: 0.531408
Epoch 19 Batch 11 | Loss: 0.481413
Epoch 19 Batch 12 | Loss: 0.521797
Epoch 19 Batch 13 | Loss: 0.514348
--- Epoch 19/30 | Loss: 0.5174 | Train Acc: 90.0% | Test Acc: 86.6% | CM: [TP:73, TN:76, FP:10, FN:13] | Progress: 63.3% | ETA: 3.1s ---
Epoch 20 Batch 1 | Loss: 0.526052 | Stats: min: -0.394, max: 0.387, mean: 0.055
Epoch 20 Batch 2 | Loss: 0.514580
Epoch 20 Batch 3 | Loss: 0.520541
Epoch 20 Batch 4 | Loss: 0.494406
Epoch 20 Batch 5 | Loss: 0.519307
Epoch 20 Batch 6 | Loss: 0.523756
Epoch 20 Batch 7 | Loss: 0.513832
Epoch 20 Batch 8 | Loss: 0.521660
Epoch 20 Batch 9 | Loss: 0.526774
Epoch 20 Batch 10 | Loss: 0.520477
Epoch 20 Batch 11 | Loss: 0.539553
Epoch 20 Batch 12 | Loss: 0.499058
Epoch 20 Batch 13 | Loss: 0.478157
  [STABILITY] Plateau detected. Reducing Learning Rate to 0.002500
--- Epoch 20/30 | Loss: 0.5152 | Train Acc: 89.5% | Test Acc: 86.6% | CM: [TP:73, TN:76, FP:10, FN:13] | Progress: 66.7% | ETA: 3.0s ---
Epoch 21 Batch 1 | Loss: 0.505612 | Stats: min: -0.259, max: 0.234, mean: 0.041
Epoch 21 Batch 2 | Loss: 0.484601
Epoch 21 Batch 3 | Loss: 0.506149
Epoch 21 Batch 4 | Loss: 0.564222
Epoch 21 Batch 5 | Loss: 0.507137
Epoch 21 Batch 6 | Loss: 0.505398
Epoch 21 Batch 7 | Loss: 0.484670
Epoch 21 Batch 8 | Loss: 0.533127
Epoch 21 Batch 9 | Loss: 0.514538
Epoch 21 Batch 10 | Loss: 0.528275
Epoch 21 Batch 11 | Loss: 0.536825
Epoch 21 Batch 12 | Loss: 0.524773
Epoch 21 Batch 13 | Loss: 0.514692
--- Epoch 21/30 | Loss: 0.5162 | Train Acc: 89.5% | Test Acc: 86.6% | CM: [TP:73, TN:76, FP:10, FN:13] | Progress: 70.0% | ETA: 2.2s ---
Epoch 22 Batch 1 | Loss: 0.541926 | Stats: min: -0.198, max: 0.205, mean: 0.025
Epoch 22 Batch 2 | Loss: 0.512035
Epoch 22 Batch 3 | Loss: 0.526028
Epoch 22 Batch 4 | Loss: 0.528405
Epoch 22 Batch 5 | Loss: 0.545786
Epoch 22 Batch 6 | Loss: 0.467798
Epoch 22 Batch 7 | Loss: 0.501709
Epoch 22 Batch 8 | Loss: 0.528257
Epoch 22 Batch 9 | Loss: 0.509288
Epoch 22 Batch 10 | Loss: 0.509186
Epoch 22 Batch 11 | Loss: 0.521132
Epoch 22 Batch 12 | Loss: 0.492480
Epoch 22 Batch 13 | Loss: 0.526972
--- Epoch 22/30 | Loss: 0.5162 | Train Acc: 89.5% | Test Acc: 86.6% | CM: [TP:73, TN:76, FP:10, FN:13] | Progress: 73.3% | ETA: 1.5s ---
Epoch 23 Batch 1 | Loss: 0.522114 | Stats: min: -0.328, max: 0.205, mean: -0.026
Epoch 23 Batch 2 | Loss: 0.502941
Epoch 23 Batch 3 | Loss: 0.507753
Epoch 23 Batch 4 | Loss: 0.492364
Epoch 23 Batch 5 | Loss: 0.482206
Epoch 23 Batch 6 | Loss: 0.508769
Epoch 23 Batch 7 | Loss: 0.514941
Epoch 23 Batch 8 | Loss: 0.532963
Epoch 23 Batch 9 | Loss: 0.522775
Epoch 23 Batch 10 | Loss: 0.505840
Epoch 23 Batch 11 | Loss: 0.530902
Epoch 23 Batch 12 | Loss: 0.541263
Epoch 23 Batch 13 | Loss: 0.564615
  [STABILITY] Plateau detected. Reducing Learning Rate to 0.001250
--- Epoch 23/30 | Loss: 0.5176 | Train Acc: 91.0% | Test Acc: 86.6% | CM: [TP:73, TN:76, FP:10, FN:13] | Progress: 76.7% | ETA: 1.2s ---
Epoch 24 Batch 1 | Loss: 0.531688 | Stats: min: -0.023, max: 0.122, mean: 0.074
Epoch 24 Batch 2 | Loss: 0.546662
Epoch 24 Batch 3 | Loss: 0.559101
Epoch 24 Batch 4 | Loss: 0.499146
Epoch 24 Batch 5 | Loss: 0.521324
Epoch 24 Batch 6 | Loss: 0.464262
Epoch 24 Batch 7 | Loss: 0.512164
Epoch 24 Batch 8 | Loss: 0.495313
Epoch 24 Batch 9 | Loss: 0.525031
Epoch 24 Batch 10 | Loss: 0.519815
Epoch 24 Batch 11 | Loss: 0.512100
Epoch 24 Batch 12 | Loss: 0.484857
Epoch 24 Batch 13 | Loss: 0.535087
--- Epoch 24/30 | Loss: 0.5159 | Train Acc: 91.0% | Test Acc: 86.6% | CM: [TP:72, TN:77, FP:9, FN:14] | Progress: 80.0% | ETA: 1.0s ---
Epoch 25 Batch 1 | Loss: 0.531971 | Stats: min: -0.283, max: 0.245, mean: -0.104
Epoch 25 Batch 2 | Loss: 0.510879
Epoch 25 Batch 3 | Loss: 0.485233
Epoch 25 Batch 4 | Loss: 0.485385
Epoch 25 Batch 5 | Loss: 0.515969
Epoch 25 Batch 6 | Loss: 0.526044
Epoch 25 Batch 7 | Loss: 0.527118
Epoch 25 Batch 8 | Loss: 0.497618
Epoch 25 Batch 9 | Loss: 0.535625
Epoch 25 Batch 10 | Loss: 0.547712
Epoch 25 Batch 11 | Loss: 0.523503
Epoch 25 Batch 12 | Loss: 0.509218
Epoch 25 Batch 13 | Loss: 0.477761
--- Epoch 25/30 | Loss: 0.5134 | Train Acc: 91.0% | Test Acc: 86.6% | CM: [TP:72, TN:77, FP:9, FN:14] | Progress: 83.3% | ETA: 0.8s ---
Epoch 26 Batch 1 | Loss: 0.512269 | Stats: min: -0.326, max: 0.082, mean: -0.155
Epoch 26 Batch 2 | Loss: 0.559784
Epoch 26 Batch 3 | Loss: 0.528310
Epoch 26 Batch 4 | Loss: 0.507115
Epoch 26 Batch 5 | Loss: 0.503733
Epoch 26 Batch 6 | Loss: 0.495899
Epoch 26 Batch 7 | Loss: 0.487445
Epoch 26 Batch 8 | Loss: 0.513915
Epoch 26 Batch 9 | Loss: 0.524688
Epoch 26 Batch 10 | Loss: 0.487139
Epoch 26 Batch 11 | Loss: 0.510849
Epoch 26 Batch 12 | Loss: 0.545267
Epoch 26 Batch 13 | Loss: 0.519212
  [STABILITY] Plateau detected. Reducing Learning Rate to 0.000625
--- Epoch 26/30 | Loss: 0.5150 | Train Acc: 91.0% | Test Acc: 86.6% | CM: [TP:72, TN:77, FP:9, FN:14] | Progress: 86.7% | ETA: 0.6s ---
Epoch 27 Batch 1 | Loss: 0.524123 | Stats: min: -0.182, max: 0.217, mean: -0.003
Epoch 27 Batch 2 | Loss: 0.579855
Epoch 27 Batch 3 | Loss: 0.536860
Epoch 27 Batch 4 | Loss: 0.474680
Epoch 27 Batch 5 | Loss: 0.506363
Epoch 27 Batch 6 | Loss: 0.517481
Epoch 27 Batch 7 | Loss: 0.513066
Epoch 27 Batch 8 | Loss: 0.462545
Epoch 27 Batch 9 | Loss: 0.529649
Epoch 27 Batch 10 | Loss: 0.540439
Epoch 27 Batch 11 | Loss: 0.524243
Epoch 27 Batch 12 | Loss: 0.486776
Epoch 27 Batch 13 | Loss: 0.472551
--- Epoch 27/30 | Loss: 0.5130 | Train Acc: 91.0% | Test Acc: 86.6% | CM: [TP:72, TN:77, FP:9, FN:14] | Progress: 90.0% | ETA: 0.5s ---
Epoch 28 Batch 1 | Loss: 0.541572 | Stats: min: -0.447, max: 0.296, mean: -0.157
Epoch 28 Batch 2 | Loss: 0.486448
Epoch 28 Batch 3 | Loss: 0.509950
Epoch 28 Batch 4 | Loss: 0.515611
Epoch 28 Batch 5 | Loss: 0.526826
Epoch 28 Batch 6 | Loss: 0.519434
Epoch 28 Batch 7 | Loss: 0.534059
Epoch 28 Batch 8 | Loss: 0.524955
Epoch 28 Batch 9 | Loss: 0.480053
Epoch 28 Batch 10 | Loss: 0.543551
Epoch 28 Batch 11 | Loss: 0.503775
Epoch 28 Batch 12 | Loss: 0.510663
Epoch 28 Batch 13 | Loss: 0.465925
--- Epoch 28/30 | Loss: 0.5125 | Train Acc: 91.0% | Test Acc: 86.6% | CM: [TP:72, TN:77, FP:9, FN:14] | Progress: 93.3% | ETA: 0.3s ---
Epoch 29 Batch 1 | Loss: 0.525377 | Stats: min: -0.168, max: 0.353, mean: -0.028
Epoch 29 Batch 2 | Loss: 0.533698
Epoch 29 Batch 3 | Loss: 0.500821
Epoch 29 Batch 4 | Loss: 0.532382
Epoch 29 Batch 5 | Loss: 0.503182
Epoch 29 Batch 6 | Loss: 0.504059
Epoch 29 Batch 7 | Loss: 0.529759
Epoch 29 Batch 8 | Loss: 0.494835
Epoch 29 Batch 9 | Loss: 0.514225
Epoch 29 Batch 10 | Loss: 0.498282
Epoch 29 Batch 11 | Loss: 0.514770
Epoch 29 Batch 12 | Loss: 0.516683
Epoch 29 Batch 13 | Loss: 0.524971
  [STABILITY] Plateau detected. Reducing Learning Rate to 0.000313
--- Epoch 29/30 | Loss: 0.5148 | Train Acc: 91.0% | Test Acc: 87.2% | CM: [TP:73, TN:77, FP:9, FN:13] | Progress: 96.7% | ETA: 0.1s ---
Epoch 30 Batch 1 | Loss: 0.542084 | Stats: min: -0.035, max: 0.127, mean: 0.056
Epoch 30 Batch 2 | Loss: 0.531004
Epoch 30 Batch 3 | Loss: 0.513535
Epoch 30 Batch 4 | Loss: 0.499744
Epoch 30 Batch 5 | Loss: 0.495683
Epoch 30 Batch 6 | Loss: 0.527259
Epoch 30 Batch 7 | Loss: 0.512304
Epoch 30 Batch 8 | Loss: 0.524063
Epoch 30 Batch 9 | Loss: 0.520695
Epoch 30 Batch 10 | Loss: 0.494777
Epoch 30 Batch 11 | Loss: 0.495485
Epoch 30 Batch 12 | Loss: 0.499134
Epoch 30 Batch 13 | Loss: 0.548185
--- Epoch 30/30 | Loss: 0.5157 | Train Acc: 91.0% | Test Acc: 87.2% | CM: [TP:73, TN:77, FP:9, FN:13] | Progress: 100.0% | ETA: 0.0s ---

Final Best Test Accuracy: 87.79%


Best Quantum Test Accuracy: 0.878
