DEBUG: Qtrainer enters train_pure_quantum_cnn. Encoding: amplitude
  Class Weights: +1 (Target): 1.00 | -1 (Rest): 1.00
Starting Training
==================================================
Epoch 1 Batch 1 | Loss: 0.742489 | Stats: min: -0.083, max: 0.026, mean: -0.029
Epoch 1 Batch 2 | Loss: 0.699742
Epoch 1 Batch 3 | Loss: 0.687720
Epoch 1 Batch 4 | Loss: 0.694402
Epoch 1 Batch 5 | Loss: 0.685604
Epoch 1 Batch 6 | Loss: 0.670403
Epoch 1 Batch 7 | Loss: 0.676564
Epoch 1 Batch 8 | Loss: 0.638162
Epoch 1 Batch 9 | Loss: 0.659998
Epoch 1 Batch 10 | Loss: 0.644512
Epoch 1 Batch 11 | Loss: 0.642620
Epoch 1 Batch 12 | Loss: 0.631086
Epoch 1 Batch 13 | Loss: 0.604212
  [STABILITY] Test accuracy improved: 0.00% -> 41.28% (via EMA). Saving best params.
--- Epoch 1/30 | Loss: 0.6675 | Train Acc: 40.5% | Test Acc: 41.3% | CM: [TP:12, TN:59, FP:27, FN:74] | Progress: 3.3% | ETA: 201.0s ---
Epoch 2 Batch 1 | Loss: 0.643152 | Stats: min: -0.016, max: 0.038, mean: 0.011
Epoch 2 Batch 2 | Loss: 0.635376
Epoch 2 Batch 3 | Loss: 0.607528
Epoch 2 Batch 4 | Loss: 0.608127
Epoch 2 Batch 5 | Loss: 0.613793
Epoch 2 Batch 6 | Loss: 0.622749
Epoch 2 Batch 7 | Loss: 0.599884
Epoch 2 Batch 8 | Loss: 0.613095
Epoch 2 Batch 9 | Loss: 0.586620
Epoch 2 Batch 10 | Loss: 0.613142
Epoch 2 Batch 11 | Loss: 0.596968
Epoch 2 Batch 12 | Loss: 0.576756
Epoch 2 Batch 13 | Loss: 0.605010
  [STABILITY] Test accuracy improved: 41.28% -> 51.16% (via EMA). Saving best params.
--- Epoch 2/30 | Loss: 0.6094 | Train Acc: 51.0% | Test Acc: 51.2% | CM: [TP:21, TN:67, FP:19, FN:65] | Progress: 6.7% | ETA: 105.3s ---
Epoch 3 Batch 1 | Loss: 0.596074 | Stats: min: -0.154, max: 0.157, mean: 0.030
Epoch 3 Batch 2 | Loss: 0.588554
Epoch 3 Batch 3 | Loss: 0.581185
Epoch 3 Batch 4 | Loss: 0.582808
Epoch 3 Batch 5 | Loss: 0.611559
Epoch 3 Batch 6 | Loss: 0.602537
Epoch 3 Batch 7 | Loss: 0.585632
Epoch 3 Batch 8 | Loss: 0.596734
Epoch 3 Batch 9 | Loss: 0.595677
Epoch 3 Batch 10 | Loss: 0.566942
Epoch 3 Batch 11 | Loss: 0.604735
Epoch 3 Batch 12 | Loss: 0.590139
Epoch 3 Batch 13 | Loss: 0.553724
  [STABILITY] Test accuracy improved: 51.16% -> 60.47% (via EMA). Saving best params.
--- Epoch 3/30 | Loss: 0.5889 | Train Acc: 61.5% | Test Acc: 60.5% | CM: [TP:37, TN:67, FP:19, FN:49] | Progress: 10.0% | ETA: 97.8s ---
Epoch 4 Batch 1 | Loss: 0.556509 | Stats: min: -0.127, max: 0.280, mean: 0.146
Epoch 4 Batch 2 | Loss: 0.590669
Epoch 4 Batch 3 | Loss: 0.564885
Epoch 4 Batch 4 | Loss: 0.580472
Epoch 4 Batch 5 | Loss: 0.587306
Epoch 4 Batch 6 | Loss: 0.565724
Epoch 4 Batch 7 | Loss: 0.560887
Epoch 4 Batch 8 | Loss: 0.592247
Epoch 4 Batch 9 | Loss: 0.610279
Epoch 4 Batch 10 | Loss: 0.560336
Epoch 4 Batch 11 | Loss: 0.531517
Epoch 4 Batch 12 | Loss: 0.606513
Epoch 4 Batch 13 | Loss: 0.602083
  [STABILITY] Test accuracy improved: 60.47% -> 72.09% (via EMA). Saving best params.
--- Epoch 4/30 | Loss: 0.5776 | Train Acc: 74.5% | Test Acc: 72.1% | CM: [TP:57, TN:67, FP:19, FN:29] | Progress: 13.3% | ETA: 59.0s ---
Epoch 5 Batch 1 | Loss: 0.574196 | Stats: min: -0.184, max: 0.265, mean: -0.005
Epoch 5 Batch 2 | Loss: 0.563313
Epoch 5 Batch 3 | Loss: 0.547436
Epoch 5 Batch 4 | Loss: 0.572874
Epoch 5 Batch 5 | Loss: 0.571304
Epoch 5 Batch 6 | Loss: 0.588260
Epoch 5 Batch 7 | Loss: 0.559383
Epoch 5 Batch 8 | Loss: 0.575685
Epoch 5 Batch 9 | Loss: 0.573177
Epoch 5 Batch 10 | Loss: 0.581116
Epoch 5 Batch 11 | Loss: 0.552848
Epoch 5 Batch 12 | Loss: 0.556024
Epoch 5 Batch 13 | Loss: 0.550355
  [STABILITY] Test accuracy improved: 72.09% -> 77.33% (via EMA). Saving best params.
--- Epoch 5/30 | Loss: 0.5666 | Train Acc: 82.5% | Test Acc: 77.3% | CM: [TP:68, TN:65, FP:21, FN:18] | Progress: 16.7% | ETA: 37.3s ---
Epoch 6 Batch 1 | Loss: 0.591817 | Stats: min: -0.117, max: 0.135, mean: -0.053
Epoch 6 Batch 2 | Loss: 0.573632
Epoch 6 Batch 3 | Loss: 0.550932
Epoch 6 Batch 4 | Loss: 0.524151
Epoch 6 Batch 5 | Loss: 0.534621
Epoch 6 Batch 6 | Loss: 0.525664
Epoch 6 Batch 7 | Loss: 0.534527
Epoch 6 Batch 8 | Loss: 0.553872
Epoch 6 Batch 9 | Loss: 0.541372
Epoch 6 Batch 10 | Loss: 0.566318
Epoch 6 Batch 11 | Loss: 0.590164
Epoch 6 Batch 12 | Loss: 0.562773
Epoch 6 Batch 13 | Loss: 0.604525
  [STABILITY] Test accuracy improved: 77.33% -> 81.40% (via EMA). Saving best params.
--- Epoch 6/30 | Loss: 0.5580 | Train Acc: 85.5% | Test Acc: 81.4% | CM: [TP:75, TN:65, FP:21, FN:11] | Progress: 20.0% | ETA: 52.1s ---
Epoch 7 Batch 1 | Loss: 0.573386 | Stats: min: -0.273, max: 0.195, mean: -0.103
Epoch 7 Batch 2 | Loss: 0.521939
Epoch 7 Batch 3 | Loss: 0.562144
Epoch 7 Batch 4 | Loss: 0.546811
Epoch 7 Batch 5 | Loss: 0.567337
Epoch 7 Batch 6 | Loss: 0.552398
Epoch 7 Batch 7 | Loss: 0.510094
Epoch 7 Batch 8 | Loss: 0.558663
Epoch 7 Batch 9 | Loss: 0.569193
Epoch 7 Batch 10 | Loss: 0.535640
Epoch 7 Batch 11 | Loss: 0.543405
Epoch 7 Batch 12 | Loss: 0.565333
Epoch 7 Batch 13 | Loss: 0.567251
  [STABILITY] Test accuracy improved: 81.40% -> 84.88% (via EMA). Saving best params.
--- Epoch 7/30 | Loss: 0.5518 | Train Acc: 86.0% | Test Acc: 84.9% | CM: [TP:79, TN:67, FP:19, FN:7] | Progress: 23.3% | ETA: 42.8s ---
Epoch 8 Batch 1 | Loss: 0.515248 | Stats: min: -0.104, max: 0.366, mean: 0.099
Epoch 8 Batch 2 | Loss: 0.570425
Epoch 8 Batch 3 | Loss: 0.507590
Epoch 8 Batch 4 | Loss: 0.512444
Epoch 8 Batch 5 | Loss: 0.582504
Epoch 8 Batch 6 | Loss: 0.579517
Epoch 8 Batch 7 | Loss: 0.560700
Epoch 8 Batch 8 | Loss: 0.569696
Epoch 8 Batch 9 | Loss: 0.530906
Epoch 8 Batch 10 | Loss: 0.563437
Epoch 8 Batch 11 | Loss: 0.570553
Epoch 8 Batch 12 | Loss: 0.536348
Epoch 8 Batch 13 | Loss: 0.546467
  [STABILITY] Test accuracy improved: 84.88% -> 88.37% (via EMA). Saving best params.
--- Epoch 8/30 | Loss: 0.5497 | Train Acc: 86.5% | Test Acc: 88.4% | CM: [TP:81, TN:71, FP:15, FN:5] | Progress: 26.7% | ETA: 35.9s ---
Epoch 9 Batch 1 | Loss: 0.525481 | Stats: min: -0.094, max: 0.296, mean: 0.156
Epoch 9 Batch 2 | Loss: 0.531419
Epoch 9 Batch 3 | Loss: 0.561120
Epoch 9 Batch 4 | Loss: 0.529391
Epoch 9 Batch 5 | Loss: 0.525989
Epoch 9 Batch 6 | Loss: 0.527898
Epoch 9 Batch 7 | Loss: 0.547738
Epoch 9 Batch 8 | Loss: 0.549910
Epoch 9 Batch 9 | Loss: 0.529798
Epoch 9 Batch 10 | Loss: 0.574710
Epoch 9 Batch 11 | Loss: 0.565168
Epoch 9 Batch 12 | Loss: 0.547172
Epoch 9 Batch 13 | Loss: 0.561417
--- Epoch 9/30 | Loss: 0.5444 | Train Acc: 88.0% | Test Acc: 88.4% | CM: [TP:81, TN:71, FP:15, FN:5] | Progress: 30.0% | ETA: 30.5s ---
Epoch 10 Batch 1 | Loss: 0.513294 | Stats: min: 0.141, max: 0.344, mean: 0.269
Epoch 10 Batch 2 | Loss: 0.558004
Epoch 10 Batch 3 | Loss: 0.529363
Epoch 10 Batch 4 | Loss: 0.514938
Epoch 10 Batch 5 | Loss: 0.557144
Epoch 10 Batch 6 | Loss: 0.519181
Epoch 10 Batch 7 | Loss: 0.573425
Epoch 10 Batch 8 | Loss: 0.543876
Epoch 10 Batch 9 | Loss: 0.537519
Epoch 10 Batch 10 | Loss: 0.538151
Epoch 10 Batch 11 | Loss: 0.551659
Epoch 10 Batch 12 | Loss: 0.559020
Epoch 10 Batch 13 | Loss: 0.540951
  [STABILITY] Test accuracy improved: 88.37% -> 89.53% (via EMA). Saving best params.
--- Epoch 10/30 | Loss: 0.5413 | Train Acc: 89.0% | Test Acc: 89.5% | CM: [TP:82, TN:72, FP:14, FN:4] | Progress: 33.3% | ETA: 26.0s ---
Epoch 11 Batch 1 | Loss: 0.520200 | Stats: min: -0.153, max: 0.308, mean: 0.148
Epoch 11 Batch 2 | Loss: 0.521733
Epoch 11 Batch 3 | Loss: 0.541745
Epoch 11 Batch 4 | Loss: 0.536824
Epoch 11 Batch 5 | Loss: 0.540436
Epoch 11 Batch 6 | Loss: 0.536721
Epoch 11 Batch 7 | Loss: 0.542525
Epoch 11 Batch 8 | Loss: 0.550701
Epoch 11 Batch 9 | Loss: 0.553868
Epoch 11 Batch 10 | Loss: 0.556001
Epoch 11 Batch 11 | Loss: 0.554623
Epoch 11 Batch 12 | Loss: 0.532483
Epoch 11 Batch 13 | Loss: 0.567188
  [STABILITY] Test accuracy improved: 89.53% -> 90.12% (via EMA). Saving best params.
--- Epoch 11/30 | Loss: 0.5427 | Train Acc: 90.0% | Test Acc: 90.1% | CM: [TP:81, TN:74, FP:12, FN:5] | Progress: 36.7% | ETA: 22.0s ---
Epoch 12 Batch 1 | Loss: 0.564383 | Stats: min: -0.197, max: 0.460, mean: 0.056
Epoch 12 Batch 2 | Loss: 0.524273
Epoch 12 Batch 3 | Loss: 0.556695
Epoch 12 Batch 4 | Loss: 0.515076
Epoch 12 Batch 5 | Loss: 0.525380
Epoch 12 Batch 6 | Loss: 0.546917
Epoch 12 Batch 7 | Loss: 0.514336
Epoch 12 Batch 8 | Loss: 0.557744
Epoch 12 Batch 9 | Loss: 0.526204
Epoch 12 Batch 10 | Loss: 0.534460
Epoch 12 Batch 11 | Loss: 0.536158
Epoch 12 Batch 12 | Loss: 0.528357
Epoch 12 Batch 13 | Loss: 0.533199
  [STABILITY] Test accuracy improved: 90.12% -> 91.28% (via EMA). Saving best params.
--- Epoch 12/30 | Loss: 0.5356 | Train Acc: 90.0% | Test Acc: 91.3% | CM: [TP:82, TN:75, FP:11, FN:4] | Progress: 40.0% | ETA: 19.1s ---
Epoch 13 Batch 1 | Loss: 0.531235 | Stats: min: -0.178, max: 0.345, mean: 0.048
Epoch 13 Batch 2 | Loss: 0.540079
Epoch 13 Batch 3 | Loss: 0.508962
Epoch 13 Batch 4 | Loss: 0.567692
Epoch 13 Batch 5 | Loss: 0.508828
Epoch 13 Batch 6 | Loss: 0.527714
Epoch 13 Batch 7 | Loss: 0.499817
Epoch 13 Batch 8 | Loss: 0.555832
Epoch 13 Batch 9 | Loss: 0.554823
Epoch 13 Batch 10 | Loss: 0.542486
Epoch 13 Batch 11 | Loss: 0.535246
Epoch 13 Batch 12 | Loss: 0.521720
Epoch 13 Batch 13 | Loss: 0.563408
--- Epoch 13/30 | Loss: 0.5352 | Train Acc: 90.0% | Test Acc: 91.3% | CM: [TP:82, TN:75, FP:11, FN:4] | Progress: 43.3% | ETA: 16.6s ---
Epoch 14 Batch 1 | Loss: 0.548439 | Stats: min: -0.133, max: 0.431, mean: 0.100
Epoch 14 Batch 2 | Loss: 0.594198
Epoch 14 Batch 3 | Loss: 0.514357
Epoch 14 Batch 4 | Loss: 0.529878
Epoch 14 Batch 5 | Loss: 0.497595
Epoch 14 Batch 6 | Loss: 0.535981
Epoch 14 Batch 7 | Loss: 0.529525
Epoch 14 Batch 8 | Loss: 0.508464
Epoch 14 Batch 9 | Loss: 0.549806
Epoch 14 Batch 10 | Loss: 0.503692
Epoch 14 Batch 11 | Loss: 0.540618
Epoch 14 Batch 12 | Loss: 0.519986
Epoch 14 Batch 13 | Loss: 0.556984
--- Epoch 14/30 | Loss: 0.5330 | Train Acc: 91.0% | Test Acc: 91.3% | CM: [TP:82, TN:75, FP:11, FN:4] | Progress: 46.7% | ETA: 14.5s ---
Epoch 15 Batch 1 | Loss: 0.476873 | Stats: min: -0.124, max: 0.422, mean: 0.192
Epoch 15 Batch 2 | Loss: 0.530548
Epoch 15 Batch 3 | Loss: 0.492355
Epoch 15 Batch 4 | Loss: 0.513364
Epoch 15 Batch 5 | Loss: 0.511636
Epoch 15 Batch 6 | Loss: 0.563223
Epoch 15 Batch 7 | Loss: 0.554618
Epoch 15 Batch 8 | Loss: 0.523423
Epoch 15 Batch 9 | Loss: 0.505341
Epoch 15 Batch 10 | Loss: 0.533370
Epoch 15 Batch 11 | Loss: 0.570738
Epoch 15 Batch 12 | Loss: 0.546696
Epoch 15 Batch 13 | Loss: 0.542670
  [STABILITY] Test accuracy improved: 91.28% -> 92.44% (via EMA). Saving best params.
--- Epoch 15/30 | Loss: 0.5281 | Train Acc: 92.0% | Test Acc: 92.4% | CM: [TP:84, TN:75, FP:11, FN:2] | Progress: 50.0% | ETA: 12.8s ---
Epoch 16 Batch 1 | Loss: 0.501800 | Stats: min: -0.202, max: 0.300, mean: 0.089
Epoch 16 Batch 2 | Loss: 0.525543
Epoch 16 Batch 3 | Loss: 0.556579
Epoch 16 Batch 4 | Loss: 0.518600
Epoch 16 Batch 5 | Loss: 0.558610
Epoch 16 Batch 6 | Loss: 0.537738
Epoch 16 Batch 7 | Loss: 0.524234
Epoch 16 Batch 8 | Loss: 0.531151
Epoch 16 Batch 9 | Loss: 0.527467
Epoch 16 Batch 10 | Loss: 0.518319
Epoch 16 Batch 11 | Loss: 0.510794
Epoch 16 Batch 12 | Loss: 0.542017
Epoch 16 Batch 13 | Loss: 0.510584
--- Epoch 16/30 | Loss: 0.5280 | Train Acc: 93.0% | Test Acc: 91.9% | CM: [TP:84, TN:74, FP:12, FN:2] | Progress: 53.3% | ETA: 11.1s ---
Epoch 17 Batch 1 | Loss: 0.545143 | Stats: min: -0.129, max: 0.229, mean: 0.032
Epoch 17 Batch 2 | Loss: 0.528613
Epoch 17 Batch 3 | Loss: 0.546224
Epoch 17 Batch 4 | Loss: 0.520278
Epoch 17 Batch 5 | Loss: 0.520117
Epoch 17 Batch 6 | Loss: 0.527570
Epoch 17 Batch 7 | Loss: 0.494265
Epoch 17 Batch 8 | Loss: 0.551075
Epoch 17 Batch 9 | Loss: 0.546493
Epoch 17 Batch 10 | Loss: 0.510424
Epoch 17 Batch 11 | Loss: 0.550993
Epoch 17 Batch 12 | Loss: 0.492004
Epoch 17 Batch 13 | Loss: 0.532568
--- Epoch 17/30 | Loss: 0.5281 | Train Acc: 92.5% | Test Acc: 91.3% | CM: [TP:84, TN:73, FP:13, FN:2] | Progress: 56.7% | ETA: 9.7s ---
Epoch 18 Batch 1 | Loss: 0.501804 | Stats: min: -0.315, max: 0.326, mean: 0.072
Epoch 18 Batch 2 | Loss: 0.508168
Epoch 18 Batch 3 | Loss: 0.532512
Epoch 18 Batch 4 | Loss: 0.506294
Epoch 18 Batch 5 | Loss: 0.525991
Epoch 18 Batch 6 | Loss: 0.504781
Epoch 18 Batch 7 | Loss: 0.560086
Epoch 18 Batch 8 | Loss: 0.516179
Epoch 18 Batch 9 | Loss: 0.469004
Epoch 18 Batch 10 | Loss: 0.518270
Epoch 18 Batch 11 | Loss: 0.561208
Epoch 18 Batch 12 | Loss: 0.588466
Epoch 18 Batch 13 | Loss: 0.511349
  [STABILITY] Plateau detected. Reducing Learning Rate to 0.010000
--- Epoch 18/30 | Loss: 0.5234 | Train Acc: 93.0% | Test Acc: 91.9% | CM: [TP:85, TN:73, FP:13, FN:1] | Progress: 60.0% | ETA: 8.5s ---
Epoch 19 Batch 1 | Loss: 0.524764 | Stats: min: -0.322, max: 0.432, mean: 0.062
Epoch 19 Batch 2 | Loss: 0.524189
Epoch 19 Batch 3 | Loss: 0.542666
Epoch 19 Batch 4 | Loss: 0.550512
Epoch 19 Batch 5 | Loss: 0.510571
Epoch 19 Batch 6 | Loss: 0.517256
Epoch 19 Batch 7 | Loss: 0.539497
Epoch 19 Batch 8 | Loss: 0.514723
Epoch 19 Batch 9 | Loss: 0.531539
Epoch 19 Batch 10 | Loss: 0.488146
Epoch 19 Batch 11 | Loss: 0.508688
Epoch 19 Batch 12 | Loss: 0.515261
Epoch 19 Batch 13 | Loss: 0.504989
--- Epoch 19/30 | Loss: 0.5210 | Train Acc: 93.0% | Test Acc: 91.3% | CM: [TP:85, TN:72, FP:14, FN:1] | Progress: 63.3% | ETA: 7.3s ---
Epoch 20 Batch 1 | Loss: 0.521396 | Stats: min: -0.179, max: 0.365, mean: 0.130
Epoch 20 Batch 2 | Loss: 0.532726
Epoch 20 Batch 3 | Loss: 0.491089
Epoch 20 Batch 4 | Loss: 0.546715
Epoch 20 Batch 5 | Loss: 0.495004
Epoch 20 Batch 6 | Loss: 0.547311
Epoch 20 Batch 7 | Loss: 0.536708
Epoch 20 Batch 8 | Loss: 0.539845
Epoch 20 Batch 9 | Loss: 0.489784
Epoch 20 Batch 10 | Loss: 0.513315
Epoch 20 Batch 11 | Loss: 0.534090
Epoch 20 Batch 12 | Loss: 0.498116
Epoch 20 Batch 13 | Loss: 0.509622
--- Epoch 20/30 | Loss: 0.5197 | Train Acc: 93.0% | Test Acc: 90.7% | CM: [TP:85, TN:71, FP:15, FN:1] | Progress: 66.7% | ETA: 6.4s ---
Epoch 21 Batch 1 | Loss: 0.547610 | Stats: min: -0.174, max: 0.366, mean: 0.115
Epoch 21 Batch 2 | Loss: 0.523857
Epoch 21 Batch 3 | Loss: 0.485827
Epoch 21 Batch 4 | Loss: 0.501390
Epoch 21 Batch 5 | Loss: 0.503942
Epoch 21 Batch 6 | Loss: 0.544990
Epoch 21 Batch 7 | Loss: 0.500359
Epoch 21 Batch 8 | Loss: 0.519833
Epoch 21 Batch 9 | Loss: 0.501721
Epoch 21 Batch 10 | Loss: 0.523402
Epoch 21 Batch 11 | Loss: 0.533999
Epoch 21 Batch 12 | Loss: 0.533976
Epoch 21 Batch 13 | Loss: 0.551318
  [STABILITY] Plateau detected. Reducing Learning Rate to 0.005000
--- Epoch 21/30 | Loss: 0.5209 | Train Acc: 93.0% | Test Acc: 89.0% | CM: [TP:85, TN:68, FP:18, FN:1] | Progress: 70.0% | ETA: 5.4s ---
Epoch 22 Batch 1 | Loss: 0.527024 | Stats: min: -0.199, max: 0.240, mean: 0.037
Epoch 22 Batch 2 | Loss: 0.483975
Epoch 22 Batch 3 | Loss: 0.531042
Epoch 22 Batch 4 | Loss: 0.498874
Epoch 22 Batch 5 | Loss: 0.499892
Epoch 22 Batch 6 | Loss: 0.532788
Epoch 22 Batch 7 | Loss: 0.507973
Epoch 22 Batch 8 | Loss: 0.540707
Epoch 22 Batch 9 | Loss: 0.535429
Epoch 22 Batch 10 | Loss: 0.530290
Epoch 22 Batch 11 | Loss: 0.496636
Epoch 22 Batch 12 | Loss: 0.523589
Epoch 22 Batch 13 | Loss: 0.538286
--- Epoch 22/30 | Loss: 0.5190 | Train Acc: 93.0% | Test Acc: 88.4% | CM: [TP:85, TN:67, FP:19, FN:1] | Progress: 73.3% | ETA: 4.6s ---
Epoch 23 Batch 1 | Loss: 0.524628 | Stats: min: -0.262, max: 0.292, mean: -0.015
Epoch 23 Batch 2 | Loss: 0.514634
Epoch 23 Batch 3 | Loss: 0.556013
Epoch 23 Batch 4 | Loss: 0.511064
Epoch 23 Batch 5 | Loss: 0.526698
Epoch 23 Batch 6 | Loss: 0.527297
Epoch 23 Batch 7 | Loss: 0.502120
Epoch 23 Batch 8 | Loss: 0.497965
Epoch 23 Batch 9 | Loss: 0.533166
Epoch 23 Batch 10 | Loss: 0.511161
Epoch 23 Batch 11 | Loss: 0.509929
Epoch 23 Batch 12 | Loss: 0.513579
Epoch 23 Batch 13 | Loss: 0.503018
--- Epoch 23/30 | Loss: 0.5178 | Train Acc: 93.0% | Test Acc: 89.0% | CM: [TP:85, TN:68, FP:18, FN:1] | Progress: 76.7% | ETA: 3.9s ---
Epoch 24 Batch 1 | Loss: 0.460795 | Stats: min: -0.330, max: 0.452, mean: 0.105
Epoch 24 Batch 2 | Loss: 0.541563
Epoch 24 Batch 3 | Loss: 0.535161
Epoch 24 Batch 4 | Loss: 0.511787
Epoch 24 Batch 5 | Loss: 0.500855
Epoch 24 Batch 6 | Loss: 0.541644
Epoch 24 Batch 7 | Loss: 0.534334
Epoch 24 Batch 8 | Loss: 0.508173
Epoch 24 Batch 9 | Loss: 0.534501
Epoch 24 Batch 10 | Loss: 0.519941
Epoch 24 Batch 11 | Loss: 0.520181
Epoch 24 Batch 12 | Loss: 0.515821
Epoch 24 Batch 13 | Loss: 0.502335
  [STABILITY] Plateau detected. Reducing Learning Rate to 0.002500
--- Epoch 24/30 | Loss: 0.5175 | Train Acc: 93.5% | Test Acc: 89.0% | CM: [TP:85, TN:68, FP:18, FN:1] | Progress: 80.0% | ETA: 3.1s ---
Epoch 25 Batch 1 | Loss: 0.533804 | Stats: min: -0.204, max: 0.322, mean: -0.059
Epoch 25 Batch 2 | Loss: 0.503711
Epoch 25 Batch 3 | Loss: 0.487717
Epoch 25 Batch 4 | Loss: 0.517040
Epoch 25 Batch 5 | Loss: 0.523783
Epoch 25 Batch 6 | Loss: 0.535996
Epoch 25 Batch 7 | Loss: 0.522636
Epoch 25 Batch 8 | Loss: 0.550830
Epoch 25 Batch 9 | Loss: 0.491191
Epoch 25 Batch 10 | Loss: 0.538436
Epoch 25 Batch 11 | Loss: 0.506616
Epoch 25 Batch 12 | Loss: 0.511727
Epoch 25 Batch 13 | Loss: 0.484315
--- Epoch 25/30 | Loss: 0.5160 | Train Acc: 93.5% | Test Acc: 89.5% | CM: [TP:85, TN:69, FP:17, FN:1] | Progress: 83.3% | ETA: 2.6s ---
Epoch 26 Batch 1 | Loss: 0.561215 | Stats: min: -0.291, max: 0.170, mean: -0.075
Epoch 26 Batch 2 | Loss: 0.529524
Epoch 26 Batch 3 | Loss: 0.524557
Epoch 26 Batch 4 | Loss: 0.509818
Epoch 26 Batch 5 | Loss: 0.533318
Epoch 26 Batch 6 | Loss: 0.478723
Epoch 26 Batch 7 | Loss: 0.474987
Epoch 26 Batch 8 | Loss: 0.512701
Epoch 26 Batch 9 | Loss: 0.519453
Epoch 26 Batch 10 | Loss: 0.507594
Epoch 26 Batch 11 | Loss: 0.505738
Epoch 26 Batch 12 | Loss: 0.561822
Epoch 26 Batch 13 | Loss: 0.489269
--- Epoch 26/30 | Loss: 0.5161 | Train Acc: 93.5% | Test Acc: 90.1% | CM: [TP:85, TN:70, FP:16, FN:1] | Progress: 86.7% | ETA: 2.0s ---
Epoch 27 Batch 1 | Loss: 0.531226 | Stats: min: -0.236, max: 0.346, mean: 0.107
Epoch 27 Batch 2 | Loss: 0.524267
Epoch 27 Batch 3 | Loss: 0.489322
Epoch 27 Batch 4 | Loss: 0.476025
Epoch 27 Batch 5 | Loss: 0.528837
Epoch 27 Batch 6 | Loss: 0.530400
Epoch 27 Batch 7 | Loss: 0.535253
Epoch 27 Batch 8 | Loss: 0.523568
Epoch 27 Batch 9 | Loss: 0.478164
Epoch 27 Batch 10 | Loss: 0.513777
Epoch 27 Batch 11 | Loss: 0.531690
Epoch 27 Batch 12 | Loss: 0.549040
Epoch 27 Batch 13 | Loss: 0.507094
  [STABILITY] Plateau detected. Reducing Learning Rate to 0.001250
--- Epoch 27/30 | Loss: 0.5168 | Train Acc: 93.5% | Test Acc: 90.1% | CM: [TP:85, TN:70, FP:16, FN:1] | Progress: 90.0% | ETA: 1.5s ---
Epoch 28 Batch 1 | Loss: 0.523877 | Stats: min: -0.281, max: 0.195, mean: -0.006
Epoch 28 Batch 2 | Loss: 0.503835
Epoch 28 Batch 3 | Loss: 0.512516
Epoch 28 Batch 4 | Loss: 0.515963
Epoch 28 Batch 5 | Loss: 0.500171
Epoch 28 Batch 6 | Loss: 0.493112
Epoch 28 Batch 7 | Loss: 0.506880
Epoch 28 Batch 8 | Loss: 0.542286
Epoch 28 Batch 9 | Loss: 0.536098
Epoch 28 Batch 10 | Loss: 0.524725
Epoch 28 Batch 11 | Loss: 0.521739
Epoch 28 Batch 12 | Loss: 0.525726
Epoch 28 Batch 13 | Loss: 0.511587
--- Epoch 28/30 | Loss: 0.5168 | Train Acc: 93.5% | Test Acc: 90.1% | CM: [TP:85, TN:70, FP:16, FN:1] | Progress: 93.3% | ETA: 1.1s ---
Epoch 29 Batch 1 | Loss: 0.497654 | Stats: min: -0.288, max: 0.305, mean: -0.032
Epoch 29 Batch 2 | Loss: 0.537010
Epoch 29 Batch 3 | Loss: 0.531578
Epoch 29 Batch 4 | Loss: 0.508796
Epoch 29 Batch 5 | Loss: 0.492883
Epoch 29 Batch 6 | Loss: 0.525961
Epoch 29 Batch 7 | Loss: 0.533942
Epoch 29 Batch 8 | Loss: 0.487881
Epoch 29 Batch 9 | Loss: 0.509490
Epoch 29 Batch 10 | Loss: 0.536485
Epoch 29 Batch 11 | Loss: 0.528727
Epoch 29 Batch 12 | Loss: 0.522682
Epoch 29 Batch 13 | Loss: 0.498189
--- Epoch 29/30 | Loss: 0.5163 | Train Acc: 94.0% | Test Acc: 90.7% | CM: [TP:85, TN:71, FP:15, FN:1] | Progress: 96.7% | ETA: 0.5s ---
Epoch 30 Batch 1 | Loss: 0.502604 | Stats: min: -0.244, max: 0.399, mean: 0.128
Epoch 30 Batch 2 | Loss: 0.484303
Epoch 30 Batch 3 | Loss: 0.502069
Epoch 30 Batch 4 | Loss: 0.523014
Epoch 30 Batch 5 | Loss: 0.523668
Epoch 30 Batch 6 | Loss: 0.527156
Epoch 30 Batch 7 | Loss: 0.536258
Epoch 30 Batch 8 | Loss: 0.519207
Epoch 30 Batch 9 | Loss: 0.510897
Epoch 30 Batch 10 | Loss: 0.517552
Epoch 30 Batch 11 | Loss: 0.527762
Epoch 30 Batch 12 | Loss: 0.540078
Epoch 30 Batch 13 | Loss: 0.492060
  [STABILITY] Plateau detected. Reducing Learning Rate to 0.000625
--- Epoch 30/30 | Loss: 0.5159 | Train Acc: 94.0% | Test Acc: 90.7% | CM: [TP:85, TN:71, FP:15, FN:1] | Progress: 100.0% | ETA: 0.0s ---

Final Best Test Accuracy: 92.44%


Best Quantum Test Accuracy: 0.924
