DEBUG: Qtrainer enters train_pure_quantum_cnn. Encoding: amplitude
  Class Weights: +1 (Target): 1.00 | -1 (Rest): 1.00
Starting Training
==================================================
Epoch 1 Batch 1 | Loss: 0.732736 | Stats: min: -0.110, max: 0.010, mean: -0.060
Epoch 1 Batch 2 | Loss: 0.677361
Epoch 1 Batch 3 | Loss: 0.672893
Epoch 1 Batch 4 | Loss: 0.672457
Epoch 1 Batch 5 | Loss: 0.626357
Epoch 1 Batch 6 | Loss: 0.634758
Epoch 1 Batch 7 | Loss: 0.623655
Epoch 1 Batch 8 | Loss: 0.610840
Epoch 1 Batch 9 | Loss: 0.616795
Epoch 1 Batch 10 | Loss: 0.591400
Epoch 1 Batch 11 | Loss: 0.586539
Epoch 1 Batch 12 | Loss: 0.610688
Epoch 1 Batch 13 | Loss: 0.557620
  [STABILITY] Test accuracy improved: 0.00% -> 45.35% (via EMA). Saving best params.
--- Epoch 1/30 | Loss: 0.6319 | Train Acc: 46.0% | Test Acc: 45.3% | CM: [TP:49, TN:29, FP:57, FN:37] | Progress: 3.3% | ETA: 242.6s ---
Epoch 2 Batch 1 | Loss: 0.583933 | Stats: min: -0.125, max: 0.281, mean: 0.055
Epoch 2 Batch 2 | Loss: 0.560106
Epoch 2 Batch 3 | Loss: 0.581581
Epoch 2 Batch 4 | Loss: 0.575649
Epoch 2 Batch 5 | Loss: 0.576333
Epoch 2 Batch 6 | Loss: 0.541713
Epoch 2 Batch 7 | Loss: 0.615538
Epoch 2 Batch 8 | Loss: 0.597043
Epoch 2 Batch 9 | Loss: 0.565713
Epoch 2 Batch 10 | Loss: 0.579251
Epoch 2 Batch 11 | Loss: 0.599963
Epoch 2 Batch 12 | Loss: 0.586080
Epoch 2 Batch 13 | Loss: 0.605559
  [STABILITY] Test accuracy improved: 45.35% -> 59.30% (via EMA). Saving best params.
--- Epoch 2/30 | Loss: 0.5822 | Train Acc: 63.5% | Test Acc: 59.3% | CM: [TP:55, TN:47, FP:39, FN:31] | Progress: 6.7% | ETA: 107.2s ---
Epoch 3 Batch 1 | Loss: 0.556034 | Stats: min: -0.141, max: 0.239, mean: 0.091
Epoch 3 Batch 2 | Loss: 0.532145
Epoch 3 Batch 3 | Loss: 0.568647
Epoch 3 Batch 4 | Loss: 0.591070
Epoch 3 Batch 5 | Loss: 0.558941
Epoch 3 Batch 6 | Loss: 0.558623
Epoch 3 Batch 7 | Loss: 0.562326
Epoch 3 Batch 8 | Loss: 0.541251
Epoch 3 Batch 9 | Loss: 0.562983
Epoch 3 Batch 10 | Loss: 0.554801
Epoch 3 Batch 11 | Loss: 0.609108
Epoch 3 Batch 12 | Loss: 0.591674
Epoch 3 Batch 13 | Loss: 0.549846
  [STABILITY] Test accuracy improved: 59.30% -> 70.35% (via EMA). Saving best params.
--- Epoch 3/30 | Loss: 0.5644 | Train Acc: 74.5% | Test Acc: 70.3% | CM: [TP:60, TN:61, FP:25, FN:26] | Progress: 10.0% | ETA: 70.4s ---
Epoch 4 Batch 1 | Loss: 0.519369 | Stats: min: -0.209, max: 0.372, mean: 0.146
Epoch 4 Batch 2 | Loss: 0.553586
Epoch 4 Batch 3 | Loss: 0.549516
Epoch 4 Batch 4 | Loss: 0.537096
Epoch 4 Batch 5 | Loss: 0.571050
Epoch 4 Batch 6 | Loss: 0.535495
Epoch 4 Batch 7 | Loss: 0.532678
Epoch 4 Batch 8 | Loss: 0.559909
Epoch 4 Batch 9 | Loss: 0.591568
Epoch 4 Batch 10 | Loss: 0.542398
Epoch 4 Batch 11 | Loss: 0.582205
Epoch 4 Batch 12 | Loss: 0.566190
Epoch 4 Batch 13 | Loss: 0.586014
  [STABILITY] Test accuracy improved: 70.35% -> 77.91% (via EMA). Saving best params.
--- Epoch 4/30 | Loss: 0.5559 | Train Acc: 82.0% | Test Acc: 77.9% | CM: [TP:67, TN:67, FP:19, FN:19] | Progress: 13.3% | ETA: 42.4s ---
Epoch 5 Batch 1 | Loss: 0.513575 | Stats: min: -0.222, max: 0.239, mean: 0.022
Epoch 5 Batch 2 | Loss: 0.551839
Epoch 5 Batch 3 | Loss: 0.539851
Epoch 5 Batch 4 | Loss: 0.557263
Epoch 5 Batch 5 | Loss: 0.532724
Epoch 5 Batch 6 | Loss: 0.559331
Epoch 5 Batch 7 | Loss: 0.570260
Epoch 5 Batch 8 | Loss: 0.535998
Epoch 5 Batch 9 | Loss: 0.575278
Epoch 5 Batch 10 | Loss: 0.589041
Epoch 5 Batch 11 | Loss: 0.520458
Epoch 5 Batch 12 | Loss: 0.558316
Epoch 5 Batch 13 | Loss: 0.561573
  [STABILITY] Test accuracy improved: 77.91% -> 84.88% (via EMA). Saving best params.
--- Epoch 5/30 | Loss: 0.5512 | Train Acc: 89.0% | Test Acc: 84.9% | CM: [TP:74, TN:72, FP:14, FN:12] | Progress: 16.7% | ETA: 34.4s ---
Epoch 6 Batch 1 | Loss: 0.541295 | Stats: min: -0.247, max: 0.275, mean: 0.078
Epoch 6 Batch 2 | Loss: 0.537562
Epoch 6 Batch 3 | Loss: 0.537070
Epoch 6 Batch 4 | Loss: 0.509306
Epoch 6 Batch 5 | Loss: 0.540939
Epoch 6 Batch 6 | Loss: 0.560707
Epoch 6 Batch 7 | Loss: 0.540839
Epoch 6 Batch 8 | Loss: 0.555287
Epoch 6 Batch 9 | Loss: 0.546414
Epoch 6 Batch 10 | Loss: 0.541471
Epoch 6 Batch 11 | Loss: 0.544643
Epoch 6 Batch 12 | Loss: 0.560080
Epoch 6 Batch 13 | Loss: 0.567960
  [STABILITY] Test accuracy improved: 84.88% -> 86.05% (via EMA). Saving best params.
--- Epoch 6/30 | Loss: 0.5449 | Train Acc: 91.5% | Test Acc: 86.0% | CM: [TP:77, TN:71, FP:15, FN:9] | Progress: 20.0% | ETA: 26.3s ---
Epoch 7 Batch 1 | Loss: 0.559378 | Stats: min: -0.163, max: 0.238, mean: 0.115
Epoch 7 Batch 2 | Loss: 0.535726
Epoch 7 Batch 3 | Loss: 0.526603
Epoch 7 Batch 4 | Loss: 0.547645
Epoch 7 Batch 5 | Loss: 0.519260
Epoch 7 Batch 6 | Loss: 0.533569
Epoch 7 Batch 7 | Loss: 0.540230
Epoch 7 Batch 8 | Loss: 0.511590
Epoch 7 Batch 9 | Loss: 0.586442
Epoch 7 Batch 10 | Loss: 0.507694
Epoch 7 Batch 11 | Loss: 0.538959
Epoch 7 Batch 12 | Loss: 0.563068
Epoch 7 Batch 13 | Loss: 0.539891
  [STABILITY] Test accuracy improved: 86.05% -> 89.53% (via EMA). Saving best params.
--- Epoch 7/30 | Loss: 0.5392 | Train Acc: 93.5% | Test Acc: 89.5% | CM: [TP:82, TN:72, FP:14, FN:4] | Progress: 23.3% | ETA: 22.4s ---
Epoch 8 Batch 1 | Loss: 0.507294 | Stats: min: -0.185, max: 0.280, mean: 0.002
Epoch 8 Batch 2 | Loss: 0.523558
Epoch 8 Batch 3 | Loss: 0.510348
Epoch 8 Batch 4 | Loss: 0.543834
Epoch 8 Batch 5 | Loss: 0.549212
Epoch 8 Batch 6 | Loss: 0.544993
Epoch 8 Batch 7 | Loss: 0.534238
Epoch 8 Batch 8 | Loss: 0.537132
Epoch 8 Batch 9 | Loss: 0.519923
Epoch 8 Batch 10 | Loss: 0.528476
Epoch 8 Batch 11 | Loss: 0.546539
Epoch 8 Batch 12 | Loss: 0.548153
Epoch 8 Batch 13 | Loss: 0.519187
  [STABILITY] Test accuracy improved: 89.53% -> 90.12% (via EMA). Saving best params.
--- Epoch 8/30 | Loss: 0.5318 | Train Acc: 93.5% | Test Acc: 90.1% | CM: [TP:83, TN:72, FP:14, FN:3] | Progress: 26.7% | ETA: 18.7s ---
Epoch 9 Batch 1 | Loss: 0.554406 | Stats: min: -0.268, max: 0.213, mean: 0.011
Epoch 9 Batch 2 | Loss: 0.509614
Epoch 9 Batch 3 | Loss: 0.514427
Epoch 9 Batch 4 | Loss: 0.549465
Epoch 9 Batch 5 | Loss: 0.516656
Epoch 9 Batch 6 | Loss: 0.532987
Epoch 9 Batch 7 | Loss: 0.519431
Epoch 9 Batch 8 | Loss: 0.520095
Epoch 9 Batch 9 | Loss: 0.541890
Epoch 9 Batch 10 | Loss: 0.518408
Epoch 9 Batch 11 | Loss: 0.505977
Epoch 9 Batch 12 | Loss: 0.501830
Epoch 9 Batch 13 | Loss: 0.552101
--- Epoch 9/30 | Loss: 0.5259 | Train Acc: 93.0% | Test Acc: 89.5% | CM: [TP:84, TN:70, FP:16, FN:2] | Progress: 30.0% | ETA: 17.5s ---
Epoch 10 Batch 1 | Loss: 0.502118 | Stats: min: -0.253, max: 0.153, mean: -0.044
Epoch 10 Batch 2 | Loss: 0.531678
Epoch 10 Batch 3 | Loss: 0.482472
Epoch 10 Batch 4 | Loss: 0.534023
Epoch 10 Batch 5 | Loss: 0.510320
Epoch 10 Batch 6 | Loss: 0.532927
Epoch 10 Batch 7 | Loss: 0.530148
Epoch 10 Batch 8 | Loss: 0.535430
Epoch 10 Batch 9 | Loss: 0.563499
Epoch 10 Batch 10 | Loss: 0.515642
Epoch 10 Batch 11 | Loss: 0.507298
Epoch 10 Batch 12 | Loss: 0.538033
Epoch 10 Batch 13 | Loss: 0.472866
  [STABILITY] Test accuracy improved: 90.12% -> 91.28% (via EMA). Saving best params.
--- Epoch 10/30 | Loss: 0.5197 | Train Acc: 94.0% | Test Acc: 91.3% | CM: [TP:85, TN:72, FP:14, FN:1] | Progress: 33.3% | ETA: 14.6s ---
Epoch 11 Batch 1 | Loss: 0.507926 | Stats: min: -0.256, max: 0.380, mean: 0.002
Epoch 11 Batch 2 | Loss: 0.526159
Epoch 11 Batch 3 | Loss: 0.512661
Epoch 11 Batch 4 | Loss: 0.532267
Epoch 11 Batch 5 | Loss: 0.526617
Epoch 11 Batch 6 | Loss: 0.537676
Epoch 11 Batch 7 | Loss: 0.522680
Epoch 11 Batch 8 | Loss: 0.502666
Epoch 11 Batch 9 | Loss: 0.492813
Epoch 11 Batch 10 | Loss: 0.522661
Epoch 11 Batch 11 | Loss: 0.505085
Epoch 11 Batch 12 | Loss: 0.514877
Epoch 11 Batch 13 | Loss: 0.541061
--- Epoch 11/30 | Loss: 0.5189 | Train Acc: 94.0% | Test Acc: 90.7% | CM: [TP:85, TN:71, FP:15, FN:1] | Progress: 36.7% | ETA: 12.1s ---
Epoch 12 Batch 1 | Loss: 0.522121 | Stats: min: -0.155, max: 0.350, mean: -0.007
Epoch 12 Batch 2 | Loss: 0.476608
Epoch 12 Batch 3 | Loss: 0.499188
Epoch 12 Batch 4 | Loss: 0.536973
Epoch 12 Batch 5 | Loss: 0.496851
Epoch 12 Batch 6 | Loss: 0.515919
Epoch 12 Batch 7 | Loss: 0.517921
Epoch 12 Batch 8 | Loss: 0.505395
Epoch 12 Batch 9 | Loss: 0.514020
Epoch 12 Batch 10 | Loss: 0.558686
Epoch 12 Batch 11 | Loss: 0.509679
Epoch 12 Batch 12 | Loss: 0.527658
Epoch 12 Batch 13 | Loss: 0.543944
--- Epoch 12/30 | Loss: 0.5173 | Train Acc: 93.0% | Test Acc: 90.1% | CM: [TP:86, TN:69, FP:17, FN:0] | Progress: 40.0% | ETA: 9.9s ---
Epoch 13 Batch 1 | Loss: 0.518988 | Stats: min: -0.327, max: 0.260, mean: 0.079
Epoch 13 Batch 2 | Loss: 0.497744
Epoch 13 Batch 3 | Loss: 0.518570
Epoch 13 Batch 4 | Loss: 0.520617
Epoch 13 Batch 5 | Loss: 0.526600
Epoch 13 Batch 6 | Loss: 0.531031
Epoch 13 Batch 7 | Loss: 0.509216
Epoch 13 Batch 8 | Loss: 0.527107
Epoch 13 Batch 9 | Loss: 0.520301
Epoch 13 Batch 10 | Loss: 0.495702
Epoch 13 Batch 11 | Loss: 0.546110
Epoch 13 Batch 12 | Loss: 0.485076
Epoch 13 Batch 13 | Loss: 0.519920
  [STABILITY] Plateau detected. Reducing Learning Rate to 0.010000
--- Epoch 13/30 | Loss: 0.5167 | Train Acc: 93.5% | Test Acc: 90.1% | CM: [TP:86, TN:69, FP:17, FN:0] | Progress: 43.3% | ETA: 9.1s ---
Epoch 14 Batch 1 | Loss: 0.504473 | Stats: min: -0.207, max: 0.373, mean: 0.090
Epoch 14 Batch 2 | Loss: 0.483669
Epoch 14 Batch 3 | Loss: 0.485850
Epoch 14 Batch 4 | Loss: 0.557043
Epoch 14 Batch 5 | Loss: 0.501646
Epoch 14 Batch 6 | Loss: 0.533205
Epoch 14 Batch 7 | Loss: 0.541948
Epoch 14 Batch 8 | Loss: 0.511792
Epoch 14 Batch 9 | Loss: 0.505265
Epoch 14 Batch 10 | Loss: 0.546879
Epoch 14 Batch 11 | Loss: 0.509752
Epoch 14 Batch 12 | Loss: 0.505499
Epoch 14 Batch 13 | Loss: 0.519278
--- Epoch 14/30 | Loss: 0.5159 | Train Acc: 93.0% | Test Acc: 90.1% | CM: [TP:86, TN:69, FP:17, FN:0] | Progress: 46.7% | ETA: 7.5s ---
Epoch 15 Batch 1 | Loss: 0.497083 | Stats: min: -0.148, max: 0.467, mean: 0.218
Epoch 15 Batch 2 | Loss: 0.517632
Epoch 15 Batch 3 | Loss: 0.510592
Epoch 15 Batch 4 | Loss: 0.550443
Epoch 15 Batch 5 | Loss: 0.532851
Epoch 15 Batch 6 | Loss: 0.493968
Epoch 15 Batch 7 | Loss: 0.522728
Epoch 15 Batch 8 | Loss: 0.489526
Epoch 15 Batch 9 | Loss: 0.526814
Epoch 15 Batch 10 | Loss: 0.479566
Epoch 15 Batch 11 | Loss: 0.504201
Epoch 15 Batch 12 | Loss: 0.533131
Epoch 15 Batch 13 | Loss: 0.495415
--- Epoch 15/30 | Loss: 0.5118 | Train Acc: 92.5% | Test Acc: 89.5% | CM: [TP:86, TN:68, FP:18, FN:0] | Progress: 50.0% | ETA: 6.6s ---
Epoch 16 Batch 1 | Loss: 0.496856 | Stats: min: -0.257, max: 0.399, mean: -0.024
Epoch 16 Batch 2 | Loss: 0.505000
Epoch 16 Batch 3 | Loss: 0.525195
Epoch 16 Batch 4 | Loss: 0.504687
Epoch 16 Batch 5 | Loss: 0.511494
Epoch 16 Batch 6 | Loss: 0.504042
Epoch 16 Batch 7 | Loss: 0.509939
Epoch 16 Batch 8 | Loss: 0.516398
Epoch 16 Batch 9 | Loss: 0.532001
Epoch 16 Batch 10 | Loss: 0.506464
Epoch 16 Batch 11 | Loss: 0.520472
Epoch 16 Batch 12 | Loss: 0.514965
Epoch 16 Batch 13 | Loss: 0.486184
  [STABILITY] Plateau detected. Reducing Learning Rate to 0.005000
--- Epoch 16/30 | Loss: 0.5103 | Train Acc: 92.5% | Test Acc: 89.5% | CM: [TP:86, TN:68, FP:18, FN:0] | Progress: 53.3% | ETA: 6.0s ---
Epoch 17 Batch 1 | Loss: 0.532734 | Stats: min: -0.079, max: 0.377, mean: 0.198
Epoch 17 Batch 2 | Loss: 0.518939
Epoch 17 Batch 3 | Loss: 0.500691
Epoch 17 Batch 4 | Loss: 0.503735
Epoch 17 Batch 5 | Loss: 0.548146
Epoch 17 Batch 6 | Loss: 0.509812
Epoch 17 Batch 7 | Loss: 0.478476
Epoch 17 Batch 8 | Loss: 0.490149
Epoch 17 Batch 9 | Loss: 0.502631
Epoch 17 Batch 10 | Loss: 0.528847
Epoch 17 Batch 11 | Loss: 0.479323
Epoch 17 Batch 12 | Loss: 0.531882
Epoch 17 Batch 13 | Loss: 0.514951
--- Epoch 17/30 | Loss: 0.5108 | Train Acc: 93.0% | Test Acc: 89.5% | CM: [TP:86, TN:68, FP:18, FN:0] | Progress: 56.7% | ETA: 5.1s ---
Epoch 18 Batch 1 | Loss: 0.509979 | Stats: min: -0.207, max: 0.501, mean: 0.215
Epoch 18 Batch 2 | Loss: 0.491378
Epoch 18 Batch 3 | Loss: 0.500410
Epoch 18 Batch 4 | Loss: 0.543380
Epoch 18 Batch 5 | Loss: 0.500020
Epoch 18 Batch 6 | Loss: 0.536111
Epoch 18 Batch 7 | Loss: 0.520258
Epoch 18 Batch 8 | Loss: 0.500831
Epoch 18 Batch 9 | Loss: 0.497589
Epoch 18 Batch 10 | Loss: 0.502887
Epoch 18 Batch 11 | Loss: 0.458828
Epoch 18 Batch 12 | Loss: 0.548327
Epoch 18 Batch 13 | Loss: 0.540045
--- Epoch 18/30 | Loss: 0.5115 | Train Acc: 93.0% | Test Acc: 89.5% | CM: [TP:86, TN:68, FP:18, FN:0] | Progress: 60.0% | ETA: 4.6s ---
Epoch 19 Batch 1 | Loss: 0.519391 | Stats: min: -0.177, max: 0.419, mean: 0.115
Epoch 19 Batch 2 | Loss: 0.517800
Epoch 19 Batch 3 | Loss: 0.511573
Epoch 19 Batch 4 | Loss: 0.491821
Epoch 19 Batch 5 | Loss: 0.489094
Epoch 19 Batch 6 | Loss: 0.510345
Epoch 19 Batch 7 | Loss: 0.495003
Epoch 19 Batch 8 | Loss: 0.497380
Epoch 19 Batch 9 | Loss: 0.528457
Epoch 19 Batch 10 | Loss: 0.508559
Epoch 19 Batch 11 | Loss: 0.547673
Epoch 19 Batch 12 | Loss: 0.508264
Epoch 19 Batch 13 | Loss: 0.516052
  [STABILITY] Plateau detected. Reducing Learning Rate to 0.002500
--- Epoch 19/30 | Loss: 0.5109 | Train Acc: 93.5% | Test Acc: 89.5% | CM: [TP:86, TN:68, FP:18, FN:0] | Progress: 63.3% | ETA: 4.1s ---
Epoch 20 Batch 1 | Loss: 0.498815 | Stats: min: -0.219, max: 0.520, mean: 0.158
Epoch 20 Batch 2 | Loss: 0.486977
Epoch 20 Batch 3 | Loss: 0.517422
Epoch 20 Batch 4 | Loss: 0.540458
Epoch 20 Batch 5 | Loss: 0.492619
Epoch 20 Batch 6 | Loss: 0.511761
Epoch 20 Batch 7 | Loss: 0.509771
Epoch 20 Batch 8 | Loss: 0.530083
Epoch 20 Batch 9 | Loss: 0.497939
Epoch 20 Batch 10 | Loss: 0.506679
Epoch 20 Batch 11 | Loss: 0.532580
Epoch 20 Batch 12 | Loss: 0.502443
Epoch 20 Batch 13 | Loss: 0.491964
--- Epoch 20/30 | Loss: 0.5092 | Train Acc: 93.5% | Test Acc: 89.5% | CM: [TP:86, TN:68, FP:18, FN:0] | Progress: 66.7% | ETA: 3.4s ---
Epoch 21 Batch 1 | Loss: 0.487860 | Stats: min: -0.246, max: 0.396, mean: 0.155
Epoch 21 Batch 2 | Loss: 0.556023
Epoch 21 Batch 3 | Loss: 0.532617
Epoch 21 Batch 4 | Loss: 0.476273
Epoch 21 Batch 5 | Loss: 0.531968
Epoch 21 Batch 6 | Loss: 0.505099
Epoch 21 Batch 7 | Loss: 0.508520
Epoch 21 Batch 8 | Loss: 0.490677
Epoch 21 Batch 9 | Loss: 0.496206
Epoch 21 Batch 10 | Loss: 0.506498
Epoch 21 Batch 11 | Loss: 0.511456
Epoch 21 Batch 12 | Loss: 0.518119
Epoch 21 Batch 13 | Loss: 0.503058
--- Epoch 21/30 | Loss: 0.5096 | Train Acc: 93.5% | Test Acc: 89.5% | CM: [TP:86, TN:68, FP:18, FN:0] | Progress: 70.0% | ETA: 2.9s ---
Epoch 22 Batch 1 | Loss: 0.512744 | Stats: min: -0.322, max: 0.461, mean: 0.107
Epoch 22 Batch 2 | Loss: 0.537102
Epoch 22 Batch 3 | Loss: 0.535720
Epoch 22 Batch 4 | Loss: 0.513344
Epoch 22 Batch 5 | Loss: 0.506542
Epoch 22 Batch 6 | Loss: 0.477596
Epoch 22 Batch 7 | Loss: 0.539424
Epoch 22 Batch 8 | Loss: 0.467962
Epoch 22 Batch 9 | Loss: 0.520978
Epoch 22 Batch 10 | Loss: 0.488830
Epoch 22 Batch 11 | Loss: 0.510305
Epoch 22 Batch 12 | Loss: 0.508220
Epoch 22 Batch 13 | Loss: 0.514356
  [STABILITY] Plateau detected. Reducing Learning Rate to 0.001250
--- Epoch 22/30 | Loss: 0.5102 | Train Acc: 93.5% | Test Acc: 89.5% | CM: [TP:86, TN:68, FP:18, FN:0] | Progress: 73.3% | ETA: 2.7s ---
Epoch 23 Batch 1 | Loss: 0.495668 | Stats: min: -0.264, max: 0.528, mean: 0.124
Epoch 23 Batch 2 | Loss: 0.512511
Epoch 23 Batch 3 | Loss: 0.505520
Epoch 23 Batch 4 | Loss: 0.521421
Epoch 23 Batch 5 | Loss: 0.494779
Epoch 23 Batch 6 | Loss: 0.529544
Epoch 23 Batch 7 | Loss: 0.501041
Epoch 23 Batch 8 | Loss: 0.504924
Epoch 23 Batch 9 | Loss: 0.481563
Epoch 23 Batch 10 | Loss: 0.519182
Epoch 23 Batch 11 | Loss: 0.529799
Epoch 23 Batch 12 | Loss: 0.498229
Epoch 23 Batch 13 | Loss: 0.556423
--- Epoch 23/30 | Loss: 0.5116 | Train Acc: 93.5% | Test Acc: 89.5% | CM: [TP:86, TN:68, FP:18, FN:0] | Progress: 76.7% | ETA: 2.5s ---
Epoch 24 Batch 1 | Loss: 0.506371 | Stats: min: -0.248, max: 0.405, mean: 0.097
Epoch 24 Batch 2 | Loss: 0.505786
Epoch 24 Batch 3 | Loss: 0.538808
Epoch 24 Batch 4 | Loss: 0.462488
Epoch 24 Batch 5 | Loss: 0.524561
Epoch 24 Batch 6 | Loss: 0.488872
Epoch 24 Batch 7 | Loss: 0.508337
Epoch 24 Batch 8 | Loss: 0.487625
Epoch 24 Batch 9 | Loss: 0.522863
Epoch 24 Batch 10 | Loss: 0.529072
Epoch 24 Batch 11 | Loss: 0.507143
Epoch 24 Batch 12 | Loss: 0.549210
Epoch 24 Batch 13 | Loss: 0.472650
--- Epoch 24/30 | Loss: 0.5080 | Train Acc: 93.0% | Test Acc: 89.5% | CM: [TP:86, TN:68, FP:18, FN:0] | Progress: 80.0% | ETA: 1.7s ---
Epoch 25 Batch 1 | Loss: 0.564193 | Stats: min: -0.316, max: 0.292, mean: 0.056
Epoch 25 Batch 2 | Loss: 0.531258
Epoch 25 Batch 3 | Loss: 0.522010
Epoch 25 Batch 4 | Loss: 0.497492
Epoch 25 Batch 5 | Loss: 0.504427
Epoch 25 Batch 6 | Loss: 0.517913
Epoch 25 Batch 7 | Loss: 0.503197
Epoch 25 Batch 8 | Loss: 0.479789
Epoch 25 Batch 9 | Loss: 0.505190
Epoch 25 Batch 10 | Loss: 0.505987
Epoch 25 Batch 11 | Loss: 0.489569
Epoch 25 Batch 12 | Loss: 0.500012
Epoch 25 Batch 13 | Loss: 0.499062
  [STABILITY] Plateau detected. Reducing Learning Rate to 0.000625
--- Epoch 25/30 | Loss: 0.5092 | Train Acc: 93.0% | Test Acc: 89.5% | CM: [TP:86, TN:68, FP:18, FN:0] | Progress: 83.3% | ETA: 2.1s ---
Epoch 26 Batch 1 | Loss: 0.491944 | Stats: min: -0.208, max: 0.409, mean: 0.154
Epoch 26 Batch 2 | Loss: 0.514059
Epoch 26 Batch 3 | Loss: 0.507403
Epoch 26 Batch 4 | Loss: 0.477906
Epoch 26 Batch 5 | Loss: 0.504480
Epoch 26 Batch 6 | Loss: 0.514693
Epoch 26 Batch 7 | Loss: 0.540510
Epoch 26 Batch 8 | Loss: 0.517235
Epoch 26 Batch 9 | Loss: 0.553615
Epoch 26 Batch 10 | Loss: 0.489809
Epoch 26 Batch 11 | Loss: 0.502685
Epoch 26 Batch 12 | Loss: 0.506042
Epoch 26 Batch 13 | Loss: 0.494282
--- Epoch 26/30 | Loss: 0.5088 | Train Acc: 93.0% | Test Acc: 89.5% | CM: [TP:86, TN:68, FP:18, FN:0] | Progress: 86.7% | ETA: 1.1s ---
Epoch 27 Batch 1 | Loss: 0.462629 | Stats: min: -0.274, max: 0.175, mean: -0.033
Epoch 27 Batch 2 | Loss: 0.542263
Epoch 27 Batch 3 | Loss: 0.500280
Epoch 27 Batch 4 | Loss: 0.546006
Epoch 27 Batch 5 | Loss: 0.522847
Epoch 27 Batch 6 | Loss: 0.511396
Epoch 27 Batch 7 | Loss: 0.519398
Epoch 27 Batch 8 | Loss: 0.520978
Epoch 27 Batch 9 | Loss: 0.474045
Epoch 27 Batch 10 | Loss: 0.520899
Epoch 27 Batch 11 | Loss: 0.517094
Epoch 27 Batch 12 | Loss: 0.482735
Epoch 27 Batch 13 | Loss: 0.493064
--- Epoch 27/30 | Loss: 0.5087 | Train Acc: 93.0% | Test Acc: 90.1% | CM: [TP:86, TN:69, FP:17, FN:0] | Progress: 90.0% | ETA: 0.9s ---
Epoch 28 Batch 1 | Loss: 0.519705 | Stats: min: 0.007, max: 0.323, mean: 0.164
Epoch 28 Batch 2 | Loss: 0.507300
Epoch 28 Batch 3 | Loss: 0.492312
Epoch 28 Batch 4 | Loss: 0.520917
Epoch 28 Batch 5 | Loss: 0.493174
Epoch 28 Batch 6 | Loss: 0.487444
Epoch 28 Batch 7 | Loss: 0.500967
Epoch 28 Batch 8 | Loss: 0.519079
Epoch 28 Batch 9 | Loss: 0.516552
Epoch 28 Batch 10 | Loss: 0.551444
Epoch 28 Batch 11 | Loss: 0.483196
Epoch 28 Batch 12 | Loss: 0.506429
Epoch 28 Batch 13 | Loss: 0.540267
  [STABILITY] Plateau detected. Reducing Learning Rate to 0.000313
--- Epoch 28/30 | Loss: 0.5107 | Train Acc: 93.0% | Test Acc: 90.7% | CM: [TP:86, TN:70, FP:16, FN:0] | Progress: 93.3% | ETA: 0.7s ---
Epoch 29 Batch 1 | Loss: 0.497059 | Stats: min: -0.214, max: 0.264, mean: -0.002
Epoch 29 Batch 2 | Loss: 0.483216
Epoch 29 Batch 3 | Loss: 0.523301
Epoch 29 Batch 4 | Loss: 0.552270
Epoch 29 Batch 5 | Loss: 0.503090
Epoch 29 Batch 6 | Loss: 0.537493
Epoch 29 Batch 7 | Loss: 0.501702
Epoch 29 Batch 8 | Loss: 0.498100
Epoch 29 Batch 9 | Loss: 0.497139
Epoch 29 Batch 10 | Loss: 0.499657
Epoch 29 Batch 11 | Loss: 0.482364
Epoch 29 Batch 12 | Loss: 0.547723
Epoch 29 Batch 13 | Loss: 0.485339
--- Epoch 29/30 | Loss: 0.5083 | Train Acc: 93.0% | Test Acc: 90.7% | CM: [TP:86, TN:70, FP:16, FN:0] | Progress: 96.7% | ETA: 0.3s ---
Epoch 30 Batch 1 | Loss: 0.480327 | Stats: min: -0.180, max: 0.415, mean: 0.070
Epoch 30 Batch 2 | Loss: 0.493103
Epoch 30 Batch 3 | Loss: 0.492963
Epoch 30 Batch 4 | Loss: 0.501864
Epoch 30 Batch 5 | Loss: 0.478713
Epoch 30 Batch 6 | Loss: 0.545053
Epoch 30 Batch 7 | Loss: 0.501528
Epoch 30 Batch 8 | Loss: 0.530521
Epoch 30 Batch 9 | Loss: 0.496137
Epoch 30 Batch 10 | Loss: 0.528713
Epoch 30 Batch 11 | Loss: 0.508084
Epoch 30 Batch 12 | Loss: 0.520018
Epoch 30 Batch 13 | Loss: 0.584530
--- Epoch 30/30 | Loss: 0.5124 | Train Acc: 93.0% | Test Acc: 90.7% | CM: [TP:86, TN:70, FP:16, FN:0] | Progress: 100.0% | ETA: 0.0s ---

Final Best Test Accuracy: 91.28%


Best Quantum Test Accuracy: 0.913
