DEBUG: Qtrainer enters train_pure_quantum_cnn. Encoding: amplitude
  Class Weights: +1 (Target): 1.00 | -1 (Rest): 1.00
Starting Training
==================================================
Epoch 1 Batch 1 | Loss: 0.709943 | Stats: min: 0.077, max: 0.132, mean: 0.102
Epoch 1 Batch 2 | Loss: 0.683467
Epoch 1 Batch 3 | Loss: 0.691244
Epoch 1 Batch 4 | Loss: 0.646219
Epoch 1 Batch 5 | Loss: 0.625187
Epoch 1 Batch 6 | Loss: 0.626872
Epoch 1 Batch 7 | Loss: 0.628214
Epoch 1 Batch 8 | Loss: 0.637738
Epoch 1 Batch 9 | Loss: 0.633471
Epoch 1 Batch 10 | Loss: 0.649664
Epoch 1 Batch 11 | Loss: 0.640807
Epoch 1 Batch 12 | Loss: 0.605788
Epoch 1 Batch 13 | Loss: 0.692139
  [STABILITY] Test accuracy improved: 0.00% -> 52.33% (via EMA). Saving best params.
--- Epoch 1/30 | Loss: 0.6516 | Train Acc: 46.0% | Test Acc: 52.3% | CM: [TP:86, TN:4, FP:82, FN:0] | Progress: 3.3% | ETA: 190.9s ---
Epoch 2 Batch 1 | Loss: 0.586944 | Stats: min: -0.144, max: 0.250, mean: 0.113
Epoch 2 Batch 2 | Loss: 0.580746
Epoch 2 Batch 3 | Loss: 0.617280
Epoch 2 Batch 4 | Loss: 0.631048
Epoch 2 Batch 5 | Loss: 0.621783
Epoch 2 Batch 6 | Loss: 0.586743
Epoch 2 Batch 7 | Loss: 0.587344
Epoch 2 Batch 8 | Loss: 0.589994
Epoch 2 Batch 9 | Loss: 0.580346
Epoch 2 Batch 10 | Loss: 0.600136
Epoch 2 Batch 11 | Loss: 0.579050
Epoch 2 Batch 12 | Loss: 0.582746
Epoch 2 Batch 13 | Loss: 0.597314
  [STABILITY] Test accuracy improved: 52.33% -> 57.56% (via EMA). Saving best params.
--- Epoch 2/30 | Loss: 0.5955 | Train Acc: 51.0% | Test Acc: 57.6% | CM: [TP:86, TN:13, FP:73, FN:0] | Progress: 6.7% | ETA: 126.8s ---
Epoch 3 Batch 1 | Loss: 0.596930 | Stats: min: -0.138, max: 0.360, mean: 0.154
Epoch 3 Batch 2 | Loss: 0.594603
Epoch 3 Batch 3 | Loss: 0.575306
Epoch 3 Batch 4 | Loss: 0.618253
Epoch 3 Batch 5 | Loss: 0.568417
Epoch 3 Batch 6 | Loss: 0.554500
Epoch 3 Batch 7 | Loss: 0.572332
Epoch 3 Batch 8 | Loss: 0.575289
Epoch 3 Batch 9 | Loss: 0.556593
Epoch 3 Batch 10 | Loss: 0.539219
Epoch 3 Batch 11 | Loss: 0.547483
Epoch 3 Batch 12 | Loss: 0.552730
Epoch 3 Batch 13 | Loss: 0.586494
  [STABILITY] Test accuracy improved: 57.56% -> 70.35% (via EMA). Saving best params.
--- Epoch 3/30 | Loss: 0.5722 | Train Acc: 60.0% | Test Acc: 70.3% | CM: [TP:86, TN:35, FP:51, FN:0] | Progress: 10.0% | ETA: 67.3s ---
Epoch 4 Batch 1 | Loss: 0.570253 | Stats: min: -0.257, max: 0.371, mean: 0.044
Epoch 4 Batch 2 | Loss: 0.566583
Epoch 4 Batch 3 | Loss: 0.558786
Epoch 4 Batch 4 | Loss: 0.551373
Epoch 4 Batch 5 | Loss: 0.547697
Epoch 4 Batch 6 | Loss: 0.551825
Epoch 4 Batch 7 | Loss: 0.590973
Epoch 4 Batch 8 | Loss: 0.555441
Epoch 4 Batch 9 | Loss: 0.543008
Epoch 4 Batch 10 | Loss: 0.525462
Epoch 4 Batch 11 | Loss: 0.551983
Epoch 4 Batch 12 | Loss: 0.542604
Epoch 4 Batch 13 | Loss: 0.559800
  [STABILITY] Test accuracy improved: 70.35% -> 74.42% (via EMA). Saving best params.
--- Epoch 4/30 | Loss: 0.5551 | Train Acc: 65.5% | Test Acc: 74.4% | CM: [TP:85, TN:43, FP:43, FN:1] | Progress: 13.3% | ETA: 48.4s ---
Epoch 5 Batch 1 | Loss: 0.543214 | Stats: min: 0.108, max: 0.412, mean: 0.255
Epoch 5 Batch 2 | Loss: 0.561449
Epoch 5 Batch 3 | Loss: 0.517845
Epoch 5 Batch 4 | Loss: 0.533240
Epoch 5 Batch 5 | Loss: 0.579101
Epoch 5 Batch 6 | Loss: 0.518752
Epoch 5 Batch 7 | Loss: 0.531171
Epoch 5 Batch 8 | Loss: 0.526799
Epoch 5 Batch 9 | Loss: 0.584133
Epoch 5 Batch 10 | Loss: 0.538083
Epoch 5 Batch 11 | Loss: 0.553418
Epoch 5 Batch 12 | Loss: 0.583359
Epoch 5 Batch 13 | Loss: 0.527732
  [STABILITY] Test accuracy improved: 74.42% -> 76.16% (via EMA). Saving best params.
--- Epoch 5/30 | Loss: 0.5460 | Train Acc: 71.5% | Test Acc: 76.2% | CM: [TP:84, TN:47, FP:39, FN:2] | Progress: 16.7% | ETA: 34.9s ---
Epoch 6 Batch 1 | Loss: 0.558375 | Stats: min: -0.257, max: 0.385, mean: -0.022
Epoch 6 Batch 2 | Loss: 0.506281
Epoch 6 Batch 3 | Loss: 0.566048
Epoch 6 Batch 4 | Loss: 0.550610
Epoch 6 Batch 5 | Loss: 0.562702
Epoch 6 Batch 6 | Loss: 0.552918
Epoch 6 Batch 7 | Loss: 0.547736
Epoch 6 Batch 8 | Loss: 0.525934
Epoch 6 Batch 9 | Loss: 0.549637
Epoch 6 Batch 10 | Loss: 0.525106
Epoch 6 Batch 11 | Loss: 0.509802
Epoch 6 Batch 12 | Loss: 0.523767
Epoch 6 Batch 13 | Loss: 0.558431
  [STABILITY] Test accuracy improved: 76.16% -> 79.07% (via EMA). Saving best params.
--- Epoch 6/30 | Loss: 0.5413 | Train Acc: 73.0% | Test Acc: 79.1% | CM: [TP:84, TN:52, FP:34, FN:2] | Progress: 20.0% | ETA: 33.0s ---
Epoch 7 Batch 1 | Loss: 0.514133 | Stats: min: -0.292, max: 0.274, mean: -0.131
Epoch 7 Batch 2 | Loss: 0.577551
Epoch 7 Batch 3 | Loss: 0.563525
Epoch 7 Batch 4 | Loss: 0.542409
Epoch 7 Batch 5 | Loss: 0.521181
Epoch 7 Batch 6 | Loss: 0.545988
Epoch 7 Batch 7 | Loss: 0.526935
Epoch 7 Batch 8 | Loss: 0.538387
Epoch 7 Batch 9 | Loss: 0.529601
Epoch 7 Batch 10 | Loss: 0.544938
Epoch 7 Batch 11 | Loss: 0.529047
Epoch 7 Batch 12 | Loss: 0.530892
Epoch 7 Batch 13 | Loss: 0.523576
  [STABILITY] Test accuracy improved: 79.07% -> 80.81% (via EMA). Saving best params.
--- Epoch 7/30 | Loss: 0.5376 | Train Acc: 77.5% | Test Acc: 80.8% | CM: [TP:82, TN:57, FP:29, FN:4] | Progress: 23.3% | ETA: 27.2s ---
Epoch 8 Batch 1 | Loss: 0.510171 | Stats: min: -0.337, max: 0.386, mean: -0.109
Epoch 8 Batch 2 | Loss: 0.500584
Epoch 8 Batch 3 | Loss: 0.510945
Epoch 8 Batch 4 | Loss: 0.556528
Epoch 8 Batch 5 | Loss: 0.544007
Epoch 8 Batch 6 | Loss: 0.553931
Epoch 8 Batch 7 | Loss: 0.502963
Epoch 8 Batch 8 | Loss: 0.542071
Epoch 8 Batch 9 | Loss: 0.529621
Epoch 8 Batch 10 | Loss: 0.558013
Epoch 8 Batch 11 | Loss: 0.528389
Epoch 8 Batch 12 | Loss: 0.565220
Epoch 8 Batch 13 | Loss: 0.576022
  [STABILITY] Test accuracy improved: 80.81% -> 83.14% (via EMA). Saving best params.
--- Epoch 8/30 | Loss: 0.5368 | Train Acc: 79.0% | Test Acc: 83.1% | CM: [TP:82, TN:61, FP:25, FN:4] | Progress: 26.7% | ETA: 28.6s ---
Epoch 9 Batch 1 | Loss: 0.569322 | Stats: min: 0.072, max: 0.363, mean: 0.182
Epoch 9 Batch 2 | Loss: 0.556523
Epoch 9 Batch 3 | Loss: 0.528244
Epoch 9 Batch 4 | Loss: 0.528871
Epoch 9 Batch 5 | Loss: 0.538982
Epoch 9 Batch 6 | Loss: 0.508314
Epoch 9 Batch 7 | Loss: 0.542456
Epoch 9 Batch 8 | Loss: 0.520959
Epoch 9 Batch 9 | Loss: 0.512456
Epoch 9 Batch 10 | Loss: 0.526717
Epoch 9 Batch 11 | Loss: 0.543327
Epoch 9 Batch 12 | Loss: 0.545818
Epoch 9 Batch 13 | Loss: 0.541155
--- Epoch 9/30 | Loss: 0.5356 | Train Acc: 82.5% | Test Acc: 82.6% | CM: [TP:81, TN:61, FP:25, FN:5] | Progress: 30.0% | ETA: 28.4s ---
Epoch 10 Batch 1 | Loss: 0.537209 | Stats: min: -0.210, max: 0.445, mean: 0.138
Epoch 10 Batch 2 | Loss: 0.551877
Epoch 10 Batch 3 | Loss: 0.512096
Epoch 10 Batch 4 | Loss: 0.572583
Epoch 10 Batch 5 | Loss: 0.515493
Epoch 10 Batch 6 | Loss: 0.547615
Epoch 10 Batch 7 | Loss: 0.531927
Epoch 10 Batch 8 | Loss: 0.516477
Epoch 10 Batch 9 | Loss: 0.497149
Epoch 10 Batch 10 | Loss: 0.541628
Epoch 10 Batch 11 | Loss: 0.538117
Epoch 10 Batch 12 | Loss: 0.543220
Epoch 10 Batch 13 | Loss: 0.559575
  [STABILITY] Test accuracy improved: 83.14% -> 87.79% (via EMA). Saving best params.
--- Epoch 10/30 | Loss: 0.5358 | Train Acc: 83.5% | Test Acc: 87.8% | CM: [TP:82, TN:69, FP:17, FN:4] | Progress: 33.3% | ETA: 21.2s ---
Epoch 11 Batch 1 | Loss: 0.538548 | Stats: min: -0.334, max: 0.293, mean: 0.067
Epoch 11 Batch 2 | Loss: 0.556061
Epoch 11 Batch 3 | Loss: 0.579624
Epoch 11 Batch 4 | Loss: 0.524651
Epoch 11 Batch 5 | Loss: 0.550132
Epoch 11 Batch 6 | Loss: 0.540859
Epoch 11 Batch 7 | Loss: 0.492987
Epoch 11 Batch 8 | Loss: 0.550944
Epoch 11 Batch 9 | Loss: 0.503132
Epoch 11 Batch 10 | Loss: 0.529172
Epoch 11 Batch 11 | Loss: 0.522516
Epoch 11 Batch 12 | Loss: 0.508208
Epoch 11 Batch 13 | Loss: 0.525684
--- Epoch 11/30 | Loss: 0.5325 | Train Acc: 84.5% | Test Acc: 87.8% | CM: [TP:81, TN:70, FP:16, FN:5] | Progress: 36.7% | ETA: 16.7s ---
Epoch 12 Batch 1 | Loss: 0.517318 | Stats: min: -0.244, max: 0.228, mean: -0.012
Epoch 12 Batch 2 | Loss: 0.532395
Epoch 12 Batch 3 | Loss: 0.536865
Epoch 12 Batch 4 | Loss: 0.521819
Epoch 12 Batch 5 | Loss: 0.561605
Epoch 12 Batch 6 | Loss: 0.532168
Epoch 12 Batch 7 | Loss: 0.507652
Epoch 12 Batch 8 | Loss: 0.502804
Epoch 12 Batch 9 | Loss: 0.529566
Epoch 12 Batch 10 | Loss: 0.533879
Epoch 12 Batch 11 | Loss: 0.539296
Epoch 12 Batch 12 | Loss: 0.548194
Epoch 12 Batch 13 | Loss: 0.552220
  [STABILITY] Test accuracy improved: 87.79% -> 88.95% (via EMA). Saving best params.
--- Epoch 12/30 | Loss: 0.5320 | Train Acc: 85.5% | Test Acc: 89.0% | CM: [TP:81, TN:72, FP:14, FN:5] | Progress: 40.0% | ETA: 11.0s ---
Epoch 13 Batch 1 | Loss: 0.550911 | Stats: min: -0.157, max: 0.451, mean: 0.101
Epoch 13 Batch 2 | Loss: 0.530208
Epoch 13 Batch 3 | Loss: 0.547210
Epoch 13 Batch 4 | Loss: 0.520107
Epoch 13 Batch 5 | Loss: 0.540215
Epoch 13 Batch 6 | Loss: 0.523936
Epoch 13 Batch 7 | Loss: 0.505979
Epoch 13 Batch 8 | Loss: 0.521088
Epoch 13 Batch 9 | Loss: 0.542946
Epoch 13 Batch 10 | Loss: 0.514413
Epoch 13 Batch 11 | Loss: 0.550011
Epoch 13 Batch 12 | Loss: 0.527942
Epoch 13 Batch 13 | Loss: 0.527034
  [STABILITY] Test accuracy improved: 88.95% -> 91.28% (via EMA). Saving best params.
--- Epoch 13/30 | Loss: 0.5309 | Train Acc: 88.0% | Test Acc: 91.3% | CM: [TP:82, TN:75, FP:11, FN:4] | Progress: 43.3% | ETA: 10.0s ---
Epoch 14 Batch 1 | Loss: 0.528451 | Stats: min: -0.267, max: 0.388, mean: 0.115
Epoch 14 Batch 2 | Loss: 0.504015
Epoch 14 Batch 3 | Loss: 0.558659
Epoch 14 Batch 4 | Loss: 0.516945
Epoch 14 Batch 5 | Loss: 0.520799
Epoch 14 Batch 6 | Loss: 0.515327
Epoch 14 Batch 7 | Loss: 0.547359
Epoch 14 Batch 8 | Loss: 0.507516
Epoch 14 Batch 9 | Loss: 0.561197
Epoch 14 Batch 10 | Loss: 0.503054
Epoch 14 Batch 11 | Loss: 0.549449
Epoch 14 Batch 12 | Loss: 0.529325
Epoch 14 Batch 13 | Loss: 0.558313
--- Epoch 14/30 | Loss: 0.5308 | Train Acc: 89.5% | Test Acc: 91.3% | CM: [TP:82, TN:75, FP:11, FN:4] | Progress: 46.7% | ETA: 7.3s ---
Epoch 15 Batch 1 | Loss: 0.488389 | Stats: min: 0.138, max: 0.331, mean: 0.243
Epoch 15 Batch 2 | Loss: 0.554955
Epoch 15 Batch 3 | Loss: 0.526319
Epoch 15 Batch 4 | Loss: 0.559081
Epoch 15 Batch 5 | Loss: 0.528432
Epoch 15 Batch 6 | Loss: 0.500879
Epoch 15 Batch 7 | Loss: 0.555541
Epoch 15 Batch 8 | Loss: 0.525120
Epoch 15 Batch 9 | Loss: 0.518472
Epoch 15 Batch 10 | Loss: 0.550771
Epoch 15 Batch 11 | Loss: 0.519359
Epoch 15 Batch 12 | Loss: 0.540265
Epoch 15 Batch 13 | Loss: 0.503035
  [STABILITY] Test accuracy improved: 91.28% -> 91.86% (via EMA). Saving best params.
--- Epoch 15/30 | Loss: 0.5285 | Train Acc: 90.5% | Test Acc: 91.9% | CM: [TP:82, TN:76, FP:10, FN:4] | Progress: 50.0% | ETA: 7.2s ---
Epoch 16 Batch 1 | Loss: 0.541201 | Stats: min: -0.329, max: 0.133, mean: -0.201
Epoch 16 Batch 2 | Loss: 0.503387
Epoch 16 Batch 3 | Loss: 0.500182
Epoch 16 Batch 4 | Loss: 0.521588
Epoch 16 Batch 5 | Loss: 0.519909
Epoch 16 Batch 6 | Loss: 0.522708
Epoch 16 Batch 7 | Loss: 0.505084
Epoch 16 Batch 8 | Loss: 0.554290
Epoch 16 Batch 9 | Loss: 0.556671
Epoch 16 Batch 10 | Loss: 0.530719
Epoch 16 Batch 11 | Loss: 0.533238
Epoch 16 Batch 12 | Loss: 0.552922
Epoch 16 Batch 13 | Loss: 0.564540
--- Epoch 16/30 | Loss: 0.5313 | Train Acc: 90.5% | Test Acc: 91.9% | CM: [TP:82, TN:76, FP:10, FN:4] | Progress: 53.3% | ETA: 6.4s ---
Epoch 17 Batch 1 | Loss: 0.540171 | Stats: min: -0.267, max: 0.245, mean: 0.033
Epoch 17 Batch 2 | Loss: 0.527844
Epoch 17 Batch 3 | Loss: 0.523022
Epoch 17 Batch 4 | Loss: 0.543992
Epoch 17 Batch 5 | Loss: 0.548265
Epoch 17 Batch 6 | Loss: 0.526659
Epoch 17 Batch 7 | Loss: 0.485077
Epoch 17 Batch 8 | Loss: 0.539240
Epoch 17 Batch 9 | Loss: 0.528940
Epoch 17 Batch 10 | Loss: 0.523276
Epoch 17 Batch 11 | Loss: 0.522850
Epoch 17 Batch 12 | Loss: 0.530221
Epoch 17 Batch 13 | Loss: 0.525456
  [STABILITY] Test accuracy improved: 91.86% -> 93.60% (via EMA). Saving best params.
--- Epoch 17/30 | Loss: 0.5281 | Train Acc: 91.0% | Test Acc: 93.6% | CM: [TP:82, TN:79, FP:7, FN:4] | Progress: 56.7% | ETA: 5.4s ---
Epoch 18 Batch 1 | Loss: 0.549131 | Stats: min: -0.234, max: 0.248, mean: -0.018
Epoch 18 Batch 2 | Loss: 0.540046
Epoch 18 Batch 3 | Loss: 0.523900
Epoch 18 Batch 4 | Loss: 0.541612
Epoch 18 Batch 5 | Loss: 0.514276
Epoch 18 Batch 6 | Loss: 0.523538
Epoch 18 Batch 7 | Loss: 0.516516
Epoch 18 Batch 8 | Loss: 0.518405
Epoch 18 Batch 9 | Loss: 0.538877
Epoch 18 Batch 10 | Loss: 0.521974
Epoch 18 Batch 11 | Loss: 0.542407
Epoch 18 Batch 12 | Loss: 0.506559
Epoch 18 Batch 13 | Loss: 0.512796
  [STABILITY] Test accuracy improved: 93.60% -> 95.35% (via EMA). Saving best params.
--- Epoch 18/30 | Loss: 0.5269 | Train Acc: 92.0% | Test Acc: 95.3% | CM: [TP:82, TN:82, FP:4, FN:4] | Progress: 60.0% | ETA: 4.2s ---
Epoch 19 Batch 1 | Loss: 0.500199 | Stats: min: -0.193, max: 0.349, mean: 0.110
Epoch 19 Batch 2 | Loss: 0.530540
Epoch 19 Batch 3 | Loss: 0.521684
Epoch 19 Batch 4 | Loss: 0.489198
Epoch 19 Batch 5 | Loss: 0.547707
Epoch 19 Batch 6 | Loss: 0.551797
Epoch 19 Batch 7 | Loss: 0.503129
Epoch 19 Batch 8 | Loss: 0.550999
Epoch 19 Batch 9 | Loss: 0.528313
Epoch 19 Batch 10 | Loss: 0.529560
Epoch 19 Batch 11 | Loss: 0.516059
Epoch 19 Batch 12 | Loss: 0.551999
Epoch 19 Batch 13 | Loss: 0.529479
--- Epoch 19/30 | Loss: 0.5270 | Train Acc: 92.5% | Test Acc: 95.3% | CM: [TP:82, TN:82, FP:4, FN:4] | Progress: 63.3% | ETA: 3.7s ---
Epoch 20 Batch 1 | Loss: 0.526560 | Stats: min: -0.351, max: 0.259, mean: -0.044
Epoch 20 Batch 2 | Loss: 0.521614
Epoch 20 Batch 3 | Loss: 0.568339
Epoch 20 Batch 4 | Loss: 0.497996
Epoch 20 Batch 5 | Loss: 0.513282
Epoch 20 Batch 6 | Loss: 0.547880
Epoch 20 Batch 7 | Loss: 0.536081
Epoch 20 Batch 8 | Loss: 0.521448
Epoch 20 Batch 9 | Loss: 0.532243
Epoch 20 Batch 10 | Loss: 0.501741
Epoch 20 Batch 11 | Loss: 0.535686
Epoch 20 Batch 12 | Loss: 0.475395
Epoch 20 Batch 13 | Loss: 0.602001
  [STABILITY] Test accuracy improved: 95.35% -> 95.93% (via EMA). Saving best params.
--- Epoch 20/30 | Loss: 0.5293 | Train Acc: 92.5% | Test Acc: 95.9% | CM: [TP:83, TN:82, FP:4, FN:3] | Progress: 66.7% | ETA: 3.2s ---
Epoch 21 Batch 1 | Loss: 0.530509 | Stats: min: -0.234, max: -0.069, mean: -0.174
Epoch 21 Batch 2 | Loss: 0.517802
Epoch 21 Batch 3 | Loss: 0.535380
Epoch 21 Batch 4 | Loss: 0.529975
Epoch 21 Batch 5 | Loss: 0.527668
Epoch 21 Batch 6 | Loss: 0.550514
Epoch 21 Batch 7 | Loss: 0.504082
Epoch 21 Batch 8 | Loss: 0.530988
Epoch 21 Batch 9 | Loss: 0.531386
Epoch 21 Batch 10 | Loss: 0.514752
Epoch 21 Batch 11 | Loss: 0.537001
Epoch 21 Batch 12 | Loss: 0.503289
Epoch 21 Batch 13 | Loss: 0.511088
--- Epoch 21/30 | Loss: 0.5250 | Train Acc: 93.5% | Test Acc: 95.9% | CM: [TP:83, TN:82, FP:4, FN:3] | Progress: 70.0% | ETA: 3.2s ---
Epoch 22 Batch 1 | Loss: 0.498927 | Stats: min: -0.222, max: 0.373, mean: -0.035
Epoch 22 Batch 2 | Loss: 0.550189
Epoch 22 Batch 3 | Loss: 0.491004
Epoch 22 Batch 4 | Loss: 0.545200
Epoch 22 Batch 5 | Loss: 0.512583
Epoch 22 Batch 6 | Loss: 0.503090
Epoch 22 Batch 7 | Loss: 0.527725
Epoch 22 Batch 8 | Loss: 0.529773
Epoch 22 Batch 9 | Loss: 0.510510
Epoch 22 Batch 10 | Loss: 0.530589
Epoch 22 Batch 11 | Loss: 0.546764
Epoch 22 Batch 12 | Loss: 0.541629
Epoch 22 Batch 13 | Loss: 0.560471
--- Epoch 22/30 | Loss: 0.5268 | Train Acc: 93.5% | Test Acc: 95.9% | CM: [TP:83, TN:82, FP:4, FN:3] | Progress: 73.3% | ETA: 3.9s ---
Epoch 23 Batch 1 | Loss: 0.511348 | Stats: min: -0.075, max: 0.271, mean: 0.088
Epoch 23 Batch 2 | Loss: 0.540345
Epoch 23 Batch 3 | Loss: 0.527802
Epoch 23 Batch 4 | Loss: 0.536374
Epoch 23 Batch 5 | Loss: 0.497567
Epoch 23 Batch 6 | Loss: 0.514777
Epoch 23 Batch 7 | Loss: 0.542359
Epoch 23 Batch 8 | Loss: 0.524799
Epoch 23 Batch 9 | Loss: 0.538065
Epoch 23 Batch 10 | Loss: 0.490936
Epoch 23 Batch 11 | Loss: 0.530201
Epoch 23 Batch 12 | Loss: 0.557705
Epoch 23 Batch 13 | Loss: 0.521493
  [STABILITY] Plateau detected. Reducing Learning Rate to 0.010000
--- Epoch 23/30 | Loss: 0.5257 | Train Acc: 93.5% | Test Acc: 95.9% | CM: [TP:83, TN:82, FP:4, FN:3] | Progress: 76.7% | ETA: 3.4s ---
Epoch 24 Batch 1 | Loss: 0.502524 | Stats: min: -0.229, max: 0.317, mean: 0.006
Epoch 24 Batch 2 | Loss: 0.506945
Epoch 24 Batch 3 | Loss: 0.508536
Epoch 24 Batch 4 | Loss: 0.554746
Epoch 24 Batch 5 | Loss: 0.504738
Epoch 24 Batch 6 | Loss: 0.487113
Epoch 24 Batch 7 | Loss: 0.545857
Epoch 24 Batch 8 | Loss: 0.530152
Epoch 24 Batch 9 | Loss: 0.542451
Epoch 24 Batch 10 | Loss: 0.513800
Epoch 24 Batch 11 | Loss: 0.537495
Epoch 24 Batch 12 | Loss: 0.530429
Epoch 24 Batch 13 | Loss: 0.523443
--- Epoch 24/30 | Loss: 0.5222 | Train Acc: 93.0% | Test Acc: 95.9% | CM: [TP:83, TN:82, FP:4, FN:3] | Progress: 80.0% | ETA: 2.0s ---
Epoch 25 Batch 1 | Loss: 0.518521 | Stats: min: -0.267, max: 0.333, mean: 0.028
Epoch 25 Batch 2 | Loss: 0.537540
Epoch 25 Batch 3 | Loss: 0.550017
Epoch 25 Batch 4 | Loss: 0.493384
Epoch 25 Batch 5 | Loss: 0.506460
Epoch 25 Batch 6 | Loss: 0.522349
Epoch 25 Batch 7 | Loss: 0.521598
Epoch 25 Batch 8 | Loss: 0.551403
Epoch 25 Batch 9 | Loss: 0.499327
Epoch 25 Batch 10 | Loss: 0.546157
Epoch 25 Batch 11 | Loss: 0.522869
Epoch 25 Batch 12 | Loss: 0.501244
Epoch 25 Batch 13 | Loss: 0.499086
--- Epoch 25/30 | Loss: 0.5208 | Train Acc: 93.0% | Test Acc: 95.9% | CM: [TP:83, TN:82, FP:4, FN:3] | Progress: 83.3% | ETA: 1.9s ---
Epoch 26 Batch 1 | Loss: 0.513725 | Stats: min: -0.247, max: 0.302, mean: -0.008
Epoch 26 Batch 2 | Loss: 0.503690
Epoch 26 Batch 3 | Loss: 0.517546
Epoch 26 Batch 4 | Loss: 0.541071
Epoch 26 Batch 5 | Loss: 0.540429
Epoch 26 Batch 6 | Loss: 0.506542
Epoch 26 Batch 7 | Loss: 0.512925
Epoch 26 Batch 8 | Loss: 0.538625
Epoch 26 Batch 9 | Loss: 0.549911
Epoch 26 Batch 10 | Loss: 0.521100
Epoch 26 Batch 11 | Loss: 0.518154
Epoch 26 Batch 12 | Loss: 0.515858
Epoch 26 Batch 13 | Loss: 0.471805
  [STABILITY] Plateau detected. Reducing Learning Rate to 0.005000
--- Epoch 26/30 | Loss: 0.5193 | Train Acc: 93.0% | Test Acc: 95.9% | CM: [TP:83, TN:82, FP:4, FN:3] | Progress: 86.7% | ETA: 1.2s ---
Epoch 27 Batch 1 | Loss: 0.510413 | Stats: min: -0.162, max: 0.394, mean: 0.118
Epoch 27 Batch 2 | Loss: 0.531053
Epoch 27 Batch 3 | Loss: 0.533872
Epoch 27 Batch 4 | Loss: 0.520323
Epoch 27 Batch 5 | Loss: 0.506813
Epoch 27 Batch 6 | Loss: 0.528413
Epoch 27 Batch 7 | Loss: 0.503881
Epoch 27 Batch 8 | Loss: 0.498617
Epoch 27 Batch 9 | Loss: 0.524781
Epoch 27 Batch 10 | Loss: 0.508510
Epoch 27 Batch 11 | Loss: 0.521121
Epoch 27 Batch 12 | Loss: 0.543997
Epoch 27 Batch 13 | Loss: 0.546281
--- Epoch 27/30 | Loss: 0.5214 | Train Acc: 93.0% | Test Acc: 94.8% | CM: [TP:82, TN:81, FP:5, FN:4] | Progress: 90.0% | ETA: 1.0s ---
Epoch 28 Batch 1 | Loss: 0.485748 | Stats: min: -0.280, max: -0.166, mean: -0.216
Epoch 28 Batch 2 | Loss: 0.532757
Epoch 28 Batch 3 | Loss: 0.550239
Epoch 28 Batch 4 | Loss: 0.531274
Epoch 28 Batch 5 | Loss: 0.496887
Epoch 28 Batch 6 | Loss: 0.531420
Epoch 28 Batch 7 | Loss: 0.509793
Epoch 28 Batch 8 | Loss: 0.534864
Epoch 28 Batch 9 | Loss: 0.533805
Epoch 28 Batch 10 | Loss: 0.495342
Epoch 28 Batch 11 | Loss: 0.520274
Epoch 28 Batch 12 | Loss: 0.520321
Epoch 28 Batch 13 | Loss: 0.504606
--- Epoch 28/30 | Loss: 0.5190 | Train Acc: 93.0% | Test Acc: 94.8% | CM: [TP:82, TN:81, FP:5, FN:4] | Progress: 93.3% | ETA: 0.5s ---
Epoch 29 Batch 1 | Loss: 0.530614 | Stats: min: -0.294, max: 0.446, mean: 0.048
Epoch 29 Batch 2 | Loss: 0.498829
Epoch 29 Batch 3 | Loss: 0.527022
Epoch 29 Batch 4 | Loss: 0.506596
Epoch 29 Batch 5 | Loss: 0.527904
Epoch 29 Batch 6 | Loss: 0.528132
Epoch 29 Batch 7 | Loss: 0.512654
Epoch 29 Batch 8 | Loss: 0.502029
Epoch 29 Batch 9 | Loss: 0.519361
Epoch 29 Batch 10 | Loss: 0.523586
Epoch 29 Batch 11 | Loss: 0.522185
Epoch 29 Batch 12 | Loss: 0.550589
Epoch 29 Batch 13 | Loss: 0.484805
  [STABILITY] Plateau detected. Reducing Learning Rate to 0.002500
--- Epoch 29/30 | Loss: 0.5180 | Train Acc: 93.0% | Test Acc: 94.2% | CM: [TP:82, TN:80, FP:6, FN:4] | Progress: 96.7% | ETA: 0.2s ---
Epoch 30 Batch 1 | Loss: 0.512982 | Stats: min: -0.265, max: 0.486, mean: 0.051
Epoch 30 Batch 2 | Loss: 0.483441
Epoch 30 Batch 3 | Loss: 0.506807
Epoch 30 Batch 4 | Loss: 0.536958
Epoch 30 Batch 5 | Loss: 0.529371
Epoch 30 Batch 6 | Loss: 0.532881
Epoch 30 Batch 7 | Loss: 0.497331
Epoch 30 Batch 8 | Loss: 0.490949
Epoch 30 Batch 9 | Loss: 0.521887
Epoch 30 Batch 10 | Loss: 0.548700
Epoch 30 Batch 11 | Loss: 0.506735
Epoch 30 Batch 12 | Loss: 0.534305
Epoch 30 Batch 13 | Loss: 0.587175
--- Epoch 30/30 | Loss: 0.5223 | Train Acc: 93.0% | Test Acc: 94.2% | CM: [TP:82, TN:80, FP:6, FN:4] | Progress: 100.0% | ETA: 0.0s ---

Final Best Test Accuracy: 95.93%


Best Quantum Test Accuracy: 0.959
