DEBUG: Qtrainer enters train_pure_quantum_cnn. Encoding: amplitude
  Class Weights: +1 (Target): 1.00 | -1 (Rest): 1.00
Starting Training
==================================================
Epoch 1 Batch 1 | Loss: 0.734477 | Stats: min: -0.161, max: 0.057, mean: -0.058
Epoch 1 Batch 2 | Loss: 0.674520
Epoch 1 Batch 3 | Loss: 0.630272
Epoch 1 Batch 4 | Loss: 0.640469
Epoch 1 Batch 5 | Loss: 0.657513
Epoch 1 Batch 6 | Loss: 0.620253
Epoch 1 Batch 7 | Loss: 0.600176
Epoch 1 Batch 8 | Loss: 0.601173
Epoch 1 Batch 9 | Loss: 0.615628
Epoch 1 Batch 10 | Loss: 0.551864
Epoch 1 Batch 11 | Loss: 0.598842
Epoch 1 Batch 12 | Loss: 0.616789
Epoch 1 Batch 13 | Loss: 0.519714
  [STABILITY] Test accuracy improved: 0.00% -> 56.40% (via EMA). Saving best params.
--- Epoch 1/30 | Loss: 0.6201 | Train Acc: 55.5% | Test Acc: 56.4% | CM: [TP:20, TN:77, FP:9, FN:66] | Progress: 3.3% | ETA: 272.0s ---
Epoch 2 Batch 1 | Loss: 0.599117 | Stats: min: -0.194, max: 0.067, mean: -0.049
Epoch 2 Batch 2 | Loss: 0.556724
Epoch 2 Batch 3 | Loss: 0.578416
Epoch 2 Batch 4 | Loss: 0.567938
Epoch 2 Batch 5 | Loss: 0.570676
Epoch 2 Batch 6 | Loss: 0.582427
Epoch 2 Batch 7 | Loss: 0.531210
Epoch 2 Batch 8 | Loss: 0.564302
Epoch 2 Batch 9 | Loss: 0.604002
Epoch 2 Batch 10 | Loss: 0.602653
Epoch 2 Batch 11 | Loss: 0.548705
Epoch 2 Batch 12 | Loss: 0.565756
Epoch 2 Batch 13 | Loss: 0.495497
  [STABILITY] Test accuracy improved: 56.40% -> 66.28% (via EMA). Saving best params.
--- Epoch 2/30 | Loss: 0.5667 | Train Acc: 65.0% | Test Acc: 66.3% | CM: [TP:37, TN:77, FP:9, FN:49] | Progress: 6.7% | ETA: 177.0s ---
Epoch 3 Batch 1 | Loss: 0.521247 | Stats: min: -0.325, max: 0.390, mean: -0.108
Epoch 3 Batch 2 | Loss: 0.558668
Epoch 3 Batch 3 | Loss: 0.530544
Epoch 3 Batch 4 | Loss: 0.525927
Epoch 3 Batch 5 | Loss: 0.513643
Epoch 3 Batch 6 | Loss: 0.494654
Epoch 3 Batch 7 | Loss: 0.526158
Epoch 3 Batch 8 | Loss: 0.604381
Epoch 3 Batch 9 | Loss: 0.556741
Epoch 3 Batch 10 | Loss: 0.628710
Epoch 3 Batch 11 | Loss: 0.628571
Epoch 3 Batch 12 | Loss: 0.620201
Epoch 3 Batch 13 | Loss: 0.616847
  [STABILITY] Test accuracy improved: 66.28% -> 68.60% (via EMA). Saving best params.
--- Epoch 3/30 | Loss: 0.5636 | Train Acc: 69.5% | Test Acc: 68.6% | CM: [TP:42, TN:76, FP:10, FN:44] | Progress: 10.0% | ETA: 105.2s ---
Epoch 4 Batch 1 | Loss: 0.548666 | Stats: min: -0.441, max: 0.260, mean: -0.086
Epoch 4 Batch 2 | Loss: 0.568247
Epoch 4 Batch 3 | Loss: 0.595963
Epoch 4 Batch 4 | Loss: 0.583725
Epoch 4 Batch 5 | Loss: 0.526116
Epoch 4 Batch 6 | Loss: 0.532189
Epoch 4 Batch 7 | Loss: 0.572335
Epoch 4 Batch 8 | Loss: 0.560786
Epoch 4 Batch 9 | Loss: 0.540955
Epoch 4 Batch 10 | Loss: 0.539109
Epoch 4 Batch 11 | Loss: 0.514106
Epoch 4 Batch 12 | Loss: 0.519932
Epoch 4 Batch 13 | Loss: 0.507714
  [STABILITY] Test accuracy improved: 68.60% -> 72.67% (via EMA). Saving best params.
--- Epoch 4/30 | Loss: 0.5469 | Train Acc: 74.0% | Test Acc: 72.7% | CM: [TP:49, TN:76, FP:10, FN:37] | Progress: 13.3% | ETA: 53.5s ---
Epoch 5 Batch 1 | Loss: 0.491651 | Stats: min: -0.338, max: 0.384, mean: -0.003
Epoch 5 Batch 2 | Loss: 0.544556
Epoch 5 Batch 3 | Loss: 0.517512
Epoch 5 Batch 4 | Loss: 0.521768
Epoch 5 Batch 5 | Loss: 0.545006
Epoch 5 Batch 6 | Loss: 0.482415
Epoch 5 Batch 7 | Loss: 0.576752
Epoch 5 Batch 8 | Loss: 0.613914
Epoch 5 Batch 9 | Loss: 0.584379
Epoch 5 Batch 10 | Loss: 0.554666
Epoch 5 Batch 11 | Loss: 0.514332
Epoch 5 Batch 12 | Loss: 0.535462
Epoch 5 Batch 13 | Loss: 0.540931
  [STABILITY] Test accuracy improved: 72.67% -> 75.00% (via EMA). Saving best params.
--- Epoch 5/30 | Loss: 0.5403 | Train Acc: 76.5% | Test Acc: 75.0% | CM: [TP:54, TN:75, FP:11, FN:32] | Progress: 16.7% | ETA: 35.4s ---
Epoch 6 Batch 1 | Loss: 0.544348 | Stats: min: -0.437, max: 0.206, mean: -0.006
Epoch 6 Batch 2 | Loss: 0.495147
Epoch 6 Batch 3 | Loss: 0.569216
Epoch 6 Batch 4 | Loss: 0.521122
Epoch 6 Batch 5 | Loss: 0.580195
Epoch 6 Batch 6 | Loss: 0.524172
Epoch 6 Batch 7 | Loss: 0.514773
Epoch 6 Batch 8 | Loss: 0.486131
Epoch 6 Batch 9 | Loss: 0.502214
Epoch 6 Batch 10 | Loss: 0.519756
Epoch 6 Batch 11 | Loss: 0.603561
Epoch 6 Batch 12 | Loss: 0.572018
Epoch 6 Batch 13 | Loss: 0.471696
  [STABILITY] Test accuracy improved: 75.00% -> 78.49% (via EMA). Saving best params.
--- Epoch 6/30 | Loss: 0.5311 | Train Acc: 77.0% | Test Acc: 78.5% | CM: [TP:61, TN:74, FP:12, FN:25] | Progress: 20.0% | ETA: 35.7s ---
Epoch 7 Batch 1 | Loss: 0.545353 | Stats: min: -0.392, max: 0.104, mean: -0.151
Epoch 7 Batch 2 | Loss: 0.478446
Epoch 7 Batch 3 | Loss: 0.483570
Epoch 7 Batch 4 | Loss: 0.579643
Epoch 7 Batch 5 | Loss: 0.588593
Epoch 7 Batch 6 | Loss: 0.552058
Epoch 7 Batch 7 | Loss: 0.515706
Epoch 7 Batch 8 | Loss: 0.482901
Epoch 7 Batch 9 | Loss: 0.516603
Epoch 7 Batch 10 | Loss: 0.514140
Epoch 7 Batch 11 | Loss: 0.492962
Epoch 7 Batch 12 | Loss: 0.525966
Epoch 7 Batch 13 | Loss: 0.519622
--- Epoch 7/30 | Loss: 0.5227 | Train Acc: 77.0% | Test Acc: 77.9% | CM: [TP:63, TN:71, FP:15, FN:23] | Progress: 23.3% | ETA: 42.3s ---
Epoch 8 Batch 1 | Loss: 0.492156 | Stats: min: -0.603, max: 0.389, mean: -0.034
Epoch 8 Batch 2 | Loss: 0.503444
Epoch 8 Batch 3 | Loss: 0.507589
Epoch 8 Batch 4 | Loss: 0.493733
Epoch 8 Batch 5 | Loss: 0.473864
Epoch 8 Batch 6 | Loss: 0.530735
Epoch 8 Batch 7 | Loss: 0.506358
Epoch 8 Batch 8 | Loss: 0.511378
Epoch 8 Batch 9 | Loss: 0.503099
Epoch 8 Batch 10 | Loss: 0.518825
Epoch 8 Batch 11 | Loss: 0.531385
Epoch 8 Batch 12 | Loss: 0.621491
Epoch 8 Batch 13 | Loss: 0.552024
  [STABILITY] Test accuracy improved: 78.49% -> 79.65% (via EMA). Saving best params.
--- Epoch 8/30 | Loss: 0.5189 | Train Acc: 78.0% | Test Acc: 79.7% | CM: [TP:66, TN:71, FP:15, FN:20] | Progress: 26.7% | ETA: 18.2s ---
Epoch 9 Batch 1 | Loss: 0.507444 | Stats: min: -0.486, max: 0.286, mean: -0.158
Epoch 9 Batch 2 | Loss: 0.524753
Epoch 9 Batch 3 | Loss: 0.505660
Epoch 9 Batch 4 | Loss: 0.490057
Epoch 9 Batch 5 | Loss: 0.559127
Epoch 9 Batch 6 | Loss: 0.474429
Epoch 9 Batch 7 | Loss: 0.554008
Epoch 9 Batch 8 | Loss: 0.499575
Epoch 9 Batch 9 | Loss: 0.480597
Epoch 9 Batch 10 | Loss: 0.571337
Epoch 9 Batch 11 | Loss: 0.470618
Epoch 9 Batch 12 | Loss: 0.520492
Epoch 9 Batch 13 | Loss: 0.539001
--- Epoch 9/30 | Loss: 0.5152 | Train Acc: 79.0% | Test Acc: 79.7% | CM: [TP:66, TN:71, FP:15, FN:20] | Progress: 30.0% | ETA: 16.2s ---
Epoch 10 Batch 1 | Loss: 0.502265 | Stats: min: -0.463, max: 0.334, mean: -0.029
Epoch 10 Batch 2 | Loss: 0.436712
Epoch 10 Batch 3 | Loss: 0.605036
Epoch 10 Batch 4 | Loss: 0.556051
Epoch 10 Batch 5 | Loss: 0.509458
Epoch 10 Batch 6 | Loss: 0.528117
Epoch 10 Batch 7 | Loss: 0.500661
Epoch 10 Batch 8 | Loss: 0.515754
Epoch 10 Batch 9 | Loss: 0.460767
Epoch 10 Batch 10 | Loss: 0.492295
Epoch 10 Batch 11 | Loss: 0.547327
Epoch 10 Batch 12 | Loss: 0.467249
Epoch 10 Batch 13 | Loss: 0.490114
  [STABILITY] Test accuracy improved: 79.65% -> 80.81% (via EMA). Saving best params.
--- Epoch 10/30 | Loss: 0.5086 | Train Acc: 79.5% | Test Acc: 80.8% | CM: [TP:68, TN:71, FP:15, FN:18] | Progress: 33.3% | ETA: 12.8s ---
Epoch 11 Batch 1 | Loss: 0.567572 | Stats: min: -0.548, max: 0.121, mean: -0.197
Epoch 11 Batch 2 | Loss: 0.488018
Epoch 11 Batch 3 | Loss: 0.432837
Epoch 11 Batch 4 | Loss: 0.492358
Epoch 11 Batch 5 | Loss: 0.482819
Epoch 11 Batch 6 | Loss: 0.487588
Epoch 11 Batch 7 | Loss: 0.477092
Epoch 11 Batch 8 | Loss: 0.459025
Epoch 11 Batch 9 | Loss: 0.497061
Epoch 11 Batch 10 | Loss: 0.540847
Epoch 11 Batch 11 | Loss: 0.569363
Epoch 11 Batch 12 | Loss: 0.542655
Epoch 11 Batch 13 | Loss: 0.603463
--- Epoch 11/30 | Loss: 0.5108 | Train Acc: 80.0% | Test Acc: 80.8% | CM: [TP:67, TN:72, FP:14, FN:19] | Progress: 36.7% | ETA: 13.2s ---
Epoch 12 Batch 1 | Loss: 0.550644 | Stats: min: -0.503, max: -0.106, mean: -0.308
Epoch 12 Batch 2 | Loss: 0.505287
Epoch 12 Batch 3 | Loss: 0.450270
Epoch 12 Batch 4 | Loss: 0.510864
Epoch 12 Batch 5 | Loss: 0.494271
Epoch 12 Batch 6 | Loss: 0.463711
Epoch 12 Batch 7 | Loss: 0.522703
Epoch 12 Batch 8 | Loss: 0.465821
Epoch 12 Batch 9 | Loss: 0.546917
Epoch 12 Batch 10 | Loss: 0.506770
Epoch 12 Batch 11 | Loss: 0.490485
Epoch 12 Batch 12 | Loss: 0.535949
Epoch 12 Batch 13 | Loss: 0.529764
--- Epoch 12/30 | Loss: 0.5057 | Train Acc: 80.5% | Test Acc: 80.8% | CM: [TP:67, TN:72, FP:14, FN:19] | Progress: 40.0% | ETA: 15.3s ---
Epoch 13 Batch 1 | Loss: 0.505041 | Stats: min: -0.578, max: 0.436, mean: -0.032
Epoch 13 Batch 2 | Loss: 0.543101
Epoch 13 Batch 3 | Loss: 0.556985
Epoch 13 Batch 4 | Loss: 0.505414
Epoch 13 Batch 5 | Loss: 0.501357
Epoch 13 Batch 6 | Loss: 0.458088
Epoch 13 Batch 7 | Loss: 0.548149
Epoch 13 Batch 8 | Loss: 0.498488
Epoch 13 Batch 9 | Loss: 0.499959
Epoch 13 Batch 10 | Loss: 0.589772
Epoch 13 Batch 11 | Loss: 0.414301
Epoch 13 Batch 12 | Loss: 0.458049
Epoch 13 Batch 13 | Loss: 0.482830
  [STABILITY] Plateau detected. Reducing Learning Rate to 0.010000
--- Epoch 13/30 | Loss: 0.5047 | Train Acc: 80.5% | Test Acc: 80.8% | CM: [TP:65, TN:74, FP:12, FN:21] | Progress: 43.3% | ETA: 10.2s ---
Epoch 14 Batch 1 | Loss: 0.499425 | Stats: min: -0.467, max: 0.182, mean: -0.100
Epoch 14 Batch 2 | Loss: 0.566307
Epoch 14 Batch 3 | Loss: 0.485657
Epoch 14 Batch 4 | Loss: 0.500276
Epoch 14 Batch 5 | Loss: 0.507651
Epoch 14 Batch 6 | Loss: 0.520794
Epoch 14 Batch 7 | Loss: 0.485016
Epoch 14 Batch 8 | Loss: 0.472962
Epoch 14 Batch 9 | Loss: 0.493028
Epoch 14 Batch 10 | Loss: 0.446343
Epoch 14 Batch 11 | Loss: 0.500798
Epoch 14 Batch 12 | Loss: 0.544746
Epoch 14 Batch 13 | Loss: 0.461518
--- Epoch 14/30 | Loss: 0.4988 | Train Acc: 81.0% | Test Acc: 80.8% | CM: [TP:65, TN:74, FP:12, FN:21] | Progress: 46.7% | ETA: 8.0s ---
Epoch 15 Batch 1 | Loss: 0.483283 | Stats: min: -0.398, max: 0.355, mean: -0.069
Epoch 15 Batch 2 | Loss: 0.535111
Epoch 15 Batch 3 | Loss: 0.589549
Epoch 15 Batch 4 | Loss: 0.480638
Epoch 15 Batch 5 | Loss: 0.463936
Epoch 15 Batch 6 | Loss: 0.446909
Epoch 15 Batch 7 | Loss: 0.499615
Epoch 15 Batch 8 | Loss: 0.470555
Epoch 15 Batch 9 | Loss: 0.494648
Epoch 15 Batch 10 | Loss: 0.545226
Epoch 15 Batch 11 | Loss: 0.471977
Epoch 15 Batch 12 | Loss: 0.516805
Epoch 15 Batch 13 | Loss: 0.496256
  [STABILITY] Test accuracy improved: 80.81% -> 81.40% (via EMA). Saving best params.
--- Epoch 15/30 | Loss: 0.4996 | Train Acc: 81.0% | Test Acc: 81.4% | CM: [TP:65, TN:75, FP:11, FN:21] | Progress: 50.0% | ETA: 10.5s ---
Epoch 16 Batch 1 | Loss: 0.464860 | Stats: min: -0.407, max: 0.494, mean: -0.044
Epoch 16 Batch 2 | Loss: 0.436820
Epoch 16 Batch 3 | Loss: 0.540539
Epoch 16 Batch 4 | Loss: 0.557511
Epoch 16 Batch 5 | Loss: 0.529161
Epoch 16 Batch 6 | Loss: 0.544203
Epoch 16 Batch 7 | Loss: 0.489564
Epoch 16 Batch 8 | Loss: 0.473966
Epoch 16 Batch 9 | Loss: 0.481618
Epoch 16 Batch 10 | Loss: 0.498014
Epoch 16 Batch 11 | Loss: 0.505112
Epoch 16 Batch 12 | Loss: 0.511158
Epoch 16 Batch 13 | Loss: 0.526660
--- Epoch 16/30 | Loss: 0.5046 | Train Acc: 81.0% | Test Acc: 80.8% | CM: [TP:65, TN:74, FP:12, FN:21] | Progress: 53.3% | ETA: 6.5s ---
Epoch 17 Batch 1 | Loss: 0.444914 | Stats: min: -0.530, max: 0.482, mean: -0.212
Epoch 17 Batch 2 | Loss: 0.563228
Epoch 17 Batch 3 | Loss: 0.544920
Epoch 17 Batch 4 | Loss: 0.466744
Epoch 17 Batch 5 | Loss: 0.510095
Epoch 17 Batch 6 | Loss: 0.548604
Epoch 17 Batch 7 | Loss: 0.433989
Epoch 17 Batch 8 | Loss: 0.472868
Epoch 17 Batch 9 | Loss: 0.463627
Epoch 17 Batch 10 | Loss: 0.543117
Epoch 17 Batch 11 | Loss: 0.503366
Epoch 17 Batch 12 | Loss: 0.523724
Epoch 17 Batch 13 | Loss: 0.524300
--- Epoch 17/30 | Loss: 0.5033 | Train Acc: 82.0% | Test Acc: 81.4% | CM: [TP:64, TN:76, FP:10, FN:22] | Progress: 56.7% | ETA: 7.3s ---
Epoch 18 Batch 1 | Loss: 0.517168 | Stats: min: -0.457, max: 0.393, mean: 0.017
Epoch 18 Batch 2 | Loss: 0.444901
Epoch 18 Batch 3 | Loss: 0.441118
Epoch 18 Batch 4 | Loss: 0.487226
Epoch 18 Batch 5 | Loss: 0.468525
Epoch 18 Batch 6 | Loss: 0.511550
Epoch 18 Batch 7 | Loss: 0.504875
Epoch 18 Batch 8 | Loss: 0.470535
Epoch 18 Batch 9 | Loss: 0.579922
Epoch 18 Batch 10 | Loss: 0.531009
Epoch 18 Batch 11 | Loss: 0.489554
Epoch 18 Batch 12 | Loss: 0.570759
Epoch 18 Batch 13 | Loss: 0.489342
  [STABILITY] Plateau detected. Reducing Learning Rate to 0.005000
--- Epoch 18/30 | Loss: 0.5005 | Train Acc: 82.0% | Test Acc: 80.2% | CM: [TP:64, TN:74, FP:12, FN:22] | Progress: 60.0% | ETA: 4.8s ---
Epoch 19 Batch 1 | Loss: 0.494052 | Stats: min: -0.269, max: 0.480, mean: 0.126
Epoch 19 Batch 2 | Loss: 0.557255
Epoch 19 Batch 3 | Loss: 0.406118
Epoch 19 Batch 4 | Loss: 0.540341
Epoch 19 Batch 5 | Loss: 0.479373
Epoch 19 Batch 6 | Loss: 0.506573
Epoch 19 Batch 7 | Loss: 0.565316
Epoch 19 Batch 8 | Loss: 0.441605
Epoch 19 Batch 9 | Loss: 0.503529
Epoch 19 Batch 10 | Loss: 0.466524
Epoch 19 Batch 11 | Loss: 0.498156
Epoch 19 Batch 12 | Loss: 0.504815
Epoch 19 Batch 13 | Loss: 0.490679
--- Epoch 19/30 | Loss: 0.4965 | Train Acc: 82.0% | Test Acc: 80.8% | CM: [TP:64, TN:75, FP:11, FN:22] | Progress: 63.3% | ETA: 4.7s ---
Epoch 20 Batch 1 | Loss: 0.539070 | Stats: min: -0.586, max: 0.169, mean: -0.227
Epoch 20 Batch 2 | Loss: 0.489865
Epoch 20 Batch 3 | Loss: 0.466248
Epoch 20 Batch 4 | Loss: 0.463795
Epoch 20 Batch 5 | Loss: 0.523743
Epoch 20 Batch 6 | Loss: 0.521907
Epoch 20 Batch 7 | Loss: 0.524231
Epoch 20 Batch 8 | Loss: 0.464262
Epoch 20 Batch 9 | Loss: 0.471349
Epoch 20 Batch 10 | Loss: 0.461066
Epoch 20 Batch 11 | Loss: 0.508420
Epoch 20 Batch 12 | Loss: 0.489919
Epoch 20 Batch 13 | Loss: 0.585248
--- Epoch 20/30 | Loss: 0.5007 | Train Acc: 81.5% | Test Acc: 80.8% | CM: [TP:64, TN:75, FP:11, FN:22] | Progress: 66.7% | ETA: 4.0s ---
Epoch 21 Batch 1 | Loss: 0.511894 | Stats: min: -0.575, max: 0.002, mean: -0.170
Epoch 21 Batch 2 | Loss: 0.502123
Epoch 21 Batch 3 | Loss: 0.578493
Epoch 21 Batch 4 | Loss: 0.468047
Epoch 21 Batch 5 | Loss: 0.430042
Epoch 21 Batch 6 | Loss: 0.440156
Epoch 21 Batch 7 | Loss: 0.485252
Epoch 21 Batch 8 | Loss: 0.498184
Epoch 21 Batch 9 | Loss: 0.515355
Epoch 21 Batch 10 | Loss: 0.523640
Epoch 21 Batch 11 | Loss: 0.517272
Epoch 21 Batch 12 | Loss: 0.507063
Epoch 21 Batch 13 | Loss: 0.456943
  [STABILITY] Plateau detected. Reducing Learning Rate to 0.002500
--- Epoch 21/30 | Loss: 0.4950 | Train Acc: 82.0% | Test Acc: 80.8% | CM: [TP:63, TN:76, FP:10, FN:23] | Progress: 70.0% | ETA: 2.9s ---
Epoch 22 Batch 1 | Loss: 0.484771 | Stats: min: -0.563, max: 0.523, mean: -0.249
Epoch 22 Batch 2 | Loss: 0.475308
Epoch 22 Batch 3 | Loss: 0.553767
Epoch 22 Batch 4 | Loss: 0.531191
Epoch 22 Batch 5 | Loss: 0.473514
Epoch 22 Batch 6 | Loss: 0.475304
Epoch 22 Batch 7 | Loss: 0.443018
Epoch 22 Batch 8 | Loss: 0.443748
Epoch 22 Batch 9 | Loss: 0.548919
Epoch 22 Batch 10 | Loss: 0.475301
Epoch 22 Batch 11 | Loss: 0.531211
Epoch 22 Batch 12 | Loss: 0.488596
Epoch 22 Batch 13 | Loss: 0.536368
--- Epoch 22/30 | Loss: 0.4970 | Train Acc: 82.0% | Test Acc: 80.2% | CM: [TP:64, TN:74, FP:12, FN:22] | Progress: 73.3% | ETA: 2.5s ---
Epoch 23 Batch 1 | Loss: 0.407309 | Stats: min: -0.386, max: 0.590, mean: 0.302
Epoch 23 Batch 2 | Loss: 0.542761
Epoch 23 Batch 3 | Loss: 0.518296
Epoch 23 Batch 4 | Loss: 0.516924
Epoch 23 Batch 5 | Loss: 0.515268
Epoch 23 Batch 6 | Loss: 0.511393
Epoch 23 Batch 7 | Loss: 0.493353
Epoch 23 Batch 8 | Loss: 0.477208
Epoch 23 Batch 9 | Loss: 0.478773
Epoch 23 Batch 10 | Loss: 0.476092
Epoch 23 Batch 11 | Loss: 0.458142
Epoch 23 Batch 12 | Loss: 0.516902
Epoch 23 Batch 13 | Loss: 0.551823
--- Epoch 23/30 | Loss: 0.4972 | Train Acc: 82.0% | Test Acc: 80.8% | CM: [TP:65, TN:74, FP:12, FN:21] | Progress: 76.7% | ETA: 3.1s ---
Epoch 24 Batch 1 | Loss: 0.458532 | Stats: min: -0.189, max: 0.379, mean: 0.138
Epoch 24 Batch 2 | Loss: 0.482917
Epoch 24 Batch 3 | Loss: 0.508625
Epoch 24 Batch 4 | Loss: 0.516266
Epoch 24 Batch 5 | Loss: 0.473782
Epoch 24 Batch 6 | Loss: 0.533128
Epoch 24 Batch 7 | Loss: 0.551143
Epoch 24 Batch 8 | Loss: 0.481963
Epoch 24 Batch 9 | Loss: 0.553033
Epoch 24 Batch 10 | Loss: 0.475564
Epoch 24 Batch 11 | Loss: 0.482299
Epoch 24 Batch 12 | Loss: 0.471368
Epoch 24 Batch 13 | Loss: 0.391352
  [STABILITY] Plateau detected. Reducing Learning Rate to 0.001250
--- Epoch 24/30 | Loss: 0.4908 | Train Acc: 81.5% | Test Acc: 80.2% | CM: [TP:65, TN:73, FP:13, FN:21] | Progress: 80.0% | ETA: 2.7s ---
Epoch 25 Batch 1 | Loss: 0.474528 | Stats: min: -0.304, max: 0.589, mean: 0.183
Epoch 25 Batch 2 | Loss: 0.470084
Epoch 25 Batch 3 | Loss: 0.523011
Epoch 25 Batch 4 | Loss: 0.497037
Epoch 25 Batch 5 | Loss: 0.470913
Epoch 25 Batch 6 | Loss: 0.489170
Epoch 25 Batch 7 | Loss: 0.461199
Epoch 25 Batch 8 | Loss: 0.516914
Epoch 25 Batch 9 | Loss: 0.529945
Epoch 25 Batch 10 | Loss: 0.531851
Epoch 25 Batch 11 | Loss: 0.510551
Epoch 25 Batch 12 | Loss: 0.489756
Epoch 25 Batch 13 | Loss: 0.430085
--- Epoch 25/30 | Loss: 0.4919 | Train Acc: 81.5% | Test Acc: 80.2% | CM: [TP:65, TN:73, FP:13, FN:21] | Progress: 83.3% | ETA: 2.6s ---
Epoch 26 Batch 1 | Loss: 0.486315 | Stats: min: -0.584, max: 0.585, mean: -0.067
Epoch 26 Batch 2 | Loss: 0.496349
Epoch 26 Batch 3 | Loss: 0.451642
Epoch 26 Batch 4 | Loss: 0.570347
Epoch 26 Batch 5 | Loss: 0.514796
Epoch 26 Batch 6 | Loss: 0.455232
Epoch 26 Batch 7 | Loss: 0.506932
Epoch 26 Batch 8 | Loss: 0.478033
Epoch 26 Batch 9 | Loss: 0.509341
Epoch 26 Batch 10 | Loss: 0.469857
Epoch 26 Batch 11 | Loss: 0.492746
Epoch 26 Batch 12 | Loss: 0.476072
Epoch 26 Batch 13 | Loss: 0.549759
--- Epoch 26/30 | Loss: 0.4967 | Train Acc: 81.5% | Test Acc: 80.2% | CM: [TP:65, TN:73, FP:13, FN:21] | Progress: 86.7% | ETA: 1.7s ---
Epoch 27 Batch 1 | Loss: 0.516961 | Stats: min: -0.286, max: 0.561, mean: 0.170
Epoch 27 Batch 2 | Loss: 0.536487
Epoch 27 Batch 3 | Loss: 0.475487
Epoch 27 Batch 4 | Loss: 0.496443
Epoch 27 Batch 5 | Loss: 0.481513
Epoch 27 Batch 6 | Loss: 0.480086
Epoch 27 Batch 7 | Loss: 0.516822
Epoch 27 Batch 8 | Loss: 0.466379
Epoch 27 Batch 9 | Loss: 0.507809
Epoch 27 Batch 10 | Loss: 0.483069
Epoch 27 Batch 11 | Loss: 0.484721
Epoch 27 Batch 12 | Loss: 0.482271
Epoch 27 Batch 13 | Loss: 0.503954
  [STABILITY] Plateau detected. Reducing Learning Rate to 0.000625
--- Epoch 27/30 | Loss: 0.4948 | Train Acc: 81.0% | Test Acc: 80.2% | CM: [TP:65, TN:73, FP:13, FN:21] | Progress: 90.0% | ETA: 0.7s ---
Epoch 28 Batch 1 | Loss: 0.473181 | Stats: min: -0.406, max: 0.392, mean: 0.052
Epoch 28 Batch 2 | Loss: 0.532791
Epoch 28 Batch 3 | Loss: 0.507557
Epoch 28 Batch 4 | Loss: 0.515492
Epoch 28 Batch 5 | Loss: 0.502266
Epoch 28 Batch 6 | Loss: 0.495387
Epoch 28 Batch 7 | Loss: 0.492775
Epoch 28 Batch 8 | Loss: 0.472119
Epoch 28 Batch 9 | Loss: 0.507571
Epoch 28 Batch 10 | Loss: 0.450375
Epoch 28 Batch 11 | Loss: 0.476642
Epoch 28 Batch 12 | Loss: 0.513799
Epoch 28 Batch 13 | Loss: 0.476438
--- Epoch 28/30 | Loss: 0.4936 | Train Acc: 81.0% | Test Acc: 80.2% | CM: [TP:65, TN:73, FP:13, FN:21] | Progress: 93.3% | ETA: 0.6s ---
Epoch 29 Batch 1 | Loss: 0.557942 | Stats: min: -0.372, max: 0.511, mean: -0.018
Epoch 29 Batch 2 | Loss: 0.427066
Epoch 29 Batch 3 | Loss: 0.511153
Epoch 29 Batch 4 | Loss: 0.452860
Epoch 29 Batch 5 | Loss: 0.527632
Epoch 29 Batch 6 | Loss: 0.460677
Epoch 29 Batch 7 | Loss: 0.490998
Epoch 29 Batch 8 | Loss: 0.478506
Epoch 29 Batch 9 | Loss: 0.563242
Epoch 29 Batch 10 | Loss: 0.492897
Epoch 29 Batch 11 | Loss: 0.477478
Epoch 29 Batch 12 | Loss: 0.523158
Epoch 29 Batch 13 | Loss: 0.424526
--- Epoch 29/30 | Loss: 0.4914 | Train Acc: 81.0% | Test Acc: 80.2% | CM: [TP:65, TN:73, FP:13, FN:21] | Progress: 96.7% | ETA: 0.4s ---
Epoch 30 Batch 1 | Loss: 0.500497 | Stats: min: -0.297, max: 0.593, mean: 0.175
Epoch 30 Batch 2 | Loss: 0.508052
Epoch 30 Batch 3 | Loss: 0.549646
Epoch 30 Batch 4 | Loss: 0.522312
Epoch 30 Batch 5 | Loss: 0.486191
Epoch 30 Batch 6 | Loss: 0.460442
Epoch 30 Batch 7 | Loss: 0.430195
Epoch 30 Batch 8 | Loss: 0.508899
Epoch 30 Batch 9 | Loss: 0.502080
Epoch 30 Batch 10 | Loss: 0.527084
Epoch 30 Batch 11 | Loss: 0.490170
Epoch 30 Batch 12 | Loss: 0.454173
Epoch 30 Batch 13 | Loss: 0.476313
  [STABILITY] Plateau detected. Reducing Learning Rate to 0.000313
--- Epoch 30/30 | Loss: 0.4935 | Train Acc: 81.0% | Test Acc: 80.2% | CM: [TP:65, TN:73, FP:13, FN:21] | Progress: 100.0% | ETA: 0.0s ---

Final Best Test Accuracy: 81.40%


Best Quantum Test Accuracy: 0.814
