DEBUG: Qtrainer enters train_pure_quantum_cnn. Encoding: amplitude
  Class Weights: +1 (Target): 1.00 | -1 (Rest): 1.00
Starting Training
==================================================
Epoch 1 Batch 1 | Loss: 0.702911 | Stats: min: 0.026, max: 0.158, mean: 0.108
Epoch 1 Batch 2 | Loss: 0.673265
Epoch 1 Batch 3 | Loss: 0.665086
Epoch 1 Batch 4 | Loss: 0.637112
Epoch 1 Batch 5 | Loss: 0.639633
Epoch 1 Batch 6 | Loss: 0.606987
Epoch 1 Batch 7 | Loss: 0.614934
Epoch 1 Batch 8 | Loss: 0.596895
Epoch 1 Batch 9 | Loss: 0.622037
Epoch 1 Batch 10 | Loss: 0.613951
Epoch 1 Batch 11 | Loss: 0.609558
Epoch 1 Batch 12 | Loss: 0.606265
Epoch 1 Batch 13 | Loss: 0.572146
  [STABILITY] Test accuracy improved: 0.00% -> 56.98% (via EMA). Saving best params.
--- Epoch 1/30 | Loss: 0.6278 | Train Acc: 54.0% | Test Acc: 57.0% | CM: [TP:85, TN:13, FP:73, FN:1] | Progress: 3.3% | ETA: 227.7s ---
Epoch 2 Batch 1 | Loss: 0.598677 | Stats: min: -0.113, max: 0.217, mean: 0.073
Epoch 2 Batch 2 | Loss: 0.580749
Epoch 2 Batch 3 | Loss: 0.582327
Epoch 2 Batch 4 | Loss: 0.538854
Epoch 2 Batch 5 | Loss: 0.562548
Epoch 2 Batch 6 | Loss: 0.572593
Epoch 2 Batch 7 | Loss: 0.573809
Epoch 2 Batch 8 | Loss: 0.531703
Epoch 2 Batch 9 | Loss: 0.551384
Epoch 2 Batch 10 | Loss: 0.574407
Epoch 2 Batch 11 | Loss: 0.604613
Epoch 2 Batch 12 | Loss: 0.540723
Epoch 2 Batch 13 | Loss: 0.598264
  [STABILITY] Test accuracy improved: 56.98% -> 63.95% (via EMA). Saving best params.
--- Epoch 2/30 | Loss: 0.5701 | Train Acc: 63.5% | Test Acc: 64.0% | CM: [TP:82, TN:28, FP:58, FN:4] | Progress: 6.7% | ETA: 110.4s ---
Epoch 3 Batch 1 | Loss: 0.566968 | Stats: min: -0.237, max: 0.089, mean: -0.056
Epoch 3 Batch 2 | Loss: 0.581517
Epoch 3 Batch 3 | Loss: 0.550059
Epoch 3 Batch 4 | Loss: 0.532800
Epoch 3 Batch 5 | Loss: 0.525243
Epoch 3 Batch 6 | Loss: 0.560737
Epoch 3 Batch 7 | Loss: 0.509116
Epoch 3 Batch 8 | Loss: 0.558612
Epoch 3 Batch 9 | Loss: 0.536548
Epoch 3 Batch 10 | Loss: 0.524366
Epoch 3 Batch 11 | Loss: 0.532754
Epoch 3 Batch 12 | Loss: 0.590305
Epoch 3 Batch 13 | Loss: 0.580517
  [STABILITY] Test accuracy improved: 63.95% -> 75.58% (via EMA). Saving best params.
--- Epoch 3/30 | Loss: 0.5500 | Train Acc: 74.0% | Test Acc: 75.6% | CM: [TP:81, TN:49, FP:37, FN:5] | Progress: 10.0% | ETA: 100.7s ---
Epoch 4 Batch 1 | Loss: 0.547192 | Stats: min: -0.256, max: 0.179, mean: -0.040
Epoch 4 Batch 2 | Loss: 0.563520
Epoch 4 Batch 3 | Loss: 0.503925
Epoch 4 Batch 4 | Loss: 0.555593
Epoch 4 Batch 5 | Loss: 0.500572
Epoch 4 Batch 6 | Loss: 0.558237
Epoch 4 Batch 7 | Loss: 0.540120
Epoch 4 Batch 8 | Loss: 0.522428
Epoch 4 Batch 9 | Loss: 0.530888
Epoch 4 Batch 10 | Loss: 0.528082
Epoch 4 Batch 11 | Loss: 0.520152
Epoch 4 Batch 12 | Loss: 0.543313
Epoch 4 Batch 13 | Loss: 0.540741
  [STABILITY] Test accuracy improved: 75.58% -> 79.65% (via EMA). Saving best params.
--- Epoch 4/30 | Loss: 0.5350 | Train Acc: 83.0% | Test Acc: 79.7% | CM: [TP:78, TN:59, FP:27, FN:8] | Progress: 13.3% | ETA: 65.1s ---
Epoch 5 Batch 1 | Loss: 0.553213 | Stats: min: -0.109, max: 0.213, mean: 0.042
Epoch 5 Batch 2 | Loss: 0.522464
Epoch 5 Batch 3 | Loss: 0.517019
Epoch 5 Batch 4 | Loss: 0.520399
Epoch 5 Batch 5 | Loss: 0.522587
Epoch 5 Batch 6 | Loss: 0.542717
Epoch 5 Batch 7 | Loss: 0.561579
Epoch 5 Batch 8 | Loss: 0.557881
Epoch 5 Batch 9 | Loss: 0.542994
Epoch 5 Batch 10 | Loss: 0.532662
Epoch 5 Batch 11 | Loss: 0.504347
Epoch 5 Batch 12 | Loss: 0.478674
Epoch 5 Batch 13 | Loss: 0.551661
  [STABILITY] Test accuracy improved: 79.65% -> 86.05% (via EMA). Saving best params.
--- Epoch 5/30 | Loss: 0.5314 | Train Acc: 89.0% | Test Acc: 86.0% | CM: [TP:77, TN:71, FP:15, FN:9] | Progress: 16.7% | ETA: 49.3s ---
Epoch 6 Batch 1 | Loss: 0.492931 | Stats: min: -0.354, max: 0.067, mean: -0.232
Epoch 6 Batch 2 | Loss: 0.555134
Epoch 6 Batch 3 | Loss: 0.529492
Epoch 6 Batch 4 | Loss: 0.519307
Epoch 6 Batch 5 | Loss: 0.528177
Epoch 6 Batch 6 | Loss: 0.489300
Epoch 6 Batch 7 | Loss: 0.534147
Epoch 6 Batch 8 | Loss: 0.536678
Epoch 6 Batch 9 | Loss: 0.487750
Epoch 6 Batch 10 | Loss: 0.511404
Epoch 6 Batch 11 | Loss: 0.526145
Epoch 6 Batch 12 | Loss: 0.549185
Epoch 6 Batch 13 | Loss: 0.558393
  [STABILITY] Test accuracy improved: 86.05% -> 87.21% (via EMA). Saving best params.
--- Epoch 6/30 | Loss: 0.5245 | Train Acc: 91.0% | Test Acc: 87.2% | CM: [TP:74, TN:76, FP:10, FN:12] | Progress: 20.0% | ETA: 35.8s ---
Epoch 7 Batch 1 | Loss: 0.521655 | Stats: min: -0.247, max: 0.145, mean: -0.065
Epoch 7 Batch 2 | Loss: 0.519599
Epoch 7 Batch 3 | Loss: 0.512138
Epoch 7 Batch 4 | Loss: 0.541972
Epoch 7 Batch 5 | Loss: 0.515624
Epoch 7 Batch 6 | Loss: 0.512730
Epoch 7 Batch 7 | Loss: 0.529834
Epoch 7 Batch 8 | Loss: 0.593993
Epoch 7 Batch 9 | Loss: 0.498561
Epoch 7 Batch 10 | Loss: 0.512414
Epoch 7 Batch 11 | Loss: 0.506203
Epoch 7 Batch 12 | Loss: 0.511842
Epoch 7 Batch 13 | Loss: 0.501868
  [STABILITY] Test accuracy improved: 87.21% -> 88.37% (via EMA). Saving best params.
--- Epoch 7/30 | Loss: 0.5214 | Train Acc: 90.0% | Test Acc: 88.4% | CM: [TP:73, TN:79, FP:7, FN:13] | Progress: 23.3% | ETA: 31.7s ---
Epoch 8 Batch 1 | Loss: 0.529478 | Stats: min: -0.304, max: 0.097, mean: -0.153
Epoch 8 Batch 2 | Loss: 0.506147
Epoch 8 Batch 3 | Loss: 0.517733
Epoch 8 Batch 4 | Loss: 0.509793
Epoch 8 Batch 5 | Loss: 0.523612
Epoch 8 Batch 6 | Loss: 0.521245
Epoch 8 Batch 7 | Loss: 0.521522
Epoch 8 Batch 8 | Loss: 0.508418
Epoch 8 Batch 9 | Loss: 0.511869
Epoch 8 Batch 10 | Loss: 0.539310
Epoch 8 Batch 11 | Loss: 0.500571
Epoch 8 Batch 12 | Loss: 0.496932
Epoch 8 Batch 13 | Loss: 0.563262
--- Epoch 8/30 | Loss: 0.5192 | Train Acc: 91.0% | Test Acc: 88.4% | CM: [TP:73, TN:79, FP:7, FN:13] | Progress: 26.7% | ETA: 23.7s ---
Epoch 9 Batch 1 | Loss: 0.516396 | Stats: min: 0.135, max: 0.454, mean: 0.291
Epoch 9 Batch 2 | Loss: 0.568094
Epoch 9 Batch 3 | Loss: 0.504750
Epoch 9 Batch 4 | Loss: 0.479301
Epoch 9 Batch 5 | Loss: 0.588350
Epoch 9 Batch 6 | Loss: 0.526299
Epoch 9 Batch 7 | Loss: 0.455367
Epoch 9 Batch 8 | Loss: 0.552056
Epoch 9 Batch 9 | Loss: 0.478286
Epoch 9 Batch 10 | Loss: 0.504066
Epoch 9 Batch 11 | Loss: 0.524062
Epoch 9 Batch 12 | Loss: 0.524167
Epoch 9 Batch 13 | Loss: 0.491050
  [STABILITY] Test accuracy improved: 88.37% -> 88.95% (via EMA). Saving best params.
--- Epoch 9/30 | Loss: 0.5163 | Train Acc: 91.5% | Test Acc: 89.0% | CM: [TP:72, TN:81, FP:5, FN:14] | Progress: 30.0% | ETA: 16.8s ---
Epoch 10 Batch 1 | Loss: 0.532487 | Stats: min: -0.313, max: 0.426, mean: 0.109
Epoch 10 Batch 2 | Loss: 0.535125
Epoch 10 Batch 3 | Loss: 0.507439
Epoch 10 Batch 4 | Loss: 0.493633
Epoch 10 Batch 5 | Loss: 0.494305
Epoch 10 Batch 6 | Loss: 0.504901
Epoch 10 Batch 7 | Loss: 0.486289
Epoch 10 Batch 8 | Loss: 0.541446
Epoch 10 Batch 9 | Loss: 0.498610
Epoch 10 Batch 10 | Loss: 0.552535
Epoch 10 Batch 11 | Loss: 0.530553
Epoch 10 Batch 12 | Loss: 0.498103
Epoch 10 Batch 13 | Loss: 0.476932
--- Epoch 10/30 | Loss: 0.5117 | Train Acc: 92.0% | Test Acc: 89.0% | CM: [TP:71, TN:82, FP:4, FN:15] | Progress: 33.3% | ETA: 13.7s ---
Epoch 11 Batch 1 | Loss: 0.522918 | Stats: min: -0.280, max: 0.200, mean: -0.046
Epoch 11 Batch 2 | Loss: 0.485016
Epoch 11 Batch 3 | Loss: 0.539569
Epoch 11 Batch 4 | Loss: 0.523162
Epoch 11 Batch 5 | Loss: 0.519239
Epoch 11 Batch 6 | Loss: 0.506235
Epoch 11 Batch 7 | Loss: 0.513441
Epoch 11 Batch 8 | Loss: 0.528034
Epoch 11 Batch 9 | Loss: 0.523361
Epoch 11 Batch 10 | Loss: 0.504901
Epoch 11 Batch 11 | Loss: 0.486128
Epoch 11 Batch 12 | Loss: 0.491923
Epoch 11 Batch 13 | Loss: 0.502903
  [STABILITY] Test accuracy improved: 88.95% -> 89.53% (via EMA). Saving best params.
--- Epoch 11/30 | Loss: 0.5113 | Train Acc: 91.5% | Test Acc: 89.5% | CM: [TP:71, TN:83, FP:3, FN:15] | Progress: 36.7% | ETA: 16.0s ---
Epoch 12 Batch 1 | Loss: 0.497770 | Stats: min: -0.396, max: -0.048, mean: -0.238
Epoch 12 Batch 2 | Loss: 0.515782
Epoch 12 Batch 3 | Loss: 0.526575
Epoch 12 Batch 4 | Loss: 0.530377
Epoch 12 Batch 5 | Loss: 0.492923
Epoch 12 Batch 6 | Loss: 0.471076
Epoch 12 Batch 7 | Loss: 0.527132
Epoch 12 Batch 8 | Loss: 0.521816
Epoch 12 Batch 9 | Loss: 0.489124
Epoch 12 Batch 10 | Loss: 0.478657
Epoch 12 Batch 11 | Loss: 0.564651
Epoch 12 Batch 12 | Loss: 0.518256
Epoch 12 Batch 13 | Loss: 0.480342
--- Epoch 12/30 | Loss: 0.5088 | Train Acc: 91.0% | Test Acc: 89.0% | CM: [TP:70, TN:83, FP:3, FN:16] | Progress: 40.0% | ETA: 13.8s ---
Epoch 13 Batch 1 | Loss: 0.511291 | Stats: min: -0.382, max: 0.202, mean: -0.138
Epoch 13 Batch 2 | Loss: 0.498885
Epoch 13 Batch 3 | Loss: 0.498959
Epoch 13 Batch 4 | Loss: 0.510816
Epoch 13 Batch 5 | Loss: 0.472290
Epoch 13 Batch 6 | Loss: 0.487178
Epoch 13 Batch 7 | Loss: 0.569107
Epoch 13 Batch 8 | Loss: 0.535480
Epoch 13 Batch 9 | Loss: 0.480380
Epoch 13 Batch 10 | Loss: 0.474485
Epoch 13 Batch 11 | Loss: 0.519201
Epoch 13 Batch 12 | Loss: 0.532051
Epoch 13 Batch 13 | Loss: 0.566500
--- Epoch 13/30 | Loss: 0.5120 | Train Acc: 91.0% | Test Acc: 89.0% | CM: [TP:70, TN:83, FP:3, FN:16] | Progress: 43.3% | ETA: 15.0s ---
Epoch 14 Batch 1 | Loss: 0.526654 | Stats: min: -0.308, max: 0.055, mean: -0.093
Epoch 14 Batch 2 | Loss: 0.510445
Epoch 14 Batch 3 | Loss: 0.494411
Epoch 14 Batch 4 | Loss: 0.499681
Epoch 14 Batch 5 | Loss: 0.540727
Epoch 14 Batch 6 | Loss: 0.519842
Epoch 14 Batch 7 | Loss: 0.488791
Epoch 14 Batch 8 | Loss: 0.509410
Epoch 14 Batch 9 | Loss: 0.490596
Epoch 14 Batch 10 | Loss: 0.499869
Epoch 14 Batch 11 | Loss: 0.474872
Epoch 14 Batch 12 | Loss: 0.556392
Epoch 14 Batch 13 | Loss: 0.440880
  [STABILITY] Test accuracy improved: 89.53% -> 90.12% (via EMA). Saving best params.
--- Epoch 14/30 | Loss: 0.5040 | Train Acc: 91.0% | Test Acc: 90.1% | CM: [TP:70, TN:85, FP:1, FN:16] | Progress: 46.7% | ETA: 14.5s ---
Epoch 15 Batch 1 | Loss: 0.505286 | Stats: min: 0.167, max: 0.452, mean: 0.262
Epoch 15 Batch 2 | Loss: 0.516979
Epoch 15 Batch 3 | Loss: 0.496579
Epoch 15 Batch 4 | Loss: 0.514195
Epoch 15 Batch 5 | Loss: 0.495065
Epoch 15 Batch 6 | Loss: 0.483832
Epoch 15 Batch 7 | Loss: 0.510982
Epoch 15 Batch 8 | Loss: 0.506578
Epoch 15 Batch 9 | Loss: 0.502857
Epoch 15 Batch 10 | Loss: 0.530920
Epoch 15 Batch 11 | Loss: 0.502407
Epoch 15 Batch 12 | Loss: 0.498166
Epoch 15 Batch 13 | Loss: 0.510170
  [STABILITY] Test accuracy improved: 90.12% -> 91.28% (via EMA). Saving best params.
--- Epoch 15/30 | Loss: 0.5057 | Train Acc: 91.5% | Test Acc: 91.3% | CM: [TP:72, TN:85, FP:1, FN:14] | Progress: 50.0% | ETA: 10.5s ---
Epoch 16 Batch 1 | Loss: 0.508943 | Stats: min: -0.373, max: 0.244, mean: -0.186
Epoch 16 Batch 2 | Loss: 0.467448
Epoch 16 Batch 3 | Loss: 0.492995
Epoch 16 Batch 4 | Loss: 0.494076
Epoch 16 Batch 5 | Loss: 0.511097
Epoch 16 Batch 6 | Loss: 0.518834
Epoch 16 Batch 7 | Loss: 0.520087
Epoch 16 Batch 8 | Loss: 0.517910
Epoch 16 Batch 9 | Loss: 0.499022
Epoch 16 Batch 10 | Loss: 0.528097
Epoch 16 Batch 11 | Loss: 0.499738
Epoch 16 Batch 12 | Loss: 0.516202
Epoch 16 Batch 13 | Loss: 0.523318
  [STABILITY] Test accuracy improved: 91.28% -> 93.02% (via EMA). Saving best params.
--- Epoch 16/30 | Loss: 0.5075 | Train Acc: 91.0% | Test Acc: 93.0% | CM: [TP:75, TN:85, FP:1, FN:11] | Progress: 53.3% | ETA: 9.2s ---
Epoch 17 Batch 1 | Loss: 0.528862 | Stats: min: -0.224, max: 0.382, mean: -0.004
Epoch 17 Batch 2 | Loss: 0.542540
Epoch 17 Batch 3 | Loss: 0.518358
Epoch 17 Batch 4 | Loss: 0.485462
Epoch 17 Batch 5 | Loss: 0.489439
Epoch 17 Batch 6 | Loss: 0.501860
Epoch 17 Batch 7 | Loss: 0.511662
Epoch 17 Batch 8 | Loss: 0.501212
Epoch 17 Batch 9 | Loss: 0.527157
Epoch 17 Batch 10 | Loss: 0.522346
Epoch 17 Batch 11 | Loss: 0.482115
Epoch 17 Batch 12 | Loss: 0.481935
Epoch 17 Batch 13 | Loss: 0.484963
--- Epoch 17/30 | Loss: 0.5060 | Train Acc: 93.0% | Test Acc: 93.0% | CM: [TP:75, TN:85, FP:1, FN:11] | Progress: 56.7% | ETA: 7.0s ---
Epoch 18 Batch 1 | Loss: 0.513188 | Stats: min: -0.498, max: 0.436, mean: -0.163
Epoch 18 Batch 2 | Loss: 0.481379
Epoch 18 Batch 3 | Loss: 0.535954
Epoch 18 Batch 4 | Loss: 0.493066
Epoch 18 Batch 5 | Loss: 0.524176
Epoch 18 Batch 6 | Loss: 0.559902
Epoch 18 Batch 7 | Loss: 0.488366
Epoch 18 Batch 8 | Loss: 0.446377
Epoch 18 Batch 9 | Loss: 0.522348
Epoch 18 Batch 10 | Loss: 0.510263
Epoch 18 Batch 11 | Loss: 0.520535
Epoch 18 Batch 12 | Loss: 0.455092
Epoch 18 Batch 13 | Loss: 0.496982
--- Epoch 18/30 | Loss: 0.5037 | Train Acc: 93.0% | Test Acc: 93.0% | CM: [TP:75, TN:85, FP:1, FN:11] | Progress: 60.0% | ETA: 7.5s ---
Epoch 19 Batch 1 | Loss: 0.497991 | Stats: min: -0.119, max: 0.382, mean: 0.133
Epoch 19 Batch 2 | Loss: 0.520527
Epoch 19 Batch 3 | Loss: 0.458157
Epoch 19 Batch 4 | Loss: 0.503833
Epoch 19 Batch 5 | Loss: 0.506810
Epoch 19 Batch 6 | Loss: 0.542435
Epoch 19 Batch 7 | Loss: 0.490403
Epoch 19 Batch 8 | Loss: 0.519005
Epoch 19 Batch 9 | Loss: 0.535277
Epoch 19 Batch 10 | Loss: 0.454198
Epoch 19 Batch 11 | Loss: 0.504598
Epoch 19 Batch 12 | Loss: 0.499720
Epoch 19 Batch 13 | Loss: 0.489856
  [STABILITY] Plateau detected. Reducing Learning Rate to 0.010000
--- Epoch 19/30 | Loss: 0.5018 | Train Acc: 93.0% | Test Acc: 93.0% | CM: [TP:75, TN:85, FP:1, FN:11] | Progress: 63.3% | ETA: 5.1s ---
Epoch 20 Batch 1 | Loss: 0.498514 | Stats: min: -0.450, max: 0.440, mean: -0.163
Epoch 20 Batch 2 | Loss: 0.530027
Epoch 20 Batch 3 | Loss: 0.524047
Epoch 20 Batch 4 | Loss: 0.526495
Epoch 20 Batch 5 | Loss: 0.483052
Epoch 20 Batch 6 | Loss: 0.474388
Epoch 20 Batch 7 | Loss: 0.518011
Epoch 20 Batch 8 | Loss: 0.502225
Epoch 20 Batch 9 | Loss: 0.491077
Epoch 20 Batch 10 | Loss: 0.512528
Epoch 20 Batch 11 | Loss: 0.465907
Epoch 20 Batch 12 | Loss: 0.507556
Epoch 20 Batch 13 | Loss: 0.470008
--- Epoch 20/30 | Loss: 0.5003 | Train Acc: 93.0% | Test Acc: 93.0% | CM: [TP:75, TN:85, FP:1, FN:11] | Progress: 66.7% | ETA: 4.8s ---
Epoch 21 Batch 1 | Loss: 0.525114 | Stats: min: -0.300, max: 0.005, mean: -0.168
Epoch 21 Batch 2 | Loss: 0.565480
Epoch 21 Batch 3 | Loss: 0.475284
Epoch 21 Batch 4 | Loss: 0.475364
Epoch 21 Batch 5 | Loss: 0.515157
Epoch 21 Batch 6 | Loss: 0.466848
Epoch 21 Batch 7 | Loss: 0.507257
Epoch 21 Batch 8 | Loss: 0.483550
Epoch 21 Batch 9 | Loss: 0.523114
Epoch 21 Batch 10 | Loss: 0.496694
Epoch 21 Batch 11 | Loss: 0.465193
Epoch 21 Batch 12 | Loss: 0.548591
Epoch 21 Batch 13 | Loss: 0.437872
--- Epoch 21/30 | Loss: 0.4989 | Train Acc: 92.0% | Test Acc: 93.0% | CM: [TP:75, TN:85, FP:1, FN:11] | Progress: 70.0% | ETA: 4.1s ---
Epoch 22 Batch 1 | Loss: 0.495752 | Stats: min: -0.253, max: -0.122, mean: -0.189
Epoch 22 Batch 2 | Loss: 0.505883
Epoch 22 Batch 3 | Loss: 0.498286
Epoch 22 Batch 4 | Loss: 0.491937
Epoch 22 Batch 5 | Loss: 0.514744
Epoch 22 Batch 6 | Loss: 0.523860
Epoch 22 Batch 7 | Loss: 0.497598
Epoch 22 Batch 8 | Loss: 0.464193
Epoch 22 Batch 9 | Loss: 0.529514
Epoch 22 Batch 10 | Loss: 0.486328
Epoch 22 Batch 11 | Loss: 0.484094
Epoch 22 Batch 12 | Loss: 0.512234
Epoch 22 Batch 13 | Loss: 0.544749
  [STABILITY] Test accuracy improved: 93.02% -> 94.19% (via EMA). Saving best params.
--- Epoch 22/30 | Loss: 0.5038 | Train Acc: 92.0% | Test Acc: 94.2% | CM: [TP:77, TN:85, FP:1, FN:9] | Progress: 73.3% | ETA: 3.7s ---
Epoch 23 Batch 1 | Loss: 0.508931 | Stats: min: -0.092, max: 0.402, mean: 0.112
Epoch 23 Batch 2 | Loss: 0.485423
Epoch 23 Batch 3 | Loss: 0.465579
Epoch 23 Batch 4 | Loss: 0.536793
Epoch 23 Batch 5 | Loss: 0.524356
Epoch 23 Batch 6 | Loss: 0.478806
Epoch 23 Batch 7 | Loss: 0.489187
Epoch 23 Batch 8 | Loss: 0.491554
Epoch 23 Batch 9 | Loss: 0.498655
Epoch 23 Batch 10 | Loss: 0.486702
Epoch 23 Batch 11 | Loss: 0.554136
Epoch 23 Batch 12 | Loss: 0.504570
Epoch 23 Batch 13 | Loss: 0.481403
--- Epoch 23/30 | Loss: 0.5005 | Train Acc: 92.0% | Test Acc: 94.2% | CM: [TP:77, TN:85, FP:1, FN:9] | Progress: 76.7% | ETA: 4.0s ---
Epoch 24 Batch 1 | Loss: 0.496406 | Stats: min: -0.418, max: 0.183, mean: -0.105
Epoch 24 Batch 2 | Loss: 0.490002
Epoch 24 Batch 3 | Loss: 0.509524
Epoch 24 Batch 4 | Loss: 0.493646
Epoch 24 Batch 5 | Loss: 0.543913
Epoch 24 Batch 6 | Loss: 0.495436
Epoch 24 Batch 7 | Loss: 0.530330
Epoch 24 Batch 8 | Loss: 0.488167
Epoch 24 Batch 9 | Loss: 0.513967
Epoch 24 Batch 10 | Loss: 0.474862
Epoch 24 Batch 11 | Loss: 0.472460
Epoch 24 Batch 12 | Loss: 0.506548
Epoch 24 Batch 13 | Loss: 0.468029
--- Epoch 24/30 | Loss: 0.4987 | Train Acc: 92.0% | Test Acc: 94.2% | CM: [TP:77, TN:85, FP:1, FN:9] | Progress: 80.0% | ETA: 2.3s ---
Epoch 25 Batch 1 | Loss: 0.473150 | Stats: min: -0.344, max: 0.385, mean: -0.057
Epoch 25 Batch 2 | Loss: 0.479631
Epoch 25 Batch 3 | Loss: 0.532398
Epoch 25 Batch 4 | Loss: 0.506992
Epoch 25 Batch 5 | Loss: 0.498999
Epoch 25 Batch 6 | Loss: 0.539227
Epoch 25 Batch 7 | Loss: 0.514322
Epoch 25 Batch 8 | Loss: 0.499754
Epoch 25 Batch 9 | Loss: 0.498196
Epoch 25 Batch 10 | Loss: 0.478586
Epoch 25 Batch 11 | Loss: 0.495280
Epoch 25 Batch 12 | Loss: 0.496286
Epoch 25 Batch 13 | Loss: 0.491355
  [STABILITY] Plateau detected. Reducing Learning Rate to 0.005000
--- Epoch 25/30 | Loss: 0.5003 | Train Acc: 92.5% | Test Acc: 94.2% | CM: [TP:77, TN:85, FP:1, FN:9] | Progress: 83.3% | ETA: 1.5s ---
Epoch 26 Batch 1 | Loss: 0.481881 | Stats: min: -0.229, max: 0.349, mean: 0.088
Epoch 26 Batch 2 | Loss: 0.453464
Epoch 26 Batch 3 | Loss: 0.490974
Epoch 26 Batch 4 | Loss: 0.473552
Epoch 26 Batch 5 | Loss: 0.497207
Epoch 26 Batch 6 | Loss: 0.519252
Epoch 26 Batch 7 | Loss: 0.520748
Epoch 26 Batch 8 | Loss: 0.550579
Epoch 26 Batch 9 | Loss: 0.505716
Epoch 26 Batch 10 | Loss: 0.512393
Epoch 26 Batch 11 | Loss: 0.491105
Epoch 26 Batch 12 | Loss: 0.489062
Epoch 26 Batch 13 | Loss: 0.525799
--- Epoch 26/30 | Loss: 0.5009 | Train Acc: 92.5% | Test Acc: 94.2% | CM: [TP:77, TN:85, FP:1, FN:9] | Progress: 86.7% | ETA: 1.2s ---
Epoch 27 Batch 1 | Loss: 0.474747 | Stats: min: -0.319, max: 0.334, mean: 0.008
Epoch 27 Batch 2 | Loss: 0.487553
Epoch 27 Batch 3 | Loss: 0.456376
Epoch 27 Batch 4 | Loss: 0.502332
Epoch 27 Batch 5 | Loss: 0.500156
Epoch 27 Batch 6 | Loss: 0.489947
Epoch 27 Batch 7 | Loss: 0.489949
Epoch 27 Batch 8 | Loss: 0.516811
Epoch 27 Batch 9 | Loss: 0.487084
Epoch 27 Batch 10 | Loss: 0.548711
Epoch 27 Batch 11 | Loss: 0.523909
Epoch 27 Batch 12 | Loss: 0.525413
Epoch 27 Batch 13 | Loss: 0.469105
--- Epoch 27/30 | Loss: 0.4979 | Train Acc: 92.0% | Test Acc: 94.2% | CM: [TP:77, TN:85, FP:1, FN:9] | Progress: 90.0% | ETA: 1.0s ---
Epoch 28 Batch 1 | Loss: 0.511960 | Stats: min: -0.515, max: -0.048, mean: -0.284
Epoch 28 Batch 2 | Loss: 0.484204
Epoch 28 Batch 3 | Loss: 0.458557
Epoch 28 Batch 4 | Loss: 0.525450
Epoch 28 Batch 5 | Loss: 0.508972
Epoch 28 Batch 6 | Loss: 0.503711
Epoch 28 Batch 7 | Loss: 0.530143
Epoch 28 Batch 8 | Loss: 0.478021
Epoch 28 Batch 9 | Loss: 0.483333
Epoch 28 Batch 10 | Loss: 0.483902
Epoch 28 Batch 11 | Loss: 0.506696
Epoch 28 Batch 12 | Loss: 0.472905
Epoch 28 Batch 13 | Loss: 0.580084
  [STABILITY] Plateau detected. Reducing Learning Rate to 0.002500
--- Epoch 28/30 | Loss: 0.5021 | Train Acc: 92.5% | Test Acc: 94.2% | CM: [TP:77, TN:85, FP:1, FN:9] | Progress: 93.3% | ETA: 0.7s ---
Epoch 29 Batch 1 | Loss: 0.503972 | Stats: min: -0.411, max: 0.371, mean: 0.008
Epoch 29 Batch 2 | Loss: 0.495282
Epoch 29 Batch 3 | Loss: 0.487336
Epoch 29 Batch 4 | Loss: 0.510915
Epoch 29 Batch 5 | Loss: 0.540599
Epoch 29 Batch 6 | Loss: 0.503235
Epoch 29 Batch 7 | Loss: 0.494421
Epoch 29 Batch 8 | Loss: 0.497709
Epoch 29 Batch 9 | Loss: 0.519950
Epoch 29 Batch 10 | Loss: 0.458786
Epoch 29 Batch 11 | Loss: 0.492350
Epoch 29 Batch 12 | Loss: 0.496678
Epoch 29 Batch 13 | Loss: 0.460821
  [STABILITY] Test accuracy improved: 94.19% -> 94.77% (via EMA). Saving best params.
--- Epoch 29/30 | Loss: 0.4971 | Train Acc: 93.0% | Test Acc: 94.8% | CM: [TP:79, TN:84, FP:2, FN:7] | Progress: 96.7% | ETA: 0.3s ---
Epoch 30 Batch 1 | Loss: 0.504652 | Stats: min: -0.317, max: 0.236, mean: -0.105
Epoch 30 Batch 2 | Loss: 0.526852
Epoch 30 Batch 3 | Loss: 0.535752
Epoch 30 Batch 4 | Loss: 0.494074
Epoch 30 Batch 5 | Loss: 0.511013
Epoch 30 Batch 6 | Loss: 0.477206
Epoch 30 Batch 7 | Loss: 0.506561
Epoch 30 Batch 8 | Loss: 0.489035
Epoch 30 Batch 9 | Loss: 0.489056
Epoch 30 Batch 10 | Loss: 0.529947
Epoch 30 Batch 11 | Loss: 0.478834
Epoch 30 Batch 12 | Loss: 0.460217
Epoch 30 Batch 13 | Loss: 0.454423
--- Epoch 30/30 | Loss: 0.4967 | Train Acc: 93.0% | Test Acc: 94.8% | CM: [TP:79, TN:84, FP:2, FN:7] | Progress: 100.0% | ETA: 0.0s ---

Final Best Test Accuracy: 94.77%


Best Quantum Test Accuracy: 0.948
