DEBUG: Qtrainer enters train_pure_quantum_cnn. Encoding: amplitude
  Class Weights: +1 (Target): 1.00 | -1 (Rest): 1.00
Starting Training
==================================================
Epoch 1 Batch 1 | Loss: 0.709445 | Stats: min: -0.080, max: 0.091, mean: -0.029
Epoch 1 Batch 2 | Loss: 0.699066
Epoch 1 Batch 3 | Loss: 0.659891
Epoch 1 Batch 4 | Loss: 0.674400
Epoch 1 Batch 5 | Loss: 0.678497
Epoch 1 Batch 6 | Loss: 0.648828
Epoch 1 Batch 7 | Loss: 0.630977
Epoch 1 Batch 8 | Loss: 0.644177
Epoch 1 Batch 9 | Loss: 0.610284
Epoch 1 Batch 10 | Loss: 0.631076
Epoch 1 Batch 11 | Loss: 0.628653
Epoch 1 Batch 12 | Loss: 0.617828
Epoch 1 Batch 13 | Loss: 0.622410
  [STABILITY] Test accuracy improved: 0.00% -> 59.30% (via EMA). Saving best params.
--- Epoch 1/30 | Loss: 0.6504 | Train Acc: 56.0% | Test Acc: 59.3% | CM: [TP:62, TN:40, FP:46, FN:24] | Progress: 3.3% | ETA: 283.3s ---
Epoch 2 Batch 1 | Loss: 0.640868 | Stats: min: -0.010, max: 0.065, mean: 0.016
Epoch 2 Batch 2 | Loss: 0.593301
Epoch 2 Batch 3 | Loss: 0.596545
Epoch 2 Batch 4 | Loss: 0.596988
Epoch 2 Batch 5 | Loss: 0.585294
Epoch 2 Batch 6 | Loss: 0.594120
Epoch 2 Batch 7 | Loss: 0.592161
Epoch 2 Batch 8 | Loss: 0.608509
Epoch 2 Batch 9 | Loss: 0.572785
Epoch 2 Batch 10 | Loss: 0.581297
Epoch 2 Batch 11 | Loss: 0.597193
Epoch 2 Batch 12 | Loss: 0.590750
Epoch 2 Batch 13 | Loss: 0.626740
  [STABILITY] Test accuracy improved: 59.30% -> 68.02% (via EMA). Saving best params.
--- Epoch 2/30 | Loss: 0.5982 | Train Acc: 67.5% | Test Acc: 68.0% | CM: [TP:62, TN:55, FP:31, FN:24] | Progress: 6.7% | ETA: 121.2s ---
Epoch 3 Batch 1 | Loss: 0.597037 | Stats: min: -0.401, max: -0.086, mean: -0.156
Epoch 3 Batch 2 | Loss: 0.591380
Epoch 3 Batch 3 | Loss: 0.575744
Epoch 3 Batch 4 | Loss: 0.581740
Epoch 3 Batch 5 | Loss: 0.578946
Epoch 3 Batch 6 | Loss: 0.566948
Epoch 3 Batch 7 | Loss: 0.579099
Epoch 3 Batch 8 | Loss: 0.577766
Epoch 3 Batch 9 | Loss: 0.571288
Epoch 3 Batch 10 | Loss: 0.560799
Epoch 3 Batch 11 | Loss: 0.569049
Epoch 3 Batch 12 | Loss: 0.541905
Epoch 3 Batch 13 | Loss: 0.534804
  [STABILITY] Test accuracy improved: 68.02% -> 79.07% (via EMA). Saving best params.
--- Epoch 3/30 | Loss: 0.5713 | Train Acc: 81.0% | Test Acc: 79.1% | CM: [TP:64, TN:72, FP:14, FN:22] | Progress: 10.0% | ETA: 82.8s ---
Epoch 4 Batch 1 | Loss: 0.585971 | Stats: min: -0.272, max: 0.040, mean: -0.098
Epoch 4 Batch 2 | Loss: 0.546587
Epoch 4 Batch 3 | Loss: 0.548773
Epoch 4 Batch 4 | Loss: 0.549664
Epoch 4 Batch 5 | Loss: 0.540176
Epoch 4 Batch 6 | Loss: 0.579509
Epoch 4 Batch 7 | Loss: 0.559976
Epoch 4 Batch 8 | Loss: 0.574250
Epoch 4 Batch 9 | Loss: 0.554974
Epoch 4 Batch 10 | Loss: 0.553354
Epoch 4 Batch 11 | Loss: 0.563177
Epoch 4 Batch 12 | Loss: 0.559826
Epoch 4 Batch 13 | Loss: 0.491200
  [STABILITY] Test accuracy improved: 79.07% -> 83.72% (via EMA). Saving best params.
--- Epoch 4/30 | Loss: 0.5544 | Train Acc: 85.0% | Test Acc: 83.7% | CM: [TP:63, TN:81, FP:5, FN:23] | Progress: 13.3% | ETA: 60.9s ---
Epoch 5 Batch 1 | Loss: 0.590262 | Stats: min: -0.350, max: 0.130, mean: -0.085
Epoch 5 Batch 2 | Loss: 0.568942
Epoch 5 Batch 3 | Loss: 0.552000
Epoch 5 Batch 4 | Loss: 0.534598
Epoch 5 Batch 5 | Loss: 0.571285
Epoch 5 Batch 6 | Loss: 0.535743
Epoch 5 Batch 7 | Loss: 0.541996
Epoch 5 Batch 8 | Loss: 0.515182
Epoch 5 Batch 9 | Loss: 0.536115
Epoch 5 Batch 10 | Loss: 0.564279
Epoch 5 Batch 11 | Loss: 0.571305
Epoch 5 Batch 12 | Loss: 0.547575
Epoch 5 Batch 13 | Loss: 0.542648
  [STABILITY] Test accuracy improved: 83.72% -> 84.88% (via EMA). Saving best params.
--- Epoch 5/30 | Loss: 0.5517 | Train Acc: 88.0% | Test Acc: 84.9% | CM: [TP:63, TN:83, FP:3, FN:23] | Progress: 16.7% | ETA: 52.8s ---
Epoch 6 Batch 1 | Loss: 0.524308 | Stats: min: -0.272, max: 0.172, mean: -0.011
Epoch 6 Batch 2 | Loss: 0.600468
Epoch 6 Batch 3 | Loss: 0.554440
Epoch 6 Batch 4 | Loss: 0.547039
Epoch 6 Batch 5 | Loss: 0.538942
Epoch 6 Batch 6 | Loss: 0.561252
Epoch 6 Batch 7 | Loss: 0.517410
Epoch 6 Batch 8 | Loss: 0.552621
Epoch 6 Batch 9 | Loss: 0.540879
Epoch 6 Batch 10 | Loss: 0.568738
Epoch 6 Batch 11 | Loss: 0.540784
Epoch 6 Batch 12 | Loss: 0.500444
Epoch 6 Batch 13 | Loss: 0.550679
--- Epoch 6/30 | Loss: 0.5460 | Train Acc: 89.0% | Test Acc: 84.9% | CM: [TP:61, TN:85, FP:1, FN:25] | Progress: 20.0% | ETA: 39.2s ---
Epoch 7 Batch 1 | Loss: 0.550511 | Stats: min: -0.266, max: 0.192, mean: 0.035
Epoch 7 Batch 2 | Loss: 0.521956
Epoch 7 Batch 3 | Loss: 0.563179
Epoch 7 Batch 4 | Loss: 0.549683
Epoch 7 Batch 5 | Loss: 0.587097
Epoch 7 Batch 6 | Loss: 0.514878
Epoch 7 Batch 7 | Loss: 0.547214
Epoch 7 Batch 8 | Loss: 0.536864
Epoch 7 Batch 9 | Loss: 0.530317
Epoch 7 Batch 10 | Loss: 0.546724
Epoch 7 Batch 11 | Loss: 0.544730
Epoch 7 Batch 12 | Loss: 0.510810
Epoch 7 Batch 13 | Loss: 0.502278
  [STABILITY] Test accuracy improved: 84.88% -> 85.47% (via EMA). Saving best params.
--- Epoch 7/30 | Loss: 0.5389 | Train Acc: 87.5% | Test Acc: 85.5% | CM: [TP:62, TN:85, FP:1, FN:24] | Progress: 23.3% | ETA: 30.3s ---
Epoch 8 Batch 1 | Loss: 0.559645 | Stats: min: -0.399, max: 0.002, mean: -0.210
Epoch 8 Batch 2 | Loss: 0.523626
Epoch 8 Batch 3 | Loss: 0.541335
Epoch 8 Batch 4 | Loss: 0.584230
Epoch 8 Batch 5 | Loss: 0.544393
Epoch 8 Batch 6 | Loss: 0.523616
Epoch 8 Batch 7 | Loss: 0.501946
Epoch 8 Batch 8 | Loss: 0.549612
Epoch 8 Batch 9 | Loss: 0.519116
Epoch 8 Batch 10 | Loss: 0.498700
Epoch 8 Batch 11 | Loss: 0.514642
Epoch 8 Batch 12 | Loss: 0.556705
Epoch 8 Batch 13 | Loss: 0.535312
--- Epoch 8/30 | Loss: 0.5348 | Train Acc: 86.0% | Test Acc: 83.1% | CM: [TP:58, TN:85, FP:1, FN:28] | Progress: 26.7% | ETA: 25.0s ---
Epoch 9 Batch 1 | Loss: 0.526454 | Stats: min: -0.293, max: 0.237, mean: -0.063
Epoch 9 Batch 2 | Loss: 0.550458
Epoch 9 Batch 3 | Loss: 0.577613
Epoch 9 Batch 4 | Loss: 0.541768
Epoch 9 Batch 5 | Loss: 0.524141
Epoch 9 Batch 6 | Loss: 0.497293
Epoch 9 Batch 7 | Loss: 0.563720
Epoch 9 Batch 8 | Loss: 0.539428
Epoch 9 Batch 9 | Loss: 0.496770
Epoch 9 Batch 10 | Loss: 0.525769
Epoch 9 Batch 11 | Loss: 0.509020
Epoch 9 Batch 12 | Loss: 0.519235
Epoch 9 Batch 13 | Loss: 0.471733
--- Epoch 9/30 | Loss: 0.5264 | Train Acc: 85.5% | Test Acc: 82.0% | CM: [TP:56, TN:85, FP:1, FN:30] | Progress: 30.0% | ETA: 16.4s ---
Epoch 10 Batch 1 | Loss: 0.562407 | Stats: min: -0.301, max: 0.249, mean: -0.095
Epoch 10 Batch 2 | Loss: 0.497542
Epoch 10 Batch 3 | Loss: 0.489141
Epoch 10 Batch 4 | Loss: 0.537917
Epoch 10 Batch 5 | Loss: 0.542982
Epoch 10 Batch 6 | Loss: 0.537981
Epoch 10 Batch 7 | Loss: 0.541328
Epoch 10 Batch 8 | Loss: 0.523010
Epoch 10 Batch 9 | Loss: 0.506848
Epoch 10 Batch 10 | Loss: 0.538609
Epoch 10 Batch 11 | Loss: 0.512211
Epoch 10 Batch 12 | Loss: 0.521096
Epoch 10 Batch 13 | Loss: 0.508871
  [STABILITY] Plateau detected. Reducing Learning Rate to 0.010000
--- Epoch 10/30 | Loss: 0.5246 | Train Acc: 84.0% | Test Acc: 82.6% | CM: [TP:56, TN:86, FP:0, FN:30] | Progress: 33.3% | ETA: 13.4s ---
Epoch 11 Batch 1 | Loss: 0.522633 | Stats: min: -0.257, max: 0.292, mean: -0.049
Epoch 11 Batch 2 | Loss: 0.541269
Epoch 11 Batch 3 | Loss: 0.502488
Epoch 11 Batch 4 | Loss: 0.505048
Epoch 11 Batch 5 | Loss: 0.521709
Epoch 11 Batch 6 | Loss: 0.500585
Epoch 11 Batch 7 | Loss: 0.510090
Epoch 11 Batch 8 | Loss: 0.513126
Epoch 11 Batch 9 | Loss: 0.500588
Epoch 11 Batch 10 | Loss: 0.574718
Epoch 11 Batch 11 | Loss: 0.534510
Epoch 11 Batch 12 | Loss: 0.523201
Epoch 11 Batch 13 | Loss: 0.563599
--- Epoch 11/30 | Loss: 0.5241 | Train Acc: 83.5% | Test Acc: 82.0% | CM: [TP:55, TN:86, FP:0, FN:31] | Progress: 36.7% | ETA: 15.5s ---
Epoch 12 Batch 1 | Loss: 0.507297 | Stats: min: -0.281, max: 0.324, mean: -0.110
Epoch 12 Batch 2 | Loss: 0.515884
Epoch 12 Batch 3 | Loss: 0.524096
Epoch 12 Batch 4 | Loss: 0.492320
Epoch 12 Batch 5 | Loss: 0.541667
Epoch 12 Batch 6 | Loss: 0.532010
Epoch 12 Batch 7 | Loss: 0.529008
Epoch 12 Batch 8 | Loss: 0.519322
Epoch 12 Batch 9 | Loss: 0.531580
Epoch 12 Batch 10 | Loss: 0.510541
Epoch 12 Batch 11 | Loss: 0.550189
Epoch 12 Batch 12 | Loss: 0.517390
Epoch 12 Batch 13 | Loss: 0.464224
--- Epoch 12/30 | Loss: 0.5181 | Train Acc: 85.0% | Test Acc: 81.4% | CM: [TP:54, TN:86, FP:0, FN:32] | Progress: 40.0% | ETA: 14.4s ---
Epoch 13 Batch 1 | Loss: 0.530710 | Stats: min: -0.155, max: 0.166, mean: 0.034
Epoch 13 Batch 2 | Loss: 0.543222
Epoch 13 Batch 3 | Loss: 0.485599
Epoch 13 Batch 4 | Loss: 0.545550
Epoch 13 Batch 5 | Loss: 0.497034
Epoch 13 Batch 6 | Loss: 0.529286
Epoch 13 Batch 7 | Loss: 0.520203
Epoch 13 Batch 8 | Loss: 0.517763
Epoch 13 Batch 9 | Loss: 0.539502
Epoch 13 Batch 10 | Loss: 0.532490
Epoch 13 Batch 11 | Loss: 0.484546
Epoch 13 Batch 12 | Loss: 0.514781
Epoch 13 Batch 13 | Loss: 0.510845
  [STABILITY] Plateau detected. Reducing Learning Rate to 0.005000
--- Epoch 13/30 | Loss: 0.5193 | Train Acc: 85.5% | Test Acc: 82.0% | CM: [TP:55, TN:86, FP:0, FN:31] | Progress: 43.3% | ETA: 12.4s ---
Epoch 14 Batch 1 | Loss: 0.489894 | Stats: min: -0.513, max: 0.333, mean: -0.070
Epoch 14 Batch 2 | Loss: 0.507919
Epoch 14 Batch 3 | Loss: 0.500538
Epoch 14 Batch 4 | Loss: 0.502423
Epoch 14 Batch 5 | Loss: 0.516830
Epoch 14 Batch 6 | Loss: 0.522041
Epoch 14 Batch 7 | Loss: 0.521341
Epoch 14 Batch 8 | Loss: 0.500681
Epoch 14 Batch 9 | Loss: 0.517588
Epoch 14 Batch 10 | Loss: 0.513511
Epoch 14 Batch 11 | Loss: 0.557350
Epoch 14 Batch 12 | Loss: 0.546619
Epoch 14 Batch 13 | Loss: 0.554557
--- Epoch 14/30 | Loss: 0.5193 | Train Acc: 86.0% | Test Acc: 81.4% | CM: [TP:54, TN:86, FP:0, FN:32] | Progress: 46.7% | ETA: 12.2s ---
Epoch 15 Batch 1 | Loss: 0.517437 | Stats: min: -0.243, max: 0.375, mean: 0.174
Epoch 15 Batch 2 | Loss: 0.531603
Epoch 15 Batch 3 | Loss: 0.514276
Epoch 15 Batch 4 | Loss: 0.488005
Epoch 15 Batch 5 | Loss: 0.485829
Epoch 15 Batch 6 | Loss: 0.543513
Epoch 15 Batch 7 | Loss: 0.553556
Epoch 15 Batch 8 | Loss: 0.529063
Epoch 15 Batch 9 | Loss: 0.497430
Epoch 15 Batch 10 | Loss: 0.539349
Epoch 15 Batch 11 | Loss: 0.500690
Epoch 15 Batch 12 | Loss: 0.504055
Epoch 15 Batch 13 | Loss: 0.521029
--- Epoch 15/30 | Loss: 0.5174 | Train Acc: 87.0% | Test Acc: 81.4% | CM: [TP:54, TN:86, FP:0, FN:32] | Progress: 50.0% | ETA: 7.5s ---
Epoch 16 Batch 1 | Loss: 0.530036 | Stats: min: -0.469, max: -0.004, mean: -0.208
Epoch 16 Batch 2 | Loss: 0.510431
Epoch 16 Batch 3 | Loss: 0.491600
Epoch 16 Batch 4 | Loss: 0.501257
Epoch 16 Batch 5 | Loss: 0.515017
Epoch 16 Batch 6 | Loss: 0.494051
Epoch 16 Batch 7 | Loss: 0.529818
Epoch 16 Batch 8 | Loss: 0.507415
Epoch 16 Batch 9 | Loss: 0.510325
Epoch 16 Batch 10 | Loss: 0.554769
Epoch 16 Batch 11 | Loss: 0.509229
Epoch 16 Batch 12 | Loss: 0.536438
Epoch 16 Batch 13 | Loss: 0.528982
  [STABILITY] Plateau detected. Reducing Learning Rate to 0.002500
--- Epoch 16/30 | Loss: 0.5169 | Train Acc: 88.0% | Test Acc: 81.4% | CM: [TP:54, TN:86, FP:0, FN:32] | Progress: 53.3% | ETA: 7.4s ---
Epoch 17 Batch 1 | Loss: 0.490407 | Stats: min: -0.054, max: 0.374, mean: 0.232
Epoch 17 Batch 2 | Loss: 0.526953
Epoch 17 Batch 3 | Loss: 0.491030
Epoch 17 Batch 4 | Loss: 0.484471
Epoch 17 Batch 5 | Loss: 0.523301
Epoch 17 Batch 6 | Loss: 0.532030
Epoch 17 Batch 7 | Loss: 0.520885
Epoch 17 Batch 8 | Loss: 0.525553
Epoch 17 Batch 9 | Loss: 0.503902
Epoch 17 Batch 10 | Loss: 0.511484
Epoch 17 Batch 11 | Loss: 0.545648
Epoch 17 Batch 12 | Loss: 0.540673
Epoch 17 Batch 13 | Loss: 0.500672
--- Epoch 17/30 | Loss: 0.5152 | Train Acc: 88.5% | Test Acc: 82.6% | CM: [TP:56, TN:86, FP:0, FN:30] | Progress: 56.7% | ETA: 9.2s ---
Epoch 18 Batch 1 | Loss: 0.532616 | Stats: min: -0.087, max: 0.206, mean: 0.101
Epoch 18 Batch 2 | Loss: 0.524425
Epoch 18 Batch 3 | Loss: 0.510450
Epoch 18 Batch 4 | Loss: 0.494491
Epoch 18 Batch 5 | Loss: 0.516780
Epoch 18 Batch 6 | Loss: 0.522241
Epoch 18 Batch 7 | Loss: 0.476313
Epoch 18 Batch 8 | Loss: 0.525050
Epoch 18 Batch 9 | Loss: 0.514151
Epoch 18 Batch 10 | Loss: 0.549437
Epoch 18 Batch 11 | Loss: 0.536229
Epoch 18 Batch 12 | Loss: 0.469128
Epoch 18 Batch 13 | Loss: 0.547508
--- Epoch 18/30 | Loss: 0.5168 | Train Acc: 89.5% | Test Acc: 82.6% | CM: [TP:56, TN:86, FP:0, FN:30] | Progress: 60.0% | ETA: 5.5s ---
Epoch 19 Batch 1 | Loss: 0.534706 | Stats: min: -0.227, max: 0.346, mean: 0.071
Epoch 19 Batch 2 | Loss: 0.488211
Epoch 19 Batch 3 | Loss: 0.537016
Epoch 19 Batch 4 | Loss: 0.505322
Epoch 19 Batch 5 | Loss: 0.526894
Epoch 19 Batch 6 | Loss: 0.520554
Epoch 19 Batch 7 | Loss: 0.528367
Epoch 19 Batch 8 | Loss: 0.512721
Epoch 19 Batch 9 | Loss: 0.486399
Epoch 19 Batch 10 | Loss: 0.523609
Epoch 19 Batch 11 | Loss: 0.524057
Epoch 19 Batch 12 | Loss: 0.507475
Epoch 19 Batch 13 | Loss: 0.492402
  [STABILITY] Plateau detected. Reducing Learning Rate to 0.001250
--- Epoch 19/30 | Loss: 0.5144 | Train Acc: 89.5% | Test Acc: 84.3% | CM: [TP:59, TN:86, FP:0, FN:27] | Progress: 63.3% | ETA: 5.2s ---
Epoch 20 Batch 1 | Loss: 0.534956 | Stats: min: -0.221, max: 0.149, mean: -0.001
Epoch 20 Batch 2 | Loss: 0.491941
Epoch 20 Batch 3 | Loss: 0.549127
Epoch 20 Batch 4 | Loss: 0.513574
Epoch 20 Batch 5 | Loss: 0.482553
Epoch 20 Batch 6 | Loss: 0.511185
Epoch 20 Batch 7 | Loss: 0.506275
Epoch 20 Batch 8 | Loss: 0.520211
Epoch 20 Batch 9 | Loss: 0.511796
Epoch 20 Batch 10 | Loss: 0.528622
Epoch 20 Batch 11 | Loss: 0.511068
Epoch 20 Batch 12 | Loss: 0.517775
Epoch 20 Batch 13 | Loss: 0.518254
--- Epoch 20/30 | Loss: 0.5152 | Train Acc: 89.5% | Test Acc: 84.9% | CM: [TP:60, TN:86, FP:0, FN:26] | Progress: 66.7% | ETA: 3.8s ---
Epoch 21 Batch 1 | Loss: 0.506876 | Stats: min: -0.465, max: 0.330, mean: -0.076
Epoch 21 Batch 2 | Loss: 0.542501
Epoch 21 Batch 3 | Loss: 0.565087
Epoch 21 Batch 4 | Loss: 0.517020
Epoch 21 Batch 5 | Loss: 0.525995
Epoch 21 Batch 6 | Loss: 0.519011
Epoch 21 Batch 7 | Loss: 0.485517
Epoch 21 Batch 8 | Loss: 0.529284
Epoch 21 Batch 9 | Loss: 0.493210
Epoch 21 Batch 10 | Loss: 0.496081
Epoch 21 Batch 11 | Loss: 0.507674
Epoch 21 Batch 12 | Loss: 0.500052
Epoch 21 Batch 13 | Loss: 0.495361
--- Epoch 21/30 | Loss: 0.5141 | Train Acc: 90.5% | Test Acc: 85.5% | CM: [TP:61, TN:86, FP:0, FN:25] | Progress: 70.0% | ETA: 3.8s ---
Epoch 22 Batch 1 | Loss: 0.500063 | Stats: min: -0.337, max: 0.171, mean: -0.054
Epoch 22 Batch 2 | Loss: 0.465716
Epoch 22 Batch 3 | Loss: 0.500905
Epoch 22 Batch 4 | Loss: 0.541212
Epoch 22 Batch 5 | Loss: 0.538529
Epoch 22 Batch 6 | Loss: 0.535929
Epoch 22 Batch 7 | Loss: 0.504995
Epoch 22 Batch 8 | Loss: 0.506828
Epoch 22 Batch 9 | Loss: 0.474799
Epoch 22 Batch 10 | Loss: 0.528479
Epoch 22 Batch 11 | Loss: 0.535052
Epoch 22 Batch 12 | Loss: 0.530246
Epoch 22 Batch 13 | Loss: 0.547097
  [STABILITY] Test accuracy improved: 85.47% -> 86.05% (via EMA). Saving best params.
--- Epoch 22/30 | Loss: 0.5161 | Train Acc: 90.5% | Test Acc: 86.0% | CM: [TP:62, TN:86, FP:0, FN:24] | Progress: 73.3% | ETA: 2.7s ---
Epoch 23 Batch 1 | Loss: 0.548076 | Stats: min: -0.253, max: 0.177, mean: -0.043
Epoch 23 Batch 2 | Loss: 0.493939
Epoch 23 Batch 3 | Loss: 0.485093
Epoch 23 Batch 4 | Loss: 0.519399
Epoch 23 Batch 5 | Loss: 0.498713
Epoch 23 Batch 6 | Loss: 0.516065
Epoch 23 Batch 7 | Loss: 0.518991
Epoch 23 Batch 8 | Loss: 0.498780
Epoch 23 Batch 9 | Loss: 0.512506
Epoch 23 Batch 10 | Loss: 0.507144
Epoch 23 Batch 11 | Loss: 0.534253
Epoch 23 Batch 12 | Loss: 0.531476
Epoch 23 Batch 13 | Loss: 0.540771
  [STABILITY] Test accuracy improved: 86.05% -> 86.63% (via EMA). Saving best params.
--- Epoch 23/30 | Loss: 0.5158 | Train Acc: 90.5% | Test Acc: 86.6% | CM: [TP:63, TN:86, FP:0, FN:23] | Progress: 76.7% | ETA: 2.1s ---
Epoch 24 Batch 1 | Loss: 0.519555 | Stats: min: -0.328, max: 0.364, mean: -0.030
Epoch 24 Batch 2 | Loss: 0.507468
Epoch 24 Batch 3 | Loss: 0.525413
Epoch 24 Batch 4 | Loss: 0.541385
Epoch 24 Batch 5 | Loss: 0.497690
Epoch 24 Batch 6 | Loss: 0.502376
Epoch 24 Batch 7 | Loss: 0.531171
Epoch 24 Batch 8 | Loss: 0.511780
Epoch 24 Batch 9 | Loss: 0.524119
Epoch 24 Batch 10 | Loss: 0.502659
Epoch 24 Batch 11 | Loss: 0.515912
Epoch 24 Batch 12 | Loss: 0.500588
Epoch 24 Batch 13 | Loss: 0.501471
  [STABILITY] Test accuracy improved: 86.63% -> 87.79% (via EMA). Saving best params.
--- Epoch 24/30 | Loss: 0.5140 | Train Acc: 91.0% | Test Acc: 87.8% | CM: [TP:65, TN:86, FP:0, FN:21] | Progress: 80.0% | ETA: 2.6s ---
Epoch 25 Batch 1 | Loss: 0.530673 | Stats: min: -0.503, max: 0.076, mean: -0.148
Epoch 25 Batch 2 | Loss: 0.499507
Epoch 25 Batch 3 | Loss: 0.476862
Epoch 25 Batch 4 | Loss: 0.542422
Epoch 25 Batch 5 | Loss: 0.516260
Epoch 25 Batch 6 | Loss: 0.509330
Epoch 25 Batch 7 | Loss: 0.498907
Epoch 25 Batch 8 | Loss: 0.508759
Epoch 25 Batch 9 | Loss: 0.527132
Epoch 25 Batch 10 | Loss: 0.497677
Epoch 25 Batch 11 | Loss: 0.561522
Epoch 25 Batch 12 | Loss: 0.499142
Epoch 25 Batch 13 | Loss: 0.528751
  [STABILITY] Test accuracy improved: 87.79% -> 88.37% (via EMA). Saving best params.
--- Epoch 25/30 | Loss: 0.5151 | Train Acc: 91.5% | Test Acc: 88.4% | CM: [TP:66, TN:86, FP:0, FN:20] | Progress: 83.3% | ETA: 2.5s ---
Epoch 26 Batch 1 | Loss: 0.542529 | Stats: min: -0.235, max: 0.128, mean: -0.052
Epoch 26 Batch 2 | Loss: 0.519237
Epoch 26 Batch 3 | Loss: 0.486431
Epoch 26 Batch 4 | Loss: 0.522207
Epoch 26 Batch 5 | Loss: 0.542619
Epoch 26 Batch 6 | Loss: 0.471373
Epoch 26 Batch 7 | Loss: 0.537844
Epoch 26 Batch 8 | Loss: 0.535094
Epoch 26 Batch 9 | Loss: 0.499061
Epoch 26 Batch 10 | Loss: 0.504159
Epoch 26 Batch 11 | Loss: 0.482124
Epoch 26 Batch 12 | Loss: 0.521884
Epoch 26 Batch 13 | Loss: 0.529591
--- Epoch 26/30 | Loss: 0.5149 | Train Acc: 92.5% | Test Acc: 88.4% | CM: [TP:66, TN:86, FP:0, FN:20] | Progress: 86.7% | ETA: 2.2s ---
Epoch 27 Batch 1 | Loss: 0.525902 | Stats: min: -0.327, max: 0.263, mean: -0.103
Epoch 27 Batch 2 | Loss: 0.461934
Epoch 27 Batch 3 | Loss: 0.551296
Epoch 27 Batch 4 | Loss: 0.503419
Epoch 27 Batch 5 | Loss: 0.533412
Epoch 27 Batch 6 | Loss: 0.538117
Epoch 27 Batch 7 | Loss: 0.502249
Epoch 27 Batch 8 | Loss: 0.489051
Epoch 27 Batch 9 | Loss: 0.548320
Epoch 27 Batch 10 | Loss: 0.512093
Epoch 27 Batch 11 | Loss: 0.488192
Epoch 27 Batch 12 | Loss: 0.512708
Epoch 27 Batch 13 | Loss: 0.525319
--- Epoch 27/30 | Loss: 0.5148 | Train Acc: 92.5% | Test Acc: 88.4% | CM: [TP:66, TN:86, FP:0, FN:20] | Progress: 90.0% | ETA: 1.1s ---
Epoch 28 Batch 1 | Loss: 0.531197 | Stats: min: -0.231, max: 0.131, mean: 0.000
Epoch 28 Batch 2 | Loss: 0.525494
Epoch 28 Batch 3 | Loss: 0.536358
Epoch 28 Batch 4 | Loss: 0.560891
Epoch 28 Batch 5 | Loss: 0.502480
Epoch 28 Batch 6 | Loss: 0.500958
Epoch 28 Batch 7 | Loss: 0.512199
Epoch 28 Batch 8 | Loss: 0.535515
Epoch 28 Batch 9 | Loss: 0.483418
Epoch 28 Batch 10 | Loss: 0.499588
Epoch 28 Batch 11 | Loss: 0.490000
Epoch 28 Batch 12 | Loss: 0.489730
Epoch 28 Batch 13 | Loss: 0.519424
  [STABILITY] Plateau detected. Reducing Learning Rate to 0.000625
--- Epoch 28/30 | Loss: 0.5144 | Train Acc: 92.5% | Test Acc: 88.4% | CM: [TP:66, TN:86, FP:0, FN:20] | Progress: 93.3% | ETA: 0.6s ---
Epoch 29 Batch 1 | Loss: 0.519202 | Stats: min: -0.305, max: 0.200, mean: -0.087
Epoch 29 Batch 2 | Loss: 0.491049
Epoch 29 Batch 3 | Loss: 0.503273
Epoch 29 Batch 4 | Loss: 0.504386
Epoch 29 Batch 5 | Loss: 0.538562
Epoch 29 Batch 6 | Loss: 0.529629
Epoch 29 Batch 7 | Loss: 0.515896
Epoch 29 Batch 8 | Loss: 0.540933
Epoch 29 Batch 9 | Loss: 0.502661
Epoch 29 Batch 10 | Loss: 0.476062
Epoch 29 Batch 11 | Loss: 0.521762
Epoch 29 Batch 12 | Loss: 0.516102
Epoch 29 Batch 13 | Loss: 0.530242
--- Epoch 29/30 | Loss: 0.5146 | Train Acc: 92.5% | Test Acc: 88.4% | CM: [TP:66, TN:86, FP:0, FN:20] | Progress: 96.7% | ETA: 0.4s ---
Epoch 30 Batch 1 | Loss: 0.550702 | Stats: min: -0.147, max: 0.348, mean: 0.086
Epoch 30 Batch 2 | Loss: 0.495558
Epoch 30 Batch 3 | Loss: 0.514818
Epoch 30 Batch 4 | Loss: 0.527797
Epoch 30 Batch 5 | Loss: 0.494846
Epoch 30 Batch 6 | Loss: 0.518139
Epoch 30 Batch 7 | Loss: 0.530122
Epoch 30 Batch 8 | Loss: 0.517320
Epoch 30 Batch 9 | Loss: 0.476798
Epoch 30 Batch 10 | Loss: 0.519497
Epoch 30 Batch 11 | Loss: 0.526803
Epoch 30 Batch 12 | Loss: 0.497499
Epoch 30 Batch 13 | Loss: 0.508438
--- Epoch 30/30 | Loss: 0.5137 | Train Acc: 92.5% | Test Acc: 88.4% | CM: [TP:66, TN:86, FP:0, FN:20] | Progress: 100.0% | ETA: 0.0s ---

Final Best Test Accuracy: 88.37%


Best Quantum Test Accuracy: 0.884
