DEBUG: Qtrainer enters train_pure_quantum_cnn. Encoding: amplitude
  Class Weights: +1 (Target): 1.00 | -1 (Rest): 1.00
Starting Training
==================================================
Epoch 1 Batch 1 | Loss: 0.707566 | Stats: min: -0.106, max: 0.130, mean: 0.019
Epoch 1 Batch 2 | Loss: 0.657179
Epoch 1 Batch 3 | Loss: 0.636896
Epoch 1 Batch 4 | Loss: 0.608019
Epoch 1 Batch 5 | Loss: 0.590978
Epoch 1 Batch 6 | Loss: 0.558417
Epoch 1 Batch 7 | Loss: 0.558649
Epoch 1 Batch 8 | Loss: 0.538234
Epoch 1 Batch 9 | Loss: 0.547558
Epoch 1 Batch 10 | Loss: 0.518102
Epoch 1 Batch 11 | Loss: 0.517590
Epoch 1 Batch 12 | Loss: 0.504433
Epoch 1 Batch 13 | Loss: 0.509601
Epoch 1 Batch 14 | Loss: 0.491783
Epoch 1 Batch 15 | Loss: 0.480189
Epoch 1 Batch 16 | Loss: 0.462174
Epoch 1 Batch 17 | Loss: 0.490129
Epoch 1 Batch 18 | Loss: 0.481773
Epoch 1 Batch 19 | Loss: 0.475732
Epoch 1 Batch 20 | Loss: 0.474994
Epoch 1 Batch 21 | Loss: 0.434709
Epoch 1 Batch 22 | Loss: 0.475211
Epoch 1 Batch 23 | Loss: 0.437704
Epoch 1 Batch 24 | Loss: 0.457058
Epoch 1 Batch 25 | Loss: 0.454249
  [STABILITY] Test accuracy improved: 0.00% -> 83.09% (via EMA). Saving best params.
--- Epoch 1/30 | Loss: 0.5228 | Train Acc: 81.5% | Test Acc: 83.1% | CM: [TP:153, TN:132, FP:40, FN:18] | Progress: 3.3% | ETA: 496.4s ---
Epoch 2 Batch 1 | Loss: 0.435689 | Stats: min: -0.215, max: 0.363, mean: 0.227
Epoch 2 Batch 2 | Loss: 0.452350
Epoch 2 Batch 3 | Loss: 0.449957
Epoch 2 Batch 4 | Loss: 0.431164
Epoch 2 Batch 5 | Loss: 0.435196
Epoch 2 Batch 6 | Loss: 0.431328
Epoch 2 Batch 7 | Loss: 0.394666
Epoch 2 Batch 8 | Loss: 0.408161
Epoch 2 Batch 9 | Loss: 0.424753
Epoch 2 Batch 10 | Loss: 0.468338
Epoch 2 Batch 11 | Loss: 0.428141
Epoch 2 Batch 12 | Loss: 0.423742
Epoch 2 Batch 13 | Loss: 0.414698
Epoch 2 Batch 14 | Loss: 0.414047
Epoch 2 Batch 15 | Loss: 0.409755
Epoch 2 Batch 16 | Loss: 0.406136
Epoch 2 Batch 17 | Loss: 0.386173
Epoch 2 Batch 18 | Loss: 0.383281
Epoch 2 Batch 19 | Loss: 0.381396
Epoch 2 Batch 20 | Loss: 0.402185
Epoch 2 Batch 21 | Loss: 0.403152
Epoch 2 Batch 22 | Loss: 0.409375
Epoch 2 Batch 23 | Loss: 0.374684
Epoch 2 Batch 24 | Loss: 0.375526
Epoch 2 Batch 25 | Loss: 0.381127
  [STABILITY] Test accuracy improved: 83.09% -> 97.96% (via EMA). Saving best params.
--- Epoch 2/30 | Loss: 0.4130 | Train Acc: 98.5% | Test Acc: 98.0% | CM: [TP:169, TN:167, FP:5, FN:2] | Progress: 6.7% | ETA: 198.0s ---
Epoch 3 Batch 1 | Loss: 0.386365 | Stats: min: -0.433, max: -0.249, mean: -0.354
Epoch 3 Batch 2 | Loss: 0.381605
Epoch 3 Batch 3 | Loss: 0.397799
Epoch 3 Batch 4 | Loss: 0.381272
Epoch 3 Batch 5 | Loss: 0.374018
Epoch 3 Batch 6 | Loss: 0.389596
Epoch 3 Batch 7 | Loss: 0.353725
Epoch 3 Batch 8 | Loss: 0.393696
Epoch 3 Batch 9 | Loss: 0.362723
Epoch 3 Batch 10 | Loss: 0.368815
Epoch 3 Batch 11 | Loss: 0.384657
Epoch 3 Batch 12 | Loss: 0.355167
Epoch 3 Batch 13 | Loss: 0.366042
Epoch 3 Batch 14 | Loss: 0.353757
Epoch 3 Batch 15 | Loss: 0.338867
Epoch 3 Batch 16 | Loss: 0.347871
Epoch 3 Batch 17 | Loss: 0.369794
Epoch 3 Batch 18 | Loss: 0.361883
Epoch 3 Batch 19 | Loss: 0.355208
Epoch 3 Batch 20 | Loss: 0.362394
Epoch 3 Batch 21 | Loss: 0.393691
Epoch 3 Batch 22 | Loss: 0.341068
Epoch 3 Batch 23 | Loss: 0.356862
Epoch 3 Batch 24 | Loss: 0.336654
Epoch 3 Batch 25 | Loss: 0.342991
--- Epoch 3/30 | Loss: 0.3663 | Train Acc: 99.5% | Test Acc: 98.0% | CM: [TP:170, TN:166, FP:6, FN:1] | Progress: 10.0% | ETA: 147.2s ---
Epoch 4 Batch 1 | Loss: 0.357255 | Stats: min: -0.557, max: 0.449, mean: -0.118
Epoch 4 Batch 2 | Loss: 0.346295
Epoch 4 Batch 3 | Loss: 0.352897
Epoch 4 Batch 4 | Loss: 0.340354
Epoch 4 Batch 5 | Loss: 0.355032
Epoch 4 Batch 6 | Loss: 0.350374
Epoch 4 Batch 7 | Loss: 0.349737
Epoch 4 Batch 8 | Loss: 0.335663
Epoch 4 Batch 9 | Loss: 0.351443
Epoch 4 Batch 10 | Loss: 0.329557
Epoch 4 Batch 11 | Loss: 0.336258
Epoch 4 Batch 12 | Loss: 0.339059
Epoch 4 Batch 13 | Loss: 0.354739
Epoch 4 Batch 14 | Loss: 0.331853
Epoch 4 Batch 15 | Loss: 0.328281
Epoch 4 Batch 16 | Loss: 0.342679
Epoch 4 Batch 17 | Loss: 0.348965
Epoch 4 Batch 18 | Loss: 0.326037
Epoch 4 Batch 19 | Loss: 0.339153
Epoch 4 Batch 20 | Loss: 0.338255
Epoch 4 Batch 21 | Loss: 0.331826
Epoch 4 Batch 22 | Loss: 0.338691
Epoch 4 Batch 23 | Loss: 0.338711
Epoch 4 Batch 24 | Loss: 0.344519
Epoch 4 Batch 25 | Loss: 0.320947
  [STABILITY] Test accuracy improved: 97.96% -> 98.54% (via EMA). Saving best params.
--- Epoch 4/30 | Loss: 0.3411 | Train Acc: 100.0% | Test Acc: 98.5% | CM: [TP:170, TN:168, FP:4, FN:1] | Progress: 13.3% | ETA: 112.5s ---
Epoch 5 Batch 1 | Loss: 0.333292 | Stats: min: -0.406, max: 0.513, mean: 0.308
Epoch 5 Batch 2 | Loss: 0.335480
Epoch 5 Batch 3 | Loss: 0.338904
Epoch 5 Batch 4 | Loss: 0.340764
Epoch 5 Batch 5 | Loss: 0.313290
Epoch 5 Batch 6 | Loss: 0.332024
Epoch 5 Batch 7 | Loss: 0.328791
Epoch 5 Batch 8 | Loss: 0.351696
Epoch 5 Batch 9 | Loss: 0.335638
Epoch 5 Batch 10 | Loss: 0.326927
Epoch 5 Batch 11 | Loss: 0.327990
Epoch 5 Batch 12 | Loss: 0.313752
Epoch 5 Batch 13 | Loss: 0.339677
Epoch 5 Batch 14 | Loss: 0.313329
Epoch 5 Batch 15 | Loss: 0.318589
Epoch 5 Batch 16 | Loss: 0.322092
Epoch 5 Batch 17 | Loss: 0.325463
Epoch 5 Batch 18 | Loss: 0.344545
Epoch 5 Batch 19 | Loss: 0.339532
Epoch 5 Batch 20 | Loss: 0.318540
Epoch 5 Batch 21 | Loss: 0.328366
Epoch 5 Batch 22 | Loss: 0.323985
Epoch 5 Batch 23 | Loss: 0.305269
Epoch 5 Batch 24 | Loss: 0.325817
Epoch 5 Batch 25 | Loss: 0.306946
--- Epoch 5/30 | Loss: 0.3276 | Train Acc: 100.0% | Test Acc: 98.5% | CM: [TP:170, TN:168, FP:4, FN:1] | Progress: 16.7% | ETA: 89.0s ---
Epoch 6 Batch 1 | Loss: 0.316460 | Stats: min: -0.527, max: 0.582, mean: 0.143
Epoch 6 Batch 2 | Loss: 0.307334
Epoch 6 Batch 3 | Loss: 0.331563
Epoch 6 Batch 4 | Loss: 0.326449
Epoch 6 Batch 5 | Loss: 0.311842
Epoch 6 Batch 6 | Loss: 0.335426
Epoch 6 Batch 7 | Loss: 0.318495
Epoch 6 Batch 8 | Loss: 0.317231
Epoch 6 Batch 9 | Loss: 0.314767
Epoch 6 Batch 10 | Loss: 0.304695
Epoch 6 Batch 11 | Loss: 0.317816
Epoch 6 Batch 12 | Loss: 0.315092
Epoch 6 Batch 13 | Loss: 0.308119
Epoch 6 Batch 14 | Loss: 0.301650
Epoch 6 Batch 15 | Loss: 0.300896
Epoch 6 Batch 16 | Loss: 0.315216
Epoch 6 Batch 17 | Loss: 0.341808
Epoch 6 Batch 18 | Loss: 0.322952
Epoch 6 Batch 19 | Loss: 0.317320
Epoch 6 Batch 20 | Loss: 0.304034
Epoch 6 Batch 21 | Loss: 0.331024
Epoch 6 Batch 22 | Loss: 0.307757
Epoch 6 Batch 23 | Loss: 0.297745
Epoch 6 Batch 24 | Loss: 0.293735
Epoch 6 Batch 25 | Loss: 0.306183
  [STABILITY] Test accuracy improved: 98.54% -> 98.83% (via EMA). Saving best params.
--- Epoch 6/30 | Loss: 0.3146 | Train Acc: 100.0% | Test Acc: 98.8% | CM: [TP:170, TN:169, FP:3, FN:1] | Progress: 20.0% | ETA: 74.0s ---
Epoch 7 Batch 1 | Loss: 0.300209 | Stats: min: -0.449, max: 0.624, mean: 0.186
Epoch 7 Batch 2 | Loss: 0.286588
Epoch 7 Batch 3 | Loss: 0.317905
Epoch 7 Batch 4 | Loss: 0.324261
Epoch 7 Batch 5 | Loss: 0.300136
Epoch 7 Batch 6 | Loss: 0.315374
Epoch 7 Batch 7 | Loss: 0.284481
Epoch 7 Batch 8 | Loss: 0.317625
Epoch 7 Batch 9 | Loss: 0.291257
Epoch 7 Batch 10 | Loss: 0.296032
Epoch 7 Batch 11 | Loss: 0.292687
Epoch 7 Batch 12 | Loss: 0.323351
Epoch 7 Batch 13 | Loss: 0.317132
Epoch 7 Batch 14 | Loss: 0.317821
Epoch 7 Batch 15 | Loss: 0.310983
Epoch 7 Batch 16 | Loss: 0.296507
Epoch 7 Batch 17 | Loss: 0.303222
Epoch 7 Batch 18 | Loss: 0.314634
Epoch 7 Batch 19 | Loss: 0.320729
Epoch 7 Batch 20 | Loss: 0.316928
Epoch 7 Batch 21 | Loss: 0.317763
Epoch 7 Batch 22 | Loss: 0.294703
Epoch 7 Batch 23 | Loss: 0.307596
Epoch 7 Batch 24 | Loss: 0.263244
Epoch 7 Batch 25 | Loss: 0.295343
--- Epoch 7/30 | Loss: 0.3051 | Train Acc: 100.0% | Test Acc: 98.8% | CM: [TP:171, TN:168, FP:4, FN:0] | Progress: 23.3% | ETA: 66.4s ---
Epoch 8 Batch 1 | Loss: 0.318133 | Stats: min: -0.537, max: 0.453, mean: -0.165
Epoch 8 Batch 2 | Loss: 0.299405
Epoch 8 Batch 3 | Loss: 0.284434
Epoch 8 Batch 4 | Loss: 0.300653
Epoch 8 Batch 5 | Loss: 0.300435
Epoch 8 Batch 6 | Loss: 0.336410
Epoch 8 Batch 7 | Loss: 0.313194
Epoch 8 Batch 8 | Loss: 0.285997
Epoch 8 Batch 9 | Loss: 0.308707
Epoch 8 Batch 10 | Loss: 0.283622
Epoch 8 Batch 11 | Loss: 0.279063
Epoch 8 Batch 12 | Loss: 0.296310
Epoch 8 Batch 13 | Loss: 0.288046
Epoch 8 Batch 14 | Loss: 0.284768
Epoch 8 Batch 15 | Loss: 0.310307
Epoch 8 Batch 16 | Loss: 0.306626
Epoch 8 Batch 17 | Loss: 0.261449
Epoch 8 Batch 18 | Loss: 0.284218
Epoch 8 Batch 19 | Loss: 0.289520
Epoch 8 Batch 20 | Loss: 0.281707
Epoch 8 Batch 21 | Loss: 0.271645
Epoch 8 Batch 22 | Loss: 0.308621
Epoch 8 Batch 23 | Loss: 0.309172
Epoch 8 Batch 24 | Loss: 0.300020
Epoch 8 Batch 25 | Loss: 0.319233
--- Epoch 8/30 | Loss: 0.2969 | Train Acc: 100.0% | Test Acc: 98.8% | CM: [TP:171, TN:168, FP:4, FN:0] | Progress: 26.7% | ETA: 50.0s ---
Epoch 9 Batch 1 | Loss: 0.323283 | Stats: min: -0.630, max: 0.637, mean: 0.137
Epoch 9 Batch 2 | Loss: 0.304570
Epoch 9 Batch 3 | Loss: 0.319393
Epoch 9 Batch 4 | Loss: 0.293050
Epoch 9 Batch 5 | Loss: 0.278608
Epoch 9 Batch 6 | Loss: 0.288313
Epoch 9 Batch 7 | Loss: 0.272054
Epoch 9 Batch 8 | Loss: 0.279120
Epoch 9 Batch 9 | Loss: 0.310822
Epoch 9 Batch 10 | Loss: 0.297104
Epoch 9 Batch 11 | Loss: 0.264312
Epoch 9 Batch 12 | Loss: 0.276054
Epoch 9 Batch 13 | Loss: 0.287390
Epoch 9 Batch 14 | Loss: 0.274140
Epoch 9 Batch 15 | Loss: 0.287107
Epoch 9 Batch 16 | Loss: 0.293918
Epoch 9 Batch 17 | Loss: 0.325359
Epoch 9 Batch 18 | Loss: 0.310784
Epoch 9 Batch 19 | Loss: 0.284708
Epoch 9 Batch 20 | Loss: 0.280639
Epoch 9 Batch 21 | Loss: 0.309121
Epoch 9 Batch 22 | Loss: 0.296157
Epoch 9 Batch 23 | Loss: 0.281487
Epoch 9 Batch 24 | Loss: 0.289590
Epoch 9 Batch 25 | Loss: 0.276324
  [STABILITY] Test accuracy improved: 98.83% -> 99.13% (via EMA). Saving best params.
--- Epoch 9/30 | Loss: 0.2921 | Train Acc: 100.0% | Test Acc: 99.1% | CM: [TP:171, TN:169, FP:3, FN:0] | Progress: 30.0% | ETA: 45.2s ---
Epoch 10 Batch 1 | Loss: 0.298860 | Stats: min: -0.582, max: 0.558, mean: -0.088
Epoch 10 Batch 2 | Loss: 0.300662
Epoch 10 Batch 3 | Loss: 0.299402
Epoch 10 Batch 4 | Loss: 0.294929
Epoch 10 Batch 5 | Loss: 0.290167
Epoch 10 Batch 6 | Loss: 0.288113
Epoch 10 Batch 7 | Loss: 0.291429
Epoch 10 Batch 8 | Loss: 0.278505
Epoch 10 Batch 9 | Loss: 0.267348
Epoch 10 Batch 10 | Loss: 0.287867
Epoch 10 Batch 11 | Loss: 0.308143
Epoch 10 Batch 12 | Loss: 0.312812
Epoch 10 Batch 13 | Loss: 0.299864
Epoch 10 Batch 14 | Loss: 0.273173
Epoch 10 Batch 15 | Loss: 0.326502
Epoch 10 Batch 16 | Loss: 0.300851
Epoch 10 Batch 17 | Loss: 0.311689
Epoch 10 Batch 18 | Loss: 0.292283
Epoch 10 Batch 19 | Loss: 0.289561
Epoch 10 Batch 20 | Loss: 0.286055
Epoch 10 Batch 21 | Loss: 0.275291
Epoch 10 Batch 22 | Loss: 0.273480
Epoch 10 Batch 23 | Loss: 0.264896
Epoch 10 Batch 24 | Loss: 0.279211
Epoch 10 Batch 25 | Loss: 0.293152
--- Epoch 10/30 | Loss: 0.2914 | Train Acc: 100.0% | Test Acc: 99.1% | CM: [TP:171, TN:169, FP:3, FN:0] | Progress: 33.3% | ETA: 45.1s ---
Epoch 11 Batch 1 | Loss: 0.291365 | Stats: min: -0.602, max: 0.558, mean: -0.265
Epoch 11 Batch 2 | Loss: 0.310214
Epoch 11 Batch 3 | Loss: 0.261136
Epoch 11 Batch 4 | Loss: 0.295531
Epoch 11 Batch 5 | Loss: 0.295837
Epoch 11 Batch 6 | Loss: 0.290019
Epoch 11 Batch 7 | Loss: 0.320686
Epoch 11 Batch 8 | Loss: 0.288712
Epoch 11 Batch 9 | Loss: 0.288483
Epoch 11 Batch 10 | Loss: 0.308249
Epoch 11 Batch 11 | Loss: 0.288391
Epoch 11 Batch 12 | Loss: 0.265103
Epoch 11 Batch 13 | Loss: 0.317014
Epoch 11 Batch 14 | Loss: 0.273337
Epoch 11 Batch 15 | Loss: 0.332585
Epoch 11 Batch 16 | Loss: 0.292012
Epoch 11 Batch 17 | Loss: 0.279721
Epoch 11 Batch 18 | Loss: 0.291005
Epoch 11 Batch 19 | Loss: 0.304914
Epoch 11 Batch 20 | Loss: 0.280617
Epoch 11 Batch 21 | Loss: 0.300457
Epoch 11 Batch 22 | Loss: 0.282331
Epoch 11 Batch 23 | Loss: 0.294865
Epoch 11 Batch 24 | Loss: 0.273319
Epoch 11 Batch 25 | Loss: 0.268784
--- Epoch 11/30 | Loss: 0.2918 | Train Acc: 100.0% | Test Acc: 98.8% | CM: [TP:171, TN:168, FP:4, FN:0] | Progress: 36.7% | ETA: 32.5s ---
Epoch 12 Batch 1 | Loss: 0.293558 | Stats: min: -0.605, max: 0.632, mean: -0.121
Epoch 12 Batch 2 | Loss: 0.300497
Epoch 12 Batch 3 | Loss: 0.296487
Epoch 12 Batch 4 | Loss: 0.291440
Epoch 12 Batch 5 | Loss: 0.297794
Epoch 12 Batch 6 | Loss: 0.303243
Epoch 12 Batch 7 | Loss: 0.277901
Epoch 12 Batch 8 | Loss: 0.279414
Epoch 12 Batch 9 | Loss: 0.300647
Epoch 12 Batch 10 | Loss: 0.289496
Epoch 12 Batch 11 | Loss: 0.271963
Epoch 12 Batch 12 | Loss: 0.304681
Epoch 12 Batch 13 | Loss: 0.305355
Epoch 12 Batch 14 | Loss: 0.282743
Epoch 12 Batch 15 | Loss: 0.299393
Epoch 12 Batch 16 | Loss: 0.285786
Epoch 12 Batch 17 | Loss: 0.265851
Epoch 12 Batch 18 | Loss: 0.286812
Epoch 12 Batch 19 | Loss: 0.278363
Epoch 12 Batch 20 | Loss: 0.321793
Epoch 12 Batch 21 | Loss: 0.289544
Epoch 12 Batch 22 | Loss: 0.291720
Epoch 12 Batch 23 | Loss: 0.305847
Epoch 12 Batch 24 | Loss: 0.285074
Epoch 12 Batch 25 | Loss: 0.288377
  [STABILITY] Plateau detected. Reducing Learning Rate to 0.010000
--- Epoch 12/30 | Loss: 0.2918 | Train Acc: 100.0% | Test Acc: 98.8% | CM: [TP:171, TN:168, FP:4, FN:0] | Progress: 40.0% | ETA: 25.5s ---
Epoch 13 Batch 1 | Loss: 0.287515 | Stats: min: -0.318, max: 0.628, mean: 0.379
Epoch 13 Batch 2 | Loss: 0.293344
Epoch 13 Batch 3 | Loss: 0.281686
Epoch 13 Batch 4 | Loss: 0.270448
Epoch 13 Batch 5 | Loss: 0.281377
Epoch 13 Batch 6 | Loss: 0.281954
Epoch 13 Batch 7 | Loss: 0.289097
Epoch 13 Batch 8 | Loss: 0.292964
Epoch 13 Batch 9 | Loss: 0.298207
Epoch 13 Batch 10 | Loss: 0.263615
Epoch 13 Batch 11 | Loss: 0.314840
Epoch 13 Batch 12 | Loss: 0.334829
Epoch 13 Batch 13 | Loss: 0.283202
Epoch 13 Batch 14 | Loss: 0.309694
Epoch 13 Batch 15 | Loss: 0.294473
Epoch 13 Batch 16 | Loss: 0.292390
Epoch 13 Batch 17 | Loss: 0.286179
Epoch 13 Batch 18 | Loss: 0.284628
Epoch 13 Batch 19 | Loss: 0.283688
Epoch 13 Batch 20 | Loss: 0.300253
Epoch 13 Batch 21 | Loss: 0.294114
Epoch 13 Batch 22 | Loss: 0.270991
Epoch 13 Batch 23 | Loss: 0.307878
Epoch 13 Batch 24 | Loss: 0.279341
Epoch 13 Batch 25 | Loss: 0.274656
--- Epoch 13/30 | Loss: 0.2901 | Train Acc: 100.0% | Test Acc: 98.8% | CM: [TP:171, TN:168, FP:4, FN:0] | Progress: 43.3% | ETA: 25.4s ---
Epoch 14 Batch 1 | Loss: 0.302225 | Stats: min: -0.406, max: 0.612, mean: 0.351
Epoch 14 Batch 2 | Loss: 0.270388
Epoch 14 Batch 3 | Loss: 0.299673
Epoch 14 Batch 4 | Loss: 0.306619
Epoch 14 Batch 5 | Loss: 0.290845
Epoch 14 Batch 6 | Loss: 0.281604
Epoch 14 Batch 7 | Loss: 0.294037
Epoch 14 Batch 8 | Loss: 0.263252
Epoch 14 Batch 9 | Loss: 0.283677
Epoch 14 Batch 10 | Loss: 0.293368
Epoch 14 Batch 11 | Loss: 0.296157
Epoch 14 Batch 12 | Loss: 0.295431
Epoch 14 Batch 13 | Loss: 0.264202
Epoch 14 Batch 14 | Loss: 0.295073
Epoch 14 Batch 15 | Loss: 0.291558
Epoch 14 Batch 16 | Loss: 0.295172
Epoch 14 Batch 17 | Loss: 0.303869
Epoch 14 Batch 18 | Loss: 0.306007
Epoch 14 Batch 19 | Loss: 0.309357
Epoch 14 Batch 20 | Loss: 0.269529
Epoch 14 Batch 21 | Loss: 0.268220
Epoch 14 Batch 22 | Loss: 0.309838
Epoch 14 Batch 23 | Loss: 0.283850
Epoch 14 Batch 24 | Loss: 0.320288
Epoch 14 Batch 25 | Loss: 0.254024
--- Epoch 14/30 | Loss: 0.2899 | Train Acc: 100.0% | Test Acc: 98.8% | CM: [TP:171, TN:168, FP:4, FN:0] | Progress: 46.7% | ETA: 20.2s ---
Epoch 15 Batch 1 | Loss: 0.288323 | Stats: min: -0.661, max: 0.603, mean: -0.110
Epoch 15 Batch 2 | Loss: 0.295752
Epoch 15 Batch 3 | Loss: 0.301864
Epoch 15 Batch 4 | Loss: 0.290176
Epoch 15 Batch 5 | Loss: 0.294095
Epoch 15 Batch 6 | Loss: 0.286624
Epoch 15 Batch 7 | Loss: 0.301002
Epoch 15 Batch 8 | Loss: 0.306696
Epoch 15 Batch 9 | Loss: 0.291539
Epoch 15 Batch 10 | Loss: 0.287579
Epoch 15 Batch 11 | Loss: 0.295611
Epoch 15 Batch 12 | Loss: 0.271454
Epoch 15 Batch 13 | Loss: 0.297406
Epoch 15 Batch 14 | Loss: 0.290534
Epoch 15 Batch 15 | Loss: 0.291540
Epoch 15 Batch 16 | Loss: 0.325720
Epoch 15 Batch 17 | Loss: 0.290298
Epoch 15 Batch 18 | Loss: 0.268567
Epoch 15 Batch 19 | Loss: 0.325609
Epoch 15 Batch 20 | Loss: 0.273909
Epoch 15 Batch 21 | Loss: 0.267095
Epoch 15 Batch 22 | Loss: 0.274539
Epoch 15 Batch 23 | Loss: 0.296568
Epoch 15 Batch 24 | Loss: 0.268842
Epoch 15 Batch 25 | Loss: 0.294749
  [STABILITY] Plateau detected. Reducing Learning Rate to 0.005000
--- Epoch 15/30 | Loss: 0.2910 | Train Acc: 100.0% | Test Acc: 98.5% | CM: [TP:171, TN:167, FP:5, FN:0] | Progress: 50.0% | ETA: 27.7s ---
Epoch 16 Batch 1 | Loss: 0.259585 | Stats: min: -0.579, max: 0.614, mean: 0.183
Epoch 16 Batch 2 | Loss: 0.274404
Epoch 16 Batch 3 | Loss: 0.345538
Epoch 16 Batch 4 | Loss: 0.291880
Epoch 16 Batch 5 | Loss: 0.286065
Epoch 16 Batch 6 | Loss: 0.278971
Epoch 16 Batch 7 | Loss: 0.287390
Epoch 16 Batch 8 | Loss: 0.290566
Epoch 16 Batch 9 | Loss: 0.274594
Epoch 16 Batch 10 | Loss: 0.308523
Epoch 16 Batch 11 | Loss: 0.275041
Epoch 16 Batch 12 | Loss: 0.279700
Epoch 16 Batch 13 | Loss: 0.280346
Epoch 16 Batch 14 | Loss: 0.320403
Epoch 16 Batch 15 | Loss: 0.266316
Epoch 16 Batch 16 | Loss: 0.272705
Epoch 16 Batch 17 | Loss: 0.287578
Epoch 16 Batch 18 | Loss: 0.285978
Epoch 16 Batch 19 | Loss: 0.292052
Epoch 16 Batch 20 | Loss: 0.315562
Epoch 16 Batch 21 | Loss: 0.282033
Epoch 16 Batch 22 | Loss: 0.272083
Epoch 16 Batch 23 | Loss: 0.296924
Epoch 16 Batch 24 | Loss: 0.295946
Epoch 16 Batch 25 | Loss: 0.304540
--- Epoch 16/30 | Loss: 0.2890 | Train Acc: 100.0% | Test Acc: 98.5% | CM: [TP:171, TN:167, FP:5, FN:0] | Progress: 53.3% | ETA: 25.6s ---
Epoch 17 Batch 1 | Loss: 0.273243 | Stats: min: -0.616, max: 0.616, mean: -0.215
Epoch 17 Batch 2 | Loss: 0.274840
Epoch 17 Batch 3 | Loss: 0.287765
Epoch 17 Batch 4 | Loss: 0.269614
Epoch 17 Batch 5 | Loss: 0.288976
Epoch 17 Batch 6 | Loss: 0.271317
Epoch 17 Batch 7 | Loss: 0.299144
Epoch 17 Batch 8 | Loss: 0.267587
Epoch 17 Batch 9 | Loss: 0.303994
Epoch 17 Batch 10 | Loss: 0.294659
Epoch 17 Batch 11 | Loss: 0.288494
Epoch 17 Batch 12 | Loss: 0.298189
Epoch 17 Batch 13 | Loss: 0.280512
Epoch 17 Batch 14 | Loss: 0.308744
Epoch 17 Batch 15 | Loss: 0.282527
Epoch 17 Batch 16 | Loss: 0.300088
Epoch 17 Batch 17 | Loss: 0.306891
Epoch 17 Batch 18 | Loss: 0.290619
Epoch 17 Batch 19 | Loss: 0.298488
Epoch 17 Batch 20 | Loss: 0.305052
Epoch 17 Batch 21 | Loss: 0.263378
Epoch 17 Batch 22 | Loss: 0.316220
Epoch 17 Batch 23 | Loss: 0.279355
Epoch 17 Batch 24 | Loss: 0.297610
Epoch 17 Batch 25 | Loss: 0.270132
--- Epoch 17/30 | Loss: 0.2887 | Train Acc: 100.0% | Test Acc: 98.5% | CM: [TP:171, TN:167, FP:5, FN:0] | Progress: 56.7% | ETA: 21.9s ---
Epoch 18 Batch 1 | Loss: 0.284458 | Stats: min: -0.448, max: 0.632, mean: 0.230
Epoch 18 Batch 2 | Loss: 0.297092
Epoch 18 Batch 3 | Loss: 0.315197
Epoch 18 Batch 4 | Loss: 0.302272
Epoch 18 Batch 5 | Loss: 0.280434
Epoch 18 Batch 6 | Loss: 0.280722
Epoch 18 Batch 7 | Loss: 0.295572
Epoch 18 Batch 8 | Loss: 0.260621
Epoch 18 Batch 9 | Loss: 0.293502
Epoch 18 Batch 10 | Loss: 0.312302
Epoch 18 Batch 11 | Loss: 0.289111
Epoch 18 Batch 12 | Loss: 0.284298
Epoch 18 Batch 13 | Loss: 0.292507
Epoch 18 Batch 14 | Loss: 0.289810
Epoch 18 Batch 15 | Loss: 0.277448
Epoch 18 Batch 16 | Loss: 0.290866
Epoch 18 Batch 17 | Loss: 0.282739
Epoch 18 Batch 18 | Loss: 0.264324
Epoch 18 Batch 19 | Loss: 0.282485
Epoch 18 Batch 20 | Loss: 0.284884
Epoch 18 Batch 21 | Loss: 0.292589
Epoch 18 Batch 22 | Loss: 0.298987
Epoch 18 Batch 23 | Loss: 0.288071
Epoch 18 Batch 24 | Loss: 0.273292
Epoch 18 Batch 25 | Loss: 0.299837
  [STABILITY] Plateau detected. Reducing Learning Rate to 0.002500
--- Epoch 18/30 | Loss: 0.2885 | Train Acc: 100.0% | Test Acc: 98.5% | CM: [TP:171, TN:167, FP:5, FN:0] | Progress: 60.0% | ETA: 20.0s ---
Epoch 19 Batch 1 | Loss: 0.291107 | Stats: min: -0.515, max: 0.617, mean: 0.290
Epoch 19 Batch 2 | Loss: 0.287034
Epoch 19 Batch 3 | Loss: 0.318571
Epoch 19 Batch 4 | Loss: 0.283630
Epoch 19 Batch 5 | Loss: 0.303939
Epoch 19 Batch 6 | Loss: 0.276957
Epoch 19 Batch 7 | Loss: 0.282455
Epoch 19 Batch 8 | Loss: 0.262441
Epoch 19 Batch 9 | Loss: 0.270931
Epoch 19 Batch 10 | Loss: 0.274555
Epoch 19 Batch 11 | Loss: 0.310382
Epoch 19 Batch 12 | Loss: 0.265816
Epoch 19 Batch 13 | Loss: 0.276626
Epoch 19 Batch 14 | Loss: 0.306613
Epoch 19 Batch 15 | Loss: 0.298800
Epoch 19 Batch 16 | Loss: 0.311966
Epoch 19 Batch 17 | Loss: 0.266375
Epoch 19 Batch 18 | Loss: 0.301631
Epoch 19 Batch 19 | Loss: 0.267194
Epoch 19 Batch 20 | Loss: 0.282495
Epoch 19 Batch 21 | Loss: 0.312535
Epoch 19 Batch 22 | Loss: 0.271791
Epoch 19 Batch 23 | Loss: 0.270062
Epoch 19 Batch 24 | Loss: 0.309179
Epoch 19 Batch 25 | Loss: 0.306702
--- Epoch 19/30 | Loss: 0.2884 | Train Acc: 100.0% | Test Acc: 98.5% | CM: [TP:171, TN:167, FP:5, FN:0] | Progress: 63.3% | ETA: 16.5s ---
Epoch 20 Batch 1 | Loss: 0.284956 | Stats: min: -0.603, max: 0.585, mean: 0.094
Epoch 20 Batch 2 | Loss: 0.266691
Epoch 20 Batch 3 | Loss: 0.294195
Epoch 20 Batch 4 | Loss: 0.303536
Epoch 20 Batch 5 | Loss: 0.262177
Epoch 20 Batch 6 | Loss: 0.297175
Epoch 20 Batch 7 | Loss: 0.291853
Epoch 20 Batch 8 | Loss: 0.300272
Epoch 20 Batch 9 | Loss: 0.321264
Epoch 20 Batch 10 | Loss: 0.277896
Epoch 20 Batch 11 | Loss: 0.270788
Epoch 20 Batch 12 | Loss: 0.290836
Epoch 20 Batch 13 | Loss: 0.310962
Epoch 20 Batch 14 | Loss: 0.255139
Epoch 20 Batch 15 | Loss: 0.281004
Epoch 20 Batch 16 | Loss: 0.306684
Epoch 20 Batch 17 | Loss: 0.310744
Epoch 20 Batch 18 | Loss: 0.281081
Epoch 20 Batch 19 | Loss: 0.287414
Epoch 20 Batch 20 | Loss: 0.280906
Epoch 20 Batch 21 | Loss: 0.282736
Epoch 20 Batch 22 | Loss: 0.293485
Epoch 20 Batch 23 | Loss: 0.275942
Epoch 20 Batch 24 | Loss: 0.298989
Epoch 20 Batch 25 | Loss: 0.282385
--- Epoch 20/30 | Loss: 0.2884 | Train Acc: 100.0% | Test Acc: 98.5% | CM: [TP:171, TN:167, FP:5, FN:0] | Progress: 66.7% | ETA: 15.1s ---
Epoch 21 Batch 1 | Loss: 0.276183 | Stats: min: -0.542, max: 0.644, mean: 0.157
Epoch 21 Batch 2 | Loss: 0.262098
Epoch 21 Batch 3 | Loss: 0.303898
Epoch 21 Batch 4 | Loss: 0.292842
Epoch 21 Batch 5 | Loss: 0.281737
Epoch 21 Batch 6 | Loss: 0.298060
Epoch 21 Batch 7 | Loss: 0.300303
Epoch 21 Batch 8 | Loss: 0.320786
Epoch 21 Batch 9 | Loss: 0.308274
Epoch 21 Batch 10 | Loss: 0.287859
Epoch 21 Batch 11 | Loss: 0.279915
Epoch 21 Batch 12 | Loss: 0.295966
Epoch 21 Batch 13 | Loss: 0.267845
Epoch 21 Batch 14 | Loss: 0.295179
Epoch 21 Batch 15 | Loss: 0.295308
Epoch 21 Batch 16 | Loss: 0.301002
Epoch 21 Batch 17 | Loss: 0.298174
Epoch 21 Batch 18 | Loss: 0.291883
Epoch 21 Batch 19 | Loss: 0.259837
Epoch 21 Batch 20 | Loss: 0.278804
Epoch 21 Batch 21 | Loss: 0.262269
Epoch 21 Batch 22 | Loss: 0.306471
Epoch 21 Batch 23 | Loss: 0.303996
Epoch 21 Batch 24 | Loss: 0.288152
Epoch 21 Batch 25 | Loss: 0.247586
  [STABILITY] Plateau detected. Reducing Learning Rate to 0.001250
--- Epoch 21/30 | Loss: 0.2882 | Train Acc: 100.0% | Test Acc: 98.5% | CM: [TP:171, TN:167, FP:5, FN:0] | Progress: 70.0% | ETA: 12.3s ---
Epoch 22 Batch 1 | Loss: 0.259131 | Stats: min: -0.633, max: 0.577, mean: -0.319
Epoch 22 Batch 2 | Loss: 0.282198
Epoch 22 Batch 3 | Loss: 0.292206
Epoch 22 Batch 4 | Loss: 0.297205
Epoch 22 Batch 5 | Loss: 0.284947
Epoch 22 Batch 6 | Loss: 0.284649
Epoch 22 Batch 7 | Loss: 0.301154
Epoch 22 Batch 8 | Loss: 0.278084
Epoch 22 Batch 9 | Loss: 0.267130
Epoch 22 Batch 10 | Loss: 0.295773
Epoch 22 Batch 11 | Loss: 0.290825
Epoch 22 Batch 12 | Loss: 0.276787
Epoch 22 Batch 13 | Loss: 0.279562
Epoch 22 Batch 14 | Loss: 0.289394
Epoch 22 Batch 15 | Loss: 0.311173
Epoch 22 Batch 16 | Loss: 0.308847
Epoch 22 Batch 17 | Loss: 0.286046
Epoch 22 Batch 18 | Loss: 0.291277
Epoch 22 Batch 19 | Loss: 0.327890
Epoch 22 Batch 20 | Loss: 0.271613
Epoch 22 Batch 21 | Loss: 0.262384
Epoch 22 Batch 22 | Loss: 0.295850
Epoch 22 Batch 23 | Loss: 0.273440
Epoch 22 Batch 24 | Loss: 0.285089
Epoch 22 Batch 25 | Loss: 0.308634
--- Epoch 22/30 | Loss: 0.2881 | Train Acc: 100.0% | Test Acc: 98.5% | CM: [TP:171, TN:167, FP:5, FN:0] | Progress: 73.3% | ETA: 10.6s ---
Epoch 23 Batch 1 | Loss: 0.279607 | Stats: min: -0.426, max: 0.544, mean: 0.183
Epoch 23 Batch 2 | Loss: 0.296752
Epoch 23 Batch 3 | Loss: 0.277806
Epoch 23 Batch 4 | Loss: 0.285542
Epoch 23 Batch 5 | Loss: 0.289890
Epoch 23 Batch 6 | Loss: 0.300033
Epoch 23 Batch 7 | Loss: 0.286456
Epoch 23 Batch 8 | Loss: 0.297050
Epoch 23 Batch 9 | Loss: 0.302797
Epoch 23 Batch 10 | Loss: 0.299375
Epoch 23 Batch 11 | Loss: 0.290930
Epoch 23 Batch 12 | Loss: 0.273183
Epoch 23 Batch 13 | Loss: 0.287348
Epoch 23 Batch 14 | Loss: 0.288272
Epoch 23 Batch 15 | Loss: 0.301848
Epoch 23 Batch 16 | Loss: 0.286664
Epoch 23 Batch 17 | Loss: 0.278229
Epoch 23 Batch 18 | Loss: 0.307439
Epoch 23 Batch 19 | Loss: 0.259243
Epoch 23 Batch 20 | Loss: 0.291455
Epoch 23 Batch 21 | Loss: 0.305105
Epoch 23 Batch 22 | Loss: 0.278996
Epoch 23 Batch 23 | Loss: 0.297221
Epoch 23 Batch 24 | Loss: 0.269716
Epoch 23 Batch 25 | Loss: 0.271218
--- Epoch 23/30 | Loss: 0.2881 | Train Acc: 100.0% | Test Acc: 98.5% | CM: [TP:171, TN:167, FP:5, FN:0] | Progress: 76.7% | ETA: 5.5s ---
Epoch 24 Batch 1 | Loss: 0.290046 | Stats: min: -0.303, max: 0.656, mean: 0.199
Epoch 24 Batch 2 | Loss: 0.280213
Epoch 24 Batch 3 | Loss: 0.290449
Epoch 24 Batch 4 | Loss: 0.271619
Epoch 24 Batch 5 | Loss: 0.282979
Epoch 24 Batch 6 | Loss: 0.273009
Epoch 24 Batch 7 | Loss: 0.278643
Epoch 24 Batch 8 | Loss: 0.283240
Epoch 24 Batch 9 | Loss: 0.299146
Epoch 24 Batch 10 | Loss: 0.292429
Epoch 24 Batch 11 | Loss: 0.284435
Epoch 24 Batch 12 | Loss: 0.291625
Epoch 24 Batch 13 | Loss: 0.269467
Epoch 24 Batch 14 | Loss: 0.273449
Epoch 24 Batch 15 | Loss: 0.300745
Epoch 24 Batch 16 | Loss: 0.290626
Epoch 24 Batch 17 | Loss: 0.272579
Epoch 24 Batch 18 | Loss: 0.285537
Epoch 24 Batch 19 | Loss: 0.291843
Epoch 24 Batch 20 | Loss: 0.309703
Epoch 24 Batch 21 | Loss: 0.288714
Epoch 24 Batch 22 | Loss: 0.292014
Epoch 24 Batch 23 | Loss: 0.305500
Epoch 24 Batch 24 | Loss: 0.281614
Epoch 24 Batch 25 | Loss: 0.323028
  [STABILITY] Plateau detected. Reducing Learning Rate to 0.000625
--- Epoch 24/30 | Loss: 0.2881 | Train Acc: 100.0% | Test Acc: 98.5% | CM: [TP:171, TN:167, FP:5, FN:0] | Progress: 80.0% | ETA: 4.7s ---
Epoch 25 Batch 1 | Loss: 0.291447 | Stats: min: -0.538, max: 0.582, mean: -0.166
Epoch 25 Batch 2 | Loss: 0.304915
Epoch 25 Batch 3 | Loss: 0.276263
Epoch 25 Batch 4 | Loss: 0.271785
Epoch 25 Batch 5 | Loss: 0.279076
Epoch 25 Batch 6 | Loss: 0.286277
Epoch 25 Batch 7 | Loss: 0.306787
Epoch 25 Batch 8 | Loss: 0.289054
Epoch 25 Batch 9 | Loss: 0.275885
Epoch 25 Batch 10 | Loss: 0.283720
Epoch 25 Batch 11 | Loss: 0.274074
Epoch 25 Batch 12 | Loss: 0.265203
Epoch 25 Batch 13 | Loss: 0.279130
Epoch 25 Batch 14 | Loss: 0.278741
Epoch 25 Batch 15 | Loss: 0.314738
Epoch 25 Batch 16 | Loss: 0.308851
Epoch 25 Batch 17 | Loss: 0.294501
Epoch 25 Batch 18 | Loss: 0.296067
Epoch 25 Batch 19 | Loss: 0.284183
Epoch 25 Batch 20 | Loss: 0.306237
Epoch 25 Batch 21 | Loss: 0.280382
Epoch 25 Batch 22 | Loss: 0.293679
Epoch 25 Batch 23 | Loss: 0.299480
Epoch 25 Batch 24 | Loss: 0.280223
Epoch 25 Batch 25 | Loss: 0.277524
--- Epoch 25/30 | Loss: 0.2879 | Train Acc: 100.0% | Test Acc: 98.5% | CM: [TP:171, TN:167, FP:5, FN:0] | Progress: 83.3% | ETA: 3.4s ---
Epoch 26 Batch 1 | Loss: 0.304385 | Stats: min: -0.393, max: 0.591, mean: 0.127
Epoch 26 Batch 2 | Loss: 0.306288
Epoch 26 Batch 3 | Loss: 0.292371
Epoch 26 Batch 4 | Loss: 0.285392
Epoch 26 Batch 5 | Loss: 0.297585
Epoch 26 Batch 6 | Loss: 0.292637
Epoch 26 Batch 7 | Loss: 0.294936
Epoch 26 Batch 8 | Loss: 0.290498
Epoch 26 Batch 9 | Loss: 0.264810
Epoch 26 Batch 10 | Loss: 0.273717
Epoch 26 Batch 11 | Loss: 0.305957
Epoch 26 Batch 12 | Loss: 0.258876
Epoch 26 Batch 13 | Loss: 0.276192
Epoch 26 Batch 14 | Loss: 0.317125
Epoch 26 Batch 15 | Loss: 0.316264
Epoch 26 Batch 16 | Loss: 0.275409
Epoch 26 Batch 17 | Loss: 0.289026
Epoch 26 Batch 18 | Loss: 0.260097
Epoch 26 Batch 19 | Loss: 0.303882
Epoch 26 Batch 20 | Loss: 0.301858
Epoch 26 Batch 21 | Loss: 0.283859
Epoch 26 Batch 22 | Loss: 0.270926
Epoch 26 Batch 23 | Loss: 0.283411
Epoch 26 Batch 24 | Loss: 0.267067
Epoch 26 Batch 25 | Loss: 0.284849
--- Epoch 26/30 | Loss: 0.2879 | Train Acc: 100.0% | Test Acc: 98.5% | CM: [TP:171, TN:167, FP:5, FN:0] | Progress: 86.7% | ETA: 2.8s ---
Epoch 27 Batch 1 | Loss: 0.311684 | Stats: min: -0.618, max: 0.315, mean: -0.362
Epoch 27 Batch 2 | Loss: 0.261406
Epoch 27 Batch 3 | Loss: 0.286623
Epoch 27 Batch 4 | Loss: 0.268390
Epoch 27 Batch 5 | Loss: 0.244312
Epoch 27 Batch 6 | Loss: 0.275115
Epoch 27 Batch 7 | Loss: 0.302422
Epoch 27 Batch 8 | Loss: 0.309146
Epoch 27 Batch 9 | Loss: 0.290409
Epoch 27 Batch 10 | Loss: 0.264474
Epoch 27 Batch 11 | Loss: 0.284582
Epoch 27 Batch 12 | Loss: 0.300712
Epoch 27 Batch 13 | Loss: 0.286870
Epoch 27 Batch 14 | Loss: 0.288828
Epoch 27 Batch 15 | Loss: 0.259318
Epoch 27 Batch 16 | Loss: 0.269929
Epoch 27 Batch 17 | Loss: 0.305584
Epoch 27 Batch 18 | Loss: 0.303641
Epoch 27 Batch 19 | Loss: 0.304203
Epoch 27 Batch 20 | Loss: 0.292788
Epoch 27 Batch 21 | Loss: 0.321798
Epoch 27 Batch 22 | Loss: 0.314517
Epoch 27 Batch 23 | Loss: 0.275955
Epoch 27 Batch 24 | Loss: 0.295232
Epoch 27 Batch 25 | Loss: 0.279748
  [STABILITY] Plateau detected. Reducing Learning Rate to 0.000313
--- Epoch 27/30 | Loss: 0.2879 | Train Acc: 100.0% | Test Acc: 98.5% | CM: [TP:171, TN:167, FP:5, FN:0] | Progress: 90.0% | ETA: 2.1s ---
Epoch 28 Batch 1 | Loss: 0.294225 | Stats: min: -0.622, max: 0.610, mean: 0.177
Epoch 28 Batch 2 | Loss: 0.289949
Epoch 28 Batch 3 | Loss: 0.305689
Epoch 28 Batch 4 | Loss: 0.301712
Epoch 28 Batch 5 | Loss: 0.291414
Epoch 28 Batch 6 | Loss: 0.286974
Epoch 28 Batch 7 | Loss: 0.293483
Epoch 28 Batch 8 | Loss: 0.286111
Epoch 28 Batch 9 | Loss: 0.268100
Epoch 28 Batch 10 | Loss: 0.289788
Epoch 28 Batch 11 | Loss: 0.276035
Epoch 28 Batch 12 | Loss: 0.292972
Epoch 28 Batch 13 | Loss: 0.301130
Epoch 28 Batch 14 | Loss: 0.295733
Epoch 28 Batch 15 | Loss: 0.269416
Epoch 28 Batch 16 | Loss: 0.291725
Epoch 28 Batch 17 | Loss: 0.325678
Epoch 28 Batch 18 | Loss: 0.304005
Epoch 28 Batch 19 | Loss: 0.283285
Epoch 28 Batch 20 | Loss: 0.278064
Epoch 28 Batch 21 | Loss: 0.275175
Epoch 28 Batch 22 | Loss: 0.273776
Epoch 28 Batch 23 | Loss: 0.286819
Epoch 28 Batch 24 | Loss: 0.269705
Epoch 28 Batch 25 | Loss: 0.265369
--- Epoch 28/30 | Loss: 0.2879 | Train Acc: 100.0% | Test Acc: 98.5% | CM: [TP:171, TN:167, FP:5, FN:0] | Progress: 93.3% | ETA: 1.3s ---
Epoch 29 Batch 1 | Loss: 0.276841 | Stats: min: -0.592, max: 0.513, mean: -0.347
Epoch 29 Batch 2 | Loss: 0.268310
Epoch 29 Batch 3 | Loss: 0.275148
Epoch 29 Batch 4 | Loss: 0.294767
Epoch 29 Batch 5 | Loss: 0.266696
Epoch 29 Batch 6 | Loss: 0.290382
Epoch 29 Batch 7 | Loss: 0.280353
Epoch 29 Batch 8 | Loss: 0.302404
Epoch 29 Batch 9 | Loss: 0.288049
Epoch 29 Batch 10 | Loss: 0.306934
Epoch 29 Batch 11 | Loss: 0.286767
Epoch 29 Batch 12 | Loss: 0.290641
Epoch 29 Batch 13 | Loss: 0.301806
Epoch 29 Batch 14 | Loss: 0.285605
Epoch 29 Batch 15 | Loss: 0.281272
Epoch 29 Batch 16 | Loss: 0.276895
Epoch 29 Batch 17 | Loss: 0.295096
Epoch 29 Batch 18 | Loss: 0.287200
Epoch 29 Batch 19 | Loss: 0.257124
Epoch 29 Batch 20 | Loss: 0.270178
Epoch 29 Batch 21 | Loss: 0.291812
Epoch 29 Batch 22 | Loss: 0.309007
Epoch 29 Batch 23 | Loss: 0.301314
Epoch 29 Batch 24 | Loss: 0.318145
Epoch 29 Batch 25 | Loss: 0.294202
--- Epoch 29/30 | Loss: 0.2879 | Train Acc: 100.0% | Test Acc: 98.5% | CM: [TP:171, TN:167, FP:5, FN:0] | Progress: 96.7% | ETA: 0.6s ---
Epoch 30 Batch 1 | Loss: 0.308974 | Stats: min: -0.579, max: 0.488, mean: -0.215
Epoch 30 Batch 2 | Loss: 0.283407
Epoch 30 Batch 3 | Loss: 0.278263
Epoch 30 Batch 4 | Loss: 0.320583
Epoch 30 Batch 5 | Loss: 0.279506
Epoch 30 Batch 6 | Loss: 0.275439
Epoch 30 Batch 7 | Loss: 0.272489
Epoch 30 Batch 8 | Loss: 0.295413
Epoch 30 Batch 9 | Loss: 0.298165
Epoch 30 Batch 10 | Loss: 0.268833
Epoch 30 Batch 11 | Loss: 0.292272
Epoch 30 Batch 12 | Loss: 0.277844
Epoch 30 Batch 13 | Loss: 0.262627
Epoch 30 Batch 14 | Loss: 0.291072
Epoch 30 Batch 15 | Loss: 0.268439
Epoch 30 Batch 16 | Loss: 0.305346
Epoch 30 Batch 17 | Loss: 0.334115
Epoch 30 Batch 18 | Loss: 0.288582
Epoch 30 Batch 19 | Loss: 0.298365
Epoch 30 Batch 20 | Loss: 0.305134
Epoch 30 Batch 21 | Loss: 0.285879
Epoch 30 Batch 22 | Loss: 0.270042
Epoch 30 Batch 23 | Loss: 0.261538
Epoch 30 Batch 24 | Loss: 0.292831
Epoch 30 Batch 25 | Loss: 0.280787
  [STABILITY] Plateau detected. Reducing Learning Rate to 0.000156
--- Epoch 30/30 | Loss: 0.2878 | Train Acc: 100.0% | Test Acc: 98.5% | CM: [TP:171, TN:167, FP:5, FN:0] | Progress: 100.0% | ETA: 0.0s ---

Final Best Test Accuracy: 99.13%


Best Quantum Test Accuracy: 0.991
