DEBUG: Qtrainer enters train_pure_quantum_cnn. Encoding: amplitude
  Class Weights: +1 (Target): 1.00 | -1 (Rest): 1.00
Starting Training
==================================================
Epoch 1 Batch 1 | Loss: 0.656082 | Stats: min: -0.039, max: 0.197, mean: 0.082
Epoch 1 Batch 2 | Loss: 0.590712
Epoch 1 Batch 3 | Loss: 0.571539
Epoch 1 Batch 4 | Loss: 0.558887
Epoch 1 Batch 5 | Loss: 0.534583
Epoch 1 Batch 6 | Loss: 0.549754
Epoch 1 Batch 7 | Loss: 0.523328
Epoch 1 Batch 8 | Loss: 0.521339
Epoch 1 Batch 9 | Loss: 0.498823
Epoch 1 Batch 10 | Loss: 0.503038
Epoch 1 Batch 11 | Loss: 0.505028
Epoch 1 Batch 12 | Loss: 0.480507
Epoch 1 Batch 13 | Loss: 0.495810
  [STABILITY] Test accuracy improved: 0.00% -> 90.70% (via EMA). Saving best params.
--- Epoch 1/30 | Loss: 0.5376 | Train Acc: 92.0% | Test Acc: 90.7% | CM: [TP:72, TN:84, FP:2, FN:14] | Progress: 3.3% | ETA: 309.8s ---
Epoch 2 Batch 1 | Loss: 0.473092 | Stats: min: -0.187, max: 0.304, mean: 0.177
Epoch 2 Batch 2 | Loss: 0.464837
Epoch 2 Batch 3 | Loss: 0.451601
Epoch 2 Batch 4 | Loss: 0.464488
Epoch 2 Batch 5 | Loss: 0.460513
Epoch 2 Batch 6 | Loss: 0.445732
Epoch 2 Batch 7 | Loss: 0.461857
Epoch 2 Batch 8 | Loss: 0.461934
Epoch 2 Batch 9 | Loss: 0.455821
Epoch 2 Batch 10 | Loss: 0.459904
Epoch 2 Batch 11 | Loss: 0.429592
Epoch 2 Batch 12 | Loss: 0.416545
Epoch 2 Batch 13 | Loss: 0.407000
  [STABILITY] Test accuracy improved: 90.70% -> 96.51% (via EMA). Saving best params.
--- Epoch 2/30 | Loss: 0.4502 | Train Acc: 97.5% | Test Acc: 96.5% | CM: [TP:82, TN:84, FP:2, FN:4] | Progress: 6.7% | ETA: 236.6s ---
Epoch 3 Batch 1 | Loss: 0.450443 | Stats: min: -0.388, max: 0.400, mean: -0.173
Epoch 3 Batch 2 | Loss: 0.422285
Epoch 3 Batch 3 | Loss: 0.414630
Epoch 3 Batch 4 | Loss: 0.416593
Epoch 3 Batch 5 | Loss: 0.405839
Epoch 3 Batch 6 | Loss: 0.394772
Epoch 3 Batch 7 | Loss: 0.390791
Epoch 3 Batch 8 | Loss: 0.405597
Epoch 3 Batch 9 | Loss: 0.390212
Epoch 3 Batch 10 | Loss: 0.383201
Epoch 3 Batch 11 | Loss: 0.419414
Epoch 3 Batch 12 | Loss: 0.422257
Epoch 3 Batch 13 | Loss: 0.402806
  [STABILITY] Test accuracy improved: 96.51% -> 97.09% (via EMA). Saving best params.
--- Epoch 3/30 | Loss: 0.4091 | Train Acc: 98.0% | Test Acc: 97.1% | CM: [TP:83, TN:84, FP:2, FN:3] | Progress: 10.0% | ETA: 98.9s ---
Epoch 4 Batch 1 | Loss: 0.387468 | Stats: min: -0.403, max: 0.436, mean: -0.105
Epoch 4 Batch 2 | Loss: 0.375064
Epoch 4 Batch 3 | Loss: 0.381002
Epoch 4 Batch 4 | Loss: 0.390479
Epoch 4 Batch 5 | Loss: 0.400282
Epoch 4 Batch 6 | Loss: 0.388635
Epoch 4 Batch 7 | Loss: 0.360664
Epoch 4 Batch 8 | Loss: 0.380012
Epoch 4 Batch 9 | Loss: 0.381319
Epoch 4 Batch 10 | Loss: 0.383240
Epoch 4 Batch 11 | Loss: 0.368246
Epoch 4 Batch 12 | Loss: 0.360829
Epoch 4 Batch 13 | Loss: 0.336256
--- Epoch 4/30 | Loss: 0.3764 | Train Acc: 98.5% | Test Acc: 96.5% | CM: [TP:83, TN:83, FP:3, FN:3] | Progress: 13.3% | ETA: 70.6s ---
Epoch 5 Batch 1 | Loss: 0.351841 | Stats: min: -0.266, max: 0.516, mean: 0.177
Epoch 5 Batch 2 | Loss: 0.357644
Epoch 5 Batch 3 | Loss: 0.370829
Epoch 5 Batch 4 | Loss: 0.366619
Epoch 5 Batch 5 | Loss: 0.361258
Epoch 5 Batch 6 | Loss: 0.377478
Epoch 5 Batch 7 | Loss: 0.400038
Epoch 5 Batch 8 | Loss: 0.348089
Epoch 5 Batch 9 | Loss: 0.359202
Epoch 5 Batch 10 | Loss: 0.343363
Epoch 5 Batch 11 | Loss: 0.334532
Epoch 5 Batch 12 | Loss: 0.345887
Epoch 5 Batch 13 | Loss: 0.304997
  [STABILITY] Test accuracy improved: 97.09% -> 97.67% (via EMA). Saving best params.
--- Epoch 5/30 | Loss: 0.3555 | Train Acc: 98.0% | Test Acc: 97.7% | CM: [TP:85, TN:83, FP:3, FN:1] | Progress: 16.7% | ETA: 61.9s ---
Epoch 6 Batch 1 | Loss: 0.328542 | Stats: min: -0.516, max: 0.529, mean: 0.075
Epoch 6 Batch 2 | Loss: 0.346115
Epoch 6 Batch 3 | Loss: 0.331618
Epoch 6 Batch 4 | Loss: 0.364967
Epoch 6 Batch 5 | Loss: 0.364368
Epoch 6 Batch 6 | Loss: 0.362875
Epoch 6 Batch 7 | Loss: 0.355919
Epoch 6 Batch 8 | Loss: 0.349329
Epoch 6 Batch 9 | Loss: 0.339438
Epoch 6 Batch 10 | Loss: 0.332668
Epoch 6 Batch 11 | Loss: 0.328799
Epoch 6 Batch 12 | Loss: 0.351169
Epoch 6 Batch 13 | Loss: 0.380253
--- Epoch 6/30 | Loss: 0.3489 | Train Acc: 98.5% | Test Acc: 97.7% | CM: [TP:85, TN:83, FP:3, FN:1] | Progress: 20.0% | ETA: 62.0s ---
Epoch 7 Batch 1 | Loss: 0.365495 | Stats: min: -0.482, max: 0.564, mean: -0.045
Epoch 7 Batch 2 | Loss: 0.343949
Epoch 7 Batch 3 | Loss: 0.330427
Epoch 7 Batch 4 | Loss: 0.330357
Epoch 7 Batch 5 | Loss: 0.323172
Epoch 7 Batch 6 | Loss: 0.303994
Epoch 7 Batch 7 | Loss: 0.330377
Epoch 7 Batch 8 | Loss: 0.346342
Epoch 7 Batch 9 | Loss: 0.364791
Epoch 7 Batch 10 | Loss: 0.342519
Epoch 7 Batch 11 | Loss: 0.345892
Epoch 7 Batch 12 | Loss: 0.340110
Epoch 7 Batch 13 | Loss: 0.388334
  [STABILITY] Test accuracy improved: 97.67% -> 98.26% (via EMA). Saving best params.
--- Epoch 7/30 | Loss: 0.3428 | Train Acc: 98.5% | Test Acc: 98.3% | CM: [TP:86, TN:83, FP:3, FN:0] | Progress: 23.3% | ETA: 57.4s ---
Epoch 8 Batch 1 | Loss: 0.304408 | Stats: min: -0.507, max: 0.449, mean: -0.055
Epoch 8 Batch 2 | Loss: 0.347695
Epoch 8 Batch 3 | Loss: 0.322916
Epoch 8 Batch 4 | Loss: 0.326933
Epoch 8 Batch 5 | Loss: 0.334055
Epoch 8 Batch 6 | Loss: 0.340332
Epoch 8 Batch 7 | Loss: 0.314055
Epoch 8 Batch 8 | Loss: 0.322050
Epoch 8 Batch 9 | Loss: 0.310280
Epoch 8 Batch 10 | Loss: 0.362243
Epoch 8 Batch 11 | Loss: 0.325810
Epoch 8 Batch 12 | Loss: 0.353700
Epoch 8 Batch 13 | Loss: 0.326159
--- Epoch 8/30 | Loss: 0.3300 | Train Acc: 98.5% | Test Acc: 98.3% | CM: [TP:86, TN:83, FP:3, FN:0] | Progress: 26.7% | ETA: 47.0s ---
Epoch 9 Batch 1 | Loss: 0.341066 | Stats: min: -0.565, max: 0.381, mean: -0.258
Epoch 9 Batch 2 | Loss: 0.309074
Epoch 9 Batch 3 | Loss: 0.313831
Epoch 9 Batch 4 | Loss: 0.343752
Epoch 9 Batch 5 | Loss: 0.325702
Epoch 9 Batch 6 | Loss: 0.317041
Epoch 9 Batch 7 | Loss: 0.302686
Epoch 9 Batch 8 | Loss: 0.317394
Epoch 9 Batch 9 | Loss: 0.295084
Epoch 9 Batch 10 | Loss: 0.336321
Epoch 9 Batch 11 | Loss: 0.291575
Epoch 9 Batch 12 | Loss: 0.369381
Epoch 9 Batch 13 | Loss: 0.307212
--- Epoch 9/30 | Loss: 0.3208 | Train Acc: 98.5% | Test Acc: 98.3% | CM: [TP:86, TN:83, FP:3, FN:0] | Progress: 30.0% | ETA: 40.3s ---
Epoch 10 Batch 1 | Loss: 0.314348 | Stats: min: -0.552, max: 0.533, mean: -0.108
Epoch 10 Batch 2 | Loss: 0.310977
Epoch 10 Batch 3 | Loss: 0.301720
Epoch 10 Batch 4 | Loss: 0.338112
Epoch 10 Batch 5 | Loss: 0.311174
Epoch 10 Batch 6 | Loss: 0.298822
Epoch 10 Batch 7 | Loss: 0.318065
Epoch 10 Batch 8 | Loss: 0.319139
Epoch 10 Batch 9 | Loss: 0.290212
Epoch 10 Batch 10 | Loss: 0.321098
Epoch 10 Batch 11 | Loss: 0.335008
Epoch 10 Batch 12 | Loss: 0.290791
Epoch 10 Batch 13 | Loss: 0.334496
  [STABILITY] Plateau detected. Reducing Learning Rate to 0.010000
--- Epoch 10/30 | Loss: 0.3142 | Train Acc: 98.5% | Test Acc: 98.3% | CM: [TP:86, TN:83, FP:3, FN:0] | Progress: 33.3% | ETA: 33.1s ---
Epoch 11 Batch 1 | Loss: 0.314963 | Stats: min: -0.565, max: 0.597, mean: 0.061
Epoch 11 Batch 2 | Loss: 0.320048
Epoch 11 Batch 3 | Loss: 0.306985
Epoch 11 Batch 4 | Loss: 0.280914
Epoch 11 Batch 5 | Loss: 0.321833
Epoch 11 Batch 6 | Loss: 0.317417
Epoch 11 Batch 7 | Loss: 0.296400
Epoch 11 Batch 8 | Loss: 0.331493
Epoch 11 Batch 9 | Loss: 0.292558
Epoch 11 Batch 10 | Loss: 0.299024
Epoch 11 Batch 11 | Loss: 0.321643
Epoch 11 Batch 12 | Loss: 0.300832
Epoch 11 Batch 13 | Loss: 0.294949
--- Epoch 11/30 | Loss: 0.3076 | Train Acc: 98.5% | Test Acc: 98.3% | CM: [TP:86, TN:83, FP:3, FN:0] | Progress: 36.7% | ETA: 29.6s ---
Epoch 12 Batch 1 | Loss: 0.299802 | Stats: min: -0.532, max: 0.579, mean: 0.097
Epoch 12 Batch 2 | Loss: 0.313709
Epoch 12 Batch 3 | Loss: 0.292642
Epoch 12 Batch 4 | Loss: 0.279212
Epoch 12 Batch 5 | Loss: 0.358218
Epoch 12 Batch 6 | Loss: 0.294827
Epoch 12 Batch 7 | Loss: 0.311427
Epoch 12 Batch 8 | Loss: 0.305143
Epoch 12 Batch 9 | Loss: 0.303782
Epoch 12 Batch 10 | Loss: 0.295319
Epoch 12 Batch 11 | Loss: 0.309901
Epoch 12 Batch 12 | Loss: 0.295880
Epoch 12 Batch 13 | Loss: 0.304396
--- Epoch 12/30 | Loss: 0.3049 | Train Acc: 98.5% | Test Acc: 98.3% | CM: [TP:86, TN:83, FP:3, FN:0] | Progress: 40.0% | ETA: 25.7s ---
Epoch 13 Batch 1 | Loss: 0.315801 | Stats: min: -0.547, max: 0.328, mean: -0.193
Epoch 13 Batch 2 | Loss: 0.290777
Epoch 13 Batch 3 | Loss: 0.316261
Epoch 13 Batch 4 | Loss: 0.301721
Epoch 13 Batch 5 | Loss: 0.275892
Epoch 13 Batch 6 | Loss: 0.309143
Epoch 13 Batch 7 | Loss: 0.300242
Epoch 13 Batch 8 | Loss: 0.300315
Epoch 13 Batch 9 | Loss: 0.309331
Epoch 13 Batch 10 | Loss: 0.317628
Epoch 13 Batch 11 | Loss: 0.287834
Epoch 13 Batch 12 | Loss: 0.317478
Epoch 13 Batch 13 | Loss: 0.291132
  [STABILITY] Plateau detected. Reducing Learning Rate to 0.005000
--- Epoch 13/30 | Loss: 0.3026 | Train Acc: 98.5% | Test Acc: 98.3% | CM: [TP:86, TN:83, FP:3, FN:0] | Progress: 43.3% | ETA: 22.2s ---
Epoch 14 Batch 1 | Loss: 0.291477 | Stats: min: -0.574, max: 0.616, mean: -0.085
Epoch 14 Batch 2 | Loss: 0.292546
Epoch 14 Batch 3 | Loss: 0.316793
Epoch 14 Batch 4 | Loss: 0.318130
Epoch 14 Batch 5 | Loss: 0.313787
Epoch 14 Batch 6 | Loss: 0.289081
Epoch 14 Batch 7 | Loss: 0.296335
Epoch 14 Batch 8 | Loss: 0.328067
Epoch 14 Batch 9 | Loss: 0.293262
Epoch 14 Batch 10 | Loss: 0.291867
Epoch 14 Batch 11 | Loss: 0.297670
Epoch 14 Batch 12 | Loss: 0.292456
Epoch 14 Batch 13 | Loss: 0.264732
--- Epoch 14/30 | Loss: 0.2989 | Train Acc: 99.0% | Test Acc: 98.3% | CM: [TP:86, TN:83, FP:3, FN:0] | Progress: 46.7% | ETA: 19.6s ---
Epoch 15 Batch 1 | Loss: 0.336656 | Stats: min: -0.502, max: 0.499, mean: -0.188
Epoch 15 Batch 2 | Loss: 0.280186
Epoch 15 Batch 3 | Loss: 0.272873
Epoch 15 Batch 4 | Loss: 0.277838
Epoch 15 Batch 5 | Loss: 0.325678
Epoch 15 Batch 6 | Loss: 0.314526
Epoch 15 Batch 7 | Loss: 0.296726
Epoch 15 Batch 8 | Loss: 0.302307
Epoch 15 Batch 9 | Loss: 0.302801
Epoch 15 Batch 10 | Loss: 0.303726
Epoch 15 Batch 11 | Loss: 0.270458
Epoch 15 Batch 12 | Loss: 0.310204
Epoch 15 Batch 13 | Loss: 0.297595
--- Epoch 15/30 | Loss: 0.2994 | Train Acc: 99.0% | Test Acc: 98.3% | CM: [TP:86, TN:83, FP:3, FN:0] | Progress: 50.0% | ETA: 16.8s ---
Epoch 16 Batch 1 | Loss: 0.308653 | Stats: min: -0.482, max: 0.607, mean: -0.039
Epoch 16 Batch 2 | Loss: 0.268896
Epoch 16 Batch 3 | Loss: 0.296726
Epoch 16 Batch 4 | Loss: 0.298579
Epoch 16 Batch 5 | Loss: 0.289434
Epoch 16 Batch 6 | Loss: 0.327227
Epoch 16 Batch 7 | Loss: 0.285834
Epoch 16 Batch 8 | Loss: 0.300905
Epoch 16 Batch 9 | Loss: 0.307237
Epoch 16 Batch 10 | Loss: 0.264163
Epoch 16 Batch 11 | Loss: 0.297074
Epoch 16 Batch 12 | Loss: 0.335264
Epoch 16 Batch 13 | Loss: 0.302117
  [STABILITY] Plateau detected. Reducing Learning Rate to 0.002500
--- Epoch 16/30 | Loss: 0.2986 | Train Acc: 99.5% | Test Acc: 98.3% | CM: [TP:86, TN:83, FP:3, FN:0] | Progress: 53.3% | ETA: 14.9s ---
Epoch 17 Batch 1 | Loss: 0.280155 | Stats: min: -0.587, max: 0.669, mean: -0.076
Epoch 17 Batch 2 | Loss: 0.316746
Epoch 17 Batch 3 | Loss: 0.315383
Epoch 17 Batch 4 | Loss: 0.311653
Epoch 17 Batch 5 | Loss: 0.312746
Epoch 17 Batch 6 | Loss: 0.285213
Epoch 17 Batch 7 | Loss: 0.310204
Epoch 17 Batch 8 | Loss: 0.282124
Epoch 17 Batch 9 | Loss: 0.295916
Epoch 17 Batch 10 | Loss: 0.270533
Epoch 17 Batch 11 | Loss: 0.312292
Epoch 17 Batch 12 | Loss: 0.286379
Epoch 17 Batch 13 | Loss: 0.275648
--- Epoch 17/30 | Loss: 0.2965 | Train Acc: 99.5% | Test Acc: 98.3% | CM: [TP:86, TN:83, FP:3, FN:0] | Progress: 56.7% | ETA: 12.9s ---
Epoch 18 Batch 1 | Loss: 0.307983 | Stats: min: -0.512, max: 0.482, mean: -0.056
Epoch 18 Batch 2 | Loss: 0.292121
Epoch 18 Batch 3 | Loss: 0.281149
Epoch 18 Batch 4 | Loss: 0.317020
Epoch 18 Batch 5 | Loss: 0.308302
Epoch 18 Batch 6 | Loss: 0.305044
Epoch 18 Batch 7 | Loss: 0.280934
Epoch 18 Batch 8 | Loss: 0.279524
Epoch 18 Batch 9 | Loss: 0.296797
Epoch 18 Batch 10 | Loss: 0.311085
Epoch 18 Batch 11 | Loss: 0.284321
Epoch 18 Batch 12 | Loss: 0.298529
Epoch 18 Batch 13 | Loss: 0.279580
--- Epoch 18/30 | Loss: 0.2956 | Train Acc: 99.5% | Test Acc: 98.3% | CM: [TP:86, TN:83, FP:3, FN:0] | Progress: 60.0% | ETA: 11.6s ---
Epoch 19 Batch 1 | Loss: 0.299545 | Stats: min: -0.559, max: 0.694, mean: -0.036
Epoch 19 Batch 2 | Loss: 0.306721
Epoch 19 Batch 3 | Loss: 0.305702
Epoch 19 Batch 4 | Loss: 0.282693
Epoch 19 Batch 5 | Loss: 0.313662
Epoch 19 Batch 6 | Loss: 0.292093
Epoch 19 Batch 7 | Loss: 0.315916
Epoch 19 Batch 8 | Loss: 0.307146
Epoch 19 Batch 9 | Loss: 0.264278
Epoch 19 Batch 10 | Loss: 0.276896
Epoch 19 Batch 11 | Loss: 0.304602
Epoch 19 Batch 12 | Loss: 0.276035
Epoch 19 Batch 13 | Loss: 0.293452
  [STABILITY] Plateau detected. Reducing Learning Rate to 0.001250
--- Epoch 19/30 | Loss: 0.2953 | Train Acc: 99.5% | Test Acc: 98.3% | CM: [TP:86, TN:83, FP:3, FN:0] | Progress: 63.3% | ETA: 9.7s ---
Epoch 20 Batch 1 | Loss: 0.288081 | Stats: min: -0.542, max: 0.331, mean: -0.337
Epoch 20 Batch 2 | Loss: 0.290905
Epoch 20 Batch 3 | Loss: 0.302221
Epoch 20 Batch 4 | Loss: 0.295113
Epoch 20 Batch 5 | Loss: 0.304091
Epoch 20 Batch 6 | Loss: 0.289760
Epoch 20 Batch 7 | Loss: 0.304737
Epoch 20 Batch 8 | Loss: 0.291877
Epoch 20 Batch 9 | Loss: 0.274392
Epoch 20 Batch 10 | Loss: 0.272508
Epoch 20 Batch 11 | Loss: 0.294089
Epoch 20 Batch 12 | Loss: 0.321636
Epoch 20 Batch 13 | Loss: 0.309456
--- Epoch 20/30 | Loss: 0.2953 | Train Acc: 99.5% | Test Acc: 98.3% | CM: [TP:86, TN:83, FP:3, FN:0] | Progress: 66.7% | ETA: 8.2s ---
Epoch 21 Batch 1 | Loss: 0.284873 | Stats: min: -0.585, max: 0.195, mean: -0.356
Epoch 21 Batch 2 | Loss: 0.325300
Epoch 21 Batch 3 | Loss: 0.292256
Epoch 21 Batch 4 | Loss: 0.314517
Epoch 21 Batch 5 | Loss: 0.281013
Epoch 21 Batch 6 | Loss: 0.265698
Epoch 21 Batch 7 | Loss: 0.274716
Epoch 21 Batch 8 | Loss: 0.311613
Epoch 21 Batch 9 | Loss: 0.318611
Epoch 21 Batch 10 | Loss: 0.283316
Epoch 21 Batch 11 | Loss: 0.295654
Epoch 21 Batch 12 | Loss: 0.299154
Epoch 21 Batch 13 | Loss: 0.260717
--- Epoch 21/30 | Loss: 0.2929 | Train Acc: 99.5% | Test Acc: 98.3% | CM: [TP:86, TN:83, FP:3, FN:0] | Progress: 70.0% | ETA: 7.1s ---
Epoch 22 Batch 1 | Loss: 0.301215 | Stats: min: -0.597, max: 0.489, mean: -0.327
Epoch 22 Batch 2 | Loss: 0.300710
Epoch 22 Batch 3 | Loss: 0.284178
Epoch 22 Batch 4 | Loss: 0.265298
Epoch 22 Batch 5 | Loss: 0.302644
Epoch 22 Batch 6 | Loss: 0.317682
Epoch 22 Batch 7 | Loss: 0.269763
Epoch 22 Batch 8 | Loss: 0.310756
Epoch 22 Batch 9 | Loss: 0.268377
Epoch 22 Batch 10 | Loss: 0.298766
Epoch 22 Batch 11 | Loss: 0.278743
Epoch 22 Batch 12 | Loss: 0.333072
Epoch 22 Batch 13 | Loss: 0.282868
  [STABILITY] Plateau detected. Reducing Learning Rate to 0.000625
--- Epoch 22/30 | Loss: 0.2934 | Train Acc: 99.5% | Test Acc: 97.7% | CM: [TP:85, TN:83, FP:3, FN:1] | Progress: 73.3% | ETA: 6.1s ---
Epoch 23 Batch 1 | Loss: 0.290837 | Stats: min: -0.553, max: 0.677, mean: 0.349
Epoch 23 Batch 2 | Loss: 0.281211
Epoch 23 Batch 3 | Loss: 0.305319
Epoch 23 Batch 4 | Loss: 0.262880
Epoch 23 Batch 5 | Loss: 0.312197
Epoch 23 Batch 6 | Loss: 0.268336
Epoch 23 Batch 7 | Loss: 0.303522
Epoch 23 Batch 8 | Loss: 0.288860
Epoch 23 Batch 9 | Loss: 0.305397
Epoch 23 Batch 10 | Loss: 0.292892
Epoch 23 Batch 11 | Loss: 0.297140
Epoch 23 Batch 12 | Loss: 0.323747
Epoch 23 Batch 13 | Loss: 0.272163
--- Epoch 23/30 | Loss: 0.2927 | Train Acc: 99.5% | Test Acc: 97.7% | CM: [TP:85, TN:83, FP:3, FN:1] | Progress: 76.7% | ETA: 5.1s ---
Epoch 24 Batch 1 | Loss: 0.278886 | Stats: min: -0.584, max: 0.606, mean: -0.120
Epoch 24 Batch 2 | Loss: 0.308270
Epoch 24 Batch 3 | Loss: 0.284519
Epoch 24 Batch 4 | Loss: 0.288171
Epoch 24 Batch 5 | Loss: 0.324901
Epoch 24 Batch 6 | Loss: 0.283256
Epoch 24 Batch 7 | Loss: 0.319548
Epoch 24 Batch 8 | Loss: 0.268410
Epoch 24 Batch 9 | Loss: 0.280711
Epoch 24 Batch 10 | Loss: 0.296002
Epoch 24 Batch 11 | Loss: 0.294471
Epoch 24 Batch 12 | Loss: 0.313346
Epoch 24 Batch 13 | Loss: 0.248304
--- Epoch 24/30 | Loss: 0.2914 | Train Acc: 99.5% | Test Acc: 97.7% | CM: [TP:85, TN:83, FP:3, FN:1] | Progress: 80.0% | ETA: 4.3s ---
Epoch 25 Batch 1 | Loss: 0.278245 | Stats: min: -0.583, max: 0.654, mean: 0.162
Epoch 25 Batch 2 | Loss: 0.318746
Epoch 25 Batch 3 | Loss: 0.321673
Epoch 25 Batch 4 | Loss: 0.259377
Epoch 25 Batch 5 | Loss: 0.279764
Epoch 25 Batch 6 | Loss: 0.295563
Epoch 25 Batch 7 | Loss: 0.288151
Epoch 25 Batch 8 | Loss: 0.324836
Epoch 25 Batch 9 | Loss: 0.296519
Epoch 25 Batch 10 | Loss: 0.298199
Epoch 25 Batch 11 | Loss: 0.302272
Epoch 25 Batch 12 | Loss: 0.267142
Epoch 25 Batch 13 | Loss: 0.264505
  [STABILITY] Plateau detected. Reducing Learning Rate to 0.000313
--- Epoch 25/30 | Loss: 0.2919 | Train Acc: 99.5% | Test Acc: 97.7% | CM: [TP:85, TN:83, FP:3, FN:1] | Progress: 83.3% | ETA: 3.4s ---
Epoch 26 Batch 1 | Loss: 0.286618 | Stats: min: -0.614, max: 0.653, mean: 0.050
Epoch 26 Batch 2 | Loss: 0.302502
Epoch 26 Batch 3 | Loss: 0.341313
Epoch 26 Batch 4 | Loss: 0.277455
Epoch 26 Batch 5 | Loss: 0.283070
Epoch 26 Batch 6 | Loss: 0.315663
Epoch 26 Batch 7 | Loss: 0.305817
Epoch 26 Batch 8 | Loss: 0.267434
Epoch 26 Batch 9 | Loss: 0.277428
Epoch 26 Batch 10 | Loss: 0.283778
Epoch 26 Batch 11 | Loss: 0.307608
Epoch 26 Batch 12 | Loss: 0.264942
Epoch 26 Batch 13 | Loss: 0.295064
--- Epoch 26/30 | Loss: 0.2930 | Train Acc: 99.5% | Test Acc: 97.7% | CM: [TP:85, TN:83, FP:3, FN:1] | Progress: 86.7% | ETA: 2.6s ---
Epoch 27 Batch 1 | Loss: 0.314126 | Stats: min: -0.509, max: 0.570, mean: 0.065
Epoch 27 Batch 2 | Loss: 0.313915
Epoch 27 Batch 3 | Loss: 0.284182
Epoch 27 Batch 4 | Loss: 0.306401
Epoch 27 Batch 5 | Loss: 0.288962
Epoch 27 Batch 6 | Loss: 0.279637
Epoch 27 Batch 7 | Loss: 0.312354
Epoch 27 Batch 8 | Loss: 0.277158
Epoch 27 Batch 9 | Loss: 0.276694
Epoch 27 Batch 10 | Loss: 0.273997
Epoch 27 Batch 11 | Loss: 0.312138
Epoch 27 Batch 12 | Loss: 0.278200
Epoch 27 Batch 13 | Loss: 0.283506
--- Epoch 27/30 | Loss: 0.2924 | Train Acc: 99.5% | Test Acc: 97.7% | CM: [TP:85, TN:83, FP:3, FN:1] | Progress: 90.0% | ETA: 1.9s ---
Epoch 28 Batch 1 | Loss: 0.292564 | Stats: min: -0.406, max: 0.690, mean: 0.354
Epoch 28 Batch 2 | Loss: 0.296432
Epoch 28 Batch 3 | Loss: 0.279231
Epoch 28 Batch 4 | Loss: 0.308302
Epoch 28 Batch 5 | Loss: 0.290733
Epoch 28 Batch 6 | Loss: 0.313639
Epoch 28 Batch 7 | Loss: 0.276987
Epoch 28 Batch 8 | Loss: 0.270535
Epoch 28 Batch 9 | Loss: 0.310751
Epoch 28 Batch 10 | Loss: 0.291640
Epoch 28 Batch 11 | Loss: 0.292325
Epoch 28 Batch 12 | Loss: 0.281933
Epoch 28 Batch 13 | Loss: 0.308058
  [STABILITY] Plateau detected. Reducing Learning Rate to 0.000156
--- Epoch 28/30 | Loss: 0.2933 | Train Acc: 99.5% | Test Acc: 97.7% | CM: [TP:85, TN:83, FP:3, FN:1] | Progress: 93.3% | ETA: 1.3s ---
Epoch 29 Batch 1 | Loss: 0.312741 | Stats: min: -0.510, max: 0.501, mean: -0.133
Epoch 29 Batch 2 | Loss: 0.283380
Epoch 29 Batch 3 | Loss: 0.296973
Epoch 29 Batch 4 | Loss: 0.351519
Epoch 29 Batch 5 | Loss: 0.304654
Epoch 29 Batch 6 | Loss: 0.285733
Epoch 29 Batch 7 | Loss: 0.269058
Epoch 29 Batch 8 | Loss: 0.273298
Epoch 29 Batch 9 | Loss: 0.265755
Epoch 29 Batch 10 | Loss: 0.301303
Epoch 29 Batch 11 | Loss: 0.285264
Epoch 29 Batch 12 | Loss: 0.277836
Epoch 29 Batch 13 | Loss: 0.300067
--- Epoch 29/30 | Loss: 0.2929 | Train Acc: 99.5% | Test Acc: 97.7% | CM: [TP:85, TN:83, FP:3, FN:1] | Progress: 96.7% | ETA: 0.6s ---
Epoch 30 Batch 1 | Loss: 0.297135 | Stats: min: -0.415, max: 0.599, mean: 0.346
Epoch 30 Batch 2 | Loss: 0.284611
Epoch 30 Batch 3 | Loss: 0.271860
Epoch 30 Batch 4 | Loss: 0.303853
Epoch 30 Batch 5 | Loss: 0.278522
Epoch 30 Batch 6 | Loss: 0.276168
Epoch 30 Batch 7 | Loss: 0.321389
Epoch 30 Batch 8 | Loss: 0.298236
Epoch 30 Batch 9 | Loss: 0.281836
Epoch 30 Batch 10 | Loss: 0.316397
Epoch 30 Batch 11 | Loss: 0.301547
Epoch 30 Batch 12 | Loss: 0.281999
Epoch 30 Batch 13 | Loss: 0.285582
--- Epoch 30/30 | Loss: 0.2922 | Train Acc: 99.5% | Test Acc: 97.7% | CM: [TP:85, TN:83, FP:3, FN:1] | Progress: 100.0% | ETA: 0.0s ---

Final Best Test Accuracy: 98.26%


Best Quantum Test Accuracy: 0.983
