DEBUG: Qtrainer enters train_pure_quantum_cnn. Encoding: amplitude
  Class Weights: +1 (Target): 1.00 | -1 (Rest): 1.00
Starting Training
==================================================
Epoch 1 Batch 1 | Loss: 0.696840 | Stats: min: -0.063, max: 0.111, mean: 0.024
Epoch 1 Batch 2 | Loss: 0.648625
Epoch 1 Batch 3 | Loss: 0.608417
Epoch 1 Batch 4 | Loss: 0.583545
Epoch 1 Batch 5 | Loss: 0.537131
Epoch 1 Batch 6 | Loss: 0.560828
Epoch 1 Batch 7 | Loss: 0.561110
Epoch 1 Batch 8 | Loss: 0.549254
Epoch 1 Batch 9 | Loss: 0.526457
Epoch 1 Batch 10 | Loss: 0.507042
Epoch 1 Batch 11 | Loss: 0.502858
Epoch 1 Batch 12 | Loss: 0.485147
Epoch 1 Batch 13 | Loss: 0.504756
Epoch 1 Batch 14 | Loss: 0.463349
Epoch 1 Batch 15 | Loss: 0.469222
Epoch 1 Batch 16 | Loss: 0.477283
Epoch 1 Batch 17 | Loss: 0.476979
Epoch 1 Batch 18 | Loss: 0.437614
Epoch 1 Batch 19 | Loss: 0.457267
Epoch 1 Batch 20 | Loss: 0.448652
Epoch 1 Batch 21 | Loss: 0.414787
Epoch 1 Batch 22 | Loss: 0.429321
Epoch 1 Batch 23 | Loss: 0.437370
Epoch 1 Batch 24 | Loss: 0.438370
Epoch 1 Batch 25 | Loss: 0.436271
  [STABILITY] Test accuracy improved: 0.00% -> 84.84% (via EMA). Saving best params.
--- Epoch 1/30 | Loss: 0.5063 | Train Acc: 76.5% | Test Acc: 84.8% | CM: [TP:163, TN:128, FP:43, FN:9] | Progress: 3.3% | ETA: 535.3s ---
Epoch 2 Batch 1 | Loss: 0.435518 | Stats: min: -0.424, max: 0.380, mean: -0.028
Epoch 2 Batch 2 | Loss: 0.400971
Epoch 2 Batch 3 | Loss: 0.404457
Epoch 2 Batch 4 | Loss: 0.396771
Epoch 2 Batch 5 | Loss: 0.435088
Epoch 2 Batch 6 | Loss: 0.401372
Epoch 2 Batch 7 | Loss: 0.407238
Epoch 2 Batch 8 | Loss: 0.393544
Epoch 2 Batch 9 | Loss: 0.395654
Epoch 2 Batch 10 | Loss: 0.366668
Epoch 2 Batch 11 | Loss: 0.390496
Epoch 2 Batch 12 | Loss: 0.383113
Epoch 2 Batch 13 | Loss: 0.364044
Epoch 2 Batch 14 | Loss: 0.373277
Epoch 2 Batch 15 | Loss: 0.394472
Epoch 2 Batch 16 | Loss: 0.380849
Epoch 2 Batch 17 | Loss: 0.368507
Epoch 2 Batch 18 | Loss: 0.370329
Epoch 2 Batch 19 | Loss: 0.382977
Epoch 2 Batch 20 | Loss: 0.388603
Epoch 2 Batch 21 | Loss: 0.356194
Epoch 2 Batch 22 | Loss: 0.367403
Epoch 2 Batch 23 | Loss: 0.356830
Epoch 2 Batch 24 | Loss: 0.358193
Epoch 2 Batch 25 | Loss: 0.380404
  [STABILITY] Test accuracy improved: 84.84% -> 96.79% (via EMA). Saving best params.
--- Epoch 2/30 | Loss: 0.3861 | Train Acc: 94.5% | Test Acc: 96.8% | CM: [TP:171, TN:161, FP:10, FN:1] | Progress: 6.7% | ETA: 300.6s ---
Epoch 3 Batch 1 | Loss: 0.342318 | Stats: min: -0.554, max: -0.396, mean: -0.475
Epoch 3 Batch 2 | Loss: 0.359761
Epoch 3 Batch 3 | Loss: 0.350376
Epoch 3 Batch 4 | Loss: 0.392552
Epoch 3 Batch 5 | Loss: 0.345980
Epoch 3 Batch 6 | Loss: 0.348884
Epoch 3 Batch 7 | Loss: 0.373215
Epoch 3 Batch 8 | Loss: 0.364128
Epoch 3 Batch 9 | Loss: 0.345889
Epoch 3 Batch 10 | Loss: 0.351202
Epoch 3 Batch 11 | Loss: 0.358009
Epoch 3 Batch 12 | Loss: 0.375143
Epoch 3 Batch 13 | Loss: 0.327960
Epoch 3 Batch 14 | Loss: 0.340728
Epoch 3 Batch 15 | Loss: 0.344315
Epoch 3 Batch 16 | Loss: 0.353888
Epoch 3 Batch 17 | Loss: 0.342927
Epoch 3 Batch 18 | Loss: 0.375314
Epoch 3 Batch 19 | Loss: 0.342748
Epoch 3 Batch 20 | Loss: 0.361926
Epoch 3 Batch 21 | Loss: 0.344032
Epoch 3 Batch 22 | Loss: 0.326243
Epoch 3 Batch 23 | Loss: 0.341747
Epoch 3 Batch 24 | Loss: 0.314330
Epoch 3 Batch 25 | Loss: 0.345559
  [STABILITY] Test accuracy improved: 96.79% -> 99.42% (via EMA). Saving best params.
--- Epoch 3/30 | Loss: 0.3508 | Train Acc: 98.0% | Test Acc: 99.4% | CM: [TP:172, TN:169, FP:2, FN:0] | Progress: 10.0% | ETA: 169.9s ---
Epoch 4 Batch 1 | Loss: 0.330620 | Stats: min: -0.541, max: 0.517, mean: 0.060
Epoch 4 Batch 2 | Loss: 0.341908
Epoch 4 Batch 3 | Loss: 0.337394
Epoch 4 Batch 4 | Loss: 0.339429
Epoch 4 Batch 5 | Loss: 0.335897
Epoch 4 Batch 6 | Loss: 0.370316
Epoch 4 Batch 7 | Loss: 0.331987
Epoch 4 Batch 8 | Loss: 0.326570
Epoch 4 Batch 9 | Loss: 0.361597
Epoch 4 Batch 10 | Loss: 0.306512
Epoch 4 Batch 11 | Loss: 0.341049
Epoch 4 Batch 12 | Loss: 0.334132
Epoch 4 Batch 13 | Loss: 0.357448
Epoch 4 Batch 14 | Loss: 0.361369
Epoch 4 Batch 15 | Loss: 0.307683
Epoch 4 Batch 16 | Loss: 0.323019
Epoch 4 Batch 17 | Loss: 0.294808
Epoch 4 Batch 18 | Loss: 0.324443
Epoch 4 Batch 19 | Loss: 0.310089
Epoch 4 Batch 20 | Loss: 0.334660
Epoch 4 Batch 21 | Loss: 0.331167
Epoch 4 Batch 22 | Loss: 0.292285
Epoch 4 Batch 23 | Loss: 0.327970
Epoch 4 Batch 24 | Loss: 0.333311
Epoch 4 Batch 25 | Loss: 0.308851
  [STABILITY] Test accuracy improved: 99.42% -> 99.71% (via EMA). Saving best params.
--- Epoch 4/30 | Loss: 0.3306 | Train Acc: 97.5% | Test Acc: 99.7% | CM: [TP:172, TN:170, FP:1, FN:0] | Progress: 13.3% | ETA: 126.4s ---
Epoch 5 Batch 1 | Loss: 0.327217 | Stats: min: -0.512, max: 0.550, mean: 0.213
Epoch 5 Batch 2 | Loss: 0.343572
Epoch 5 Batch 3 | Loss: 0.317272
Epoch 5 Batch 4 | Loss: 0.334407
Epoch 5 Batch 5 | Loss: 0.331430
Epoch 5 Batch 6 | Loss: 0.340504
Epoch 5 Batch 7 | Loss: 0.322175
Epoch 5 Batch 8 | Loss: 0.326601
Epoch 5 Batch 9 | Loss: 0.285736
Epoch 5 Batch 10 | Loss: 0.304546
Epoch 5 Batch 11 | Loss: 0.324110
Epoch 5 Batch 12 | Loss: 0.327453
Epoch 5 Batch 13 | Loss: 0.355509
Epoch 5 Batch 14 | Loss: 0.333548
Epoch 5 Batch 15 | Loss: 0.317597
Epoch 5 Batch 16 | Loss: 0.332971
Epoch 5 Batch 17 | Loss: 0.317636
Epoch 5 Batch 18 | Loss: 0.307996
Epoch 5 Batch 19 | Loss: 0.307479
Epoch 5 Batch 20 | Loss: 0.301569
Epoch 5 Batch 21 | Loss: 0.315856
Epoch 5 Batch 22 | Loss: 0.322695
Epoch 5 Batch 23 | Loss: 0.335752
Epoch 5 Batch 24 | Loss: 0.299400
Epoch 5 Batch 25 | Loss: 0.322039
--- Epoch 5/30 | Loss: 0.3222 | Train Acc: 98.0% | Test Acc: 99.7% | CM: [TP:172, TN:170, FP:1, FN:0] | Progress: 16.7% | ETA: 90.9s ---
Epoch 6 Batch 1 | Loss: 0.328639 | Stats: min: -0.428, max: 0.482, mean: 0.132
Epoch 6 Batch 2 | Loss: 0.303088
Epoch 6 Batch 3 | Loss: 0.324062
Epoch 6 Batch 4 | Loss: 0.355002
Epoch 6 Batch 5 | Loss: 0.319708
Epoch 6 Batch 6 | Loss: 0.310856
Epoch 6 Batch 7 | Loss: 0.332585
Epoch 6 Batch 8 | Loss: 0.310310
Epoch 6 Batch 9 | Loss: 0.310412
Epoch 6 Batch 10 | Loss: 0.340839
Epoch 6 Batch 11 | Loss: 0.304152
Epoch 6 Batch 12 | Loss: 0.341485
Epoch 6 Batch 13 | Loss: 0.311060
Epoch 6 Batch 14 | Loss: 0.315540
Epoch 6 Batch 15 | Loss: 0.308559
Epoch 6 Batch 16 | Loss: 0.301816
Epoch 6 Batch 17 | Loss: 0.317268
Epoch 6 Batch 18 | Loss: 0.288890
Epoch 6 Batch 19 | Loss: 0.302544
Epoch 6 Batch 20 | Loss: 0.296703
Epoch 6 Batch 21 | Loss: 0.315725
Epoch 6 Batch 22 | Loss: 0.309997
Epoch 6 Batch 23 | Loss: 0.334583
Epoch 6 Batch 24 | Loss: 0.332250
Epoch 6 Batch 25 | Loss: 0.292740
--- Epoch 6/30 | Loss: 0.3164 | Train Acc: 98.5% | Test Acc: 99.7% | CM: [TP:172, TN:170, FP:1, FN:0] | Progress: 20.0% | ETA: 72.4s ---
Epoch 7 Batch 1 | Loss: 0.300064 | Stats: min: -0.617, max: 0.533, mean: -0.357
Epoch 7 Batch 2 | Loss: 0.311667
Epoch 7 Batch 3 | Loss: 0.289705
Epoch 7 Batch 4 | Loss: 0.301108
Epoch 7 Batch 5 | Loss: 0.313203
Epoch 7 Batch 6 | Loss: 0.337623
Epoch 7 Batch 7 | Loss: 0.314168
Epoch 7 Batch 8 | Loss: 0.310778
Epoch 7 Batch 9 | Loss: 0.333611
Epoch 7 Batch 10 | Loss: 0.322398
Epoch 7 Batch 11 | Loss: 0.299202
Epoch 7 Batch 12 | Loss: 0.325295
Epoch 7 Batch 13 | Loss: 0.310920
Epoch 7 Batch 14 | Loss: 0.337944
Epoch 7 Batch 15 | Loss: 0.285400
Epoch 7 Batch 16 | Loss: 0.318886
Epoch 7 Batch 17 | Loss: 0.314643
Epoch 7 Batch 18 | Loss: 0.297275
Epoch 7 Batch 19 | Loss: 0.331145
Epoch 7 Batch 20 | Loss: 0.292747
Epoch 7 Batch 21 | Loss: 0.326229
Epoch 7 Batch 22 | Loss: 0.293898
Epoch 7 Batch 23 | Loss: 0.300113
Epoch 7 Batch 24 | Loss: 0.294029
Epoch 7 Batch 25 | Loss: 0.302059
  [STABILITY] Plateau detected. Reducing Learning Rate to 0.010000
--- Epoch 7/30 | Loss: 0.3106 | Train Acc: 98.5% | Test Acc: 99.7% | CM: [TP:172, TN:170, FP:1, FN:0] | Progress: 23.3% | ETA: 57.0s ---
Epoch 8 Batch 1 | Loss: 0.325849 | Stats: min: -0.555, max: 0.512, mean: 0.033
Epoch 8 Batch 2 | Loss: 0.312645
Epoch 8 Batch 3 | Loss: 0.314258
Epoch 8 Batch 4 | Loss: 0.324529
Epoch 8 Batch 5 | Loss: 0.321857
Epoch 8 Batch 6 | Loss: 0.321337
Epoch 8 Batch 7 | Loss: 0.298501
Epoch 8 Batch 8 | Loss: 0.298848
Epoch 8 Batch 9 | Loss: 0.302979
Epoch 8 Batch 10 | Loss: 0.293773
Epoch 8 Batch 11 | Loss: 0.323077
Epoch 8 Batch 12 | Loss: 0.304651
Epoch 8 Batch 13 | Loss: 0.309497
Epoch 8 Batch 14 | Loss: 0.303081
Epoch 8 Batch 15 | Loss: 0.292875
Epoch 8 Batch 16 | Loss: 0.289522
Epoch 8 Batch 17 | Loss: 0.296885
Epoch 8 Batch 18 | Loss: 0.301974
Epoch 8 Batch 19 | Loss: 0.315264
Epoch 8 Batch 20 | Loss: 0.300601
Epoch 8 Batch 21 | Loss: 0.295068
Epoch 8 Batch 22 | Loss: 0.273367
Epoch 8 Batch 23 | Loss: 0.331694
Epoch 8 Batch 24 | Loss: 0.294598
Epoch 8 Batch 25 | Loss: 0.284490
--- Epoch 8/30 | Loss: 0.3052 | Train Acc: 99.0% | Test Acc: 99.7% | CM: [TP:172, TN:170, FP:1, FN:0] | Progress: 26.7% | ETA: 60.0s ---
Epoch 9 Batch 1 | Loss: 0.314501 | Stats: min: -0.584, max: 0.552, mean: -0.170
Epoch 9 Batch 2 | Loss: 0.279398
Epoch 9 Batch 3 | Loss: 0.331611
Epoch 9 Batch 4 | Loss: 0.316343
Epoch 9 Batch 5 | Loss: 0.294191
Epoch 9 Batch 6 | Loss: 0.307547
Epoch 9 Batch 7 | Loss: 0.292948
Epoch 9 Batch 8 | Loss: 0.283270
Epoch 9 Batch 9 | Loss: 0.309151
Epoch 9 Batch 10 | Loss: 0.297177
Epoch 9 Batch 11 | Loss: 0.306212
Epoch 9 Batch 12 | Loss: 0.291462
Epoch 9 Batch 13 | Loss: 0.291182
Epoch 9 Batch 14 | Loss: 0.295855
Epoch 9 Batch 15 | Loss: 0.324121
Epoch 9 Batch 16 | Loss: 0.302374
Epoch 9 Batch 17 | Loss: 0.276361
Epoch 9 Batch 18 | Loss: 0.311597
Epoch 9 Batch 19 | Loss: 0.327562
Epoch 9 Batch 20 | Loss: 0.300841
Epoch 9 Batch 21 | Loss: 0.280695
Epoch 9 Batch 22 | Loss: 0.316494
Epoch 9 Batch 23 | Loss: 0.281370
Epoch 9 Batch 24 | Loss: 0.321047
Epoch 9 Batch 25 | Loss: 0.280171
--- Epoch 9/30 | Loss: 0.3013 | Train Acc: 99.5% | Test Acc: 99.7% | CM: [TP:172, TN:170, FP:1, FN:0] | Progress: 30.0% | ETA: 42.1s ---
Epoch 10 Batch 1 | Loss: 0.308291 | Stats: min: -0.531, max: 0.593, mean: -0.229
Epoch 10 Batch 2 | Loss: 0.273961
Epoch 10 Batch 3 | Loss: 0.266934
Epoch 10 Batch 4 | Loss: 0.285120
Epoch 10 Batch 5 | Loss: 0.287882
Epoch 10 Batch 6 | Loss: 0.320367
Epoch 10 Batch 7 | Loss: 0.274781
Epoch 10 Batch 8 | Loss: 0.310599
Epoch 10 Batch 9 | Loss: 0.336481
Epoch 10 Batch 10 | Loss: 0.313878
Epoch 10 Batch 11 | Loss: 0.295801
Epoch 10 Batch 12 | Loss: 0.298026
Epoch 10 Batch 13 | Loss: 0.319111
Epoch 10 Batch 14 | Loss: 0.265434
Epoch 10 Batch 15 | Loss: 0.312694
Epoch 10 Batch 16 | Loss: 0.299604
Epoch 10 Batch 17 | Loss: 0.291472
Epoch 10 Batch 18 | Loss: 0.290190
Epoch 10 Batch 19 | Loss: 0.284381
Epoch 10 Batch 20 | Loss: 0.265573
Epoch 10 Batch 21 | Loss: 0.281548
Epoch 10 Batch 22 | Loss: 0.286157
Epoch 10 Batch 23 | Loss: 0.351540
Epoch 10 Batch 24 | Loss: 0.302498
Epoch 10 Batch 25 | Loss: 0.286293
  [STABILITY] Plateau detected. Reducing Learning Rate to 0.005000
--- Epoch 10/30 | Loss: 0.2963 | Train Acc: 99.5% | Test Acc: 99.7% | CM: [TP:172, TN:170, FP:1, FN:0] | Progress: 33.3% | ETA: 44.1s ---
Epoch 11 Batch 1 | Loss: 0.278303 | Stats: min: -0.576, max: 0.555, mean: -0.319
Epoch 11 Batch 2 | Loss: 0.270560
Epoch 11 Batch 3 | Loss: 0.288040
Epoch 11 Batch 4 | Loss: 0.278041
Epoch 11 Batch 5 | Loss: 0.278759
Epoch 11 Batch 6 | Loss: 0.305909
Epoch 11 Batch 7 | Loss: 0.302279
Epoch 11 Batch 8 | Loss: 0.291420
Epoch 11 Batch 9 | Loss: 0.281023
Epoch 11 Batch 10 | Loss: 0.332399
Epoch 11 Batch 11 | Loss: 0.280238
Epoch 11 Batch 12 | Loss: 0.319118
Epoch 11 Batch 13 | Loss: 0.328802
Epoch 11 Batch 14 | Loss: 0.304112
Epoch 11 Batch 15 | Loss: 0.293079
Epoch 11 Batch 16 | Loss: 0.289627
Epoch 11 Batch 17 | Loss: 0.282604
Epoch 11 Batch 18 | Loss: 0.307969
Epoch 11 Batch 19 | Loss: 0.262074
Epoch 11 Batch 20 | Loss: 0.298061
Epoch 11 Batch 21 | Loss: 0.284769
Epoch 11 Batch 22 | Loss: 0.286483
Epoch 11 Batch 23 | Loss: 0.279706
Epoch 11 Batch 24 | Loss: 0.292119
Epoch 11 Batch 25 | Loss: 0.295746
--- Epoch 11/30 | Loss: 0.2924 | Train Acc: 99.5% | Test Acc: 99.7% | CM: [TP:172, TN:170, FP:1, FN:0] | Progress: 36.7% | ETA: 31.5s ---
Epoch 12 Batch 1 | Loss: 0.301825 | Stats: min: -0.638, max: 0.478, mean: -0.346
Epoch 12 Batch 2 | Loss: 0.277726
Epoch 12 Batch 3 | Loss: 0.313970
Epoch 12 Batch 4 | Loss: 0.273540
Epoch 12 Batch 5 | Loss: 0.341537
Epoch 12 Batch 6 | Loss: 0.289381
Epoch 12 Batch 7 | Loss: 0.287116
Epoch 12 Batch 8 | Loss: 0.282374
Epoch 12 Batch 9 | Loss: 0.284014
Epoch 12 Batch 10 | Loss: 0.295193
Epoch 12 Batch 11 | Loss: 0.271040
Epoch 12 Batch 12 | Loss: 0.258175
Epoch 12 Batch 13 | Loss: 0.279691
Epoch 12 Batch 14 | Loss: 0.301254
Epoch 12 Batch 15 | Loss: 0.271360
Epoch 12 Batch 16 | Loss: 0.282054
Epoch 12 Batch 17 | Loss: 0.307058
Epoch 12 Batch 18 | Loss: 0.266553
Epoch 12 Batch 19 | Loss: 0.268364
Epoch 12 Batch 20 | Loss: 0.311160
Epoch 12 Batch 21 | Loss: 0.284101
Epoch 12 Batch 22 | Loss: 0.279617
Epoch 12 Batch 23 | Loss: 0.309235
Epoch 12 Batch 24 | Loss: 0.320026
Epoch 12 Batch 25 | Loss: 0.321992
--- Epoch 12/30 | Loss: 0.2911 | Train Acc: 99.5% | Test Acc: 99.7% | CM: [TP:172, TN:170, FP:1, FN:0] | Progress: 40.0% | ETA: 38.6s ---
Epoch 13 Batch 1 | Loss: 0.286026 | Stats: min: -0.663, max: 0.592, mean: 0.079
Epoch 13 Batch 2 | Loss: 0.275118
Epoch 13 Batch 3 | Loss: 0.276859
Epoch 13 Batch 4 | Loss: 0.291813
Epoch 13 Batch 5 | Loss: 0.293158
Epoch 13 Batch 6 | Loss: 0.276640
Epoch 13 Batch 7 | Loss: 0.246914
Epoch 13 Batch 8 | Loss: 0.296113
Epoch 13 Batch 9 | Loss: 0.282830
Epoch 13 Batch 10 | Loss: 0.271700
Epoch 13 Batch 11 | Loss: 0.274341
Epoch 13 Batch 12 | Loss: 0.261318
Epoch 13 Batch 13 | Loss: 0.256128
Epoch 13 Batch 14 | Loss: 0.340272
Epoch 13 Batch 15 | Loss: 0.290940
Epoch 13 Batch 16 | Loss: 0.279232
Epoch 13 Batch 17 | Loss: 0.303314
Epoch 13 Batch 18 | Loss: 0.345047
Epoch 13 Batch 19 | Loss: 0.301872
Epoch 13 Batch 20 | Loss: 0.319193
Epoch 13 Batch 21 | Loss: 0.303189
Epoch 13 Batch 22 | Loss: 0.304758
Epoch 13 Batch 23 | Loss: 0.290332
Epoch 13 Batch 24 | Loss: 0.309726
Epoch 13 Batch 25 | Loss: 0.280504
  [STABILITY] Plateau detected. Reducing Learning Rate to 0.002500
--- Epoch 13/30 | Loss: 0.2903 | Train Acc: 99.5% | Test Acc: 99.7% | CM: [TP:172, TN:170, FP:1, FN:0] | Progress: 43.3% | ETA: 30.3s ---
Epoch 14 Batch 1 | Loss: 0.270404 | Stats: min: -0.571, max: 0.644, mean: 0.089
Epoch 14 Batch 2 | Loss: 0.270668
Epoch 14 Batch 3 | Loss: 0.322053
Epoch 14 Batch 4 | Loss: 0.288355
Epoch 14 Batch 5 | Loss: 0.281988
Epoch 14 Batch 6 | Loss: 0.300294
Epoch 14 Batch 7 | Loss: 0.291099
Epoch 14 Batch 8 | Loss: 0.283885
Epoch 14 Batch 9 | Loss: 0.288329
Epoch 14 Batch 10 | Loss: 0.290387
Epoch 14 Batch 11 | Loss: 0.301049
Epoch 14 Batch 12 | Loss: 0.249950
Epoch 14 Batch 13 | Loss: 0.288259
Epoch 14 Batch 14 | Loss: 0.315028
Epoch 14 Batch 15 | Loss: 0.304832
Epoch 14 Batch 16 | Loss: 0.322568
Epoch 14 Batch 17 | Loss: 0.285426
Epoch 14 Batch 18 | Loss: 0.326791
Epoch 14 Batch 19 | Loss: 0.274256
Epoch 14 Batch 20 | Loss: 0.263017
Epoch 14 Batch 21 | Loss: 0.285579
Epoch 14 Batch 22 | Loss: 0.269909
Epoch 14 Batch 23 | Loss: 0.290174
Epoch 14 Batch 24 | Loss: 0.268684
Epoch 14 Batch 25 | Loss: 0.286587
--- Epoch 14/30 | Loss: 0.2888 | Train Acc: 99.5% | Test Acc: 99.7% | CM: [TP:172, TN:170, FP:1, FN:0] | Progress: 46.7% | ETA: 21.2s ---
Epoch 15 Batch 1 | Loss: 0.303514 | Stats: min: -0.578, max: 0.378, mean: -0.015
Epoch 15 Batch 2 | Loss: 0.298890
Epoch 15 Batch 3 | Loss: 0.297825
Epoch 15 Batch 4 | Loss: 0.276955
Epoch 15 Batch 5 | Loss: 0.287778
Epoch 15 Batch 6 | Loss: 0.280573
Epoch 15 Batch 7 | Loss: 0.266670
Epoch 15 Batch 8 | Loss: 0.279851
Epoch 15 Batch 9 | Loss: 0.271476
Epoch 15 Batch 10 | Loss: 0.316444
Epoch 15 Batch 11 | Loss: 0.271721
Epoch 15 Batch 12 | Loss: 0.294050
Epoch 15 Batch 13 | Loss: 0.265145
Epoch 15 Batch 14 | Loss: 0.310464
Epoch 15 Batch 15 | Loss: 0.283133
Epoch 15 Batch 16 | Loss: 0.301345
Epoch 15 Batch 17 | Loss: 0.318520
Epoch 15 Batch 18 | Loss: 0.285592
Epoch 15 Batch 19 | Loss: 0.288762
Epoch 15 Batch 20 | Loss: 0.267538
Epoch 15 Batch 21 | Loss: 0.276405
Epoch 15 Batch 22 | Loss: 0.281647
Epoch 15 Batch 23 | Loss: 0.297396
Epoch 15 Batch 24 | Loss: 0.308583
Epoch 15 Batch 25 | Loss: 0.273364
--- Epoch 15/30 | Loss: 0.2881 | Train Acc: 99.5% | Test Acc: 99.7% | CM: [TP:172, TN:170, FP:1, FN:0] | Progress: 50.0% | ETA: 18.3s ---
Epoch 16 Batch 1 | Loss: 0.296718 | Stats: min: -0.616, max: 0.582, mean: -0.040
Epoch 16 Batch 2 | Loss: 0.277574
Epoch 16 Batch 3 | Loss: 0.284150
Epoch 16 Batch 4 | Loss: 0.295862
Epoch 16 Batch 5 | Loss: 0.293994
Epoch 16 Batch 6 | Loss: 0.255866
Epoch 16 Batch 7 | Loss: 0.270537
Epoch 16 Batch 8 | Loss: 0.272825
Epoch 16 Batch 9 | Loss: 0.284871
Epoch 16 Batch 10 | Loss: 0.307384
Epoch 16 Batch 11 | Loss: 0.309013
Epoch 16 Batch 12 | Loss: 0.275168
Epoch 16 Batch 13 | Loss: 0.332779
Epoch 16 Batch 14 | Loss: 0.286195
Epoch 16 Batch 15 | Loss: 0.310311
Epoch 16 Batch 16 | Loss: 0.249301
Epoch 16 Batch 17 | Loss: 0.307595
Epoch 16 Batch 18 | Loss: 0.288776
Epoch 16 Batch 19 | Loss: 0.284610
Epoch 16 Batch 20 | Loss: 0.292629
Epoch 16 Batch 21 | Loss: 0.269923
Epoch 16 Batch 22 | Loss: 0.271804
Epoch 16 Batch 23 | Loss: 0.290179
Epoch 16 Batch 24 | Loss: 0.292995
Epoch 16 Batch 25 | Loss: 0.294126
  [STABILITY] Plateau detected. Reducing Learning Rate to 0.001250
--- Epoch 16/30 | Loss: 0.2878 | Train Acc: 99.5% | Test Acc: 99.7% | CM: [TP:172, TN:170, FP:1, FN:0] | Progress: 53.3% | ETA: 16.0s ---
Epoch 17 Batch 1 | Loss: 0.285930 | Stats: min: -0.610, max: 0.614, mean: -0.123
Epoch 17 Batch 2 | Loss: 0.270193
Epoch 17 Batch 3 | Loss: 0.290757
Epoch 17 Batch 4 | Loss: 0.299530
Epoch 17 Batch 5 | Loss: 0.279034
Epoch 17 Batch 6 | Loss: 0.265138
Epoch 17 Batch 7 | Loss: 0.328288
Epoch 17 Batch 8 | Loss: 0.317394
Epoch 17 Batch 9 | Loss: 0.268551
Epoch 17 Batch 10 | Loss: 0.282202
Epoch 17 Batch 11 | Loss: 0.295928
Epoch 17 Batch 12 | Loss: 0.304029
Epoch 17 Batch 13 | Loss: 0.248751
Epoch 17 Batch 14 | Loss: 0.285181
Epoch 17 Batch 15 | Loss: 0.269018
Epoch 17 Batch 16 | Loss: 0.322222
Epoch 17 Batch 17 | Loss: 0.288326
Epoch 17 Batch 18 | Loss: 0.282909
Epoch 17 Batch 19 | Loss: 0.284284
Epoch 17 Batch 20 | Loss: 0.289616
Epoch 17 Batch 21 | Loss: 0.261449
Epoch 17 Batch 22 | Loss: 0.296692
Epoch 17 Batch 23 | Loss: 0.332659
Epoch 17 Batch 24 | Loss: 0.271448
Epoch 17 Batch 25 | Loss: 0.270294
--- Epoch 17/30 | Loss: 0.2876 | Train Acc: 99.5% | Test Acc: 99.7% | CM: [TP:172, TN:170, FP:1, FN:0] | Progress: 56.7% | ETA: 13.3s ---
Epoch 18 Batch 1 | Loss: 0.289143 | Stats: min: -0.474, max: 0.644, mean: 0.199
Epoch 18 Batch 2 | Loss: 0.291208
Epoch 18 Batch 3 | Loss: 0.270617
Epoch 18 Batch 4 | Loss: 0.258162
Epoch 18 Batch 5 | Loss: 0.280033
Epoch 18 Batch 6 | Loss: 0.331285
Epoch 18 Batch 7 | Loss: 0.265589
Epoch 18 Batch 8 | Loss: 0.305970
Epoch 18 Batch 9 | Loss: 0.310557
Epoch 18 Batch 10 | Loss: 0.287736
Epoch 18 Batch 11 | Loss: 0.267498
Epoch 18 Batch 12 | Loss: 0.300300
Epoch 18 Batch 13 | Loss: 0.297849
Epoch 18 Batch 14 | Loss: 0.355972
Epoch 18 Batch 15 | Loss: 0.291358
Epoch 18 Batch 16 | Loss: 0.302589
Epoch 18 Batch 17 | Loss: 0.271658
Epoch 18 Batch 18 | Loss: 0.267472
Epoch 18 Batch 19 | Loss: 0.279668
Epoch 18 Batch 20 | Loss: 0.282700
Epoch 18 Batch 21 | Loss: 0.259702
Epoch 18 Batch 22 | Loss: 0.273630
Epoch 18 Batch 23 | Loss: 0.275918
Epoch 18 Batch 24 | Loss: 0.291923
Epoch 18 Batch 25 | Loss: 0.268661
--- Epoch 18/30 | Loss: 0.2871 | Train Acc: 99.5% | Test Acc: 99.7% | CM: [TP:172, TN:170, FP:1, FN:0] | Progress: 60.0% | ETA: 12.2s ---
Epoch 19 Batch 1 | Loss: 0.303239 | Stats: min: -0.584, max: 0.403, mean: -0.336
Epoch 19 Batch 2 | Loss: 0.321336
Epoch 19 Batch 3 | Loss: 0.246980
Epoch 19 Batch 4 | Loss: 0.319385
Epoch 19 Batch 5 | Loss: 0.284045
Epoch 19 Batch 6 | Loss: 0.257696
Epoch 19 Batch 7 | Loss: 0.285029
Epoch 19 Batch 8 | Loss: 0.285847
Epoch 19 Batch 9 | Loss: 0.265489
Epoch 19 Batch 10 | Loss: 0.290532
Epoch 19 Batch 11 | Loss: 0.298075
Epoch 19 Batch 12 | Loss: 0.266207
Epoch 19 Batch 13 | Loss: 0.275535
Epoch 19 Batch 14 | Loss: 0.295156
Epoch 19 Batch 15 | Loss: 0.273000
Epoch 19 Batch 16 | Loss: 0.269819
Epoch 19 Batch 17 | Loss: 0.296638
Epoch 19 Batch 18 | Loss: 0.318604
Epoch 19 Batch 19 | Loss: 0.289908
Epoch 19 Batch 20 | Loss: 0.270398
Epoch 19 Batch 21 | Loss: 0.266809
Epoch 19 Batch 22 | Loss: 0.295191
Epoch 19 Batch 23 | Loss: 0.299073
Epoch 19 Batch 24 | Loss: 0.292532
Epoch 19 Batch 25 | Loss: 0.309639
  [STABILITY] Plateau detected. Reducing Learning Rate to 0.000625
--- Epoch 19/30 | Loss: 0.2870 | Train Acc: 99.5% | Test Acc: 99.7% | CM: [TP:172, TN:170, FP:1, FN:0] | Progress: 63.3% | ETA: 11.2s ---
Epoch 20 Batch 1 | Loss: 0.285948 | Stats: min: -0.580, max: 0.346, mean: -0.102
Epoch 20 Batch 2 | Loss: 0.285805
Epoch 20 Batch 3 | Loss: 0.288362
Epoch 20 Batch 4 | Loss: 0.289631
Epoch 20 Batch 5 | Loss: 0.260536
Epoch 20 Batch 6 | Loss: 0.327993
Epoch 20 Batch 7 | Loss: 0.258695
Epoch 20 Batch 8 | Loss: 0.303095
Epoch 20 Batch 9 | Loss: 0.268108
Epoch 20 Batch 10 | Loss: 0.329788
Epoch 20 Batch 11 | Loss: 0.276481
Epoch 20 Batch 12 | Loss: 0.298858
Epoch 20 Batch 13 | Loss: 0.283498
Epoch 20 Batch 14 | Loss: 0.289321
Epoch 20 Batch 15 | Loss: 0.297471
Epoch 20 Batch 16 | Loss: 0.290299
Epoch 20 Batch 17 | Loss: 0.298102
Epoch 20 Batch 18 | Loss: 0.305742
Epoch 20 Batch 19 | Loss: 0.283912
Epoch 20 Batch 20 | Loss: 0.278122
Epoch 20 Batch 21 | Loss: 0.281402
Epoch 20 Batch 22 | Loss: 0.254487
Epoch 20 Batch 23 | Loss: 0.277835
Epoch 20 Batch 24 | Loss: 0.287623
Epoch 20 Batch 25 | Loss: 0.270731
--- Epoch 20/30 | Loss: 0.2869 | Train Acc: 99.5% | Test Acc: 99.7% | CM: [TP:172, TN:170, FP:1, FN:0] | Progress: 66.7% | ETA: 9.0s ---
Epoch 21 Batch 1 | Loss: 0.298466 | Stats: min: -0.536, max: 0.541, mean: 0.255
Epoch 21 Batch 2 | Loss: 0.283638
Epoch 21 Batch 3 | Loss: 0.314517
Epoch 21 Batch 4 | Loss: 0.279931
Epoch 21 Batch 5 | Loss: 0.291498
Epoch 21 Batch 6 | Loss: 0.307661
Epoch 21 Batch 7 | Loss: 0.298082
Epoch 21 Batch 8 | Loss: 0.293153
Epoch 21 Batch 9 | Loss: 0.262981
Epoch 21 Batch 10 | Loss: 0.257235
Epoch 21 Batch 11 | Loss: 0.270210
Epoch 21 Batch 12 | Loss: 0.292177
Epoch 21 Batch 13 | Loss: 0.283539
Epoch 21 Batch 14 | Loss: 0.293823
Epoch 21 Batch 15 | Loss: 0.290032
Epoch 21 Batch 16 | Loss: 0.278228
Epoch 21 Batch 17 | Loss: 0.271769
Epoch 21 Batch 18 | Loss: 0.280758
Epoch 21 Batch 19 | Loss: 0.329918
Epoch 21 Batch 20 | Loss: 0.287396
Epoch 21 Batch 21 | Loss: 0.285504
Epoch 21 Batch 22 | Loss: 0.272512
Epoch 21 Batch 23 | Loss: 0.280781
Epoch 21 Batch 24 | Loss: 0.281088
Epoch 21 Batch 25 | Loss: 0.285255
--- Epoch 21/30 | Loss: 0.2868 | Train Acc: 99.5% | Test Acc: 99.7% | CM: [TP:172, TN:170, FP:1, FN:0] | Progress: 70.0% | ETA: 8.4s ---
Epoch 22 Batch 1 | Loss: 0.297777 | Stats: min: 0.196, max: 0.663, mean: 0.448
Epoch 22 Batch 2 | Loss: 0.302011
Epoch 22 Batch 3 | Loss: 0.282397
Epoch 22 Batch 4 | Loss: 0.299616
Epoch 22 Batch 5 | Loss: 0.272248
Epoch 22 Batch 6 | Loss: 0.289711
Epoch 22 Batch 7 | Loss: 0.262326
Epoch 22 Batch 8 | Loss: 0.301620
Epoch 22 Batch 9 | Loss: 0.260528
Epoch 22 Batch 10 | Loss: 0.284450
Epoch 22 Batch 11 | Loss: 0.275722
Epoch 22 Batch 12 | Loss: 0.274103
Epoch 22 Batch 13 | Loss: 0.274170
Epoch 22 Batch 14 | Loss: 0.291007
Epoch 22 Batch 15 | Loss: 0.274688
Epoch 22 Batch 16 | Loss: 0.331193
Epoch 22 Batch 17 | Loss: 0.309539
Epoch 22 Batch 18 | Loss: 0.314031
Epoch 22 Batch 19 | Loss: 0.271442
Epoch 22 Batch 20 | Loss: 0.263364
Epoch 22 Batch 21 | Loss: 0.289362
Epoch 22 Batch 22 | Loss: 0.268457
Epoch 22 Batch 23 | Loss: 0.281107
Epoch 22 Batch 24 | Loss: 0.313934
Epoch 22 Batch 25 | Loss: 0.282831
  [STABILITY] Plateau detected. Reducing Learning Rate to 0.000313
--- Epoch 22/30 | Loss: 0.2867 | Train Acc: 99.5% | Test Acc: 99.7% | CM: [TP:172, TN:170, FP:1, FN:0] | Progress: 73.3% | ETA: 8.1s ---
Epoch 23 Batch 1 | Loss: 0.295204 | Stats: min: -0.533, max: 0.625, mean: 0.118
Epoch 23 Batch 2 | Loss: 0.278530
Epoch 23 Batch 3 | Loss: 0.264686
Epoch 23 Batch 4 | Loss: 0.297441
Epoch 23 Batch 5 | Loss: 0.294320
Epoch 23 Batch 6 | Loss: 0.294972
Epoch 23 Batch 7 | Loss: 0.291257
Epoch 23 Batch 8 | Loss: 0.289063
Epoch 23 Batch 9 | Loss: 0.271043
Epoch 23 Batch 10 | Loss: 0.277790
Epoch 23 Batch 11 | Loss: 0.305088
Epoch 23 Batch 12 | Loss: 0.267792
Epoch 23 Batch 13 | Loss: 0.290871
Epoch 23 Batch 14 | Loss: 0.260866
Epoch 23 Batch 15 | Loss: 0.320303
Epoch 23 Batch 16 | Loss: 0.285562
Epoch 23 Batch 17 | Loss: 0.323907
Epoch 23 Batch 18 | Loss: 0.266925
Epoch 23 Batch 19 | Loss: 0.306873
Epoch 23 Batch 20 | Loss: 0.269232
Epoch 23 Batch 21 | Loss: 0.271357
Epoch 23 Batch 22 | Loss: 0.280666
Epoch 23 Batch 23 | Loss: 0.285042
Epoch 23 Batch 24 | Loss: 0.314321
Epoch 23 Batch 25 | Loss: 0.262185
--- Epoch 23/30 | Loss: 0.2866 | Train Acc: 99.5% | Test Acc: 99.7% | CM: [TP:172, TN:170, FP:1, FN:0] | Progress: 76.7% | ETA: 5.6s ---
Epoch 24 Batch 1 | Loss: 0.299291 | Stats: min: -0.664, max: 0.538, mean: -0.215
Epoch 24 Batch 2 | Loss: 0.276616
Epoch 24 Batch 3 | Loss: 0.264311
Epoch 24 Batch 4 | Loss: 0.286412
Epoch 24 Batch 5 | Loss: 0.273874
Epoch 24 Batch 6 | Loss: 0.282206
Epoch 24 Batch 7 | Loss: 0.278935
Epoch 24 Batch 8 | Loss: 0.296234
Epoch 24 Batch 9 | Loss: 0.352921
Epoch 24 Batch 10 | Loss: 0.276813
Epoch 24 Batch 11 | Loss: 0.254477
Epoch 24 Batch 12 | Loss: 0.254716
Epoch 24 Batch 13 | Loss: 0.290693
Epoch 24 Batch 14 | Loss: 0.286398
Epoch 24 Batch 15 | Loss: 0.286446
Epoch 24 Batch 16 | Loss: 0.303529
Epoch 24 Batch 17 | Loss: 0.302615
Epoch 24 Batch 18 | Loss: 0.278696
Epoch 24 Batch 19 | Loss: 0.295682
Epoch 24 Batch 20 | Loss: 0.278819
Epoch 24 Batch 21 | Loss: 0.307609
Epoch 24 Batch 22 | Loss: 0.292091
Epoch 24 Batch 23 | Loss: 0.268992
Epoch 24 Batch 24 | Loss: 0.306909
Epoch 24 Batch 25 | Loss: 0.269418
--- Epoch 24/30 | Loss: 0.2866 | Train Acc: 99.5% | Test Acc: 99.7% | CM: [TP:172, TN:170, FP:1, FN:0] | Progress: 80.0% | ETA: 4.3s ---
Epoch 25 Batch 1 | Loss: 0.291487 | Stats: min: -0.701, max: 0.534, mean: -0.390
Epoch 25 Batch 2 | Loss: 0.270121
Epoch 25 Batch 3 | Loss: 0.298340
Epoch 25 Batch 4 | Loss: 0.277525
Epoch 25 Batch 5 | Loss: 0.246402
Epoch 25 Batch 6 | Loss: 0.357281
Epoch 25 Batch 7 | Loss: 0.258269
Epoch 25 Batch 8 | Loss: 0.274554
Epoch 25 Batch 9 | Loss: 0.263904
Epoch 25 Batch 10 | Loss: 0.315876
Epoch 25 Batch 11 | Loss: 0.270847
Epoch 25 Batch 12 | Loss: 0.338624
Epoch 25 Batch 13 | Loss: 0.301151
Epoch 25 Batch 14 | Loss: 0.279418
Epoch 25 Batch 15 | Loss: 0.273258
Epoch 25 Batch 16 | Loss: 0.287702
Epoch 25 Batch 17 | Loss: 0.265256
Epoch 25 Batch 18 | Loss: 0.303364
Epoch 25 Batch 19 | Loss: 0.288510
Epoch 25 Batch 20 | Loss: 0.261654
Epoch 25 Batch 21 | Loss: 0.300781
Epoch 25 Batch 22 | Loss: 0.311434
Epoch 25 Batch 23 | Loss: 0.287895
Epoch 25 Batch 24 | Loss: 0.276304
Epoch 25 Batch 25 | Loss: 0.262681
  [STABILITY] Plateau detected. Reducing Learning Rate to 0.000156
--- Epoch 25/30 | Loss: 0.2865 | Train Acc: 99.5% | Test Acc: 99.7% | CM: [TP:172, TN:170, FP:1, FN:0] | Progress: 83.3% | ETA: 3.5s ---
Epoch 26 Batch 1 | Loss: 0.289115 | Stats: min: -0.700, max: 0.653, mean: 0.104
Epoch 26 Batch 2 | Loss: 0.264105
Epoch 26 Batch 3 | Loss: 0.289336
Epoch 26 Batch 4 | Loss: 0.293776
Epoch 26 Batch 5 | Loss: 0.282762
Epoch 26 Batch 6 | Loss: 0.309268
Epoch 26 Batch 7 | Loss: 0.288472
Epoch 26 Batch 8 | Loss: 0.264874
Epoch 26 Batch 9 | Loss: 0.290399
Epoch 26 Batch 10 | Loss: 0.306174
Epoch 26 Batch 11 | Loss: 0.265616
Epoch 26 Batch 12 | Loss: 0.271394
Epoch 26 Batch 13 | Loss: 0.271771
Epoch 26 Batch 14 | Loss: 0.296121
Epoch 26 Batch 15 | Loss: 0.305491
Epoch 26 Batch 16 | Loss: 0.268671
Epoch 26 Batch 17 | Loss: 0.274334
Epoch 26 Batch 18 | Loss: 0.277417
Epoch 26 Batch 19 | Loss: 0.309082
Epoch 26 Batch 20 | Loss: 0.298249
Epoch 26 Batch 21 | Loss: 0.312150
Epoch 26 Batch 22 | Loss: 0.267693
Epoch 26 Batch 23 | Loss: 0.307488
Epoch 26 Batch 24 | Loss: 0.271157
Epoch 26 Batch 25 | Loss: 0.287899
--- Epoch 26/30 | Loss: 0.2865 | Train Acc: 99.5% | Test Acc: 99.7% | CM: [TP:172, TN:170, FP:1, FN:0] | Progress: 86.7% | ETA: 2.8s ---
Epoch 27 Batch 1 | Loss: 0.315064 | Stats: min: -0.578, max: 0.623, mean: -0.171
Epoch 27 Batch 2 | Loss: 0.276280
Epoch 27 Batch 3 | Loss: 0.298286
Epoch 27 Batch 4 | Loss: 0.289930
Epoch 27 Batch 5 | Loss: 0.296792
Epoch 27 Batch 6 | Loss: 0.288067
Epoch 27 Batch 7 | Loss: 0.279071
Epoch 27 Batch 8 | Loss: 0.289384
Epoch 27 Batch 9 | Loss: 0.265719
Epoch 27 Batch 10 | Loss: 0.277953
Epoch 27 Batch 11 | Loss: 0.300877
Epoch 27 Batch 12 | Loss: 0.291983
Epoch 27 Batch 13 | Loss: 0.279550
Epoch 27 Batch 14 | Loss: 0.285662
Epoch 27 Batch 15 | Loss: 0.270787
Epoch 27 Batch 16 | Loss: 0.296271
Epoch 27 Batch 17 | Loss: 0.271250
Epoch 27 Batch 18 | Loss: 0.272383
Epoch 27 Batch 19 | Loss: 0.302159
Epoch 27 Batch 20 | Loss: 0.290449
Epoch 27 Batch 21 | Loss: 0.285929
Epoch 27 Batch 22 | Loss: 0.304688
Epoch 27 Batch 23 | Loss: 0.283733
Epoch 27 Batch 24 | Loss: 0.253155
Epoch 27 Batch 25 | Loss: 0.297453
--- Epoch 27/30 | Loss: 0.2865 | Train Acc: 99.5% | Test Acc: 99.7% | CM: [TP:172, TN:170, FP:1, FN:0] | Progress: 90.0% | ETA: 2.3s ---
Epoch 28 Batch 1 | Loss: 0.281658 | Stats: min: -0.512, max: 0.622, mean: 0.214
Epoch 28 Batch 2 | Loss: 0.289659
Epoch 28 Batch 3 | Loss: 0.289831
Epoch 28 Batch 4 | Loss: 0.277427
Epoch 28 Batch 5 | Loss: 0.289644
Epoch 28 Batch 6 | Loss: 0.293853
Epoch 28 Batch 7 | Loss: 0.292901
Epoch 28 Batch 8 | Loss: 0.277185
Epoch 28 Batch 9 | Loss: 0.305355
Epoch 28 Batch 10 | Loss: 0.258340
Epoch 28 Batch 11 | Loss: 0.279835
Epoch 28 Batch 12 | Loss: 0.282969
Epoch 28 Batch 13 | Loss: 0.326343
Epoch 28 Batch 14 | Loss: 0.314828
Epoch 28 Batch 15 | Loss: 0.272217
Epoch 28 Batch 16 | Loss: 0.284528
Epoch 28 Batch 17 | Loss: 0.303581
Epoch 28 Batch 18 | Loss: 0.259906
Epoch 28 Batch 19 | Loss: 0.266992
Epoch 28 Batch 20 | Loss: 0.292212
Epoch 28 Batch 21 | Loss: 0.276282
Epoch 28 Batch 22 | Loss: 0.295909
Epoch 28 Batch 23 | Loss: 0.308266
Epoch 28 Batch 24 | Loss: 0.279570
Epoch 28 Batch 25 | Loss: 0.262382
  [STABILITY] Plateau detected. Reducing Learning Rate to 0.000078
--- Epoch 28/30 | Loss: 0.2865 | Train Acc: 99.5% | Test Acc: 99.7% | CM: [TP:172, TN:170, FP:1, FN:0] | Progress: 93.3% | ETA: 1.3s ---
Epoch 29 Batch 1 | Loss: 0.317054 | Stats: min: -0.533, max: 0.533, mean: -0.091
Epoch 29 Batch 2 | Loss: 0.294191
Epoch 29 Batch 3 | Loss: 0.277297
Epoch 29 Batch 4 | Loss: 0.277653
Epoch 29 Batch 5 | Loss: 0.298471
Epoch 29 Batch 6 | Loss: 0.261336
Epoch 29 Batch 7 | Loss: 0.315437
Epoch 29 Batch 8 | Loss: 0.269208
Epoch 29 Batch 9 | Loss: 0.343476
Epoch 29 Batch 10 | Loss: 0.323308
Epoch 29 Batch 11 | Loss: 0.292390
Epoch 29 Batch 12 | Loss: 0.280437
Epoch 29 Batch 13 | Loss: 0.258005
Epoch 29 Batch 14 | Loss: 0.282183
Epoch 29 Batch 15 | Loss: 0.267169
Epoch 29 Batch 16 | Loss: 0.262118
Epoch 29 Batch 17 | Loss: 0.311075
Epoch 29 Batch 18 | Loss: 0.261319
Epoch 29 Batch 19 | Loss: 0.259264
Epoch 29 Batch 20 | Loss: 0.293443
Epoch 29 Batch 21 | Loss: 0.278944
Epoch 29 Batch 22 | Loss: 0.296108
Epoch 29 Batch 23 | Loss: 0.291770
Epoch 29 Batch 24 | Loss: 0.278005
Epoch 29 Batch 25 | Loss: 0.271315
--- Epoch 29/30 | Loss: 0.2864 | Train Acc: 99.5% | Test Acc: 99.7% | CM: [TP:172, TN:170, FP:1, FN:0] | Progress: 96.7% | ETA: 0.7s ---
Epoch 30 Batch 1 | Loss: 0.335208 | Stats: min: -0.578, max: 0.281, mean: -0.261
Epoch 30 Batch 2 | Loss: 0.249158
Epoch 30 Batch 3 | Loss: 0.264189
Epoch 30 Batch 4 | Loss: 0.287097
Epoch 30 Batch 5 | Loss: 0.278746
Epoch 30 Batch 6 | Loss: 0.281770
Epoch 30 Batch 7 | Loss: 0.328432
Epoch 30 Batch 8 | Loss: 0.281619
Epoch 30 Batch 9 | Loss: 0.271544
Epoch 30 Batch 10 | Loss: 0.287968
Epoch 30 Batch 11 | Loss: 0.293559
Epoch 30 Batch 12 | Loss: 0.272806
Epoch 30 Batch 13 | Loss: 0.296510
Epoch 30 Batch 14 | Loss: 0.298369
Epoch 30 Batch 15 | Loss: 0.277697
Epoch 30 Batch 16 | Loss: 0.277996
Epoch 30 Batch 17 | Loss: 0.309543
Epoch 30 Batch 18 | Loss: 0.298352
Epoch 30 Batch 19 | Loss: 0.295142
Epoch 30 Batch 20 | Loss: 0.268579
Epoch 30 Batch 21 | Loss: 0.313202
Epoch 30 Batch 22 | Loss: 0.252213
Epoch 30 Batch 23 | Loss: 0.280119
Epoch 30 Batch 24 | Loss: 0.274304
Epoch 30 Batch 25 | Loss: 0.286907
--- Epoch 30/30 | Loss: 0.2864 | Train Acc: 99.5% | Test Acc: 99.7% | CM: [TP:172, TN:170, FP:1, FN:0] | Progress: 100.0% | ETA: 0.0s ---

Final Best Test Accuracy: 99.71%


Best Quantum Test Accuracy: 0.997
