DEBUG: Qtrainer enters train_pure_quantum_cnn. Encoding: amplitude
  Class Weights: +1 (Target): 1.00 | -1 (Rest): 1.00
Starting Training
==================================================
Epoch 1 Batch 1 | Loss: 0.694482 | Stats: min: 0.048, max: 0.166, mean: 0.105
Epoch 1 Batch 2 | Loss: 0.711260
Epoch 1 Batch 3 | Loss: 0.680629
Epoch 1 Batch 4 | Loss: 0.654008
Epoch 1 Batch 5 | Loss: 0.653324
Epoch 1 Batch 6 | Loss: 0.640860
Epoch 1 Batch 7 | Loss: 0.615952
Epoch 1 Batch 8 | Loss: 0.631256
Epoch 1 Batch 9 | Loss: 0.622351
Epoch 1 Batch 10 | Loss: 0.603715
Epoch 1 Batch 11 | Loss: 0.597218
Epoch 1 Batch 12 | Loss: 0.603924
Epoch 1 Batch 13 | Loss: 0.604933
  [STABILITY] Test accuracy improved: 0.00% -> 46.51% (via EMA). Saving best params.
--- Epoch 1/30 | Loss: 0.6395 | Train Acc: 50.0% | Test Acc: 46.5% | CM: [TP:80, TN:0, FP:86, FN:6] | Progress: 3.3% | ETA: 234.4s ---
Epoch 2 Batch 1 | Loss: 0.544794 | Stats: min: -0.225, max: 0.162, mean: -0.098
Epoch 2 Batch 2 | Loss: 0.590376
Epoch 2 Batch 3 | Loss: 0.549349
Epoch 2 Batch 4 | Loss: 0.566017
Epoch 2 Batch 5 | Loss: 0.609728
Epoch 2 Batch 6 | Loss: 0.611957
Epoch 2 Batch 7 | Loss: 0.560795
Epoch 2 Batch 8 | Loss: 0.573883
Epoch 2 Batch 9 | Loss: 0.555993
Epoch 2 Batch 10 | Loss: 0.537777
Epoch 2 Batch 11 | Loss: 0.540010
Epoch 2 Batch 12 | Loss: 0.555341
Epoch 2 Batch 13 | Loss: 0.536799
  [STABILITY] Test accuracy improved: 46.51% -> 51.74% (via EMA). Saving best params.
--- Epoch 2/30 | Loss: 0.5641 | Train Acc: 54.0% | Test Acc: 51.7% | CM: [TP:78, TN:11, FP:75, FN:8] | Progress: 6.7% | ETA: 144.3s ---
Epoch 3 Batch 1 | Loss: 0.524553 | Stats: min: -0.351, max: 0.100, mean: -0.129
Epoch 3 Batch 2 | Loss: 0.565926
Epoch 3 Batch 3 | Loss: 0.542294
Epoch 3 Batch 4 | Loss: 0.527936
Epoch 3 Batch 5 | Loss: 0.529823
Epoch 3 Batch 6 | Loss: 0.529116
Epoch 3 Batch 7 | Loss: 0.525507
Epoch 3 Batch 8 | Loss: 0.544023
Epoch 3 Batch 9 | Loss: 0.470338
Epoch 3 Batch 10 | Loss: 0.516767
Epoch 3 Batch 11 | Loss: 0.501547
Epoch 3 Batch 12 | Loss: 0.546133
Epoch 3 Batch 13 | Loss: 0.501084
  [STABILITY] Test accuracy improved: 51.74% -> 61.05% (via EMA). Saving best params.
--- Epoch 3/30 | Loss: 0.5250 | Train Acc: 64.0% | Test Acc: 61.0% | CM: [TP:76, TN:29, FP:57, FN:10] | Progress: 10.0% | ETA: 127.3s ---
Epoch 4 Batch 1 | Loss: 0.511389 | Stats: min: 0.159, max: 0.302, mean: 0.262
Epoch 4 Batch 2 | Loss: 0.505570
Epoch 4 Batch 3 | Loss: 0.545979
Epoch 4 Batch 4 | Loss: 0.470815
Epoch 4 Batch 5 | Loss: 0.499696
Epoch 4 Batch 6 | Loss: 0.504590
Epoch 4 Batch 7 | Loss: 0.495914
Epoch 4 Batch 8 | Loss: 0.468909
Epoch 4 Batch 9 | Loss: 0.501066
Epoch 4 Batch 10 | Loss: 0.499741
Epoch 4 Batch 11 | Loss: 0.518273
Epoch 4 Batch 12 | Loss: 0.490957
Epoch 4 Batch 13 | Loss: 0.535654
  [STABILITY] Test accuracy improved: 61.05% -> 79.07% (via EMA). Saving best params.
--- Epoch 4/30 | Loss: 0.5037 | Train Acc: 74.5% | Test Acc: 79.1% | CM: [TP:79, TN:57, FP:29, FN:7] | Progress: 13.3% | ETA: 92.6s ---
Epoch 5 Batch 1 | Loss: 0.482759 | Stats: min: -0.432, max: 0.231, mean: -0.158
Epoch 5 Batch 2 | Loss: 0.457035
Epoch 5 Batch 3 | Loss: 0.488648
Epoch 5 Batch 4 | Loss: 0.484310
Epoch 5 Batch 5 | Loss: 0.485602
Epoch 5 Batch 6 | Loss: 0.473476
Epoch 5 Batch 7 | Loss: 0.510898
Epoch 5 Batch 8 | Loss: 0.488686
Epoch 5 Batch 9 | Loss: 0.455946
Epoch 5 Batch 10 | Loss: 0.520217
Epoch 5 Batch 11 | Loss: 0.506297
Epoch 5 Batch 12 | Loss: 0.498314
Epoch 5 Batch 13 | Loss: 0.529306
  [STABILITY] Test accuracy improved: 79.07% -> 84.30% (via EMA). Saving best params.
--- Epoch 5/30 | Loss: 0.4909 | Train Acc: 84.0% | Test Acc: 84.3% | CM: [TP:80, TN:65, FP:21, FN:6] | Progress: 16.7% | ETA: 74.3s ---
Epoch 6 Batch 1 | Loss: 0.441354 | Stats: min: -0.541, max: 0.337, mean: -0.273
Epoch 6 Batch 2 | Loss: 0.439341
Epoch 6 Batch 3 | Loss: 0.511821
Epoch 6 Batch 4 | Loss: 0.512557
Epoch 6 Batch 5 | Loss: 0.481579
Epoch 6 Batch 6 | Loss: 0.490803
Epoch 6 Batch 7 | Loss: 0.480847
Epoch 6 Batch 8 | Loss: 0.472863
Epoch 6 Batch 9 | Loss: 0.483749
Epoch 6 Batch 10 | Loss: 0.462306
Epoch 6 Batch 11 | Loss: 0.482748
Epoch 6 Batch 12 | Loss: 0.462445
Epoch 6 Batch 13 | Loss: 0.489918
  [STABILITY] Test accuracy improved: 84.30% -> 88.95% (via EMA). Saving best params.
--- Epoch 6/30 | Loss: 0.4779 | Train Acc: 86.5% | Test Acc: 89.0% | CM: [TP:83, TN:70, FP:16, FN:3] | Progress: 20.0% | ETA: 58.6s ---
Epoch 7 Batch 1 | Loss: 0.490605 | Stats: min: -0.548, max: 0.123, mean: -0.262
Epoch 7 Batch 2 | Loss: 0.497855
Epoch 7 Batch 3 | Loss: 0.451507
Epoch 7 Batch 4 | Loss: 0.482906
Epoch 7 Batch 5 | Loss: 0.451472
Epoch 7 Batch 6 | Loss: 0.506747
Epoch 7 Batch 7 | Loss: 0.484041
Epoch 7 Batch 8 | Loss: 0.456391
Epoch 7 Batch 9 | Loss: 0.452582
Epoch 7 Batch 10 | Loss: 0.434515
Epoch 7 Batch 11 | Loss: 0.462221
Epoch 7 Batch 12 | Loss: 0.494138
Epoch 7 Batch 13 | Loss: 0.464182
  [STABILITY] Test accuracy improved: 88.95% -> 90.12% (via EMA). Saving best params.
--- Epoch 7/30 | Loss: 0.4715 | Train Acc: 88.0% | Test Acc: 90.1% | CM: [TP:80, TN:75, FP:11, FN:6] | Progress: 23.3% | ETA: 46.4s ---
Epoch 8 Batch 1 | Loss: 0.454242 | Stats: min: -0.432, max: 0.316, mean: -0.060
Epoch 8 Batch 2 | Loss: 0.444668
Epoch 8 Batch 3 | Loss: 0.474660
Epoch 8 Batch 4 | Loss: 0.536308
Epoch 8 Batch 5 | Loss: 0.495981
Epoch 8 Batch 6 | Loss: 0.464673
Epoch 8 Batch 7 | Loss: 0.470818
Epoch 8 Batch 8 | Loss: 0.509302
Epoch 8 Batch 9 | Loss: 0.441322
Epoch 8 Batch 10 | Loss: 0.454045
Epoch 8 Batch 11 | Loss: 0.451322
Epoch 8 Batch 12 | Loss: 0.435609
Epoch 8 Batch 13 | Loss: 0.438665
--- Epoch 8/30 | Loss: 0.4670 | Train Acc: 87.5% | Test Acc: 90.1% | CM: [TP:80, TN:75, FP:11, FN:6] | Progress: 26.7% | ETA: 39.0s ---
Epoch 9 Batch 1 | Loss: 0.463744 | Stats: min: 0.095, max: 0.358, mean: 0.260
Epoch 9 Batch 2 | Loss: 0.429963
Epoch 9 Batch 3 | Loss: 0.447664
Epoch 9 Batch 4 | Loss: 0.475953
Epoch 9 Batch 5 | Loss: 0.436471
Epoch 9 Batch 6 | Loss: 0.510021
Epoch 9 Batch 7 | Loss: 0.483577
Epoch 9 Batch 8 | Loss: 0.458736
Epoch 9 Batch 9 | Loss: 0.456679
Epoch 9 Batch 10 | Loss: 0.449691
Epoch 9 Batch 11 | Loss: 0.475339
Epoch 9 Batch 12 | Loss: 0.479633
Epoch 9 Batch 13 | Loss: 0.513046
  [STABILITY] Test accuracy improved: 90.12% -> 90.70% (via EMA). Saving best params.
--- Epoch 9/30 | Loss: 0.4677 | Train Acc: 89.0% | Test Acc: 90.7% | CM: [TP:80, TN:76, FP:10, FN:6] | Progress: 30.0% | ETA: 33.0s ---
Epoch 10 Batch 1 | Loss: 0.477636 | Stats: min: 0.031, max: 0.318, mean: 0.162
Epoch 10 Batch 2 | Loss: 0.459636
Epoch 10 Batch 3 | Loss: 0.478417
Epoch 10 Batch 4 | Loss: 0.439487
Epoch 10 Batch 5 | Loss: 0.457327
Epoch 10 Batch 6 | Loss: 0.483002
Epoch 10 Batch 7 | Loss: 0.472257
Epoch 10 Batch 8 | Loss: 0.460997
Epoch 10 Batch 9 | Loss: 0.463705
Epoch 10 Batch 10 | Loss: 0.445080
Epoch 10 Batch 11 | Loss: 0.455672
Epoch 10 Batch 12 | Loss: 0.486705
Epoch 10 Batch 13 | Loss: 0.462847
--- Epoch 10/30 | Loss: 0.4648 | Train Acc: 89.0% | Test Acc: 90.1% | CM: [TP:80, TN:75, FP:11, FN:6] | Progress: 33.3% | ETA: 28.5s ---
Epoch 11 Batch 1 | Loss: 0.460205 | Stats: min: -0.454, max: 0.359, mean: 0.013
Epoch 11 Batch 2 | Loss: 0.419222
Epoch 11 Batch 3 | Loss: 0.496289
Epoch 11 Batch 4 | Loss: 0.473781
Epoch 11 Batch 5 | Loss: 0.475333
Epoch 11 Batch 6 | Loss: 0.456646
Epoch 11 Batch 7 | Loss: 0.492905
Epoch 11 Batch 8 | Loss: 0.461840
Epoch 11 Batch 9 | Loss: 0.472492
Epoch 11 Batch 10 | Loss: 0.447166
Epoch 11 Batch 11 | Loss: 0.487351
Epoch 11 Batch 12 | Loss: 0.450325
Epoch 11 Batch 13 | Loss: 0.452351
  [STABILITY] Test accuracy improved: 90.70% -> 93.02% (via EMA). Saving best params.
--- Epoch 11/30 | Loss: 0.4651 | Train Acc: 90.0% | Test Acc: 93.0% | CM: [TP:84, TN:76, FP:10, FN:2] | Progress: 36.7% | ETA: 24.3s ---
Epoch 12 Batch 1 | Loss: 0.429532 | Stats: min: -0.442, max: 0.337, mean: -0.140
Epoch 12 Batch 2 | Loss: 0.448860
Epoch 12 Batch 3 | Loss: 0.504137
Epoch 12 Batch 4 | Loss: 0.492373
Epoch 12 Batch 5 | Loss: 0.442315
Epoch 12 Batch 6 | Loss: 0.487609
Epoch 12 Batch 7 | Loss: 0.483351
Epoch 12 Batch 8 | Loss: 0.434753
Epoch 12 Batch 9 | Loss: 0.452658
Epoch 12 Batch 10 | Loss: 0.474980
Epoch 12 Batch 11 | Loss: 0.476532
Epoch 12 Batch 12 | Loss: 0.435961
Epoch 12 Batch 13 | Loss: 0.443926
--- Epoch 12/30 | Loss: 0.4621 | Train Acc: 90.5% | Test Acc: 93.0% | CM: [TP:84, TN:76, FP:10, FN:2] | Progress: 40.0% | ETA: 21.2s ---
Epoch 13 Batch 1 | Loss: 0.452991 | Stats: min: -0.578, max: 0.337, mean: -0.054
Epoch 13 Batch 2 | Loss: 0.453910
Epoch 13 Batch 3 | Loss: 0.463886
Epoch 13 Batch 4 | Loss: 0.493407
Epoch 13 Batch 5 | Loss: 0.486844
Epoch 13 Batch 6 | Loss: 0.438701
Epoch 13 Batch 7 | Loss: 0.486490
Epoch 13 Batch 8 | Loss: 0.470657
Epoch 13 Batch 9 | Loss: 0.438606
Epoch 13 Batch 10 | Loss: 0.472273
Epoch 13 Batch 11 | Loss: 0.465430
Epoch 13 Batch 12 | Loss: 0.424841
Epoch 13 Batch 13 | Loss: 0.439003
--- Epoch 13/30 | Loss: 0.4605 | Train Acc: 90.5% | Test Acc: 93.0% | CM: [TP:84, TN:76, FP:10, FN:2] | Progress: 43.3% | ETA: 18.4s ---
Epoch 14 Batch 1 | Loss: 0.435074 | Stats: min: -0.580, max: 0.398, mean: -0.117
Epoch 14 Batch 2 | Loss: 0.482051
Epoch 14 Batch 3 | Loss: 0.407210
Epoch 14 Batch 4 | Loss: 0.474553
Epoch 14 Batch 5 | Loss: 0.478139
Epoch 14 Batch 6 | Loss: 0.447975
Epoch 14 Batch 7 | Loss: 0.469913
Epoch 14 Batch 8 | Loss: 0.458174
Epoch 14 Batch 9 | Loss: 0.453631
Epoch 14 Batch 10 | Loss: 0.539660
Epoch 14 Batch 11 | Loss: 0.432613
Epoch 14 Batch 12 | Loss: 0.470772
Epoch 14 Batch 13 | Loss: 0.420323
  [STABILITY] Test accuracy improved: 93.02% -> 93.60% (via EMA). Saving best params.
--- Epoch 14/30 | Loss: 0.4592 | Train Acc: 90.5% | Test Acc: 93.6% | CM: [TP:84, TN:77, FP:9, FN:2] | Progress: 46.7% | ETA: 16.3s ---
Epoch 15 Batch 1 | Loss: 0.449875 | Stats: min: -0.545, max: 0.333, mean: 0.010
Epoch 15 Batch 2 | Loss: 0.476068
Epoch 15 Batch 3 | Loss: 0.453760
Epoch 15 Batch 4 | Loss: 0.452833
Epoch 15 Batch 5 | Loss: 0.485130
Epoch 15 Batch 6 | Loss: 0.479028
Epoch 15 Batch 7 | Loss: 0.433570
Epoch 15 Batch 8 | Loss: 0.427816
Epoch 15 Batch 9 | Loss: 0.461449
Epoch 15 Batch 10 | Loss: 0.448297
Epoch 15 Batch 11 | Loss: 0.462717
Epoch 15 Batch 12 | Loss: 0.466909
Epoch 15 Batch 13 | Loss: 0.451920
  [STABILITY] Test accuracy improved: 93.60% -> 94.19% (via EMA). Saving best params.
--- Epoch 15/30 | Loss: 0.4576 | Train Acc: 90.5% | Test Acc: 94.2% | CM: [TP:84, TN:78, FP:8, FN:2] | Progress: 50.0% | ETA: 14.2s ---
Epoch 16 Batch 1 | Loss: 0.436244 | Stats: min: -0.515, max: 0.353, mean: -0.013
Epoch 16 Batch 2 | Loss: 0.454519
Epoch 16 Batch 3 | Loss: 0.433827
Epoch 16 Batch 4 | Loss: 0.465609
Epoch 16 Batch 5 | Loss: 0.423791
Epoch 16 Batch 6 | Loss: 0.438797
Epoch 16 Batch 7 | Loss: 0.473352
Epoch 16 Batch 8 | Loss: 0.495822
Epoch 16 Batch 9 | Loss: 0.466399
Epoch 16 Batch 10 | Loss: 0.453462
Epoch 16 Batch 11 | Loss: 0.505698
Epoch 16 Batch 12 | Loss: 0.455183
Epoch 16 Batch 13 | Loss: 0.462244
--- Epoch 16/30 | Loss: 0.4588 | Train Acc: 90.5% | Test Acc: 94.2% | CM: [TP:84, TN:78, FP:8, FN:2] | Progress: 53.3% | ETA: 12.4s ---
Epoch 17 Batch 1 | Loss: 0.447832 | Stats: min: -0.562, max: 0.390, mean: -0.217
Epoch 17 Batch 2 | Loss: 0.442316
Epoch 17 Batch 3 | Loss: 0.495879
Epoch 17 Batch 4 | Loss: 0.444896
Epoch 17 Batch 5 | Loss: 0.451981
Epoch 17 Batch 6 | Loss: 0.467110
Epoch 17 Batch 7 | Loss: 0.441921
Epoch 17 Batch 8 | Loss: 0.460858
Epoch 17 Batch 9 | Loss: 0.464300
Epoch 17 Batch 10 | Loss: 0.461147
Epoch 17 Batch 11 | Loss: 0.436218
Epoch 17 Batch 12 | Loss: 0.505738
Epoch 17 Batch 13 | Loss: 0.415147
  [STABILITY] Test accuracy improved: 94.19% -> 95.35% (via EMA). Saving best params.
--- Epoch 17/30 | Loss: 0.4566 | Train Acc: 91.0% | Test Acc: 95.3% | CM: [TP:84, TN:80, FP:6, FN:2] | Progress: 56.7% | ETA: 10.8s ---
Epoch 18 Batch 1 | Loss: 0.489433 | Stats: min: -0.482, max: 0.363, mean: 0.014
Epoch 18 Batch 2 | Loss: 0.406525
Epoch 18 Batch 3 | Loss: 0.463321
Epoch 18 Batch 4 | Loss: 0.469006
Epoch 18 Batch 5 | Loss: 0.477891
Epoch 18 Batch 6 | Loss: 0.444937
Epoch 18 Batch 7 | Loss: 0.454106
Epoch 18 Batch 8 | Loss: 0.450057
Epoch 18 Batch 9 | Loss: 0.479320
Epoch 18 Batch 10 | Loss: 0.441382
Epoch 18 Batch 11 | Loss: 0.440960
Epoch 18 Batch 12 | Loss: 0.440687
Epoch 18 Batch 13 | Loss: 0.468141
--- Epoch 18/30 | Loss: 0.4558 | Train Acc: 91.5% | Test Acc: 95.3% | CM: [TP:84, TN:80, FP:6, FN:2] | Progress: 60.0% | ETA: 9.3s ---
Epoch 19 Batch 1 | Loss: 0.459538 | Stats: min: -0.370, max: 0.324, mean: -0.079
Epoch 19 Batch 2 | Loss: 0.440206
Epoch 19 Batch 3 | Loss: 0.439002
Epoch 19 Batch 4 | Loss: 0.436604
Epoch 19 Batch 5 | Loss: 0.446201
Epoch 19 Batch 6 | Loss: 0.450827
Epoch 19 Batch 7 | Loss: 0.406377
Epoch 19 Batch 8 | Loss: 0.465983
Epoch 19 Batch 9 | Loss: 0.472022
Epoch 19 Batch 10 | Loss: 0.491169
Epoch 19 Batch 11 | Loss: 0.438233
Epoch 19 Batch 12 | Loss: 0.538056
Epoch 19 Batch 13 | Loss: 0.399153
--- Epoch 19/30 | Loss: 0.4526 | Train Acc: 91.5% | Test Acc: 94.8% | CM: [TP:83, TN:80, FP:6, FN:3] | Progress: 63.3% | ETA: 8.3s ---
Epoch 20 Batch 1 | Loss: 0.463594 | Stats: min: -0.282, max: 0.360, mean: 0.107
Epoch 20 Batch 2 | Loss: 0.432964
Epoch 20 Batch 3 | Loss: 0.424176
Epoch 20 Batch 4 | Loss: 0.434351
Epoch 20 Batch 5 | Loss: 0.464221
Epoch 20 Batch 6 | Loss: 0.472885
Epoch 20 Batch 7 | Loss: 0.432651
Epoch 20 Batch 8 | Loss: 0.471095
Epoch 20 Batch 9 | Loss: 0.485588
Epoch 20 Batch 10 | Loss: 0.462997
Epoch 20 Batch 11 | Loss: 0.453245
Epoch 20 Batch 12 | Loss: 0.451421
Epoch 20 Batch 13 | Loss: 0.467016
  [STABILITY] Plateau detected. Reducing Learning Rate to 0.010000
--- Epoch 20/30 | Loss: 0.4551 | Train Acc: 91.5% | Test Acc: 94.8% | CM: [TP:83, TN:80, FP:6, FN:3] | Progress: 66.7% | ETA: 7.2s ---
Epoch 21 Batch 1 | Loss: 0.444757 | Stats: min: -0.484, max: 0.356, mean: -0.096
Epoch 21 Batch 2 | Loss: 0.451809
Epoch 21 Batch 3 | Loss: 0.505065
Epoch 21 Batch 4 | Loss: 0.484213
Epoch 21 Batch 5 | Loss: 0.445245
Epoch 21 Batch 6 | Loss: 0.474427
Epoch 21 Batch 7 | Loss: 0.436852
Epoch 21 Batch 8 | Loss: 0.446115
Epoch 21 Batch 9 | Loss: 0.423694
Epoch 21 Batch 10 | Loss: 0.407071
Epoch 21 Batch 11 | Loss: 0.443316
Epoch 21 Batch 12 | Loss: 0.457840
Epoch 21 Batch 13 | Loss: 0.484458
--- Epoch 21/30 | Loss: 0.4542 | Train Acc: 91.0% | Test Acc: 95.3% | CM: [TP:83, TN:81, FP:5, FN:3] | Progress: 70.0% | ETA: 6.2s ---
Epoch 22 Batch 1 | Loss: 0.441919 | Stats: min: -0.386, max: 0.370, mean: -0.030
Epoch 22 Batch 2 | Loss: 0.483991
Epoch 22 Batch 3 | Loss: 0.438578
Epoch 22 Batch 4 | Loss: 0.482352
Epoch 22 Batch 5 | Loss: 0.434687
Epoch 22 Batch 6 | Loss: 0.431361
Epoch 22 Batch 7 | Loss: 0.431280
Epoch 22 Batch 8 | Loss: 0.474545
Epoch 22 Batch 9 | Loss: 0.472142
Epoch 22 Batch 10 | Loss: 0.429630
Epoch 22 Batch 11 | Loss: 0.475628
Epoch 22 Batch 12 | Loss: 0.419919
Epoch 22 Batch 13 | Loss: 0.461958
--- Epoch 22/30 | Loss: 0.4522 | Train Acc: 91.0% | Test Acc: 95.3% | CM: [TP:83, TN:81, FP:5, FN:3] | Progress: 73.3% | ETA: 5.3s ---
Epoch 23 Batch 1 | Loss: 0.419927 | Stats: min: -0.550, max: 0.371, mean: -0.117
Epoch 23 Batch 2 | Loss: 0.428444
Epoch 23 Batch 3 | Loss: 0.447890
Epoch 23 Batch 4 | Loss: 0.497107
Epoch 23 Batch 5 | Loss: 0.450163
Epoch 23 Batch 6 | Loss: 0.459384
Epoch 23 Batch 7 | Loss: 0.442698
Epoch 23 Batch 8 | Loss: 0.429331
Epoch 23 Batch 9 | Loss: 0.494708
Epoch 23 Batch 10 | Loss: 0.429627
Epoch 23 Batch 11 | Loss: 0.455138
Epoch 23 Batch 12 | Loss: 0.445132
Epoch 23 Batch 13 | Loss: 0.475280
  [STABILITY] Plateau detected. Reducing Learning Rate to 0.005000
--- Epoch 23/30 | Loss: 0.4519 | Train Acc: 91.0% | Test Acc: 95.3% | CM: [TP:83, TN:81, FP:5, FN:3] | Progress: 76.7% | ETA: 4.5s ---
Epoch 24 Batch 1 | Loss: 0.476231 | Stats: min: -0.356, max: 0.270, mean: -0.092
Epoch 24 Batch 2 | Loss: 0.459348
Epoch 24 Batch 3 | Loss: 0.489241
Epoch 24 Batch 4 | Loss: 0.464887
Epoch 24 Batch 5 | Loss: 0.453466
Epoch 24 Batch 6 | Loss: 0.397757
Epoch 24 Batch 7 | Loss: 0.457396
Epoch 24 Batch 8 | Loss: 0.446567
Epoch 24 Batch 9 | Loss: 0.457163
Epoch 24 Batch 10 | Loss: 0.399408
Epoch 24 Batch 11 | Loss: 0.489897
Epoch 24 Batch 12 | Loss: 0.422245
Epoch 24 Batch 13 | Loss: 0.425201
--- Epoch 24/30 | Loss: 0.4491 | Train Acc: 91.0% | Test Acc: 95.3% | CM: [TP:83, TN:81, FP:5, FN:3] | Progress: 80.0% | ETA: 3.6s ---
Epoch 25 Batch 1 | Loss: 0.432269 | Stats: min: -0.445, max: 0.024, mean: -0.266
Epoch 25 Batch 2 | Loss: 0.454870
Epoch 25 Batch 3 | Loss: 0.466212
Epoch 25 Batch 4 | Loss: 0.425015
Epoch 25 Batch 5 | Loss: 0.407202
Epoch 25 Batch 6 | Loss: 0.461893
Epoch 25 Batch 7 | Loss: 0.466572
Epoch 25 Batch 8 | Loss: 0.433881
Epoch 25 Batch 9 | Loss: 0.477958
Epoch 25 Batch 10 | Loss: 0.427213
Epoch 25 Batch 11 | Loss: 0.484170
Epoch 25 Batch 12 | Loss: 0.450784
Epoch 25 Batch 13 | Loss: 0.473061
--- Epoch 25/30 | Loss: 0.4509 | Train Acc: 91.5% | Test Acc: 95.3% | CM: [TP:83, TN:81, FP:5, FN:3] | Progress: 83.3% | ETA: 2.9s ---
Epoch 26 Batch 1 | Loss: 0.408374 | Stats: min: -0.526, max: 0.358, mean: -0.275
Epoch 26 Batch 2 | Loss: 0.445561
Epoch 26 Batch 3 | Loss: 0.431689
Epoch 26 Batch 4 | Loss: 0.472901
Epoch 26 Batch 5 | Loss: 0.469790
Epoch 26 Batch 6 | Loss: 0.463780
Epoch 26 Batch 7 | Loss: 0.453734
Epoch 26 Batch 8 | Loss: 0.452403
Epoch 26 Batch 9 | Loss: 0.447552
Epoch 26 Batch 10 | Loss: 0.415264
Epoch 26 Batch 11 | Loss: 0.457867
Epoch 26 Batch 12 | Loss: 0.464017
Epoch 26 Batch 13 | Loss: 0.485401
  [STABILITY] Plateau detected. Reducing Learning Rate to 0.002500
--- Epoch 26/30 | Loss: 0.4514 | Train Acc: 91.5% | Test Acc: 95.3% | CM: [TP:83, TN:81, FP:5, FN:3] | Progress: 86.7% | ETA: 2.2s ---
Epoch 27 Batch 1 | Loss: 0.456440 | Stats: min: -0.228, max: 0.381, mean: 0.181
Epoch 27 Batch 2 | Loss: 0.427821
Epoch 27 Batch 3 | Loss: 0.423557
Epoch 27 Batch 4 | Loss: 0.482964
Epoch 27 Batch 5 | Loss: 0.478267
Epoch 27 Batch 6 | Loss: 0.427014
Epoch 27 Batch 7 | Loss: 0.451191
Epoch 27 Batch 8 | Loss: 0.421118
Epoch 27 Batch 9 | Loss: 0.447742
Epoch 27 Batch 10 | Loss: 0.447520
Epoch 27 Batch 11 | Loss: 0.458109
Epoch 27 Batch 12 | Loss: 0.456514
Epoch 27 Batch 13 | Loss: 0.486504
--- Epoch 27/30 | Loss: 0.4511 | Train Acc: 91.5% | Test Acc: 95.3% | CM: [TP:83, TN:81, FP:5, FN:3] | Progress: 90.0% | ETA: 1.6s ---
Epoch 28 Batch 1 | Loss: 0.452003 | Stats: min: -0.502, max: 0.336, mean: -0.043
Epoch 28 Batch 2 | Loss: 0.441777
Epoch 28 Batch 3 | Loss: 0.429991
Epoch 28 Batch 4 | Loss: 0.452721
Epoch 28 Batch 5 | Loss: 0.437684
Epoch 28 Batch 6 | Loss: 0.460796
Epoch 28 Batch 7 | Loss: 0.463953
Epoch 28 Batch 8 | Loss: 0.429325
Epoch 28 Batch 9 | Loss: 0.453219
Epoch 28 Batch 10 | Loss: 0.461638
Epoch 28 Batch 11 | Loss: 0.481328
Epoch 28 Batch 12 | Loss: 0.430626
Epoch 28 Batch 13 | Loss: 0.442204
  [STABILITY] Test accuracy improved: 95.35% -> 95.93% (via EMA). Saving best params.
--- Epoch 28/30 | Loss: 0.4490 | Train Acc: 91.5% | Test Acc: 95.9% | CM: [TP:83, TN:82, FP:4, FN:3] | Progress: 93.3% | ETA: 1.0s ---
Epoch 29 Batch 1 | Loss: 0.438741 | Stats: min: -0.487, max: 0.256, mean: -0.304
Epoch 29 Batch 2 | Loss: 0.429003
Epoch 29 Batch 3 | Loss: 0.469181
Epoch 29 Batch 4 | Loss: 0.489308
Epoch 29 Batch 5 | Loss: 0.514799
Epoch 29 Batch 6 | Loss: 0.395882
Epoch 29 Batch 7 | Loss: 0.480363
Epoch 29 Batch 8 | Loss: 0.440347
Epoch 29 Batch 9 | Loss: 0.447262
Epoch 29 Batch 10 | Loss: 0.454817
Epoch 29 Batch 11 | Loss: 0.424637
Epoch 29 Batch 12 | Loss: 0.405832
Epoch 29 Batch 13 | Loss: 0.459364
--- Epoch 29/30 | Loss: 0.4500 | Train Acc: 91.5% | Test Acc: 95.9% | CM: [TP:83, TN:82, FP:4, FN:3] | Progress: 96.7% | ETA: 0.5s ---
Epoch 30 Batch 1 | Loss: 0.465202 | Stats: min: -0.536, max: 0.317, mean: -0.101
Epoch 30 Batch 2 | Loss: 0.450920
Epoch 30 Batch 3 | Loss: 0.409882
Epoch 30 Batch 4 | Loss: 0.483341
Epoch 30 Batch 5 | Loss: 0.439438
Epoch 30 Batch 6 | Loss: 0.444564
Epoch 30 Batch 7 | Loss: 0.463950
Epoch 30 Batch 8 | Loss: 0.461462
Epoch 30 Batch 9 | Loss: 0.432535
Epoch 30 Batch 10 | Loss: 0.420003
Epoch 30 Batch 11 | Loss: 0.459810
Epoch 30 Batch 12 | Loss: 0.422731
Epoch 30 Batch 13 | Loss: 0.542298
--- Epoch 30/30 | Loss: 0.4535 | Train Acc: 91.5% | Test Acc: 95.9% | CM: [TP:83, TN:82, FP:4, FN:3] | Progress: 100.0% | ETA: 0.0s ---

Final Best Test Accuracy: 95.93%


Best Quantum Test Accuracy: 0.959
