DEBUG: Qtrainer enters train_pure_quantum_cnn. Encoding: amplitude
  Class Weights: +1 (Target): 1.00 | -1 (Rest): 1.00
Starting Training
==================================================
Epoch 1 Batch 1 | Loss: 0.707013 | Stats: min: -0.086, max: 0.079, mean: -0.023
Epoch 1 Batch 2 | Loss: 0.668330
Epoch 1 Batch 3 | Loss: 0.628499
Epoch 1 Batch 4 | Loss: 0.590593
Epoch 1 Batch 5 | Loss: 0.569621
Epoch 1 Batch 6 | Loss: 0.528876
Epoch 1 Batch 7 | Loss: 0.520827
Epoch 1 Batch 8 | Loss: 0.517539
Epoch 1 Batch 9 | Loss: 0.514385
Epoch 1 Batch 10 | Loss: 0.495831
Epoch 1 Batch 11 | Loss: 0.490580
Epoch 1 Batch 12 | Loss: 0.494816
Epoch 1 Batch 13 | Loss: 0.495931
Epoch 1 Batch 14 | Loss: 0.480557
Epoch 1 Batch 15 | Loss: 0.455656
Epoch 1 Batch 16 | Loss: 0.458887
Epoch 1 Batch 17 | Loss: 0.449621
Epoch 1 Batch 18 | Loss: 0.446342
Epoch 1 Batch 19 | Loss: 0.482737
Epoch 1 Batch 20 | Loss: 0.468990
Epoch 1 Batch 21 | Loss: 0.443993
Epoch 1 Batch 22 | Loss: 0.445841
Epoch 1 Batch 23 | Loss: 0.456685
Epoch 1 Batch 24 | Loss: 0.447886
Epoch 1 Batch 25 | Loss: 0.429389
  [STABILITY] Test accuracy improved: 0.00% -> 88.92% (via EMA). Saving best params.
--- Epoch 1/30 | Loss: 0.5076 | Train Acc: 84.0% | Test Acc: 88.9% | CM: [TP:141, TN:164, FP:7, FN:31] | Progress: 3.3% | ETA: 880.1s ---
Epoch 2 Batch 1 | Loss: 0.464179 | Stats: min: -0.411, max: 0.306, mean: 0.090
Epoch 2 Batch 2 | Loss: 0.452268
Epoch 2 Batch 3 | Loss: 0.439035
Epoch 2 Batch 4 | Loss: 0.449468
Epoch 2 Batch 5 | Loss: 0.401264
Epoch 2 Batch 6 | Loss: 0.412407
Epoch 2 Batch 7 | Loss: 0.431998
Epoch 2 Batch 8 | Loss: 0.410781
Epoch 2 Batch 9 | Loss: 0.400370
Epoch 2 Batch 10 | Loss: 0.420800
Epoch 2 Batch 11 | Loss: 0.402731
Epoch 2 Batch 12 | Loss: 0.396103
Epoch 2 Batch 13 | Loss: 0.400675
Epoch 2 Batch 14 | Loss: 0.386542
Epoch 2 Batch 15 | Loss: 0.394185
Epoch 2 Batch 16 | Loss: 0.371606
Epoch 2 Batch 17 | Loss: 0.349038
Epoch 2 Batch 18 | Loss: 0.410615
Epoch 2 Batch 19 | Loss: 0.356616
Epoch 2 Batch 20 | Loss: 0.376667
Epoch 2 Batch 21 | Loss: 0.380473
Epoch 2 Batch 22 | Loss: 0.376903
Epoch 2 Batch 23 | Loss: 0.360515
Epoch 2 Batch 24 | Loss: 0.381547
Epoch 2 Batch 25 | Loss: 0.370424
  [STABILITY] Test accuracy improved: 88.92% -> 98.54% (via EMA). Saving best params.
--- Epoch 2/30 | Loss: 0.3999 | Train Acc: 100.0% | Test Acc: 98.5% | CM: [TP:167, TN:171, FP:0, FN:5] | Progress: 6.7% | ETA: 293.8s ---
Epoch 3 Batch 1 | Loss: 0.366888 | Stats: min: -0.562, max: 0.266, mean: -0.230
Epoch 3 Batch 2 | Loss: 0.358795
Epoch 3 Batch 3 | Loss: 0.378144
Epoch 3 Batch 4 | Loss: 0.366305
Epoch 3 Batch 5 | Loss: 0.365836
Epoch 3 Batch 6 | Loss: 0.377788
Epoch 3 Batch 7 | Loss: 0.356635
Epoch 3 Batch 8 | Loss: 0.388294
Epoch 3 Batch 9 | Loss: 0.351583
Epoch 3 Batch 10 | Loss: 0.361651
Epoch 3 Batch 11 | Loss: 0.337891
Epoch 3 Batch 12 | Loss: 0.356983
Epoch 3 Batch 13 | Loss: 0.361382
Epoch 3 Batch 14 | Loss: 0.358898
Epoch 3 Batch 15 | Loss: 0.387845
Epoch 3 Batch 16 | Loss: 0.372559
Epoch 3 Batch 17 | Loss: 0.319102
Epoch 3 Batch 18 | Loss: 0.346368
Epoch 3 Batch 19 | Loss: 0.342551
Epoch 3 Batch 20 | Loss: 0.390418
Epoch 3 Batch 21 | Loss: 0.358728
Epoch 3 Batch 22 | Loss: 0.329128
Epoch 3 Batch 23 | Loss: 0.362704
Epoch 3 Batch 24 | Loss: 0.342705
Epoch 3 Batch 25 | Loss: 0.359588
  [STABILITY] Test accuracy improved: 98.54% -> 99.13% (via EMA). Saving best params.
--- Epoch 3/30 | Loss: 0.3600 | Train Acc: 100.0% | Test Acc: 99.1% | CM: [TP:169, TN:171, FP:0, FN:3] | Progress: 10.0% | ETA: 172.5s ---
Epoch 4 Batch 1 | Loss: 0.335270 | Stats: min: -0.467, max: 0.534, mean: 0.135
Epoch 4 Batch 2 | Loss: 0.362275
Epoch 4 Batch 3 | Loss: 0.333472
Epoch 4 Batch 4 | Loss: 0.325790
Epoch 4 Batch 5 | Loss: 0.350909
Epoch 4 Batch 6 | Loss: 0.363464
Epoch 4 Batch 7 | Loss: 0.345056
Epoch 4 Batch 8 | Loss: 0.353629
Epoch 4 Batch 9 | Loss: 0.321773
Epoch 4 Batch 10 | Loss: 0.374869
Epoch 4 Batch 11 | Loss: 0.399465
Epoch 4 Batch 12 | Loss: 0.348906
Epoch 4 Batch 13 | Loss: 0.365516
Epoch 4 Batch 14 | Loss: 0.333369
Epoch 4 Batch 15 | Loss: 0.311194
Epoch 4 Batch 16 | Loss: 0.327942
Epoch 4 Batch 17 | Loss: 0.323500
Epoch 4 Batch 18 | Loss: 0.322922
Epoch 4 Batch 19 | Loss: 0.333811
Epoch 4 Batch 20 | Loss: 0.362197
Epoch 4 Batch 21 | Loss: 0.330199
Epoch 4 Batch 22 | Loss: 0.343296
Epoch 4 Batch 23 | Loss: 0.337491
Epoch 4 Batch 24 | Loss: 0.354927
Epoch 4 Batch 25 | Loss: 0.331431
  [STABILITY] Test accuracy improved: 99.13% -> 99.42% (via EMA). Saving best params.
--- Epoch 4/30 | Loss: 0.3437 | Train Acc: 100.0% | Test Acc: 99.4% | CM: [TP:170, TN:171, FP:0, FN:2] | Progress: 13.3% | ETA: 131.2s ---
Epoch 5 Batch 1 | Loss: 0.329275 | Stats: min: -0.620, max: 0.503, mean: -0.102
Epoch 5 Batch 2 | Loss: 0.333142
Epoch 5 Batch 3 | Loss: 0.343270
Epoch 5 Batch 4 | Loss: 0.341695
Epoch 5 Batch 5 | Loss: 0.317166
Epoch 5 Batch 6 | Loss: 0.323388
Epoch 5 Batch 7 | Loss: 0.354440
Epoch 5 Batch 8 | Loss: 0.326349
Epoch 5 Batch 9 | Loss: 0.291192
Epoch 5 Batch 10 | Loss: 0.339652
Epoch 5 Batch 11 | Loss: 0.310590
Epoch 5 Batch 12 | Loss: 0.344096
Epoch 5 Batch 13 | Loss: 0.305757
Epoch 5 Batch 14 | Loss: 0.322482
Epoch 5 Batch 15 | Loss: 0.359509
Epoch 5 Batch 16 | Loss: 0.329272
Epoch 5 Batch 17 | Loss: 0.339811
Epoch 5 Batch 18 | Loss: 0.317894
Epoch 5 Batch 19 | Loss: 0.332937
Epoch 5 Batch 20 | Loss: 0.302352
Epoch 5 Batch 21 | Loss: 0.351609
Epoch 5 Batch 22 | Loss: 0.339760
Epoch 5 Batch 23 | Loss: 0.306193
Epoch 5 Batch 24 | Loss: 0.363749
Epoch 5 Batch 25 | Loss: 0.330032
--- Epoch 5/30 | Loss: 0.3302 | Train Acc: 99.5% | Test Acc: 99.1% | CM: [TP:170, TN:170, FP:1, FN:2] | Progress: 16.7% | ETA: 98.6s ---
Epoch 6 Batch 1 | Loss: 0.312226 | Stats: min: -0.488, max: 0.571, mean: 0.108
Epoch 6 Batch 2 | Loss: 0.303731
Epoch 6 Batch 3 | Loss: 0.319309
Epoch 6 Batch 4 | Loss: 0.344841
Epoch 6 Batch 5 | Loss: 0.332499
Epoch 6 Batch 6 | Loss: 0.337992
Epoch 6 Batch 7 | Loss: 0.325151
Epoch 6 Batch 8 | Loss: 0.294070
Epoch 6 Batch 9 | Loss: 0.324470
Epoch 6 Batch 10 | Loss: 0.301504
Epoch 6 Batch 11 | Loss: 0.319980
Epoch 6 Batch 12 | Loss: 0.296029
Epoch 6 Batch 13 | Loss: 0.315342
Epoch 6 Batch 14 | Loss: 0.341184
Epoch 6 Batch 15 | Loss: 0.333472
Epoch 6 Batch 16 | Loss: 0.309209
Epoch 6 Batch 17 | Loss: 0.301604
Epoch 6 Batch 18 | Loss: 0.360769
Epoch 6 Batch 19 | Loss: 0.327621
Epoch 6 Batch 20 | Loss: 0.334506
Epoch 6 Batch 21 | Loss: 0.302365
Epoch 6 Batch 22 | Loss: 0.316185
Epoch 6 Batch 23 | Loss: 0.324870
Epoch 6 Batch 24 | Loss: 0.328801
Epoch 6 Batch 25 | Loss: 0.330541
--- Epoch 6/30 | Loss: 0.3215 | Train Acc: 99.5% | Test Acc: 98.8% | CM: [TP:170, TN:169, FP:2, FN:2] | Progress: 20.0% | ETA: 107.1s ---
Epoch 7 Batch 1 | Loss: 0.327665 | Stats: min: -0.573, max: 0.589, mean: -0.078
Epoch 7 Batch 2 | Loss: 0.324920
Epoch 7 Batch 3 | Loss: 0.311908
Epoch 7 Batch 4 | Loss: 0.321681
Epoch 7 Batch 5 | Loss: 0.323842
Epoch 7 Batch 6 | Loss: 0.294889
Epoch 7 Batch 7 | Loss: 0.299041
Epoch 7 Batch 8 | Loss: 0.334918
Epoch 7 Batch 9 | Loss: 0.301122
Epoch 7 Batch 10 | Loss: 0.337140
Epoch 7 Batch 11 | Loss: 0.298999
Epoch 7 Batch 12 | Loss: 0.315145
Epoch 7 Batch 13 | Loss: 0.289694
Epoch 7 Batch 14 | Loss: 0.316363
Epoch 7 Batch 15 | Loss: 0.329370
Epoch 7 Batch 16 | Loss: 0.294188
Epoch 7 Batch 17 | Loss: 0.293388
Epoch 7 Batch 18 | Loss: 0.301716
Epoch 7 Batch 19 | Loss: 0.321700
Epoch 7 Batch 20 | Loss: 0.341327
Epoch 7 Batch 21 | Loss: 0.321907
Epoch 7 Batch 22 | Loss: 0.330861
Epoch 7 Batch 23 | Loss: 0.341465
Epoch 7 Batch 24 | Loss: 0.303177
Epoch 7 Batch 25 | Loss: 0.319787
  [STABILITY] Plateau detected. Reducing Learning Rate to 0.010000
--- Epoch 7/30 | Loss: 0.3158 | Train Acc: 99.5% | Test Acc: 99.1% | CM: [TP:170, TN:170, FP:1, FN:2] | Progress: 23.3% | ETA: 76.0s ---
Epoch 8 Batch 1 | Loss: 0.313835 | Stats: min: -0.590, max: 0.583, mean: -0.046
Epoch 8 Batch 2 | Loss: 0.307474
Epoch 8 Batch 3 | Loss: 0.334268
Epoch 8 Batch 4 | Loss: 0.294079
Epoch 8 Batch 5 | Loss: 0.328199
Epoch 8 Batch 6 | Loss: 0.306789
Epoch 8 Batch 7 | Loss: 0.329457
Epoch 8 Batch 8 | Loss: 0.301647
Epoch 8 Batch 9 | Loss: 0.291171
Epoch 8 Batch 10 | Loss: 0.304455
Epoch 8 Batch 11 | Loss: 0.310782
Epoch 8 Batch 12 | Loss: 0.311682
Epoch 8 Batch 13 | Loss: 0.322824
Epoch 8 Batch 14 | Loss: 0.316574
Epoch 8 Batch 15 | Loss: 0.312252
Epoch 8 Batch 16 | Loss: 0.317334
Epoch 8 Batch 17 | Loss: 0.329062
Epoch 8 Batch 18 | Loss: 0.328585
Epoch 8 Batch 19 | Loss: 0.306648
Epoch 8 Batch 20 | Loss: 0.295668
Epoch 8 Batch 21 | Loss: 0.302951
Epoch 8 Batch 22 | Loss: 0.293970
Epoch 8 Batch 23 | Loss: 0.304445
Epoch 8 Batch 24 | Loss: 0.317909
Epoch 8 Batch 25 | Loss: 0.311454
--- Epoch 8/30 | Loss: 0.3117 | Train Acc: 99.5% | Test Acc: 99.1% | CM: [TP:170, TN:170, FP:1, FN:2] | Progress: 26.7% | ETA: 45.9s ---
Epoch 9 Batch 1 | Loss: 0.330918 | Stats: min: -0.372, max: 0.555, mean: 0.028
Epoch 9 Batch 2 | Loss: 0.302439
Epoch 9 Batch 3 | Loss: 0.324245
Epoch 9 Batch 4 | Loss: 0.318979
Epoch 9 Batch 5 | Loss: 0.302273
Epoch 9 Batch 6 | Loss: 0.308347
Epoch 9 Batch 7 | Loss: 0.313710
Epoch 9 Batch 8 | Loss: 0.311657
Epoch 9 Batch 9 | Loss: 0.284717
Epoch 9 Batch 10 | Loss: 0.336826
Epoch 9 Batch 11 | Loss: 0.296802
Epoch 9 Batch 12 | Loss: 0.301419
Epoch 9 Batch 13 | Loss: 0.319522
Epoch 9 Batch 14 | Loss: 0.309438
Epoch 9 Batch 15 | Loss: 0.312434
Epoch 9 Batch 16 | Loss: 0.288985
Epoch 9 Batch 17 | Loss: 0.299282
Epoch 9 Batch 18 | Loss: 0.335227
Epoch 9 Batch 19 | Loss: 0.310212
Epoch 9 Batch 20 | Loss: 0.315203
Epoch 9 Batch 21 | Loss: 0.325366
Epoch 9 Batch 22 | Loss: 0.299909
Epoch 9 Batch 23 | Loss: 0.324281
Epoch 9 Batch 24 | Loss: 0.294763
Epoch 9 Batch 25 | Loss: 0.310409
--- Epoch 9/30 | Loss: 0.3111 | Train Acc: 100.0% | Test Acc: 99.1% | CM: [TP:170, TN:170, FP:1, FN:2] | Progress: 30.0% | ETA: 44.5s ---
Epoch 10 Batch 1 | Loss: 0.319294 | Stats: min: -0.447, max: 0.581, mean: 0.255
Epoch 10 Batch 2 | Loss: 0.288386
Epoch 10 Batch 3 | Loss: 0.305845
Epoch 10 Batch 4 | Loss: 0.303739
Epoch 10 Batch 5 | Loss: 0.274016
Epoch 10 Batch 6 | Loss: 0.337188
Epoch 10 Batch 7 | Loss: 0.329537
Epoch 10 Batch 8 | Loss: 0.303208
Epoch 10 Batch 9 | Loss: 0.297706
Epoch 10 Batch 10 | Loss: 0.313263
Epoch 10 Batch 11 | Loss: 0.318957
Epoch 10 Batch 12 | Loss: 0.313232
Epoch 10 Batch 13 | Loss: 0.301016
Epoch 10 Batch 14 | Loss: 0.278438
Epoch 10 Batch 15 | Loss: 0.310766
Epoch 10 Batch 16 | Loss: 0.331075
Epoch 10 Batch 17 | Loss: 0.321695
Epoch 10 Batch 18 | Loss: 0.282350
Epoch 10 Batch 19 | Loss: 0.329557
Epoch 10 Batch 20 | Loss: 0.295803
Epoch 10 Batch 21 | Loss: 0.308226
Epoch 10 Batch 22 | Loss: 0.331177
Epoch 10 Batch 23 | Loss: 0.308125
Epoch 10 Batch 24 | Loss: 0.306566
Epoch 10 Batch 25 | Loss: 0.327139
  [STABILITY] Plateau detected. Reducing Learning Rate to 0.005000
--- Epoch 10/30 | Loss: 0.3095 | Train Acc: 100.0% | Test Acc: 99.1% | CM: [TP:170, TN:170, FP:1, FN:2] | Progress: 33.3% | ETA: 38.8s ---
Epoch 11 Batch 1 | Loss: 0.293658 | Stats: min: -0.504, max: 0.549, mean: 0.230
Epoch 11 Batch 2 | Loss: 0.285007
Epoch 11 Batch 3 | Loss: 0.324834
Epoch 11 Batch 4 | Loss: 0.306964
Epoch 11 Batch 5 | Loss: 0.300051
Epoch 11 Batch 6 | Loss: 0.319347
Epoch 11 Batch 7 | Loss: 0.312746
Epoch 11 Batch 8 | Loss: 0.314064
Epoch 11 Batch 9 | Loss: 0.297114
Epoch 11 Batch 10 | Loss: 0.303754
Epoch 11 Batch 11 | Loss: 0.314245
Epoch 11 Batch 12 | Loss: 0.320532
Epoch 11 Batch 13 | Loss: 0.298047
Epoch 11 Batch 14 | Loss: 0.305461
Epoch 11 Batch 15 | Loss: 0.305259
Epoch 11 Batch 16 | Loss: 0.300750
Epoch 11 Batch 17 | Loss: 0.316769
Epoch 11 Batch 18 | Loss: 0.298371
Epoch 11 Batch 19 | Loss: 0.311244
Epoch 11 Batch 20 | Loss: 0.299136
Epoch 11 Batch 21 | Loss: 0.306972
Epoch 11 Batch 22 | Loss: 0.280189
Epoch 11 Batch 23 | Loss: 0.323668
Epoch 11 Batch 24 | Loss: 0.321334
Epoch 11 Batch 25 | Loss: 0.327295
--- Epoch 11/30 | Loss: 0.3075 | Train Acc: 100.0% | Test Acc: 99.1% | CM: [TP:170, TN:170, FP:1, FN:2] | Progress: 36.7% | ETA: 34.1s ---
Epoch 12 Batch 1 | Loss: 0.297934 | Stats: min: -0.644, max: 0.600, mean: -0.303
Epoch 12 Batch 2 | Loss: 0.303967
Epoch 12 Batch 3 | Loss: 0.298097
Epoch 12 Batch 4 | Loss: 0.296827
Epoch 12 Batch 5 | Loss: 0.325624
Epoch 12 Batch 6 | Loss: 0.319174
Epoch 12 Batch 7 | Loss: 0.331275
Epoch 12 Batch 8 | Loss: 0.272996
Epoch 12 Batch 9 | Loss: 0.331669
Epoch 12 Batch 10 | Loss: 0.308347
Epoch 12 Batch 11 | Loss: 0.305198
Epoch 12 Batch 12 | Loss: 0.293660
Epoch 12 Batch 13 | Loss: 0.309512
Epoch 12 Batch 14 | Loss: 0.306385
Epoch 12 Batch 15 | Loss: 0.291876
Epoch 12 Batch 16 | Loss: 0.309893
Epoch 12 Batch 17 | Loss: 0.288037
Epoch 12 Batch 18 | Loss: 0.320141
Epoch 12 Batch 19 | Loss: 0.322386
Epoch 12 Batch 20 | Loss: 0.278100
Epoch 12 Batch 21 | Loss: 0.308873
Epoch 12 Batch 22 | Loss: 0.300929
Epoch 12 Batch 23 | Loss: 0.279942
Epoch 12 Batch 24 | Loss: 0.341958
Epoch 12 Batch 25 | Loss: 0.314111
--- Epoch 12/30 | Loss: 0.3063 | Train Acc: 100.0% | Test Acc: 99.1% | CM: [TP:170, TN:170, FP:1, FN:2] | Progress: 40.0% | ETA: 32.1s ---
Epoch 13 Batch 1 | Loss: 0.349742 | Stats: min: -0.598, max: 0.593, mean: -0.101
Epoch 13 Batch 2 | Loss: 0.302466
Epoch 13 Batch 3 | Loss: 0.286767
Epoch 13 Batch 4 | Loss: 0.358898
Epoch 13 Batch 5 | Loss: 0.285901
Epoch 13 Batch 6 | Loss: 0.310553
Epoch 13 Batch 7 | Loss: 0.306972
Epoch 13 Batch 8 | Loss: 0.289037
Epoch 13 Batch 9 | Loss: 0.297395
Epoch 13 Batch 10 | Loss: 0.320745
Epoch 13 Batch 11 | Loss: 0.313201
Epoch 13 Batch 12 | Loss: 0.320167
Epoch 13 Batch 13 | Loss: 0.305227
Epoch 13 Batch 14 | Loss: 0.314744
Epoch 13 Batch 15 | Loss: 0.296364
Epoch 13 Batch 16 | Loss: 0.312551
Epoch 13 Batch 17 | Loss: 0.277281
Epoch 13 Batch 18 | Loss: 0.287773
Epoch 13 Batch 19 | Loss: 0.286476
Epoch 13 Batch 20 | Loss: 0.284436
Epoch 13 Batch 21 | Loss: 0.305566
Epoch 13 Batch 22 | Loss: 0.331171
Epoch 13 Batch 23 | Loss: 0.304274
Epoch 13 Batch 24 | Loss: 0.300393
Epoch 13 Batch 25 | Loss: 0.291953
  [STABILITY] Plateau detected. Reducing Learning Rate to 0.002500
--- Epoch 13/30 | Loss: 0.3056 | Train Acc: 100.0% | Test Acc: 99.1% | CM: [TP:170, TN:170, FP:1, FN:2] | Progress: 43.3% | ETA: 27.6s ---
Epoch 14 Batch 1 | Loss: 0.316614 | Stats: min: -0.615, max: 0.607, mean: -0.102
Epoch 14 Batch 2 | Loss: 0.314392
Epoch 14 Batch 3 | Loss: 0.304256
Epoch 14 Batch 4 | Loss: 0.343246
Epoch 14 Batch 5 | Loss: 0.310065
Epoch 14 Batch 6 | Loss: 0.305121
Epoch 14 Batch 7 | Loss: 0.316806
Epoch 14 Batch 8 | Loss: 0.281593
Epoch 14 Batch 9 | Loss: 0.314412
Epoch 14 Batch 10 | Loss: 0.316682
Epoch 14 Batch 11 | Loss: 0.279945
Epoch 14 Batch 12 | Loss: 0.298097
Epoch 14 Batch 13 | Loss: 0.282368
Epoch 14 Batch 14 | Loss: 0.306436
Epoch 14 Batch 15 | Loss: 0.309450
Epoch 14 Batch 16 | Loss: 0.313675
Epoch 14 Batch 17 | Loss: 0.315587
Epoch 14 Batch 18 | Loss: 0.279513
Epoch 14 Batch 19 | Loss: 0.334676
Epoch 14 Batch 20 | Loss: 0.299342
Epoch 14 Batch 21 | Loss: 0.304846
Epoch 14 Batch 22 | Loss: 0.312067
Epoch 14 Batch 23 | Loss: 0.274614
Epoch 14 Batch 24 | Loss: 0.304547
Epoch 14 Batch 25 | Loss: 0.278057
--- Epoch 14/30 | Loss: 0.3047 | Train Acc: 100.0% | Test Acc: 99.1% | CM: [TP:170, TN:170, FP:1, FN:2] | Progress: 46.7% | ETA: 32.3s ---
Epoch 15 Batch 1 | Loss: 0.323776 | Stats: min: -0.602, max: 0.564, mean: -0.172
Epoch 15 Batch 2 | Loss: 0.309189
Epoch 15 Batch 3 | Loss: 0.294821
Epoch 15 Batch 4 | Loss: 0.300527
Epoch 15 Batch 5 | Loss: 0.297339
Epoch 15 Batch 6 | Loss: 0.293918
Epoch 15 Batch 7 | Loss: 0.269665
Epoch 15 Batch 8 | Loss: 0.310411
Epoch 15 Batch 9 | Loss: 0.298748
Epoch 15 Batch 10 | Loss: 0.316225
Epoch 15 Batch 11 | Loss: 0.308246
Epoch 15 Batch 12 | Loss: 0.287493
Epoch 15 Batch 13 | Loss: 0.291687
Epoch 15 Batch 14 | Loss: 0.296151
Epoch 15 Batch 15 | Loss: 0.283875
Epoch 15 Batch 16 | Loss: 0.342430
Epoch 15 Batch 17 | Loss: 0.312486
Epoch 15 Batch 18 | Loss: 0.296002
Epoch 15 Batch 19 | Loss: 0.322008
Epoch 15 Batch 20 | Loss: 0.304499
Epoch 15 Batch 21 | Loss: 0.291577
Epoch 15 Batch 22 | Loss: 0.309959
Epoch 15 Batch 23 | Loss: 0.301567
Epoch 15 Batch 24 | Loss: 0.313126
Epoch 15 Batch 25 | Loss: 0.322700
--- Epoch 15/30 | Loss: 0.3039 | Train Acc: 100.0% | Test Acc: 99.1% | CM: [TP:170, TN:170, FP:1, FN:2] | Progress: 50.0% | ETA: 27.9s ---
Epoch 16 Batch 1 | Loss: 0.312349 | Stats: min: -0.597, max: 0.439, mean: -0.162
Epoch 16 Batch 2 | Loss: 0.293531
Epoch 16 Batch 3 | Loss: 0.311409
Epoch 16 Batch 4 | Loss: 0.309281
Epoch 16 Batch 5 | Loss: 0.325818
Epoch 16 Batch 6 | Loss: 0.267337
Epoch 16 Batch 7 | Loss: 0.280983
Epoch 16 Batch 8 | Loss: 0.311024
Epoch 16 Batch 9 | Loss: 0.322324
Epoch 16 Batch 10 | Loss: 0.277646
Epoch 16 Batch 11 | Loss: 0.285636
Epoch 16 Batch 12 | Loss: 0.305226
Epoch 16 Batch 13 | Loss: 0.300749
Epoch 16 Batch 14 | Loss: 0.322916
Epoch 16 Batch 15 | Loss: 0.341199
Epoch 16 Batch 16 | Loss: 0.298262
Epoch 16 Batch 17 | Loss: 0.322056
Epoch 16 Batch 18 | Loss: 0.270534
Epoch 16 Batch 19 | Loss: 0.323922
Epoch 16 Batch 20 | Loss: 0.318655
Epoch 16 Batch 21 | Loss: 0.334879
Epoch 16 Batch 22 | Loss: 0.287758
Epoch 16 Batch 23 | Loss: 0.286426
Epoch 16 Batch 24 | Loss: 0.286434
Epoch 16 Batch 25 | Loss: 0.283245
  [STABILITY] Plateau detected. Reducing Learning Rate to 0.001250
--- Epoch 16/30 | Loss: 0.3032 | Train Acc: 100.0% | Test Acc: 99.1% | CM: [TP:170, TN:170, FP:1, FN:2] | Progress: 53.3% | ETA: 16.0s ---
Epoch 17 Batch 1 | Loss: 0.288174 | Stats: min: -0.605, max: 0.618, mean: 0.338
Epoch 17 Batch 2 | Loss: 0.318433
Epoch 17 Batch 3 | Loss: 0.299472
Epoch 17 Batch 4 | Loss: 0.310547
Epoch 17 Batch 5 | Loss: 0.306337
Epoch 17 Batch 6 | Loss: 0.266606
Epoch 17 Batch 7 | Loss: 0.293291
Epoch 17 Batch 8 | Loss: 0.294251
Epoch 17 Batch 9 | Loss: 0.311633
Epoch 17 Batch 10 | Loss: 0.350304
Epoch 17 Batch 11 | Loss: 0.336967
Epoch 17 Batch 12 | Loss: 0.296817
Epoch 17 Batch 13 | Loss: 0.314513
Epoch 17 Batch 14 | Loss: 0.309936
Epoch 17 Batch 15 | Loss: 0.308378
Epoch 17 Batch 16 | Loss: 0.264617
Epoch 17 Batch 17 | Loss: 0.292992
Epoch 17 Batch 18 | Loss: 0.314176
Epoch 17 Batch 19 | Loss: 0.293197
Epoch 17 Batch 20 | Loss: 0.312367
Epoch 17 Batch 21 | Loss: 0.265912
Epoch 17 Batch 22 | Loss: 0.309728
Epoch 17 Batch 23 | Loss: 0.316481
Epoch 17 Batch 24 | Loss: 0.291563
Epoch 17 Batch 25 | Loss: 0.301935
--- Epoch 17/30 | Loss: 0.3027 | Train Acc: 100.0% | Test Acc: 99.1% | CM: [TP:170, TN:170, FP:1, FN:2] | Progress: 56.7% | ETA: 15.9s ---
Epoch 18 Batch 1 | Loss: 0.283205 | Stats: min: -0.612, max: 0.635, mean: 0.058
Epoch 18 Batch 2 | Loss: 0.325843
Epoch 18 Batch 3 | Loss: 0.331347
Epoch 18 Batch 4 | Loss: 0.325607
Epoch 18 Batch 5 | Loss: 0.306556
Epoch 18 Batch 6 | Loss: 0.294401
Epoch 18 Batch 7 | Loss: 0.299838
Epoch 18 Batch 8 | Loss: 0.329930
Epoch 18 Batch 9 | Loss: 0.304286
Epoch 18 Batch 10 | Loss: 0.304911
Epoch 18 Batch 11 | Loss: 0.309507
Epoch 18 Batch 12 | Loss: 0.328341
Epoch 18 Batch 13 | Loss: 0.278366
Epoch 18 Batch 14 | Loss: 0.277566
Epoch 18 Batch 15 | Loss: 0.293923
Epoch 18 Batch 16 | Loss: 0.307554
Epoch 18 Batch 17 | Loss: 0.319978
Epoch 18 Batch 18 | Loss: 0.323498
Epoch 18 Batch 19 | Loss: 0.281318
Epoch 18 Batch 20 | Loss: 0.321015
Epoch 18 Batch 21 | Loss: 0.258750
Epoch 18 Batch 22 | Loss: 0.309792
Epoch 18 Batch 23 | Loss: 0.296711
Epoch 18 Batch 24 | Loss: 0.275093
Epoch 18 Batch 25 | Loss: 0.275076
--- Epoch 18/30 | Loss: 0.3025 | Train Acc: 100.0% | Test Acc: 99.1% | CM: [TP:170, TN:170, FP:1, FN:2] | Progress: 60.0% | ETA: 13.2s ---
Epoch 19 Batch 1 | Loss: 0.311554 | Stats: min: -0.542, max: 0.646, mean: 0.096
Epoch 19 Batch 2 | Loss: 0.306569
Epoch 19 Batch 3 | Loss: 0.303699
Epoch 19 Batch 4 | Loss: 0.286734
Epoch 19 Batch 5 | Loss: 0.300749
Epoch 19 Batch 6 | Loss: 0.316040
Epoch 19 Batch 7 | Loss: 0.281580
Epoch 19 Batch 8 | Loss: 0.300910
Epoch 19 Batch 9 | Loss: 0.287485
Epoch 19 Batch 10 | Loss: 0.317854
Epoch 19 Batch 11 | Loss: 0.275563
Epoch 19 Batch 12 | Loss: 0.300708
Epoch 19 Batch 13 | Loss: 0.295901
Epoch 19 Batch 14 | Loss: 0.318755
Epoch 19 Batch 15 | Loss: 0.284084
Epoch 19 Batch 16 | Loss: 0.281550
Epoch 19 Batch 17 | Loss: 0.306910
Epoch 19 Batch 18 | Loss: 0.313159
Epoch 19 Batch 19 | Loss: 0.327319
Epoch 19 Batch 20 | Loss: 0.318827
Epoch 19 Batch 21 | Loss: 0.296426
Epoch 19 Batch 22 | Loss: 0.327116
Epoch 19 Batch 23 | Loss: 0.320939
Epoch 19 Batch 24 | Loss: 0.266411
Epoch 19 Batch 25 | Loss: 0.312292
  [STABILITY] Plateau detected. Reducing Learning Rate to 0.000625
--- Epoch 19/30 | Loss: 0.3024 | Train Acc: 100.0% | Test Acc: 99.1% | CM: [TP:170, TN:170, FP:1, FN:2] | Progress: 63.3% | ETA: 13.2s ---
Epoch 20 Batch 1 | Loss: 0.305132 | Stats: min: -0.501, max: 0.570, mean: 0.240
Epoch 20 Batch 2 | Loss: 0.307103
Epoch 20 Batch 3 | Loss: 0.316784
Epoch 20 Batch 4 | Loss: 0.297063
Epoch 20 Batch 5 | Loss: 0.295065
Epoch 20 Batch 6 | Loss: 0.314438
Epoch 20 Batch 7 | Loss: 0.283034
Epoch 20 Batch 8 | Loss: 0.280062
Epoch 20 Batch 9 | Loss: 0.289872
Epoch 20 Batch 10 | Loss: 0.302056
Epoch 20 Batch 11 | Loss: 0.290916
Epoch 20 Batch 12 | Loss: 0.307173
Epoch 20 Batch 13 | Loss: 0.290506
Epoch 20 Batch 14 | Loss: 0.331060
Epoch 20 Batch 15 | Loss: 0.297728
Epoch 20 Batch 16 | Loss: 0.300569
Epoch 20 Batch 17 | Loss: 0.287485
Epoch 20 Batch 18 | Loss: 0.278375
Epoch 20 Batch 19 | Loss: 0.323609
Epoch 20 Batch 20 | Loss: 0.300610
Epoch 20 Batch 21 | Loss: 0.308936
Epoch 20 Batch 22 | Loss: 0.276369
Epoch 20 Batch 23 | Loss: 0.331877
Epoch 20 Batch 24 | Loss: 0.324051
Epoch 20 Batch 25 | Loss: 0.312320
--- Epoch 20/30 | Loss: 0.3021 | Train Acc: 100.0% | Test Acc: 99.1% | CM: [TP:170, TN:170, FP:1, FN:2] | Progress: 66.7% | ETA: 8.7s ---
Epoch 21 Batch 1 | Loss: 0.299645 | Stats: min: -0.153, max: 0.502, mean: 0.317
Epoch 21 Batch 2 | Loss: 0.305096
Epoch 21 Batch 3 | Loss: 0.279242
Epoch 21 Batch 4 | Loss: 0.287077
Epoch 21 Batch 5 | Loss: 0.305572
Epoch 21 Batch 6 | Loss: 0.296523
Epoch 21 Batch 7 | Loss: 0.311538
Epoch 21 Batch 8 | Loss: 0.309144
Epoch 21 Batch 9 | Loss: 0.299541
Epoch 21 Batch 10 | Loss: 0.289692
Epoch 21 Batch 11 | Loss: 0.300487
Epoch 21 Batch 12 | Loss: 0.333174
Epoch 21 Batch 13 | Loss: 0.289902
Epoch 21 Batch 14 | Loss: 0.307598
Epoch 21 Batch 15 | Loss: 0.303234
Epoch 21 Batch 16 | Loss: 0.288364
Epoch 21 Batch 17 | Loss: 0.313299
Epoch 21 Batch 18 | Loss: 0.307939
Epoch 21 Batch 19 | Loss: 0.289990
Epoch 21 Batch 20 | Loss: 0.330338
Epoch 21 Batch 21 | Loss: 0.271209
Epoch 21 Batch 22 | Loss: 0.332833
Epoch 21 Batch 23 | Loss: 0.294701
Epoch 21 Batch 24 | Loss: 0.310979
Epoch 21 Batch 25 | Loss: 0.292356
--- Epoch 21/30 | Loss: 0.3020 | Train Acc: 100.0% | Test Acc: 98.8% | CM: [TP:170, TN:169, FP:2, FN:2] | Progress: 70.0% | ETA: 8.9s ---
Epoch 22 Batch 1 | Loss: 0.262203 | Stats: min: -0.571, max: 0.611, mean: 0.107
Epoch 22 Batch 2 | Loss: 0.278497
Epoch 22 Batch 3 | Loss: 0.326059
Epoch 22 Batch 4 | Loss: 0.299933
Epoch 22 Batch 5 | Loss: 0.299483
Epoch 22 Batch 6 | Loss: 0.288049
Epoch 22 Batch 7 | Loss: 0.289327
Epoch 22 Batch 8 | Loss: 0.339305
Epoch 22 Batch 9 | Loss: 0.313953
Epoch 22 Batch 10 | Loss: 0.321863
Epoch 22 Batch 11 | Loss: 0.319167
Epoch 22 Batch 12 | Loss: 0.283477
Epoch 22 Batch 13 | Loss: 0.299406
Epoch 22 Batch 14 | Loss: 0.264115
Epoch 22 Batch 15 | Loss: 0.315197
Epoch 22 Batch 16 | Loss: 0.310928
Epoch 22 Batch 17 | Loss: 0.306939
Epoch 22 Batch 18 | Loss: 0.293713
Epoch 22 Batch 19 | Loss: 0.313404
Epoch 22 Batch 20 | Loss: 0.336285
Epoch 22 Batch 21 | Loss: 0.280839
Epoch 22 Batch 22 | Loss: 0.313132
Epoch 22 Batch 23 | Loss: 0.292417
Epoch 22 Batch 24 | Loss: 0.301726
Epoch 22 Batch 25 | Loss: 0.298479
  [STABILITY] Plateau detected. Reducing Learning Rate to 0.000313
--- Epoch 22/30 | Loss: 0.3019 | Train Acc: 100.0% | Test Acc: 98.8% | CM: [TP:170, TN:169, FP:2, FN:2] | Progress: 73.3% | ETA: 6.4s ---
Epoch 23 Batch 1 | Loss: 0.305149 | Stats: min: -0.283, max: 0.580, mean: 0.381
Epoch 23 Batch 2 | Loss: 0.300590
Epoch 23 Batch 3 | Loss: 0.292058
Epoch 23 Batch 4 | Loss: 0.285276
Epoch 23 Batch 5 | Loss: 0.298865
Epoch 23 Batch 6 | Loss: 0.293937
Epoch 23 Batch 7 | Loss: 0.298623
Epoch 23 Batch 8 | Loss: 0.310089
Epoch 23 Batch 9 | Loss: 0.316239
Epoch 23 Batch 10 | Loss: 0.291628
Epoch 23 Batch 11 | Loss: 0.296357
Epoch 23 Batch 12 | Loss: 0.296273
Epoch 23 Batch 13 | Loss: 0.341039
Epoch 23 Batch 14 | Loss: 0.295049
Epoch 23 Batch 15 | Loss: 0.273281
Epoch 23 Batch 16 | Loss: 0.279679
Epoch 23 Batch 17 | Loss: 0.278558
Epoch 23 Batch 18 | Loss: 0.273167
Epoch 23 Batch 19 | Loss: 0.344017
Epoch 23 Batch 20 | Loss: 0.288839
Epoch 23 Batch 21 | Loss: 0.289793
Epoch 23 Batch 22 | Loss: 0.343644
Epoch 23 Batch 23 | Loss: 0.319824
Epoch 23 Batch 24 | Loss: 0.346777
Epoch 23 Batch 25 | Loss: 0.284897
--- Epoch 23/30 | Loss: 0.3017 | Train Acc: 100.0% | Test Acc: 98.8% | CM: [TP:170, TN:169, FP:2, FN:2] | Progress: 76.7% | ETA: 5.1s ---
Epoch 24 Batch 1 | Loss: 0.314333 | Stats: min: -0.618, max: 0.588, mean: -0.236
Epoch 24 Batch 2 | Loss: 0.284614
Epoch 24 Batch 3 | Loss: 0.302038
Epoch 24 Batch 4 | Loss: 0.291145
Epoch 24 Batch 5 | Loss: 0.302250
Epoch 24 Batch 6 | Loss: 0.347431
Epoch 24 Batch 7 | Loss: 0.289972
Epoch 24 Batch 8 | Loss: 0.303388
Epoch 24 Batch 9 | Loss: 0.337664
Epoch 24 Batch 10 | Loss: 0.318902
Epoch 24 Batch 11 | Loss: 0.292002
Epoch 24 Batch 12 | Loss: 0.262572
Epoch 24 Batch 13 | Loss: 0.326739
Epoch 24 Batch 14 | Loss: 0.300799
Epoch 24 Batch 15 | Loss: 0.282413
Epoch 24 Batch 16 | Loss: 0.307545
Epoch 24 Batch 17 | Loss: 0.309032
Epoch 24 Batch 18 | Loss: 0.278226
Epoch 24 Batch 19 | Loss: 0.310703
Epoch 24 Batch 20 | Loss: 0.270886
Epoch 24 Batch 21 | Loss: 0.283379
Epoch 24 Batch 22 | Loss: 0.297735
Epoch 24 Batch 23 | Loss: 0.305218
Epoch 24 Batch 24 | Loss: 0.301521
Epoch 24 Batch 25 | Loss: 0.323909
--- Epoch 24/30 | Loss: 0.3018 | Train Acc: 100.0% | Test Acc: 98.8% | CM: [TP:170, TN:169, FP:2, FN:2] | Progress: 80.0% | ETA: 4.7s ---
Epoch 25 Batch 1 | Loss: 0.337690 | Stats: min: -0.595, max: 0.633, mean: 0.163
Epoch 25 Batch 2 | Loss: 0.286147
Epoch 25 Batch 3 | Loss: 0.291693
Epoch 25 Batch 4 | Loss: 0.291334
Epoch 25 Batch 5 | Loss: 0.288024
Epoch 25 Batch 6 | Loss: 0.296564
Epoch 25 Batch 7 | Loss: 0.303173
Epoch 25 Batch 8 | Loss: 0.320211
Epoch 25 Batch 9 | Loss: 0.303618
Epoch 25 Batch 10 | Loss: 0.300424
Epoch 25 Batch 11 | Loss: 0.290707
Epoch 25 Batch 12 | Loss: 0.300149
Epoch 25 Batch 13 | Loss: 0.295188
Epoch 25 Batch 14 | Loss: 0.273128
Epoch 25 Batch 15 | Loss: 0.309164
Epoch 25 Batch 16 | Loss: 0.264662
Epoch 25 Batch 17 | Loss: 0.292079
Epoch 25 Batch 18 | Loss: 0.290477
Epoch 25 Batch 19 | Loss: 0.317722
Epoch 25 Batch 20 | Loss: 0.321354
Epoch 25 Batch 21 | Loss: 0.332988
Epoch 25 Batch 22 | Loss: 0.282459
Epoch 25 Batch 23 | Loss: 0.289001
Epoch 25 Batch 24 | Loss: 0.306345
Epoch 25 Batch 25 | Loss: 0.359600
  [STABILITY] Plateau detected. Reducing Learning Rate to 0.000156
--- Epoch 25/30 | Loss: 0.3018 | Train Acc: 100.0% | Test Acc: 98.8% | CM: [TP:170, TN:169, FP:2, FN:2] | Progress: 83.3% | ETA: 5.2s ---
Epoch 26 Batch 1 | Loss: 0.301771 | Stats: min: -0.558, max: 0.588, mean: -0.212
Epoch 26 Batch 2 | Loss: 0.314325
Epoch 26 Batch 3 | Loss: 0.280025
Epoch 26 Batch 4 | Loss: 0.301434
Epoch 26 Batch 5 | Loss: 0.325614
Epoch 26 Batch 6 | Loss: 0.318079
Epoch 26 Batch 7 | Loss: 0.326730
Epoch 26 Batch 8 | Loss: 0.320405
Epoch 26 Batch 9 | Loss: 0.293096
Epoch 26 Batch 10 | Loss: 0.296981
Epoch 26 Batch 11 | Loss: 0.315739
Epoch 26 Batch 12 | Loss: 0.270991
Epoch 26 Batch 13 | Loss: 0.282946
Epoch 26 Batch 14 | Loss: 0.282481
Epoch 26 Batch 15 | Loss: 0.312176
Epoch 26 Batch 16 | Loss: 0.313418
Epoch 26 Batch 17 | Loss: 0.326155
Epoch 26 Batch 18 | Loss: 0.293931
Epoch 26 Batch 19 | Loss: 0.286941
Epoch 26 Batch 20 | Loss: 0.294459
Epoch 26 Batch 21 | Loss: 0.313928
Epoch 26 Batch 22 | Loss: 0.279169
Epoch 26 Batch 23 | Loss: 0.287963
Epoch 26 Batch 24 | Loss: 0.313896
Epoch 26 Batch 25 | Loss: 0.287813
--- Epoch 26/30 | Loss: 0.3016 | Train Acc: 100.0% | Test Acc: 98.8% | CM: [TP:170, TN:169, FP:2, FN:2] | Progress: 86.7% | ETA: 2.9s ---
Epoch 27 Batch 1 | Loss: 0.279469 | Stats: min: -0.613, max: 0.602, mean: 0.113
Epoch 27 Batch 2 | Loss: 0.303144
Epoch 27 Batch 3 | Loss: 0.335602
Epoch 27 Batch 4 | Loss: 0.278675
Epoch 27 Batch 5 | Loss: 0.294856
Epoch 27 Batch 6 | Loss: 0.303276
Epoch 27 Batch 7 | Loss: 0.300916
Epoch 27 Batch 8 | Loss: 0.323416
Epoch 27 Batch 9 | Loss: 0.296778
Epoch 27 Batch 10 | Loss: 0.305936
Epoch 27 Batch 11 | Loss: 0.284991
Epoch 27 Batch 12 | Loss: 0.292643
Epoch 27 Batch 13 | Loss: 0.287177
Epoch 27 Batch 14 | Loss: 0.274898
Epoch 27 Batch 15 | Loss: 0.289035
Epoch 27 Batch 16 | Loss: 0.348570
Epoch 27 Batch 17 | Loss: 0.310390
Epoch 27 Batch 18 | Loss: 0.335437
Epoch 27 Batch 19 | Loss: 0.296383
Epoch 27 Batch 20 | Loss: 0.285703
Epoch 27 Batch 21 | Loss: 0.298303
Epoch 27 Batch 22 | Loss: 0.292312
Epoch 27 Batch 23 | Loss: 0.314986
Epoch 27 Batch 24 | Loss: 0.298254
Epoch 27 Batch 25 | Loss: 0.309025
--- Epoch 27/30 | Loss: 0.3016 | Train Acc: 100.0% | Test Acc: 98.8% | CM: [TP:170, TN:169, FP:2, FN:2] | Progress: 90.0% | ETA: 2.0s ---
Epoch 28 Batch 1 | Loss: 0.322597 | Stats: min: -0.302, max: 0.632, mean: 0.273
Epoch 28 Batch 2 | Loss: 0.298569
Epoch 28 Batch 3 | Loss: 0.301519
Epoch 28 Batch 4 | Loss: 0.293455
Epoch 28 Batch 5 | Loss: 0.312851
Epoch 28 Batch 6 | Loss: 0.347417
Epoch 28 Batch 7 | Loss: 0.287760
Epoch 28 Batch 8 | Loss: 0.291379
Epoch 28 Batch 9 | Loss: 0.299295
Epoch 28 Batch 10 | Loss: 0.297899
Epoch 28 Batch 11 | Loss: 0.300434
Epoch 28 Batch 12 | Loss: 0.293019
Epoch 28 Batch 13 | Loss: 0.297393
Epoch 28 Batch 14 | Loss: 0.278995
Epoch 28 Batch 15 | Loss: 0.321943
Epoch 28 Batch 16 | Loss: 0.291996
Epoch 28 Batch 17 | Loss: 0.325163
Epoch 28 Batch 18 | Loss: 0.299776
Epoch 28 Batch 19 | Loss: 0.322081
Epoch 28 Batch 20 | Loss: 0.278749
Epoch 28 Batch 21 | Loss: 0.283318
Epoch 28 Batch 22 | Loss: 0.289994
Epoch 28 Batch 23 | Loss: 0.281452
Epoch 28 Batch 24 | Loss: 0.300821
Epoch 28 Batch 25 | Loss: 0.322176
  [STABILITY] Plateau detected. Reducing Learning Rate to 0.000078
--- Epoch 28/30 | Loss: 0.3016 | Train Acc: 100.0% | Test Acc: 98.8% | CM: [TP:170, TN:169, FP:2, FN:2] | Progress: 93.3% | ETA: 1.5s ---
Epoch 29 Batch 1 | Loss: 0.272765 | Stats: min: -0.555, max: 0.599, mean: 0.080
Epoch 29 Batch 2 | Loss: 0.317378
Epoch 29 Batch 3 | Loss: 0.305528
Epoch 29 Batch 4 | Loss: 0.291010
Epoch 29 Batch 5 | Loss: 0.282244
Epoch 29 Batch 6 | Loss: 0.294762
Epoch 29 Batch 7 | Loss: 0.323285
Epoch 29 Batch 8 | Loss: 0.286584
Epoch 29 Batch 9 | Loss: 0.298639
Epoch 29 Batch 10 | Loss: 0.297045
Epoch 29 Batch 11 | Loss: 0.296193
Epoch 29 Batch 12 | Loss: 0.290453
Epoch 29 Batch 13 | Loss: 0.279870
Epoch 29 Batch 14 | Loss: 0.280403
Epoch 29 Batch 15 | Loss: 0.293747
Epoch 29 Batch 16 | Loss: 0.322532
Epoch 29 Batch 17 | Loss: 0.277905
Epoch 29 Batch 18 | Loss: 0.356889
Epoch 29 Batch 19 | Loss: 0.340888
Epoch 29 Batch 20 | Loss: 0.293424
Epoch 29 Batch 21 | Loss: 0.307793
Epoch 29 Batch 22 | Loss: 0.292918
Epoch 29 Batch 23 | Loss: 0.299792
Epoch 29 Batch 24 | Loss: 0.335365
Epoch 29 Batch 25 | Loss: 0.301331
--- Epoch 29/30 | Loss: 0.3015 | Train Acc: 100.0% | Test Acc: 98.8% | CM: [TP:170, TN:169, FP:2, FN:2] | Progress: 96.7% | ETA: 0.6s ---
Epoch 30 Batch 1 | Loss: 0.295944 | Stats: min: -0.479, max: 0.639, mean: 0.366
Epoch 30 Batch 2 | Loss: 0.313212
Epoch 30 Batch 3 | Loss: 0.293414
Epoch 30 Batch 4 | Loss: 0.306510
Epoch 30 Batch 5 | Loss: 0.274383
Epoch 30 Batch 6 | Loss: 0.329242
Epoch 30 Batch 7 | Loss: 0.301510
Epoch 30 Batch 8 | Loss: 0.279922
Epoch 30 Batch 9 | Loss: 0.297983
Epoch 30 Batch 10 | Loss: 0.336946
Epoch 30 Batch 11 | Loss: 0.290533
Epoch 30 Batch 12 | Loss: 0.292104
Epoch 30 Batch 13 | Loss: 0.292613
Epoch 30 Batch 14 | Loss: 0.278485
Epoch 30 Batch 15 | Loss: 0.314445
Epoch 30 Batch 16 | Loss: 0.333318
Epoch 30 Batch 17 | Loss: 0.293931
Epoch 30 Batch 18 | Loss: 0.301280
Epoch 30 Batch 19 | Loss: 0.278942
Epoch 30 Batch 20 | Loss: 0.284683
Epoch 30 Batch 21 | Loss: 0.315032
Epoch 30 Batch 22 | Loss: 0.297284
Epoch 30 Batch 23 | Loss: 0.307496
Epoch 30 Batch 24 | Loss: 0.328150
Epoch 30 Batch 25 | Loss: 0.301226
--- Epoch 30/30 | Loss: 0.3015 | Train Acc: 100.0% | Test Acc: 98.8% | CM: [TP:170, TN:169, FP:2, FN:2] | Progress: 100.0% | ETA: 0.0s ---

Final Best Test Accuracy: 99.42%


Best Quantum Test Accuracy: 0.994
