DEBUG: Qtrainer enters train_pure_quantum_cnn. Encoding: amplitude
  Class Weights: +1 (Target): 1.00 | -1 (Rest): 1.00
Starting Training
==================================================
Epoch 1 Batch 1 | Loss: 0.757054 | Stats: min: -0.100, max: 0.042, mean: -0.005
Epoch 1 Batch 2 | Loss: 0.711228
Epoch 1 Batch 3 | Loss: 0.649882
Epoch 1 Batch 4 | Loss: 0.614310
Epoch 1 Batch 5 | Loss: 0.597352
Epoch 1 Batch 6 | Loss: 0.574434
Epoch 1 Batch 7 | Loss: 0.570535
Epoch 1 Batch 8 | Loss: 0.546055
Epoch 1 Batch 9 | Loss: 0.529296
Epoch 1 Batch 10 | Loss: 0.523063
Epoch 1 Batch 11 | Loss: 0.527710
Epoch 1 Batch 12 | Loss: 0.525729
Epoch 1 Batch 13 | Loss: 0.477083
  [STABILITY] Test accuracy improved: 0.00% -> 50.00% (via EMA). Saving best params.
--- Epoch 1/30 | Loss: 0.5849 | Train Acc: 46.5% | Test Acc: 50.0% | CM: [TP:59, TN:27, FP:59, FN:27] | Progress: 3.3% | ETA: 417.1s ---
Epoch 2 Batch 1 | Loss: 0.482493 | Stats: min: -0.283, max: 0.438, mean: 0.041
Epoch 2 Batch 2 | Loss: 0.462726
Epoch 2 Batch 3 | Loss: 0.464028
Epoch 2 Batch 4 | Loss: 0.446117
Epoch 2 Batch 5 | Loss: 0.471820
Epoch 2 Batch 6 | Loss: 0.448350
Epoch 2 Batch 7 | Loss: 0.480677
Epoch 2 Batch 8 | Loss: 0.465578
Epoch 2 Batch 9 | Loss: 0.438668
Epoch 2 Batch 10 | Loss: 0.449948
Epoch 2 Batch 11 | Loss: 0.432702
Epoch 2 Batch 12 | Loss: 0.482069
Epoch 2 Batch 13 | Loss: 0.455463
  [STABILITY] Test accuracy improved: 50.00% -> 68.60% (via EMA). Saving best params.
--- Epoch 2/30 | Loss: 0.4600 | Train Acc: 70.0% | Test Acc: 68.6% | CM: [TP:83, TN:35, FP:51, FN:3] | Progress: 6.7% | ETA: 172.2s ---
Epoch 3 Batch 1 | Loss: 0.453513 | Stats: min: -0.402, max: 0.444, mean: 0.073
Epoch 3 Batch 2 | Loss: 0.426088
Epoch 3 Batch 3 | Loss: 0.429463
Epoch 3 Batch 4 | Loss: 0.415905
Epoch 3 Batch 5 | Loss: 0.419636
Epoch 3 Batch 6 | Loss: 0.398201
Epoch 3 Batch 7 | Loss: 0.405192
Epoch 3 Batch 8 | Loss: 0.412102
Epoch 3 Batch 9 | Loss: 0.426268
Epoch 3 Batch 10 | Loss: 0.407129
Epoch 3 Batch 11 | Loss: 0.430729
Epoch 3 Batch 12 | Loss: 0.414566
Epoch 3 Batch 13 | Loss: 0.366960
  [STABILITY] Test accuracy improved: 68.60% -> 84.30% (via EMA). Saving best params.
--- Epoch 3/30 | Loss: 0.4158 | Train Acc: 84.5% | Test Acc: 84.3% | CM: [TP:85, TN:60, FP:26, FN:1] | Progress: 10.0% | ETA: 102.0s ---
Epoch 4 Batch 1 | Loss: 0.383419 | Stats: min: -0.400, max: 0.460, mean: 0.117
Epoch 4 Batch 2 | Loss: 0.368177
Epoch 4 Batch 3 | Loss: 0.385834
Epoch 4 Batch 4 | Loss: 0.369705
Epoch 4 Batch 5 | Loss: 0.417103
Epoch 4 Batch 6 | Loss: 0.391150
Epoch 4 Batch 7 | Loss: 0.417514
Epoch 4 Batch 8 | Loss: 0.388407
Epoch 4 Batch 9 | Loss: 0.413341
Epoch 4 Batch 10 | Loss: 0.397426
Epoch 4 Batch 11 | Loss: 0.393699
Epoch 4 Batch 12 | Loss: 0.367133
Epoch 4 Batch 13 | Loss: 0.354769
  [STABILITY] Test accuracy improved: 84.30% -> 91.28% (via EMA). Saving best params.
--- Epoch 4/30 | Loss: 0.3883 | Train Acc: 94.0% | Test Acc: 91.3% | CM: [TP:85, TN:72, FP:14, FN:1] | Progress: 13.3% | ETA: 60.3s ---
Epoch 5 Batch 1 | Loss: 0.377104 | Stats: min: -0.440, max: 0.426, mean: 0.070
Epoch 5 Batch 2 | Loss: 0.377328
Epoch 5 Batch 3 | Loss: 0.399682
Epoch 5 Batch 4 | Loss: 0.348321
Epoch 5 Batch 5 | Loss: 0.373513
Epoch 5 Batch 6 | Loss: 0.381858
Epoch 5 Batch 7 | Loss: 0.421258
Epoch 5 Batch 8 | Loss: 0.362837
Epoch 5 Batch 9 | Loss: 0.358156
Epoch 5 Batch 10 | Loss: 0.367269
Epoch 5 Batch 11 | Loss: 0.387498
Epoch 5 Batch 12 | Loss: 0.373507
Epoch 5 Batch 13 | Loss: 0.376240
  [STABILITY] Test accuracy improved: 91.28% -> 97.09% (via EMA). Saving best params.
--- Epoch 5/30 | Loss: 0.3773 | Train Acc: 97.0% | Test Acc: 97.1% | CM: [TP:86, TN:81, FP:5, FN:0] | Progress: 16.7% | ETA: 50.9s ---
Epoch 6 Batch 1 | Loss: 0.350028 | Stats: min: -0.282, max: 0.449, mean: 0.242
Epoch 6 Batch 2 | Loss: 0.341840
Epoch 6 Batch 3 | Loss: 0.386161
Epoch 6 Batch 4 | Loss: 0.361223
Epoch 6 Batch 5 | Loss: 0.364435
Epoch 6 Batch 6 | Loss: 0.352909
Epoch 6 Batch 7 | Loss: 0.370073
Epoch 6 Batch 8 | Loss: 0.387841
Epoch 6 Batch 9 | Loss: 0.358652
Epoch 6 Batch 10 | Loss: 0.357519
Epoch 6 Batch 11 | Loss: 0.350368
Epoch 6 Batch 12 | Loss: 0.338030
Epoch 6 Batch 13 | Loss: 0.368418
  [STABILITY] Test accuracy improved: 97.09% -> 97.67% (via EMA). Saving best params.
--- Epoch 6/30 | Loss: 0.3606 | Train Acc: 97.5% | Test Acc: 97.7% | CM: [TP:86, TN:82, FP:4, FN:0] | Progress: 20.0% | ETA: 41.3s ---
Epoch 7 Batch 1 | Loss: 0.343547 | Stats: min: -0.417, max: 0.559, mean: 0.287
Epoch 7 Batch 2 | Loss: 0.347510
Epoch 7 Batch 3 | Loss: 0.344526
Epoch 7 Batch 4 | Loss: 0.354524
Epoch 7 Batch 5 | Loss: 0.347452
Epoch 7 Batch 6 | Loss: 0.348440
Epoch 7 Batch 7 | Loss: 0.357049
Epoch 7 Batch 8 | Loss: 0.347847
Epoch 7 Batch 9 | Loss: 0.346358
Epoch 7 Batch 10 | Loss: 0.344192
Epoch 7 Batch 11 | Loss: 0.342752
Epoch 7 Batch 12 | Loss: 0.334420
Epoch 7 Batch 13 | Loss: 0.305357
  [STABILITY] Test accuracy improved: 97.67% -> 98.26% (via EMA). Saving best params.
--- Epoch 7/30 | Loss: 0.3434 | Train Acc: 99.0% | Test Acc: 98.3% | CM: [TP:86, TN:83, FP:3, FN:0] | Progress: 23.3% | ETA: 30.5s ---
Epoch 8 Batch 1 | Loss: 0.343647 | Stats: min: -0.454, max: 0.486, mean: -0.050
Epoch 8 Batch 2 | Loss: 0.320741
Epoch 8 Batch 3 | Loss: 0.346229
Epoch 8 Batch 4 | Loss: 0.347085
Epoch 8 Batch 5 | Loss: 0.325779
Epoch 8 Batch 6 | Loss: 0.329476
Epoch 8 Batch 7 | Loss: 0.323893
Epoch 8 Batch 8 | Loss: 0.320771
Epoch 8 Batch 9 | Loss: 0.325677
Epoch 8 Batch 10 | Loss: 0.334223
Epoch 8 Batch 11 | Loss: 0.316733
Epoch 8 Batch 12 | Loss: 0.337195
Epoch 8 Batch 13 | Loss: 0.345319
  [STABILITY] Test accuracy improved: 98.26% -> 98.84% (via EMA). Saving best params.
--- Epoch 8/30 | Loss: 0.3321 | Train Acc: 99.5% | Test Acc: 98.8% | CM: [TP:86, TN:84, FP:2, FN:0] | Progress: 26.7% | ETA: 36.9s ---
Epoch 9 Batch 1 | Loss: 0.317826 | Stats: min: -0.642, max: 0.561, mean: 0.043
Epoch 9 Batch 2 | Loss: 0.324845
Epoch 9 Batch 3 | Loss: 0.311999
Epoch 9 Batch 4 | Loss: 0.349115
Epoch 9 Batch 5 | Loss: 0.332266
Epoch 9 Batch 6 | Loss: 0.316781
Epoch 9 Batch 7 | Loss: 0.313497
Epoch 9 Batch 8 | Loss: 0.312941
Epoch 9 Batch 9 | Loss: 0.330656
Epoch 9 Batch 10 | Loss: 0.312858
Epoch 9 Batch 11 | Loss: 0.322313
Epoch 9 Batch 12 | Loss: 0.310242
Epoch 9 Batch 13 | Loss: 0.306239
  [STABILITY] Test accuracy improved: 98.84% -> 99.42% (via EMA). Saving best params.
--- Epoch 9/30 | Loss: 0.3201 | Train Acc: 99.5% | Test Acc: 99.4% | CM: [TP:86, TN:85, FP:1, FN:0] | Progress: 30.0% | ETA: 21.7s ---
Epoch 10 Batch 1 | Loss: 0.306135 | Stats: min: -0.603, max: 0.611, mean: -0.269
Epoch 10 Batch 2 | Loss: 0.312681
Epoch 10 Batch 3 | Loss: 0.331982
Epoch 10 Batch 4 | Loss: 0.323501
Epoch 10 Batch 5 | Loss: 0.340022
Epoch 10 Batch 6 | Loss: 0.305429
Epoch 10 Batch 7 | Loss: 0.291188
Epoch 10 Batch 8 | Loss: 0.312413
Epoch 10 Batch 9 | Loss: 0.308660
Epoch 10 Batch 10 | Loss: 0.334859
Epoch 10 Batch 11 | Loss: 0.295775
Epoch 10 Batch 12 | Loss: 0.292083
Epoch 10 Batch 13 | Loss: 0.283385
--- Epoch 10/30 | Loss: 0.3106 | Train Acc: 99.5% | Test Acc: 99.4% | CM: [TP:86, TN:85, FP:1, FN:0] | Progress: 33.3% | ETA: 25.3s ---
Epoch 11 Batch 1 | Loss: 0.307792 | Stats: min: -0.633, max: 0.639, mean: -0.100
Epoch 11 Batch 2 | Loss: 0.311569
Epoch 11 Batch 3 | Loss: 0.314903
Epoch 11 Batch 4 | Loss: 0.308520
Epoch 11 Batch 5 | Loss: 0.297872
Epoch 11 Batch 6 | Loss: 0.313794
Epoch 11 Batch 7 | Loss: 0.300865
Epoch 11 Batch 8 | Loss: 0.296696
Epoch 11 Batch 9 | Loss: 0.287379
Epoch 11 Batch 10 | Loss: 0.315673
Epoch 11 Batch 11 | Loss: 0.306614
Epoch 11 Batch 12 | Loss: 0.295043
Epoch 11 Batch 13 | Loss: 0.290318
--- Epoch 11/30 | Loss: 0.3036 | Train Acc: 99.5% | Test Acc: 99.4% | CM: [TP:86, TN:85, FP:1, FN:0] | Progress: 36.7% | ETA: 16.3s ---
Epoch 12 Batch 1 | Loss: 0.311944 | Stats: min: -0.661, max: 0.202, mean: -0.383
Epoch 12 Batch 2 | Loss: 0.290566
Epoch 12 Batch 3 | Loss: 0.294738
Epoch 12 Batch 4 | Loss: 0.322807
Epoch 12 Batch 5 | Loss: 0.322969
Epoch 12 Batch 6 | Loss: 0.281254
Epoch 12 Batch 7 | Loss: 0.315349
Epoch 12 Batch 8 | Loss: 0.283685
Epoch 12 Batch 9 | Loss: 0.280392
Epoch 12 Batch 10 | Loss: 0.291071
Epoch 12 Batch 11 | Loss: 0.268943
Epoch 12 Batch 12 | Loss: 0.269288
Epoch 12 Batch 13 | Loss: 0.319116
  [STABILITY] Plateau detected. Reducing Learning Rate to 0.010000
--- Epoch 12/30 | Loss: 0.2963 | Train Acc: 99.5% | Test Acc: 99.4% | CM: [TP:86, TN:85, FP:1, FN:0] | Progress: 40.0% | ETA: 14.1s ---
Epoch 13 Batch 1 | Loss: 0.299839 | Stats: min: -0.483, max: 0.593, mean: 0.076
Epoch 13 Batch 2 | Loss: 0.255096
Epoch 13 Batch 3 | Loss: 0.281031
Epoch 13 Batch 4 | Loss: 0.294491
Epoch 13 Batch 5 | Loss: 0.266469
Epoch 13 Batch 6 | Loss: 0.283528
Epoch 13 Batch 7 | Loss: 0.335936
Epoch 13 Batch 8 | Loss: 0.312340
Epoch 13 Batch 9 | Loss: 0.281602
Epoch 13 Batch 10 | Loss: 0.315149
Epoch 13 Batch 11 | Loss: 0.268103
Epoch 13 Batch 12 | Loss: 0.280528
Epoch 13 Batch 13 | Loss: 0.286113
--- Epoch 13/30 | Loss: 0.2892 | Train Acc: 99.5% | Test Acc: 99.4% | CM: [TP:86, TN:85, FP:1, FN:0] | Progress: 43.3% | ETA: 13.4s ---
Epoch 14 Batch 1 | Loss: 0.308692 | Stats: min: -0.504, max: 0.632, mean: 0.096
Epoch 14 Batch 2 | Loss: 0.286102
Epoch 14 Batch 3 | Loss: 0.262184
Epoch 14 Batch 4 | Loss: 0.279732
Epoch 14 Batch 5 | Loss: 0.305470
Epoch 14 Batch 6 | Loss: 0.307585
Epoch 14 Batch 7 | Loss: 0.288046
Epoch 14 Batch 8 | Loss: 0.276572
Epoch 14 Batch 9 | Loss: 0.279145
Epoch 14 Batch 10 | Loss: 0.283575
Epoch 14 Batch 11 | Loss: 0.267638
Epoch 14 Batch 12 | Loss: 0.311208
Epoch 14 Batch 13 | Loss: 0.238572
--- Epoch 14/30 | Loss: 0.2842 | Train Acc: 99.5% | Test Acc: 99.4% | CM: [TP:86, TN:85, FP:1, FN:0] | Progress: 46.7% | ETA: 11.5s ---
Epoch 15 Batch 1 | Loss: 0.294876 | Stats: min: -0.466, max: 0.618, mean: 0.357
Epoch 15 Batch 2 | Loss: 0.257918
Epoch 15 Batch 3 | Loss: 0.296561
Epoch 15 Batch 4 | Loss: 0.257388
Epoch 15 Batch 5 | Loss: 0.313134
Epoch 15 Batch 6 | Loss: 0.264501
Epoch 15 Batch 7 | Loss: 0.302205
Epoch 15 Batch 8 | Loss: 0.294929
Epoch 15 Batch 9 | Loss: 0.274667
Epoch 15 Batch 10 | Loss: 0.294402
Epoch 15 Batch 11 | Loss: 0.270365
Epoch 15 Batch 12 | Loss: 0.287037
Epoch 15 Batch 13 | Loss: 0.255736
  [STABILITY] Plateau detected. Reducing Learning Rate to 0.005000
--- Epoch 15/30 | Loss: 0.2818 | Train Acc: 99.5% | Test Acc: 99.4% | CM: [TP:86, TN:85, FP:1, FN:0] | Progress: 50.0% | ETA: 15.1s ---
Epoch 16 Batch 1 | Loss: 0.295936 | Stats: min: -0.674, max: 0.640, mean: -0.285
Epoch 16 Batch 2 | Loss: 0.285998
Epoch 16 Batch 3 | Loss: 0.278400
Epoch 16 Batch 4 | Loss: 0.281003
Epoch 16 Batch 5 | Loss: 0.271438
Epoch 16 Batch 6 | Loss: 0.269876
Epoch 16 Batch 7 | Loss: 0.286650
Epoch 16 Batch 8 | Loss: 0.272459
Epoch 16 Batch 9 | Loss: 0.273802
Epoch 16 Batch 10 | Loss: 0.280589
Epoch 16 Batch 11 | Loss: 0.294248
Epoch 16 Batch 12 | Loss: 0.269141
Epoch 16 Batch 13 | Loss: 0.306738
--- Epoch 16/30 | Loss: 0.2820 | Train Acc: 99.5% | Test Acc: 99.4% | CM: [TP:86, TN:85, FP:1, FN:0] | Progress: 53.3% | ETA: 13.8s ---
Epoch 17 Batch 1 | Loss: 0.252855 | Stats: min: -0.493, max: 0.634, mean: 0.357
Epoch 17 Batch 2 | Loss: 0.264504
Epoch 17 Batch 3 | Loss: 0.304436
Epoch 17 Batch 4 | Loss: 0.284013
Epoch 17 Batch 5 | Loss: 0.264608
Epoch 17 Batch 6 | Loss: 0.288849
Epoch 17 Batch 7 | Loss: 0.290681
Epoch 17 Batch 8 | Loss: 0.267613
Epoch 17 Batch 9 | Loss: 0.280152
Epoch 17 Batch 10 | Loss: 0.294667
Epoch 17 Batch 11 | Loss: 0.282510
Epoch 17 Batch 12 | Loss: 0.278887
Epoch 17 Batch 13 | Loss: 0.287314
--- Epoch 17/30 | Loss: 0.2801 | Train Acc: 99.5% | Test Acc: 99.4% | CM: [TP:86, TN:85, FP:1, FN:0] | Progress: 56.7% | ETA: 8.7s ---
Epoch 18 Batch 1 | Loss: 0.261833 | Stats: min: -0.373, max: 0.634, mean: 0.402
Epoch 18 Batch 2 | Loss: 0.244633
Epoch 18 Batch 3 | Loss: 0.278690
Epoch 18 Batch 4 | Loss: 0.263550
Epoch 18 Batch 5 | Loss: 0.289541
Epoch 18 Batch 6 | Loss: 0.273272
Epoch 18 Batch 7 | Loss: 0.301687
Epoch 18 Batch 8 | Loss: 0.323994
Epoch 18 Batch 9 | Loss: 0.273029
Epoch 18 Batch 10 | Loss: 0.303204
Epoch 18 Batch 11 | Loss: 0.253363
Epoch 18 Batch 12 | Loss: 0.290717
Epoch 18 Batch 13 | Loss: 0.270004
  [STABILITY] Plateau detected. Reducing Learning Rate to 0.002500
--- Epoch 18/30 | Loss: 0.2790 | Train Acc: 99.5% | Test Acc: 99.4% | CM: [TP:86, TN:85, FP:1, FN:0] | Progress: 60.0% | ETA: 6.2s ---
Epoch 19 Batch 1 | Loss: 0.246210 | Stats: min: -0.508, max: 0.577, mean: 0.177
Epoch 19 Batch 2 | Loss: 0.266602
Epoch 19 Batch 3 | Loss: 0.288722
Epoch 19 Batch 4 | Loss: 0.286162
Epoch 19 Batch 5 | Loss: 0.263310
Epoch 19 Batch 6 | Loss: 0.297217
Epoch 19 Batch 7 | Loss: 0.271738
Epoch 19 Batch 8 | Loss: 0.271830
Epoch 19 Batch 9 | Loss: 0.269767
Epoch 19 Batch 10 | Loss: 0.302602
Epoch 19 Batch 11 | Loss: 0.296568
Epoch 19 Batch 12 | Loss: 0.282602
Epoch 19 Batch 13 | Loss: 0.280044
--- Epoch 19/30 | Loss: 0.2787 | Train Acc: 99.5% | Test Acc: 99.4% | CM: [TP:86, TN:85, FP:1, FN:0] | Progress: 63.3% | ETA: 8.1s ---
Epoch 20 Batch 1 | Loss: 0.296854 | Stats: min: -0.528, max: 0.539, mean: 0.096
Epoch 20 Batch 2 | Loss: 0.294157
Epoch 20 Batch 3 | Loss: 0.277380
Epoch 20 Batch 4 | Loss: 0.283172
Epoch 20 Batch 5 | Loss: 0.332535
Epoch 20 Batch 6 | Loss: 0.275329
Epoch 20 Batch 7 | Loss: 0.270222
Epoch 20 Batch 8 | Loss: 0.255561
Epoch 20 Batch 9 | Loss: 0.277034
Epoch 20 Batch 10 | Loss: 0.265585
Epoch 20 Batch 11 | Loss: 0.266744
Epoch 20 Batch 12 | Loss: 0.267122
Epoch 20 Batch 13 | Loss: 0.233162
--- Epoch 20/30 | Loss: 0.2765 | Train Acc: 99.5% | Test Acc: 99.4% | CM: [TP:86, TN:85, FP:1, FN:0] | Progress: 66.7% | ETA: 5.0s ---
Epoch 21 Batch 1 | Loss: 0.293397 | Stats: min: -0.530, max: 0.648, mean: 0.157
Epoch 21 Batch 2 | Loss: 0.263437
Epoch 21 Batch 3 | Loss: 0.280019
Epoch 21 Batch 4 | Loss: 0.272169
Epoch 21 Batch 5 | Loss: 0.284473
Epoch 21 Batch 6 | Loss: 0.265430
Epoch 21 Batch 7 | Loss: 0.296324
Epoch 21 Batch 8 | Loss: 0.277506
Epoch 21 Batch 9 | Loss: 0.296038
Epoch 21 Batch 10 | Loss: 0.269156
Epoch 21 Batch 11 | Loss: 0.270355
Epoch 21 Batch 12 | Loss: 0.269209
Epoch 21 Batch 13 | Loss: 0.275382
  [STABILITY] Plateau detected. Reducing Learning Rate to 0.001250
--- Epoch 21/30 | Loss: 0.2779 | Train Acc: 99.0% | Test Acc: 99.4% | CM: [TP:86, TN:85, FP:1, FN:0] | Progress: 70.0% | ETA: 5.7s ---
Epoch 22 Batch 1 | Loss: 0.275787 | Stats: min: -0.476, max: 0.556, mean: 0.054
Epoch 22 Batch 2 | Loss: 0.244912
Epoch 22 Batch 3 | Loss: 0.329701
Epoch 22 Batch 4 | Loss: 0.296078
Epoch 22 Batch 5 | Loss: 0.271560
Epoch 22 Batch 6 | Loss: 0.238519
Epoch 22 Batch 7 | Loss: 0.259810
Epoch 22 Batch 8 | Loss: 0.282478
Epoch 22 Batch 9 | Loss: 0.298271
Epoch 22 Batch 10 | Loss: 0.297553
Epoch 22 Batch 11 | Loss: 0.273002
Epoch 22 Batch 12 | Loss: 0.259332
Epoch 22 Batch 13 | Loss: 0.289460
--- Epoch 22/30 | Loss: 0.2782 | Train Acc: 99.0% | Test Acc: 99.4% | CM: [TP:86, TN:85, FP:1, FN:0] | Progress: 73.3% | ETA: 3.5s ---
Epoch 23 Batch 1 | Loss: 0.273519 | Stats: min: -0.568, max: 0.588, mean: 0.062
Epoch 23 Batch 2 | Loss: 0.256330
Epoch 23 Batch 3 | Loss: 0.267281
Epoch 23 Batch 4 | Loss: 0.301480
Epoch 23 Batch 5 | Loss: 0.285775
Epoch 23 Batch 6 | Loss: 0.297452
Epoch 23 Batch 7 | Loss: 0.250156
Epoch 23 Batch 8 | Loss: 0.263884
Epoch 23 Batch 9 | Loss: 0.270052
Epoch 23 Batch 10 | Loss: 0.288130
Epoch 23 Batch 11 | Loss: 0.292605
Epoch 23 Batch 12 | Loss: 0.289477
Epoch 23 Batch 13 | Loss: 0.266050
--- Epoch 23/30 | Loss: 0.2771 | Train Acc: 99.0% | Test Acc: 99.4% | CM: [TP:86, TN:85, FP:1, FN:0] | Progress: 76.7% | ETA: 2.6s ---
Epoch 24 Batch 1 | Loss: 0.307569 | Stats: min: -0.634, max: 0.597, mean: 0.025
Epoch 24 Batch 2 | Loss: 0.286491
Epoch 24 Batch 3 | Loss: 0.265608
Epoch 24 Batch 4 | Loss: 0.282993
Epoch 24 Batch 5 | Loss: 0.285780
Epoch 24 Batch 6 | Loss: 0.245966
Epoch 24 Batch 7 | Loss: 0.268118
Epoch 24 Batch 8 | Loss: 0.265350
Epoch 24 Batch 9 | Loss: 0.269182
Epoch 24 Batch 10 | Loss: 0.320712
Epoch 24 Batch 11 | Loss: 0.280580
Epoch 24 Batch 12 | Loss: 0.260072
Epoch 24 Batch 13 | Loss: 0.260844
  [STABILITY] Plateau detected. Reducing Learning Rate to 0.000625
--- Epoch 24/30 | Loss: 0.2769 | Train Acc: 99.0% | Test Acc: 99.4% | CM: [TP:86, TN:85, FP:1, FN:0] | Progress: 80.0% | ETA: 2.1s ---
Epoch 25 Batch 1 | Loss: 0.319212 | Stats: min: -0.672, max: 0.537, mean: -0.085
Epoch 25 Batch 2 | Loss: 0.286807
Epoch 25 Batch 3 | Loss: 0.260981
Epoch 25 Batch 4 | Loss: 0.277473
Epoch 25 Batch 5 | Loss: 0.266751
Epoch 25 Batch 6 | Loss: 0.267866
Epoch 25 Batch 7 | Loss: 0.304009
Epoch 25 Batch 8 | Loss: 0.272984
Epoch 25 Batch 9 | Loss: 0.262223
Epoch 25 Batch 10 | Loss: 0.247412
Epoch 25 Batch 11 | Loss: 0.269308
Epoch 25 Batch 12 | Loss: 0.277853
Epoch 25 Batch 13 | Loss: 0.307142
--- Epoch 25/30 | Loss: 0.2785 | Train Acc: 99.0% | Test Acc: 99.4% | CM: [TP:86, TN:85, FP:1, FN:0] | Progress: 83.3% | ETA: 2.1s ---
Epoch 26 Batch 1 | Loss: 0.250586 | Stats: min: -0.672, max: 0.660, mean: 0.097
Epoch 26 Batch 2 | Loss: 0.292442
Epoch 26 Batch 3 | Loss: 0.276683
Epoch 26 Batch 4 | Loss: 0.277838
Epoch 26 Batch 5 | Loss: 0.262899
Epoch 26 Batch 6 | Loss: 0.269829
Epoch 26 Batch 7 | Loss: 0.311680
Epoch 26 Batch 8 | Loss: 0.288438
Epoch 26 Batch 9 | Loss: 0.290457
Epoch 26 Batch 10 | Loss: 0.271490
Epoch 26 Batch 11 | Loss: 0.272494
Epoch 26 Batch 12 | Loss: 0.271662
Epoch 26 Batch 13 | Loss: 0.255551
--- Epoch 26/30 | Loss: 0.2763 | Train Acc: 99.0% | Test Acc: 99.4% | CM: [TP:86, TN:85, FP:1, FN:0] | Progress: 86.7% | ETA: 2.2s ---
Epoch 27 Batch 1 | Loss: 0.254821 | Stats: min: -0.570, max: 0.646, mean: -0.101
Epoch 27 Batch 2 | Loss: 0.325416
Epoch 27 Batch 3 | Loss: 0.296489
Epoch 27 Batch 4 | Loss: 0.286716
Epoch 27 Batch 5 | Loss: 0.285813
Epoch 27 Batch 6 | Loss: 0.252227
Epoch 27 Batch 7 | Loss: 0.267020
Epoch 27 Batch 8 | Loss: 0.267841
Epoch 27 Batch 9 | Loss: 0.272533
Epoch 27 Batch 10 | Loss: 0.265047
Epoch 27 Batch 11 | Loss: 0.277771
Epoch 27 Batch 12 | Loss: 0.250003
Epoch 27 Batch 13 | Loss: 0.327639
  [STABILITY] Plateau detected. Reducing Learning Rate to 0.000313
--- Epoch 27/30 | Loss: 0.2792 | Train Acc: 99.0% | Test Acc: 99.4% | CM: [TP:86, TN:85, FP:1, FN:0] | Progress: 90.0% | ETA: 1.2s ---
Epoch 28 Batch 1 | Loss: 0.258484 | Stats: min: -0.510, max: 0.649, mean: 0.333
Epoch 28 Batch 2 | Loss: 0.305235
Epoch 28 Batch 3 | Loss: 0.289698
Epoch 28 Batch 4 | Loss: 0.280404
Epoch 28 Batch 5 | Loss: 0.271623
Epoch 28 Batch 6 | Loss: 0.255160
Epoch 28 Batch 7 | Loss: 0.281978
Epoch 28 Batch 8 | Loss: 0.273741
Epoch 28 Batch 9 | Loss: 0.279778
Epoch 28 Batch 10 | Loss: 0.275772
Epoch 28 Batch 11 | Loss: 0.280281
Epoch 28 Batch 12 | Loss: 0.279399
Epoch 28 Batch 13 | Loss: 0.261873
--- Epoch 28/30 | Loss: 0.2764 | Train Acc: 99.0% | Test Acc: 99.4% | CM: [TP:86, TN:85, FP:1, FN:0] | Progress: 93.3% | ETA: 0.6s ---
Epoch 29 Batch 1 | Loss: 0.275046 | Stats: min: -0.599, max: 0.695, mean: -0.100
Epoch 29 Batch 2 | Loss: 0.290781
Epoch 29 Batch 3 | Loss: 0.271911
Epoch 29 Batch 4 | Loss: 0.293558
Epoch 29 Batch 5 | Loss: 0.288701
Epoch 29 Batch 6 | Loss: 0.243746
Epoch 29 Batch 7 | Loss: 0.261994
Epoch 29 Batch 8 | Loss: 0.283148
Epoch 29 Batch 9 | Loss: 0.279878
Epoch 29 Batch 10 | Loss: 0.288199
Epoch 29 Batch 11 | Loss: 0.288171
Epoch 29 Batch 12 | Loss: 0.268553
Epoch 29 Batch 13 | Loss: 0.255664
--- Epoch 29/30 | Loss: 0.2761 | Train Acc: 99.0% | Test Acc: 99.4% | CM: [TP:86, TN:85, FP:1, FN:0] | Progress: 96.7% | ETA: 0.4s ---
Epoch 30 Batch 1 | Loss: 0.268351 | Stats: min: -0.606, max: 0.660, mean: 0.160
Epoch 30 Batch 2 | Loss: 0.256530
Epoch 30 Batch 3 | Loss: 0.266590
Epoch 30 Batch 4 | Loss: 0.289019
Epoch 30 Batch 5 | Loss: 0.269874
Epoch 30 Batch 6 | Loss: 0.279147
Epoch 30 Batch 7 | Loss: 0.271352
Epoch 30 Batch 8 | Loss: 0.282597
Epoch 30 Batch 9 | Loss: 0.270063
Epoch 30 Batch 10 | Loss: 0.310792
Epoch 30 Batch 11 | Loss: 0.284267
Epoch 30 Batch 12 | Loss: 0.264916
Epoch 30 Batch 13 | Loss: 0.298792
  [STABILITY] Plateau detected. Reducing Learning Rate to 0.000156
--- Epoch 30/30 | Loss: 0.2779 | Train Acc: 99.0% | Test Acc: 99.4% | CM: [TP:86, TN:85, FP:1, FN:0] | Progress: 100.0% | ETA: 0.0s ---

Final Best Test Accuracy: 99.42%


Best Quantum Test Accuracy: 0.994
