DEBUG: Qtrainer enters train_pure_quantum_cnn. Encoding: amplitude
  Class Weights: +1 (Target): 1.00 | -1 (Rest): 1.00
Starting Training
==================================================
Epoch 1 Batch 1 | Loss: 0.690696 | Stats: min: -0.044, max: 0.201, mean: 0.106
Epoch 1 Batch 2 | Loss: 0.665124
Epoch 1 Batch 3 | Loss: 0.623444
Epoch 1 Batch 4 | Loss: 0.581698
Epoch 1 Batch 5 | Loss: 0.577464
Epoch 1 Batch 6 | Loss: 0.556410
Epoch 1 Batch 7 | Loss: 0.539727
Epoch 1 Batch 8 | Loss: 0.533453
Epoch 1 Batch 9 | Loss: 0.506581
Epoch 1 Batch 10 | Loss: 0.518706
Epoch 1 Batch 11 | Loss: 0.481151
Epoch 1 Batch 12 | Loss: 0.483836
Epoch 1 Batch 13 | Loss: 0.461781
Epoch 1 Batch 14 | Loss: 0.493260
Epoch 1 Batch 15 | Loss: 0.470845
Epoch 1 Batch 16 | Loss: 0.460059
Epoch 1 Batch 17 | Loss: 0.447266
Epoch 1 Batch 18 | Loss: 0.446210
Epoch 1 Batch 19 | Loss: 0.452851
Epoch 1 Batch 20 | Loss: 0.444278
Epoch 1 Batch 21 | Loss: 0.426709
Epoch 1 Batch 22 | Loss: 0.416257
Epoch 1 Batch 23 | Loss: 0.426888
Epoch 1 Batch 24 | Loss: 0.425930
Epoch 1 Batch 25 | Loss: 0.421989
  [STABILITY] Test accuracy improved: 0.00% -> 66.18% (via EMA). Saving best params.
--- Epoch 1/30 | Loss: 0.5021 | Train Acc: 72.5% | Test Acc: 66.2% | CM: [TP:171, TN:56, FP:116, FN:0] | Progress: 3.3% | ETA: 740.8s ---
Epoch 2 Batch 1 | Loss: 0.424940 | Stats: min: -0.428, max: 0.315, mean: -0.238
Epoch 2 Batch 2 | Loss: 0.405655
Epoch 2 Batch 3 | Loss: 0.413322
Epoch 2 Batch 4 | Loss: 0.398017
Epoch 2 Batch 5 | Loss: 0.380919
Epoch 2 Batch 6 | Loss: 0.389438
Epoch 2 Batch 7 | Loss: 0.402330
Epoch 2 Batch 8 | Loss: 0.366001
Epoch 2 Batch 9 | Loss: 0.357816
Epoch 2 Batch 10 | Loss: 0.382575
Epoch 2 Batch 11 | Loss: 0.356726
Epoch 2 Batch 12 | Loss: 0.383689
Epoch 2 Batch 13 | Loss: 0.397534
Epoch 2 Batch 14 | Loss: 0.354106
Epoch 2 Batch 15 | Loss: 0.376491
Epoch 2 Batch 16 | Loss: 0.387813
Epoch 2 Batch 17 | Loss: 0.344299
Epoch 2 Batch 18 | Loss: 0.333469
Epoch 2 Batch 19 | Loss: 0.366273
Epoch 2 Batch 20 | Loss: 0.381489
Epoch 2 Batch 21 | Loss: 0.339877
Epoch 2 Batch 22 | Loss: 0.326489
Epoch 2 Batch 23 | Loss: 0.363432
Epoch 2 Batch 24 | Loss: 0.356734
Epoch 2 Batch 25 | Loss: 0.331851
  [STABILITY] Test accuracy improved: 66.18% -> 91.55% (via EMA). Saving best params.
--- Epoch 2/30 | Loss: 0.3729 | Train Acc: 92.5% | Test Acc: 91.5% | CM: [TP:171, TN:143, FP:29, FN:0] | Progress: 6.7% | ETA: 257.2s ---
Epoch 3 Batch 1 | Loss: 0.354766 | Stats: min: -0.577, max: 0.454, mean: -0.013
Epoch 3 Batch 2 | Loss: 0.339981
Epoch 3 Batch 3 | Loss: 0.329069
Epoch 3 Batch 4 | Loss: 0.351609
Epoch 3 Batch 5 | Loss: 0.316349
Epoch 3 Batch 6 | Loss: 0.311701
Epoch 3 Batch 7 | Loss: 0.334162
Epoch 3 Batch 8 | Loss: 0.327023
Epoch 3 Batch 9 | Loss: 0.328330
Epoch 3 Batch 10 | Loss: 0.354988
Epoch 3 Batch 11 | Loss: 0.353121
Epoch 3 Batch 12 | Loss: 0.309017
Epoch 3 Batch 13 | Loss: 0.336913
Epoch 3 Batch 14 | Loss: 0.293337
Epoch 3 Batch 15 | Loss: 0.328826
Epoch 3 Batch 16 | Loss: 0.315021
Epoch 3 Batch 17 | Loss: 0.375107
Epoch 3 Batch 18 | Loss: 0.298272
Epoch 3 Batch 19 | Loss: 0.317240
Epoch 3 Batch 20 | Loss: 0.300972
Epoch 3 Batch 21 | Loss: 0.294707
Epoch 3 Batch 22 | Loss: 0.301324
Epoch 3 Batch 23 | Loss: 0.296558
Epoch 3 Batch 24 | Loss: 0.335775
Epoch 3 Batch 25 | Loss: 0.295431
  [STABILITY] Test accuracy improved: 91.55% -> 98.25% (via EMA). Saving best params.
--- Epoch 3/30 | Loss: 0.3240 | Train Acc: 96.0% | Test Acc: 98.3% | CM: [TP:170, TN:167, FP:5, FN:1] | Progress: 10.0% | ETA: 186.7s ---
Epoch 4 Batch 1 | Loss: 0.327245 | Stats: min: -0.558, max: 0.535, mean: -0.142
Epoch 4 Batch 2 | Loss: 0.295069
Epoch 4 Batch 3 | Loss: 0.290730
Epoch 4 Batch 4 | Loss: 0.316899
Epoch 4 Batch 5 | Loss: 0.314238
Epoch 4 Batch 6 | Loss: 0.327487
Epoch 4 Batch 7 | Loss: 0.275054
Epoch 4 Batch 8 | Loss: 0.278370
Epoch 4 Batch 9 | Loss: 0.311469
Epoch 4 Batch 10 | Loss: 0.321195
Epoch 4 Batch 11 | Loss: 0.281506
Epoch 4 Batch 12 | Loss: 0.295101
Epoch 4 Batch 13 | Loss: 0.307867
Epoch 4 Batch 14 | Loss: 0.296237
Epoch 4 Batch 15 | Loss: 0.330384
Epoch 4 Batch 16 | Loss: 0.292851
Epoch 4 Batch 17 | Loss: 0.293233
Epoch 4 Batch 18 | Loss: 0.296923
Epoch 4 Batch 19 | Loss: 0.322890
Epoch 4 Batch 20 | Loss: 0.273050
Epoch 4 Batch 21 | Loss: 0.318713
Epoch 4 Batch 22 | Loss: 0.278844
Epoch 4 Batch 23 | Loss: 0.300769
Epoch 4 Batch 24 | Loss: 0.297747
Epoch 4 Batch 25 | Loss: 0.302637
  [STABILITY] Test accuracy improved: 98.25% -> 98.54% (via EMA). Saving best params.
--- Epoch 4/30 | Loss: 0.3019 | Train Acc: 98.0% | Test Acc: 98.5% | CM: [TP:170, TN:168, FP:4, FN:1] | Progress: 13.3% | ETA: 106.4s ---
Epoch 5 Batch 1 | Loss: 0.309729 | Stats: min: -0.584, max: 0.533, mean: -0.117
Epoch 5 Batch 2 | Loss: 0.274643
Epoch 5 Batch 3 | Loss: 0.279514
Epoch 5 Batch 4 | Loss: 0.295573
Epoch 5 Batch 5 | Loss: 0.324676
Epoch 5 Batch 6 | Loss: 0.304185
Epoch 5 Batch 7 | Loss: 0.279707
Epoch 5 Batch 8 | Loss: 0.301321
Epoch 5 Batch 9 | Loss: 0.297452
Epoch 5 Batch 10 | Loss: 0.315760
Epoch 5 Batch 11 | Loss: 0.286260
Epoch 5 Batch 12 | Loss: 0.282575
Epoch 5 Batch 13 | Loss: 0.298711
Epoch 5 Batch 14 | Loss: 0.270621
Epoch 5 Batch 15 | Loss: 0.298368
Epoch 5 Batch 16 | Loss: 0.274968
Epoch 5 Batch 17 | Loss: 0.308901
Epoch 5 Batch 18 | Loss: 0.294022
Epoch 5 Batch 19 | Loss: 0.300319
Epoch 5 Batch 20 | Loss: 0.329907
Epoch 5 Batch 21 | Loss: 0.299483
Epoch 5 Batch 22 | Loss: 0.273827
Epoch 5 Batch 23 | Loss: 0.291020
Epoch 5 Batch 24 | Loss: 0.302644
Epoch 5 Batch 25 | Loss: 0.299735
  [STABILITY] Test accuracy improved: 98.54% -> 98.83% (via EMA). Saving best params.
--- Epoch 5/30 | Loss: 0.2958 | Train Acc: 99.0% | Test Acc: 98.8% | CM: [TP:170, TN:169, FP:3, FN:1] | Progress: 16.7% | ETA: 140.6s ---
Epoch 6 Batch 1 | Loss: 0.336522 | Stats: min: -0.597, max: 0.117, mean: -0.310
Epoch 6 Batch 2 | Loss: 0.323066
Epoch 6 Batch 3 | Loss: 0.330073
Epoch 6 Batch 4 | Loss: 0.269336
Epoch 6 Batch 5 | Loss: 0.276189
Epoch 6 Batch 6 | Loss: 0.280799
Epoch 6 Batch 7 | Loss: 0.278008
Epoch 6 Batch 8 | Loss: 0.283194
Epoch 6 Batch 9 | Loss: 0.284309
Epoch 6 Batch 10 | Loss: 0.274151
Epoch 6 Batch 11 | Loss: 0.305252
Epoch 6 Batch 12 | Loss: 0.316047
Epoch 6 Batch 13 | Loss: 0.292130
Epoch 6 Batch 14 | Loss: 0.291836
Epoch 6 Batch 15 | Loss: 0.284349
Epoch 6 Batch 16 | Loss: 0.294625
Epoch 6 Batch 17 | Loss: 0.265325
Epoch 6 Batch 18 | Loss: 0.316900
Epoch 6 Batch 19 | Loss: 0.286419
Epoch 6 Batch 20 | Loss: 0.282896
Epoch 6 Batch 21 | Loss: 0.293750
Epoch 6 Batch 22 | Loss: 0.287873
Epoch 6 Batch 23 | Loss: 0.309257
Epoch 6 Batch 24 | Loss: 0.278407
Epoch 6 Batch 25 | Loss: 0.283997
  [STABILITY] Test accuracy improved: 98.83% -> 99.13% (via EMA). Saving best params.
--- Epoch 6/30 | Loss: 0.2930 | Train Acc: 99.0% | Test Acc: 99.1% | CM: [TP:170, TN:170, FP:2, FN:1] | Progress: 20.0% | ETA: 76.8s ---
Epoch 7 Batch 1 | Loss: 0.283316 | Stats: min: -0.589, max: 0.629, mean: 0.116
Epoch 7 Batch 2 | Loss: 0.258712
Epoch 7 Batch 3 | Loss: 0.287286
Epoch 7 Batch 4 | Loss: 0.301131
Epoch 7 Batch 5 | Loss: 0.295120
Epoch 7 Batch 6 | Loss: 0.296600
Epoch 7 Batch 7 | Loss: 0.282673
Epoch 7 Batch 8 | Loss: 0.318842
Epoch 7 Batch 9 | Loss: 0.304675
Epoch 7 Batch 10 | Loss: 0.276489
Epoch 7 Batch 11 | Loss: 0.261363
Epoch 7 Batch 12 | Loss: 0.271852
Epoch 7 Batch 13 | Loss: 0.282657
Epoch 7 Batch 14 | Loss: 0.297370
Epoch 7 Batch 15 | Loss: 0.291244
Epoch 7 Batch 16 | Loss: 0.259402
Epoch 7 Batch 17 | Loss: 0.352581
Epoch 7 Batch 18 | Loss: 0.278531
Epoch 7 Batch 19 | Loss: 0.276570
Epoch 7 Batch 20 | Loss: 0.271760
Epoch 7 Batch 21 | Loss: 0.313156
Epoch 7 Batch 22 | Loss: 0.286851
Epoch 7 Batch 23 | Loss: 0.304281
Epoch 7 Batch 24 | Loss: 0.289236
Epoch 7 Batch 25 | Loss: 0.307725
--- Epoch 7/30 | Loss: 0.2900 | Train Acc: 99.0% | Test Acc: 99.1% | CM: [TP:170, TN:170, FP:2, FN:1] | Progress: 23.3% | ETA: 55.6s ---
Epoch 8 Batch 1 | Loss: 0.293372 | Stats: min: -0.588, max: 0.574, mean: -0.099
Epoch 8 Batch 2 | Loss: 0.309776
Epoch 8 Batch 3 | Loss: 0.292391
Epoch 8 Batch 4 | Loss: 0.293789
Epoch 8 Batch 5 | Loss: 0.275882
Epoch 8 Batch 6 | Loss: 0.285080
Epoch 8 Batch 7 | Loss: 0.291327
Epoch 8 Batch 8 | Loss: 0.285389
Epoch 8 Batch 9 | Loss: 0.266071
Epoch 8 Batch 10 | Loss: 0.290998
Epoch 8 Batch 11 | Loss: 0.289440
Epoch 8 Batch 12 | Loss: 0.270476
Epoch 8 Batch 13 | Loss: 0.304436
Epoch 8 Batch 14 | Loss: 0.269611
Epoch 8 Batch 15 | Loss: 0.292051
Epoch 8 Batch 16 | Loss: 0.296465
Epoch 8 Batch 17 | Loss: 0.329031
Epoch 8 Batch 18 | Loss: 0.271274
Epoch 8 Batch 19 | Loss: 0.277767
Epoch 8 Batch 20 | Loss: 0.293095
Epoch 8 Batch 21 | Loss: 0.274323
Epoch 8 Batch 22 | Loss: 0.306642
Epoch 8 Batch 23 | Loss: 0.283162
Epoch 8 Batch 24 | Loss: 0.283287
Epoch 8 Batch 25 | Loss: 0.263649
--- Epoch 8/30 | Loss: 0.2876 | Train Acc: 99.0% | Test Acc: 99.1% | CM: [TP:170, TN:170, FP:2, FN:1] | Progress: 26.7% | ETA: 46.7s ---
Epoch 9 Batch 1 | Loss: 0.287724 | Stats: min: -0.624, max: 0.621, mean: -0.101
Epoch 9 Batch 2 | Loss: 0.295275
Epoch 9 Batch 3 | Loss: 0.292905
Epoch 9 Batch 4 | Loss: 0.313352
Epoch 9 Batch 5 | Loss: 0.291131
Epoch 9 Batch 6 | Loss: 0.297690
Epoch 9 Batch 7 | Loss: 0.279618
Epoch 9 Batch 8 | Loss: 0.265876
Epoch 9 Batch 9 | Loss: 0.310156
Epoch 9 Batch 10 | Loss: 0.271207
Epoch 9 Batch 11 | Loss: 0.258631
Epoch 9 Batch 12 | Loss: 0.251476
Epoch 9 Batch 13 | Loss: 0.304352
Epoch 9 Batch 14 | Loss: 0.269355
Epoch 9 Batch 15 | Loss: 0.298845
Epoch 9 Batch 16 | Loss: 0.282370
Epoch 9 Batch 17 | Loss: 0.286019
Epoch 9 Batch 18 | Loss: 0.276395
Epoch 9 Batch 19 | Loss: 0.319774
Epoch 9 Batch 20 | Loss: 0.282167
Epoch 9 Batch 21 | Loss: 0.272540
Epoch 9 Batch 22 | Loss: 0.311273
Epoch 9 Batch 23 | Loss: 0.300836
Epoch 9 Batch 24 | Loss: 0.260036
Epoch 9 Batch 25 | Loss: 0.268322
  [STABILITY] Plateau detected. Reducing Learning Rate to 0.010000
--- Epoch 9/30 | Loss: 0.2859 | Train Acc: 99.0% | Test Acc: 99.1% | CM: [TP:170, TN:170, FP:2, FN:1] | Progress: 30.0% | ETA: 43.4s ---
Epoch 10 Batch 1 | Loss: 0.330747 | Stats: min: -0.564, max: 0.414, mean: -0.335
Epoch 10 Batch 2 | Loss: 0.265605
Epoch 10 Batch 3 | Loss: 0.265378
Epoch 10 Batch 4 | Loss: 0.292279
Epoch 10 Batch 5 | Loss: 0.287403
Epoch 10 Batch 6 | Loss: 0.300266
Epoch 10 Batch 7 | Loss: 0.280443
Epoch 10 Batch 8 | Loss: 0.321986
Epoch 10 Batch 9 | Loss: 0.278538
Epoch 10 Batch 10 | Loss: 0.300531
Epoch 10 Batch 11 | Loss: 0.269451
Epoch 10 Batch 12 | Loss: 0.244491
Epoch 10 Batch 13 | Loss: 0.289838
Epoch 10 Batch 14 | Loss: 0.256560
Epoch 10 Batch 15 | Loss: 0.292273
Epoch 10 Batch 16 | Loss: 0.275484
Epoch 10 Batch 17 | Loss: 0.260336
Epoch 10 Batch 18 | Loss: 0.290621
Epoch 10 Batch 19 | Loss: 0.308450
Epoch 10 Batch 20 | Loss: 0.265678
Epoch 10 Batch 21 | Loss: 0.273498
Epoch 10 Batch 22 | Loss: 0.258001
Epoch 10 Batch 23 | Loss: 0.307766
Epoch 10 Batch 24 | Loss: 0.267678
Epoch 10 Batch 25 | Loss: 0.291087
--- Epoch 10/30 | Loss: 0.2830 | Train Acc: 99.0% | Test Acc: 99.1% | CM: [TP:170, TN:170, FP:2, FN:1] | Progress: 33.3% | ETA: 37.0s ---
Epoch 11 Batch 1 | Loss: 0.292974 | Stats: min: -0.647, max: 0.539, mean: -0.176
Epoch 11 Batch 2 | Loss: 0.261378
Epoch 11 Batch 3 | Loss: 0.272740
Epoch 11 Batch 4 | Loss: 0.265277
Epoch 11 Batch 5 | Loss: 0.274149
Epoch 11 Batch 6 | Loss: 0.284209
Epoch 11 Batch 7 | Loss: 0.318071
Epoch 11 Batch 8 | Loss: 0.293618
Epoch 11 Batch 9 | Loss: 0.279089
Epoch 11 Batch 10 | Loss: 0.256126
Epoch 11 Batch 11 | Loss: 0.284805
Epoch 11 Batch 12 | Loss: 0.268284
Epoch 11 Batch 13 | Loss: 0.310956
Epoch 11 Batch 14 | Loss: 0.291950
Epoch 11 Batch 15 | Loss: 0.273471
Epoch 11 Batch 16 | Loss: 0.274955
Epoch 11 Batch 17 | Loss: 0.292998
Epoch 11 Batch 18 | Loss: 0.279272
Epoch 11 Batch 19 | Loss: 0.275346
Epoch 11 Batch 20 | Loss: 0.266525
Epoch 11 Batch 21 | Loss: 0.281754
Epoch 11 Batch 22 | Loss: 0.248811
Epoch 11 Batch 23 | Loss: 0.297314
Epoch 11 Batch 24 | Loss: 0.311074
Epoch 11 Batch 25 | Loss: 0.295918
--- Epoch 11/30 | Loss: 0.2820 | Train Acc: 99.0% | Test Acc: 99.1% | CM: [TP:170, TN:170, FP:2, FN:1] | Progress: 36.7% | ETA: 34.2s ---
Epoch 12 Batch 1 | Loss: 0.282795 | Stats: min: -0.334, max: 0.620, mean: 0.003
Epoch 12 Batch 2 | Loss: 0.288822
Epoch 12 Batch 3 | Loss: 0.309500
Epoch 12 Batch 4 | Loss: 0.263080
Epoch 12 Batch 5 | Loss: 0.293335
Epoch 12 Batch 6 | Loss: 0.276774
Epoch 12 Batch 7 | Loss: 0.292197
Epoch 12 Batch 8 | Loss: 0.277902
Epoch 12 Batch 9 | Loss: 0.255706
Epoch 12 Batch 10 | Loss: 0.302014
Epoch 12 Batch 11 | Loss: 0.271004
Epoch 12 Batch 12 | Loss: 0.285468
Epoch 12 Batch 13 | Loss: 0.284984
Epoch 12 Batch 14 | Loss: 0.274283
Epoch 12 Batch 15 | Loss: 0.287195
Epoch 12 Batch 16 | Loss: 0.288565
Epoch 12 Batch 17 | Loss: 0.269755
Epoch 12 Batch 18 | Loss: 0.287713
Epoch 12 Batch 19 | Loss: 0.261519
Epoch 12 Batch 20 | Loss: 0.256647
Epoch 12 Batch 21 | Loss: 0.259495
Epoch 12 Batch 22 | Loss: 0.252889
Epoch 12 Batch 23 | Loss: 0.284707
Epoch 12 Batch 24 | Loss: 0.333241
Epoch 12 Batch 25 | Loss: 0.288575
  [STABILITY] Plateau detected. Reducing Learning Rate to 0.005000
--- Epoch 12/30 | Loss: 0.2811 | Train Acc: 99.0% | Test Acc: 99.1% | CM: [TP:170, TN:170, FP:2, FN:1] | Progress: 40.0% | ETA: 30.7s ---
Epoch 13 Batch 1 | Loss: 0.304743 | Stats: min: -0.649, max: 0.657, mean: 0.260
Epoch 13 Batch 2 | Loss: 0.260662
Epoch 13 Batch 3 | Loss: 0.270948
Epoch 13 Batch 4 | Loss: 0.290758
Epoch 13 Batch 5 | Loss: 0.246095
Epoch 13 Batch 6 | Loss: 0.284782
Epoch 13 Batch 7 | Loss: 0.280828
Epoch 13 Batch 8 | Loss: 0.275981
Epoch 13 Batch 9 | Loss: 0.288447
Epoch 13 Batch 10 | Loss: 0.288619
Epoch 13 Batch 11 | Loss: 0.298091
Epoch 13 Batch 12 | Loss: 0.271956
Epoch 13 Batch 13 | Loss: 0.285723
Epoch 13 Batch 14 | Loss: 0.274047
Epoch 13 Batch 15 | Loss: 0.282559
Epoch 13 Batch 16 | Loss: 0.256524
Epoch 13 Batch 17 | Loss: 0.316793
Epoch 13 Batch 18 | Loss: 0.265521
Epoch 13 Batch 19 | Loss: 0.267154
Epoch 13 Batch 20 | Loss: 0.301861
Epoch 13 Batch 21 | Loss: 0.276859
Epoch 13 Batch 22 | Loss: 0.277493
Epoch 13 Batch 23 | Loss: 0.286933
Epoch 13 Batch 24 | Loss: 0.257212
Epoch 13 Batch 25 | Loss: 0.297582
--- Epoch 13/30 | Loss: 0.2803 | Train Acc: 99.0% | Test Acc: 99.1% | CM: [TP:170, TN:170, FP:2, FN:1] | Progress: 43.3% | ETA: 26.3s ---
Epoch 14 Batch 1 | Loss: 0.294145 | Stats: min: -0.606, max: 0.524, mean: -0.321
Epoch 14 Batch 2 | Loss: 0.273029
Epoch 14 Batch 3 | Loss: 0.289984
Epoch 14 Batch 4 | Loss: 0.286338
Epoch 14 Batch 5 | Loss: 0.256407
Epoch 14 Batch 6 | Loss: 0.284641
Epoch 14 Batch 7 | Loss: 0.294907
Epoch 14 Batch 8 | Loss: 0.297854
Epoch 14 Batch 9 | Loss: 0.267222
Epoch 14 Batch 10 | Loss: 0.273129
Epoch 14 Batch 11 | Loss: 0.292076
Epoch 14 Batch 12 | Loss: 0.280896
Epoch 14 Batch 13 | Loss: 0.281131
Epoch 14 Batch 14 | Loss: 0.262570
Epoch 14 Batch 15 | Loss: 0.275007
Epoch 14 Batch 16 | Loss: 0.266102
Epoch 14 Batch 17 | Loss: 0.274511
Epoch 14 Batch 18 | Loss: 0.254193
Epoch 14 Batch 19 | Loss: 0.305794
Epoch 14 Batch 20 | Loss: 0.288083
Epoch 14 Batch 21 | Loss: 0.298308
Epoch 14 Batch 22 | Loss: 0.267129
Epoch 14 Batch 23 | Loss: 0.309256
Epoch 14 Batch 24 | Loss: 0.273835
Epoch 14 Batch 25 | Loss: 0.251532
  [STABILITY] Test accuracy improved: 99.13% -> 99.42% (via EMA). Saving best params.
--- Epoch 14/30 | Loss: 0.2799 | Train Acc: 99.0% | Test Acc: 99.4% | CM: [TP:171, TN:170, FP:2, FN:0] | Progress: 46.7% | ETA: 20.4s ---
Epoch 15 Batch 1 | Loss: 0.322565 | Stats: min: -0.593, max: 0.615, mean: -0.037
Epoch 15 Batch 2 | Loss: 0.296164
Epoch 15 Batch 3 | Loss: 0.268044
Epoch 15 Batch 4 | Loss: 0.293130
Epoch 15 Batch 5 | Loss: 0.256028
Epoch 15 Batch 6 | Loss: 0.276966
Epoch 15 Batch 7 | Loss: 0.311618
Epoch 15 Batch 8 | Loss: 0.262032
Epoch 15 Batch 9 | Loss: 0.279239
Epoch 15 Batch 10 | Loss: 0.272440
Epoch 15 Batch 11 | Loss: 0.313857
Epoch 15 Batch 12 | Loss: 0.264047
Epoch 15 Batch 13 | Loss: 0.270233
Epoch 15 Batch 14 | Loss: 0.299567
Epoch 15 Batch 15 | Loss: 0.278969
Epoch 15 Batch 16 | Loss: 0.272486
Epoch 15 Batch 17 | Loss: 0.274314
Epoch 15 Batch 18 | Loss: 0.258280
Epoch 15 Batch 19 | Loss: 0.279542
Epoch 15 Batch 20 | Loss: 0.277193
Epoch 15 Batch 21 | Loss: 0.285598
Epoch 15 Batch 22 | Loss: 0.269624
Epoch 15 Batch 23 | Loss: 0.274075
Epoch 15 Batch 24 | Loss: 0.280620
Epoch 15 Batch 25 | Loss: 0.253327
--- Epoch 15/30 | Loss: 0.2796 | Train Acc: 99.0% | Test Acc: 99.4% | CM: [TP:171, TN:170, FP:2, FN:0] | Progress: 50.0% | ETA: 18.1s ---
Epoch 16 Batch 1 | Loss: 0.274548 | Stats: min: -0.596, max: 0.654, mean: -0.017
Epoch 16 Batch 2 | Loss: 0.248582
Epoch 16 Batch 3 | Loss: 0.274916
Epoch 16 Batch 4 | Loss: 0.295017
Epoch 16 Batch 5 | Loss: 0.289096
Epoch 16 Batch 6 | Loss: 0.290207
Epoch 16 Batch 7 | Loss: 0.268293
Epoch 16 Batch 8 | Loss: 0.279344
Epoch 16 Batch 9 | Loss: 0.305455
Epoch 16 Batch 10 | Loss: 0.278741
Epoch 16 Batch 11 | Loss: 0.300504
Epoch 16 Batch 12 | Loss: 0.289557
Epoch 16 Batch 13 | Loss: 0.267278
Epoch 16 Batch 14 | Loss: 0.261388
Epoch 16 Batch 15 | Loss: 0.281032
Epoch 16 Batch 16 | Loss: 0.261267
Epoch 16 Batch 17 | Loss: 0.269504
Epoch 16 Batch 18 | Loss: 0.272771
Epoch 16 Batch 19 | Loss: 0.289667
Epoch 16 Batch 20 | Loss: 0.274603
Epoch 16 Batch 21 | Loss: 0.274135
Epoch 16 Batch 22 | Loss: 0.272546
Epoch 16 Batch 23 | Loss: 0.264986
Epoch 16 Batch 24 | Loss: 0.287585
Epoch 16 Batch 25 | Loss: 0.312773
--- Epoch 16/30 | Loss: 0.2794 | Train Acc: 99.0% | Test Acc: 99.4% | CM: [TP:171, TN:170, FP:2, FN:0] | Progress: 53.3% | ETA: 16.1s ---
Epoch 17 Batch 1 | Loss: 0.282912 | Stats: min: -0.588, max: 0.623, mean: -0.096
Epoch 17 Batch 2 | Loss: 0.263239
Epoch 17 Batch 3 | Loss: 0.272102
Epoch 17 Batch 4 | Loss: 0.301125
Epoch 17 Batch 5 | Loss: 0.279215
Epoch 17 Batch 6 | Loss: 0.271764
Epoch 17 Batch 7 | Loss: 0.261457
Epoch 17 Batch 8 | Loss: 0.274335
Epoch 17 Batch 9 | Loss: 0.266335
Epoch 17 Batch 10 | Loss: 0.281874
Epoch 17 Batch 11 | Loss: 0.294640
Epoch 17 Batch 12 | Loss: 0.287220
Epoch 17 Batch 13 | Loss: 0.261956
Epoch 17 Batch 14 | Loss: 0.301761
Epoch 17 Batch 15 | Loss: 0.248634
Epoch 17 Batch 16 | Loss: 0.245176
Epoch 17 Batch 17 | Loss: 0.264843
Epoch 17 Batch 18 | Loss: 0.289121
Epoch 17 Batch 19 | Loss: 0.291846
Epoch 17 Batch 20 | Loss: 0.285943
Epoch 17 Batch 21 | Loss: 0.313651
Epoch 17 Batch 22 | Loss: 0.294309
Epoch 17 Batch 23 | Loss: 0.261034
Epoch 17 Batch 24 | Loss: 0.290047
Epoch 17 Batch 25 | Loss: 0.293677
  [STABILITY] Plateau detected. Reducing Learning Rate to 0.002500
--- Epoch 17/30 | Loss: 0.2791 | Train Acc: 99.0% | Test Acc: 99.4% | CM: [TP:171, TN:170, FP:2, FN:0] | Progress: 56.7% | ETA: 18.4s ---
Epoch 18 Batch 1 | Loss: 0.278956 | Stats: min: -0.572, max: 0.582, mean: 0.142
Epoch 18 Batch 2 | Loss: 0.278413
Epoch 18 Batch 3 | Loss: 0.286559
Epoch 18 Batch 4 | Loss: 0.252096
Epoch 18 Batch 5 | Loss: 0.299217
Epoch 18 Batch 6 | Loss: 0.260952
Epoch 18 Batch 7 | Loss: 0.263335
Epoch 18 Batch 8 | Loss: 0.292825
Epoch 18 Batch 9 | Loss: 0.262856
Epoch 18 Batch 10 | Loss: 0.286413
Epoch 18 Batch 11 | Loss: 0.266722
Epoch 18 Batch 12 | Loss: 0.279691
Epoch 18 Batch 13 | Loss: 0.281068
Epoch 18 Batch 14 | Loss: 0.288022
Epoch 18 Batch 15 | Loss: 0.281006
Epoch 18 Batch 16 | Loss: 0.264375
Epoch 18 Batch 17 | Loss: 0.278089
Epoch 18 Batch 18 | Loss: 0.272321
Epoch 18 Batch 19 | Loss: 0.292518
Epoch 18 Batch 20 | Loss: 0.279320
Epoch 18 Batch 21 | Loss: 0.298338
Epoch 18 Batch 22 | Loss: 0.271673
Epoch 18 Batch 23 | Loss: 0.285796
Epoch 18 Batch 24 | Loss: 0.280028
Epoch 18 Batch 25 | Loss: 0.281701
--- Epoch 18/30 | Loss: 0.2785 | Train Acc: 99.0% | Test Acc: 99.4% | CM: [TP:171, TN:170, FP:2, FN:0] | Progress: 60.0% | ETA: 11.1s ---
Epoch 19 Batch 1 | Loss: 0.287259 | Stats: min: -0.570, max: 0.571, mean: -0.102
Epoch 19 Batch 2 | Loss: 0.297381
Epoch 19 Batch 3 | Loss: 0.285523
Epoch 19 Batch 4 | Loss: 0.282355
Epoch 19 Batch 5 | Loss: 0.286259
Epoch 19 Batch 6 | Loss: 0.268162
Epoch 19 Batch 7 | Loss: 0.257214
Epoch 19 Batch 8 | Loss: 0.300359
Epoch 19 Batch 9 | Loss: 0.277293
Epoch 19 Batch 10 | Loss: 0.262759
Epoch 19 Batch 11 | Loss: 0.274803
Epoch 19 Batch 12 | Loss: 0.273423
Epoch 19 Batch 13 | Loss: 0.256041
Epoch 19 Batch 14 | Loss: 0.280235
Epoch 19 Batch 15 | Loss: 0.285434
Epoch 19 Batch 16 | Loss: 0.291760
Epoch 19 Batch 17 | Loss: 0.279904
Epoch 19 Batch 18 | Loss: 0.281567
Epoch 19 Batch 19 | Loss: 0.261984
Epoch 19 Batch 20 | Loss: 0.290828
Epoch 19 Batch 21 | Loss: 0.265235
Epoch 19 Batch 22 | Loss: 0.246610
Epoch 19 Batch 23 | Loss: 0.307514
Epoch 19 Batch 24 | Loss: 0.279651
Epoch 19 Batch 25 | Loss: 0.270218
--- Epoch 19/30 | Loss: 0.2780 | Train Acc: 99.0% | Test Acc: 99.4% | CM: [TP:171, TN:170, FP:2, FN:0] | Progress: 63.3% | ETA: 11.6s ---
Epoch 20 Batch 1 | Loss: 0.273948 | Stats: min: -0.677, max: 0.570, mean: -0.106
Epoch 20 Batch 2 | Loss: 0.309595
Epoch 20 Batch 3 | Loss: 0.266839
Epoch 20 Batch 4 | Loss: 0.253172
Epoch 20 Batch 5 | Loss: 0.265140
Epoch 20 Batch 6 | Loss: 0.281434
Epoch 20 Batch 7 | Loss: 0.278920
Epoch 20 Batch 8 | Loss: 0.291004
Epoch 20 Batch 9 | Loss: 0.288218
Epoch 20 Batch 10 | Loss: 0.267123
Epoch 20 Batch 11 | Loss: 0.271267
Epoch 20 Batch 12 | Loss: 0.307810
Epoch 20 Batch 13 | Loss: 0.288416
Epoch 20 Batch 14 | Loss: 0.303556
Epoch 20 Batch 15 | Loss: 0.259160
Epoch 20 Batch 16 | Loss: 0.261895
Epoch 20 Batch 17 | Loss: 0.280056
Epoch 20 Batch 18 | Loss: 0.263673
Epoch 20 Batch 19 | Loss: 0.265875
Epoch 20 Batch 20 | Loss: 0.251329
Epoch 20 Batch 21 | Loss: 0.315829
Epoch 20 Batch 22 | Loss: 0.267519
Epoch 20 Batch 23 | Loss: 0.278213
Epoch 20 Batch 24 | Loss: 0.275165
Epoch 20 Batch 25 | Loss: 0.282047
  [STABILITY] Plateau detected. Reducing Learning Rate to 0.001250
--- Epoch 20/30 | Loss: 0.2779 | Train Acc: 99.0% | Test Acc: 99.4% | CM: [TP:171, TN:170, FP:2, FN:0] | Progress: 66.7% | ETA: 10.1s ---
Epoch 21 Batch 1 | Loss: 0.265929 | Stats: min: -0.585, max: 0.640, mean: -0.272
Epoch 21 Batch 2 | Loss: 0.268567
Epoch 21 Batch 3 | Loss: 0.251609
Epoch 21 Batch 4 | Loss: 0.238659
Epoch 21 Batch 5 | Loss: 0.303862
Epoch 21 Batch 6 | Loss: 0.299770
Epoch 21 Batch 7 | Loss: 0.278579
Epoch 21 Batch 8 | Loss: 0.286766
Epoch 21 Batch 9 | Loss: 0.273294
Epoch 21 Batch 10 | Loss: 0.276289
Epoch 21 Batch 11 | Loss: 0.285357
Epoch 21 Batch 12 | Loss: 0.259642
Epoch 21 Batch 13 | Loss: 0.301252
Epoch 21 Batch 14 | Loss: 0.253167
Epoch 21 Batch 15 | Loss: 0.312625
Epoch 21 Batch 16 | Loss: 0.274866
Epoch 21 Batch 17 | Loss: 0.274351
Epoch 21 Batch 18 | Loss: 0.248475
Epoch 21 Batch 19 | Loss: 0.298102
Epoch 21 Batch 20 | Loss: 0.261008
Epoch 21 Batch 21 | Loss: 0.297099
Epoch 21 Batch 22 | Loss: 0.287981
Epoch 21 Batch 23 | Loss: 0.295708
Epoch 21 Batch 24 | Loss: 0.293262
Epoch 21 Batch 25 | Loss: 0.254601
  [STABILITY] Test accuracy improved: 99.42% -> 100.00% (via EMA). Saving best params.
--- Epoch 21/30 | Loss: 0.2776 | Train Acc: 99.0% | Test Acc: 100.0% | CM: [TP:171, TN:172, FP:0, FN:0] | Progress: 70.0% | ETA: 6.9s ---
Epoch 22 Batch 1 | Loss: 0.293823 | Stats: min: -0.485, max: 0.621, mean: 0.255
Epoch 22 Batch 2 | Loss: 0.268164
Epoch 22 Batch 3 | Loss: 0.304402
Epoch 22 Batch 4 | Loss: 0.288743
Epoch 22 Batch 5 | Loss: 0.248183
Epoch 22 Batch 6 | Loss: 0.277465
Epoch 22 Batch 7 | Loss: 0.273934
Epoch 22 Batch 8 | Loss: 0.267177
Epoch 22 Batch 9 | Loss: 0.263533
Epoch 22 Batch 10 | Loss: 0.263595
Epoch 22 Batch 11 | Loss: 0.291261
Epoch 22 Batch 12 | Loss: 0.284106
Epoch 22 Batch 13 | Loss: 0.281449
Epoch 22 Batch 14 | Loss: 0.268229
Epoch 22 Batch 15 | Loss: 0.285897
Epoch 22 Batch 16 | Loss: 0.259436
Epoch 22 Batch 17 | Loss: 0.292914
Epoch 22 Batch 18 | Loss: 0.263781
Epoch 22 Batch 19 | Loss: 0.295652
Epoch 22 Batch 20 | Loss: 0.297949
Epoch 22 Batch 21 | Loss: 0.264531
Epoch 22 Batch 22 | Loss: 0.286252
Epoch 22 Batch 23 | Loss: 0.281649
Epoch 22 Batch 24 | Loss: 0.273625
Epoch 22 Batch 25 | Loss: 0.263124
--- Epoch 22/30 | Loss: 0.2776 | Train Acc: 99.0% | Test Acc: 100.0% | CM: [TP:171, TN:172, FP:0, FN:0] | Progress: 73.3% | ETA: 6.5s ---
Epoch 23 Batch 1 | Loss: 0.307814 | Stats: min: -0.551, max: 0.646, mean: 0.345
Epoch 23 Batch 2 | Loss: 0.293442
Epoch 23 Batch 3 | Loss: 0.282126
Epoch 23 Batch 4 | Loss: 0.274391
Epoch 23 Batch 5 | Loss: 0.262994
Epoch 23 Batch 6 | Loss: 0.247258
Epoch 23 Batch 7 | Loss: 0.316183
Epoch 23 Batch 8 | Loss: 0.249921
Epoch 23 Batch 9 | Loss: 0.266684
Epoch 23 Batch 10 | Loss: 0.261585
Epoch 23 Batch 11 | Loss: 0.253787
Epoch 23 Batch 12 | Loss: 0.253789
Epoch 23 Batch 13 | Loss: 0.305468
Epoch 23 Batch 14 | Loss: 0.289930
Epoch 23 Batch 15 | Loss: 0.276993
Epoch 23 Batch 16 | Loss: 0.284420
Epoch 23 Batch 17 | Loss: 0.275618
Epoch 23 Batch 18 | Loss: 0.285138
Epoch 23 Batch 19 | Loss: 0.271626
Epoch 23 Batch 20 | Loss: 0.323846
Epoch 23 Batch 21 | Loss: 0.252461
Epoch 23 Batch 22 | Loss: 0.266246
Epoch 23 Batch 23 | Loss: 0.276471
Epoch 23 Batch 24 | Loss: 0.267214
Epoch 23 Batch 25 | Loss: 0.293480
--- Epoch 23/30 | Loss: 0.2776 | Train Acc: 99.0% | Test Acc: 100.0% | CM: [TP:171, TN:172, FP:0, FN:0] | Progress: 76.7% | ETA: 6.5s ---
Epoch 24 Batch 1 | Loss: 0.264577 | Stats: min: -0.620, max: 0.602, mean: -0.169
Epoch 24 Batch 2 | Loss: 0.296413
Epoch 24 Batch 3 | Loss: 0.263580
Epoch 24 Batch 4 | Loss: 0.293098
Epoch 24 Batch 5 | Loss: 0.280765
Epoch 24 Batch 6 | Loss: 0.296406
Epoch 24 Batch 7 | Loss: 0.277304
Epoch 24 Batch 8 | Loss: 0.269645
Epoch 24 Batch 9 | Loss: 0.258543
Epoch 24 Batch 10 | Loss: 0.262834
Epoch 24 Batch 11 | Loss: 0.274481
Epoch 24 Batch 12 | Loss: 0.260096
Epoch 24 Batch 13 | Loss: 0.293438
Epoch 24 Batch 14 | Loss: 0.283750
Epoch 24 Batch 15 | Loss: 0.275815
Epoch 24 Batch 16 | Loss: 0.298678
Epoch 24 Batch 17 | Loss: 0.281721
Epoch 24 Batch 18 | Loss: 0.278917
Epoch 24 Batch 19 | Loss: 0.273124
Epoch 24 Batch 20 | Loss: 0.268132
Epoch 24 Batch 21 | Loss: 0.304370
Epoch 24 Batch 22 | Loss: 0.297101
Epoch 24 Batch 23 | Loss: 0.269706
Epoch 24 Batch 24 | Loss: 0.248206
Epoch 24 Batch 25 | Loss: 0.266173
  [STABILITY] Plateau detected. Reducing Learning Rate to 0.000625
--- Epoch 24/30 | Loss: 0.2775 | Train Acc: 99.0% | Test Acc: 100.0% | CM: [TP:171, TN:172, FP:0, FN:0] | Progress: 80.0% | ETA: 4.8s ---
Epoch 25 Batch 1 | Loss: 0.290608 | Stats: min: -0.715, max: 0.621, mean: 0.073
Epoch 25 Batch 2 | Loss: 0.280485
Epoch 25 Batch 3 | Loss: 0.275637
Epoch 25 Batch 4 | Loss: 0.257888
Epoch 25 Batch 5 | Loss: 0.281262
Epoch 25 Batch 6 | Loss: 0.280946
Epoch 25 Batch 7 | Loss: 0.277300
Epoch 25 Batch 8 | Loss: 0.277172
Epoch 25 Batch 9 | Loss: 0.254058
Epoch 25 Batch 10 | Loss: 0.268912
Epoch 25 Batch 11 | Loss: 0.284794
Epoch 25 Batch 12 | Loss: 0.301941
Epoch 25 Batch 13 | Loss: 0.274290
Epoch 25 Batch 14 | Loss: 0.258105
Epoch 25 Batch 15 | Loss: 0.274761
Epoch 25 Batch 16 | Loss: 0.266707
Epoch 25 Batch 17 | Loss: 0.268111
Epoch 25 Batch 18 | Loss: 0.286295
Epoch 25 Batch 19 | Loss: 0.315974
Epoch 25 Batch 20 | Loss: 0.276359
Epoch 25 Batch 21 | Loss: 0.271416
Epoch 25 Batch 22 | Loss: 0.282018
Epoch 25 Batch 23 | Loss: 0.292893
Epoch 25 Batch 24 | Loss: 0.269357
Epoch 25 Batch 25 | Loss: 0.264272
--- Epoch 25/30 | Loss: 0.2773 | Train Acc: 99.0% | Test Acc: 100.0% | CM: [TP:171, TN:172, FP:0, FN:0] | Progress: 83.3% | ETA: 5.3s ---
Epoch 26 Batch 1 | Loss: 0.282110 | Stats: min: -0.653, max: 0.606, mean: -0.093
Epoch 26 Batch 2 | Loss: 0.273309
Epoch 26 Batch 3 | Loss: 0.272863
Epoch 26 Batch 4 | Loss: 0.276822
Epoch 26 Batch 5 | Loss: 0.287744
Epoch 26 Batch 6 | Loss: 0.270743
Epoch 26 Batch 7 | Loss: 0.277474
Epoch 26 Batch 8 | Loss: 0.258125
Epoch 26 Batch 9 | Loss: 0.308776
Epoch 26 Batch 10 | Loss: 0.301892
Epoch 26 Batch 11 | Loss: 0.276684
Epoch 26 Batch 12 | Loss: 0.292998
Epoch 26 Batch 13 | Loss: 0.240452
Epoch 26 Batch 14 | Loss: 0.287558
Epoch 26 Batch 15 | Loss: 0.279756
Epoch 26 Batch 16 | Loss: 0.276231
Epoch 26 Batch 17 | Loss: 0.279563
Epoch 26 Batch 18 | Loss: 0.312177
Epoch 26 Batch 19 | Loss: 0.271819
Epoch 26 Batch 20 | Loss: 0.260941
Epoch 26 Batch 21 | Loss: 0.269795
Epoch 26 Batch 22 | Loss: 0.290423
Epoch 26 Batch 23 | Loss: 0.256212
Epoch 26 Batch 24 | Loss: 0.242534
Epoch 26 Batch 25 | Loss: 0.287259
--- Epoch 26/30 | Loss: 0.2774 | Train Acc: 99.0% | Test Acc: 100.0% | CM: [TP:171, TN:172, FP:0, FN:0] | Progress: 86.7% | ETA: 3.7s ---
Epoch 27 Batch 1 | Loss: 0.266926 | Stats: min: -0.602, max: 0.641, mean: 0.138
Epoch 27 Batch 2 | Loss: 0.256188
Epoch 27 Batch 3 | Loss: 0.271493
Epoch 27 Batch 4 | Loss: 0.278758
Epoch 27 Batch 5 | Loss: 0.288146
Epoch 27 Batch 6 | Loss: 0.258407
Epoch 27 Batch 7 | Loss: 0.290202
Epoch 27 Batch 8 | Loss: 0.280615
Epoch 27 Batch 9 | Loss: 0.310861
Epoch 27 Batch 10 | Loss: 0.284528
Epoch 27 Batch 11 | Loss: 0.292332
Epoch 27 Batch 12 | Loss: 0.273068
Epoch 27 Batch 13 | Loss: 0.302027
Epoch 27 Batch 14 | Loss: 0.272952
Epoch 27 Batch 15 | Loss: 0.298109
Epoch 27 Batch 16 | Loss: 0.252641
Epoch 27 Batch 17 | Loss: 0.240932
Epoch 27 Batch 18 | Loss: 0.274618
Epoch 27 Batch 19 | Loss: 0.263865
Epoch 27 Batch 20 | Loss: 0.272186
Epoch 27 Batch 21 | Loss: 0.280237
Epoch 27 Batch 22 | Loss: 0.287494
Epoch 27 Batch 23 | Loss: 0.278796
Epoch 27 Batch 24 | Loss: 0.292209
Epoch 27 Batch 25 | Loss: 0.262148
  [STABILITY] Plateau detected. Reducing Learning Rate to 0.000313
--- Epoch 27/30 | Loss: 0.2772 | Train Acc: 99.0% | Test Acc: 100.0% | CM: [TP:171, TN:172, FP:0, FN:0] | Progress: 90.0% | ETA: 2.1s ---
Epoch 28 Batch 1 | Loss: 0.288957 | Stats: min: -0.639, max: 0.531, mean: -0.092
Epoch 28 Batch 2 | Loss: 0.286777
Epoch 28 Batch 3 | Loss: 0.287259
Epoch 28 Batch 4 | Loss: 0.254588
Epoch 28 Batch 5 | Loss: 0.307961
Epoch 28 Batch 6 | Loss: 0.255045
Epoch 28 Batch 7 | Loss: 0.265341
Epoch 28 Batch 8 | Loss: 0.288660
Epoch 28 Batch 9 | Loss: 0.258657
Epoch 28 Batch 10 | Loss: 0.293488
Epoch 28 Batch 11 | Loss: 0.271047
Epoch 28 Batch 12 | Loss: 0.275416
Epoch 28 Batch 13 | Loss: 0.270015
Epoch 28 Batch 14 | Loss: 0.264504
Epoch 28 Batch 15 | Loss: 0.282016
Epoch 28 Batch 16 | Loss: 0.265187
Epoch 28 Batch 17 | Loss: 0.286247
Epoch 28 Batch 18 | Loss: 0.273012
Epoch 28 Batch 19 | Loss: 0.257242
Epoch 28 Batch 20 | Loss: 0.262831
Epoch 28 Batch 21 | Loss: 0.259648
Epoch 28 Batch 22 | Loss: 0.289038
Epoch 28 Batch 23 | Loss: 0.285470
Epoch 28 Batch 24 | Loss: 0.306155
Epoch 28 Batch 25 | Loss: 0.294230
--- Epoch 28/30 | Loss: 0.2772 | Train Acc: 99.0% | Test Acc: 100.0% | CM: [TP:171, TN:172, FP:0, FN:0] | Progress: 93.3% | ETA: 1.2s ---
Epoch 29 Batch 1 | Loss: 0.297437 | Stats: min: -0.681, max: 0.556, mean: -0.011
Epoch 29 Batch 2 | Loss: 0.308433
Epoch 29 Batch 3 | Loss: 0.260541
Epoch 29 Batch 4 | Loss: 0.268184
Epoch 29 Batch 5 | Loss: 0.259459
Epoch 29 Batch 6 | Loss: 0.276177
Epoch 29 Batch 7 | Loss: 0.262812
Epoch 29 Batch 8 | Loss: 0.278102
Epoch 29 Batch 9 | Loss: 0.306286
Epoch 29 Batch 10 | Loss: 0.254206
Epoch 29 Batch 11 | Loss: 0.302855
Epoch 29 Batch 12 | Loss: 0.284724
Epoch 29 Batch 13 | Loss: 0.272918
Epoch 29 Batch 14 | Loss: 0.277544
Epoch 29 Batch 15 | Loss: 0.273808
Epoch 29 Batch 16 | Loss: 0.281407
Epoch 29 Batch 17 | Loss: 0.276445
Epoch 29 Batch 18 | Loss: 0.283201
Epoch 29 Batch 19 | Loss: 0.236645
Epoch 29 Batch 20 | Loss: 0.286411
Epoch 29 Batch 21 | Loss: 0.266715
Epoch 29 Batch 22 | Loss: 0.268687
Epoch 29 Batch 23 | Loss: 0.286514
Epoch 29 Batch 24 | Loss: 0.287512
Epoch 29 Batch 25 | Loss: 0.270763
--- Epoch 29/30 | Loss: 0.2771 | Train Acc: 99.0% | Test Acc: 100.0% | CM: [TP:171, TN:172, FP:0, FN:0] | Progress: 96.7% | ETA: 0.7s ---
Epoch 30 Batch 1 | Loss: 0.253898 | Stats: min: -0.681, max: -0.425, mean: -0.548
Epoch 30 Batch 2 | Loss: 0.261824
Epoch 30 Batch 3 | Loss: 0.277000
Epoch 30 Batch 4 | Loss: 0.257454
Epoch 30 Batch 5 | Loss: 0.281152
Epoch 30 Batch 6 | Loss: 0.281314
Epoch 30 Batch 7 | Loss: 0.260601
Epoch 30 Batch 8 | Loss: 0.265415
Epoch 30 Batch 9 | Loss: 0.320496
Epoch 30 Batch 10 | Loss: 0.276183
Epoch 30 Batch 11 | Loss: 0.292952
Epoch 30 Batch 12 | Loss: 0.261626
Epoch 30 Batch 13 | Loss: 0.286742
Epoch 30 Batch 14 | Loss: 0.251441
Epoch 30 Batch 15 | Loss: 0.294263
Epoch 30 Batch 16 | Loss: 0.291726
Epoch 30 Batch 17 | Loss: 0.284986
Epoch 30 Batch 18 | Loss: 0.257319
Epoch 30 Batch 19 | Loss: 0.260819
Epoch 30 Batch 20 | Loss: 0.280730
Epoch 30 Batch 21 | Loss: 0.298449
Epoch 30 Batch 22 | Loss: 0.297726
Epoch 30 Batch 23 | Loss: 0.250581
Epoch 30 Batch 24 | Loss: 0.290070
Epoch 30 Batch 25 | Loss: 0.293007
  [STABILITY] Plateau detected. Reducing Learning Rate to 0.000156
--- Epoch 30/30 | Loss: 0.2771 | Train Acc: 99.0% | Test Acc: 100.0% | CM: [TP:171, TN:172, FP:0, FN:0] | Progress: 100.0% | ETA: 0.0s ---

Final Best Test Accuracy: 100.00%


Best Quantum Test Accuracy: 1.000
