DEBUG: Qtrainer enters train_pure_quantum_cnn. Encoding: amplitude
  Class Weights: +1 (Target): 1.00 | -1 (Rest): 1.00
Starting Training
==================================================
Epoch 1 Batch 1 | Loss: 0.619925 | Stats: min: -0.300, max: 0.082, mean: -0.172
Epoch 1 Batch 2 | Loss: 0.610108
Epoch 1 Batch 3 | Loss: 0.555789
Epoch 1 Batch 4 | Loss: 0.529714
Epoch 1 Batch 5 | Loss: 0.520533
Epoch 1 Batch 6 | Loss: 0.496495
Epoch 1 Batch 7 | Loss: 0.489135
Epoch 1 Batch 8 | Loss: 0.478430
Epoch 1 Batch 9 | Loss: 0.483223
Epoch 1 Batch 10 | Loss: 0.460296
Epoch 1 Batch 11 | Loss: 0.437331
Epoch 1 Batch 12 | Loss: 0.455266
Epoch 1 Batch 13 | Loss: 0.437087
Epoch 1 Batch 14 | Loss: 0.426434
Epoch 1 Batch 15 | Loss: 0.459694
Epoch 1 Batch 16 | Loss: 0.450392
Epoch 1 Batch 17 | Loss: 0.419320
Epoch 1 Batch 18 | Loss: 0.416567
Epoch 1 Batch 19 | Loss: 0.407903
Epoch 1 Batch 20 | Loss: 0.420538
Epoch 1 Batch 21 | Loss: 0.436291
Epoch 1 Batch 22 | Loss: 0.414963
Epoch 1 Batch 23 | Loss: 0.401630
Epoch 1 Batch 24 | Loss: 0.408372
Epoch 1 Batch 25 | Loss: 0.387918
  [STABILITY] Test accuracy improved: 0.00% -> 81.05% (via EMA). Saving best params.
--- Epoch 1/30 | Loss: 0.4649 | Train Acc: 83.5% | Test Acc: 81.0% | CM: [TP:108, TN:170, FP:1, FN:64] | Progress: 3.3% | ETA: 881.0s ---
Epoch 2 Batch 1 | Loss: 0.392417 | Stats: min: 0.141, max: 0.361, mean: 0.303
Epoch 2 Batch 2 | Loss: 0.401608
Epoch 2 Batch 3 | Loss: 0.368917
Epoch 2 Batch 4 | Loss: 0.385656
Epoch 2 Batch 5 | Loss: 0.388097
Epoch 2 Batch 6 | Loss: 0.410578
Epoch 2 Batch 7 | Loss: 0.406151
Epoch 2 Batch 8 | Loss: 0.352634
Epoch 2 Batch 9 | Loss: 0.381283
Epoch 2 Batch 10 | Loss: 0.378727
Epoch 2 Batch 11 | Loss: 0.386189
Epoch 2 Batch 12 | Loss: 0.401069
Epoch 2 Batch 13 | Loss: 0.376761
Epoch 2 Batch 14 | Loss: 0.371656
Epoch 2 Batch 15 | Loss: 0.396280
Epoch 2 Batch 16 | Loss: 0.388274
Epoch 2 Batch 17 | Loss: 0.376419
Epoch 2 Batch 18 | Loss: 0.361988
Epoch 2 Batch 19 | Loss: 0.354700
Epoch 2 Batch 20 | Loss: 0.357182
Epoch 2 Batch 21 | Loss: 0.351999
Epoch 2 Batch 22 | Loss: 0.368438
Epoch 2 Batch 23 | Loss: 0.353347
Epoch 2 Batch 24 | Loss: 0.378228
Epoch 2 Batch 25 | Loss: 0.334960
  [STABILITY] Test accuracy improved: 81.05% -> 92.71% (via EMA). Saving best params.
--- Epoch 2/30 | Loss: 0.3769 | Train Acc: 95.5% | Test Acc: 92.7% | CM: [TP:147, TN:171, FP:0, FN:25] | Progress: 6.7% | ETA: 415.1s ---
Epoch 3 Batch 1 | Loss: 0.358891 | Stats: min: -0.481, max: 0.369, mean: -0.079
Epoch 3 Batch 2 | Loss: 0.388691
Epoch 3 Batch 3 | Loss: 0.345112
Epoch 3 Batch 4 | Loss: 0.347835
Epoch 3 Batch 5 | Loss: 0.344317
Epoch 3 Batch 6 | Loss: 0.358666
Epoch 3 Batch 7 | Loss: 0.329993
Epoch 3 Batch 8 | Loss: 0.353094
Epoch 3 Batch 9 | Loss: 0.366250
Epoch 3 Batch 10 | Loss: 0.335432
Epoch 3 Batch 11 | Loss: 0.326116
Epoch 3 Batch 12 | Loss: 0.335495
Epoch 3 Batch 13 | Loss: 0.370867
Epoch 3 Batch 14 | Loss: 0.344529
Epoch 3 Batch 15 | Loss: 0.362483
Epoch 3 Batch 16 | Loss: 0.379728
Epoch 3 Batch 17 | Loss: 0.336717
Epoch 3 Batch 18 | Loss: 0.340631
Epoch 3 Batch 19 | Loss: 0.315050
Epoch 3 Batch 20 | Loss: 0.362591
Epoch 3 Batch 21 | Loss: 0.366408
Epoch 3 Batch 22 | Loss: 0.354355
Epoch 3 Batch 23 | Loss: 0.348759
Epoch 3 Batch 24 | Loss: 0.347140
Epoch 3 Batch 25 | Loss: 0.362047
  [STABILITY] Test accuracy improved: 92.71% -> 97.67% (via EMA). Saving best params.
--- Epoch 3/30 | Loss: 0.3512 | Train Acc: 99.0% | Test Acc: 97.7% | CM: [TP:164, TN:171, FP:0, FN:8] | Progress: 10.0% | ETA: 272.7s ---
Epoch 4 Batch 1 | Loss: 0.360027 | Stats: min: -0.489, max: -0.330, mean: -0.393
Epoch 4 Batch 2 | Loss: 0.369307
Epoch 4 Batch 3 | Loss: 0.349150
Epoch 4 Batch 4 | Loss: 0.323086
Epoch 4 Batch 5 | Loss: 0.339515
Epoch 4 Batch 6 | Loss: 0.343467
Epoch 4 Batch 7 | Loss: 0.359762
Epoch 4 Batch 8 | Loss: 0.342282
Epoch 4 Batch 9 | Loss: 0.320736
Epoch 4 Batch 10 | Loss: 0.340868
Epoch 4 Batch 11 | Loss: 0.315298
Epoch 4 Batch 12 | Loss: 0.333627
Epoch 4 Batch 13 | Loss: 0.346739
Epoch 4 Batch 14 | Loss: 0.315997
Epoch 4 Batch 15 | Loss: 0.335805
Epoch 4 Batch 16 | Loss: 0.378519
Epoch 4 Batch 17 | Loss: 0.337309
Epoch 4 Batch 18 | Loss: 0.357616
Epoch 4 Batch 19 | Loss: 0.340895
Epoch 4 Batch 20 | Loss: 0.341366
Epoch 4 Batch 21 | Loss: 0.319304
Epoch 4 Batch 22 | Loss: 0.355558
Epoch 4 Batch 23 | Loss: 0.324828
Epoch 4 Batch 24 | Loss: 0.340922
Epoch 4 Batch 25 | Loss: 0.316053
  [STABILITY] Test accuracy improved: 97.67% -> 98.25% (via EMA). Saving best params.
--- Epoch 4/30 | Loss: 0.3403 | Train Acc: 99.5% | Test Acc: 98.3% | CM: [TP:166, TN:171, FP:0, FN:6] | Progress: 13.3% | ETA: 192.2s ---
Epoch 5 Batch 1 | Loss: 0.310054 | Stats: min: -0.599, max: 0.227, mean: -0.381
Epoch 5 Batch 2 | Loss: 0.324895
Epoch 5 Batch 3 | Loss: 0.328406
Epoch 5 Batch 4 | Loss: 0.308618
Epoch 5 Batch 5 | Loss: 0.326921
Epoch 5 Batch 6 | Loss: 0.346594
Epoch 5 Batch 7 | Loss: 0.337114
Epoch 5 Batch 8 | Loss: 0.335141
Epoch 5 Batch 9 | Loss: 0.356029
Epoch 5 Batch 10 | Loss: 0.327350
Epoch 5 Batch 11 | Loss: 0.312148
Epoch 5 Batch 12 | Loss: 0.317178
Epoch 5 Batch 13 | Loss: 0.325600
Epoch 5 Batch 14 | Loss: 0.331942
Epoch 5 Batch 15 | Loss: 0.366084
Epoch 5 Batch 16 | Loss: 0.317743
Epoch 5 Batch 17 | Loss: 0.333550
Epoch 5 Batch 18 | Loss: 0.331645
Epoch 5 Batch 19 | Loss: 0.333084
Epoch 5 Batch 20 | Loss: 0.323432
Epoch 5 Batch 21 | Loss: 0.321215
Epoch 5 Batch 22 | Loss: 0.327851
Epoch 5 Batch 23 | Loss: 0.319260
Epoch 5 Batch 24 | Loss: 0.310877
Epoch 5 Batch 25 | Loss: 0.307955
  [STABILITY] Test accuracy improved: 98.25% -> 99.13% (via EMA). Saving best params.
--- Epoch 5/30 | Loss: 0.3272 | Train Acc: 99.5% | Test Acc: 99.1% | CM: [TP:169, TN:171, FP:0, FN:3] | Progress: 16.7% | ETA: 146.9s ---
Epoch 6 Batch 1 | Loss: 0.310138 | Stats: min: -0.586, max: 0.546, mean: -0.135
Epoch 6 Batch 2 | Loss: 0.311882
Epoch 6 Batch 3 | Loss: 0.332852
Epoch 6 Batch 4 | Loss: 0.322323
Epoch 6 Batch 5 | Loss: 0.311601
Epoch 6 Batch 6 | Loss: 0.305636
Epoch 6 Batch 7 | Loss: 0.309143
Epoch 6 Batch 8 | Loss: 0.313779
Epoch 6 Batch 9 | Loss: 0.307540
Epoch 6 Batch 10 | Loss: 0.315796
Epoch 6 Batch 11 | Loss: 0.334939
Epoch 6 Batch 12 | Loss: 0.308125
Epoch 6 Batch 13 | Loss: 0.305018
Epoch 6 Batch 14 | Loss: 0.312901
Epoch 6 Batch 15 | Loss: 0.304311
Epoch 6 Batch 16 | Loss: 0.302873
Epoch 6 Batch 17 | Loss: 0.317602
Epoch 6 Batch 18 | Loss: 0.318089
Epoch 6 Batch 19 | Loss: 0.286112
Epoch 6 Batch 20 | Loss: 0.323248
Epoch 6 Batch 21 | Loss: 0.324221
Epoch 6 Batch 22 | Loss: 0.332891
Epoch 6 Batch 23 | Loss: 0.307497
Epoch 6 Batch 24 | Loss: 0.307181
Epoch 6 Batch 25 | Loss: 0.299492
--- Epoch 6/30 | Loss: 0.3130 | Train Acc: 99.5% | Test Acc: 99.1% | CM: [TP:169, TN:171, FP:0, FN:3] | Progress: 20.0% | ETA: 120.2s ---
Epoch 7 Batch 1 | Loss: 0.286774 | Stats: min: 0.365, max: 0.556, mean: 0.498
Epoch 7 Batch 2 | Loss: 0.314463
Epoch 7 Batch 3 | Loss: 0.304322
Epoch 7 Batch 4 | Loss: 0.283991
Epoch 7 Batch 5 | Loss: 0.308109
Epoch 7 Batch 6 | Loss: 0.305613
Epoch 7 Batch 7 | Loss: 0.304339
Epoch 7 Batch 8 | Loss: 0.315870
Epoch 7 Batch 9 | Loss: 0.289362
Epoch 7 Batch 10 | Loss: 0.292574
Epoch 7 Batch 11 | Loss: 0.309131
Epoch 7 Batch 12 | Loss: 0.316065
Epoch 7 Batch 13 | Loss: 0.310011
Epoch 7 Batch 14 | Loss: 0.324302
Epoch 7 Batch 15 | Loss: 0.304700
Epoch 7 Batch 16 | Loss: 0.310273
Epoch 7 Batch 17 | Loss: 0.327189
Epoch 7 Batch 18 | Loss: 0.297059
Epoch 7 Batch 19 | Loss: 0.292468
Epoch 7 Batch 20 | Loss: 0.309163
Epoch 7 Batch 21 | Loss: 0.279994
Epoch 7 Batch 22 | Loss: 0.283933
Epoch 7 Batch 23 | Loss: 0.300691
Epoch 7 Batch 24 | Loss: 0.306782
Epoch 7 Batch 25 | Loss: 0.281432
--- Epoch 7/30 | Loss: 0.3023 | Train Acc: 99.5% | Test Acc: 98.8% | CM: [TP:170, TN:169, FP:2, FN:2] | Progress: 23.3% | ETA: 100.3s ---
Epoch 8 Batch 1 | Loss: 0.268364 | Stats: min: -0.643, max: 0.556, mean: 0.089
Epoch 8 Batch 2 | Loss: 0.284357
Epoch 8 Batch 3 | Loss: 0.303558
Epoch 8 Batch 4 | Loss: 0.298095
Epoch 8 Batch 5 | Loss: 0.313479
Epoch 8 Batch 6 | Loss: 0.297460
Epoch 8 Batch 7 | Loss: 0.309366
Epoch 8 Batch 8 | Loss: 0.294692
Epoch 8 Batch 9 | Loss: 0.297770
Epoch 8 Batch 10 | Loss: 0.290271
Epoch 8 Batch 11 | Loss: 0.310899
Epoch 8 Batch 12 | Loss: 0.273015
Epoch 8 Batch 13 | Loss: 0.309373
Epoch 8 Batch 14 | Loss: 0.290417
Epoch 8 Batch 15 | Loss: 0.303505
Epoch 8 Batch 16 | Loss: 0.282269
Epoch 8 Batch 17 | Loss: 0.281162
Epoch 8 Batch 18 | Loss: 0.303279
Epoch 8 Batch 19 | Loss: 0.291535
Epoch 8 Batch 20 | Loss: 0.256329
Epoch 8 Batch 21 | Loss: 0.289453
Epoch 8 Batch 22 | Loss: 0.297874
Epoch 8 Batch 23 | Loss: 0.292195
Epoch 8 Batch 24 | Loss: 0.291772
Epoch 8 Batch 25 | Loss: 0.308991
  [STABILITY] Plateau detected. Reducing Learning Rate to 0.010000
--- Epoch 8/30 | Loss: 0.2936 | Train Acc: 99.5% | Test Acc: 98.8% | CM: [TP:170, TN:169, FP:2, FN:2] | Progress: 26.7% | ETA: 83.3s ---
Epoch 9 Batch 1 | Loss: 0.282228 | Stats: min: -0.577, max: 0.577, mean: 0.263
Epoch 9 Batch 2 | Loss: 0.289681
Epoch 9 Batch 3 | Loss: 0.315698
Epoch 9 Batch 4 | Loss: 0.297982
Epoch 9 Batch 5 | Loss: 0.313654
Epoch 9 Batch 6 | Loss: 0.268475
Epoch 9 Batch 7 | Loss: 0.267443
Epoch 9 Batch 8 | Loss: 0.284133
Epoch 9 Batch 9 | Loss: 0.284077
Epoch 9 Batch 10 | Loss: 0.294590
Epoch 9 Batch 11 | Loss: 0.278199
Epoch 9 Batch 12 | Loss: 0.294829
Epoch 9 Batch 13 | Loss: 0.297388
Epoch 9 Batch 14 | Loss: 0.302105
Epoch 9 Batch 15 | Loss: 0.273982
Epoch 9 Batch 16 | Loss: 0.284467
Epoch 9 Batch 17 | Loss: 0.304429
Epoch 9 Batch 18 | Loss: 0.266005
Epoch 9 Batch 19 | Loss: 0.285593
Epoch 9 Batch 20 | Loss: 0.312755
Epoch 9 Batch 21 | Loss: 0.273556
Epoch 9 Batch 22 | Loss: 0.287522
Epoch 9 Batch 23 | Loss: 0.286919
Epoch 9 Batch 24 | Loss: 0.283231
Epoch 9 Batch 25 | Loss: 0.273836
--- Epoch 9/30 | Loss: 0.2881 | Train Acc: 99.5% | Test Acc: 98.8% | CM: [TP:170, TN:169, FP:2, FN:2] | Progress: 30.0% | ETA: 71.8s ---
Epoch 10 Batch 1 | Loss: 0.305596 | Stats: min: -0.284, max: 0.563, mean: 0.217
Epoch 10 Batch 2 | Loss: 0.270799
Epoch 10 Batch 3 | Loss: 0.279464
Epoch 10 Batch 4 | Loss: 0.284317
Epoch 10 Batch 5 | Loss: 0.269090
Epoch 10 Batch 6 | Loss: 0.264650
Epoch 10 Batch 7 | Loss: 0.288091
Epoch 10 Batch 8 | Loss: 0.296326
Epoch 10 Batch 9 | Loss: 0.273976
Epoch 10 Batch 10 | Loss: 0.289605
Epoch 10 Batch 11 | Loss: 0.274300
Epoch 10 Batch 12 | Loss: 0.268935
Epoch 10 Batch 13 | Loss: 0.291815
Epoch 10 Batch 14 | Loss: 0.267394
Epoch 10 Batch 15 | Loss: 0.273129
Epoch 10 Batch 16 | Loss: 0.313503
Epoch 10 Batch 17 | Loss: 0.274543
Epoch 10 Batch 18 | Loss: 0.309892
Epoch 10 Batch 19 | Loss: 0.279629
Epoch 10 Batch 20 | Loss: 0.276415
Epoch 10 Batch 21 | Loss: 0.293586
Epoch 10 Batch 22 | Loss: 0.329314
Epoch 10 Batch 23 | Loss: 0.282569
Epoch 10 Batch 24 | Loss: 0.283960
Epoch 10 Batch 25 | Loss: 0.306971
--- Epoch 10/30 | Loss: 0.2859 | Train Acc: 99.5% | Test Acc: 98.8% | CM: [TP:170, TN:169, FP:2, FN:2] | Progress: 33.3% | ETA: 57.5s ---
Epoch 11 Batch 1 | Loss: 0.260091 | Stats: min: -0.569, max: 0.581, mean: 0.308
Epoch 11 Batch 2 | Loss: 0.293262
Epoch 11 Batch 3 | Loss: 0.308198
Epoch 11 Batch 4 | Loss: 0.302360
Epoch 11 Batch 5 | Loss: 0.309495
Epoch 11 Batch 6 | Loss: 0.264337
Epoch 11 Batch 7 | Loss: 0.289621
Epoch 11 Batch 8 | Loss: 0.263792
Epoch 11 Batch 9 | Loss: 0.297508
Epoch 11 Batch 10 | Loss: 0.268208
Epoch 11 Batch 11 | Loss: 0.291966
Epoch 11 Batch 12 | Loss: 0.275835
Epoch 11 Batch 13 | Loss: 0.271862
Epoch 11 Batch 14 | Loss: 0.276704
Epoch 11 Batch 15 | Loss: 0.274305
Epoch 11 Batch 16 | Loss: 0.284279
Epoch 11 Batch 17 | Loss: 0.258299
Epoch 11 Batch 18 | Loss: 0.288134
Epoch 11 Batch 19 | Loss: 0.266220
Epoch 11 Batch 20 | Loss: 0.309587
Epoch 11 Batch 21 | Loss: 0.286613
Epoch 11 Batch 22 | Loss: 0.280597
Epoch 11 Batch 23 | Loss: 0.289377
Epoch 11 Batch 24 | Loss: 0.265775
Epoch 11 Batch 25 | Loss: 0.282352
  [STABILITY] Plateau detected. Reducing Learning Rate to 0.005000
--- Epoch 11/30 | Loss: 0.2824 | Train Acc: 99.5% | Test Acc: 98.8% | CM: [TP:170, TN:169, FP:2, FN:2] | Progress: 36.7% | ETA: 50.0s ---
Epoch 12 Batch 1 | Loss: 0.271177 | Stats: min: -0.557, max: 0.590, mean: 0.127
Epoch 12 Batch 2 | Loss: 0.281374
Epoch 12 Batch 3 | Loss: 0.301876
Epoch 12 Batch 4 | Loss: 0.272919
Epoch 12 Batch 5 | Loss: 0.249210
Epoch 12 Batch 6 | Loss: 0.283074
Epoch 12 Batch 7 | Loss: 0.279931
Epoch 12 Batch 8 | Loss: 0.283619
Epoch 12 Batch 9 | Loss: 0.289987
Epoch 12 Batch 10 | Loss: 0.269819
Epoch 12 Batch 11 | Loss: 0.263747
Epoch 12 Batch 12 | Loss: 0.309857
Epoch 12 Batch 13 | Loss: 0.298730
Epoch 12 Batch 14 | Loss: 0.297672
Epoch 12 Batch 15 | Loss: 0.293721
Epoch 12 Batch 16 | Loss: 0.272250
Epoch 12 Batch 17 | Loss: 0.269217
Epoch 12 Batch 18 | Loss: 0.253929
Epoch 12 Batch 19 | Loss: 0.280666
Epoch 12 Batch 20 | Loss: 0.256229
Epoch 12 Batch 21 | Loss: 0.284666
Epoch 12 Batch 22 | Loss: 0.275580
Epoch 12 Batch 23 | Loss: 0.301881
Epoch 12 Batch 24 | Loss: 0.284534
Epoch 12 Batch 25 | Loss: 0.275446
--- Epoch 12/30 | Loss: 0.2800 | Train Acc: 99.5% | Test Acc: 99.1% | CM: [TP:171, TN:169, FP:2, FN:1] | Progress: 40.0% | ETA: 43.3s ---
Epoch 13 Batch 1 | Loss: 0.261990 | Stats: min: -0.695, max: 0.426, mean: -0.206
Epoch 13 Batch 2 | Loss: 0.266817
Epoch 13 Batch 3 | Loss: 0.283809
Epoch 13 Batch 4 | Loss: 0.298976
Epoch 13 Batch 5 | Loss: 0.263133
Epoch 13 Batch 6 | Loss: 0.282144
Epoch 13 Batch 7 | Loss: 0.289187
Epoch 13 Batch 8 | Loss: 0.302881
Epoch 13 Batch 9 | Loss: 0.257810
Epoch 13 Batch 10 | Loss: 0.306198
Epoch 13 Batch 11 | Loss: 0.297772
Epoch 13 Batch 12 | Loss: 0.262323
Epoch 13 Batch 13 | Loss: 0.278526
Epoch 13 Batch 14 | Loss: 0.274340
Epoch 13 Batch 15 | Loss: 0.249173
Epoch 13 Batch 16 | Loss: 0.280797
Epoch 13 Batch 17 | Loss: 0.272891
Epoch 13 Batch 18 | Loss: 0.257785
Epoch 13 Batch 19 | Loss: 0.271998
Epoch 13 Batch 20 | Loss: 0.310371
Epoch 13 Batch 21 | Loss: 0.286093
Epoch 13 Batch 22 | Loss: 0.267359
Epoch 13 Batch 23 | Loss: 0.280621
Epoch 13 Batch 24 | Loss: 0.267302
Epoch 13 Batch 25 | Loss: 0.287955
--- Epoch 13/30 | Loss: 0.2783 | Train Acc: 99.0% | Test Acc: 99.1% | CM: [TP:171, TN:169, FP:2, FN:1] | Progress: 43.3% | ETA: 37.9s ---
Epoch 14 Batch 1 | Loss: 0.276548 | Stats: min: -0.530, max: 0.564, mean: 0.299
Epoch 14 Batch 2 | Loss: 0.277439
Epoch 14 Batch 3 | Loss: 0.295554
Epoch 14 Batch 4 | Loss: 0.310142
Epoch 14 Batch 5 | Loss: 0.266454
Epoch 14 Batch 6 | Loss: 0.258652
Epoch 14 Batch 7 | Loss: 0.273206
Epoch 14 Batch 8 | Loss: 0.257558
Epoch 14 Batch 9 | Loss: 0.274705
Epoch 14 Batch 10 | Loss: 0.248056
Epoch 14 Batch 11 | Loss: 0.260859
Epoch 14 Batch 12 | Loss: 0.267629
Epoch 14 Batch 13 | Loss: 0.270584
Epoch 14 Batch 14 | Loss: 0.286270
Epoch 14 Batch 15 | Loss: 0.265509
Epoch 14 Batch 16 | Loss: 0.282964
Epoch 14 Batch 17 | Loss: 0.293377
Epoch 14 Batch 18 | Loss: 0.283845
Epoch 14 Batch 19 | Loss: 0.300475
Epoch 14 Batch 20 | Loss: 0.271850
Epoch 14 Batch 21 | Loss: 0.277827
Epoch 14 Batch 22 | Loss: 0.292644
Epoch 14 Batch 23 | Loss: 0.268094
Epoch 14 Batch 24 | Loss: 0.288311
Epoch 14 Batch 25 | Loss: 0.266175
  [STABILITY] Plateau detected. Reducing Learning Rate to 0.002500
--- Epoch 14/30 | Loss: 0.2766 | Train Acc: 99.0% | Test Acc: 99.1% | CM: [TP:171, TN:169, FP:2, FN:1] | Progress: 46.7% | ETA: 33.3s ---
Epoch 15 Batch 1 | Loss: 0.250143 | Stats: min: -0.621, max: 0.597, mean: 0.305
Epoch 15 Batch 2 | Loss: 0.294569
Epoch 15 Batch 3 | Loss: 0.259473
Epoch 15 Batch 4 | Loss: 0.286605
Epoch 15 Batch 5 | Loss: 0.287449
Epoch 15 Batch 6 | Loss: 0.256755
Epoch 15 Batch 7 | Loss: 0.281652
Epoch 15 Batch 8 | Loss: 0.262628
Epoch 15 Batch 9 | Loss: 0.283600
Epoch 15 Batch 10 | Loss: 0.279304
Epoch 15 Batch 11 | Loss: 0.289510
Epoch 15 Batch 12 | Loss: 0.285507
Epoch 15 Batch 13 | Loss: 0.285745
Epoch 15 Batch 14 | Loss: 0.273789
Epoch 15 Batch 15 | Loss: 0.264579
Epoch 15 Batch 16 | Loss: 0.259784
Epoch 15 Batch 17 | Loss: 0.251441
Epoch 15 Batch 18 | Loss: 0.251182
Epoch 15 Batch 19 | Loss: 0.287300
Epoch 15 Batch 20 | Loss: 0.272569
Epoch 15 Batch 21 | Loss: 0.272791
Epoch 15 Batch 22 | Loss: 0.254612
Epoch 15 Batch 23 | Loss: 0.279181
Epoch 15 Batch 24 | Loss: 0.317154
Epoch 15 Batch 25 | Loss: 0.288422
--- Epoch 15/30 | Loss: 0.2750 | Train Acc: 99.0% | Test Acc: 99.1% | CM: [TP:171, TN:169, FP:2, FN:1] | Progress: 50.0% | ETA: 31.1s ---
Epoch 16 Batch 1 | Loss: 0.285049 | Stats: min: -0.643, max: 0.568, mean: 0.043
Epoch 16 Batch 2 | Loss: 0.279687
Epoch 16 Batch 3 | Loss: 0.265672
Epoch 16 Batch 4 | Loss: 0.287279
Epoch 16 Batch 5 | Loss: 0.261780
Epoch 16 Batch 6 | Loss: 0.282232
Epoch 16 Batch 7 | Loss: 0.276847
Epoch 16 Batch 8 | Loss: 0.249799
Epoch 16 Batch 9 | Loss: 0.267996
Epoch 16 Batch 10 | Loss: 0.264121
Epoch 16 Batch 11 | Loss: 0.266491
Epoch 16 Batch 12 | Loss: 0.255193
Epoch 16 Batch 13 | Loss: 0.266596
Epoch 16 Batch 14 | Loss: 0.286892
Epoch 16 Batch 15 | Loss: 0.278444
Epoch 16 Batch 16 | Loss: 0.275437
Epoch 16 Batch 17 | Loss: 0.282110
Epoch 16 Batch 18 | Loss: 0.273422
Epoch 16 Batch 19 | Loss: 0.241054
Epoch 16 Batch 20 | Loss: 0.298958
Epoch 16 Batch 21 | Loss: 0.280654
Epoch 16 Batch 22 | Loss: 0.290241
Epoch 16 Batch 23 | Loss: 0.265150
Epoch 16 Batch 24 | Loss: 0.287050
Epoch 16 Batch 25 | Loss: 0.282895
--- Epoch 16/30 | Loss: 0.2740 | Train Acc: 99.0% | Test Acc: 99.1% | CM: [TP:171, TN:169, FP:2, FN:1] | Progress: 53.3% | ETA: 25.6s ---
Epoch 17 Batch 1 | Loss: 0.301354 | Stats: min: -0.435, max: 0.468, mean: 0.230
Epoch 17 Batch 2 | Loss: 0.269001
Epoch 17 Batch 3 | Loss: 0.243567
Epoch 17 Batch 4 | Loss: 0.265245
Epoch 17 Batch 5 | Loss: 0.257904
Epoch 17 Batch 6 | Loss: 0.258436
Epoch 17 Batch 7 | Loss: 0.278041
Epoch 17 Batch 8 | Loss: 0.281630
Epoch 17 Batch 9 | Loss: 0.273699
Epoch 17 Batch 10 | Loss: 0.270422
Epoch 17 Batch 11 | Loss: 0.297762
Epoch 17 Batch 12 | Loss: 0.259300
Epoch 17 Batch 13 | Loss: 0.288251
Epoch 17 Batch 14 | Loss: 0.271530
Epoch 17 Batch 15 | Loss: 0.240698
Epoch 17 Batch 16 | Loss: 0.274176
Epoch 17 Batch 17 | Loss: 0.247620
Epoch 17 Batch 18 | Loss: 0.261191
Epoch 17 Batch 19 | Loss: 0.276929
Epoch 17 Batch 20 | Loss: 0.305018
Epoch 17 Batch 21 | Loss: 0.302692
Epoch 17 Batch 22 | Loss: 0.262788
Epoch 17 Batch 23 | Loss: 0.278078
Epoch 17 Batch 24 | Loss: 0.281929
Epoch 17 Batch 25 | Loss: 0.278777
  [STABILITY] Plateau detected. Reducing Learning Rate to 0.001250
--- Epoch 17/30 | Loss: 0.2730 | Train Acc: 99.0% | Test Acc: 99.1% | CM: [TP:171, TN:169, FP:2, FN:1] | Progress: 56.7% | ETA: 22.1s ---
Epoch 18 Batch 1 | Loss: 0.273313 | Stats: min: -0.528, max: 0.576, mean: 0.127
Epoch 18 Batch 2 | Loss: 0.252566
Epoch 18 Batch 3 | Loss: 0.262375
Epoch 18 Batch 4 | Loss: 0.298311
Epoch 18 Batch 5 | Loss: 0.235521
Epoch 18 Batch 6 | Loss: 0.262591
Epoch 18 Batch 7 | Loss: 0.271202
Epoch 18 Batch 8 | Loss: 0.258046
Epoch 18 Batch 9 | Loss: 0.284355
Epoch 18 Batch 10 | Loss: 0.277713
Epoch 18 Batch 11 | Loss: 0.333268
Epoch 18 Batch 12 | Loss: 0.299135
Epoch 18 Batch 13 | Loss: 0.287319
Epoch 18 Batch 14 | Loss: 0.275952
Epoch 18 Batch 15 | Loss: 0.292020
Epoch 18 Batch 16 | Loss: 0.280418
Epoch 18 Batch 17 | Loss: 0.273245
Epoch 18 Batch 18 | Loss: 0.256879
Epoch 18 Batch 19 | Loss: 0.248552
Epoch 18 Batch 20 | Loss: 0.276239
Epoch 18 Batch 21 | Loss: 0.265573
Epoch 18 Batch 22 | Loss: 0.250150
Epoch 18 Batch 23 | Loss: 0.263241
Epoch 18 Batch 24 | Loss: 0.260138
Epoch 18 Batch 25 | Loss: 0.262307
--- Epoch 18/30 | Loss: 0.2720 | Train Acc: 99.0% | Test Acc: 99.1% | CM: [TP:171, TN:169, FP:2, FN:1] | Progress: 60.0% | ETA: 19.7s ---
Epoch 19 Batch 1 | Loss: 0.239629 | Stats: min: -0.732, max: 0.595, mean: 0.023
Epoch 19 Batch 2 | Loss: 0.286232
Epoch 19 Batch 3 | Loss: 0.311804
Epoch 19 Batch 4 | Loss: 0.277262
Epoch 19 Batch 5 | Loss: 0.261721
Epoch 19 Batch 6 | Loss: 0.262865
Epoch 19 Batch 7 | Loss: 0.268217
Epoch 19 Batch 8 | Loss: 0.277941
Epoch 19 Batch 9 | Loss: 0.261741
Epoch 19 Batch 10 | Loss: 0.272704
Epoch 19 Batch 11 | Loss: 0.293918
Epoch 19 Batch 12 | Loss: 0.304086
Epoch 19 Batch 13 | Loss: 0.261865
Epoch 19 Batch 14 | Loss: 0.280071
Epoch 19 Batch 15 | Loss: 0.249419
Epoch 19 Batch 16 | Loss: 0.249414
Epoch 19 Batch 17 | Loss: 0.314511
Epoch 19 Batch 18 | Loss: 0.269357
Epoch 19 Batch 19 | Loss: 0.241949
Epoch 19 Batch 20 | Loss: 0.255078
Epoch 19 Batch 21 | Loss: 0.267739
Epoch 19 Batch 22 | Loss: 0.316419
Epoch 19 Batch 23 | Loss: 0.241517
Epoch 19 Batch 24 | Loss: 0.263286
Epoch 19 Batch 25 | Loss: 0.259364
--- Epoch 19/30 | Loss: 0.2715 | Train Acc: 99.0% | Test Acc: 99.1% | CM: [TP:171, TN:169, FP:2, FN:1] | Progress: 63.3% | ETA: 17.0s ---
Epoch 20 Batch 1 | Loss: 0.262633 | Stats: min: -0.649, max: 0.540, mean: 0.040
Epoch 20 Batch 2 | Loss: 0.252982
Epoch 20 Batch 3 | Loss: 0.287763
Epoch 20 Batch 4 | Loss: 0.309630
Epoch 20 Batch 5 | Loss: 0.245590
Epoch 20 Batch 6 | Loss: 0.238801
Epoch 20 Batch 7 | Loss: 0.271666
Epoch 20 Batch 8 | Loss: 0.280120
Epoch 20 Batch 9 | Loss: 0.254934
Epoch 20 Batch 10 | Loss: 0.253226
Epoch 20 Batch 11 | Loss: 0.265622
Epoch 20 Batch 12 | Loss: 0.260290
Epoch 20 Batch 13 | Loss: 0.264961
Epoch 20 Batch 14 | Loss: 0.266089
Epoch 20 Batch 15 | Loss: 0.274032
Epoch 20 Batch 16 | Loss: 0.274290
Epoch 20 Batch 17 | Loss: 0.278828
Epoch 20 Batch 18 | Loss: 0.286503
Epoch 20 Batch 19 | Loss: 0.249838
Epoch 20 Batch 20 | Loss: 0.284959
Epoch 20 Batch 21 | Loss: 0.258067
Epoch 20 Batch 22 | Loss: 0.278761
Epoch 20 Batch 23 | Loss: 0.295659
Epoch 20 Batch 24 | Loss: 0.286303
Epoch 20 Batch 25 | Loss: 0.293407
  [STABILITY] Plateau detected. Reducing Learning Rate to 0.000625
--- Epoch 20/30 | Loss: 0.2710 | Train Acc: 99.0% | Test Acc: 99.1% | CM: [TP:171, TN:169, FP:2, FN:1] | Progress: 66.7% | ETA: 15.1s ---
Epoch 21 Batch 1 | Loss: 0.266646 | Stats: min: -0.708, max: 0.599, mean: -0.360
Epoch 21 Batch 2 | Loss: 0.293158
Epoch 21 Batch 3 | Loss: 0.255582
Epoch 21 Batch 4 | Loss: 0.258630
Epoch 21 Batch 5 | Loss: 0.248284
Epoch 21 Batch 6 | Loss: 0.275939
Epoch 21 Batch 7 | Loss: 0.249726
Epoch 21 Batch 8 | Loss: 0.264038
Epoch 21 Batch 9 | Loss: 0.273977
Epoch 21 Batch 10 | Loss: 0.289743
Epoch 21 Batch 11 | Loss: 0.258528
Epoch 21 Batch 12 | Loss: 0.262661
Epoch 21 Batch 13 | Loss: 0.245381
Epoch 21 Batch 14 | Loss: 0.298258
Epoch 21 Batch 15 | Loss: 0.288157
Epoch 21 Batch 16 | Loss: 0.292668
Epoch 21 Batch 17 | Loss: 0.272041
Epoch 21 Batch 18 | Loss: 0.268455
Epoch 21 Batch 19 | Loss: 0.261719
Epoch 21 Batch 20 | Loss: 0.263801
Epoch 21 Batch 21 | Loss: 0.257816
Epoch 21 Batch 22 | Loss: 0.276576
Epoch 21 Batch 23 | Loss: 0.317095
Epoch 21 Batch 24 | Loss: 0.257799
Epoch 21 Batch 25 | Loss: 0.265195
--- Epoch 21/30 | Loss: 0.2705 | Train Acc: 99.0% | Test Acc: 98.8% | CM: [TP:170, TN:169, FP:2, FN:2] | Progress: 70.0% | ETA: 12.6s ---
Epoch 22 Batch 1 | Loss: 0.241678 | Stats: min: -0.762, max: 0.525, mean: -0.194
Epoch 22 Batch 2 | Loss: 0.260973
Epoch 22 Batch 3 | Loss: 0.261140
Epoch 22 Batch 4 | Loss: 0.279412
Epoch 22 Batch 5 | Loss: 0.273083
Epoch 22 Batch 6 | Loss: 0.267427
Epoch 22 Batch 7 | Loss: 0.289041
Epoch 22 Batch 8 | Loss: 0.265587
Epoch 22 Batch 9 | Loss: 0.258650
Epoch 22 Batch 10 | Loss: 0.264851
Epoch 22 Batch 11 | Loss: 0.273694
Epoch 22 Batch 12 | Loss: 0.266341
Epoch 22 Batch 13 | Loss: 0.273500
Epoch 22 Batch 14 | Loss: 0.273115
Epoch 22 Batch 15 | Loss: 0.274993
Epoch 22 Batch 16 | Loss: 0.263521
Epoch 22 Batch 17 | Loss: 0.266270
Epoch 22 Batch 18 | Loss: 0.270923
Epoch 22 Batch 19 | Loss: 0.264752
Epoch 22 Batch 20 | Loss: 0.276088
Epoch 22 Batch 21 | Loss: 0.277149
Epoch 22 Batch 22 | Loss: 0.294222
Epoch 22 Batch 23 | Loss: 0.283158
Epoch 22 Batch 24 | Loss: 0.271442
Epoch 22 Batch 25 | Loss: 0.264233
--- Epoch 22/30 | Loss: 0.2702 | Train Acc: 99.0% | Test Acc: 98.8% | CM: [TP:170, TN:169, FP:2, FN:2] | Progress: 73.3% | ETA: 10.8s ---
Epoch 23 Batch 1 | Loss: 0.247414 | Stats: min: -0.669, max: 0.637, mean: -0.128
Epoch 23 Batch 2 | Loss: 0.251651
Epoch 23 Batch 3 | Loss: 0.272952
Epoch 23 Batch 4 | Loss: 0.240056
Epoch 23 Batch 5 | Loss: 0.277536
Epoch 23 Batch 6 | Loss: 0.283829
Epoch 23 Batch 7 | Loss: 0.310487
Epoch 23 Batch 8 | Loss: 0.246506
Epoch 23 Batch 9 | Loss: 0.245233
Epoch 23 Batch 10 | Loss: 0.311061
Epoch 23 Batch 11 | Loss: 0.249024
Epoch 23 Batch 12 | Loss: 0.297407
Epoch 23 Batch 13 | Loss: 0.263337
Epoch 23 Batch 14 | Loss: 0.269922
Epoch 23 Batch 15 | Loss: 0.250789
Epoch 23 Batch 16 | Loss: 0.291214
Epoch 23 Batch 17 | Loss: 0.264235
Epoch 23 Batch 18 | Loss: 0.263395
Epoch 23 Batch 19 | Loss: 0.271179
Epoch 23 Batch 20 | Loss: 0.264702
Epoch 23 Batch 21 | Loss: 0.244513
Epoch 23 Batch 22 | Loss: 0.282602
Epoch 23 Batch 23 | Loss: 0.268042
Epoch 23 Batch 24 | Loss: 0.290288
Epoch 23 Batch 25 | Loss: 0.292914
  [STABILITY] Plateau detected. Reducing Learning Rate to 0.000313
--- Epoch 23/30 | Loss: 0.2700 | Train Acc: 99.0% | Test Acc: 98.8% | CM: [TP:170, TN:169, FP:2, FN:2] | Progress: 76.7% | ETA: 8.7s ---
Epoch 24 Batch 1 | Loss: 0.275825 | Stats: min: -0.731, max: 0.449, mean: -0.137
Epoch 24 Batch 2 | Loss: 0.264537
Epoch 24 Batch 3 | Loss: 0.270711
Epoch 24 Batch 4 | Loss: 0.227359
Epoch 24 Batch 5 | Loss: 0.243146
Epoch 24 Batch 6 | Loss: 0.270213
Epoch 24 Batch 7 | Loss: 0.303281
Epoch 24 Batch 8 | Loss: 0.246233
Epoch 24 Batch 9 | Loss: 0.276043
Epoch 24 Batch 10 | Loss: 0.267073
Epoch 24 Batch 11 | Loss: 0.302090
Epoch 24 Batch 12 | Loss: 0.283681
Epoch 24 Batch 13 | Loss: 0.259558
Epoch 24 Batch 14 | Loss: 0.280651
Epoch 24 Batch 15 | Loss: 0.251469
Epoch 24 Batch 16 | Loss: 0.282130
Epoch 24 Batch 17 | Loss: 0.263163
Epoch 24 Batch 18 | Loss: 0.258237
Epoch 24 Batch 19 | Loss: 0.266695
Epoch 24 Batch 20 | Loss: 0.280961
Epoch 24 Batch 21 | Loss: 0.248371
Epoch 24 Batch 22 | Loss: 0.268034
Epoch 24 Batch 23 | Loss: 0.277229
Epoch 24 Batch 24 | Loss: 0.258274
Epoch 24 Batch 25 | Loss: 0.320383
--- Epoch 24/30 | Loss: 0.2698 | Train Acc: 99.0% | Test Acc: 98.8% | CM: [TP:170, TN:169, FP:2, FN:2] | Progress: 80.0% | ETA: 7.3s ---
Epoch 25 Batch 1 | Loss: 0.269628 | Stats: min: -0.579, max: 0.662, mean: -0.124
Epoch 25 Batch 2 | Loss: 0.267899
Epoch 25 Batch 3 | Loss: 0.273389
Epoch 25 Batch 4 | Loss: 0.253949
Epoch 25 Batch 5 | Loss: 0.286411
Epoch 25 Batch 6 | Loss: 0.263315
Epoch 25 Batch 7 | Loss: 0.310729
Epoch 25 Batch 8 | Loss: 0.273937
Epoch 25 Batch 9 | Loss: 0.258151
Epoch 25 Batch 10 | Loss: 0.286893
Epoch 25 Batch 11 | Loss: 0.249935
Epoch 25 Batch 12 | Loss: 0.275035
Epoch 25 Batch 13 | Loss: 0.295153
Epoch 25 Batch 14 | Loss: 0.261059
Epoch 25 Batch 15 | Loss: 0.262556
Epoch 25 Batch 16 | Loss: 0.269385
Epoch 25 Batch 17 | Loss: 0.282138
Epoch 25 Batch 18 | Loss: 0.282477
Epoch 25 Batch 19 | Loss: 0.248122
Epoch 25 Batch 20 | Loss: 0.261335
Epoch 25 Batch 21 | Loss: 0.266485
Epoch 25 Batch 22 | Loss: 0.292152
Epoch 25 Batch 23 | Loss: 0.258430
Epoch 25 Batch 24 | Loss: 0.243782
Epoch 25 Batch 25 | Loss: 0.247034
--- Epoch 25/30 | Loss: 0.2696 | Train Acc: 99.0% | Test Acc: 98.8% | CM: [TP:170, TN:169, FP:2, FN:2] | Progress: 83.3% | ETA: 6.3s ---
Epoch 26 Batch 1 | Loss: 0.274044 | Stats: min: -0.687, max: 0.562, mean: -0.164
Epoch 26 Batch 2 | Loss: 0.286715
Epoch 26 Batch 3 | Loss: 0.259631
Epoch 26 Batch 4 | Loss: 0.281335
Epoch 26 Batch 5 | Loss: 0.288008
Epoch 26 Batch 6 | Loss: 0.288270
Epoch 26 Batch 7 | Loss: 0.237619
Epoch 26 Batch 8 | Loss: 0.268805
Epoch 26 Batch 9 | Loss: 0.262256
Epoch 26 Batch 10 | Loss: 0.237013
Epoch 26 Batch 11 | Loss: 0.272768
Epoch 26 Batch 12 | Loss: 0.272484
Epoch 26 Batch 13 | Loss: 0.272565
Epoch 26 Batch 14 | Loss: 0.252437
Epoch 26 Batch 15 | Loss: 0.248943
Epoch 26 Batch 16 | Loss: 0.260646
Epoch 26 Batch 17 | Loss: 0.259285
Epoch 26 Batch 18 | Loss: 0.274831
Epoch 26 Batch 19 | Loss: 0.264171
Epoch 26 Batch 20 | Loss: 0.282132
Epoch 26 Batch 21 | Loss: 0.287533
Epoch 26 Batch 22 | Loss: 0.269425
Epoch 26 Batch 23 | Loss: 0.269851
Epoch 26 Batch 24 | Loss: 0.284928
Epoch 26 Batch 25 | Loss: 0.281777
  [STABILITY] Plateau detected. Reducing Learning Rate to 0.000156
--- Epoch 26/30 | Loss: 0.2695 | Train Acc: 99.0% | Test Acc: 98.8% | CM: [TP:170, TN:169, FP:2, FN:2] | Progress: 86.7% | ETA: 5.0s ---
Epoch 27 Batch 1 | Loss: 0.257768 | Stats: min: -0.650, max: 0.469, mean: 0.229
Epoch 27 Batch 2 | Loss: 0.263652
Epoch 27 Batch 3 | Loss: 0.267622
Epoch 27 Batch 4 | Loss: 0.255221
Epoch 27 Batch 5 | Loss: 0.274892
Epoch 27 Batch 6 | Loss: 0.290579
Epoch 27 Batch 7 | Loss: 0.287126
Epoch 27 Batch 8 | Loss: 0.261339
Epoch 27 Batch 9 | Loss: 0.279268
Epoch 27 Batch 10 | Loss: 0.276005
Epoch 27 Batch 11 | Loss: 0.243350
Epoch 27 Batch 12 | Loss: 0.281648
Epoch 27 Batch 13 | Loss: 0.273479
Epoch 27 Batch 14 | Loss: 0.272281
Epoch 27 Batch 15 | Loss: 0.263711
Epoch 27 Batch 16 | Loss: 0.256724
Epoch 27 Batch 17 | Loss: 0.244570
Epoch 27 Batch 18 | Loss: 0.294559
Epoch 27 Batch 19 | Loss: 0.288428
Epoch 27 Batch 20 | Loss: 0.284674
Epoch 27 Batch 21 | Loss: 0.271731
Epoch 27 Batch 22 | Loss: 0.257560
Epoch 27 Batch 23 | Loss: 0.262062
Epoch 27 Batch 24 | Loss: 0.245455
Epoch 27 Batch 25 | Loss: 0.280495
--- Epoch 27/30 | Loss: 0.2694 | Train Acc: 99.0% | Test Acc: 98.8% | CM: [TP:170, TN:169, FP:2, FN:2] | Progress: 90.0% | ETA: 3.8s ---
Epoch 28 Batch 1 | Loss: 0.271241 | Stats: min: -0.373, max: 0.663, mean: 0.210
Epoch 28 Batch 2 | Loss: 0.262757
Epoch 28 Batch 3 | Loss: 0.273960
Epoch 28 Batch 4 | Loss: 0.277773
Epoch 28 Batch 5 | Loss: 0.265156
Epoch 28 Batch 6 | Loss: 0.289409
Epoch 28 Batch 7 | Loss: 0.269978
Epoch 28 Batch 8 | Loss: 0.269279
Epoch 28 Batch 9 | Loss: 0.255112
Epoch 28 Batch 10 | Loss: 0.266863
Epoch 28 Batch 11 | Loss: 0.263324
Epoch 28 Batch 12 | Loss: 0.243754
Epoch 28 Batch 13 | Loss: 0.287961
Epoch 28 Batch 14 | Loss: 0.263635
Epoch 28 Batch 15 | Loss: 0.246849
Epoch 28 Batch 16 | Loss: 0.260952
Epoch 28 Batch 17 | Loss: 0.267280
Epoch 28 Batch 18 | Loss: 0.266849
Epoch 28 Batch 19 | Loss: 0.253882
Epoch 28 Batch 20 | Loss: 0.280645
Epoch 28 Batch 21 | Loss: 0.287683
Epoch 28 Batch 22 | Loss: 0.256241
Epoch 28 Batch 23 | Loss: 0.274365
Epoch 28 Batch 24 | Loss: 0.313439
Epoch 28 Batch 25 | Loss: 0.263862
--- Epoch 28/30 | Loss: 0.2693 | Train Acc: 99.0% | Test Acc: 98.8% | CM: [TP:170, TN:169, FP:2, FN:2] | Progress: 93.3% | ETA: 2.4s ---
Epoch 29 Batch 1 | Loss: 0.261510 | Stats: min: -0.592, max: -0.080, mean: -0.406
Epoch 29 Batch 2 | Loss: 0.278242
Epoch 29 Batch 3 | Loss: 0.253898
Epoch 29 Batch 4 | Loss: 0.258343
Epoch 29 Batch 5 | Loss: 0.264466
Epoch 29 Batch 6 | Loss: 0.259537
Epoch 29 Batch 7 | Loss: 0.260089
Epoch 29 Batch 8 | Loss: 0.296703
Epoch 29 Batch 9 | Loss: 0.292670
Epoch 29 Batch 10 | Loss: 0.259865
Epoch 29 Batch 11 | Loss: 0.277783
Epoch 29 Batch 12 | Loss: 0.288793
Epoch 29 Batch 13 | Loss: 0.258597
Epoch 29 Batch 14 | Loss: 0.270012
Epoch 29 Batch 15 | Loss: 0.253403
Epoch 29 Batch 16 | Loss: 0.280918
Epoch 29 Batch 17 | Loss: 0.280278
Epoch 29 Batch 18 | Loss: 0.247886
Epoch 29 Batch 19 | Loss: 0.250088
Epoch 29 Batch 20 | Loss: 0.304284
Epoch 29 Batch 21 | Loss: 0.260197
Epoch 29 Batch 22 | Loss: 0.257650
Epoch 29 Batch 23 | Loss: 0.307004
Epoch 29 Batch 24 | Loss: 0.265151
Epoch 29 Batch 25 | Loss: 0.242644
  [STABILITY] Plateau detected. Reducing Learning Rate to 0.000078
--- Epoch 29/30 | Loss: 0.2692 | Train Acc: 99.0% | Test Acc: 98.8% | CM: [TP:170, TN:169, FP:2, FN:2] | Progress: 96.7% | ETA: 1.1s ---
Epoch 30 Batch 1 | Loss: 0.291133 | Stats: min: -0.771, max: 0.642, mean: 0.018
Epoch 30 Batch 2 | Loss: 0.270046
Epoch 30 Batch 3 | Loss: 0.287383
Epoch 30 Batch 4 | Loss: 0.289794
Epoch 30 Batch 5 | Loss: 0.254134
Epoch 30 Batch 6 | Loss: 0.290899
Epoch 30 Batch 7 | Loss: 0.271539
Epoch 30 Batch 8 | Loss: 0.261376
Epoch 30 Batch 9 | Loss: 0.252600
Epoch 30 Batch 10 | Loss: 0.315207
Epoch 30 Batch 11 | Loss: 0.269877
Epoch 30 Batch 12 | Loss: 0.245380
Epoch 30 Batch 13 | Loss: 0.276016
Epoch 30 Batch 14 | Loss: 0.242778
Epoch 30 Batch 15 | Loss: 0.282847
Epoch 30 Batch 16 | Loss: 0.265696
Epoch 30 Batch 17 | Loss: 0.236975
Epoch 30 Batch 18 | Loss: 0.253219
Epoch 30 Batch 19 | Loss: 0.283629
Epoch 30 Batch 20 | Loss: 0.253758
Epoch 30 Batch 21 | Loss: 0.272631
Epoch 30 Batch 22 | Loss: 0.264742
Epoch 30 Batch 23 | Loss: 0.269695
Epoch 30 Batch 24 | Loss: 0.242022
Epoch 30 Batch 25 | Loss: 0.286394
--- Epoch 30/30 | Loss: 0.2692 | Train Acc: 99.0% | Test Acc: 98.8% | CM: [TP:170, TN:169, FP:2, FN:2] | Progress: 100.0% | ETA: 0.0s ---

Final Best Test Accuracy: 99.13%


Best Quantum Test Accuracy: 0.991
