DEBUG: Qtrainer enters train_pure_quantum_cnn. Encoding: feature_map
  Class Weights: +1 (Target): 1.00 | -1 (Rest): 1.00
Starting Training
==================================================
Epoch 1 Batch 1 | Loss: 0.652753 | Stats: min: -0.131, max: 0.205, mean: -0.047
Epoch 1 Batch 2 | Loss: 0.594076
Epoch 1 Batch 3 | Loss: 0.555242
Epoch 1 Batch 4 | Loss: 0.558903
Epoch 1 Batch 5 | Loss: 0.530260
Epoch 1 Batch 6 | Loss: 0.531128
Epoch 1 Batch 7 | Loss: 0.475987
Epoch 1 Batch 8 | Loss: 0.461171
Epoch 1 Batch 9 | Loss: 0.490008
Epoch 1 Batch 10 | Loss: 0.507038
Epoch 1 Batch 11 | Loss: 0.452781
Epoch 1 Batch 12 | Loss: 0.472104
Epoch 1 Batch 13 | Loss: 0.442153
  [STABILITY] Test accuracy improved: 0.00% -> 90.70% (via EMA). Saving best params.
--- Epoch 1/30 | Loss: 0.5172 | Train Acc: 90.5% | Test Acc: 90.7% | CM: [TP:74, TN:82, FP:4, FN:12] | Progress: 3.3% | ETA: 661.5s ---
Epoch 2 Batch 1 | Loss: 0.437843 | Stats: min: -0.489, max: 0.375, mean: 0.159
Epoch 2 Batch 2 | Loss: 0.403011
Epoch 2 Batch 3 | Loss: 0.443679
Epoch 2 Batch 4 | Loss: 0.417379
Epoch 2 Batch 5 | Loss: 0.476198
Epoch 2 Batch 6 | Loss: 0.401592
Epoch 2 Batch 7 | Loss: 0.420831
Epoch 2 Batch 8 | Loss: 0.381127
Epoch 2 Batch 9 | Loss: 0.406539
Epoch 2 Batch 10 | Loss: 0.411681
Epoch 2 Batch 11 | Loss: 0.394527
Epoch 2 Batch 12 | Loss: 0.459798
Epoch 2 Batch 13 | Loss: 0.396925
  [STABILITY] Test accuracy improved: 90.70% -> 94.77% (via EMA). Saving best params.
--- Epoch 2/30 | Loss: 0.4193 | Train Acc: 94.5% | Test Acc: 94.8% | CM: [TP:82, TN:81, FP:5, FN:4] | Progress: 6.7% | ETA: 290.8s ---
Epoch 3 Batch 1 | Loss: 0.372724 | Stats: min: -0.549, max: 0.415, mean: 0.072
Epoch 3 Batch 2 | Loss: 0.401770
Epoch 3 Batch 3 | Loss: 0.388995
Epoch 3 Batch 4 | Loss: 0.412639
Epoch 3 Batch 5 | Loss: 0.378312
Epoch 3 Batch 6 | Loss: 0.385261
Epoch 3 Batch 7 | Loss: 0.343699
Epoch 3 Batch 8 | Loss: 0.391631
Epoch 3 Batch 9 | Loss: 0.417895
Epoch 3 Batch 10 | Loss: 0.465294
Epoch 3 Batch 11 | Loss: 0.418353
Epoch 3 Batch 12 | Loss: 0.372198
Epoch 3 Batch 13 | Loss: 0.619334
  [STABILITY] Test accuracy improved: 94.77% -> 95.93% (via EMA). Saving best params.
--- Epoch 3/30 | Loss: 0.4129 | Train Acc: 94.5% | Test Acc: 95.9% | CM: [TP:84, TN:81, FP:5, FN:2] | Progress: 10.0% | ETA: 159.9s ---
Epoch 4 Batch 1 | Loss: 0.414678 | Stats: min: -0.469, max: 0.448, mean: 0.064
Epoch 4 Batch 2 | Loss: 0.391615
Epoch 4 Batch 3 | Loss: 0.382692
Epoch 4 Batch 4 | Loss: 0.374005
Epoch 4 Batch 5 | Loss: 0.414249
Epoch 4 Batch 6 | Loss: 0.407434
Epoch 4 Batch 7 | Loss: 0.387996
Epoch 4 Batch 8 | Loss: 0.436677
Epoch 4 Batch 9 | Loss: 0.342848
Epoch 4 Batch 10 | Loss: 0.397845
Epoch 4 Batch 11 | Loss: 0.386640
Epoch 4 Batch 12 | Loss: 0.362945
Epoch 4 Batch 13 | Loss: 0.329211
  [STABILITY] Test accuracy improved: 95.93% -> 96.51% (via EMA). Saving best params.
--- Epoch 4/30 | Loss: 0.3868 | Train Acc: 95.0% | Test Acc: 96.5% | CM: [TP:84, TN:82, FP:4, FN:2] | Progress: 13.3% | ETA: 106.2s ---
Epoch 5 Batch 1 | Loss: 0.386603 | Stats: min: -0.383, max: 0.612, mean: 0.358
Epoch 5 Batch 2 | Loss: 0.407306
Epoch 5 Batch 3 | Loss: 0.373476
Epoch 5 Batch 4 | Loss: 0.341562
Epoch 5 Batch 5 | Loss: 0.367849
Epoch 5 Batch 6 | Loss: 0.328914
Epoch 5 Batch 7 | Loss: 0.408689
Epoch 5 Batch 8 | Loss: 0.326803
Epoch 5 Batch 9 | Loss: 0.346177
Epoch 5 Batch 10 | Loss: 0.303198
Epoch 5 Batch 11 | Loss: 0.353399
Epoch 5 Batch 12 | Loss: 0.335237
Epoch 5 Batch 13 | Loss: 0.419402
--- Epoch 5/30 | Loss: 0.3614 | Train Acc: 96.0% | Test Acc: 96.5% | CM: [TP:85, TN:81, FP:5, FN:1] | Progress: 16.7% | ETA: 108.0s ---
Epoch 6 Batch 1 | Loss: 0.366832 | Stats: min: -0.350, max: 0.626, mean: 0.329
Epoch 6 Batch 2 | Loss: 0.428496
Epoch 6 Batch 3 | Loss: 0.365290
Epoch 6 Batch 4 | Loss: 0.319360
Epoch 6 Batch 5 | Loss: 0.356828
Epoch 6 Batch 6 | Loss: 0.307667
Epoch 6 Batch 7 | Loss: 0.307723
Epoch 6 Batch 8 | Loss: 0.419339
Epoch 6 Batch 9 | Loss: 0.371269
Epoch 6 Batch 10 | Loss: 0.333810
Epoch 6 Batch 11 | Loss: 0.326278
Epoch 6 Batch 12 | Loss: 0.342298
Epoch 6 Batch 13 | Loss: 0.368247
--- Epoch 6/30 | Loss: 0.3549 | Train Acc: 95.5% | Test Acc: 96.5% | CM: [TP:85, TN:81, FP:5, FN:1] | Progress: 20.0% | ETA: 85.6s ---
Epoch 7 Batch 1 | Loss: 0.309612 | Stats: min: -0.621, max: 0.606, mean: 0.322
Epoch 7 Batch 2 | Loss: 0.355729
Epoch 7 Batch 3 | Loss: 0.343706
Epoch 7 Batch 4 | Loss: 0.343704
Epoch 7 Batch 5 | Loss: 0.361723
Epoch 7 Batch 6 | Loss: 0.363944
Epoch 7 Batch 7 | Loss: 0.344483
Epoch 7 Batch 8 | Loss: 0.343407
Epoch 7 Batch 9 | Loss: 0.349579
Epoch 7 Batch 10 | Loss: 0.283655
Epoch 7 Batch 11 | Loss: 0.317235
Epoch 7 Batch 12 | Loss: 0.312323
Epoch 7 Batch 13 | Loss: 0.262109
  [STABILITY] Plateau detected. Reducing Learning Rate to 0.025000
--- Epoch 7/30 | Loss: 0.3301 | Train Acc: 95.5% | Test Acc: 95.9% | CM: [TP:85, TN:80, FP:6, FN:1] | Progress: 23.3% | ETA: 57.1s ---
Epoch 8 Batch 1 | Loss: 0.311329 | Stats: min: -0.778, max: 0.653, mean: 0.221
Epoch 8 Batch 2 | Loss: 0.282209
Epoch 8 Batch 3 | Loss: 0.318547
Epoch 8 Batch 4 | Loss: 0.288534
Epoch 8 Batch 5 | Loss: 0.305673
Epoch 8 Batch 6 | Loss: 0.331617
Epoch 8 Batch 7 | Loss: 0.311649
Epoch 8 Batch 8 | Loss: 0.275587
Epoch 8 Batch 9 | Loss: 0.314060
Epoch 8 Batch 10 | Loss: 0.290939
Epoch 8 Batch 11 | Loss: 0.303112
Epoch 8 Batch 12 | Loss: 0.290180
Epoch 8 Batch 13 | Loss: 0.449008
--- Epoch 8/30 | Loss: 0.3133 | Train Acc: 95.0% | Test Acc: 95.3% | CM: [TP:85, TN:79, FP:7, FN:1] | Progress: 26.7% | ETA: 51.0s ---
Epoch 9 Batch 1 | Loss: 0.298065 | Stats: min: -0.762, max: 0.291, mean: -0.142
Epoch 9 Batch 2 | Loss: 0.289692
Epoch 9 Batch 3 | Loss: 0.296818
Epoch 9 Batch 4 | Loss: 0.301295
Epoch 9 Batch 5 | Loss: 0.253595
Epoch 9 Batch 6 | Loss: 0.252092
Epoch 9 Batch 7 | Loss: 0.302901
Epoch 9 Batch 8 | Loss: 0.388762
Epoch 9 Batch 9 | Loss: 0.278630
Epoch 9 Batch 10 | Loss: 0.333566
Epoch 9 Batch 11 | Loss: 0.368425
Epoch 9 Batch 12 | Loss: 0.327088
Epoch 9 Batch 13 | Loss: 0.291164
--- Epoch 9/30 | Loss: 0.3063 | Train Acc: 94.0% | Test Acc: 94.8% | CM: [TP:86, TN:77, FP:9, FN:0] | Progress: 30.0% | ETA: 50.9s ---
Epoch 10 Batch 1 | Loss: 0.386773 | Stats: min: -0.863, max: 0.490, mean: -0.474
Epoch 10 Batch 2 | Loss: 0.319565
Epoch 10 Batch 3 | Loss: 0.316220
Epoch 10 Batch 4 | Loss: 0.326839
Epoch 10 Batch 5 | Loss: 0.322146
Epoch 10 Batch 6 | Loss: 0.274436
Epoch 10 Batch 7 | Loss: 0.269348
Epoch 10 Batch 8 | Loss: 0.312457
Epoch 10 Batch 9 | Loss: 0.253447
Epoch 10 Batch 10 | Loss: 0.314827
Epoch 10 Batch 11 | Loss: 0.242123
Epoch 10 Batch 12 | Loss: 0.354523
Epoch 10 Batch 13 | Loss: 0.336008
  [STABILITY] Plateau detected. Reducing Learning Rate to 0.012500
--- Epoch 10/30 | Loss: 0.3099 | Train Acc: 94.0% | Test Acc: 94.8% | CM: [TP:86, TN:77, FP:9, FN:0] | Progress: 33.3% | ETA: 60.3s ---
Epoch 11 Batch 1 | Loss: 0.306971 | Stats: min: -0.667, max: 0.601, mean: 0.102
Epoch 11 Batch 2 | Loss: 0.310084
Epoch 11 Batch 3 | Loss: 0.280538
Epoch 11 Batch 4 | Loss: 0.286500
Epoch 11 Batch 5 | Loss: 0.270733
Epoch 11 Batch 6 | Loss: 0.276651
Epoch 11 Batch 7 | Loss: 0.294907
Epoch 11 Batch 8 | Loss: 0.287842
Epoch 11 Batch 9 | Loss: 0.275668
Epoch 11 Batch 10 | Loss: 0.296623
Epoch 11 Batch 11 | Loss: 0.343562
Epoch 11 Batch 12 | Loss: 0.362261
Epoch 11 Batch 13 | Loss: 0.234485
--- Epoch 11/30 | Loss: 0.2944 | Train Acc: 94.0% | Test Acc: 94.8% | CM: [TP:86, TN:77, FP:9, FN:0] | Progress: 36.7% | ETA: 48.7s ---
Epoch 12 Batch 1 | Loss: 0.321540 | Stats: min: -0.705, max: 0.622, mean: -0.013
Epoch 12 Batch 2 | Loss: 0.290128
Epoch 12 Batch 3 | Loss: 0.277148
Epoch 12 Batch 4 | Loss: 0.335661
Epoch 12 Batch 5 | Loss: 0.280682
Epoch 12 Batch 6 | Loss: 0.250392
Epoch 12 Batch 7 | Loss: 0.281396
Epoch 12 Batch 8 | Loss: 0.281111
Epoch 12 Batch 9 | Loss: 0.240947
Epoch 12 Batch 10 | Loss: 0.284602
Epoch 12 Batch 11 | Loss: 0.446026
Epoch 12 Batch 12 | Loss: 0.240932
Epoch 12 Batch 13 | Loss: 0.295990
--- Epoch 12/30 | Loss: 0.2944 | Train Acc: 94.0% | Test Acc: 94.8% | CM: [TP:86, TN:77, FP:9, FN:0] | Progress: 40.0% | ETA: 44.9s ---
Epoch 13 Batch 1 | Loss: 0.260994 | Stats: min: -0.634, max: 0.686, mean: 0.180
Epoch 13 Batch 2 | Loss: 0.254227
Epoch 13 Batch 3 | Loss: 0.367763
Epoch 13 Batch 4 | Loss: 0.273725
Epoch 13 Batch 5 | Loss: 0.305911
Epoch 13 Batch 6 | Loss: 0.344791
Epoch 13 Batch 7 | Loss: 0.316151
Epoch 13 Batch 8 | Loss: 0.253318
Epoch 13 Batch 9 | Loss: 0.317077
Epoch 13 Batch 10 | Loss: 0.257322
Epoch 13 Batch 11 | Loss: 0.293380
Epoch 13 Batch 12 | Loss: 0.292008
Epoch 13 Batch 13 | Loss: 0.234755
  [STABILITY] Plateau detected. Reducing Learning Rate to 0.006250
--- Epoch 13/30 | Loss: 0.2901 | Train Acc: 94.0% | Test Acc: 94.8% | CM: [TP:86, TN:77, FP:9, FN:0] | Progress: 43.3% | ETA: 36.9s ---
Epoch 14 Batch 1 | Loss: 0.328858 | Stats: min: -0.891, max: 0.674, mean: -0.003
Epoch 14 Batch 2 | Loss: 0.243954
Epoch 14 Batch 3 | Loss: 0.284513
Epoch 14 Batch 4 | Loss: 0.324882
Epoch 14 Batch 5 | Loss: 0.318253
Epoch 14 Batch 6 | Loss: 0.361229
Epoch 14 Batch 7 | Loss: 0.277016
Epoch 14 Batch 8 | Loss: 0.259835
Epoch 14 Batch 9 | Loss: 0.265815
Epoch 14 Batch 10 | Loss: 0.267796
Epoch 14 Batch 11 | Loss: 0.218992
Epoch 14 Batch 12 | Loss: 0.373871
Epoch 14 Batch 13 | Loss: 0.251460
--- Epoch 14/30 | Loss: 0.2905 | Train Acc: 94.0% | Test Acc: 94.8% | CM: [TP:86, TN:77, FP:9, FN:0] | Progress: 46.7% | ETA: 32.6s ---
Epoch 15 Batch 1 | Loss: 0.260063 | Stats: min: -0.743, max: 0.679, mean: -0.311
Epoch 15 Batch 2 | Loss: 0.286013
Epoch 15 Batch 3 | Loss: 0.299286
Epoch 15 Batch 4 | Loss: 0.262092
Epoch 15 Batch 5 | Loss: 0.246391
Epoch 15 Batch 6 | Loss: 0.280692
Epoch 15 Batch 7 | Loss: 0.337975
Epoch 15 Batch 8 | Loss: 0.262506
Epoch 15 Batch 9 | Loss: 0.357076
Epoch 15 Batch 10 | Loss: 0.241823
Epoch 15 Batch 11 | Loss: 0.315197
Epoch 15 Batch 12 | Loss: 0.306269
Epoch 15 Batch 13 | Loss: 0.286467
--- Epoch 15/30 | Loss: 0.2878 | Train Acc: 94.0% | Test Acc: 94.8% | CM: [TP:86, TN:77, FP:9, FN:0] | Progress: 50.0% | ETA: 22.1s ---
Epoch 16 Batch 1 | Loss: 0.214990 | Stats: min: -0.822, max: 0.668, mean: 0.063
Epoch 16 Batch 2 | Loss: 0.315619
Epoch 16 Batch 3 | Loss: 0.288296
Epoch 16 Batch 4 | Loss: 0.340391
Epoch 16 Batch 5 | Loss: 0.305366
Epoch 16 Batch 6 | Loss: 0.249185
Epoch 16 Batch 7 | Loss: 0.227794
Epoch 16 Batch 8 | Loss: 0.316025
Epoch 16 Batch 9 | Loss: 0.272273
Epoch 16 Batch 10 | Loss: 0.344373
Epoch 16 Batch 11 | Loss: 0.286421
Epoch 16 Batch 12 | Loss: 0.278931
Epoch 16 Batch 13 | Loss: 0.304788
  [STABILITY] Plateau detected. Reducing Learning Rate to 0.003125
--- Epoch 16/30 | Loss: 0.2880 | Train Acc: 94.0% | Test Acc: 94.8% | CM: [TP:86, TN:77, FP:9, FN:0] | Progress: 53.3% | ETA: 18.9s ---
Epoch 17 Batch 1 | Loss: 0.259266 | Stats: min: -0.837, max: 0.683, mean: 0.043
Epoch 17 Batch 2 | Loss: 0.281281
Epoch 17 Batch 3 | Loss: 0.290938
Epoch 17 Batch 4 | Loss: 0.295933
Epoch 17 Batch 5 | Loss: 0.308844
Epoch 17 Batch 6 | Loss: 0.240329
Epoch 17 Batch 7 | Loss: 0.285466
Epoch 17 Batch 8 | Loss: 0.281970
Epoch 17 Batch 9 | Loss: 0.298305
Epoch 17 Batch 10 | Loss: 0.308804
Epoch 17 Batch 11 | Loss: 0.322479
Epoch 17 Batch 12 | Loss: 0.253598
Epoch 17 Batch 13 | Loss: 0.299804
--- Epoch 17/30 | Loss: 0.2867 | Train Acc: 94.0% | Test Acc: 94.8% | CM: [TP:86, TN:77, FP:9, FN:0] | Progress: 56.7% | ETA: 15.0s ---
Epoch 18 Batch 1 | Loss: 0.334676 | Stats: min: -0.914, max: 0.543, mean: -0.139
Epoch 18 Batch 2 | Loss: 0.229036
Epoch 18 Batch 3 | Loss: 0.357209
Epoch 18 Batch 4 | Loss: 0.263418
Epoch 18 Batch 5 | Loss: 0.246319
Epoch 18 Batch 6 | Loss: 0.283906
Epoch 18 Batch 7 | Loss: 0.231669
Epoch 18 Batch 8 | Loss: 0.335065
Epoch 18 Batch 9 | Loss: 0.268977
Epoch 18 Batch 10 | Loss: 0.276995
Epoch 18 Batch 11 | Loss: 0.297480
Epoch 18 Batch 12 | Loss: 0.330249
Epoch 18 Batch 13 | Loss: 0.245778
--- Epoch 18/30 | Loss: 0.2847 | Train Acc: 94.0% | Test Acc: 95.3% | CM: [TP:86, TN:78, FP:8, FN:0] | Progress: 60.0% | ETA: 10.7s ---
Epoch 19 Batch 1 | Loss: 0.310181 | Stats: min: -0.881, max: 0.692, mean: 0.018
Epoch 19 Batch 2 | Loss: 0.312072
Epoch 19 Batch 3 | Loss: 0.259149
Epoch 19 Batch 4 | Loss: 0.329346
Epoch 19 Batch 5 | Loss: 0.285475
Epoch 19 Batch 6 | Loss: 0.257743
Epoch 19 Batch 7 | Loss: 0.276402
Epoch 19 Batch 8 | Loss: 0.285290
Epoch 19 Batch 9 | Loss: 0.275954
Epoch 19 Batch 10 | Loss: 0.257121
Epoch 19 Batch 11 | Loss: 0.348207
Epoch 19 Batch 12 | Loss: 0.214867
Epoch 19 Batch 13 | Loss: 0.334551
  [STABILITY] Plateau detected. Reducing Learning Rate to 0.001563
--- Epoch 19/30 | Loss: 0.2882 | Train Acc: 93.5% | Test Acc: 94.8% | CM: [TP:86, TN:77, FP:9, FN:0] | Progress: 63.3% | ETA: 12.1s ---
Epoch 20 Batch 1 | Loss: 0.321910 | Stats: min: -0.153, max: 0.662, mean: 0.365
Epoch 20 Batch 2 | Loss: 0.274353
Epoch 20 Batch 3 | Loss: 0.287637
Epoch 20 Batch 4 | Loss: 0.243496
Epoch 20 Batch 5 | Loss: 0.334677
Epoch 20 Batch 6 | Loss: 0.315325
Epoch 20 Batch 7 | Loss: 0.254678
Epoch 20 Batch 8 | Loss: 0.256880
Epoch 20 Batch 9 | Loss: 0.293183
Epoch 20 Batch 10 | Loss: 0.259918
Epoch 20 Batch 11 | Loss: 0.292667
Epoch 20 Batch 12 | Loss: 0.256692
Epoch 20 Batch 13 | Loss: 0.358379
--- Epoch 20/30 | Loss: 0.2884 | Train Acc: 93.5% | Test Acc: 94.8% | CM: [TP:86, TN:77, FP:9, FN:0] | Progress: 66.7% | ETA: 11.2s ---
Epoch 21 Batch 1 | Loss: 0.257876 | Stats: min: -0.781, max: 0.622, mean: -0.077
Epoch 21 Batch 2 | Loss: 0.295328
Epoch 21 Batch 3 | Loss: 0.303171
Epoch 21 Batch 4 | Loss: 0.294388
Epoch 21 Batch 5 | Loss: 0.319564
Epoch 21 Batch 6 | Loss: 0.315333
Epoch 21 Batch 7 | Loss: 0.285794
Epoch 21 Batch 8 | Loss: 0.290087
Epoch 21 Batch 9 | Loss: 0.262887
Epoch 21 Batch 10 | Loss: 0.247546
Epoch 21 Batch 11 | Loss: 0.287212
Epoch 21 Batch 12 | Loss: 0.257571
Epoch 21 Batch 13 | Loss: 0.294610
--- Epoch 21/30 | Loss: 0.2855 | Train Acc: 93.5% | Test Acc: 94.8% | CM: [TP:86, TN:77, FP:9, FN:0] | Progress: 70.0% | ETA: 11.1s ---
Epoch 22 Batch 1 | Loss: 0.250737 | Stats: min: -0.837, max: 0.582, mean: -0.176
Epoch 22 Batch 2 | Loss: 0.286364
Epoch 22 Batch 3 | Loss: 0.306855
Epoch 22 Batch 4 | Loss: 0.304048
Epoch 22 Batch 5 | Loss: 0.276963
Epoch 22 Batch 6 | Loss: 0.279573
Epoch 22 Batch 7 | Loss: 0.222793
Epoch 22 Batch 8 | Loss: 0.275931
Epoch 22 Batch 9 | Loss: 0.284322
Epoch 22 Batch 10 | Loss: 0.251055
Epoch 22 Batch 11 | Loss: 0.294014
Epoch 22 Batch 12 | Loss: 0.379553
Epoch 22 Batch 13 | Loss: 0.321198
  [STABILITY] Plateau detected. Reducing Learning Rate to 0.000781
--- Epoch 22/30 | Loss: 0.2872 | Train Acc: 93.5% | Test Acc: 94.8% | CM: [TP:86, TN:77, FP:9, FN:0] | Progress: 73.3% | ETA: 8.1s ---
Epoch 23 Batch 1 | Loss: 0.258857 | Stats: min: -0.820, max: 0.532, mean: -0.056
Epoch 23 Batch 2 | Loss: 0.256011
Epoch 23 Batch 3 | Loss: 0.284612
Epoch 23 Batch 4 | Loss: 0.294544
Epoch 23 Batch 5 | Loss: 0.265742
Epoch 23 Batch 6 | Loss: 0.257616
Epoch 23 Batch 7 | Loss: 0.271174
Epoch 23 Batch 8 | Loss: 0.311646
Epoch 23 Batch 9 | Loss: 0.298149
Epoch 23 Batch 10 | Loss: 0.333080
Epoch 23 Batch 11 | Loss: 0.308265
Epoch 23 Batch 12 | Loss: 0.278093
Epoch 23 Batch 13 | Loss: 0.287409
--- Epoch 23/30 | Loss: 0.2850 | Train Acc: 93.5% | Test Acc: 94.8% | CM: [TP:86, TN:77, FP:9, FN:0] | Progress: 76.7% | ETA: 6.3s ---
Epoch 24 Batch 1 | Loss: 0.250846 | Stats: min: -0.829, max: 0.572, mean: 0.020
Epoch 24 Batch 2 | Loss: 0.280447
Epoch 24 Batch 3 | Loss: 0.268186
Epoch 24 Batch 4 | Loss: 0.295332
Epoch 24 Batch 5 | Loss: 0.295104
Epoch 24 Batch 6 | Loss: 0.315369
Epoch 24 Batch 7 | Loss: 0.287196
Epoch 24 Batch 8 | Loss: 0.280304
Epoch 24 Batch 9 | Loss: 0.332049
Epoch 24 Batch 10 | Loss: 0.266143
Epoch 24 Batch 11 | Loss: 0.223392
Epoch 24 Batch 12 | Loss: 0.322446
Epoch 24 Batch 13 | Loss: 0.285303
--- Epoch 24/30 | Loss: 0.2848 | Train Acc: 93.5% | Test Acc: 95.3% | CM: [TP:86, TN:78, FP:8, FN:0] | Progress: 80.0% | ETA: 7.3s ---
Epoch 25 Batch 1 | Loss: 0.274838 | Stats: min: -0.877, max: 0.648, mean: 0.092
Epoch 25 Batch 2 | Loss: 0.281058
Epoch 25 Batch 3 | Loss: 0.274970
Epoch 25 Batch 4 | Loss: 0.327396
Epoch 25 Batch 5 | Loss: 0.317758
Epoch 25 Batch 6 | Loss: 0.326563
Epoch 25 Batch 7 | Loss: 0.302109
Epoch 25 Batch 8 | Loss: 0.220575
Epoch 25 Batch 9 | Loss: 0.261874
Epoch 25 Batch 10 | Loss: 0.234382
Epoch 25 Batch 11 | Loss: 0.282822
Epoch 25 Batch 12 | Loss: 0.317653
Epoch 25 Batch 13 | Loss: 0.275442
  [STABILITY] Plateau detected. Reducing Learning Rate to 0.000391
--- Epoch 25/30 | Loss: 0.2844 | Train Acc: 93.5% | Test Acc: 95.3% | CM: [TP:86, TN:78, FP:8, FN:0] | Progress: 83.3% | ETA: 5.8s ---
Epoch 26 Batch 1 | Loss: 0.250937 | Stats: min: -0.801, max: 0.576, mean: -0.234
Epoch 26 Batch 2 | Loss: 0.291302
Epoch 26 Batch 3 | Loss: 0.346257
Epoch 26 Batch 4 | Loss: 0.251226
Epoch 26 Batch 5 | Loss: 0.278972
Epoch 26 Batch 6 | Loss: 0.293796
Epoch 26 Batch 7 | Loss: 0.309234
Epoch 26 Batch 8 | Loss: 0.301009
Epoch 26 Batch 9 | Loss: 0.288814
Epoch 26 Batch 10 | Loss: 0.243460
Epoch 26 Batch 11 | Loss: 0.269642
Epoch 26 Batch 12 | Loss: 0.285997
Epoch 26 Batch 13 | Loss: 0.300008
--- Epoch 26/30 | Loss: 0.2854 | Train Acc: 93.5% | Test Acc: 95.3% | CM: [TP:86, TN:78, FP:8, FN:0] | Progress: 86.7% | ETA: 4.4s ---
Epoch 27 Batch 1 | Loss: 0.316998 | Stats: min: -0.645, max: 0.700, mean: -0.003
Epoch 27 Batch 2 | Loss: 0.230012
Epoch 27 Batch 3 | Loss: 0.284891
Epoch 27 Batch 4 | Loss: 0.283934
Epoch 27 Batch 5 | Loss: 0.245772
Epoch 27 Batch 6 | Loss: 0.349391
Epoch 27 Batch 7 | Loss: 0.301880
Epoch 27 Batch 8 | Loss: 0.274093
Epoch 27 Batch 9 | Loss: 0.210252
Epoch 27 Batch 10 | Loss: 0.289283
Epoch 27 Batch 11 | Loss: 0.313569
Epoch 27 Batch 12 | Loss: 0.255612
Epoch 27 Batch 13 | Loss: 0.411847
--- Epoch 27/30 | Loss: 0.2898 | Train Acc: 93.5% | Test Acc: 95.3% | CM: [TP:86, TN:78, FP:8, FN:0] | Progress: 90.0% | ETA: 3.2s ---
Epoch 28 Batch 1 | Loss: 0.228850 | Stats: min: -0.882, max: 0.674, mean: -0.072
Epoch 28 Batch 2 | Loss: 0.330151
Epoch 28 Batch 3 | Loss: 0.306611
Epoch 28 Batch 4 | Loss: 0.325303
Epoch 28 Batch 5 | Loss: 0.302765
Epoch 28 Batch 6 | Loss: 0.259430
Epoch 28 Batch 7 | Loss: 0.305553
Epoch 28 Batch 8 | Loss: 0.317729
Epoch 28 Batch 9 | Loss: 0.285886
Epoch 28 Batch 10 | Loss: 0.203929
Epoch 28 Batch 11 | Loss: 0.247368
Epoch 28 Batch 12 | Loss: 0.310749
Epoch 28 Batch 13 | Loss: 0.265718
  [STABILITY] Plateau detected. Reducing Learning Rate to 0.000195
--- Epoch 28/30 | Loss: 0.2838 | Train Acc: 93.5% | Test Acc: 95.3% | CM: [TP:86, TN:78, FP:8, FN:0] | Progress: 93.3% | ETA: 2.1s ---
Epoch 29 Batch 1 | Loss: 0.235774 | Stats: min: 0.578, max: 0.690, mean: 0.651
Epoch 29 Batch 2 | Loss: 0.363445
Epoch 29 Batch 3 | Loss: 0.216826
Epoch 29 Batch 4 | Loss: 0.284514
Epoch 29 Batch 5 | Loss: 0.341213
Epoch 29 Batch 6 | Loss: 0.284028
Epoch 29 Batch 7 | Loss: 0.268622
Epoch 29 Batch 8 | Loss: 0.258189
Epoch 29 Batch 9 | Loss: 0.274087
Epoch 29 Batch 10 | Loss: 0.360761
Epoch 29 Batch 11 | Loss: 0.269823
Epoch 29 Batch 12 | Loss: 0.271937
Epoch 29 Batch 13 | Loss: 0.252860
--- Epoch 29/30 | Loss: 0.2832 | Train Acc: 93.5% | Test Acc: 95.3% | CM: [TP:86, TN:78, FP:8, FN:0] | Progress: 96.7% | ETA: 1.0s ---
Epoch 30 Batch 1 | Loss: 0.290152 | Stats: min: -0.615, max: 0.609, mean: 0.154
Epoch 30 Batch 2 | Loss: 0.325168
Epoch 30 Batch 3 | Loss: 0.297190
Epoch 30 Batch 4 | Loss: 0.274958
Epoch 30 Batch 5 | Loss: 0.265117
Epoch 30 Batch 6 | Loss: 0.268888
Epoch 30 Batch 7 | Loss: 0.330340
Epoch 30 Batch 8 | Loss: 0.240048
Epoch 30 Batch 9 | Loss: 0.257496
Epoch 30 Batch 10 | Loss: 0.285806
Epoch 30 Batch 11 | Loss: 0.286255
Epoch 30 Batch 12 | Loss: 0.242170
Epoch 30 Batch 13 | Loss: 0.391702
--- Epoch 30/30 | Loss: 0.2889 | Train Acc: 93.5% | Test Acc: 95.3% | CM: [TP:86, TN:78, FP:8, FN:0] | Progress: 100.0% | ETA: 0.0s ---

Final Best Test Accuracy: 96.51%


Best Quantum Test Accuracy: 0.965
