DEBUG: Qtrainer enters train_pure_quantum_cnn. Encoding: feature_map
  Class Weights: +1 (Target): 1.00 | -1 (Rest): 1.00
Starting Training
==================================================
Epoch 1 Batch 1 | Loss: 0.750991 | Stats: min: -0.129, max: 0.012, mean: -0.041
Epoch 1 Batch 2 | Loss: 0.659998
Epoch 1 Batch 3 | Loss: 0.599829
Epoch 1 Batch 4 | Loss: 0.549314
Epoch 1 Batch 5 | Loss: 0.571654
Epoch 1 Batch 6 | Loss: 0.535731
Epoch 1 Batch 7 | Loss: 0.525760
Epoch 1 Batch 8 | Loss: 0.523431
Epoch 1 Batch 9 | Loss: 0.535918
Epoch 1 Batch 10 | Loss: 0.520885
Epoch 1 Batch 11 | Loss: 0.508440
Epoch 1 Batch 12 | Loss: 0.533067
Epoch 1 Batch 13 | Loss: 0.473243
  [STABILITY] Test accuracy improved: 0.00% -> 54.65% (via EMA). Saving best params.
--- Epoch 1/30 | Loss: 0.5606 | Train Acc: 58.0% | Test Acc: 54.7% | CM: [TP:82, TN:12, FP:74, FN:4] | Progress: 3.3% | ETA: 509.3s ---
Epoch 2 Batch 1 | Loss: 0.425979 | Stats: min: -0.531, max: -0.420, mean: -0.480
Epoch 2 Batch 2 | Loss: 0.469308
Epoch 2 Batch 3 | Loss: 0.526410
Epoch 2 Batch 4 | Loss: 0.470261
Epoch 2 Batch 5 | Loss: 0.465997
Epoch 2 Batch 6 | Loss: 0.452487
Epoch 2 Batch 7 | Loss: 0.375883
Epoch 2 Batch 8 | Loss: 0.547310
Epoch 2 Batch 9 | Loss: 0.482767
Epoch 2 Batch 10 | Loss: 0.417877
Epoch 2 Batch 11 | Loss: 0.427431
Epoch 2 Batch 12 | Loss: 0.419058
Epoch 2 Batch 13 | Loss: 0.518572
  [STABILITY] Test accuracy improved: 54.65% -> 81.98% (via EMA). Saving best params.
--- Epoch 2/30 | Loss: 0.4615 | Train Acc: 82.5% | Test Acc: 82.0% | CM: [TP:75, TN:66, FP:20, FN:11] | Progress: 6.7% | ETA: 227.1s ---
Epoch 3 Batch 1 | Loss: 0.405213 | Stats: min: 0.177, max: 0.439, mean: 0.363
Epoch 3 Batch 2 | Loss: 0.402805
Epoch 3 Batch 3 | Loss: 0.466773
Epoch 3 Batch 4 | Loss: 0.408507
Epoch 3 Batch 5 | Loss: 0.392437
Epoch 3 Batch 6 | Loss: 0.402706
Epoch 3 Batch 7 | Loss: 0.363833
Epoch 3 Batch 8 | Loss: 0.451415
Epoch 3 Batch 9 | Loss: 0.420008
Epoch 3 Batch 10 | Loss: 0.389502
Epoch 3 Batch 11 | Loss: 0.371536
Epoch 3 Batch 12 | Loss: 0.398611
Epoch 3 Batch 13 | Loss: 0.328277
  [STABILITY] Test accuracy improved: 81.98% -> 90.70% (via EMA). Saving best params.
--- Epoch 3/30 | Loss: 0.4001 | Train Acc: 91.5% | Test Acc: 90.7% | CM: [TP:75, TN:81, FP:5, FN:11] | Progress: 10.0% | ETA: 162.2s ---
Epoch 4 Batch 1 | Loss: 0.454825 | Stats: min: -0.148, max: 0.590, mean: 0.225
Epoch 4 Batch 2 | Loss: 0.384477
Epoch 4 Batch 3 | Loss: 0.346146
Epoch 4 Batch 4 | Loss: 0.362754
Epoch 4 Batch 5 | Loss: 0.360132
Epoch 4 Batch 6 | Loss: 0.378579
Epoch 4 Batch 7 | Loss: 0.387767
Epoch 4 Batch 8 | Loss: 0.353342
Epoch 4 Batch 9 | Loss: 0.344533
Epoch 4 Batch 10 | Loss: 0.379933
Epoch 4 Batch 11 | Loss: 0.416810
Epoch 4 Batch 12 | Loss: 0.423036
Epoch 4 Batch 13 | Loss: 0.334749
  [STABILITY] Test accuracy improved: 90.70% -> 92.44% (via EMA). Saving best params.
--- Epoch 4/30 | Loss: 0.3790 | Train Acc: 93.5% | Test Acc: 92.4% | CM: [TP:76, TN:83, FP:3, FN:10] | Progress: 13.3% | ETA: 168.5s ---
Epoch 5 Batch 1 | Loss: 0.321901 | Stats: min: -0.767, max: 0.386, mean: -0.244
Epoch 5 Batch 2 | Loss: 0.345035
Epoch 5 Batch 3 | Loss: 0.419167
Epoch 5 Batch 4 | Loss: 0.473063
Epoch 5 Batch 5 | Loss: 0.407120
Epoch 5 Batch 6 | Loss: 0.407962
Epoch 5 Batch 7 | Loss: 0.328136
Epoch 5 Batch 8 | Loss: 0.350089
Epoch 5 Batch 9 | Loss: 0.355643
Epoch 5 Batch 10 | Loss: 0.408345
Epoch 5 Batch 11 | Loss: 0.342253
Epoch 5 Batch 12 | Loss: 0.334355
Epoch 5 Batch 13 | Loss: 0.385430
  [STABILITY] Test accuracy improved: 92.44% -> 94.77% (via EMA). Saving best params.
--- Epoch 5/30 | Loss: 0.3753 | Train Acc: 95.5% | Test Acc: 94.8% | CM: [TP:80, TN:83, FP:3, FN:6] | Progress: 16.7% | ETA: 106.5s ---
Epoch 6 Batch 1 | Loss: 0.338476 | Stats: min: -0.717, max: 0.405, mean: -0.018
Epoch 6 Batch 2 | Loss: 0.341165
Epoch 6 Batch 3 | Loss: 0.383440
Epoch 6 Batch 4 | Loss: 0.366367
Epoch 6 Batch 5 | Loss: 0.354777
Epoch 6 Batch 6 | Loss: 0.355173
Epoch 6 Batch 7 | Loss: 0.326609
Epoch 6 Batch 8 | Loss: 0.423523
Epoch 6 Batch 9 | Loss: 0.327276
Epoch 6 Batch 10 | Loss: 0.315174
Epoch 6 Batch 11 | Loss: 0.344342
Epoch 6 Batch 12 | Loss: 0.346296
Epoch 6 Batch 13 | Loss: 0.394458
  [STABILITY] Test accuracy improved: 94.77% -> 95.35% (via EMA). Saving best params.
--- Epoch 6/30 | Loss: 0.3552 | Train Acc: 96.0% | Test Acc: 95.3% | CM: [TP:82, TN:82, FP:4, FN:4] | Progress: 20.0% | ETA: 74.5s ---
Epoch 7 Batch 1 | Loss: 0.313568 | Stats: min: -0.558, max: 0.530, mean: 0.102
Epoch 7 Batch 2 | Loss: 0.344441
Epoch 7 Batch 3 | Loss: 0.399591
Epoch 7 Batch 4 | Loss: 0.338914
Epoch 7 Batch 5 | Loss: 0.363546
Epoch 7 Batch 6 | Loss: 0.354902
Epoch 7 Batch 7 | Loss: 0.277071
Epoch 7 Batch 8 | Loss: 0.306962
Epoch 7 Batch 9 | Loss: 0.361538
Epoch 7 Batch 10 | Loss: 0.338557
Epoch 7 Batch 11 | Loss: 0.336006
Epoch 7 Batch 12 | Loss: 0.301546
Epoch 7 Batch 13 | Loss: 0.341642
  [STABILITY] Test accuracy improved: 95.35% -> 97.09% (via EMA). Saving best params.
--- Epoch 7/30 | Loss: 0.3368 | Train Acc: 96.0% | Test Acc: 97.1% | CM: [TP:85, TN:82, FP:4, FN:1] | Progress: 23.3% | ETA: 68.4s ---
Epoch 8 Batch 1 | Loss: 0.356264 | Stats: min: -0.820, max: 0.468, mean: 0.129
Epoch 8 Batch 2 | Loss: 0.313155
Epoch 8 Batch 3 | Loss: 0.309132
Epoch 8 Batch 4 | Loss: 0.374475
Epoch 8 Batch 5 | Loss: 0.317703
Epoch 8 Batch 6 | Loss: 0.312989
Epoch 8 Batch 7 | Loss: 0.336574
Epoch 8 Batch 8 | Loss: 0.278510
Epoch 8 Batch 9 | Loss: 0.324254
Epoch 8 Batch 10 | Loss: 0.449221
Epoch 8 Batch 11 | Loss: 0.371380
Epoch 8 Batch 12 | Loss: 0.337135
Epoch 8 Batch 13 | Loss: 0.354252
--- Epoch 8/30 | Loss: 0.3412 | Train Acc: 96.0% | Test Acc: 95.9% | CM: [TP:85, TN:80, FP:6, FN:1] | Progress: 26.7% | ETA: 64.4s ---
Epoch 9 Batch 1 | Loss: 0.315438 | Stats: min: -0.765, max: 0.612, mean: -0.126
Epoch 9 Batch 2 | Loss: 0.348716
Epoch 9 Batch 3 | Loss: 0.276104
Epoch 9 Batch 4 | Loss: 0.366321
Epoch 9 Batch 5 | Loss: 0.387729
Epoch 9 Batch 6 | Loss: 0.285669
Epoch 9 Batch 7 | Loss: 0.316597
Epoch 9 Batch 8 | Loss: 0.374399
Epoch 9 Batch 9 | Loss: 0.337215
Epoch 9 Batch 10 | Loss: 0.282388
Epoch 9 Batch 11 | Loss: 0.320380
Epoch 9 Batch 12 | Loss: 0.365562
Epoch 9 Batch 13 | Loss: 0.371670
--- Epoch 9/30 | Loss: 0.3345 | Train Acc: 96.0% | Test Acc: 95.3% | CM: [TP:85, TN:79, FP:7, FN:1] | Progress: 30.0% | ETA: 43.4s ---
Epoch 10 Batch 1 | Loss: 0.377311 | Stats: min: -0.481, max: 0.332, mean: 0.010
Epoch 10 Batch 2 | Loss: 0.305486
Epoch 10 Batch 3 | Loss: 0.288880
Epoch 10 Batch 4 | Loss: 0.360681
Epoch 10 Batch 5 | Loss: 0.319044
Epoch 10 Batch 6 | Loss: 0.346556
Epoch 10 Batch 7 | Loss: 0.326920
Epoch 10 Batch 8 | Loss: 0.314969
Epoch 10 Batch 9 | Loss: 0.305217
Epoch 10 Batch 10 | Loss: 0.353367
Epoch 10 Batch 11 | Loss: 0.328462
Epoch 10 Batch 12 | Loss: 0.315757
Epoch 10 Batch 13 | Loss: 0.290943
  [STABILITY] Plateau detected. Reducing Learning Rate to 0.025000
--- Epoch 10/30 | Loss: 0.3257 | Train Acc: 96.0% | Test Acc: 95.3% | CM: [TP:86, TN:78, FP:8, FN:0] | Progress: 33.3% | ETA: 40.3s ---
Epoch 11 Batch 1 | Loss: 0.290656 | Stats: min: -0.851, max: 0.511, mean: -0.304
Epoch 11 Batch 2 | Loss: 0.291097
Epoch 11 Batch 3 | Loss: 0.291848
Epoch 11 Batch 4 | Loss: 0.350348
Epoch 11 Batch 5 | Loss: 0.343278
Epoch 11 Batch 6 | Loss: 0.341919
Epoch 11 Batch 7 | Loss: 0.361984
Epoch 11 Batch 8 | Loss: 0.292023
Epoch 11 Batch 9 | Loss: 0.313442
Epoch 11 Batch 10 | Loss: 0.296347
Epoch 11 Batch 11 | Loss: 0.357389
Epoch 11 Batch 12 | Loss: 0.292114
Epoch 11 Batch 13 | Loss: 0.363068
--- Epoch 11/30 | Loss: 0.3220 | Train Acc: 96.0% | Test Acc: 95.3% | CM: [TP:86, TN:78, FP:8, FN:0] | Progress: 36.7% | ETA: 41.0s ---
Epoch 12 Batch 1 | Loss: 0.362217 | Stats: min: -0.235, max: 0.481, mean: 0.263
Epoch 12 Batch 2 | Loss: 0.328294
Epoch 12 Batch 3 | Loss: 0.292392
Epoch 12 Batch 4 | Loss: 0.289818
Epoch 12 Batch 5 | Loss: 0.273475
Epoch 12 Batch 6 | Loss: 0.321327
Epoch 12 Batch 7 | Loss: 0.304982
Epoch 12 Batch 8 | Loss: 0.343134
Epoch 12 Batch 9 | Loss: 0.316430
Epoch 12 Batch 10 | Loss: 0.301763
Epoch 12 Batch 11 | Loss: 0.319084
Epoch 12 Batch 12 | Loss: 0.320376
Epoch 12 Batch 13 | Loss: 0.340089
--- Epoch 12/30 | Loss: 0.3164 | Train Acc: 96.0% | Test Acc: 95.3% | CM: [TP:86, TN:78, FP:8, FN:0] | Progress: 40.0% | ETA: 27.7s ---
Epoch 13 Batch 1 | Loss: 0.257130 | Stats: min: -0.798, max: 0.567, mean: -0.399
Epoch 13 Batch 2 | Loss: 0.302134
Epoch 13 Batch 3 | Loss: 0.356353
Epoch 13 Batch 4 | Loss: 0.349789
Epoch 13 Batch 5 | Loss: 0.341031
Epoch 13 Batch 6 | Loss: 0.278398
Epoch 13 Batch 7 | Loss: 0.320916
Epoch 13 Batch 8 | Loss: 0.354021
Epoch 13 Batch 9 | Loss: 0.328369
Epoch 13 Batch 10 | Loss: 0.270849
Epoch 13 Batch 11 | Loss: 0.310361
Epoch 13 Batch 12 | Loss: 0.300244
Epoch 13 Batch 13 | Loss: 0.246121
  [STABILITY] Plateau detected. Reducing Learning Rate to 0.012500
--- Epoch 13/30 | Loss: 0.3089 | Train Acc: 96.0% | Test Acc: 95.3% | CM: [TP:86, TN:78, FP:8, FN:0] | Progress: 43.3% | ETA: 22.6s ---
Epoch 14 Batch 1 | Loss: 0.316647 | Stats: min: -0.528, max: 0.592, mean: -0.063
Epoch 14 Batch 2 | Loss: 0.340167
Epoch 14 Batch 3 | Loss: 0.367571
Epoch 14 Batch 4 | Loss: 0.268667
Epoch 14 Batch 5 | Loss: 0.278583
Epoch 14 Batch 6 | Loss: 0.286623
Epoch 14 Batch 7 | Loss: 0.375274
Epoch 14 Batch 8 | Loss: 0.374205
Epoch 14 Batch 9 | Loss: 0.318107
Epoch 14 Batch 10 | Loss: 0.262292
Epoch 14 Batch 11 | Loss: 0.252831
Epoch 14 Batch 12 | Loss: 0.321832
Epoch 14 Batch 13 | Loss: 0.322185
--- Epoch 14/30 | Loss: 0.3142 | Train Acc: 95.5% | Test Acc: 95.3% | CM: [TP:86, TN:78, FP:8, FN:0] | Progress: 46.7% | ETA: 27.2s ---
Epoch 15 Batch 1 | Loss: 0.312385 | Stats: min: -0.669, max: 0.564, mean: -0.173
Epoch 15 Batch 2 | Loss: 0.304041
Epoch 15 Batch 3 | Loss: 0.269481
Epoch 15 Batch 4 | Loss: 0.313168
Epoch 15 Batch 5 | Loss: 0.309760
Epoch 15 Batch 6 | Loss: 0.315653
Epoch 15 Batch 7 | Loss: 0.289237
Epoch 15 Batch 8 | Loss: 0.352870
Epoch 15 Batch 9 | Loss: 0.296465
Epoch 15 Batch 10 | Loss: 0.310533
Epoch 15 Batch 11 | Loss: 0.319092
Epoch 15 Batch 12 | Loss: 0.357171
Epoch 15 Batch 13 | Loss: 0.250659
--- Epoch 15/30 | Loss: 0.3077 | Train Acc: 96.0% | Test Acc: 95.3% | CM: [TP:86, TN:78, FP:8, FN:0] | Progress: 50.0% | ETA: 17.1s ---
Epoch 16 Batch 1 | Loss: 0.276578 | Stats: min: -0.770, max: 0.514, mean: -0.448
Epoch 16 Batch 2 | Loss: 0.271462
Epoch 16 Batch 3 | Loss: 0.325172
Epoch 16 Batch 4 | Loss: 0.372220
Epoch 16 Batch 5 | Loss: 0.309780
Epoch 16 Batch 6 | Loss: 0.288901
Epoch 16 Batch 7 | Loss: 0.292269
Epoch 16 Batch 8 | Loss: 0.367978
Epoch 16 Batch 9 | Loss: 0.262496
Epoch 16 Batch 10 | Loss: 0.320877
Epoch 16 Batch 11 | Loss: 0.318041
Epoch 16 Batch 12 | Loss: 0.312544
Epoch 16 Batch 13 | Loss: 0.284766
  [STABILITY] Plateau detected. Reducing Learning Rate to 0.006250
--- Epoch 16/30 | Loss: 0.3079 | Train Acc: 95.5% | Test Acc: 95.3% | CM: [TP:86, TN:78, FP:8, FN:0] | Progress: 53.3% | ETA: 20.0s ---
Epoch 17 Batch 1 | Loss: 0.252260 | Stats: min: -0.423, max: 0.558, mean: 0.224
Epoch 17 Batch 2 | Loss: 0.378227
Epoch 17 Batch 3 | Loss: 0.275419
Epoch 17 Batch 4 | Loss: 0.280817
Epoch 17 Batch 5 | Loss: 0.309628
Epoch 17 Batch 6 | Loss: 0.273548
Epoch 17 Batch 7 | Loss: 0.367274
Epoch 17 Batch 8 | Loss: 0.332781
Epoch 17 Batch 9 | Loss: 0.328367
Epoch 17 Batch 10 | Loss: 0.339086
Epoch 17 Batch 11 | Loss: 0.302195
Epoch 17 Batch 12 | Loss: 0.255624
Epoch 17 Batch 13 | Loss: 0.358589
--- Epoch 17/30 | Loss: 0.3118 | Train Acc: 95.0% | Test Acc: 95.3% | CM: [TP:86, TN:78, FP:8, FN:0] | Progress: 56.7% | ETA: 15.0s ---
Epoch 18 Batch 1 | Loss: 0.318933 | Stats: min: -0.579, max: 0.530, mean: 0.177
Epoch 18 Batch 2 | Loss: 0.343995
Epoch 18 Batch 3 | Loss: 0.328939
Epoch 18 Batch 4 | Loss: 0.294174
Epoch 18 Batch 5 | Loss: 0.305316
Epoch 18 Batch 6 | Loss: 0.283307
Epoch 18 Batch 7 | Loss: 0.314923
Epoch 18 Batch 8 | Loss: 0.289890
Epoch 18 Batch 9 | Loss: 0.351453
Epoch 18 Batch 10 | Loss: 0.307324
Epoch 18 Batch 11 | Loss: 0.275386
Epoch 18 Batch 12 | Loss: 0.280294
Epoch 18 Batch 13 | Loss: 0.290936
--- Epoch 18/30 | Loss: 0.3065 | Train Acc: 96.0% | Test Acc: 95.3% | CM: [TP:86, TN:78, FP:8, FN:0] | Progress: 60.0% | ETA: 13.4s ---
Epoch 19 Batch 1 | Loss: 0.267002 | Stats: min: -0.786, max: 0.611, mean: 0.070
Epoch 19 Batch 2 | Loss: 0.357276
Epoch 19 Batch 3 | Loss: 0.364807
Epoch 19 Batch 4 | Loss: 0.298081
Epoch 19 Batch 5 | Loss: 0.314410
Epoch 19 Batch 6 | Loss: 0.340871
Epoch 19 Batch 7 | Loss: 0.307275
Epoch 19 Batch 8 | Loss: 0.289754
Epoch 19 Batch 9 | Loss: 0.315058
Epoch 19 Batch 10 | Loss: 0.279127
Epoch 19 Batch 11 | Loss: 0.282795
Epoch 19 Batch 12 | Loss: 0.270926
Epoch 19 Batch 13 | Loss: 0.294085
  [STABILITY] Plateau detected. Reducing Learning Rate to 0.003125
--- Epoch 19/30 | Loss: 0.3063 | Train Acc: 96.5% | Test Acc: 95.3% | CM: [TP:86, TN:78, FP:8, FN:0] | Progress: 63.3% | ETA: 12.3s ---
Epoch 20 Batch 1 | Loss: 0.335439 | Stats: min: -0.851, max: 0.506, mean: -0.403
Epoch 20 Batch 2 | Loss: 0.238393
Epoch 20 Batch 3 | Loss: 0.390346
Epoch 20 Batch 4 | Loss: 0.284447
Epoch 20 Batch 5 | Loss: 0.334016
Epoch 20 Batch 6 | Loss: 0.269773
Epoch 20 Batch 7 | Loss: 0.319467
Epoch 20 Batch 8 | Loss: 0.291785
Epoch 20 Batch 9 | Loss: 0.327442
Epoch 20 Batch 10 | Loss: 0.295723
Epoch 20 Batch 11 | Loss: 0.301381
Epoch 20 Batch 12 | Loss: 0.270484
Epoch 20 Batch 13 | Loss: 0.341350
--- Epoch 20/30 | Loss: 0.3077 | Train Acc: 96.5% | Test Acc: 95.3% | CM: [TP:86, TN:78, FP:8, FN:0] | Progress: 66.7% | ETA: 10.4s ---
Epoch 21 Batch 1 | Loss: 0.301711 | Stats: min: -0.815, max: 0.606, mean: -0.309
Epoch 21 Batch 2 | Loss: 0.352284
Epoch 21 Batch 3 | Loss: 0.285311
Epoch 21 Batch 4 | Loss: 0.293488
Epoch 21 Batch 5 | Loss: 0.335848
Epoch 21 Batch 6 | Loss: 0.316752
Epoch 21 Batch 7 | Loss: 0.294016
Epoch 21 Batch 8 | Loss: 0.326296
Epoch 21 Batch 9 | Loss: 0.285987
Epoch 21 Batch 10 | Loss: 0.328313
Epoch 21 Batch 11 | Loss: 0.248566
Epoch 21 Batch 12 | Loss: 0.322921
Epoch 21 Batch 13 | Loss: 0.247698
--- Epoch 21/30 | Loss: 0.3030 | Train Acc: 96.5% | Test Acc: 95.3% | CM: [TP:86, TN:78, FP:8, FN:0] | Progress: 70.0% | ETA: 7.4s ---
Epoch 22 Batch 1 | Loss: 0.258847 | Stats: min: -0.699, max: 0.620, mean: -0.062
Epoch 22 Batch 2 | Loss: 0.311045
Epoch 22 Batch 3 | Loss: 0.297014
Epoch 22 Batch 4 | Loss: 0.308790
Epoch 22 Batch 5 | Loss: 0.294463
Epoch 22 Batch 6 | Loss: 0.262260
Epoch 22 Batch 7 | Loss: 0.283884
Epoch 22 Batch 8 | Loss: 0.427229
Epoch 22 Batch 9 | Loss: 0.275402
Epoch 22 Batch 10 | Loss: 0.311626
Epoch 22 Batch 11 | Loss: 0.317075
Epoch 22 Batch 12 | Loss: 0.311150
Epoch 22 Batch 13 | Loss: 0.317230
  [STABILITY] Plateau detected. Reducing Learning Rate to 0.001563
--- Epoch 22/30 | Loss: 0.3058 | Train Acc: 96.5% | Test Acc: 95.3% | CM: [TP:86, TN:78, FP:8, FN:0] | Progress: 73.3% | ETA: 7.8s ---
Epoch 23 Batch 1 | Loss: 0.299446 | Stats: min: -0.625, max: 0.618, mean: 0.142
Epoch 23 Batch 2 | Loss: 0.295425
Epoch 23 Batch 3 | Loss: 0.307531
Epoch 23 Batch 4 | Loss: 0.349049
Epoch 23 Batch 5 | Loss: 0.262461
Epoch 23 Batch 6 | Loss: 0.320042
Epoch 23 Batch 7 | Loss: 0.261178
Epoch 23 Batch 8 | Loss: 0.334780
Epoch 23 Batch 9 | Loss: 0.324895
Epoch 23 Batch 10 | Loss: 0.327310
Epoch 23 Batch 11 | Loss: 0.278961
Epoch 23 Batch 12 | Loss: 0.315559
Epoch 23 Batch 13 | Loss: 0.267938
--- Epoch 23/30 | Loss: 0.3034 | Train Acc: 96.5% | Test Acc: 95.3% | CM: [TP:86, TN:78, FP:8, FN:0] | Progress: 76.7% | ETA: 5.8s ---
Epoch 24 Batch 1 | Loss: 0.276000 | Stats: min: -0.673, max: 0.614, mean: 0.137
Epoch 24 Batch 2 | Loss: 0.352243
Epoch 24 Batch 3 | Loss: 0.314192
Epoch 24 Batch 4 | Loss: 0.307298
Epoch 24 Batch 5 | Loss: 0.290690
Epoch 24 Batch 6 | Loss: 0.312715
Epoch 24 Batch 7 | Loss: 0.364069
Epoch 24 Batch 8 | Loss: 0.255704
Epoch 24 Batch 9 | Loss: 0.312869
Epoch 24 Batch 10 | Loss: 0.272028
Epoch 24 Batch 11 | Loss: 0.300194
Epoch 24 Batch 12 | Loss: 0.298647
Epoch 24 Batch 13 | Loss: 0.301022
--- Epoch 24/30 | Loss: 0.3044 | Train Acc: 96.5% | Test Acc: 95.3% | CM: [TP:86, TN:78, FP:8, FN:0] | Progress: 80.0% | ETA: 4.2s ---
Epoch 25 Batch 1 | Loss: 0.306918 | Stats: min: -0.555, max: 0.591, mean: 0.043
Epoch 25 Batch 2 | Loss: 0.288756
Epoch 25 Batch 3 | Loss: 0.305887
Epoch 25 Batch 4 | Loss: 0.366066
Epoch 25 Batch 5 | Loss: 0.291297
Epoch 25 Batch 6 | Loss: 0.326404
Epoch 25 Batch 7 | Loss: 0.228781
Epoch 25 Batch 8 | Loss: 0.272679
Epoch 25 Batch 9 | Loss: 0.362518
Epoch 25 Batch 10 | Loss: 0.277094
Epoch 25 Batch 11 | Loss: 0.278402
Epoch 25 Batch 12 | Loss: 0.330614
Epoch 25 Batch 13 | Loss: 0.340801
  [STABILITY] Plateau detected. Reducing Learning Rate to 0.000781
--- Epoch 25/30 | Loss: 0.3059 | Train Acc: 96.5% | Test Acc: 95.3% | CM: [TP:86, TN:78, FP:8, FN:0] | Progress: 83.3% | ETA: 3.1s ---
Epoch 26 Batch 1 | Loss: 0.287114 | Stats: min: -0.778, max: 0.631, mean: -0.190
Epoch 26 Batch 2 | Loss: 0.308436
Epoch 26 Batch 3 | Loss: 0.300836
Epoch 26 Batch 4 | Loss: 0.292264
Epoch 26 Batch 5 | Loss: 0.289270
Epoch 26 Batch 6 | Loss: 0.252351
Epoch 26 Batch 7 | Loss: 0.283429
Epoch 26 Batch 8 | Loss: 0.303479
Epoch 26 Batch 9 | Loss: 0.376814
Epoch 26 Batch 10 | Loss: 0.347369
Epoch 26 Batch 11 | Loss: 0.337946
Epoch 26 Batch 12 | Loss: 0.269296
Epoch 26 Batch 13 | Loss: 0.305267
--- Epoch 26/30 | Loss: 0.3041 | Train Acc: 96.5% | Test Acc: 95.3% | CM: [TP:86, TN:78, FP:8, FN:0] | Progress: 86.7% | ETA: 2.4s ---
Epoch 27 Batch 1 | Loss: 0.306305 | Stats: min: -0.729, max: 0.625, mean: 0.249
Epoch 27 Batch 2 | Loss: 0.277675
Epoch 27 Batch 3 | Loss: 0.280508
Epoch 27 Batch 4 | Loss: 0.284436
Epoch 27 Batch 5 | Loss: 0.347023
Epoch 27 Batch 6 | Loss: 0.264719
Epoch 27 Batch 7 | Loss: 0.303376
Epoch 27 Batch 8 | Loss: 0.326316
Epoch 27 Batch 9 | Loss: 0.275563
Epoch 27 Batch 10 | Loss: 0.296364
Epoch 27 Batch 11 | Loss: 0.333682
Epoch 27 Batch 12 | Loss: 0.320704
Epoch 27 Batch 13 | Loss: 0.371649
--- Epoch 27/30 | Loss: 0.3068 | Train Acc: 96.5% | Test Acc: 95.3% | CM: [TP:86, TN:78, FP:8, FN:0] | Progress: 90.0% | ETA: 1.7s ---
Epoch 28 Batch 1 | Loss: 0.301915 | Stats: min: -0.260, max: 0.572, mean: 0.337
Epoch 28 Batch 2 | Loss: 0.275009
Epoch 28 Batch 3 | Loss: 0.342289
Epoch 28 Batch 4 | Loss: 0.301331
Epoch 28 Batch 5 | Loss: 0.280123
Epoch 28 Batch 6 | Loss: 0.334747
Epoch 28 Batch 7 | Loss: 0.280992
Epoch 28 Batch 8 | Loss: 0.309508
Epoch 28 Batch 9 | Loss: 0.294871
Epoch 28 Batch 10 | Loss: 0.289740
Epoch 28 Batch 11 | Loss: 0.311044
Epoch 28 Batch 12 | Loss: 0.347211
Epoch 28 Batch 13 | Loss: 0.257920
  [STABILITY] Plateau detected. Reducing Learning Rate to 0.000391
--- Epoch 28/30 | Loss: 0.3021 | Train Acc: 96.5% | Test Acc: 95.3% | CM: [TP:86, TN:78, FP:8, FN:0] | Progress: 93.3% | ETA: 1.2s ---
Epoch 29 Batch 1 | Loss: 0.250261 | Stats: min: -0.796, max: 0.609, mean: -0.110
Epoch 29 Batch 2 | Loss: 0.264675
Epoch 29 Batch 3 | Loss: 0.276062
Epoch 29 Batch 4 | Loss: 0.305525
Epoch 29 Batch 5 | Loss: 0.362489
Epoch 29 Batch 6 | Loss: 0.302112
Epoch 29 Batch 7 | Loss: 0.283696
Epoch 29 Batch 8 | Loss: 0.269311
Epoch 29 Batch 9 | Loss: 0.379304
Epoch 29 Batch 10 | Loss: 0.273743
Epoch 29 Batch 11 | Loss: 0.361502
Epoch 29 Batch 12 | Loss: 0.319106
Epoch 29 Batch 13 | Loss: 0.301756
--- Epoch 29/30 | Loss: 0.3038 | Train Acc: 96.5% | Test Acc: 95.3% | CM: [TP:86, TN:78, FP:8, FN:0] | Progress: 96.7% | ETA: 0.6s ---
Epoch 30 Batch 1 | Loss: 0.288380 | Stats: min: 0.035, max: 0.632, mean: 0.440
Epoch 30 Batch 2 | Loss: 0.341812
Epoch 30 Batch 3 | Loss: 0.275302
Epoch 30 Batch 4 | Loss: 0.299484
Epoch 30 Batch 5 | Loss: 0.311523
Epoch 30 Batch 6 | Loss: 0.384360
Epoch 30 Batch 7 | Loss: 0.258217
Epoch 30 Batch 8 | Loss: 0.329962
Epoch 30 Batch 9 | Loss: 0.320360
Epoch 30 Batch 10 | Loss: 0.271147
Epoch 30 Batch 11 | Loss: 0.289137
Epoch 30 Batch 12 | Loss: 0.289324
Epoch 30 Batch 13 | Loss: 0.275825
--- Epoch 30/30 | Loss: 0.3027 | Train Acc: 96.5% | Test Acc: 95.3% | CM: [TP:86, TN:78, FP:8, FN:0] | Progress: 100.0% | ETA: 0.0s ---

Final Best Test Accuracy: 97.09%


Best Quantum Test Accuracy: 0.971
