DEBUG: Qtrainer enters train_pure_quantum_cnn. Encoding: feature_map
  Class Weights: +1 (Target): 1.00 | -1 (Rest): 1.00
Starting Training
==================================================
Epoch 1 Batch 1 | Loss: 0.693846 | Stats: min: 0.150, max: 0.201, mean: 0.172
Epoch 1 Batch 2 | Loss: 0.607036
Epoch 1 Batch 3 | Loss: 0.607455
Epoch 1 Batch 4 | Loss: 0.574148
Epoch 1 Batch 5 | Loss: 0.567360
Epoch 1 Batch 6 | Loss: 0.542265
Epoch 1 Batch 7 | Loss: 0.573875
Epoch 1 Batch 8 | Loss: 0.527676
Epoch 1 Batch 9 | Loss: 0.491943
Epoch 1 Batch 10 | Loss: 0.473165
Epoch 1 Batch 11 | Loss: 0.485585
Epoch 1 Batch 12 | Loss: 0.468997
Epoch 1 Batch 13 | Loss: 0.448152
  [STABILITY] Test accuracy improved: 0.00% -> 77.33% (via EMA). Saving best params.
--- Epoch 1/30 | Loss: 0.5432 | Train Acc: 77.0% | Test Acc: 77.3% | CM: [TP:85, TN:48, FP:38, FN:1] | Progress: 3.3% | ETA: 640.6s ---
Epoch 2 Batch 1 | Loss: 0.481841 | Stats: min: -0.255, max: 0.219, mean: -0.024
Epoch 2 Batch 2 | Loss: 0.473547
Epoch 2 Batch 3 | Loss: 0.464633
Epoch 2 Batch 4 | Loss: 0.444553
Epoch 2 Batch 5 | Loss: 0.485455
Epoch 2 Batch 6 | Loss: 0.464054
Epoch 2 Batch 7 | Loss: 0.408772
Epoch 2 Batch 8 | Loss: 0.399073
Epoch 2 Batch 9 | Loss: 0.430644
Epoch 2 Batch 10 | Loss: 0.406943
Epoch 2 Batch 11 | Loss: 0.413445
Epoch 2 Batch 12 | Loss: 0.434452
Epoch 2 Batch 13 | Loss: 0.421900
  [STABILITY] Test accuracy improved: 77.33% -> 81.98% (via EMA). Saving best params.
--- Epoch 2/30 | Loss: 0.4407 | Train Acc: 84.0% | Test Acc: 82.0% | CM: [TP:85, TN:56, FP:30, FN:1] | Progress: 6.7% | ETA: 266.6s ---
Epoch 3 Batch 1 | Loss: 0.400477 | Stats: min: -0.598, max: 0.399, mean: -0.066
Epoch 3 Batch 2 | Loss: 0.395794
Epoch 3 Batch 3 | Loss: 0.405633
Epoch 3 Batch 4 | Loss: 0.371961
Epoch 3 Batch 5 | Loss: 0.422463
Epoch 3 Batch 6 | Loss: 0.384635
Epoch 3 Batch 7 | Loss: 0.387592
Epoch 3 Batch 8 | Loss: 0.432131
Epoch 3 Batch 9 | Loss: 0.392010
Epoch 3 Batch 10 | Loss: 0.476412
Epoch 3 Batch 11 | Loss: 0.422029
Epoch 3 Batch 12 | Loss: 0.397572
Epoch 3 Batch 13 | Loss: 0.386152
  [STABILITY] Test accuracy improved: 81.98% -> 83.14% (via EMA). Saving best params.
--- Epoch 3/30 | Loss: 0.4058 | Train Acc: 86.0% | Test Acc: 83.1% | CM: [TP:85, TN:58, FP:28, FN:1] | Progress: 10.0% | ETA: 144.4s ---
Epoch 4 Batch 1 | Loss: 0.388441 | Stats: min: -0.634, max: 0.345, mean: -0.090
Epoch 4 Batch 2 | Loss: 0.368079
Epoch 4 Batch 3 | Loss: 0.356099
Epoch 4 Batch 4 | Loss: 0.380835
Epoch 4 Batch 5 | Loss: 0.387860
Epoch 4 Batch 6 | Loss: 0.377887
Epoch 4 Batch 7 | Loss: 0.406647
Epoch 4 Batch 8 | Loss: 0.378582
Epoch 4 Batch 9 | Loss: 0.435164
Epoch 4 Batch 10 | Loss: 0.390038
Epoch 4 Batch 11 | Loss: 0.404417
Epoch 4 Batch 12 | Loss: 0.377509
Epoch 4 Batch 13 | Loss: 0.507424
  [STABILITY] Test accuracy improved: 83.14% -> 87.21% (via EMA). Saving best params.
--- Epoch 4/30 | Loss: 0.3968 | Train Acc: 90.0% | Test Acc: 87.2% | CM: [TP:85, TN:65, FP:21, FN:1] | Progress: 13.3% | ETA: 121.7s ---
Epoch 5 Batch 1 | Loss: 0.361837 | Stats: min: -0.695, max: 0.382, mean: -0.298
Epoch 5 Batch 2 | Loss: 0.397450
Epoch 5 Batch 3 | Loss: 0.385076
Epoch 5 Batch 4 | Loss: 0.342846
Epoch 5 Batch 5 | Loss: 0.402875
Epoch 5 Batch 6 | Loss: 0.381652
Epoch 5 Batch 7 | Loss: 0.383721
Epoch 5 Batch 8 | Loss: 0.401516
Epoch 5 Batch 9 | Loss: 0.359372
Epoch 5 Batch 10 | Loss: 0.378118
Epoch 5 Batch 11 | Loss: 0.366382
Epoch 5 Batch 12 | Loss: 0.391242
Epoch 5 Batch 13 | Loss: 0.442743
  [STABILITY] Test accuracy improved: 87.21% -> 90.70% (via EMA). Saving best params.
--- Epoch 5/30 | Loss: 0.3842 | Train Acc: 92.5% | Test Acc: 90.7% | CM: [TP:85, TN:71, FP:15, FN:1] | Progress: 16.7% | ETA: 80.8s ---
Epoch 6 Batch 1 | Loss: 0.391707 | Stats: min: -0.593, max: 0.407, mean: -0.108
Epoch 6 Batch 2 | Loss: 0.412646
Epoch 6 Batch 3 | Loss: 0.406799
Epoch 6 Batch 4 | Loss: 0.379852
Epoch 6 Batch 5 | Loss: 0.397436
Epoch 6 Batch 6 | Loss: 0.337328
Epoch 6 Batch 7 | Loss: 0.339793
Epoch 6 Batch 8 | Loss: 0.353195
Epoch 6 Batch 9 | Loss: 0.426435
Epoch 6 Batch 10 | Loss: 0.353358
Epoch 6 Batch 11 | Loss: 0.370185
Epoch 6 Batch 12 | Loss: 0.329917
Epoch 6 Batch 13 | Loss: 0.298521
  [STABILITY] Test accuracy improved: 90.70% -> 93.02% (via EMA). Saving best params.
--- Epoch 6/30 | Loss: 0.3690 | Train Acc: 94.5% | Test Acc: 93.0% | CM: [TP:85, TN:75, FP:11, FN:1] | Progress: 20.0% | ETA: 76.5s ---
Epoch 7 Batch 1 | Loss: 0.346796 | Stats: min: -0.446, max: 0.592, mean: 0.166
Epoch 7 Batch 2 | Loss: 0.348668
Epoch 7 Batch 3 | Loss: 0.355659
Epoch 7 Batch 4 | Loss: 0.395777
Epoch 7 Batch 5 | Loss: 0.329796
Epoch 7 Batch 6 | Loss: 0.374024
Epoch 7 Batch 7 | Loss: 0.362203
Epoch 7 Batch 8 | Loss: 0.352225
Epoch 7 Batch 9 | Loss: 0.337292
Epoch 7 Batch 10 | Loss: 0.399773
Epoch 7 Batch 11 | Loss: 0.403178
Epoch 7 Batch 12 | Loss: 0.449987
Epoch 7 Batch 13 | Loss: 0.396380
  [STABILITY] Test accuracy improved: 93.02% -> 94.77% (via EMA). Saving best params.
--- Epoch 7/30 | Loss: 0.3732 | Train Acc: 94.0% | Test Acc: 94.8% | CM: [TP:85, TN:78, FP:8, FN:1] | Progress: 23.3% | ETA: 63.4s ---
Epoch 8 Batch 1 | Loss: 0.355647 | Stats: min: -0.598, max: 0.472, mean: 0.005
Epoch 8 Batch 2 | Loss: 0.361073
Epoch 8 Batch 3 | Loss: 0.346786
Epoch 8 Batch 4 | Loss: 0.338935
Epoch 8 Batch 5 | Loss: 0.355352
Epoch 8 Batch 6 | Loss: 0.371659
Epoch 8 Batch 7 | Loss: 0.349319
Epoch 8 Batch 8 | Loss: 0.372582
Epoch 8 Batch 9 | Loss: 0.402207
Epoch 8 Batch 10 | Loss: 0.326395
Epoch 8 Batch 11 | Loss: 0.326666
Epoch 8 Batch 12 | Loss: 0.351654
Epoch 8 Batch 13 | Loss: 0.395468
  [STABILITY] Test accuracy improved: 94.77% -> 95.35% (via EMA). Saving best params.
--- Epoch 8/30 | Loss: 0.3580 | Train Acc: 94.5% | Test Acc: 95.3% | CM: [TP:85, TN:79, FP:7, FN:1] | Progress: 26.7% | ETA: 56.1s ---
Epoch 9 Batch 1 | Loss: 0.403535 | Stats: min: -0.330, max: 0.405, mean: -0.068
Epoch 9 Batch 2 | Loss: 0.334078
Epoch 9 Batch 3 | Loss: 0.387582
Epoch 9 Batch 4 | Loss: 0.338649
Epoch 9 Batch 5 | Loss: 0.301082
Epoch 9 Batch 6 | Loss: 0.392563
Epoch 9 Batch 7 | Loss: 0.360238
Epoch 9 Batch 8 | Loss: 0.337897
Epoch 9 Batch 9 | Loss: 0.304203
Epoch 9 Batch 10 | Loss: 0.350434
Epoch 9 Batch 11 | Loss: 0.404012
Epoch 9 Batch 12 | Loss: 0.311267
Epoch 9 Batch 13 | Loss: 0.402304
  [STABILITY] Test accuracy improved: 95.35% -> 95.93% (via EMA). Saving best params.
--- Epoch 9/30 | Loss: 0.3560 | Train Acc: 94.5% | Test Acc: 95.9% | CM: [TP:85, TN:80, FP:6, FN:1] | Progress: 30.0% | ETA: 42.7s ---
Epoch 10 Batch 1 | Loss: 0.323433 | Stats: min: -0.789, max: 0.295, mean: -0.512
Epoch 10 Batch 2 | Loss: 0.359224
Epoch 10 Batch 3 | Loss: 0.382698
Epoch 10 Batch 4 | Loss: 0.371636
Epoch 10 Batch 5 | Loss: 0.392690
Epoch 10 Batch 6 | Loss: 0.370170
Epoch 10 Batch 7 | Loss: 0.331176
Epoch 10 Batch 8 | Loss: 0.297592
Epoch 10 Batch 9 | Loss: 0.367546
Epoch 10 Batch 10 | Loss: 0.342555
Epoch 10 Batch 11 | Loss: 0.342973
Epoch 10 Batch 12 | Loss: 0.336983
Epoch 10 Batch 13 | Loss: 0.341628
--- Epoch 10/30 | Loss: 0.3508 | Train Acc: 95.0% | Test Acc: 95.9% | CM: [TP:85, TN:80, FP:6, FN:1] | Progress: 33.3% | ETA: 46.5s ---
Epoch 11 Batch 1 | Loss: 0.309719 | Stats: min: -0.841, max: 0.380, mean: -0.305
Epoch 11 Batch 2 | Loss: 0.387582
Epoch 11 Batch 3 | Loss: 0.378156
Epoch 11 Batch 4 | Loss: 0.353652
Epoch 11 Batch 5 | Loss: 0.320939
Epoch 11 Batch 6 | Loss: 0.329255
Epoch 11 Batch 7 | Loss: 0.285322
Epoch 11 Batch 8 | Loss: 0.343571
Epoch 11 Batch 9 | Loss: 0.340396
Epoch 11 Batch 10 | Loss: 0.368048
Epoch 11 Batch 11 | Loss: 0.409117
Epoch 11 Batch 12 | Loss: 0.327155
Epoch 11 Batch 13 | Loss: 0.377113
--- Epoch 11/30 | Loss: 0.3485 | Train Acc: 95.0% | Test Acc: 95.9% | CM: [TP:85, TN:80, FP:6, FN:1] | Progress: 36.7% | ETA: 33.6s ---
Epoch 12 Batch 1 | Loss: 0.362804 | Stats: min: -0.513, max: 0.378, mean: -0.063
Epoch 12 Batch 2 | Loss: 0.384244
Epoch 12 Batch 3 | Loss: 0.344855
Epoch 12 Batch 4 | Loss: 0.345623
Epoch 12 Batch 5 | Loss: 0.342238
Epoch 12 Batch 6 | Loss: 0.346216
Epoch 12 Batch 7 | Loss: 0.291372
Epoch 12 Batch 8 | Loss: 0.337017
Epoch 12 Batch 9 | Loss: 0.361968
Epoch 12 Batch 10 | Loss: 0.302399
Epoch 12 Batch 11 | Loss: 0.289304
Epoch 12 Batch 12 | Loss: 0.351742
Epoch 12 Batch 13 | Loss: 0.297239
  [STABILITY] Plateau detected. Reducing Learning Rate to 0.025000
--- Epoch 12/30 | Loss: 0.3352 | Train Acc: 95.0% | Test Acc: 95.9% | CM: [TP:85, TN:80, FP:6, FN:1] | Progress: 40.0% | ETA: 30.8s ---
Epoch 13 Batch 1 | Loss: 0.346454 | Stats: min: -0.799, max: 0.581, mean: 0.026
Epoch 13 Batch 2 | Loss: 0.310895
Epoch 13 Batch 3 | Loss: 0.309858
Epoch 13 Batch 4 | Loss: 0.364404
Epoch 13 Batch 5 | Loss: 0.331254
Epoch 13 Batch 6 | Loss: 0.294732
Epoch 13 Batch 7 | Loss: 0.336766
Epoch 13 Batch 8 | Loss: 0.356380
Epoch 13 Batch 9 | Loss: 0.335561
Epoch 13 Batch 10 | Loss: 0.316591
Epoch 13 Batch 11 | Loss: 0.298813
Epoch 13 Batch 12 | Loss: 0.275998
Epoch 13 Batch 13 | Loss: 0.348396
--- Epoch 13/30 | Loss: 0.3251 | Train Acc: 95.0% | Test Acc: 95.9% | CM: [TP:85, TN:80, FP:6, FN:1] | Progress: 43.3% | ETA: 27.0s ---
Epoch 14 Batch 1 | Loss: 0.346600 | Stats: min: -0.575, max: 0.096, mean: -0.416
Epoch 14 Batch 2 | Loss: 0.340526
Epoch 14 Batch 3 | Loss: 0.321573
Epoch 14 Batch 4 | Loss: 0.369226
Epoch 14 Batch 5 | Loss: 0.286917
Epoch 14 Batch 6 | Loss: 0.286752
Epoch 14 Batch 7 | Loss: 0.306640
Epoch 14 Batch 8 | Loss: 0.336710
Epoch 14 Batch 9 | Loss: 0.285777
Epoch 14 Batch 10 | Loss: 0.306010
Epoch 14 Batch 11 | Loss: 0.326652
Epoch 14 Batch 12 | Loss: 0.338678
Epoch 14 Batch 13 | Loss: 0.328364
--- Epoch 14/30 | Loss: 0.3216 | Train Acc: 95.0% | Test Acc: 95.9% | CM: [TP:85, TN:80, FP:6, FN:1] | Progress: 46.7% | ETA: 24.6s ---
Epoch 15 Batch 1 | Loss: 0.315849 | Stats: min: -0.629, max: 0.586, mean: 0.017
Epoch 15 Batch 2 | Loss: 0.272457
Epoch 15 Batch 3 | Loss: 0.307713
Epoch 15 Batch 4 | Loss: 0.359594
Epoch 15 Batch 5 | Loss: 0.280322
Epoch 15 Batch 6 | Loss: 0.274646
Epoch 15 Batch 7 | Loss: 0.345504
Epoch 15 Batch 8 | Loss: 0.395788
Epoch 15 Batch 9 | Loss: 0.291557
Epoch 15 Batch 10 | Loss: 0.307087
Epoch 15 Batch 11 | Loss: 0.322322
Epoch 15 Batch 12 | Loss: 0.352050
Epoch 15 Batch 13 | Loss: 0.299237
  [STABILITY] Plateau detected. Reducing Learning Rate to 0.012500
--- Epoch 15/30 | Loss: 0.3172 | Train Acc: 95.5% | Test Acc: 95.9% | CM: [TP:85, TN:80, FP:6, FN:1] | Progress: 50.0% | ETA: 14.8s ---
Epoch 16 Batch 1 | Loss: 0.352161 | Stats: min: -0.833, max: 0.492, mean: -0.271
Epoch 16 Batch 2 | Loss: 0.266669
Epoch 16 Batch 3 | Loss: 0.329279
Epoch 16 Batch 4 | Loss: 0.295298
Epoch 16 Batch 5 | Loss: 0.322873
Epoch 16 Batch 6 | Loss: 0.290299
Epoch 16 Batch 7 | Loss: 0.321329
Epoch 16 Batch 8 | Loss: 0.363927
Epoch 16 Batch 9 | Loss: 0.321888
Epoch 16 Batch 10 | Loss: 0.284469
Epoch 16 Batch 11 | Loss: 0.350092
Epoch 16 Batch 12 | Loss: 0.294945
Epoch 16 Batch 13 | Loss: 0.298611
--- Epoch 16/30 | Loss: 0.3148 | Train Acc: 95.5% | Test Acc: 95.3% | CM: [TP:85, TN:79, FP:7, FN:1] | Progress: 53.3% | ETA: 15.4s ---
Epoch 17 Batch 1 | Loss: 0.300286 | Stats: min: -0.794, max: 0.618, mean: -0.182
Epoch 17 Batch 2 | Loss: 0.272476
Epoch 17 Batch 3 | Loss: 0.362100
Epoch 17 Batch 4 | Loss: 0.307125
Epoch 17 Batch 5 | Loss: 0.336975
Epoch 17 Batch 6 | Loss: 0.328191
Epoch 17 Batch 7 | Loss: 0.300733
Epoch 17 Batch 8 | Loss: 0.324197
Epoch 17 Batch 9 | Loss: 0.383672
Epoch 17 Batch 10 | Loss: 0.306553
Epoch 17 Batch 11 | Loss: 0.273217
Epoch 17 Batch 12 | Loss: 0.293001
Epoch 17 Batch 13 | Loss: 0.313997
--- Epoch 17/30 | Loss: 0.3156 | Train Acc: 95.5% | Test Acc: 95.3% | CM: [TP:85, TN:79, FP:7, FN:1] | Progress: 56.7% | ETA: 13.2s ---
Epoch 18 Batch 1 | Loss: 0.276679 | Stats: min: -0.602, max: 0.630, mean: -0.121
Epoch 18 Batch 2 | Loss: 0.296443
Epoch 18 Batch 3 | Loss: 0.289012
Epoch 18 Batch 4 | Loss: 0.333217
Epoch 18 Batch 5 | Loss: 0.287412
Epoch 18 Batch 6 | Loss: 0.272357
Epoch 18 Batch 7 | Loss: 0.310994
Epoch 18 Batch 8 | Loss: 0.357400
Epoch 18 Batch 9 | Loss: 0.368800
Epoch 18 Batch 10 | Loss: 0.309441
Epoch 18 Batch 11 | Loss: 0.347455
Epoch 18 Batch 12 | Loss: 0.334877
Epoch 18 Batch 13 | Loss: 0.338973
  [STABILITY] Plateau detected. Reducing Learning Rate to 0.006250
--- Epoch 18/30 | Loss: 0.3172 | Train Acc: 95.5% | Test Acc: 95.3% | CM: [TP:85, TN:79, FP:7, FN:1] | Progress: 60.0% | ETA: 10.1s ---
Epoch 19 Batch 1 | Loss: 0.331786 | Stats: min: -0.751, max: 0.582, mean: 0.061
Epoch 19 Batch 2 | Loss: 0.325159
Epoch 19 Batch 3 | Loss: 0.278645
Epoch 19 Batch 4 | Loss: 0.281264
Epoch 19 Batch 5 | Loss: 0.264330
Epoch 19 Batch 6 | Loss: 0.315505
Epoch 19 Batch 7 | Loss: 0.284024
Epoch 19 Batch 8 | Loss: 0.322196
Epoch 19 Batch 9 | Loss: 0.364722
Epoch 19 Batch 10 | Loss: 0.298288
Epoch 19 Batch 11 | Loss: 0.327106
Epoch 19 Batch 12 | Loss: 0.293743
Epoch 19 Batch 13 | Loss: 0.466225
--- Epoch 19/30 | Loss: 0.3195 | Train Acc: 95.5% | Test Acc: 95.3% | CM: [TP:85, TN:79, FP:7, FN:1] | Progress: 63.3% | ETA: 8.6s ---
Epoch 20 Batch 1 | Loss: 0.296861 | Stats: min: -0.534, max: 0.595, mean: -0.007
Epoch 20 Batch 2 | Loss: 0.368786
Epoch 20 Batch 3 | Loss: 0.332985
Epoch 20 Batch 4 | Loss: 0.290149
Epoch 20 Batch 5 | Loss: 0.320356
Epoch 20 Batch 6 | Loss: 0.279190
Epoch 20 Batch 7 | Loss: 0.309437
Epoch 20 Batch 8 | Loss: 0.304047
Epoch 20 Batch 9 | Loss: 0.297754
Epoch 20 Batch 10 | Loss: 0.303435
Epoch 20 Batch 11 | Loss: 0.306571
Epoch 20 Batch 12 | Loss: 0.370672
Epoch 20 Batch 13 | Loss: 0.286137
--- Epoch 20/30 | Loss: 0.3128 | Train Acc: 95.5% | Test Acc: 94.2% | CM: [TP:85, TN:77, FP:9, FN:1] | Progress: 66.7% | ETA: 7.6s ---
Epoch 21 Batch 1 | Loss: 0.348144 | Stats: min: -0.831, max: 0.603, mean: 0.036
Epoch 21 Batch 2 | Loss: 0.269412
Epoch 21 Batch 3 | Loss: 0.281082
Epoch 21 Batch 4 | Loss: 0.275827
Epoch 21 Batch 5 | Loss: 0.349493
Epoch 21 Batch 6 | Loss: 0.329069
Epoch 21 Batch 7 | Loss: 0.309391
Epoch 21 Batch 8 | Loss: 0.299688
Epoch 21 Batch 9 | Loss: 0.331030
Epoch 21 Batch 10 | Loss: 0.282401
Epoch 21 Batch 11 | Loss: 0.315021
Epoch 21 Batch 12 | Loss: 0.342932
Epoch 21 Batch 13 | Loss: 0.359104
  [STABILITY] Plateau detected. Reducing Learning Rate to 0.003125
--- Epoch 21/30 | Loss: 0.3148 | Train Acc: 95.5% | Test Acc: 93.0% | CM: [TP:85, TN:75, FP:11, FN:1] | Progress: 70.0% | ETA: 8.6s ---
Epoch 22 Batch 1 | Loss: 0.323828 | Stats: min: -0.676, max: 0.601, mean: 0.008
Epoch 22 Batch 2 | Loss: 0.294008
Epoch 22 Batch 3 | Loss: 0.316286
Epoch 22 Batch 4 | Loss: 0.341704
Epoch 22 Batch 5 | Loss: 0.332383
Epoch 22 Batch 6 | Loss: 0.283882
Epoch 22 Batch 7 | Loss: 0.323807
Epoch 22 Batch 8 | Loss: 0.326528
Epoch 22 Batch 9 | Loss: 0.307640
Epoch 22 Batch 10 | Loss: 0.300147
Epoch 22 Batch 11 | Loss: 0.319151
Epoch 22 Batch 12 | Loss: 0.312422
Epoch 22 Batch 13 | Loss: 0.244449
--- Epoch 22/30 | Loss: 0.3097 | Train Acc: 95.5% | Test Acc: 93.0% | CM: [TP:85, TN:75, FP:11, FN:1] | Progress: 73.3% | ETA: 8.0s ---
Epoch 23 Batch 1 | Loss: 0.302724 | Stats: min: -0.776, max: 0.580, mean: 0.028
Epoch 23 Batch 2 | Loss: 0.259010
Epoch 23 Batch 3 | Loss: 0.309772
Epoch 23 Batch 4 | Loss: 0.256088
Epoch 23 Batch 5 | Loss: 0.329503
Epoch 23 Batch 6 | Loss: 0.293025
Epoch 23 Batch 7 | Loss: 0.316979
Epoch 23 Batch 8 | Loss: 0.341887
Epoch 23 Batch 9 | Loss: 0.311619
Epoch 23 Batch 10 | Loss: 0.388156
Epoch 23 Batch 11 | Loss: 0.309437
Epoch 23 Batch 12 | Loss: 0.329428
Epoch 23 Batch 13 | Loss: 0.358058
--- Epoch 23/30 | Loss: 0.3158 | Train Acc: 94.5% | Test Acc: 93.0% | CM: [TP:85, TN:75, FP:11, FN:1] | Progress: 76.7% | ETA: 7.3s ---
Epoch 24 Batch 1 | Loss: 0.306462 | Stats: min: -0.685, max: 0.618, mean: -0.146
Epoch 24 Batch 2 | Loss: 0.357703
Epoch 24 Batch 3 | Loss: 0.350873
Epoch 24 Batch 4 | Loss: 0.333766
Epoch 24 Batch 5 | Loss: 0.316665
Epoch 24 Batch 6 | Loss: 0.279822
Epoch 24 Batch 7 | Loss: 0.291000
Epoch 24 Batch 8 | Loss: 0.263390
Epoch 24 Batch 9 | Loss: 0.350812
Epoch 24 Batch 10 | Loss: 0.319495
Epoch 24 Batch 11 | Loss: 0.285289
Epoch 24 Batch 12 | Loss: 0.289148
Epoch 24 Batch 13 | Loss: 0.328110
  [STABILITY] Plateau detected. Reducing Learning Rate to 0.001563
--- Epoch 24/30 | Loss: 0.3133 | Train Acc: 94.0% | Test Acc: 93.0% | CM: [TP:85, TN:75, FP:11, FN:1] | Progress: 80.0% | ETA: 5.4s ---
Epoch 25 Batch 1 | Loss: 0.258406 | Stats: min: -0.826, max: 0.588, mean: -0.146
Epoch 25 Batch 2 | Loss: 0.338241
Epoch 25 Batch 3 | Loss: 0.270770
Epoch 25 Batch 4 | Loss: 0.263487
Epoch 25 Batch 5 | Loss: 0.298626
Epoch 25 Batch 6 | Loss: 0.342980
Epoch 25 Batch 7 | Loss: 0.310102
Epoch 25 Batch 8 | Loss: 0.337878
Epoch 25 Batch 9 | Loss: 0.367694
Epoch 25 Batch 10 | Loss: 0.271642
Epoch 25 Batch 11 | Loss: 0.383591
Epoch 25 Batch 12 | Loss: 0.304780
Epoch 25 Batch 13 | Loss: 0.309869
--- Epoch 25/30 | Loss: 0.3122 | Train Acc: 94.0% | Test Acc: 93.0% | CM: [TP:85, TN:75, FP:11, FN:1] | Progress: 83.3% | ETA: 4.7s ---
Epoch 26 Batch 1 | Loss: 0.326812 | Stats: min: -0.741, max: 0.545, mean: -0.190
Epoch 26 Batch 2 | Loss: 0.310797
Epoch 26 Batch 3 | Loss: 0.331878
Epoch 26 Batch 4 | Loss: 0.288751
Epoch 26 Batch 5 | Loss: 0.310324
Epoch 26 Batch 6 | Loss: 0.317255
Epoch 26 Batch 7 | Loss: 0.296034
Epoch 26 Batch 8 | Loss: 0.335241
Epoch 26 Batch 9 | Loss: 0.302027
Epoch 26 Batch 10 | Loss: 0.317130
Epoch 26 Batch 11 | Loss: 0.313519
Epoch 26 Batch 12 | Loss: 0.300111
Epoch 26 Batch 13 | Loss: 0.296353
--- Epoch 26/30 | Loss: 0.3112 | Train Acc: 94.0% | Test Acc: 93.0% | CM: [TP:85, TN:75, FP:11, FN:1] | Progress: 86.7% | ETA: 3.6s ---
Epoch 27 Batch 1 | Loss: 0.327372 | Stats: min: -0.377, max: 0.555, mean: 0.025
Epoch 27 Batch 2 | Loss: 0.312016
Epoch 27 Batch 3 | Loss: 0.320550
Epoch 27 Batch 4 | Loss: 0.303516
Epoch 27 Batch 5 | Loss: 0.351318
Epoch 27 Batch 6 | Loss: 0.311156
Epoch 27 Batch 7 | Loss: 0.307804
Epoch 27 Batch 8 | Loss: 0.333009
Epoch 27 Batch 9 | Loss: 0.304419
Epoch 27 Batch 10 | Loss: 0.318418
Epoch 27 Batch 11 | Loss: 0.270786
Epoch 27 Batch 12 | Loss: 0.307424
Epoch 27 Batch 13 | Loss: 0.260347
  [STABILITY] Plateau detected. Reducing Learning Rate to 0.000781
--- Epoch 27/30 | Loss: 0.3099 | Train Acc: 93.5% | Test Acc: 92.4% | CM: [TP:85, TN:74, FP:12, FN:1] | Progress: 90.0% | ETA: 2.4s ---
Epoch 28 Batch 1 | Loss: 0.337286 | Stats: min: -0.859, max: 0.551, mean: 0.177
Epoch 28 Batch 2 | Loss: 0.320868
Epoch 28 Batch 3 | Loss: 0.333050
Epoch 28 Batch 4 | Loss: 0.291931
Epoch 28 Batch 5 | Loss: 0.312068
Epoch 28 Batch 6 | Loss: 0.323618
Epoch 28 Batch 7 | Loss: 0.319487
Epoch 28 Batch 8 | Loss: 0.324712
Epoch 28 Batch 9 | Loss: 0.307924
Epoch 28 Batch 10 | Loss: 0.301624
Epoch 28 Batch 11 | Loss: 0.250494
Epoch 28 Batch 12 | Loss: 0.321444
Epoch 28 Batch 13 | Loss: 0.305795
--- Epoch 28/30 | Loss: 0.3116 | Train Acc: 93.5% | Test Acc: 92.4% | CM: [TP:85, TN:74, FP:12, FN:1] | Progress: 93.3% | ETA: 1.1s ---
Epoch 29 Batch 1 | Loss: 0.297838 | Stats: min: -0.637, max: 0.607, mean: -0.125
Epoch 29 Batch 2 | Loss: 0.283308
Epoch 29 Batch 3 | Loss: 0.382418
Epoch 29 Batch 4 | Loss: 0.293477
Epoch 29 Batch 5 | Loss: 0.310410
Epoch 29 Batch 6 | Loss: 0.237622
Epoch 29 Batch 7 | Loss: 0.343006
Epoch 29 Batch 8 | Loss: 0.298761
Epoch 29 Batch 9 | Loss: 0.358163
Epoch 29 Batch 10 | Loss: 0.339101
Epoch 29 Batch 11 | Loss: 0.345950
Epoch 29 Batch 12 | Loss: 0.273033
Epoch 29 Batch 13 | Loss: 0.265702
--- Epoch 29/30 | Loss: 0.3099 | Train Acc: 94.0% | Test Acc: 91.9% | CM: [TP:85, TN:73, FP:13, FN:1] | Progress: 96.7% | ETA: 0.5s ---
Epoch 30 Batch 1 | Loss: 0.279395 | Stats: min: -0.821, max: 0.595, mean: -0.246
Epoch 30 Batch 2 | Loss: 0.258068
Epoch 30 Batch 3 | Loss: 0.295423
Epoch 30 Batch 4 | Loss: 0.365330
Epoch 30 Batch 5 | Loss: 0.291839
Epoch 30 Batch 6 | Loss: 0.296067
Epoch 30 Batch 7 | Loss: 0.309054
Epoch 30 Batch 8 | Loss: 0.346326
Epoch 30 Batch 9 | Loss: 0.327396
Epoch 30 Batch 10 | Loss: 0.376787
Epoch 30 Batch 11 | Loss: 0.301161
Epoch 30 Batch 12 | Loss: 0.316684
Epoch 30 Batch 13 | Loss: 0.273680
  [STABILITY] Plateau detected. Reducing Learning Rate to 0.000391
--- Epoch 30/30 | Loss: 0.3106 | Train Acc: 93.5% | Test Acc: 91.9% | CM: [TP:85, TN:73, FP:13, FN:1] | Progress: 100.0% | ETA: 0.0s ---

Final Best Test Accuracy: 95.93%


Best Quantum Test Accuracy: 0.959
