DEBUG: Qtrainer enters train_pure_quantum_cnn. Encoding: feature_map
  Class Weights: +1 (Target): 1.00 | -1 (Rest): 1.00
Starting Training
==================================================
Epoch 1 Batch 1 | Loss: 0.685132 | Stats: min: -0.011, max: 0.117, mean: 0.068
Epoch 1 Batch 2 | Loss: 0.639541
Epoch 1 Batch 3 | Loss: 0.573164
Epoch 1 Batch 4 | Loss: 0.540959
Epoch 1 Batch 5 | Loss: 0.551954
Epoch 1 Batch 6 | Loss: 0.536144
Epoch 1 Batch 7 | Loss: 0.487758
Epoch 1 Batch 8 | Loss: 0.482241
Epoch 1 Batch 9 | Loss: 0.576432
Epoch 1 Batch 10 | Loss: 0.478591
Epoch 1 Batch 11 | Loss: 0.484523
Epoch 1 Batch 12 | Loss: 0.443520
Epoch 1 Batch 13 | Loss: 0.429477
  [STABILITY] Test accuracy improved: 0.00% -> 56.40% (via EMA). Saving best params.
--- Epoch 1/30 | Loss: 0.5315 | Train Acc: 54.5% | Test Acc: 56.4% | CM: [TP:86, TN:11, FP:75, FN:0] | Progress: 3.3% | ETA: 599.8s ---
Epoch 2 Batch 1 | Loss: 0.457346 | Stats: min: -0.402, max: 0.396, mean: 0.081
Epoch 2 Batch 2 | Loss: 0.432376
Epoch 2 Batch 3 | Loss: 0.415086
Epoch 2 Batch 4 | Loss: 0.442888
Epoch 2 Batch 5 | Loss: 0.487998
Epoch 2 Batch 6 | Loss: 0.441126
Epoch 2 Batch 7 | Loss: 0.410768
Epoch 2 Batch 8 | Loss: 0.401871
Epoch 2 Batch 9 | Loss: 0.353205
Epoch 2 Batch 10 | Loss: 0.394462
Epoch 2 Batch 11 | Loss: 0.432210
Epoch 2 Batch 12 | Loss: 0.428589
Epoch 2 Batch 13 | Loss: 0.370333
  [STABILITY] Test accuracy improved: 56.40% -> 79.07% (via EMA). Saving best params.
--- Epoch 2/30 | Loss: 0.4206 | Train Acc: 77.0% | Test Acc: 79.1% | CM: [TP:86, TN:50, FP:36, FN:0] | Progress: 6.7% | ETA: 300.1s ---
Epoch 3 Batch 1 | Loss: 0.464289 | Stats: min: -0.304, max: 0.283, mean: 0.080
Epoch 3 Batch 2 | Loss: 0.405795
Epoch 3 Batch 3 | Loss: 0.352206
Epoch 3 Batch 4 | Loss: 0.403618
Epoch 3 Batch 5 | Loss: 0.348601
Epoch 3 Batch 6 | Loss: 0.378536
Epoch 3 Batch 7 | Loss: 0.385212
Epoch 3 Batch 8 | Loss: 0.346103
Epoch 3 Batch 9 | Loss: 0.296965
Epoch 3 Batch 10 | Loss: 0.351735
Epoch 3 Batch 11 | Loss: 0.340755
Epoch 3 Batch 12 | Loss: 0.375937
Epoch 3 Batch 13 | Loss: 0.365017
  [STABILITY] Test accuracy improved: 79.07% -> 91.28% (via EMA). Saving best params.
--- Epoch 3/30 | Loss: 0.3704 | Train Acc: 90.0% | Test Acc: 91.3% | CM: [TP:86, TN:71, FP:15, FN:0] | Progress: 10.0% | ETA: 158.2s ---
Epoch 4 Batch 1 | Loss: 0.359137 | Stats: min: -0.626, max: 0.565, mean: -0.031
Epoch 4 Batch 2 | Loss: 0.360139
Epoch 4 Batch 3 | Loss: 0.372457
Epoch 4 Batch 4 | Loss: 0.356225
Epoch 4 Batch 5 | Loss: 0.373109
Epoch 4 Batch 6 | Loss: 0.382399
Epoch 4 Batch 7 | Loss: 0.318178
Epoch 4 Batch 8 | Loss: 0.364831
Epoch 4 Batch 9 | Loss: 0.350822
Epoch 4 Batch 10 | Loss: 0.334750
Epoch 4 Batch 11 | Loss: 0.361001
Epoch 4 Batch 12 | Loss: 0.346191
Epoch 4 Batch 13 | Loss: 0.325661
  [STABILITY] Test accuracy improved: 91.28% -> 93.02% (via EMA). Saving best params.
--- Epoch 4/30 | Loss: 0.3542 | Train Acc: 94.0% | Test Acc: 93.0% | CM: [TP:86, TN:74, FP:12, FN:0] | Progress: 13.3% | ETA: 146.6s ---
Epoch 5 Batch 1 | Loss: 0.320411 | Stats: min: -0.798, max: 0.484, mean: -0.242
Epoch 5 Batch 2 | Loss: 0.336138
Epoch 5 Batch 3 | Loss: 0.378085
Epoch 5 Batch 4 | Loss: 0.374572
Epoch 5 Batch 5 | Loss: 0.367675
Epoch 5 Batch 6 | Loss: 0.354067
Epoch 5 Batch 7 | Loss: 0.382192
Epoch 5 Batch 8 | Loss: 0.269686
Epoch 5 Batch 9 | Loss: 0.398210
Epoch 5 Batch 10 | Loss: 0.421711
Epoch 5 Batch 11 | Loss: 0.347952
Epoch 5 Batch 12 | Loss: 0.286026
Epoch 5 Batch 13 | Loss: 0.299990
--- Epoch 5/30 | Loss: 0.3490 | Train Acc: 94.5% | Test Acc: 93.0% | CM: [TP:86, TN:74, FP:12, FN:0] | Progress: 16.7% | ETA: 95.5s ---
Epoch 6 Batch 1 | Loss: 0.319457 | Stats: min: -0.756, max: 0.197, mean: -0.345
Epoch 6 Batch 2 | Loss: 0.370917
Epoch 6 Batch 3 | Loss: 0.438128
Epoch 6 Batch 4 | Loss: 0.317032
Epoch 6 Batch 5 | Loss: 0.380223
Epoch 6 Batch 6 | Loss: 0.319642
Epoch 6 Batch 7 | Loss: 0.354624
Epoch 6 Batch 8 | Loss: 0.384850
Epoch 6 Batch 9 | Loss: 0.322576
Epoch 6 Batch 10 | Loss: 0.336182
Epoch 6 Batch 11 | Loss: 0.326324
Epoch 6 Batch 12 | Loss: 0.328601
Epoch 6 Batch 13 | Loss: 0.319911
--- Epoch 6/30 | Loss: 0.3476 | Train Acc: 95.0% | Test Acc: 92.4% | CM: [TP:85, TN:74, FP:12, FN:1] | Progress: 20.0% | ETA: 79.5s ---
Epoch 7 Batch 1 | Loss: 0.355008 | Stats: min: -0.497, max: 0.634, mean: -0.017
Epoch 7 Batch 2 | Loss: 0.304958
Epoch 7 Batch 3 | Loss: 0.346977
Epoch 7 Batch 4 | Loss: 0.356874
Epoch 7 Batch 5 | Loss: 0.298000
Epoch 7 Batch 6 | Loss: 0.310314
Epoch 7 Batch 7 | Loss: 0.297491
Epoch 7 Batch 8 | Loss: 0.344221
Epoch 7 Batch 9 | Loss: 0.327590
Epoch 7 Batch 10 | Loss: 0.369117
Epoch 7 Batch 11 | Loss: 0.276866
Epoch 7 Batch 12 | Loss: 0.346232
Epoch 7 Batch 13 | Loss: 0.356550
  [STABILITY] Plateau detected. Reducing Learning Rate to 0.025000
--- Epoch 7/30 | Loss: 0.3300 | Train Acc: 95.5% | Test Acc: 92.4% | CM: [TP:85, TN:74, FP:12, FN:1] | Progress: 23.3% | ETA: 63.3s ---
Epoch 8 Batch 1 | Loss: 0.364283 | Stats: min: -0.735, max: 0.113, mean: -0.296
Epoch 8 Batch 2 | Loss: 0.351520
Epoch 8 Batch 3 | Loss: 0.352963
Epoch 8 Batch 4 | Loss: 0.313146
Epoch 8 Batch 5 | Loss: 0.325765
Epoch 8 Batch 6 | Loss: 0.370875
Epoch 8 Batch 7 | Loss: 0.282877
Epoch 8 Batch 8 | Loss: 0.332395
Epoch 8 Batch 9 | Loss: 0.347454
Epoch 8 Batch 10 | Loss: 0.316907
Epoch 8 Batch 11 | Loss: 0.303494
Epoch 8 Batch 12 | Loss: 0.309353
Epoch 8 Batch 13 | Loss: 0.251797
--- Epoch 8/30 | Loss: 0.3248 | Train Acc: 95.5% | Test Acc: 92.4% | CM: [TP:85, TN:74, FP:12, FN:1] | Progress: 26.7% | ETA: 45.2s ---
Epoch 9 Batch 1 | Loss: 0.370675 | Stats: min: -0.007, max: 0.572, mean: 0.335
Epoch 9 Batch 2 | Loss: 0.363667
Epoch 9 Batch 3 | Loss: 0.308872
Epoch 9 Batch 4 | Loss: 0.290336
Epoch 9 Batch 5 | Loss: 0.302561
Epoch 9 Batch 6 | Loss: 0.273164
Epoch 9 Batch 7 | Loss: 0.299244
Epoch 9 Batch 8 | Loss: 0.365633
Epoch 9 Batch 9 | Loss: 0.309179
Epoch 9 Batch 10 | Loss: 0.305836
Epoch 9 Batch 11 | Loss: 0.319267
Epoch 9 Batch 12 | Loss: 0.337213
Epoch 9 Batch 13 | Loss: 0.356672
--- Epoch 9/30 | Loss: 0.3233 | Train Acc: 95.5% | Test Acc: 92.4% | CM: [TP:85, TN:74, FP:12, FN:1] | Progress: 30.0% | ETA: 61.4s ---
Epoch 10 Batch 1 | Loss: 0.363262 | Stats: min: -0.239, max: 0.459, mean: 0.034
Epoch 10 Batch 2 | Loss: 0.333527
Epoch 10 Batch 3 | Loss: 0.271782
Epoch 10 Batch 4 | Loss: 0.327364
Epoch 10 Batch 5 | Loss: 0.313667
Epoch 10 Batch 6 | Loss: 0.307274
Epoch 10 Batch 7 | Loss: 0.310815
Epoch 10 Batch 8 | Loss: 0.308938
Epoch 10 Batch 9 | Loss: 0.336424
Epoch 10 Batch 10 | Loss: 0.318324
Epoch 10 Batch 11 | Loss: 0.353707
Epoch 10 Batch 12 | Loss: 0.334098
Epoch 10 Batch 13 | Loss: 0.315094
  [STABILITY] Plateau detected. Reducing Learning Rate to 0.012500
--- Epoch 10/30 | Loss: 0.3226 | Train Acc: 95.5% | Test Acc: 92.4% | CM: [TP:85, TN:74, FP:12, FN:1] | Progress: 33.3% | ETA: 40.2s ---
Epoch 11 Batch 1 | Loss: 0.317848 | Stats: min: -0.824, max: 0.613, mean: -0.101
Epoch 11 Batch 2 | Loss: 0.288054
Epoch 11 Batch 3 | Loss: 0.304657
Epoch 11 Batch 4 | Loss: 0.265752
Epoch 11 Batch 5 | Loss: 0.340334
Epoch 11 Batch 6 | Loss: 0.304557
Epoch 11 Batch 7 | Loss: 0.331445
Epoch 11 Batch 8 | Loss: 0.369686
Epoch 11 Batch 9 | Loss: 0.325679
Epoch 11 Batch 10 | Loss: 0.346787
Epoch 11 Batch 11 | Loss: 0.308767
Epoch 11 Batch 12 | Loss: 0.288158
Epoch 11 Batch 13 | Loss: 0.330012
--- Epoch 11/30 | Loss: 0.3171 | Train Acc: 95.0% | Test Acc: 93.0% | CM: [TP:85, TN:75, FP:11, FN:1] | Progress: 36.7% | ETA: 35.8s ---
Epoch 12 Batch 1 | Loss: 0.353288 | Stats: min: -0.772, max: 0.573, mean: 0.097
Epoch 12 Batch 2 | Loss: 0.344241
Epoch 12 Batch 3 | Loss: 0.284236
Epoch 12 Batch 4 | Loss: 0.289137
Epoch 12 Batch 5 | Loss: 0.327464
Epoch 12 Batch 6 | Loss: 0.311099
Epoch 12 Batch 7 | Loss: 0.285432
Epoch 12 Batch 8 | Loss: 0.309884
Epoch 12 Batch 9 | Loss: 0.307576
Epoch 12 Batch 10 | Loss: 0.333251
Epoch 12 Batch 11 | Loss: 0.314157
Epoch 12 Batch 12 | Loss: 0.291249
Epoch 12 Batch 13 | Loss: 0.369804
--- Epoch 12/30 | Loss: 0.3170 | Train Acc: 95.0% | Test Acc: 93.0% | CM: [TP:85, TN:75, FP:11, FN:1] | Progress: 40.0% | ETA: 27.1s ---
Epoch 13 Batch 1 | Loss: 0.311559 | Stats: min: -0.855, max: 0.588, mean: 0.008
Epoch 13 Batch 2 | Loss: 0.265609
Epoch 13 Batch 3 | Loss: 0.253958
Epoch 13 Batch 4 | Loss: 0.358367
Epoch 13 Batch 5 | Loss: 0.312028
Epoch 13 Batch 6 | Loss: 0.333523
Epoch 13 Batch 7 | Loss: 0.295559
Epoch 13 Batch 8 | Loss: 0.339000
Epoch 13 Batch 9 | Loss: 0.331121
Epoch 13 Batch 10 | Loss: 0.314978
Epoch 13 Batch 11 | Loss: 0.332480
Epoch 13 Batch 12 | Loss: 0.305697
Epoch 13 Batch 13 | Loss: 0.317279
  [STABILITY] Plateau detected. Reducing Learning Rate to 0.006250
--- Epoch 13/30 | Loss: 0.3132 | Train Acc: 95.0% | Test Acc: 93.0% | CM: [TP:85, TN:75, FP:11, FN:1] | Progress: 43.3% | ETA: 28.5s ---
Epoch 14 Batch 1 | Loss: 0.276744 | Stats: min: -0.767, max: 0.582, mean: -0.414
Epoch 14 Batch 2 | Loss: 0.303995
Epoch 14 Batch 3 | Loss: 0.334215
Epoch 14 Batch 4 | Loss: 0.311909
Epoch 14 Batch 5 | Loss: 0.273153
Epoch 14 Batch 6 | Loss: 0.334454
Epoch 14 Batch 7 | Loss: 0.350447
Epoch 14 Batch 8 | Loss: 0.278428
Epoch 14 Batch 9 | Loss: 0.321843
Epoch 14 Batch 10 | Loss: 0.347874
Epoch 14 Batch 11 | Loss: 0.259770
Epoch 14 Batch 12 | Loss: 0.329174
Epoch 14 Batch 13 | Loss: 0.344660
--- Epoch 14/30 | Loss: 0.3128 | Train Acc: 95.0% | Test Acc: 93.0% | CM: [TP:85, TN:75, FP:11, FN:1] | Progress: 46.7% | ETA: 26.5s ---
Epoch 15 Batch 1 | Loss: 0.333997 | Stats: min: -0.664, max: 0.609, mean: -0.237
Epoch 15 Batch 2 | Loss: 0.322227
Epoch 15 Batch 3 | Loss: 0.279429
Epoch 15 Batch 4 | Loss: 0.285912
Epoch 15 Batch 5 | Loss: 0.333389
Epoch 15 Batch 6 | Loss: 0.319697
Epoch 15 Batch 7 | Loss: 0.311296
Epoch 15 Batch 8 | Loss: 0.369092
Epoch 15 Batch 9 | Loss: 0.286434
Epoch 15 Batch 10 | Loss: 0.317508
Epoch 15 Batch 11 | Loss: 0.288652
Epoch 15 Batch 12 | Loss: 0.272474
Epoch 15 Batch 13 | Loss: 0.324558
  [STABILITY] Test accuracy improved: 93.02% -> 93.60% (via EMA). Saving best params.
--- Epoch 15/30 | Loss: 0.3111 | Train Acc: 94.5% | Test Acc: 93.6% | CM: [TP:85, TN:76, FP:10, FN:1] | Progress: 50.0% | ETA: 19.5s ---
Epoch 16 Batch 1 | Loss: 0.367367 | Stats: min: -0.419, max: 0.579, mean: 0.171
Epoch 16 Batch 2 | Loss: 0.310818
Epoch 16 Batch 3 | Loss: 0.353320
Epoch 16 Batch 4 | Loss: 0.278645
Epoch 16 Batch 5 | Loss: 0.290920
Epoch 16 Batch 6 | Loss: 0.313721
Epoch 16 Batch 7 | Loss: 0.353285
Epoch 16 Batch 8 | Loss: 0.289036
Epoch 16 Batch 9 | Loss: 0.271585
Epoch 16 Batch 10 | Loss: 0.318313
Epoch 16 Batch 11 | Loss: 0.259018
Epoch 16 Batch 12 | Loss: 0.299349
Epoch 16 Batch 13 | Loss: 0.334615
--- Epoch 16/30 | Loss: 0.3108 | Train Acc: 94.5% | Test Acc: 93.6% | CM: [TP:85, TN:76, FP:10, FN:1] | Progress: 53.3% | ETA: 18.8s ---
Epoch 17 Batch 1 | Loss: 0.337530 | Stats: min: -0.796, max: 0.614, mean: -0.145
Epoch 17 Batch 2 | Loss: 0.324909
Epoch 17 Batch 3 | Loss: 0.290587
Epoch 17 Batch 4 | Loss: 0.358223
Epoch 17 Batch 5 | Loss: 0.398336
Epoch 17 Batch 6 | Loss: 0.273202
Epoch 17 Batch 7 | Loss: 0.255392
Epoch 17 Batch 8 | Loss: 0.290765
Epoch 17 Batch 9 | Loss: 0.305477
Epoch 17 Batch 10 | Loss: 0.294707
Epoch 17 Batch 11 | Loss: 0.300117
Epoch 17 Batch 12 | Loss: 0.293510
Epoch 17 Batch 13 | Loss: 0.298554
--- Epoch 17/30 | Loss: 0.3093 | Train Acc: 94.5% | Test Acc: 93.6% | CM: [TP:85, TN:76, FP:10, FN:1] | Progress: 56.7% | ETA: 17.9s ---
Epoch 18 Batch 1 | Loss: 0.246783 | Stats: min: -0.818, max: 0.576, mean: 0.198
Epoch 18 Batch 2 | Loss: 0.311741
Epoch 18 Batch 3 | Loss: 0.275487
Epoch 18 Batch 4 | Loss: 0.290092
Epoch 18 Batch 5 | Loss: 0.292509
Epoch 18 Batch 6 | Loss: 0.265511
Epoch 18 Batch 7 | Loss: 0.294719
Epoch 18 Batch 8 | Loss: 0.353249
Epoch 18 Batch 9 | Loss: 0.359286
Epoch 18 Batch 10 | Loss: 0.395497
Epoch 18 Batch 11 | Loss: 0.292042
Epoch 18 Batch 12 | Loss: 0.330066
Epoch 18 Batch 13 | Loss: 0.302037
  [STABILITY] Plateau detected. Reducing Learning Rate to 0.003125
--- Epoch 18/30 | Loss: 0.3084 | Train Acc: 94.5% | Test Acc: 93.6% | CM: [TP:85, TN:76, FP:10, FN:1] | Progress: 60.0% | ETA: 10.9s ---
Epoch 19 Batch 1 | Loss: 0.270182 | Stats: min: -0.807, max: 0.632, mean: 0.273
Epoch 19 Batch 2 | Loss: 0.320476
Epoch 19 Batch 3 | Loss: 0.324601
Epoch 19 Batch 4 | Loss: 0.294743
Epoch 19 Batch 5 | Loss: 0.265346
Epoch 19 Batch 6 | Loss: 0.357635
Epoch 19 Batch 7 | Loss: 0.316673
Epoch 19 Batch 8 | Loss: 0.329670
Epoch 19 Batch 9 | Loss: 0.295375
Epoch 19 Batch 10 | Loss: 0.324247
Epoch 19 Batch 11 | Loss: 0.285639
Epoch 19 Batch 12 | Loss: 0.299614
Epoch 19 Batch 13 | Loss: 0.322959
--- Epoch 19/30 | Loss: 0.3082 | Train Acc: 94.5% | Test Acc: 93.6% | CM: [TP:85, TN:76, FP:10, FN:1] | Progress: 63.3% | ETA: 11.9s ---
Epoch 20 Batch 1 | Loss: 0.295882 | Stats: min: -0.793, max: 0.610, mean: -0.060
Epoch 20 Batch 2 | Loss: 0.222006
Epoch 20 Batch 3 | Loss: 0.299603
Epoch 20 Batch 4 | Loss: 0.307897
Epoch 20 Batch 5 | Loss: 0.295699
Epoch 20 Batch 6 | Loss: 0.347128
Epoch 20 Batch 7 | Loss: 0.338626
Epoch 20 Batch 8 | Loss: 0.272170
Epoch 20 Batch 9 | Loss: 0.338374
Epoch 20 Batch 10 | Loss: 0.271984
Epoch 20 Batch 11 | Loss: 0.295749
Epoch 20 Batch 12 | Loss: 0.371672
Epoch 20 Batch 13 | Loss: 0.370296
--- Epoch 20/30 | Loss: 0.3098 | Train Acc: 94.5% | Test Acc: 93.0% | CM: [TP:85, TN:75, FP:11, FN:1] | Progress: 66.7% | ETA: 11.9s ---
Epoch 21 Batch 1 | Loss: 0.329417 | Stats: min: -0.503, max: 0.649, mean: 0.160
Epoch 21 Batch 2 | Loss: 0.284356
Epoch 21 Batch 3 | Loss: 0.312996
Epoch 21 Batch 4 | Loss: 0.287273
Epoch 21 Batch 5 | Loss: 0.263568
Epoch 21 Batch 6 | Loss: 0.332874
Epoch 21 Batch 7 | Loss: 0.305832
Epoch 21 Batch 8 | Loss: 0.318544
Epoch 21 Batch 9 | Loss: 0.287850
Epoch 21 Batch 10 | Loss: 0.324569
Epoch 21 Batch 11 | Loss: 0.324835
Epoch 21 Batch 12 | Loss: 0.321432
Epoch 21 Batch 13 | Loss: 0.273834
  [STABILITY] Plateau detected. Reducing Learning Rate to 0.001563
--- Epoch 21/30 | Loss: 0.3052 | Train Acc: 94.5% | Test Acc: 93.0% | CM: [TP:85, TN:75, FP:11, FN:1] | Progress: 70.0% | ETA: 10.1s ---
Epoch 22 Batch 1 | Loss: 0.277286 | Stats: min: -0.481, max: 0.616, mean: 0.088
Epoch 22 Batch 2 | Loss: 0.355878
Epoch 22 Batch 3 | Loss: 0.271913
Epoch 22 Batch 4 | Loss: 0.309993
Epoch 22 Batch 5 | Loss: 0.272781
Epoch 22 Batch 6 | Loss: 0.255560
Epoch 22 Batch 7 | Loss: 0.291923
Epoch 22 Batch 8 | Loss: 0.312992
Epoch 22 Batch 9 | Loss: 0.327570
Epoch 22 Batch 10 | Loss: 0.352081
Epoch 22 Batch 11 | Loss: 0.350830
Epoch 22 Batch 12 | Loss: 0.305651
Epoch 22 Batch 13 | Loss: 0.289120
--- Epoch 22/30 | Loss: 0.3057 | Train Acc: 94.5% | Test Acc: 93.6% | CM: [TP:85, TN:76, FP:10, FN:1] | Progress: 73.3% | ETA: 8.3s ---
Epoch 23 Batch 1 | Loss: 0.252214 | Stats: min: -0.839, max: 0.612, mean: 0.017
Epoch 23 Batch 2 | Loss: 0.308146
Epoch 23 Batch 3 | Loss: 0.281547
Epoch 23 Batch 4 | Loss: 0.310003
Epoch 23 Batch 5 | Loss: 0.339181
Epoch 23 Batch 6 | Loss: 0.343844
Epoch 23 Batch 7 | Loss: 0.308222
Epoch 23 Batch 8 | Loss: 0.318405
Epoch 23 Batch 9 | Loss: 0.290884
Epoch 23 Batch 10 | Loss: 0.296949
Epoch 23 Batch 11 | Loss: 0.307095
Epoch 23 Batch 12 | Loss: 0.296214
Epoch 23 Batch 13 | Loss: 0.344867
--- Epoch 23/30 | Loss: 0.3075 | Train Acc: 94.5% | Test Acc: 93.6% | CM: [TP:85, TN:76, FP:10, FN:1] | Progress: 76.7% | ETA: 6.3s ---
Epoch 24 Batch 1 | Loss: 0.297454 | Stats: min: 0.206, max: 0.552, mean: 0.373
Epoch 24 Batch 2 | Loss: 0.283931
Epoch 24 Batch 3 | Loss: 0.296475
Epoch 24 Batch 4 | Loss: 0.283980
Epoch 24 Batch 5 | Loss: 0.343423
Epoch 24 Batch 6 | Loss: 0.319550
Epoch 24 Batch 7 | Loss: 0.271070
Epoch 24 Batch 8 | Loss: 0.349680
Epoch 24 Batch 9 | Loss: 0.282806
Epoch 24 Batch 10 | Loss: 0.285148
Epoch 24 Batch 11 | Loss: 0.330698
Epoch 24 Batch 12 | Loss: 0.320139
Epoch 24 Batch 13 | Loss: 0.312761
  [STABILITY] Plateau detected. Reducing Learning Rate to 0.000781
--- Epoch 24/30 | Loss: 0.3059 | Train Acc: 94.0% | Test Acc: 93.6% | CM: [TP:85, TN:76, FP:10, FN:1] | Progress: 80.0% | ETA: 5.3s ---
Epoch 25 Batch 1 | Loss: 0.329303 | Stats: min: -0.848, max: 0.538, mean: -0.341
Epoch 25 Batch 2 | Loss: 0.303389
Epoch 25 Batch 3 | Loss: 0.334796
Epoch 25 Batch 4 | Loss: 0.306186
Epoch 25 Batch 5 | Loss: 0.321068
Epoch 25 Batch 6 | Loss: 0.237697
Epoch 25 Batch 7 | Loss: 0.308120
Epoch 25 Batch 8 | Loss: 0.288464
Epoch 25 Batch 9 | Loss: 0.296721
Epoch 25 Batch 10 | Loss: 0.303282
Epoch 25 Batch 11 | Loss: 0.286416
Epoch 25 Batch 12 | Loss: 0.352421
Epoch 25 Batch 13 | Loss: 0.299734
--- Epoch 25/30 | Loss: 0.3052 | Train Acc: 94.0% | Test Acc: 93.6% | CM: [TP:85, TN:76, FP:10, FN:1] | Progress: 83.3% | ETA: 4.3s ---
Epoch 26 Batch 1 | Loss: 0.361987 | Stats: min: -0.777, max: 0.384, mean: -0.267
Epoch 26 Batch 2 | Loss: 0.340001
Epoch 26 Batch 3 | Loss: 0.288063
Epoch 26 Batch 4 | Loss: 0.279722
Epoch 26 Batch 5 | Loss: 0.307037
Epoch 26 Batch 6 | Loss: 0.296233
Epoch 26 Batch 7 | Loss: 0.250873
Epoch 26 Batch 8 | Loss: 0.282204
Epoch 26 Batch 9 | Loss: 0.296425
Epoch 26 Batch 10 | Loss: 0.338586
Epoch 26 Batch 11 | Loss: 0.325527
Epoch 26 Batch 12 | Loss: 0.312096
Epoch 26 Batch 13 | Loss: 0.276561
--- Epoch 26/30 | Loss: 0.3043 | Train Acc: 94.0% | Test Acc: 93.6% | CM: [TP:85, TN:76, FP:10, FN:1] | Progress: 86.7% | ETA: 2.8s ---
Epoch 27 Batch 1 | Loss: 0.279926 | Stats: min: -0.797, max: 0.610, mean: -0.151
Epoch 27 Batch 2 | Loss: 0.322478
Epoch 27 Batch 3 | Loss: 0.272972
Epoch 27 Batch 4 | Loss: 0.335350
Epoch 27 Batch 5 | Loss: 0.348046
Epoch 27 Batch 6 | Loss: 0.261525
Epoch 27 Batch 7 | Loss: 0.284544
Epoch 27 Batch 8 | Loss: 0.373807
Epoch 27 Batch 9 | Loss: 0.368383
Epoch 27 Batch 10 | Loss: 0.314372
Epoch 27 Batch 11 | Loss: 0.295957
Epoch 27 Batch 12 | Loss: 0.246510
Epoch 27 Batch 13 | Loss: 0.221460
  [STABILITY] Plateau detected. Reducing Learning Rate to 0.000391
--- Epoch 27/30 | Loss: 0.3019 | Train Acc: 94.5% | Test Acc: 93.6% | CM: [TP:85, TN:76, FP:10, FN:1] | Progress: 90.0% | ETA: 2.6s ---
Epoch 28 Batch 1 | Loss: 0.372608 | Stats: min: -0.826, max: 0.602, mean: -0.224
Epoch 28 Batch 2 | Loss: 0.291762
Epoch 28 Batch 3 | Loss: 0.282750
Epoch 28 Batch 4 | Loss: 0.372348
Epoch 28 Batch 5 | Loss: 0.304648
Epoch 28 Batch 6 | Loss: 0.292814
Epoch 28 Batch 7 | Loss: 0.280741
Epoch 28 Batch 8 | Loss: 0.296063
Epoch 28 Batch 9 | Loss: 0.285078
Epoch 28 Batch 10 | Loss: 0.292817
Epoch 28 Batch 11 | Loss: 0.245070
Epoch 28 Batch 12 | Loss: 0.353407
Epoch 28 Batch 13 | Loss: 0.287537
--- Epoch 28/30 | Loss: 0.3044 | Train Acc: 94.5% | Test Acc: 93.6% | CM: [TP:85, TN:76, FP:10, FN:1] | Progress: 93.3% | ETA: 1.7s ---
Epoch 29 Batch 1 | Loss: 0.288643 | Stats: min: -0.831, max: 0.232, mean: -0.271
Epoch 29 Batch 2 | Loss: 0.309019
Epoch 29 Batch 3 | Loss: 0.351990
Epoch 29 Batch 4 | Loss: 0.285077
Epoch 29 Batch 5 | Loss: 0.297001
Epoch 29 Batch 6 | Loss: 0.373141
Epoch 29 Batch 7 | Loss: 0.330584
Epoch 29 Batch 8 | Loss: 0.285151
Epoch 29 Batch 9 | Loss: 0.322676
Epoch 29 Batch 10 | Loss: 0.279492
Epoch 29 Batch 11 | Loss: 0.288941
Epoch 29 Batch 12 | Loss: 0.276185
Epoch 29 Batch 13 | Loss: 0.246173
--- Epoch 29/30 | Loss: 0.3026 | Train Acc: 94.5% | Test Acc: 93.6% | CM: [TP:85, TN:76, FP:10, FN:1] | Progress: 96.7% | ETA: 0.8s ---
Epoch 30 Batch 1 | Loss: 0.305875 | Stats: min: -0.641, max: 0.610, mean: 0.037
Epoch 30 Batch 2 | Loss: 0.307151
Epoch 30 Batch 3 | Loss: 0.303594
Epoch 30 Batch 4 | Loss: 0.268690
Epoch 30 Batch 5 | Loss: 0.262158
Epoch 30 Batch 6 | Loss: 0.292120
Epoch 30 Batch 7 | Loss: 0.333343
Epoch 30 Batch 8 | Loss: 0.299234
Epoch 30 Batch 9 | Loss: 0.306648
Epoch 30 Batch 10 | Loss: 0.296993
Epoch 30 Batch 11 | Loss: 0.296063
Epoch 30 Batch 12 | Loss: 0.388976
Epoch 30 Batch 13 | Loss: 0.302603
  [STABILITY] Plateau detected. Reducing Learning Rate to 0.000195
--- Epoch 30/30 | Loss: 0.3049 | Train Acc: 94.5% | Test Acc: 93.6% | CM: [TP:85, TN:76, FP:10, FN:1] | Progress: 100.0% | ETA: 0.0s ---

Final Best Test Accuracy: 93.60%


Best Quantum Test Accuracy: 0.936
