DEBUG: Qtrainer enters train_pure_quantum_cnn. Encoding: feature_map
  Class Weights: +1 (Target): 1.00 | -1 (Rest): 1.00
Starting Training
==================================================
Epoch 1 Batch 1 | Loss: 0.668499 | Stats: min: -0.200, max: -0.015, mean: -0.117
Epoch 1 Batch 2 | Loss: 0.646173
Epoch 1 Batch 3 | Loss: 0.584590
Epoch 1 Batch 4 | Loss: 0.607785
Epoch 1 Batch 5 | Loss: 0.554121
Epoch 1 Batch 6 | Loss: 0.500861
Epoch 1 Batch 7 | Loss: 0.505403
Epoch 1 Batch 8 | Loss: 0.485262
Epoch 1 Batch 9 | Loss: 0.486786
Epoch 1 Batch 10 | Loss: 0.501215
Epoch 1 Batch 11 | Loss: 0.430821
Epoch 1 Batch 12 | Loss: 0.451633
Epoch 1 Batch 13 | Loss: 0.488759
  [STABILITY] Test accuracy improved: 0.00% -> 82.56% (via EMA). Saving best params.
--- Epoch 1/30 | Loss: 0.5317 | Train Acc: 82.5% | Test Acc: 82.6% | CM: [TP:86, TN:56, FP:30, FN:0] | Progress: 3.3% | ETA: 774.0s ---
Epoch 2 Batch 1 | Loss: 0.437857 | Stats: min: -0.433, max: 0.247, mean: -0.051
Epoch 2 Batch 2 | Loss: 0.425699
Epoch 2 Batch 3 | Loss: 0.415109
Epoch 2 Batch 4 | Loss: 0.457246
Epoch 2 Batch 5 | Loss: 0.505419
Epoch 2 Batch 6 | Loss: 0.425786
Epoch 2 Batch 7 | Loss: 0.451093
Epoch 2 Batch 8 | Loss: 0.421649
Epoch 2 Batch 9 | Loss: 0.449768
Epoch 2 Batch 10 | Loss: 0.429699
Epoch 2 Batch 11 | Loss: 0.439899
Epoch 2 Batch 12 | Loss: 0.392696
Epoch 2 Batch 13 | Loss: 0.346658
  [STABILITY] Test accuracy improved: 82.56% -> 84.88% (via EMA). Saving best params.
--- Epoch 2/30 | Loss: 0.4307 | Train Acc: 83.5% | Test Acc: 84.9% | CM: [TP:86, TN:60, FP:26, FN:0] | Progress: 6.7% | ETA: 275.8s ---
Epoch 3 Batch 1 | Loss: 0.405749 | Stats: min: -0.240, max: 0.685, mean: 0.063
Epoch 3 Batch 2 | Loss: 0.372859
Epoch 3 Batch 3 | Loss: 0.471534
Epoch 3 Batch 4 | Loss: 0.589946
Epoch 3 Batch 5 | Loss: 0.415809
Epoch 3 Batch 6 | Loss: 0.349410
Epoch 3 Batch 7 | Loss: 0.412503
Epoch 3 Batch 8 | Loss: 0.389162
Epoch 3 Batch 9 | Loss: 0.377115
Epoch 3 Batch 10 | Loss: 0.380814
Epoch 3 Batch 11 | Loss: 0.377636
Epoch 3 Batch 12 | Loss: 0.373966
Epoch 3 Batch 13 | Loss: 0.372581
  [STABILITY] Test accuracy improved: 84.88% -> 85.47% (via EMA). Saving best params.
--- Epoch 3/30 | Loss: 0.4069 | Train Acc: 83.5% | Test Acc: 85.5% | CM: [TP:86, TN:61, FP:25, FN:0] | Progress: 10.0% | ETA: 220.1s ---
Epoch 4 Batch 1 | Loss: 0.325013 | Stats: min: 0.501, max: 0.599, mean: 0.535
Epoch 4 Batch 2 | Loss: 0.357121
Epoch 4 Batch 3 | Loss: 0.405388
Epoch 4 Batch 4 | Loss: 0.369248
Epoch 4 Batch 5 | Loss: 0.360785
Epoch 4 Batch 6 | Loss: 0.333000
Epoch 4 Batch 7 | Loss: 0.336376
Epoch 4 Batch 8 | Loss: 0.392033
Epoch 4 Batch 9 | Loss: 0.308230
Epoch 4 Batch 10 | Loss: 0.325820
Epoch 4 Batch 11 | Loss: 0.381457
Epoch 4 Batch 12 | Loss: 0.372050
Epoch 4 Batch 13 | Loss: 0.383987
--- Epoch 4/30 | Loss: 0.3577 | Train Acc: 83.0% | Test Acc: 84.9% | CM: [TP:86, TN:60, FP:26, FN:0] | Progress: 13.3% | ETA: 135.1s ---
Epoch 5 Batch 1 | Loss: 0.326565 | Stats: min: -0.783, max: -0.107, mean: -0.600
Epoch 5 Batch 2 | Loss: 0.309112
Epoch 5 Batch 3 | Loss: 0.347938
Epoch 5 Batch 4 | Loss: 0.366216
Epoch 5 Batch 5 | Loss: 0.315243
Epoch 5 Batch 6 | Loss: 0.370397
Epoch 5 Batch 7 | Loss: 0.379686
Epoch 5 Batch 8 | Loss: 0.381602
Epoch 5 Batch 9 | Loss: 0.423037
Epoch 5 Batch 10 | Loss: 0.397669
Epoch 5 Batch 11 | Loss: 0.351713
Epoch 5 Batch 12 | Loss: 0.455984
Epoch 5 Batch 13 | Loss: 0.376138
--- Epoch 5/30 | Loss: 0.3693 | Train Acc: 83.5% | Test Acc: 84.9% | CM: [TP:86, TN:60, FP:26, FN:0] | Progress: 16.7% | ETA: 105.7s ---
Epoch 6 Batch 1 | Loss: 0.379460 | Stats: min: -0.499, max: 0.215, mean: -0.285
Epoch 6 Batch 2 | Loss: 0.305999
Epoch 6 Batch 3 | Loss: 0.341517
Epoch 6 Batch 4 | Loss: 0.363560
Epoch 6 Batch 5 | Loss: 0.339086
Epoch 6 Batch 6 | Loss: 0.334947
Epoch 6 Batch 7 | Loss: 0.417301
Epoch 6 Batch 8 | Loss: 0.413364
Epoch 6 Batch 9 | Loss: 0.407923
Epoch 6 Batch 10 | Loss: 0.357460
Epoch 6 Batch 11 | Loss: 0.371902
Epoch 6 Batch 12 | Loss: 0.360299
Epoch 6 Batch 13 | Loss: 0.382730
  [STABILITY] Plateau detected. Reducing Learning Rate to 0.025000
--- Epoch 6/30 | Loss: 0.3673 | Train Acc: 84.0% | Test Acc: 85.5% | CM: [TP:86, TN:61, FP:25, FN:0] | Progress: 20.0% | ETA: 79.7s ---
Epoch 7 Batch 1 | Loss: 0.339400 | Stats: min: -0.681, max: 0.173, mean: -0.297
Epoch 7 Batch 2 | Loss: 0.345468
Epoch 7 Batch 3 | Loss: 0.357343
Epoch 7 Batch 4 | Loss: 0.396149
Epoch 7 Batch 5 | Loss: 0.319613
Epoch 7 Batch 6 | Loss: 0.351823
Epoch 7 Batch 7 | Loss: 0.298288
Epoch 7 Batch 8 | Loss: 0.305329
Epoch 7 Batch 9 | Loss: 0.331989
Epoch 7 Batch 10 | Loss: 0.330659
Epoch 7 Batch 11 | Loss: 0.315676
Epoch 7 Batch 12 | Loss: 0.387459
Epoch 7 Batch 13 | Loss: 0.321610
--- Epoch 7/30 | Loss: 0.3385 | Train Acc: 84.5% | Test Acc: 85.5% | CM: [TP:86, TN:61, FP:25, FN:0] | Progress: 23.3% | ETA: 67.0s ---
Epoch 8 Batch 1 | Loss: 0.340382 | Stats: min: -0.768, max: 0.493, mean: -0.120
Epoch 8 Batch 2 | Loss: 0.415616
Epoch 8 Batch 3 | Loss: 0.343140
Epoch 8 Batch 4 | Loss: 0.347826
Epoch 8 Batch 5 | Loss: 0.339203
Epoch 8 Batch 6 | Loss: 0.369255
Epoch 8 Batch 7 | Loss: 0.334443
Epoch 8 Batch 8 | Loss: 0.343415
Epoch 8 Batch 9 | Loss: 0.358733
Epoch 8 Batch 10 | Loss: 0.290552
Epoch 8 Batch 11 | Loss: 0.290766
Epoch 8 Batch 12 | Loss: 0.262959
Epoch 8 Batch 13 | Loss: 0.423108
  [STABILITY] Test accuracy improved: 85.47% -> 86.05% (via EMA). Saving best params.
--- Epoch 8/30 | Loss: 0.3430 | Train Acc: 85.5% | Test Acc: 86.0% | CM: [TP:86, TN:62, FP:24, FN:0] | Progress: 26.7% | ETA: 58.2s ---
Epoch 9 Batch 1 | Loss: 0.327029 | Stats: min: -0.133, max: 0.554, mean: 0.314
Epoch 9 Batch 2 | Loss: 0.329293
Epoch 9 Batch 3 | Loss: 0.338156
Epoch 9 Batch 4 | Loss: 0.320556
Epoch 9 Batch 5 | Loss: 0.351907
Epoch 9 Batch 6 | Loss: 0.324119
Epoch 9 Batch 7 | Loss: 0.349039
Epoch 9 Batch 8 | Loss: 0.325045
Epoch 9 Batch 9 | Loss: 0.324626
Epoch 9 Batch 10 | Loss: 0.346351
Epoch 9 Batch 11 | Loss: 0.295780
Epoch 9 Batch 12 | Loss: 0.361376
Epoch 9 Batch 13 | Loss: 0.320046
  [STABILITY] Test accuracy improved: 86.05% -> 87.21% (via EMA). Saving best params.
--- Epoch 9/30 | Loss: 0.3318 | Train Acc: 87.0% | Test Acc: 87.2% | CM: [TP:86, TN:64, FP:22, FN:0] | Progress: 30.0% | ETA: 40.1s ---
Epoch 10 Batch 1 | Loss: 0.389015 | Stats: min: -0.650, max: 0.694, mean: 0.090
Epoch 10 Batch 2 | Loss: 0.286676
Epoch 10 Batch 3 | Loss: 0.281718
Epoch 10 Batch 4 | Loss: 0.332634
Epoch 10 Batch 5 | Loss: 0.327934
Epoch 10 Batch 6 | Loss: 0.363533
Epoch 10 Batch 7 | Loss: 0.281790
Epoch 10 Batch 8 | Loss: 0.237528
Epoch 10 Batch 9 | Loss: 0.358913
Epoch 10 Batch 10 | Loss: 0.342669
Epoch 10 Batch 11 | Loss: 0.315372
Epoch 10 Batch 12 | Loss: 0.353237
Epoch 10 Batch 13 | Loss: 0.333772
  [STABILITY] Test accuracy improved: 87.21% -> 88.95% (via EMA). Saving best params.
--- Epoch 10/30 | Loss: 0.3234 | Train Acc: 87.0% | Test Acc: 89.0% | CM: [TP:86, TN:67, FP:19, FN:0] | Progress: 33.3% | ETA: 31.4s ---
Epoch 11 Batch 1 | Loss: 0.378625 | Stats: min: -0.699, max: 0.416, mean: 0.086
Epoch 11 Batch 2 | Loss: 0.312758
Epoch 11 Batch 3 | Loss: 0.339426
Epoch 11 Batch 4 | Loss: 0.321661
Epoch 11 Batch 5 | Loss: 0.329993
Epoch 11 Batch 6 | Loss: 0.377425
Epoch 11 Batch 7 | Loss: 0.283042
Epoch 11 Batch 8 | Loss: 0.286645
Epoch 11 Batch 9 | Loss: 0.261854
Epoch 11 Batch 10 | Loss: 0.287791
Epoch 11 Batch 11 | Loss: 0.323151
Epoch 11 Batch 12 | Loss: 0.338560
Epoch 11 Batch 13 | Loss: 0.434254
--- Epoch 11/30 | Loss: 0.3289 | Train Acc: 88.5% | Test Acc: 89.0% | CM: [TP:86, TN:67, FP:19, FN:0] | Progress: 36.7% | ETA: 25.5s ---
Epoch 12 Batch 1 | Loss: 0.353837 | Stats: min: -0.855, max: 0.114, mean: -0.498
Epoch 12 Batch 2 | Loss: 0.310575
Epoch 12 Batch 3 | Loss: 0.315357
Epoch 12 Batch 4 | Loss: 0.322479
Epoch 12 Batch 5 | Loss: 0.338684
Epoch 12 Batch 6 | Loss: 0.289471
Epoch 12 Batch 7 | Loss: 0.310371
Epoch 12 Batch 8 | Loss: 0.310862
Epoch 12 Batch 9 | Loss: 0.326662
Epoch 12 Batch 10 | Loss: 0.324481
Epoch 12 Batch 11 | Loss: 0.305112
Epoch 12 Batch 12 | Loss: 0.339241
Epoch 12 Batch 13 | Loss: 0.417919
  [STABILITY] Test accuracy improved: 88.95% -> 90.70% (via EMA). Saving best params.
--- Epoch 12/30 | Loss: 0.3281 | Train Acc: 89.5% | Test Acc: 90.7% | CM: [TP:86, TN:70, FP:16, FN:0] | Progress: 40.0% | ETA: 33.6s ---
Epoch 13 Batch 1 | Loss: 0.297105 | Stats: min: -0.663, max: 0.627, mean: 0.049
Epoch 13 Batch 2 | Loss: 0.316917
Epoch 13 Batch 3 | Loss: 0.364475
Epoch 13 Batch 4 | Loss: 0.327260
Epoch 13 Batch 5 | Loss: 0.275658
Epoch 13 Batch 6 | Loss: 0.315949
Epoch 13 Batch 7 | Loss: 0.266414
Epoch 13 Batch 8 | Loss: 0.319810
Epoch 13 Batch 9 | Loss: 0.298158
Epoch 13 Batch 10 | Loss: 0.351935
Epoch 13 Batch 11 | Loss: 0.453972
Epoch 13 Batch 12 | Loss: 0.361645
Epoch 13 Batch 13 | Loss: 0.284841
--- Epoch 13/30 | Loss: 0.3257 | Train Acc: 90.0% | Test Acc: 90.7% | CM: [TP:86, TN:70, FP:16, FN:0] | Progress: 43.3% | ETA: 22.3s ---
Epoch 14 Batch 1 | Loss: 0.330599 | Stats: min: -0.828, max: 0.412, mean: 0.030
Epoch 14 Batch 2 | Loss: 0.281805
Epoch 14 Batch 3 | Loss: 0.289313
Epoch 14 Batch 4 | Loss: 0.301019
Epoch 14 Batch 5 | Loss: 0.279900
Epoch 14 Batch 6 | Loss: 0.373524
Epoch 14 Batch 7 | Loss: 0.271672
Epoch 14 Batch 8 | Loss: 0.372751
Epoch 14 Batch 9 | Loss: 0.290498
Epoch 14 Batch 10 | Loss: 0.322730
Epoch 14 Batch 11 | Loss: 0.365286
Epoch 14 Batch 12 | Loss: 0.314441
Epoch 14 Batch 13 | Loss: 0.289250
  [STABILITY] Test accuracy improved: 90.70% -> 91.28% (via EMA). Saving best params.
--- Epoch 14/30 | Loss: 0.3141 | Train Acc: 91.5% | Test Acc: 91.3% | CM: [TP:86, TN:71, FP:15, FN:0] | Progress: 46.7% | ETA: 17.4s ---
Epoch 15 Batch 1 | Loss: 0.312796 | Stats: min: -0.384, max: 0.640, mean: 0.081
Epoch 15 Batch 2 | Loss: 0.323988
Epoch 15 Batch 3 | Loss: 0.307352
Epoch 15 Batch 4 | Loss: 0.284413
Epoch 15 Batch 5 | Loss: 0.305247
Epoch 15 Batch 6 | Loss: 0.400771
Epoch 15 Batch 7 | Loss: 0.281580
Epoch 15 Batch 8 | Loss: 0.298613
Epoch 15 Batch 9 | Loss: 0.318799
Epoch 15 Batch 10 | Loss: 0.291141
Epoch 15 Batch 11 | Loss: 0.308290
Epoch 15 Batch 12 | Loss: 0.349424
Epoch 15 Batch 13 | Loss: 0.323384
  [STABILITY] Test accuracy improved: 91.28% -> 91.86% (via EMA). Saving best params.
--- Epoch 15/30 | Loss: 0.3158 | Train Acc: 92.0% | Test Acc: 91.9% | CM: [TP:86, TN:72, FP:14, FN:0] | Progress: 50.0% | ETA: 14.5s ---
Epoch 16 Batch 1 | Loss: 0.273068 | Stats: min: -0.651, max: 0.619, mean: 0.066
Epoch 16 Batch 2 | Loss: 0.327378
Epoch 16 Batch 3 | Loss: 0.413560
Epoch 16 Batch 4 | Loss: 0.304502
Epoch 16 Batch 5 | Loss: 0.279690
Epoch 16 Batch 6 | Loss: 0.307002
Epoch 16 Batch 7 | Loss: 0.291742
Epoch 16 Batch 8 | Loss: 0.308563
Epoch 16 Batch 9 | Loss: 0.368825
Epoch 16 Batch 10 | Loss: 0.354903
Epoch 16 Batch 11 | Loss: 0.309805
Epoch 16 Batch 12 | Loss: 0.279628
Epoch 16 Batch 13 | Loss: 0.252543
--- Epoch 16/30 | Loss: 0.3132 | Train Acc: 92.0% | Test Acc: 91.9% | CM: [TP:86, TN:72, FP:14, FN:0] | Progress: 53.3% | ETA: 12.7s ---
Epoch 17 Batch 1 | Loss: 0.316670 | Stats: min: -0.632, max: 0.698, mean: 0.089
Epoch 17 Batch 2 | Loss: 0.343466
Epoch 17 Batch 3 | Loss: 0.248632
Epoch 17 Batch 4 | Loss: 0.363446
Epoch 17 Batch 5 | Loss: 0.346119
Epoch 17 Batch 6 | Loss: 0.315537
Epoch 17 Batch 7 | Loss: 0.287925
Epoch 17 Batch 8 | Loss: 0.289698
Epoch 17 Batch 9 | Loss: 0.318385
Epoch 17 Batch 10 | Loss: 0.275694
Epoch 17 Batch 11 | Loss: 0.282569
Epoch 17 Batch 12 | Loss: 0.357835
Epoch 17 Batch 13 | Loss: 0.324386
  [STABILITY] Test accuracy improved: 91.86% -> 92.44% (via EMA). Saving best params.
--- Epoch 17/30 | Loss: 0.3131 | Train Acc: 93.0% | Test Acc: 92.4% | CM: [TP:86, TN:73, FP:13, FN:0] | Progress: 56.7% | ETA: 12.2s ---
Epoch 18 Batch 1 | Loss: 0.326986 | Stats: min: -0.301, max: 0.568, mean: 0.314
Epoch 18 Batch 2 | Loss: 0.439599
Epoch 18 Batch 3 | Loss: 0.344047
Epoch 18 Batch 4 | Loss: 0.331490
Epoch 18 Batch 5 | Loss: 0.293252
Epoch 18 Batch 6 | Loss: 0.326323
Epoch 18 Batch 7 | Loss: 0.295088
Epoch 18 Batch 8 | Loss: 0.279860
Epoch 18 Batch 9 | Loss: 0.269893
Epoch 18 Batch 10 | Loss: 0.342488
Epoch 18 Batch 11 | Loss: 0.326238
Epoch 18 Batch 12 | Loss: 0.249622
Epoch 18 Batch 13 | Loss: 0.225127
--- Epoch 18/30 | Loss: 0.3115 | Train Acc: 93.0% | Test Acc: 92.4% | CM: [TP:86, TN:73, FP:13, FN:0] | Progress: 60.0% | ETA: 18.7s ---
Epoch 19 Batch 1 | Loss: 0.271971 | Stats: min: -0.768, max: 0.756, mean: 0.331
Epoch 19 Batch 2 | Loss: 0.301722
Epoch 19 Batch 3 | Loss: 0.330074
Epoch 19 Batch 4 | Loss: 0.270965
Epoch 19 Batch 5 | Loss: 0.288446
Epoch 19 Batch 6 | Loss: 0.291141
Epoch 19 Batch 7 | Loss: 0.373989
Epoch 19 Batch 8 | Loss: 0.309821
Epoch 19 Batch 9 | Loss: 0.297976
Epoch 19 Batch 10 | Loss: 0.365739
Epoch 19 Batch 11 | Loss: 0.357014
Epoch 19 Batch 12 | Loss: 0.326616
Epoch 19 Batch 13 | Loss: 0.226552
--- Epoch 19/30 | Loss: 0.3086 | Train Acc: 93.0% | Test Acc: 92.4% | CM: [TP:85, TN:74, FP:12, FN:1] | Progress: 63.3% | ETA: 16.3s ---
Epoch 20 Batch 1 | Loss: 0.340343 | Stats: min: -0.779, max: 0.683, mean: 0.088
Epoch 20 Batch 2 | Loss: 0.296521
Epoch 20 Batch 3 | Loss: 0.270236
Epoch 20 Batch 4 | Loss: 0.392212
Epoch 20 Batch 5 | Loss: 0.248428
Epoch 20 Batch 6 | Loss: 0.311327
Epoch 20 Batch 7 | Loss: 0.307827
Epoch 20 Batch 8 | Loss: 0.299690
Epoch 20 Batch 9 | Loss: 0.307451
Epoch 20 Batch 10 | Loss: 0.273652
Epoch 20 Batch 11 | Loss: 0.357959
Epoch 20 Batch 12 | Loss: 0.354703
Epoch 20 Batch 13 | Loss: 0.293276
  [STABILITY] Test accuracy improved: 92.44% -> 93.02% (via EMA). Saving best params.
--- Epoch 20/30 | Loss: 0.3118 | Train Acc: 93.0% | Test Acc: 93.0% | CM: [TP:85, TN:75, FP:11, FN:1] | Progress: 66.7% | ETA: 13.5s ---
Epoch 21 Batch 1 | Loss: 0.353554 | Stats: min: -0.558, max: 0.368, mean: -0.038
Epoch 21 Batch 2 | Loss: 0.319509
Epoch 21 Batch 3 | Loss: 0.333494
Epoch 21 Batch 4 | Loss: 0.319948
Epoch 21 Batch 5 | Loss: 0.333900
Epoch 21 Batch 6 | Loss: 0.254022
Epoch 21 Batch 7 | Loss: 0.329058
Epoch 21 Batch 8 | Loss: 0.359701
Epoch 21 Batch 9 | Loss: 0.319401
Epoch 21 Batch 10 | Loss: 0.241449
Epoch 21 Batch 11 | Loss: 0.287919
Epoch 21 Batch 12 | Loss: 0.361397
Epoch 21 Batch 13 | Loss: 0.275531
  [STABILITY] Test accuracy improved: 93.02% -> 93.60% (via EMA). Saving best params.
--- Epoch 21/30 | Loss: 0.3145 | Train Acc: 93.5% | Test Acc: 93.6% | CM: [TP:85, TN:76, FP:10, FN:1] | Progress: 70.0% | ETA: 12.8s ---
Epoch 22 Batch 1 | Loss: 0.263299 | Stats: min: -0.872, max: 0.417, mean: -0.300
Epoch 22 Batch 2 | Loss: 0.363650
Epoch 22 Batch 3 | Loss: 0.270055
Epoch 22 Batch 4 | Loss: 0.303473
Epoch 22 Batch 5 | Loss: 0.285588
Epoch 22 Batch 6 | Loss: 0.342096
Epoch 22 Batch 7 | Loss: 0.339561
Epoch 22 Batch 8 | Loss: 0.284793
Epoch 22 Batch 9 | Loss: 0.294599
Epoch 22 Batch 10 | Loss: 0.353514
Epoch 22 Batch 11 | Loss: 0.406873
Epoch 22 Batch 12 | Loss: 0.279040
Epoch 22 Batch 13 | Loss: 0.343241
--- Epoch 22/30 | Loss: 0.3177 | Train Acc: 94.5% | Test Acc: 93.6% | CM: [TP:85, TN:76, FP:10, FN:1] | Progress: 73.3% | ETA: 11.1s ---
Epoch 23 Batch 1 | Loss: 0.314476 | Stats: min: -0.619, max: 0.514, mean: -0.209
Epoch 23 Batch 2 | Loss: 0.317972
Epoch 23 Batch 3 | Loss: 0.317386
Epoch 23 Batch 4 | Loss: 0.289791
Epoch 23 Batch 5 | Loss: 0.322721
Epoch 23 Batch 6 | Loss: 0.290349
Epoch 23 Batch 7 | Loss: 0.362412
Epoch 23 Batch 8 | Loss: 0.270445
Epoch 23 Batch 9 | Loss: 0.282310
Epoch 23 Batch 10 | Loss: 0.303578
Epoch 23 Batch 11 | Loss: 0.345237
Epoch 23 Batch 12 | Loss: 0.265430
Epoch 23 Batch 13 | Loss: 0.368489
--- Epoch 23/30 | Loss: 0.3116 | Train Acc: 94.5% | Test Acc: 93.6% | CM: [TP:85, TN:76, FP:10, FN:1] | Progress: 76.7% | ETA: 9.1s ---
Epoch 24 Batch 1 | Loss: 0.247190 | Stats: min: -0.636, max: 0.679, mean: -0.036
Epoch 24 Batch 2 | Loss: 0.362921
Epoch 24 Batch 3 | Loss: 0.296112
Epoch 24 Batch 4 | Loss: 0.282139
Epoch 24 Batch 5 | Loss: 0.331050
Epoch 24 Batch 6 | Loss: 0.306935
Epoch 24 Batch 7 | Loss: 0.278137
Epoch 24 Batch 8 | Loss: 0.329977
Epoch 24 Batch 9 | Loss: 0.301706
Epoch 24 Batch 10 | Loss: 0.378674
Epoch 24 Batch 11 | Loss: 0.284772
Epoch 24 Batch 12 | Loss: 0.340900
Epoch 24 Batch 13 | Loss: 0.249875
  [STABILITY] Plateau detected. Reducing Learning Rate to 0.012500
--- Epoch 24/30 | Loss: 0.3070 | Train Acc: 95.0% | Test Acc: 93.6% | CM: [TP:85, TN:76, FP:10, FN:1] | Progress: 80.0% | ETA: 7.1s ---
Epoch 25 Batch 1 | Loss: 0.276461 | Stats: min: -0.554, max: 0.742, mean: 0.351
Epoch 25 Batch 2 | Loss: 0.253631
Epoch 25 Batch 3 | Loss: 0.329324
Epoch 25 Batch 4 | Loss: 0.362362
Epoch 25 Batch 5 | Loss: 0.300760
Epoch 25 Batch 6 | Loss: 0.314810
Epoch 25 Batch 7 | Loss: 0.334378
Epoch 25 Batch 8 | Loss: 0.345958
Epoch 25 Batch 9 | Loss: 0.291619
Epoch 25 Batch 10 | Loss: 0.342191
Epoch 25 Batch 11 | Loss: 0.318333
Epoch 25 Batch 12 | Loss: 0.270677
Epoch 25 Batch 13 | Loss: 0.286587
--- Epoch 25/30 | Loss: 0.3098 | Train Acc: 95.0% | Test Acc: 93.6% | CM: [TP:85, TN:76, FP:10, FN:1] | Progress: 83.3% | ETA: 5.8s ---
Epoch 26 Batch 1 | Loss: 0.324447 | Stats: min: -0.805, max: 0.648, mean: 0.039
Epoch 26 Batch 2 | Loss: 0.280620
Epoch 26 Batch 3 | Loss: 0.328489
Epoch 26 Batch 4 | Loss: 0.293808
Epoch 26 Batch 5 | Loss: 0.338721
Epoch 26 Batch 6 | Loss: 0.303688
Epoch 26 Batch 7 | Loss: 0.363049
Epoch 26 Batch 8 | Loss: 0.327846
Epoch 26 Batch 9 | Loss: 0.274765
Epoch 26 Batch 10 | Loss: 0.385961
Epoch 26 Batch 11 | Loss: 0.250104
Epoch 26 Batch 12 | Loss: 0.281487
Epoch 26 Batch 13 | Loss: 0.323762
--- Epoch 26/30 | Loss: 0.3136 | Train Acc: 95.0% | Test Acc: 93.6% | CM: [TP:85, TN:76, FP:10, FN:1] | Progress: 86.7% | ETA: 4.5s ---
Epoch 27 Batch 1 | Loss: 0.327886 | Stats: min: -0.773, max: 0.306, mean: -0.237
Epoch 27 Batch 2 | Loss: 0.277057
Epoch 27 Batch 3 | Loss: 0.304243
Epoch 27 Batch 4 | Loss: 0.323490
Epoch 27 Batch 5 | Loss: 0.341785
Epoch 27 Batch 6 | Loss: 0.236396
Epoch 27 Batch 7 | Loss: 0.287570
Epoch 27 Batch 8 | Loss: 0.295778
Epoch 27 Batch 9 | Loss: 0.349428
Epoch 27 Batch 10 | Loss: 0.384487
Epoch 27 Batch 11 | Loss: 0.343337
Epoch 27 Batch 12 | Loss: 0.313719
Epoch 27 Batch 13 | Loss: 0.282729
  [STABILITY] Plateau detected. Reducing Learning Rate to 0.006250
--- Epoch 27/30 | Loss: 0.3129 | Train Acc: 95.0% | Test Acc: 93.6% | CM: [TP:85, TN:76, FP:10, FN:1] | Progress: 90.0% | ETA: 3.2s ---
Epoch 28 Batch 1 | Loss: 0.284180 | Stats: min: -0.762, max: 0.651, mean: -0.175
Epoch 28 Batch 2 | Loss: 0.382439
Epoch 28 Batch 3 | Loss: 0.318269
Epoch 28 Batch 4 | Loss: 0.334920
Epoch 28 Batch 5 | Loss: 0.316820
Epoch 28 Batch 6 | Loss: 0.348072
Epoch 28 Batch 7 | Loss: 0.235039
Epoch 28 Batch 8 | Loss: 0.252364
Epoch 28 Batch 9 | Loss: 0.345657
Epoch 28 Batch 10 | Loss: 0.308744
Epoch 28 Batch 11 | Loss: 0.298812
Epoch 28 Batch 12 | Loss: 0.331059
Epoch 28 Batch 13 | Loss: 0.223231
--- Epoch 28/30 | Loss: 0.3061 | Train Acc: 95.0% | Test Acc: 93.6% | CM: [TP:85, TN:76, FP:10, FN:1] | Progress: 93.3% | ETA: 2.1s ---
Epoch 29 Batch 1 | Loss: 0.368469 | Stats: min: -0.436, max: 0.677, mean: 0.080
Epoch 29 Batch 2 | Loss: 0.280181
Epoch 29 Batch 3 | Loss: 0.242471
Epoch 29 Batch 4 | Loss: 0.366228
Epoch 29 Batch 5 | Loss: 0.294386
Epoch 29 Batch 6 | Loss: 0.274594
Epoch 29 Batch 7 | Loss: 0.320842
Epoch 29 Batch 8 | Loss: 0.315617
Epoch 29 Batch 9 | Loss: 0.323504
Epoch 29 Batch 10 | Loss: 0.340878
Epoch 29 Batch 11 | Loss: 0.305013
Epoch 29 Batch 12 | Loss: 0.326027
Epoch 29 Batch 13 | Loss: 0.239517
  [STABILITY] Test accuracy improved: 93.60% -> 94.19% (via EMA). Saving best params.
--- Epoch 29/30 | Loss: 0.3075 | Train Acc: 95.0% | Test Acc: 94.2% | CM: [TP:85, TN:77, FP:9, FN:1] | Progress: 96.7% | ETA: 1.0s ---
Epoch 30 Batch 1 | Loss: 0.290203 | Stats: min: -0.450, max: 0.681, mean: 0.175
Epoch 30 Batch 2 | Loss: 0.332213
Epoch 30 Batch 3 | Loss: 0.311395
Epoch 30 Batch 4 | Loss: 0.294833
Epoch 30 Batch 5 | Loss: 0.300621
Epoch 30 Batch 6 | Loss: 0.305819
Epoch 30 Batch 7 | Loss: 0.252674
Epoch 30 Batch 8 | Loss: 0.372246
Epoch 30 Batch 9 | Loss: 0.290206
Epoch 30 Batch 10 | Loss: 0.327796
Epoch 30 Batch 11 | Loss: 0.311049
Epoch 30 Batch 12 | Loss: 0.268997
Epoch 30 Batch 13 | Loss: 0.381959
--- Epoch 30/30 | Loss: 0.3108 | Train Acc: 95.0% | Test Acc: 94.2% | CM: [TP:85, TN:77, FP:9, FN:1] | Progress: 100.0% | ETA: 0.0s ---

Final Best Test Accuracy: 94.19%


Best Quantum Test Accuracy: 0.942
