DEBUG: Qtrainer enters train_pure_quantum_cnn. Encoding: amplitude
  Class Weights: +1 (Target): 1.00 | -1 (Rest): 1.00
Starting Training
==================================================
Epoch 1 Batch 1 | Loss: 0.666606 | Stats: min: -0.039, max: 0.367, mean: 0.197
Epoch 1 Batch 2 | Loss: 0.750890
Epoch 1 Batch 3 | Loss: 0.729708
Epoch 1 Batch 4 | Loss: 0.652687
Epoch 1 Batch 5 | Loss: 0.689727
Epoch 1 Batch 6 | Loss: 0.686529
Epoch 1 Batch 7 | Loss: 0.696373
Epoch 1 Batch 8 | Loss: 0.697888
Epoch 1 Batch 9 | Loss: 0.652134
Epoch 1 Batch 10 | Loss: 0.651888
Epoch 1 Batch 11 | Loss: 0.632727
Epoch 1 Batch 12 | Loss: 0.789399
Epoch 1 Batch 13 | Loss: 0.639765
  [STABILITY] Test accuracy improved: 0.00% -> 50.00% (via EMA). Saving best params.
--- Epoch 1/30 | Loss: 0.6874 | Train Acc: 49.5% | Test Acc: 50.0% | CM: [TP:81, TN:5, FP:81, FN:5] | Progress: 3.3% | ETA: 438.4s ---
Epoch 2 Batch 1 | Loss: 0.759957 | Stats: min: -0.339, max: -0.221, mean: -0.269
Epoch 2 Batch 2 | Loss: 0.620640
Epoch 2 Batch 3 | Loss: 0.702595
Epoch 2 Batch 4 | Loss: 0.708443
Epoch 2 Batch 5 | Loss: 0.656954
Epoch 2 Batch 6 | Loss: 0.727133
Epoch 2 Batch 7 | Loss: 0.685408
Epoch 2 Batch 8 | Loss: 0.661816
Epoch 2 Batch 9 | Loss: 0.687691
Epoch 2 Batch 10 | Loss: 0.657775
Epoch 2 Batch 11 | Loss: 0.728039
Epoch 2 Batch 12 | Loss: 0.688241
Epoch 2 Batch 13 | Loss: 0.662992
--- Epoch 2/30 | Loss: 0.6883 | Train Acc: 51.0% | Test Acc: 50.0% | CM: [TP:78, TN:8, FP:78, FN:8] | Progress: 6.7% | ETA: 184.6s ---
Epoch 3 Batch 1 | Loss: 0.658460 | Stats: min: -0.226, max: 0.007, mean: -0.112
Epoch 3 Batch 2 | Loss: 0.661085
Epoch 3 Batch 3 | Loss: 0.664954
Epoch 3 Batch 4 | Loss: 0.669175
Epoch 3 Batch 5 | Loss: 0.646828
Epoch 3 Batch 6 | Loss: 0.666455
Epoch 3 Batch 7 | Loss: 0.654504
Epoch 3 Batch 8 | Loss: 0.661514
Epoch 3 Batch 9 | Loss: 0.662582
Epoch 3 Batch 10 | Loss: 0.685190
Epoch 3 Batch 11 | Loss: 0.704067
Epoch 3 Batch 12 | Loss: 0.760826
Epoch 3 Batch 13 | Loss: 0.675948
--- Epoch 3/30 | Loss: 0.6747 | Train Acc: 50.0% | Test Acc: 49.4% | CM: [TP:71, TN:14, FP:72, FN:15] | Progress: 10.0% | ETA: 117.5s ---
Epoch 4 Batch 1 | Loss: 0.677437 | Stats: min: -0.140, max: 0.129, mean: -0.028
Epoch 4 Batch 2 | Loss: 0.672727
Epoch 4 Batch 3 | Loss: 0.665814
Epoch 4 Batch 4 | Loss: 0.674028
Epoch 4 Batch 5 | Loss: 0.645901
Epoch 4 Batch 6 | Loss: 0.650337
Epoch 4 Batch 7 | Loss: 0.647675
Epoch 4 Batch 8 | Loss: 0.637265
Epoch 4 Batch 9 | Loss: 0.650782
Epoch 4 Batch 10 | Loss: 0.659456
Epoch 4 Batch 11 | Loss: 0.673676
Epoch 4 Batch 12 | Loss: 0.600758
Epoch 4 Batch 13 | Loss: 0.674170
  [STABILITY] Plateau detected. Reducing Learning Rate to 0.010000
--- Epoch 4/30 | Loss: 0.6562 | Train Acc: 51.5% | Test Acc: 47.7% | CM: [TP:64, TN:18, FP:68, FN:22] | Progress: 13.3% | ETA: 82.8s ---
Epoch 5 Batch 1 | Loss: 0.629889 | Stats: min: -0.197, max: 0.155, mean: -0.006
Epoch 5 Batch 2 | Loss: 0.620774
Epoch 5 Batch 3 | Loss: 0.631994
Epoch 5 Batch 4 | Loss: 0.652593
Epoch 5 Batch 5 | Loss: 0.680810
Epoch 5 Batch 6 | Loss: 0.611990
Epoch 5 Batch 7 | Loss: 0.666317
Epoch 5 Batch 8 | Loss: 0.680811
Epoch 5 Batch 9 | Loss: 0.624744
Epoch 5 Batch 10 | Loss: 0.659533
Epoch 5 Batch 11 | Loss: 0.604208
Epoch 5 Batch 12 | Loss: 0.658053
Epoch 5 Batch 13 | Loss: 0.594786
  [STABILITY] Test accuracy improved: 50.00% -> 55.81% (via EMA). Saving best params.
--- Epoch 5/30 | Loss: 0.6397 | Train Acc: 55.0% | Test Acc: 55.8% | CM: [TP:50, TN:46, FP:40, FN:36] | Progress: 16.7% | ETA: 66.4s ---
Epoch 6 Batch 1 | Loss: 0.644111 | Stats: min: -0.301, max: 0.203, mean: -0.030
Epoch 6 Batch 2 | Loss: 0.575420
Epoch 6 Batch 3 | Loss: 0.667639
Epoch 6 Batch 4 | Loss: 0.595816
Epoch 6 Batch 5 | Loss: 0.656949
Epoch 6 Batch 6 | Loss: 0.659258
Epoch 6 Batch 7 | Loss: 0.626045
Epoch 6 Batch 8 | Loss: 0.613107
Epoch 6 Batch 9 | Loss: 0.671959
Epoch 6 Batch 10 | Loss: 0.612649
Epoch 6 Batch 11 | Loss: 0.644940
Epoch 6 Batch 12 | Loss: 0.620217
Epoch 6 Batch 13 | Loss: 0.653328
  [STABILITY] Test accuracy improved: 55.81% -> 60.47% (via EMA). Saving best params.
--- Epoch 6/30 | Loss: 0.6340 | Train Acc: 58.0% | Test Acc: 60.5% | CM: [TP:40, TN:64, FP:22, FN:46] | Progress: 20.0% | ETA: 54.4s ---
Epoch 7 Batch 1 | Loss: 0.627992 | Stats: min: -0.234, max: 0.063, mean: -0.059
Epoch 7 Batch 2 | Loss: 0.600612
Epoch 7 Batch 3 | Loss: 0.643512
Epoch 7 Batch 4 | Loss: 0.628983
Epoch 7 Batch 5 | Loss: 0.647654
Epoch 7 Batch 6 | Loss: 0.638335
Epoch 7 Batch 7 | Loss: 0.615548
Epoch 7 Batch 8 | Loss: 0.608166
Epoch 7 Batch 9 | Loss: 0.648452
Epoch 7 Batch 10 | Loss: 0.612419
Epoch 7 Batch 11 | Loss: 0.615848
Epoch 7 Batch 12 | Loss: 0.657620
Epoch 7 Batch 13 | Loss: 0.614472
  [STABILITY] Test accuracy improved: 60.47% -> 62.79% (via EMA). Saving best params.
--- Epoch 7/30 | Loss: 0.6277 | Train Acc: 62.5% | Test Acc: 62.8% | CM: [TP:30, TN:78, FP:8, FN:56] | Progress: 23.3% | ETA: 42.7s ---
Epoch 8 Batch 1 | Loss: 0.651410 | Stats: min: -0.328, max: 0.389, mean: 0.056
Epoch 8 Batch 2 | Loss: 0.630368
Epoch 8 Batch 3 | Loss: 0.629338
Epoch 8 Batch 4 | Loss: 0.601566
Epoch 8 Batch 5 | Loss: 0.599596
Epoch 8 Batch 6 | Loss: 0.662147
Epoch 8 Batch 7 | Loss: 0.605152
Epoch 8 Batch 8 | Loss: 0.594693
Epoch 8 Batch 9 | Loss: 0.623140
Epoch 8 Batch 10 | Loss: 0.662206
Epoch 8 Batch 11 | Loss: 0.596686
Epoch 8 Batch 12 | Loss: 0.629478
Epoch 8 Batch 13 | Loss: 0.606038
--- Epoch 8/30 | Loss: 0.6224 | Train Acc: 62.0% | Test Acc: 62.2% | CM: [TP:26, TN:81, FP:5, FN:60] | Progress: 26.7% | ETA: 34.3s ---
Epoch 9 Batch 1 | Loss: 0.620725 | Stats: min: -0.191, max: 0.286, mean: -0.027
Epoch 9 Batch 2 | Loss: 0.617377
Epoch 9 Batch 3 | Loss: 0.603875
Epoch 9 Batch 4 | Loss: 0.607678
Epoch 9 Batch 5 | Loss: 0.681791
Epoch 9 Batch 6 | Loss: 0.621478
Epoch 9 Batch 7 | Loss: 0.597184
Epoch 9 Batch 8 | Loss: 0.585348
Epoch 9 Batch 9 | Loss: 0.605303
Epoch 9 Batch 10 | Loss: 0.623440
Epoch 9 Batch 11 | Loss: 0.583935
Epoch 9 Batch 12 | Loss: 0.630510
Epoch 9 Batch 13 | Loss: 0.641087
  [STABILITY] Test accuracy improved: 62.79% -> 63.37% (via EMA). Saving best params.
--- Epoch 9/30 | Loss: 0.6169 | Train Acc: 63.0% | Test Acc: 63.4% | CM: [TP:28, TN:81, FP:5, FN:58] | Progress: 30.0% | ETA: 28.8s ---
Epoch 10 Batch 1 | Loss: 0.588157 | Stats: min: -0.230, max: 0.143, mean: 0.017
Epoch 10 Batch 2 | Loss: 0.593549
Epoch 10 Batch 3 | Loss: 0.690512
Epoch 10 Batch 4 | Loss: 0.626411
Epoch 10 Batch 5 | Loss: 0.629853
Epoch 10 Batch 6 | Loss: 0.623893
Epoch 10 Batch 7 | Loss: 0.614125
Epoch 10 Batch 8 | Loss: 0.586753
Epoch 10 Batch 9 | Loss: 0.596446
Epoch 10 Batch 10 | Loss: 0.594398
Epoch 10 Batch 11 | Loss: 0.609288
Epoch 10 Batch 12 | Loss: 0.582220
Epoch 10 Batch 13 | Loss: 0.577901
--- Epoch 10/30 | Loss: 0.6087 | Train Acc: 64.0% | Test Acc: 63.4% | CM: [TP:29, TN:80, FP:6, FN:57] | Progress: 33.3% | ETA: 23.6s ---
Epoch 11 Batch 1 | Loss: 0.630874 | Stats: min: -0.459, max: 0.098, mean: -0.140
Epoch 11 Batch 2 | Loss: 0.635677
Epoch 11 Batch 3 | Loss: 0.591538
Epoch 11 Batch 4 | Loss: 0.567265
Epoch 11 Batch 5 | Loss: 0.591749
Epoch 11 Batch 6 | Loss: 0.585035
Epoch 11 Batch 7 | Loss: 0.596180
Epoch 11 Batch 8 | Loss: 0.580694
Epoch 11 Batch 9 | Loss: 0.580014
Epoch 11 Batch 10 | Loss: 0.632711
Epoch 11 Batch 11 | Loss: 0.612012
Epoch 11 Batch 12 | Loss: 0.604289
Epoch 11 Batch 13 | Loss: 0.627713
--- Epoch 11/30 | Loss: 0.6028 | Train Acc: 66.0% | Test Acc: 63.4% | CM: [TP:28, TN:81, FP:5, FN:58] | Progress: 36.7% | ETA: 20.6s ---
Epoch 12 Batch 1 | Loss: 0.615458 | Stats: min: -0.361, max: 0.095, mean: -0.091
Epoch 12 Batch 2 | Loss: 0.610374
Epoch 12 Batch 3 | Loss: 0.576675
Epoch 12 Batch 4 | Loss: 0.601038
Epoch 12 Batch 5 | Loss: 0.601588
Epoch 12 Batch 6 | Loss: 0.566794
Epoch 12 Batch 7 | Loss: 0.587181
Epoch 12 Batch 8 | Loss: 0.603965
Epoch 12 Batch 9 | Loss: 0.585447
Epoch 12 Batch 10 | Loss: 0.581139
Epoch 12 Batch 11 | Loss: 0.567159
Epoch 12 Batch 12 | Loss: 0.619995
Epoch 12 Batch 13 | Loss: 0.660664
  [STABILITY] Test accuracy improved: 63.37% -> 65.12% (via EMA). Saving best params.
--- Epoch 12/30 | Loss: 0.5983 | Train Acc: 70.0% | Test Acc: 65.1% | CM: [TP:31, TN:81, FP:5, FN:55] | Progress: 40.0% | ETA: 18.4s ---
Epoch 13 Batch 1 | Loss: 0.584259 | Stats: min: -0.245, max: 0.246, mean: -0.060
Epoch 13 Batch 2 | Loss: 0.618491
Epoch 13 Batch 3 | Loss: 0.601908
Epoch 13 Batch 4 | Loss: 0.602105
Epoch 13 Batch 5 | Loss: 0.573385
Epoch 13 Batch 6 | Loss: 0.531511
Epoch 13 Batch 7 | Loss: 0.593778
Epoch 13 Batch 8 | Loss: 0.602667
Epoch 13 Batch 9 | Loss: 0.624445
Epoch 13 Batch 10 | Loss: 0.583828
Epoch 13 Batch 11 | Loss: 0.554350
Epoch 13 Batch 12 | Loss: 0.610291
Epoch 13 Batch 13 | Loss: 0.572506
  [STABILITY] Test accuracy improved: 65.12% -> 66.28% (via EMA). Saving best params.
--- Epoch 13/30 | Loss: 0.5887 | Train Acc: 71.5% | Test Acc: 66.3% | CM: [TP:33, TN:81, FP:5, FN:53] | Progress: 43.3% | ETA: 16.2s ---
Epoch 14 Batch 1 | Loss: 0.607645 | Stats: min: -0.308, max: 0.209, mean: -0.019
Epoch 14 Batch 2 | Loss: 0.614635
Epoch 14 Batch 3 | Loss: 0.557803
Epoch 14 Batch 4 | Loss: 0.576533
Epoch 14 Batch 5 | Loss: 0.608461
Epoch 14 Batch 6 | Loss: 0.549560
Epoch 14 Batch 7 | Loss: 0.575770
Epoch 14 Batch 8 | Loss: 0.594475
Epoch 14 Batch 9 | Loss: 0.572694
Epoch 14 Batch 10 | Loss: 0.553044
Epoch 14 Batch 11 | Loss: 0.546950
Epoch 14 Batch 12 | Loss: 0.596977
Epoch 14 Batch 13 | Loss: 0.579693
  [STABILITY] Test accuracy improved: 66.28% -> 67.44% (via EMA). Saving best params.
--- Epoch 14/30 | Loss: 0.5796 | Train Acc: 73.5% | Test Acc: 67.4% | CM: [TP:35, TN:81, FP:5, FN:51] | Progress: 46.7% | ETA: 13.7s ---
Epoch 15 Batch 1 | Loss: 0.567634 | Stats: min: -0.260, max: 0.044, mean: -0.165
Epoch 15 Batch 2 | Loss: 0.596750
Epoch 15 Batch 3 | Loss: 0.619305
Epoch 15 Batch 4 | Loss: 0.572604
Epoch 15 Batch 5 | Loss: 0.528748
Epoch 15 Batch 6 | Loss: 0.563950
Epoch 15 Batch 7 | Loss: 0.582209
Epoch 15 Batch 8 | Loss: 0.549458
Epoch 15 Batch 9 | Loss: 0.581718
Epoch 15 Batch 10 | Loss: 0.578210
Epoch 15 Batch 11 | Loss: 0.533851
Epoch 15 Batch 12 | Loss: 0.567765
Epoch 15 Batch 13 | Loss: 0.560369
  [STABILITY] Test accuracy improved: 67.44% -> 69.77% (via EMA). Saving best params.
--- Epoch 15/30 | Loss: 0.5694 | Train Acc: 74.5% | Test Acc: 69.8% | CM: [TP:39, TN:81, FP:5, FN:47] | Progress: 50.0% | ETA: 13.5s ---
Epoch 16 Batch 1 | Loss: 0.529641 | Stats: min: -0.248, max: 0.312, mean: -0.016
Epoch 16 Batch 2 | Loss: 0.571880
Epoch 16 Batch 3 | Loss: 0.572497
Epoch 16 Batch 4 | Loss: 0.578368
Epoch 16 Batch 5 | Loss: 0.582392
Epoch 16 Batch 6 | Loss: 0.568174
Epoch 16 Batch 7 | Loss: 0.556021
Epoch 16 Batch 8 | Loss: 0.586122
Epoch 16 Batch 9 | Loss: 0.561820
Epoch 16 Batch 10 | Loss: 0.550526
Epoch 16 Batch 11 | Loss: 0.568465
Epoch 16 Batch 12 | Loss: 0.553681
Epoch 16 Batch 13 | Loss: 0.567436
  [STABILITY] Test accuracy improved: 69.77% -> 72.09% (via EMA). Saving best params.
--- Epoch 16/30 | Loss: 0.5652 | Train Acc: 77.5% | Test Acc: 72.1% | CM: [TP:43, TN:81, FP:5, FN:43] | Progress: 53.3% | ETA: 11.6s ---
Epoch 17 Batch 1 | Loss: 0.534189 | Stats: min: -0.169, max: 0.184, mean: 0.019
Epoch 17 Batch 2 | Loss: 0.578211
Epoch 17 Batch 3 | Loss: 0.559077
Epoch 17 Batch 4 | Loss: 0.526644
Epoch 17 Batch 5 | Loss: 0.532939
Epoch 17 Batch 6 | Loss: 0.578636
Epoch 17 Batch 7 | Loss: 0.530233
Epoch 17 Batch 8 | Loss: 0.585569
Epoch 17 Batch 9 | Loss: 0.574894
Epoch 17 Batch 10 | Loss: 0.564038
Epoch 17 Batch 11 | Loss: 0.600733
Epoch 17 Batch 12 | Loss: 0.564683
Epoch 17 Batch 13 | Loss: 0.573478
  [STABILITY] Test accuracy improved: 72.09% -> 75.00% (via EMA). Saving best params.
--- Epoch 17/30 | Loss: 0.5618 | Train Acc: 80.0% | Test Acc: 75.0% | CM: [TP:47, TN:82, FP:4, FN:39] | Progress: 56.7% | ETA: 8.7s ---
Epoch 18 Batch 1 | Loss: 0.553385 | Stats: min: -0.191, max: 0.252, mean: 0.024
Epoch 18 Batch 2 | Loss: 0.565979
Epoch 18 Batch 3 | Loss: 0.567152
Epoch 18 Batch 4 | Loss: 0.556569
Epoch 18 Batch 5 | Loss: 0.578383
Epoch 18 Batch 6 | Loss: 0.579419
Epoch 18 Batch 7 | Loss: 0.563207
Epoch 18 Batch 8 | Loss: 0.508991
Epoch 18 Batch 9 | Loss: 0.573168
Epoch 18 Batch 10 | Loss: 0.552179
Epoch 18 Batch 11 | Loss: 0.541149
Epoch 18 Batch 12 | Loss: 0.543787
Epoch 18 Batch 13 | Loss: 0.558728
  [STABILITY] Test accuracy improved: 75.00% -> 76.16% (via EMA). Saving best params.
--- Epoch 18/30 | Loss: 0.5571 | Train Acc: 83.0% | Test Acc: 76.2% | CM: [TP:49, TN:82, FP:4, FN:37] | Progress: 60.0% | ETA: 8.0s ---
Epoch 19 Batch 1 | Loss: 0.577334 | Stats: min: -0.225, max: 0.022, mean: -0.089
Epoch 19 Batch 2 | Loss: 0.586916
Epoch 19 Batch 3 | Loss: 0.559767
Epoch 19 Batch 4 | Loss: 0.543149
Epoch 19 Batch 5 | Loss: 0.531202
Epoch 19 Batch 6 | Loss: 0.531080
Epoch 19 Batch 7 | Loss: 0.603106
Epoch 19 Batch 8 | Loss: 0.522032
Epoch 19 Batch 9 | Loss: 0.548019
Epoch 19 Batch 10 | Loss: 0.533636
Epoch 19 Batch 11 | Loss: 0.551641
Epoch 19 Batch 12 | Loss: 0.570754
Epoch 19 Batch 13 | Loss: 0.529131
  [STABILITY] Test accuracy improved: 76.16% -> 77.33% (via EMA). Saving best params.
--- Epoch 19/30 | Loss: 0.5529 | Train Acc: 84.5% | Test Acc: 77.3% | CM: [TP:51, TN:82, FP:4, FN:35] | Progress: 63.3% | ETA: 4.5s ---
Epoch 20 Batch 1 | Loss: 0.553891 | Stats: min: -0.326, max: 0.022, mean: -0.160
Epoch 20 Batch 2 | Loss: 0.576302
Epoch 20 Batch 3 | Loss: 0.535341
Epoch 20 Batch 4 | Loss: 0.522112
Epoch 20 Batch 5 | Loss: 0.545176
Epoch 20 Batch 6 | Loss: 0.570605
Epoch 20 Batch 7 | Loss: 0.532516
Epoch 20 Batch 8 | Loss: 0.555291
Epoch 20 Batch 9 | Loss: 0.535180
Epoch 20 Batch 10 | Loss: 0.529849
Epoch 20 Batch 11 | Loss: 0.542397
Epoch 20 Batch 12 | Loss: 0.514716
Epoch 20 Batch 13 | Loss: 0.555480
  [STABILITY] Test accuracy improved: 77.33% -> 80.81% (via EMA). Saving best params.
--- Epoch 20/30 | Loss: 0.5438 | Train Acc: 85.5% | Test Acc: 80.8% | CM: [TP:58, TN:81, FP:5, FN:28] | Progress: 66.7% | ETA: 4.0s ---
Epoch 21 Batch 1 | Loss: 0.539921 | Stats: min: -0.440, max: 0.026, mean: -0.181
Epoch 21 Batch 2 | Loss: 0.542899
Epoch 21 Batch 3 | Loss: 0.560055
Epoch 21 Batch 4 | Loss: 0.550870
Epoch 21 Batch 5 | Loss: 0.534957
Epoch 21 Batch 6 | Loss: 0.522922
Epoch 21 Batch 7 | Loss: 0.485745
Epoch 21 Batch 8 | Loss: 0.547935
Epoch 21 Batch 9 | Loss: 0.515015
Epoch 21 Batch 10 | Loss: 0.528615
Epoch 21 Batch 11 | Loss: 0.551435
Epoch 21 Batch 12 | Loss: 0.560585
Epoch 21 Batch 13 | Loss: 0.534459
--- Epoch 21/30 | Loss: 0.5366 | Train Acc: 86.0% | Test Acc: 80.8% | CM: [TP:58, TN:81, FP:5, FN:28] | Progress: 70.0% | ETA: 5.3s ---
Epoch 22 Batch 1 | Loss: 0.546846 | Stats: min: -0.520, max: 0.105, mean: -0.130
Epoch 22 Batch 2 | Loss: 0.532568
Epoch 22 Batch 3 | Loss: 0.551768
Epoch 22 Batch 4 | Loss: 0.542104
Epoch 22 Batch 5 | Loss: 0.526407
Epoch 22 Batch 6 | Loss: 0.538243
Epoch 22 Batch 7 | Loss: 0.509917
Epoch 22 Batch 8 | Loss: 0.526126
Epoch 22 Batch 9 | Loss: 0.551207
Epoch 22 Batch 10 | Loss: 0.506201
Epoch 22 Batch 11 | Loss: 0.523477
Epoch 22 Batch 12 | Loss: 0.512960
Epoch 22 Batch 13 | Loss: 0.579925
  [STABILITY] Test accuracy improved: 80.81% -> 81.98% (via EMA). Saving best params.
--- Epoch 22/30 | Loss: 0.5344 | Train Acc: 87.5% | Test Acc: 82.0% | CM: [TP:60, TN:81, FP:5, FN:26] | Progress: 73.3% | ETA: 3.2s ---
Epoch 23 Batch 1 | Loss: 0.533038 | Stats: min: -0.051, max: 0.371, mean: 0.220
Epoch 23 Batch 2 | Loss: 0.529700
Epoch 23 Batch 3 | Loss: 0.528846
Epoch 23 Batch 4 | Loss: 0.539376
Epoch 23 Batch 5 | Loss: 0.561228
Epoch 23 Batch 6 | Loss: 0.502469
Epoch 23 Batch 7 | Loss: 0.525307
Epoch 23 Batch 8 | Loss: 0.510639
Epoch 23 Batch 9 | Loss: 0.525391
Epoch 23 Batch 10 | Loss: 0.542875
Epoch 23 Batch 11 | Loss: 0.532630
Epoch 23 Batch 12 | Loss: 0.507739
Epoch 23 Batch 13 | Loss: 0.569159
  [STABILITY] Test accuracy improved: 81.98% -> 83.14% (via EMA). Saving best params.
--- Epoch 23/30 | Loss: 0.5314 | Train Acc: 88.5% | Test Acc: 83.1% | CM: [TP:61, TN:82, FP:4, FN:25] | Progress: 76.7% | ETA: 2.2s ---
Epoch 24 Batch 1 | Loss: 0.555076 | Stats: min: -0.272, max: 0.249, mean: 0.026
Epoch 24 Batch 2 | Loss: 0.496971
Epoch 24 Batch 3 | Loss: 0.526011
Epoch 24 Batch 4 | Loss: 0.505919
Epoch 24 Batch 5 | Loss: 0.540285
Epoch 24 Batch 6 | Loss: 0.536153
Epoch 24 Batch 7 | Loss: 0.536273
Epoch 24 Batch 8 | Loss: 0.547701
Epoch 24 Batch 9 | Loss: 0.554392
Epoch 24 Batch 10 | Loss: 0.504756
Epoch 24 Batch 11 | Loss: 0.533791
Epoch 24 Batch 12 | Loss: 0.503067
Epoch 24 Batch 13 | Loss: 0.511340
  [STABILITY] Test accuracy improved: 83.14% -> 85.47% (via EMA). Saving best params.
--- Epoch 24/30 | Loss: 0.5271 | Train Acc: 88.5% | Test Acc: 85.5% | CM: [TP:65, TN:82, FP:4, FN:21] | Progress: 80.0% | ETA: 2.0s ---
Epoch 25 Batch 1 | Loss: 0.516907 | Stats: min: -0.236, max: 0.374, mean: 0.062
Epoch 25 Batch 2 | Loss: 0.509627
Epoch 25 Batch 3 | Loss: 0.545390
Epoch 25 Batch 4 | Loss: 0.523202
Epoch 25 Batch 5 | Loss: 0.547713
Epoch 25 Batch 6 | Loss: 0.530008
Epoch 25 Batch 7 | Loss: 0.503644
Epoch 25 Batch 8 | Loss: 0.535635
Epoch 25 Batch 9 | Loss: 0.543793
Epoch 25 Batch 10 | Loss: 0.529021
Epoch 25 Batch 11 | Loss: 0.509732
Epoch 25 Batch 12 | Loss: 0.509490
Epoch 25 Batch 13 | Loss: 0.567090
  [STABILITY] Test accuracy improved: 85.47% -> 87.21% (via EMA). Saving best params.
--- Epoch 25/30 | Loss: 0.5286 | Train Acc: 91.0% | Test Acc: 87.2% | CM: [TP:67, TN:83, FP:3, FN:19] | Progress: 83.3% | ETA: 1.2s ---
Epoch 26 Batch 1 | Loss: 0.522140 | Stats: min: -0.319, max: 0.269, mean: 0.031
Epoch 26 Batch 2 | Loss: 0.545505
Epoch 26 Batch 3 | Loss: 0.521360
Epoch 26 Batch 4 | Loss: 0.532414
Epoch 26 Batch 5 | Loss: 0.523257
Epoch 26 Batch 6 | Loss: 0.519651
Epoch 26 Batch 7 | Loss: 0.523057
Epoch 26 Batch 8 | Loss: 0.534771
Epoch 26 Batch 9 | Loss: 0.497171
Epoch 26 Batch 10 | Loss: 0.535486
Epoch 26 Batch 11 | Loss: 0.510383
Epoch 26 Batch 12 | Loss: 0.533936
Epoch 26 Batch 13 | Loss: 0.529150
--- Epoch 26/30 | Loss: 0.5253 | Train Acc: 93.5% | Test Acc: 87.2% | CM: [TP:67, TN:83, FP:3, FN:19] | Progress: 86.7% | ETA: 0.9s ---
Epoch 27 Batch 1 | Loss: 0.522978 | Stats: min: -0.393, max: 0.219, mean: -0.073
Epoch 27 Batch 2 | Loss: 0.521673
Epoch 27 Batch 3 | Loss: 0.505861
Epoch 27 Batch 4 | Loss: 0.533774
Epoch 27 Batch 5 | Loss: 0.531479
Epoch 27 Batch 6 | Loss: 0.507548
Epoch 27 Batch 7 | Loss: 0.552001
Epoch 27 Batch 8 | Loss: 0.513817
Epoch 27 Batch 9 | Loss: 0.514597
Epoch 27 Batch 10 | Loss: 0.527439
Epoch 27 Batch 11 | Loss: 0.503658
Epoch 27 Batch 12 | Loss: 0.523797
Epoch 27 Batch 13 | Loss: 0.549186
  [STABILITY] Test accuracy improved: 87.21% -> 88.37% (via EMA). Saving best params.
--- Epoch 27/30 | Loss: 0.5237 | Train Acc: 95.0% | Test Acc: 88.4% | CM: [TP:69, TN:83, FP:3, FN:17] | Progress: 90.0% | ETA: 0.7s ---
Epoch 28 Batch 1 | Loss: 0.526478 | Stats: min: -0.251, max: 0.306, mean: 0.125
Epoch 28 Batch 2 | Loss: 0.523040
Epoch 28 Batch 3 | Loss: 0.537222
Epoch 28 Batch 4 | Loss: 0.549908
Epoch 28 Batch 5 | Loss: 0.524148
Epoch 28 Batch 6 | Loss: 0.507682
Epoch 28 Batch 7 | Loss: 0.540641
Epoch 28 Batch 8 | Loss: 0.508811
Epoch 28 Batch 9 | Loss: 0.518917
Epoch 28 Batch 10 | Loss: 0.532546
Epoch 28 Batch 11 | Loss: 0.508645
Epoch 28 Batch 12 | Loss: 0.534189
Epoch 28 Batch 13 | Loss: 0.528744
  [STABILITY] Test accuracy improved: 88.37% -> 88.95% (via EMA). Saving best params.
--- Epoch 28/30 | Loss: 0.5262 | Train Acc: 95.0% | Test Acc: 89.0% | CM: [TP:70, TN:83, FP:3, FN:16] | Progress: 93.3% | ETA: 0.4s ---
Epoch 29 Batch 1 | Loss: 0.542192 | Stats: min: -0.385, max: 0.214, mean: -0.092
Epoch 29 Batch 2 | Loss: 0.516741
Epoch 29 Batch 3 | Loss: 0.527823
Epoch 29 Batch 4 | Loss: 0.531486
Epoch 29 Batch 5 | Loss: 0.532874
Epoch 29 Batch 6 | Loss: 0.511666
Epoch 29 Batch 7 | Loss: 0.514425
Epoch 29 Batch 8 | Loss: 0.500628
Epoch 29 Batch 9 | Loss: 0.547006
Epoch 29 Batch 10 | Loss: 0.508725
Epoch 29 Batch 11 | Loss: 0.495614
Epoch 29 Batch 12 | Loss: 0.542142
Epoch 29 Batch 13 | Loss: 0.516036
  [STABILITY] Test accuracy improved: 88.95% -> 89.53% (via EMA). Saving best params.
--- Epoch 29/30 | Loss: 0.5221 | Train Acc: 95.5% | Test Acc: 89.5% | CM: [TP:71, TN:83, FP:3, FN:15] | Progress: 96.7% | ETA: 0.2s ---
Epoch 30 Batch 1 | Loss: 0.563238 | Stats: min: 0.002, max: 0.336, mean: 0.143
Epoch 30 Batch 2 | Loss: 0.542705
Epoch 30 Batch 3 | Loss: 0.485184
Epoch 30 Batch 4 | Loss: 0.539525
Epoch 30 Batch 5 | Loss: 0.501435
Epoch 30 Batch 6 | Loss: 0.525332
Epoch 30 Batch 7 | Loss: 0.506029
Epoch 30 Batch 8 | Loss: 0.531174
Epoch 30 Batch 9 | Loss: 0.517444
Epoch 30 Batch 10 | Loss: 0.508266
Epoch 30 Batch 11 | Loss: 0.512912
Epoch 30 Batch 12 | Loss: 0.514060
Epoch 30 Batch 13 | Loss: 0.499794
  [STABILITY] Test accuracy improved: 89.53% -> 90.70% (via EMA). Saving best params.
--- Epoch 30/30 | Loss: 0.5190 | Train Acc: 95.0% | Test Acc: 90.7% | CM: [TP:73, TN:83, FP:3, FN:13] | Progress: 100.0% | ETA: 0.0s ---

Final Best Test Accuracy: 90.70%


Best Quantum Test Accuracy: 0.907
