DEBUG: Qtrainer enters train_pure_quantum_cnn. Encoding: amplitude
  Class Weights: +1 (Target): 1.00 | -1 (Rest): 1.00
Starting Training
==================================================
Epoch 1 Batch 1 | Loss: 0.738919 | Stats: min: 0.001, max: 0.236, mean: 0.120
Epoch 1 Batch 2 | Loss: 0.748596
Epoch 1 Batch 3 | Loss: 0.706995
Epoch 1 Batch 4 | Loss: 0.733511
Epoch 1 Batch 5 | Loss: 0.670566
Epoch 1 Batch 6 | Loss: 0.724482
Epoch 1 Batch 7 | Loss: 0.683522
Epoch 1 Batch 8 | Loss: 0.687267
Epoch 1 Batch 9 | Loss: 0.690839
Epoch 1 Batch 10 | Loss: 0.709169
Epoch 1 Batch 11 | Loss: 0.633605
Epoch 1 Batch 12 | Loss: 0.701612
Epoch 1 Batch 13 | Loss: 0.699799
  [STABILITY] Test accuracy improved: 0.00% -> 45.35% (via EMA). Saving best params.
--- Epoch 1/30 | Loss: 0.7022 | Train Acc: 49.0% | Test Acc: 45.3% | CM: [TP:39, TN:39, FP:47, FN:47] | Progress: 3.3% | ETA: 341.8s ---
Epoch 2 Batch 1 | Loss: 0.635456 | Stats: min: -0.114, max: 0.233, mean: -0.020
Epoch 2 Batch 2 | Loss: 0.696997
Epoch 2 Batch 3 | Loss: 0.642312
Epoch 2 Batch 4 | Loss: 0.660161
Epoch 2 Batch 5 | Loss: 0.681974
Epoch 2 Batch 6 | Loss: 0.683807
Epoch 2 Batch 7 | Loss: 0.703023
Epoch 2 Batch 8 | Loss: 0.658014
Epoch 2 Batch 9 | Loss: 0.699379
Epoch 2 Batch 10 | Loss: 0.684539
Epoch 2 Batch 11 | Loss: 0.657866
Epoch 2 Batch 12 | Loss: 0.669070
Epoch 2 Batch 13 | Loss: 0.663049
  [STABILITY] Test accuracy improved: 45.35% -> 48.84% (via EMA). Saving best params.
--- Epoch 2/30 | Loss: 0.6720 | Train Acc: 55.0% | Test Acc: 48.8% | CM: [TP:38, TN:46, FP:40, FN:48] | Progress: 6.7% | ETA: 186.2s ---
Epoch 3 Batch 1 | Loss: 0.663125 | Stats: min: -0.181, max: 0.069, mean: -0.087
Epoch 3 Batch 2 | Loss: 0.652175
Epoch 3 Batch 3 | Loss: 0.668438
Epoch 3 Batch 4 | Loss: 0.675072
Epoch 3 Batch 5 | Loss: 0.638235
Epoch 3 Batch 6 | Loss: 0.628597
Epoch 3 Batch 7 | Loss: 0.647742
Epoch 3 Batch 8 | Loss: 0.613156
Epoch 3 Batch 9 | Loss: 0.617201
Epoch 3 Batch 10 | Loss: 0.669941
Epoch 3 Batch 11 | Loss: 0.677335
Epoch 3 Batch 12 | Loss: 0.681403
Epoch 3 Batch 13 | Loss: 0.601592
  [STABILITY] Test accuracy improved: 48.84% -> 52.91% (via EMA). Saving best params.
--- Epoch 3/30 | Loss: 0.6488 | Train Acc: 56.5% | Test Acc: 52.9% | CM: [TP:34, TN:57, FP:29, FN:52] | Progress: 10.0% | ETA: 117.5s ---
Epoch 4 Batch 1 | Loss: 0.651855 | Stats: min: -0.139, max: 0.231, mean: -0.011
Epoch 4 Batch 2 | Loss: 0.616239
Epoch 4 Batch 3 | Loss: 0.600282
Epoch 4 Batch 4 | Loss: 0.639494
Epoch 4 Batch 5 | Loss: 0.643659
Epoch 4 Batch 6 | Loss: 0.599889
Epoch 4 Batch 7 | Loss: 0.607616
Epoch 4 Batch 8 | Loss: 0.657120
Epoch 4 Batch 9 | Loss: 0.647078
Epoch 4 Batch 10 | Loss: 0.644480
Epoch 4 Batch 11 | Loss: 0.609432
Epoch 4 Batch 12 | Loss: 0.623392
Epoch 4 Batch 13 | Loss: 0.623053
  [STABILITY] Test accuracy improved: 52.91% -> 56.98% (via EMA). Saving best params.
--- Epoch 4/30 | Loss: 0.6280 | Train Acc: 60.5% | Test Acc: 57.0% | CM: [TP:35, TN:63, FP:23, FN:51] | Progress: 13.3% | ETA: 77.3s ---
Epoch 5 Batch 1 | Loss: 0.614529 | Stats: min: -0.415, max: 0.120, mean: -0.143
Epoch 5 Batch 2 | Loss: 0.659615
Epoch 5 Batch 3 | Loss: 0.685650
Epoch 5 Batch 4 | Loss: 0.562189
Epoch 5 Batch 5 | Loss: 0.531592
Epoch 5 Batch 6 | Loss: 0.565068
Epoch 5 Batch 7 | Loss: 0.676657
Epoch 5 Batch 8 | Loss: 0.626217
Epoch 5 Batch 9 | Loss: 0.600838
Epoch 5 Batch 10 | Loss: 0.633435
Epoch 5 Batch 11 | Loss: 0.560354
Epoch 5 Batch 12 | Loss: 0.608798
Epoch 5 Batch 13 | Loss: 0.635156
  [STABILITY] Test accuracy improved: 56.98% -> 63.95% (via EMA). Saving best params.
--- Epoch 5/30 | Loss: 0.6123 | Train Acc: 63.5% | Test Acc: 64.0% | CM: [TP:34, TN:76, FP:10, FN:52] | Progress: 16.7% | ETA: 37.7s ---
Epoch 6 Batch 1 | Loss: 0.564042 | Stats: min: -0.136, max: 0.497, mean: 0.094
Epoch 6 Batch 2 | Loss: 0.625618
Epoch 6 Batch 3 | Loss: 0.622890
Epoch 6 Batch 4 | Loss: 0.568142
Epoch 6 Batch 5 | Loss: 0.601798
Epoch 6 Batch 6 | Loss: 0.590859
Epoch 6 Batch 7 | Loss: 0.577295
Epoch 6 Batch 8 | Loss: 0.604694
Epoch 6 Batch 9 | Loss: 0.614862
Epoch 6 Batch 10 | Loss: 0.546185
Epoch 6 Batch 11 | Loss: 0.597813
Epoch 6 Batch 12 | Loss: 0.653486
Epoch 6 Batch 13 | Loss: 0.670604
  [STABILITY] Test accuracy improved: 63.95% -> 66.86% (via EMA). Saving best params.
--- Epoch 6/30 | Loss: 0.6029 | Train Acc: 66.0% | Test Acc: 66.9% | CM: [TP:37, TN:78, FP:8, FN:49] | Progress: 20.0% | ETA: 27.4s ---
Epoch 7 Batch 1 | Loss: 0.606293 | Stats: min: -0.278, max: 0.108, mean: -0.163
Epoch 7 Batch 2 | Loss: 0.568085
Epoch 7 Batch 3 | Loss: 0.548270
Epoch 7 Batch 4 | Loss: 0.628151
Epoch 7 Batch 5 | Loss: 0.543954
Epoch 7 Batch 6 | Loss: 0.605217
Epoch 7 Batch 7 | Loss: 0.591307
Epoch 7 Batch 8 | Loss: 0.600725
Epoch 7 Batch 9 | Loss: 0.591981
Epoch 7 Batch 10 | Loss: 0.594573
Epoch 7 Batch 11 | Loss: 0.597807
Epoch 7 Batch 12 | Loss: 0.538661
Epoch 7 Batch 13 | Loss: 0.633406
--- Epoch 7/30 | Loss: 0.5883 | Train Acc: 69.5% | Test Acc: 66.3% | CM: [TP:37, TN:77, FP:9, FN:49] | Progress: 23.3% | ETA: 28.3s ---
Epoch 8 Batch 1 | Loss: 0.610928 | Stats: min: -0.079, max: 0.156, mean: 0.044
Epoch 8 Batch 2 | Loss: 0.658922
Epoch 8 Batch 3 | Loss: 0.526104
Epoch 8 Batch 4 | Loss: 0.585989
Epoch 8 Batch 5 | Loss: 0.667697
Epoch 8 Batch 6 | Loss: 0.597051
Epoch 8 Batch 7 | Loss: 0.568392
Epoch 8 Batch 8 | Loss: 0.582691
Epoch 8 Batch 9 | Loss: 0.581142
Epoch 8 Batch 10 | Loss: 0.598884
Epoch 8 Batch 11 | Loss: 0.666401
Epoch 8 Batch 12 | Loss: 0.537240
Epoch 8 Batch 13 | Loss: 0.622087
--- Epoch 8/30 | Loss: 0.6003 | Train Acc: 69.5% | Test Acc: 65.7% | CM: [TP:44, TN:69, FP:17, FN:42] | Progress: 26.7% | ETA: 30.3s ---
Epoch 9 Batch 1 | Loss: 0.638521 | Stats: min: -0.152, max: 0.380, mean: 0.042
Epoch 9 Batch 2 | Loss: 0.530285
Epoch 9 Batch 3 | Loss: 0.560892
Epoch 9 Batch 4 | Loss: 0.608067
Epoch 9 Batch 5 | Loss: 0.518160
Epoch 9 Batch 6 | Loss: 0.584648
Epoch 9 Batch 7 | Loss: 0.636407
Epoch 9 Batch 8 | Loss: 0.597502
Epoch 9 Batch 9 | Loss: 0.625495
Epoch 9 Batch 10 | Loss: 0.577613
Epoch 9 Batch 11 | Loss: 0.579645
Epoch 9 Batch 12 | Loss: 0.565037
Epoch 9 Batch 13 | Loss: 0.536209
  [STABILITY] Plateau detected. Reducing Learning Rate to 0.010000
--- Epoch 9/30 | Loss: 0.5814 | Train Acc: 71.5% | Test Acc: 64.5% | CM: [TP:49, TN:62, FP:24, FN:37] | Progress: 30.0% | ETA: 29.0s ---
Epoch 10 Batch 1 | Loss: 0.580171 | Stats: min: -0.220, max: 0.015, mean: -0.082
Epoch 10 Batch 2 | Loss: 0.573313
Epoch 10 Batch 3 | Loss: 0.556658
Epoch 10 Batch 4 | Loss: 0.596363
Epoch 10 Batch 5 | Loss: 0.588119
Epoch 10 Batch 6 | Loss: 0.551005
Epoch 10 Batch 7 | Loss: 0.591188
Epoch 10 Batch 8 | Loss: 0.559195
Epoch 10 Batch 9 | Loss: 0.552775
Epoch 10 Batch 10 | Loss: 0.582620
Epoch 10 Batch 11 | Loss: 0.521586
Epoch 10 Batch 12 | Loss: 0.595681
Epoch 10 Batch 13 | Loss: 0.535701
--- Epoch 10/30 | Loss: 0.5680 | Train Acc: 71.5% | Test Acc: 66.9% | CM: [TP:54, TN:61, FP:25, FN:32] | Progress: 33.3% | ETA: 22.1s ---
Epoch 11 Batch 1 | Loss: 0.648947 | Stats: min: -0.384, max: 0.165, mean: -0.148
Epoch 11 Batch 2 | Loss: 0.496860
Epoch 11 Batch 3 | Loss: 0.563950
Epoch 11 Batch 4 | Loss: 0.539525
Epoch 11 Batch 5 | Loss: 0.605905
Epoch 11 Batch 6 | Loss: 0.580566
Epoch 11 Batch 7 | Loss: 0.573283
Epoch 11 Batch 8 | Loss: 0.552476
Epoch 11 Batch 9 | Loss: 0.634143
Epoch 11 Batch 10 | Loss: 0.542747
Epoch 11 Batch 11 | Loss: 0.535406
Epoch 11 Batch 12 | Loss: 0.587266
Epoch 11 Batch 13 | Loss: 0.589248
  [STABILITY] Test accuracy improved: 66.86% -> 68.02% (via EMA). Saving best params.
--- Epoch 11/30 | Loss: 0.5731 | Train Acc: 72.0% | Test Acc: 68.0% | CM: [TP:55, TN:62, FP:24, FN:31] | Progress: 36.7% | ETA: 12.1s ---
Epoch 12 Batch 1 | Loss: 0.577464 | Stats: min: -0.317, max: -0.000, mean: -0.194
Epoch 12 Batch 2 | Loss: 0.567327
Epoch 12 Batch 3 | Loss: 0.562772
Epoch 12 Batch 4 | Loss: 0.642904
Epoch 12 Batch 5 | Loss: 0.503442
Epoch 12 Batch 6 | Loss: 0.580557
Epoch 12 Batch 7 | Loss: 0.532396
Epoch 12 Batch 8 | Loss: 0.621806
Epoch 12 Batch 9 | Loss: 0.559274
Epoch 12 Batch 10 | Loss: 0.585311
Epoch 12 Batch 11 | Loss: 0.575560
Epoch 12 Batch 12 | Loss: 0.551176
Epoch 12 Batch 13 | Loss: 0.515706
  [STABILITY] Test accuracy improved: 68.02% -> 68.60% (via EMA). Saving best params.
--- Epoch 12/30 | Loss: 0.5674 | Train Acc: 74.0% | Test Acc: 68.6% | CM: [TP:55, TN:63, FP:23, FN:31] | Progress: 40.0% | ETA: 9.6s ---
Epoch 13 Batch 1 | Loss: 0.575019 | Stats: min: -0.213, max: 0.408, mean: 0.044
Epoch 13 Batch 2 | Loss: 0.516743
Epoch 13 Batch 3 | Loss: 0.541021
Epoch 13 Batch 4 | Loss: 0.580145
Epoch 13 Batch 5 | Loss: 0.527487
Epoch 13 Batch 6 | Loss: 0.577199
Epoch 13 Batch 7 | Loss: 0.622135
Epoch 13 Batch 8 | Loss: 0.527437
Epoch 13 Batch 9 | Loss: 0.573301
Epoch 13 Batch 10 | Loss: 0.563308
Epoch 13 Batch 11 | Loss: 0.613694
Epoch 13 Batch 12 | Loss: 0.557074
Epoch 13 Batch 13 | Loss: 0.555635
  [STABILITY] Test accuracy improved: 68.60% -> 70.35% (via EMA). Saving best params.
--- Epoch 13/30 | Loss: 0.5639 | Train Acc: 74.5% | Test Acc: 70.3% | CM: [TP:57, TN:64, FP:22, FN:29] | Progress: 43.3% | ETA: 7.7s ---
Epoch 14 Batch 1 | Loss: 0.518599 | Stats: min: -0.414, max: 0.195, mean: -0.097
Epoch 14 Batch 2 | Loss: 0.534978
Epoch 14 Batch 3 | Loss: 0.567466
Epoch 14 Batch 4 | Loss: 0.569894
Epoch 14 Batch 5 | Loss: 0.599063
Epoch 14 Batch 6 | Loss: 0.540643
Epoch 14 Batch 7 | Loss: 0.613690
Epoch 14 Batch 8 | Loss: 0.582186
Epoch 14 Batch 9 | Loss: 0.592317
Epoch 14 Batch 10 | Loss: 0.643573
Epoch 14 Batch 11 | Loss: 0.512895
Epoch 14 Batch 12 | Loss: 0.560537
Epoch 14 Batch 13 | Loss: 0.542126
  [STABILITY] Test accuracy improved: 70.35% -> 71.51% (via EMA). Saving best params.
--- Epoch 14/30 | Loss: 0.5675 | Train Acc: 75.0% | Test Acc: 71.5% | CM: [TP:57, TN:66, FP:20, FN:29] | Progress: 46.7% | ETA: 7.3s ---
Epoch 15 Batch 1 | Loss: 0.560372 | Stats: min: -0.292, max: 0.464, mean: -0.019
Epoch 15 Batch 2 | Loss: 0.543023
Epoch 15 Batch 3 | Loss: 0.561272
Epoch 15 Batch 4 | Loss: 0.556591
Epoch 15 Batch 5 | Loss: 0.594146
Epoch 15 Batch 6 | Loss: 0.570662
Epoch 15 Batch 7 | Loss: 0.559003
Epoch 15 Batch 8 | Loss: 0.537975
Epoch 15 Batch 9 | Loss: 0.534964
Epoch 15 Batch 10 | Loss: 0.605906
Epoch 15 Batch 11 | Loss: 0.545997
Epoch 15 Batch 12 | Loss: 0.599602
Epoch 15 Batch 13 | Loss: 0.540892
  [STABILITY] Test accuracy improved: 71.51% -> 72.67% (via EMA). Saving best params.
--- Epoch 15/30 | Loss: 0.5623 | Train Acc: 75.0% | Test Acc: 72.7% | CM: [TP:58, TN:67, FP:19, FN:28] | Progress: 50.0% | ETA: 11.0s ---
Epoch 16 Batch 1 | Loss: 0.569069 | Stats: min: -0.332, max: 0.370, mean: -0.046
Epoch 16 Batch 2 | Loss: 0.560807
Epoch 16 Batch 3 | Loss: 0.531153
Epoch 16 Batch 4 | Loss: 0.614492
Epoch 16 Batch 5 | Loss: 0.491124
Epoch 16 Batch 6 | Loss: 0.572840
Epoch 16 Batch 7 | Loss: 0.558838
Epoch 16 Batch 8 | Loss: 0.565529
Epoch 16 Batch 9 | Loss: 0.564604
Epoch 16 Batch 10 | Loss: 0.508049
Epoch 16 Batch 11 | Loss: 0.620528
Epoch 16 Batch 12 | Loss: 0.528540
Epoch 16 Batch 13 | Loss: 0.631375
--- Epoch 16/30 | Loss: 0.5628 | Train Acc: 74.5% | Test Acc: 72.7% | CM: [TP:57, TN:68, FP:18, FN:29] | Progress: 53.3% | ETA: 10.4s ---
Epoch 17 Batch 1 | Loss: 0.533658 | Stats: min: -0.398, max: 0.439, mean: -0.117
Epoch 17 Batch 2 | Loss: 0.543269
Epoch 17 Batch 3 | Loss: 0.558424
Epoch 17 Batch 4 | Loss: 0.587435
Epoch 17 Batch 5 | Loss: 0.584486
Epoch 17 Batch 6 | Loss: 0.563014
Epoch 17 Batch 7 | Loss: 0.546607
Epoch 17 Batch 8 | Loss: 0.573591
Epoch 17 Batch 9 | Loss: 0.615554
Epoch 17 Batch 10 | Loss: 0.522911
Epoch 17 Batch 11 | Loss: 0.546585
Epoch 17 Batch 12 | Loss: 0.517260
Epoch 17 Batch 13 | Loss: 0.605681
  [STABILITY] Test accuracy improved: 72.67% -> 73.84% (via EMA). Saving best params.
--- Epoch 17/30 | Loss: 0.5614 | Train Acc: 75.5% | Test Acc: 73.8% | CM: [TP:57, TN:70, FP:16, FN:29] | Progress: 56.7% | ETA: 9.4s ---
Epoch 18 Batch 1 | Loss: 0.565334 | Stats: min: -0.390, max: 0.039, mean: -0.088
Epoch 18 Batch 2 | Loss: 0.587364
Epoch 18 Batch 3 | Loss: 0.564483
Epoch 18 Batch 4 | Loss: 0.521483
Epoch 18 Batch 5 | Loss: 0.517646
Epoch 18 Batch 6 | Loss: 0.576887
Epoch 18 Batch 7 | Loss: 0.532168
Epoch 18 Batch 8 | Loss: 0.568394
Epoch 18 Batch 9 | Loss: 0.543700
Epoch 18 Batch 10 | Loss: 0.592062
Epoch 18 Batch 11 | Loss: 0.571120
Epoch 18 Batch 12 | Loss: 0.527425
Epoch 18 Batch 13 | Loss: 0.603268
  [STABILITY] Test accuracy improved: 73.84% -> 75.58% (via EMA). Saving best params.
--- Epoch 18/30 | Loss: 0.5593 | Train Acc: 76.5% | Test Acc: 75.6% | CM: [TP:60, TN:70, FP:16, FN:26] | Progress: 60.0% | ETA: 8.0s ---
Epoch 19 Batch 1 | Loss: 0.560602 | Stats: min: -0.216, max: 0.229, mean: -0.072
Epoch 19 Batch 2 | Loss: 0.555418
Epoch 19 Batch 3 | Loss: 0.553724
Epoch 19 Batch 4 | Loss: 0.537369
Epoch 19 Batch 5 | Loss: 0.551375
Epoch 19 Batch 6 | Loss: 0.547575
Epoch 19 Batch 7 | Loss: 0.550161
Epoch 19 Batch 8 | Loss: 0.556107
Epoch 19 Batch 9 | Loss: 0.567907
Epoch 19 Batch 10 | Loss: 0.585216
Epoch 19 Batch 11 | Loss: 0.522149
Epoch 19 Batch 12 | Loss: 0.559033
Epoch 19 Batch 13 | Loss: 0.549232
  [STABILITY] Test accuracy improved: 75.58% -> 76.74% (via EMA). Saving best params.
--- Epoch 19/30 | Loss: 0.5535 | Train Acc: 76.5% | Test Acc: 76.7% | CM: [TP:61, TN:71, FP:15, FN:25] | Progress: 63.3% | ETA: 7.4s ---
Epoch 20 Batch 1 | Loss: 0.560548 | Stats: min: -0.264, max: 0.238, mean: -0.008
Epoch 20 Batch 2 | Loss: 0.545620
Epoch 20 Batch 3 | Loss: 0.528379
Epoch 20 Batch 4 | Loss: 0.538657
Epoch 20 Batch 5 | Loss: 0.551137
Epoch 20 Batch 6 | Loss: 0.504075
Epoch 20 Batch 7 | Loss: 0.527417
Epoch 20 Batch 8 | Loss: 0.582634
Epoch 20 Batch 9 | Loss: 0.559211
Epoch 20 Batch 10 | Loss: 0.588965
Epoch 20 Batch 11 | Loss: 0.570175
Epoch 20 Batch 12 | Loss: 0.577349
Epoch 20 Batch 13 | Loss: 0.543059
  [STABILITY] Test accuracy improved: 76.74% -> 78.49% (via EMA). Saving best params.
--- Epoch 20/30 | Loss: 0.5521 | Train Acc: 78.0% | Test Acc: 78.5% | CM: [TP:61, TN:74, FP:12, FN:25] | Progress: 66.7% | ETA: 6.8s ---
Epoch 21 Batch 1 | Loss: 0.524643 | Stats: min: -0.370, max: 0.260, mean: -0.049
Epoch 21 Batch 2 | Loss: 0.557394
Epoch 21 Batch 3 | Loss: 0.572369
Epoch 21 Batch 4 | Loss: 0.515565
Epoch 21 Batch 5 | Loss: 0.535811
Epoch 21 Batch 6 | Loss: 0.554682
Epoch 21 Batch 7 | Loss: 0.600571
Epoch 21 Batch 8 | Loss: 0.514568
Epoch 21 Batch 9 | Loss: 0.621105
Epoch 21 Batch 10 | Loss: 0.558031
Epoch 21 Batch 11 | Loss: 0.557561
Epoch 21 Batch 12 | Loss: 0.513442
Epoch 21 Batch 13 | Loss: 0.567633
  [STABILITY] Test accuracy improved: 78.49% -> 79.07% (via EMA). Saving best params.
--- Epoch 21/30 | Loss: 0.5533 | Train Acc: 78.5% | Test Acc: 79.1% | CM: [TP:61, TN:75, FP:11, FN:25] | Progress: 70.0% | ETA: 5.3s ---
Epoch 22 Batch 1 | Loss: 0.596010 | Stats: min: -0.278, max: 0.211, mean: -0.146
Epoch 22 Batch 2 | Loss: 0.542095
Epoch 22 Batch 3 | Loss: 0.548423
Epoch 22 Batch 4 | Loss: 0.561448
Epoch 22 Batch 5 | Loss: 0.554342
Epoch 22 Batch 6 | Loss: 0.547689
Epoch 22 Batch 7 | Loss: 0.525378
Epoch 22 Batch 8 | Loss: 0.542986
Epoch 22 Batch 9 | Loss: 0.554703
Epoch 22 Batch 10 | Loss: 0.581176
Epoch 22 Batch 11 | Loss: 0.515830
Epoch 22 Batch 12 | Loss: 0.511894
Epoch 22 Batch 13 | Loss: 0.599059
  [STABILITY] Test accuracy improved: 79.07% -> 80.23% (via EMA). Saving best params.
--- Epoch 22/30 | Loss: 0.5524 | Train Acc: 79.5% | Test Acc: 80.2% | CM: [TP:62, TN:76, FP:10, FN:24] | Progress: 73.3% | ETA: 4.7s ---
Epoch 23 Batch 1 | Loss: 0.572516 | Stats: min: -0.356, max: 0.030, mean: -0.214
Epoch 23 Batch 2 | Loss: 0.556187
Epoch 23 Batch 3 | Loss: 0.499705
Epoch 23 Batch 4 | Loss: 0.568871
Epoch 23 Batch 5 | Loss: 0.567306
Epoch 23 Batch 6 | Loss: 0.556307
Epoch 23 Batch 7 | Loss: 0.493819
Epoch 23 Batch 8 | Loss: 0.574593
Epoch 23 Batch 9 | Loss: 0.503950
Epoch 23 Batch 10 | Loss: 0.551354
Epoch 23 Batch 11 | Loss: 0.576246
Epoch 23 Batch 12 | Loss: 0.546829
Epoch 23 Batch 13 | Loss: 0.512078
--- Epoch 23/30 | Loss: 0.5446 | Train Acc: 80.5% | Test Acc: 80.2% | CM: [TP:62, TN:76, FP:10, FN:24] | Progress: 76.7% | ETA: 3.8s ---
Epoch 24 Batch 1 | Loss: 0.556083 | Stats: min: -0.105, max: 0.307, mean: 0.059
Epoch 24 Batch 2 | Loss: 0.564346
Epoch 24 Batch 3 | Loss: 0.560868
Epoch 24 Batch 4 | Loss: 0.576187
Epoch 24 Batch 5 | Loss: 0.548708
Epoch 24 Batch 6 | Loss: 0.536506
Epoch 24 Batch 7 | Loss: 0.525776
Epoch 24 Batch 8 | Loss: 0.537224
Epoch 24 Batch 9 | Loss: 0.517867
Epoch 24 Batch 10 | Loss: 0.523124
Epoch 24 Batch 11 | Loss: 0.547467
Epoch 24 Batch 12 | Loss: 0.519299
Epoch 24 Batch 13 | Loss: 0.540135
  [STABILITY] Test accuracy improved: 80.23% -> 81.40% (via EMA). Saving best params.
--- Epoch 24/30 | Loss: 0.5426 | Train Acc: 81.5% | Test Acc: 81.4% | CM: [TP:63, TN:77, FP:9, FN:23] | Progress: 80.0% | ETA: 3.2s ---
Epoch 25 Batch 1 | Loss: 0.529507 | Stats: min: -0.397, max: 0.040, mean: -0.203
Epoch 25 Batch 2 | Loss: 0.504440
Epoch 25 Batch 3 | Loss: 0.578316
Epoch 25 Batch 4 | Loss: 0.547149
Epoch 25 Batch 5 | Loss: 0.535122
Epoch 25 Batch 6 | Loss: 0.566612
Epoch 25 Batch 7 | Loss: 0.533159
Epoch 25 Batch 8 | Loss: 0.549572
Epoch 25 Batch 9 | Loss: 0.563876
Epoch 25 Batch 10 | Loss: 0.532960
Epoch 25 Batch 11 | Loss: 0.543986
Epoch 25 Batch 12 | Loss: 0.510013
Epoch 25 Batch 13 | Loss: 0.496420
  [STABILITY] Test accuracy improved: 81.40% -> 82.56% (via EMA). Saving best params.
--- Epoch 25/30 | Loss: 0.5378 | Train Acc: 83.0% | Test Acc: 82.6% | CM: [TP:65, TN:77, FP:9, FN:21] | Progress: 83.3% | ETA: 2.7s ---
Epoch 26 Batch 1 | Loss: 0.522060 | Stats: min: -0.306, max: 0.085, mean: -0.162
Epoch 26 Batch 2 | Loss: 0.548298
Epoch 26 Batch 3 | Loss: 0.511668
Epoch 26 Batch 4 | Loss: 0.546326
Epoch 26 Batch 5 | Loss: 0.513553
Epoch 26 Batch 6 | Loss: 0.567169
Epoch 26 Batch 7 | Loss: 0.534851
Epoch 26 Batch 8 | Loss: 0.538796
Epoch 26 Batch 9 | Loss: 0.559740
Epoch 26 Batch 10 | Loss: 0.526515
Epoch 26 Batch 11 | Loss: 0.552866
Epoch 26 Batch 12 | Loss: 0.514934
Epoch 26 Batch 13 | Loss: 0.583865
  [STABILITY] Test accuracy improved: 82.56% -> 84.30% (via EMA). Saving best params.
--- Epoch 26/30 | Loss: 0.5400 | Train Acc: 84.5% | Test Acc: 84.3% | CM: [TP:67, TN:78, FP:8, FN:19] | Progress: 86.7% | ETA: 1.9s ---
Epoch 27 Batch 1 | Loss: 0.549594 | Stats: min: -0.237, max: 0.471, mean: 0.179
Epoch 27 Batch 2 | Loss: 0.542165
Epoch 27 Batch 3 | Loss: 0.522664
Epoch 27 Batch 4 | Loss: 0.544815
Epoch 27 Batch 5 | Loss: 0.538002
Epoch 27 Batch 6 | Loss: 0.525440
Epoch 27 Batch 7 | Loss: 0.540124
Epoch 27 Batch 8 | Loss: 0.556150
Epoch 27 Batch 9 | Loss: 0.520199
Epoch 27 Batch 10 | Loss: 0.550861
Epoch 27 Batch 11 | Loss: 0.520853
Epoch 27 Batch 12 | Loss: 0.537502
Epoch 27 Batch 13 | Loss: 0.514865
  [STABILITY] Test accuracy improved: 84.30% -> 86.05% (via EMA). Saving best params.
--- Epoch 27/30 | Loss: 0.5356 | Train Acc: 84.5% | Test Acc: 86.0% | CM: [TP:70, TN:78, FP:8, FN:16] | Progress: 90.0% | ETA: 1.4s ---
Epoch 28 Batch 1 | Loss: 0.557214 | Stats: min: -0.350, max: 0.178, mean: -0.111
Epoch 28 Batch 2 | Loss: 0.524269
Epoch 28 Batch 3 | Loss: 0.543506
Epoch 28 Batch 4 | Loss: 0.540013
Epoch 28 Batch 5 | Loss: 0.534055
Epoch 28 Batch 6 | Loss: 0.500448
Epoch 28 Batch 7 | Loss: 0.542424
Epoch 28 Batch 8 | Loss: 0.551880
Epoch 28 Batch 9 | Loss: 0.551341
Epoch 28 Batch 10 | Loss: 0.567275
Epoch 28 Batch 11 | Loss: 0.536581
Epoch 28 Batch 12 | Loss: 0.507846
Epoch 28 Batch 13 | Loss: 0.528386
  [STABILITY] Test accuracy improved: 86.05% -> 87.79% (via EMA). Saving best params.
--- Epoch 28/30 | Loss: 0.5373 | Train Acc: 85.5% | Test Acc: 87.8% | CM: [TP:73, TN:78, FP:8, FN:13] | Progress: 93.3% | ETA: 0.8s ---
Epoch 29 Batch 1 | Loss: 0.527383 | Stats: min: -0.360, max: 0.224, mean: -0.135
Epoch 29 Batch 2 | Loss: 0.517929
Epoch 29 Batch 3 | Loss: 0.540337
Epoch 29 Batch 4 | Loss: 0.515151
Epoch 29 Batch 5 | Loss: 0.525012
Epoch 29 Batch 6 | Loss: 0.545383
Epoch 29 Batch 7 | Loss: 0.534875
Epoch 29 Batch 8 | Loss: 0.547659
Epoch 29 Batch 9 | Loss: 0.549680
Epoch 29 Batch 10 | Loss: 0.531641
Epoch 29 Batch 11 | Loss: 0.533989
Epoch 29 Batch 12 | Loss: 0.523974
Epoch 29 Batch 13 | Loss: 0.530765
  [STABILITY] Test accuracy improved: 87.79% -> 88.37% (via EMA). Saving best params.
--- Epoch 29/30 | Loss: 0.5326 | Train Acc: 87.5% | Test Acc: 88.4% | CM: [TP:73, TN:79, FP:7, FN:13] | Progress: 96.7% | ETA: 0.4s ---
Epoch 30 Batch 1 | Loss: 0.515632 | Stats: min: -0.083, max: 0.362, mean: 0.173
Epoch 30 Batch 2 | Loss: 0.512450
Epoch 30 Batch 3 | Loss: 0.511052
Epoch 30 Batch 4 | Loss: 0.548945
Epoch 30 Batch 5 | Loss: 0.556976
Epoch 30 Batch 6 | Loss: 0.528170
Epoch 30 Batch 7 | Loss: 0.531481
Epoch 30 Batch 8 | Loss: 0.518477
Epoch 30 Batch 9 | Loss: 0.552685
Epoch 30 Batch 10 | Loss: 0.523618
Epoch 30 Batch 11 | Loss: 0.566033
Epoch 30 Batch 12 | Loss: 0.519547
Epoch 30 Batch 13 | Loss: 0.502627
  [STABILITY] Test accuracy improved: 88.37% -> 90.12% (via EMA). Saving best params.
--- Epoch 30/30 | Loss: 0.5298 | Train Acc: 88.0% | Test Acc: 90.1% | CM: [TP:76, TN:79, FP:7, FN:10] | Progress: 100.0% | ETA: 0.0s ---

Final Best Test Accuracy: 90.12%


Best Quantum Test Accuracy: 0.901
