DEBUG: Qtrainer enters train_pure_quantum_cnn. Encoding: amplitude
  Class Weights: +1 (Target): 1.00 | -1 (Rest): 1.00
Starting Training
==================================================
Epoch 1 Batch 1 | Loss: 0.768398 | Stats: min: -0.015, max: 0.205, mean: 0.120
Epoch 1 Batch 2 | Loss: 0.713847
Epoch 1 Batch 3 | Loss: 0.683451
Epoch 1 Batch 4 | Loss: 0.685728
Epoch 1 Batch 5 | Loss: 0.747529
Epoch 1 Batch 6 | Loss: 0.653427
Epoch 1 Batch 7 | Loss: 0.715519
Epoch 1 Batch 8 | Loss: 0.769099
Epoch 1 Batch 9 | Loss: 0.657366
Epoch 1 Batch 10 | Loss: 0.707399
Epoch 1 Batch 11 | Loss: 0.687827
Epoch 1 Batch 12 | Loss: 0.676414
Epoch 1 Batch 13 | Loss: 0.619185
  [STABILITY] Test accuracy improved: 0.00% -> 45.93% (via EMA). Saving best params.
--- Epoch 1/30 | Loss: 0.6989 | Train Acc: 42.0% | Test Acc: 45.9% | CM: [TP:73, TN:6, FP:80, FN:13] | Progress: 3.3% | ETA: 224.8s ---
Epoch 2 Batch 1 | Loss: 0.656420 | Stats: min: -0.211, max: 0.275, mean: -0.018
Epoch 2 Batch 2 | Loss: 0.672419
Epoch 2 Batch 3 | Loss: 0.662142
Epoch 2 Batch 4 | Loss: 0.643650
Epoch 2 Batch 5 | Loss: 0.654173
Epoch 2 Batch 6 | Loss: 0.687517
Epoch 2 Batch 7 | Loss: 0.642176
Epoch 2 Batch 8 | Loss: 0.657817
Epoch 2 Batch 9 | Loss: 0.670659
Epoch 2 Batch 10 | Loss: 0.635099
Epoch 2 Batch 11 | Loss: 0.689230
Epoch 2 Batch 12 | Loss: 0.620044
Epoch 2 Batch 13 | Loss: 0.675548
  [STABILITY] Test accuracy improved: 45.93% -> 46.51% (via EMA). Saving best params.
--- Epoch 2/30 | Loss: 0.6590 | Train Acc: 41.5% | Test Acc: 46.5% | CM: [TP:74, TN:6, FP:80, FN:12] | Progress: 6.7% | ETA: 132.3s ---
Epoch 3 Batch 1 | Loss: 0.638510 | Stats: min: -0.378, max: -0.186, mean: -0.267
Epoch 3 Batch 2 | Loss: 0.612583
Epoch 3 Batch 3 | Loss: 0.623733
Epoch 3 Batch 4 | Loss: 0.685209
Epoch 3 Batch 5 | Loss: 0.669522
Epoch 3 Batch 6 | Loss: 0.616804
Epoch 3 Batch 7 | Loss: 0.629003
Epoch 3 Batch 8 | Loss: 0.633496
Epoch 3 Batch 9 | Loss: 0.647005
Epoch 3 Batch 10 | Loss: 0.604666
Epoch 3 Batch 11 | Loss: 0.650837
Epoch 3 Batch 12 | Loss: 0.593714
Epoch 3 Batch 13 | Loss: 0.616297
  [STABILITY] Test accuracy improved: 46.51% -> 49.42% (via EMA). Saving best params.
--- Epoch 3/30 | Loss: 0.6324 | Train Acc: 41.5% | Test Acc: 49.4% | CM: [TP:76, TN:9, FP:77, FN:10] | Progress: 10.0% | ETA: 103.1s ---
Epoch 4 Batch 1 | Loss: 0.637895 | Stats: min: -0.185, max: 0.230, mean: -0.068
Epoch 4 Batch 2 | Loss: 0.600058
Epoch 4 Batch 3 | Loss: 0.628821
Epoch 4 Batch 4 | Loss: 0.605890
Epoch 4 Batch 5 | Loss: 0.603528
Epoch 4 Batch 6 | Loss: 0.653947
Epoch 4 Batch 7 | Loss: 0.641529
Epoch 4 Batch 8 | Loss: 0.613113
Epoch 4 Batch 9 | Loss: 0.653315
Epoch 4 Batch 10 | Loss: 0.601642
Epoch 4 Batch 11 | Loss: 0.600457
Epoch 4 Batch 12 | Loss: 0.607601
Epoch 4 Batch 13 | Loss: 0.547297
  [STABILITY] Test accuracy improved: 49.42% -> 55.23% (via EMA). Saving best params.
--- Epoch 4/30 | Loss: 0.6150 | Train Acc: 52.0% | Test Acc: 55.2% | CM: [TP:53, TN:42, FP:44, FN:33] | Progress: 13.3% | ETA: 75.8s ---
Epoch 5 Batch 1 | Loss: 0.641983 | Stats: min: -0.199, max: 0.448, mean: 0.000
Epoch 5 Batch 2 | Loss: 0.649542
Epoch 5 Batch 3 | Loss: 0.643347
Epoch 5 Batch 4 | Loss: 0.625758
Epoch 5 Batch 5 | Loss: 0.665308
Epoch 5 Batch 6 | Loss: 0.620065
Epoch 5 Batch 7 | Loss: 0.577689
Epoch 5 Batch 8 | Loss: 0.553839
Epoch 5 Batch 9 | Loss: 0.552967
Epoch 5 Batch 10 | Loss: 0.607649
Epoch 5 Batch 11 | Loss: 0.617771
Epoch 5 Batch 12 | Loss: 0.562582
Epoch 5 Batch 13 | Loss: 0.541204
  [STABILITY] Test accuracy improved: 55.23% -> 56.98% (via EMA). Saving best params.
--- Epoch 5/30 | Loss: 0.6046 | Train Acc: 61.0% | Test Acc: 57.0% | CM: [TP:40, TN:58, FP:28, FN:46] | Progress: 16.7% | ETA: 31.1s ---
Epoch 6 Batch 1 | Loss: 0.582231 | Stats: min: -0.057, max: 0.211, mean: 0.063
Epoch 6 Batch 2 | Loss: 0.644530
Epoch 6 Batch 3 | Loss: 0.584830
Epoch 6 Batch 4 | Loss: 0.648045
Epoch 6 Batch 5 | Loss: 0.575028
Epoch 6 Batch 6 | Loss: 0.600473
Epoch 6 Batch 7 | Loss: 0.566523
Epoch 6 Batch 8 | Loss: 0.620980
Epoch 6 Batch 9 | Loss: 0.567473
Epoch 6 Batch 10 | Loss: 0.601503
Epoch 6 Batch 11 | Loss: 0.575835
Epoch 6 Batch 12 | Loss: 0.591871
Epoch 6 Batch 13 | Loss: 0.670534
  [STABILITY] Test accuracy improved: 56.98% -> 57.56% (via EMA). Saving best params.
--- Epoch 6/30 | Loss: 0.6023 | Train Acc: 62.5% | Test Acc: 57.6% | CM: [TP:41, TN:58, FP:28, FN:45] | Progress: 20.0% | ETA: 23.1s ---
Epoch 7 Batch 1 | Loss: 0.625178 | Stats: min: -0.270, max: 0.382, mean: -0.038
Epoch 7 Batch 2 | Loss: 0.555516
Epoch 7 Batch 3 | Loss: 0.596002
Epoch 7 Batch 4 | Loss: 0.615674
Epoch 7 Batch 5 | Loss: 0.593650
Epoch 7 Batch 6 | Loss: 0.566923
Epoch 7 Batch 7 | Loss: 0.605117
Epoch 7 Batch 8 | Loss: 0.552386
Epoch 7 Batch 9 | Loss: 0.603191
Epoch 7 Batch 10 | Loss: 0.605713
Epoch 7 Batch 11 | Loss: 0.623633
Epoch 7 Batch 12 | Loss: 0.580697
Epoch 7 Batch 13 | Loss: 0.529629
--- Epoch 7/30 | Loss: 0.5887 | Train Acc: 64.5% | Test Acc: 57.6% | CM: [TP:43, TN:56, FP:30, FN:43] | Progress: 23.3% | ETA: 19.0s ---
Epoch 8 Batch 1 | Loss: 0.590007 | Stats: min: -0.352, max: -0.060, mean: -0.193
Epoch 8 Batch 2 | Loss: 0.594307
Epoch 8 Batch 3 | Loss: 0.590186
Epoch 8 Batch 4 | Loss: 0.672769
Epoch 8 Batch 5 | Loss: 0.579894
Epoch 8 Batch 6 | Loss: 0.573739
Epoch 8 Batch 7 | Loss: 0.534466
Epoch 8 Batch 8 | Loss: 0.617378
Epoch 8 Batch 9 | Loss: 0.553843
Epoch 8 Batch 10 | Loss: 0.512833
Epoch 8 Batch 11 | Loss: 0.568039
Epoch 8 Batch 12 | Loss: 0.612662
Epoch 8 Batch 13 | Loss: 0.538336
  [STABILITY] Test accuracy improved: 57.56% -> 58.72% (via EMA). Saving best params.
--- Epoch 8/30 | Loss: 0.5799 | Train Acc: 64.0% | Test Acc: 58.7% | CM: [TP:48, TN:53, FP:33, FN:38] | Progress: 26.7% | ETA: 25.6s ---
Epoch 9 Batch 1 | Loss: 0.578428 | Stats: min: -0.111, max: 0.587, mean: 0.099
Epoch 9 Batch 2 | Loss: 0.603431
Epoch 9 Batch 3 | Loss: 0.627014
Epoch 9 Batch 4 | Loss: 0.564269
Epoch 9 Batch 5 | Loss: 0.584516
Epoch 9 Batch 6 | Loss: 0.518441
Epoch 9 Batch 7 | Loss: 0.599943
Epoch 9 Batch 8 | Loss: 0.541953
Epoch 9 Batch 9 | Loss: 0.547454
Epoch 9 Batch 10 | Loss: 0.541372
Epoch 9 Batch 11 | Loss: 0.519262
Epoch 9 Batch 12 | Loss: 0.563321
Epoch 9 Batch 13 | Loss: 0.541936
  [STABILITY] Test accuracy improved: 58.72% -> 61.63% (via EMA). Saving best params.
--- Epoch 9/30 | Loss: 0.5639 | Train Acc: 65.0% | Test Acc: 61.6% | CM: [TP:53, TN:53, FP:33, FN:33] | Progress: 30.0% | ETA: 14.5s ---
Epoch 10 Batch 1 | Loss: 0.606370 | Stats: min: -0.370, max: 0.290, mean: -0.082
Epoch 10 Batch 2 | Loss: 0.513542
Epoch 10 Batch 3 | Loss: 0.503778
Epoch 10 Batch 4 | Loss: 0.587716
Epoch 10 Batch 5 | Loss: 0.586910
Epoch 10 Batch 6 | Loss: 0.577326
Epoch 10 Batch 7 | Loss: 0.573921
Epoch 10 Batch 8 | Loss: 0.537792
Epoch 10 Batch 9 | Loss: 0.566252
Epoch 10 Batch 10 | Loss: 0.582338
Epoch 10 Batch 11 | Loss: 0.510997
Epoch 10 Batch 12 | Loss: 0.520434
Epoch 10 Batch 13 | Loss: 0.536392
--- Epoch 10/30 | Loss: 0.5541 | Train Acc: 65.5% | Test Acc: 61.6% | CM: [TP:56, TN:50, FP:36, FN:30] | Progress: 33.3% | ETA: 11.9s ---
Epoch 11 Batch 1 | Loss: 0.569179 | Stats: min: -0.271, max: 0.332, mean: -0.023
Epoch 11 Batch 2 | Loss: 0.585364
Epoch 11 Batch 3 | Loss: 0.523219
Epoch 11 Batch 4 | Loss: 0.538528
Epoch 11 Batch 5 | Loss: 0.566526
Epoch 11 Batch 6 | Loss: 0.528836
Epoch 11 Batch 7 | Loss: 0.532884
Epoch 11 Batch 8 | Loss: 0.518713
Epoch 11 Batch 9 | Loss: 0.498126
Epoch 11 Batch 10 | Loss: 0.582326
Epoch 11 Batch 11 | Loss: 0.555831
Epoch 11 Batch 12 | Loss: 0.535775
Epoch 11 Batch 13 | Loss: 0.542136
  [STABILITY] Test accuracy improved: 61.63% -> 64.53% (via EMA). Saving best params.
--- Epoch 11/30 | Loss: 0.5444 | Train Acc: 65.5% | Test Acc: 64.5% | CM: [TP:61, TN:50, FP:36, FN:25] | Progress: 36.7% | ETA: 11.0s ---
Epoch 12 Batch 1 | Loss: 0.545143 | Stats: min: -0.218, max: 0.339, mean: -0.085
Epoch 12 Batch 2 | Loss: 0.494503
Epoch 12 Batch 3 | Loss: 0.528989
Epoch 12 Batch 4 | Loss: 0.508232
Epoch 12 Batch 5 | Loss: 0.523459
Epoch 12 Batch 6 | Loss: 0.565288
Epoch 12 Batch 7 | Loss: 0.530213
Epoch 12 Batch 8 | Loss: 0.551231
Epoch 12 Batch 9 | Loss: 0.530260
Epoch 12 Batch 10 | Loss: 0.523565
Epoch 12 Batch 11 | Loss: 0.572517
Epoch 12 Batch 12 | Loss: 0.559335
Epoch 12 Batch 13 | Loss: 0.520918
  [STABILITY] Test accuracy improved: 64.53% -> 66.86% (via EMA). Saving best params.
--- Epoch 12/30 | Loss: 0.5349 | Train Acc: 68.5% | Test Acc: 66.9% | CM: [TP:64, TN:51, FP:35, FN:22] | Progress: 40.0% | ETA: 9.2s ---
Epoch 13 Batch 1 | Loss: 0.547974 | Stats: min: -0.222, max: 0.172, mean: -0.016
Epoch 13 Batch 2 | Loss: 0.561376
Epoch 13 Batch 3 | Loss: 0.492389
Epoch 13 Batch 4 | Loss: 0.549208
Epoch 13 Batch 5 | Loss: 0.503220
Epoch 13 Batch 6 | Loss: 0.536677
Epoch 13 Batch 7 | Loss: 0.551772
Epoch 13 Batch 8 | Loss: 0.526031
Epoch 13 Batch 9 | Loss: 0.544164
Epoch 13 Batch 10 | Loss: 0.529789
Epoch 13 Batch 11 | Loss: 0.499852
Epoch 13 Batch 12 | Loss: 0.544056
Epoch 13 Batch 13 | Loss: 0.503358
  [STABILITY] Test accuracy improved: 66.86% -> 70.93% (via EMA). Saving best params.
--- Epoch 13/30 | Loss: 0.5300 | Train Acc: 72.5% | Test Acc: 70.9% | CM: [TP:65, TN:57, FP:29, FN:21] | Progress: 43.3% | ETA: 8.1s ---
Epoch 14 Batch 1 | Loss: 0.488211 | Stats: min: -0.400, max: 0.466, mean: -0.010
Epoch 14 Batch 2 | Loss: 0.505186
Epoch 14 Batch 3 | Loss: 0.504692
Epoch 14 Batch 4 | Loss: 0.527160
Epoch 14 Batch 5 | Loss: 0.537811
Epoch 14 Batch 6 | Loss: 0.530541
Epoch 14 Batch 7 | Loss: 0.537067
Epoch 14 Batch 8 | Loss: 0.517699
Epoch 14 Batch 9 | Loss: 0.525610
Epoch 14 Batch 10 | Loss: 0.515196
Epoch 14 Batch 11 | Loss: 0.580491
Epoch 14 Batch 12 | Loss: 0.541956
Epoch 14 Batch 13 | Loss: 0.540370
  [STABILITY] Test accuracy improved: 70.93% -> 75.58% (via EMA). Saving best params.
--- Epoch 14/30 | Loss: 0.5271 | Train Acc: 75.5% | Test Acc: 75.6% | CM: [TP:68, TN:62, FP:24, FN:18] | Progress: 46.7% | ETA: 6.7s ---
Epoch 15 Batch 1 | Loss: 0.525089 | Stats: min: -0.146, max: 0.497, mean: 0.269
Epoch 15 Batch 2 | Loss: 0.569035
Epoch 15 Batch 3 | Loss: 0.526581
Epoch 15 Batch 4 | Loss: 0.506987
Epoch 15 Batch 5 | Loss: 0.521225
Epoch 15 Batch 6 | Loss: 0.557544
Epoch 15 Batch 7 | Loss: 0.564504
Epoch 15 Batch 8 | Loss: 0.524854
Epoch 15 Batch 9 | Loss: 0.536944
Epoch 15 Batch 10 | Loss: 0.510685
Epoch 15 Batch 11 | Loss: 0.524594
Epoch 15 Batch 12 | Loss: 0.560150
Epoch 15 Batch 13 | Loss: 0.544708
  [STABILITY] Test accuracy improved: 75.58% -> 77.91% (via EMA). Saving best params.
--- Epoch 15/30 | Loss: 0.5364 | Train Acc: 78.5% | Test Acc: 77.9% | CM: [TP:68, TN:66, FP:20, FN:18] | Progress: 50.0% | ETA: 6.0s ---
Epoch 16 Batch 1 | Loss: 0.535442 | Stats: min: -0.399, max: 0.076, mean: -0.176
Epoch 16 Batch 2 | Loss: 0.520054
Epoch 16 Batch 3 | Loss: 0.512340
Epoch 16 Batch 4 | Loss: 0.513727
Epoch 16 Batch 5 | Loss: 0.527110
Epoch 16 Batch 6 | Loss: 0.512657
Epoch 16 Batch 7 | Loss: 0.546554
Epoch 16 Batch 8 | Loss: 0.514104
Epoch 16 Batch 9 | Loss: 0.534952
Epoch 16 Batch 10 | Loss: 0.547082
Epoch 16 Batch 11 | Loss: 0.526704
Epoch 16 Batch 12 | Loss: 0.514626
Epoch 16 Batch 13 | Loss: 0.535822
  [STABILITY] Test accuracy improved: 77.91% -> 79.65% (via EMA). Saving best params.
--- Epoch 16/30 | Loss: 0.5262 | Train Acc: 82.5% | Test Acc: 79.7% | CM: [TP:69, TN:68, FP:18, FN:17] | Progress: 53.3% | ETA: 5.6s ---
Epoch 17 Batch 1 | Loss: 0.501632 | Stats: min: -0.122, max: 0.233, mean: 0.128
Epoch 17 Batch 2 | Loss: 0.525767
Epoch 17 Batch 3 | Loss: 0.488329
Epoch 17 Batch 4 | Loss: 0.502685
Epoch 17 Batch 5 | Loss: 0.526556
Epoch 17 Batch 6 | Loss: 0.540587
Epoch 17 Batch 7 | Loss: 0.521640
Epoch 17 Batch 8 | Loss: 0.517026
Epoch 17 Batch 9 | Loss: 0.522038
Epoch 17 Batch 10 | Loss: 0.524669
Epoch 17 Batch 11 | Loss: 0.561274
Epoch 17 Batch 12 | Loss: 0.525402
Epoch 17 Batch 13 | Loss: 0.490677
--- Epoch 17/30 | Loss: 0.5191 | Train Acc: 84.0% | Test Acc: 78.5% | CM: [TP:68, TN:67, FP:19, FN:18] | Progress: 56.7% | ETA: 5.8s ---
Epoch 18 Batch 1 | Loss: 0.545835 | Stats: min: -0.029, max: 0.245, mean: 0.117
Epoch 18 Batch 2 | Loss: 0.521439
Epoch 18 Batch 3 | Loss: 0.527450
Epoch 18 Batch 4 | Loss: 0.504269
Epoch 18 Batch 5 | Loss: 0.509613
Epoch 18 Batch 6 | Loss: 0.538122
Epoch 18 Batch 7 | Loss: 0.515372
Epoch 18 Batch 8 | Loss: 0.517901
Epoch 18 Batch 9 | Loss: 0.518201
Epoch 18 Batch 10 | Loss: 0.538149
Epoch 18 Batch 11 | Loss: 0.526438
Epoch 18 Batch 12 | Loss: 0.496857
Epoch 18 Batch 13 | Loss: 0.524972
  [STABILITY] Test accuracy improved: 79.65% -> 80.23% (via EMA). Saving best params.
--- Epoch 18/30 | Loss: 0.5219 | Train Acc: 86.5% | Test Acc: 80.2% | CM: [TP:69, TN:69, FP:17, FN:17] | Progress: 60.0% | ETA: 4.6s ---
Epoch 19 Batch 1 | Loss: 0.514523 | Stats: min: -0.152, max: 0.385, mean: 0.104
Epoch 19 Batch 2 | Loss: 0.496606
Epoch 19 Batch 3 | Loss: 0.540846
Epoch 19 Batch 4 | Loss: 0.521876
Epoch 19 Batch 5 | Loss: 0.517480
Epoch 19 Batch 6 | Loss: 0.517872
Epoch 19 Batch 7 | Loss: 0.539277
Epoch 19 Batch 8 | Loss: 0.536753
Epoch 19 Batch 9 | Loss: 0.494737
Epoch 19 Batch 10 | Loss: 0.516064
Epoch 19 Batch 11 | Loss: 0.524339
Epoch 19 Batch 12 | Loss: 0.523485
Epoch 19 Batch 13 | Loss: 0.516503
  [STABILITY] Test accuracy improved: 80.23% -> 83.14% (via EMA). Saving best params.
--- Epoch 19/30 | Loss: 0.5200 | Train Acc: 91.5% | Test Acc: 83.1% | CM: [TP:71, TN:72, FP:14, FN:15] | Progress: 63.3% | ETA: 4.8s ---
Epoch 20 Batch 1 | Loss: 0.535229 | Stats: min: -0.074, max: 0.217, mean: 0.081
Epoch 20 Batch 2 | Loss: 0.498660
Epoch 20 Batch 3 | Loss: 0.539938
Epoch 20 Batch 4 | Loss: 0.519302
Epoch 20 Batch 5 | Loss: 0.492377
Epoch 20 Batch 6 | Loss: 0.502371
Epoch 20 Batch 7 | Loss: 0.522136
Epoch 20 Batch 8 | Loss: 0.553443
Epoch 20 Batch 9 | Loss: 0.517461
Epoch 20 Batch 10 | Loss: 0.523119
Epoch 20 Batch 11 | Loss: 0.528747
Epoch 20 Batch 12 | Loss: 0.515022
Epoch 20 Batch 13 | Loss: 0.504435
  [STABILITY] Test accuracy improved: 83.14% -> 85.47% (via EMA). Saving best params.
--- Epoch 20/30 | Loss: 0.5194 | Train Acc: 92.5% | Test Acc: 85.5% | CM: [TP:74, TN:73, FP:13, FN:12] | Progress: 66.7% | ETA: 5.0s ---
Epoch 21 Batch 1 | Loss: 0.507836 | Stats: min: -0.333, max: 0.315, mean: 0.010
Epoch 21 Batch 2 | Loss: 0.555968
Epoch 21 Batch 3 | Loss: 0.526047
Epoch 21 Batch 4 | Loss: 0.520494
Epoch 21 Batch 5 | Loss: 0.503635
Epoch 21 Batch 6 | Loss: 0.526554
Epoch 21 Batch 7 | Loss: 0.500952
Epoch 21 Batch 8 | Loss: 0.539623
Epoch 21 Batch 9 | Loss: 0.490632
Epoch 21 Batch 10 | Loss: 0.502894
Epoch 21 Batch 11 | Loss: 0.527669
Epoch 21 Batch 12 | Loss: 0.532573
Epoch 21 Batch 13 | Loss: 0.510685
  [STABILITY] Test accuracy improved: 85.47% -> 86.63% (via EMA). Saving best params.
--- Epoch 21/30 | Loss: 0.5189 | Train Acc: 93.5% | Test Acc: 86.6% | CM: [TP:75, TN:74, FP:12, FN:11] | Progress: 70.0% | ETA: 3.3s ---
Epoch 22 Batch 1 | Loss: 0.515358 | Stats: min: -0.404, max: 0.237, mean: -0.018
Epoch 22 Batch 2 | Loss: 0.510580
Epoch 22 Batch 3 | Loss: 0.525541
Epoch 22 Batch 4 | Loss: 0.537885
Epoch 22 Batch 5 | Loss: 0.545721
Epoch 22 Batch 6 | Loss: 0.541197
Epoch 22 Batch 7 | Loss: 0.525285
Epoch 22 Batch 8 | Loss: 0.521780
Epoch 22 Batch 9 | Loss: 0.496042
Epoch 22 Batch 10 | Loss: 0.521608
Epoch 22 Batch 11 | Loss: 0.553999
Epoch 22 Batch 12 | Loss: 0.527488
Epoch 22 Batch 13 | Loss: 0.522721
  [STABILITY] Test accuracy improved: 86.63% -> 88.95% (via EMA). Saving best params.
--- Epoch 22/30 | Loss: 0.5266 | Train Acc: 94.5% | Test Acc: 89.0% | CM: [TP:78, TN:75, FP:11, FN:8] | Progress: 73.3% | ETA: 2.5s ---
Epoch 23 Batch 1 | Loss: 0.513331 | Stats: min: -0.292, max: 0.225, mean: -0.004
Epoch 23 Batch 2 | Loss: 0.516133
Epoch 23 Batch 3 | Loss: 0.499139
Epoch 23 Batch 4 | Loss: 0.519460
Epoch 23 Batch 5 | Loss: 0.517015
Epoch 23 Batch 6 | Loss: 0.521309
Epoch 23 Batch 7 | Loss: 0.529051
Epoch 23 Batch 8 | Loss: 0.512420
Epoch 23 Batch 9 | Loss: 0.512388
Epoch 23 Batch 10 | Loss: 0.519732
Epoch 23 Batch 11 | Loss: 0.526898
Epoch 23 Batch 12 | Loss: 0.536380
Epoch 23 Batch 13 | Loss: 0.546213
  [STABILITY] Test accuracy improved: 88.95% -> 90.12% (via EMA). Saving best params.
--- Epoch 23/30 | Loss: 0.5207 | Train Acc: 94.5% | Test Acc: 90.1% | CM: [TP:80, TN:75, FP:11, FN:6] | Progress: 76.7% | ETA: 2.1s ---
Epoch 24 Batch 1 | Loss: 0.520046 | Stats: min: -0.356, max: 0.184, mean: -0.022
Epoch 24 Batch 2 | Loss: 0.536720
Epoch 24 Batch 3 | Loss: 0.524337
Epoch 24 Batch 4 | Loss: 0.525023
Epoch 24 Batch 5 | Loss: 0.508453
Epoch 24 Batch 6 | Loss: 0.504968
Epoch 24 Batch 7 | Loss: 0.522491
Epoch 24 Batch 8 | Loss: 0.514109
Epoch 24 Batch 9 | Loss: 0.521491
Epoch 24 Batch 10 | Loss: 0.528861
Epoch 24 Batch 11 | Loss: 0.512399
Epoch 24 Batch 12 | Loss: 0.504588
Epoch 24 Batch 13 | Loss: 0.519623
  [STABILITY] Test accuracy improved: 90.12% -> 90.70% (via EMA). Saving best params.
--- Epoch 24/30 | Loss: 0.5187 | Train Acc: 94.5% | Test Acc: 90.7% | CM: [TP:81, TN:75, FP:11, FN:5] | Progress: 80.0% | ETA: 1.6s ---
Epoch 25 Batch 1 | Loss: 0.535807 | Stats: min: -0.386, max: 0.176, mean: -0.069
Epoch 25 Batch 2 | Loss: 0.515420
Epoch 25 Batch 3 | Loss: 0.520271
Epoch 25 Batch 4 | Loss: 0.531017
Epoch 25 Batch 5 | Loss: 0.531890
Epoch 25 Batch 6 | Loss: 0.497804
Epoch 25 Batch 7 | Loss: 0.498868
Epoch 25 Batch 8 | Loss: 0.521930
Epoch 25 Batch 9 | Loss: 0.516083
Epoch 25 Batch 10 | Loss: 0.505138
Epoch 25 Batch 11 | Loss: 0.534800
Epoch 25 Batch 12 | Loss: 0.522609
Epoch 25 Batch 13 | Loss: 0.524606
  [STABILITY] Test accuracy improved: 90.70% -> 91.86% (via EMA). Saving best params.
--- Epoch 25/30 | Loss: 0.5197 | Train Acc: 95.5% | Test Acc: 91.9% | CM: [TP:81, TN:77, FP:9, FN:5] | Progress: 83.3% | ETA: 1.6s ---
Epoch 26 Batch 1 | Loss: 0.559406 | Stats: min: -0.119, max: 0.202, mean: 0.032
Epoch 26 Batch 2 | Loss: 0.520219
Epoch 26 Batch 3 | Loss: 0.527487
Epoch 26 Batch 4 | Loss: 0.519340
Epoch 26 Batch 5 | Loss: 0.539995
Epoch 26 Batch 6 | Loss: 0.502450
Epoch 26 Batch 7 | Loss: 0.533032
Epoch 26 Batch 8 | Loss: 0.530518
Epoch 26 Batch 9 | Loss: 0.519309
Epoch 26 Batch 10 | Loss: 0.506217
Epoch 26 Batch 11 | Loss: 0.503586
Epoch 26 Batch 12 | Loss: 0.526068
Epoch 26 Batch 13 | Loss: 0.500412
  [STABILITY] Test accuracy improved: 91.86% -> 92.44% (via EMA). Saving best params.
--- Epoch 26/30 | Loss: 0.5222 | Train Acc: 96.0% | Test Acc: 92.4% | CM: [TP:81, TN:78, FP:8, FN:5] | Progress: 86.7% | ETA: 2.0s ---
Epoch 27 Batch 1 | Loss: 0.500435 | Stats: min: -0.335, max: 0.301, mean: -0.042
Epoch 27 Batch 2 | Loss: 0.524798
Epoch 27 Batch 3 | Loss: 0.542237
Epoch 27 Batch 4 | Loss: 0.516308
Epoch 27 Batch 5 | Loss: 0.539193
Epoch 27 Batch 6 | Loss: 0.526289
Epoch 27 Batch 7 | Loss: 0.533338
Epoch 27 Batch 8 | Loss: 0.515868
Epoch 27 Batch 9 | Loss: 0.536638
Epoch 27 Batch 10 | Loss: 0.508001
Epoch 27 Batch 11 | Loss: 0.482975
Epoch 27 Batch 12 | Loss: 0.503544
Epoch 27 Batch 13 | Loss: 0.506332
--- Epoch 27/30 | Loss: 0.5182 | Train Acc: 96.0% | Test Acc: 92.4% | CM: [TP:81, TN:78, FP:8, FN:5] | Progress: 90.0% | ETA: 1.4s ---
Epoch 28 Batch 1 | Loss: 0.519444 | Stats: min: -0.043, max: 0.241, mean: 0.104
Epoch 28 Batch 2 | Loss: 0.552654
Epoch 28 Batch 3 | Loss: 0.524507
Epoch 28 Batch 4 | Loss: 0.545889
Epoch 28 Batch 5 | Loss: 0.506606
Epoch 28 Batch 6 | Loss: 0.496550
Epoch 28 Batch 7 | Loss: 0.510738
Epoch 28 Batch 8 | Loss: 0.537620
Epoch 28 Batch 9 | Loss: 0.509975
Epoch 28 Batch 10 | Loss: 0.523706
Epoch 28 Batch 11 | Loss: 0.512244
Epoch 28 Batch 12 | Loss: 0.516243
Epoch 28 Batch 13 | Loss: 0.517610
--- Epoch 28/30 | Loss: 0.5211 | Train Acc: 96.0% | Test Acc: 92.4% | CM: [TP:81, TN:78, FP:8, FN:5] | Progress: 93.3% | ETA: 0.9s ---
Epoch 29 Batch 1 | Loss: 0.533711 | Stats: min: -0.320, max: 0.113, mean: -0.109
Epoch 29 Batch 2 | Loss: 0.541039
Epoch 29 Batch 3 | Loss: 0.504499
Epoch 29 Batch 4 | Loss: 0.512511
Epoch 29 Batch 5 | Loss: 0.523288
Epoch 29 Batch 6 | Loss: 0.535440
Epoch 29 Batch 7 | Loss: 0.527032
Epoch 29 Batch 8 | Loss: 0.540918
Epoch 29 Batch 9 | Loss: 0.485748
Epoch 29 Batch 10 | Loss: 0.502948
Epoch 29 Batch 11 | Loss: 0.524111
Epoch 29 Batch 12 | Loss: 0.517444
Epoch 29 Batch 13 | Loss: 0.546835
  [STABILITY] Plateau detected. Reducing Learning Rate to 0.010000
--- Epoch 29/30 | Loss: 0.5227 | Train Acc: 95.5% | Test Acc: 92.4% | CM: [TP:80, TN:79, FP:7, FN:6] | Progress: 96.7% | ETA: 0.4s ---
Epoch 30 Batch 1 | Loss: 0.548294 | Stats: min: 0.031, max: 0.304, mean: 0.155
Epoch 30 Batch 2 | Loss: 0.499263
Epoch 30 Batch 3 | Loss: 0.512948
Epoch 30 Batch 4 | Loss: 0.528840
Epoch 30 Batch 5 | Loss: 0.500103
Epoch 30 Batch 6 | Loss: 0.518953
Epoch 30 Batch 7 | Loss: 0.518458
Epoch 30 Batch 8 | Loss: 0.513480
Epoch 30 Batch 9 | Loss: 0.485646
Epoch 30 Batch 10 | Loss: 0.535211
Epoch 30 Batch 11 | Loss: 0.550022
Epoch 30 Batch 12 | Loss: 0.525934
Epoch 30 Batch 13 | Loss: 0.513924
--- Epoch 30/30 | Loss: 0.5193 | Train Acc: 96.0% | Test Acc: 92.4% | CM: [TP:80, TN:79, FP:7, FN:6] | Progress: 100.0% | ETA: 0.0s ---

Final Best Test Accuracy: 92.44%


Best Quantum Test Accuracy: 0.924
