DEBUG: Qtrainer enters train_pure_quantum_cnn. Encoding: amplitude
  Class Weights: +1 (Target): 1.00 | -1 (Rest): 1.00
Starting Training
==================================================
Epoch 1 Batch 1 | Loss: 0.836378 | Stats: min: -0.398, max: -0.361, mean: -0.386
Epoch 1 Batch 2 | Loss: 0.748227
Epoch 1 Batch 3 | Loss: 0.694385
Epoch 1 Batch 4 | Loss: 0.658390
Epoch 1 Batch 5 | Loss: 0.630999
Epoch 1 Batch 6 | Loss: 0.657323
Epoch 1 Batch 7 | Loss: 0.667066
Epoch 1 Batch 8 | Loss: 0.809323
Epoch 1 Batch 9 | Loss: 0.794300
Epoch 1 Batch 10 | Loss: 0.800814
Epoch 1 Batch 11 | Loss: 0.668091
Epoch 1 Batch 12 | Loss: 0.674545
Epoch 1 Batch 13 | Loss: 0.583187
  [STABILITY] Test accuracy improved: 0.00% -> 51.74% (via EMA). Saving best params.
--- Epoch 1/30 | Loss: 0.7095 | Train Acc: 55.5% | Test Acc: 51.7% | CM: [TP:3, TN:86, FP:0, FN:83] | Progress: 3.3% | ETA: 163.6s ---
Epoch 2 Batch 1 | Loss: 0.801619 | Stats: min: -0.562, max: -0.392, mean: -0.494
Epoch 2 Batch 2 | Loss: 0.871885
Epoch 2 Batch 3 | Loss: 0.686271
Epoch 2 Batch 4 | Loss: 0.577383
Epoch 2 Batch 5 | Loss: 0.644461
Epoch 2 Batch 6 | Loss: 0.747470
Epoch 2 Batch 7 | Loss: 0.686778
Epoch 2 Batch 8 | Loss: 0.651169
Epoch 2 Batch 9 | Loss: 0.636877
Epoch 2 Batch 10 | Loss: 0.646739
Epoch 2 Batch 11 | Loss: 0.685977
Epoch 2 Batch 12 | Loss: 0.692594
Epoch 2 Batch 13 | Loss: 0.579496
--- Epoch 2/30 | Loss: 0.6853 | Train Acc: 55.5% | Test Acc: 51.7% | CM: [TP:3, TN:86, FP:0, FN:83] | Progress: 6.7% | ETA: 77.3s ---
Epoch 3 Batch 1 | Loss: 0.649486 | Stats: min: 0.008, max: 0.577, mean: 0.294
Epoch 3 Batch 2 | Loss: 0.831688
Epoch 3 Batch 3 | Loss: 0.713256
Epoch 3 Batch 4 | Loss: 0.638208
Epoch 3 Batch 5 | Loss: 0.609290
Epoch 3 Batch 6 | Loss: 0.632801
Epoch 3 Batch 7 | Loss: 0.643983
Epoch 3 Batch 8 | Loss: 0.614385
Epoch 3 Batch 9 | Loss: 0.597517
Epoch 3 Batch 10 | Loss: 0.633791
Epoch 3 Batch 11 | Loss: 0.683058
Epoch 3 Batch 12 | Loss: 0.641051
Epoch 3 Batch 13 | Loss: 0.702404
--- Epoch 3/30 | Loss: 0.6608 | Train Acc: 55.5% | Test Acc: 51.7% | CM: [TP:3, TN:86, FP:0, FN:83] | Progress: 10.0% | ETA: 49.9s ---
Epoch 4 Batch 1 | Loss: 0.610310 | Stats: min: -0.196, max: 0.615, mean: 0.006
Epoch 4 Batch 2 | Loss: 0.659874
Epoch 4 Batch 3 | Loss: 0.612221
Epoch 4 Batch 4 | Loss: 0.657173
Epoch 4 Batch 5 | Loss: 0.579827
Epoch 4 Batch 6 | Loss: 0.612048
Epoch 4 Batch 7 | Loss: 0.589657
Epoch 4 Batch 8 | Loss: 0.626609
Epoch 4 Batch 9 | Loss: 0.615121
Epoch 4 Batch 10 | Loss: 0.579621
Epoch 4 Batch 11 | Loss: 0.580337
Epoch 4 Batch 12 | Loss: 0.633034
Epoch 4 Batch 13 | Loss: 0.609500
  [STABILITY] Plateau detected. Reducing Learning Rate to 0.010000
--- Epoch 4/30 | Loss: 0.6127 | Train Acc: 55.5% | Test Acc: 51.7% | CM: [TP:3, TN:86, FP:0, FN:83] | Progress: 13.3% | ETA: 36.4s ---
Epoch 5 Batch 1 | Loss: 0.567026 | Stats: min: -0.179, max: 0.242, mean: 0.077
Epoch 5 Batch 2 | Loss: 0.639471
Epoch 5 Batch 3 | Loss: 0.629968
Epoch 5 Batch 4 | Loss: 0.582775
Epoch 5 Batch 5 | Loss: 0.625942
Epoch 5 Batch 6 | Loss: 0.599577
Epoch 5 Batch 7 | Loss: 0.664567
Epoch 5 Batch 8 | Loss: 0.661398
Epoch 5 Batch 9 | Loss: 0.653345
Epoch 5 Batch 10 | Loss: 0.550136
Epoch 5 Batch 11 | Loss: 0.559191
Epoch 5 Batch 12 | Loss: 0.563071
Epoch 5 Batch 13 | Loss: 0.543013
--- Epoch 5/30 | Loss: 0.6030 | Train Acc: 55.5% | Test Acc: 51.7% | CM: [TP:3, TN:86, FP:0, FN:83] | Progress: 16.7% | ETA: 27.6s ---
Epoch 6 Batch 1 | Loss: 0.592872 | Stats: min: -0.179, max: 0.078, mean: -0.053
Epoch 6 Batch 2 | Loss: 0.644458
Epoch 6 Batch 3 | Loss: 0.655761
Epoch 6 Batch 4 | Loss: 0.609164
Epoch 6 Batch 5 | Loss: 0.595844
Epoch 6 Batch 6 | Loss: 0.611168
Epoch 6 Batch 7 | Loss: 0.628387
Epoch 6 Batch 8 | Loss: 0.613392
Epoch 6 Batch 9 | Loss: 0.528374
Epoch 6 Batch 10 | Loss: 0.609669
Epoch 6 Batch 11 | Loss: 0.564844
Epoch 6 Batch 12 | Loss: 0.589934
Epoch 6 Batch 13 | Loss: 0.510446
  [STABILITY] Test accuracy improved: 51.74% -> 59.88% (via EMA). Saving best params.
--- Epoch 6/30 | Loss: 0.5965 | Train Acc: 60.0% | Test Acc: 59.9% | CM: [TP:19, TN:84, FP:2, FN:67] | Progress: 20.0% | ETA: 22.1s ---
Epoch 7 Batch 1 | Loss: 0.610704 | Stats: min: -0.262, max: 0.313, mean: 0.048
Epoch 7 Batch 2 | Loss: 0.562758
Epoch 7 Batch 3 | Loss: 0.615609
Epoch 7 Batch 4 | Loss: 0.652038
Epoch 7 Batch 5 | Loss: 0.557725
Epoch 7 Batch 6 | Loss: 0.608237
Epoch 7 Batch 7 | Loss: 0.617210
Epoch 7 Batch 8 | Loss: 0.636020
Epoch 7 Batch 9 | Loss: 0.567448
Epoch 7 Batch 10 | Loss: 0.617846
Epoch 7 Batch 11 | Loss: 0.580226
Epoch 7 Batch 12 | Loss: 0.594639
Epoch 7 Batch 13 | Loss: 0.542044
  [STABILITY] Test accuracy improved: 59.88% -> 65.12% (via EMA). Saving best params.
--- Epoch 7/30 | Loss: 0.5971 | Train Acc: 67.5% | Test Acc: 65.1% | CM: [TP:36, TN:76, FP:10, FN:50] | Progress: 23.3% | ETA: 18.1s ---
Epoch 8 Batch 1 | Loss: 0.643546 | Stats: min: -0.338, max: -0.074, mean: -0.219
Epoch 8 Batch 2 | Loss: 0.593045
Epoch 8 Batch 3 | Loss: 0.577382
Epoch 8 Batch 4 | Loss: 0.632809
Epoch 8 Batch 5 | Loss: 0.594494
Epoch 8 Batch 6 | Loss: 0.602795
Epoch 8 Batch 7 | Loss: 0.635400
Epoch 8 Batch 8 | Loss: 0.592153
Epoch 8 Batch 9 | Loss: 0.531374
Epoch 8 Batch 10 | Loss: 0.591026
Epoch 8 Batch 11 | Loss: 0.550055
Epoch 8 Batch 12 | Loss: 0.582472
Epoch 8 Batch 13 | Loss: 0.654316
  [STABILITY] Test accuracy improved: 65.12% -> 67.44% (via EMA). Saving best params.
--- Epoch 8/30 | Loss: 0.5985 | Train Acc: 73.5% | Test Acc: 67.4% | CM: [TP:41, TN:75, FP:11, FN:45] | Progress: 26.7% | ETA: 15.1s ---
Epoch 9 Batch 1 | Loss: 0.690093 | Stats: min: -0.074, max: 0.167, mean: 0.003
Epoch 9 Batch 2 | Loss: 0.635401
Epoch 9 Batch 3 | Loss: 0.603387
Epoch 9 Batch 4 | Loss: 0.530054
Epoch 9 Batch 5 | Loss: 0.678467
Epoch 9 Batch 6 | Loss: 0.566123
Epoch 9 Batch 7 | Loss: 0.587535
Epoch 9 Batch 8 | Loss: 0.713886
Epoch 9 Batch 9 | Loss: 0.530041
Epoch 9 Batch 10 | Loss: 0.559989
Epoch 9 Batch 11 | Loss: 0.586454
Epoch 9 Batch 12 | Loss: 0.619657
Epoch 9 Batch 13 | Loss: 0.533540
  [STABILITY] Test accuracy improved: 67.44% -> 69.77% (via EMA). Saving best params.
--- Epoch 9/30 | Loss: 0.6027 | Train Acc: 72.5% | Test Acc: 69.8% | CM: [TP:46, TN:74, FP:12, FN:40] | Progress: 30.0% | ETA: 12.5s ---
Epoch 10 Batch 1 | Loss: 0.625153 | Stats: min: -0.135, max: 0.413, mean: 0.183
Epoch 10 Batch 2 | Loss: 0.635938
Epoch 10 Batch 3 | Loss: 0.572889
Epoch 10 Batch 4 | Loss: 0.662899
Epoch 10 Batch 5 | Loss: 0.559849
Epoch 10 Batch 6 | Loss: 0.592048
Epoch 10 Batch 7 | Loss: 0.579156
Epoch 10 Batch 8 | Loss: 0.593775
Epoch 10 Batch 9 | Loss: 0.481017
Epoch 10 Batch 10 | Loss: 0.698733
Epoch 10 Batch 11 | Loss: 0.601879
Epoch 10 Batch 12 | Loss: 0.555993
Epoch 10 Batch 13 | Loss: 0.575323
  [STABILITY] Test accuracy improved: 69.77% -> 73.84% (via EMA). Saving best params.
--- Epoch 10/30 | Loss: 0.5950 | Train Acc: 72.5% | Test Acc: 73.8% | CM: [TP:54, TN:73, FP:13, FN:32] | Progress: 33.3% | ETA: 11.0s ---
Epoch 11 Batch 1 | Loss: 0.612020 | Stats: min: -0.231, max: 0.004, mean: -0.117
Epoch 11 Batch 2 | Loss: 0.571663
Epoch 11 Batch 3 | Loss: 0.637673
Epoch 11 Batch 4 | Loss: 0.640117
Epoch 11 Batch 5 | Loss: 0.641831
Epoch 11 Batch 6 | Loss: 0.541746
Epoch 11 Batch 7 | Loss: 0.598327
Epoch 11 Batch 8 | Loss: 0.673746
Epoch 11 Batch 9 | Loss: 0.517049
Epoch 11 Batch 10 | Loss: 0.572160
Epoch 11 Batch 11 | Loss: 0.510286
Epoch 11 Batch 12 | Loss: 0.536552
Epoch 11 Batch 13 | Loss: 0.673521
  [STABILITY] Test accuracy improved: 73.84% -> 74.42% (via EMA). Saving best params.
--- Epoch 11/30 | Loss: 0.5944 | Train Acc: 72.5% | Test Acc: 74.4% | CM: [TP:56, TN:72, FP:14, FN:30] | Progress: 36.7% | ETA: 9.4s ---
Epoch 12 Batch 1 | Loss: 0.605261 | Stats: min: -0.391, max: -0.063, mean: -0.204
Epoch 12 Batch 2 | Loss: 0.525912
Epoch 12 Batch 3 | Loss: 0.665643
Epoch 12 Batch 4 | Loss: 0.637193
Epoch 12 Batch 5 | Loss: 0.562449
Epoch 12 Batch 6 | Loss: 0.517002
Epoch 12 Batch 7 | Loss: 0.655281
Epoch 12 Batch 8 | Loss: 0.547784
Epoch 12 Batch 9 | Loss: 0.615416
Epoch 12 Batch 10 | Loss: 0.635017
Epoch 12 Batch 11 | Loss: 0.585868
Epoch 12 Batch 12 | Loss: 0.513656
Epoch 12 Batch 13 | Loss: 0.578298
  [STABILITY] Test accuracy improved: 74.42% -> 75.00% (via EMA). Saving best params.
--- Epoch 12/30 | Loss: 0.5881 | Train Acc: 71.5% | Test Acc: 75.0% | CM: [TP:57, TN:72, FP:14, FN:29] | Progress: 40.0% | ETA: 8.3s ---
Epoch 13 Batch 1 | Loss: 0.598439 | Stats: min: -0.311, max: 0.639, mean: 0.007
Epoch 13 Batch 2 | Loss: 0.571014
Epoch 13 Batch 3 | Loss: 0.519666
Epoch 13 Batch 4 | Loss: 0.513967
Epoch 13 Batch 5 | Loss: 0.562416
Epoch 13 Batch 6 | Loss: 0.556058
Epoch 13 Batch 7 | Loss: 0.672573
Epoch 13 Batch 8 | Loss: 0.654351
Epoch 13 Batch 9 | Loss: 0.500161
Epoch 13 Batch 10 | Loss: 0.559771
Epoch 13 Batch 11 | Loss: 0.706108
Epoch 13 Batch 12 | Loss: 0.580210
Epoch 13 Batch 13 | Loss: 0.714163
--- Epoch 13/30 | Loss: 0.5930 | Train Acc: 72.0% | Test Acc: 75.0% | CM: [TP:58, TN:71, FP:15, FN:28] | Progress: 43.3% | ETA: 7.1s ---
Epoch 14 Batch 1 | Loss: 0.613775 | Stats: min: 0.020, max: 0.141, mean: 0.078
Epoch 14 Batch 2 | Loss: 0.525136
Epoch 14 Batch 3 | Loss: 0.580382
Epoch 14 Batch 4 | Loss: 0.551198
Epoch 14 Batch 5 | Loss: 0.561023
Epoch 14 Batch 6 | Loss: 0.630932
Epoch 14 Batch 7 | Loss: 0.522894
Epoch 14 Batch 8 | Loss: 0.569551
Epoch 14 Batch 9 | Loss: 0.633089
Epoch 14 Batch 10 | Loss: 0.637941
Epoch 14 Batch 11 | Loss: 0.575620
Epoch 14 Batch 12 | Loss: 0.673665
Epoch 14 Batch 13 | Loss: 0.510293
  [STABILITY] Test accuracy improved: 75.00% -> 75.58% (via EMA). Saving best params.
--- Epoch 14/30 | Loss: 0.5835 | Train Acc: 71.5% | Test Acc: 75.6% | CM: [TP:60, TN:70, FP:16, FN:26] | Progress: 46.7% | ETA: 6.2s ---
Epoch 15 Batch 1 | Loss: 0.554584 | Stats: min: -0.151, max: 0.322, mean: 0.161
Epoch 15 Batch 2 | Loss: 0.556276
Epoch 15 Batch 3 | Loss: 0.583678
Epoch 15 Batch 4 | Loss: 0.564487
Epoch 15 Batch 5 | Loss: 0.641407
Epoch 15 Batch 6 | Loss: 0.525466
Epoch 15 Batch 7 | Loss: 0.565678
Epoch 15 Batch 8 | Loss: 0.607715
Epoch 15 Batch 9 | Loss: 0.606143
Epoch 15 Batch 10 | Loss: 0.598994
Epoch 15 Batch 11 | Loss: 0.584531
Epoch 15 Batch 12 | Loss: 0.622342
Epoch 15 Batch 13 | Loss: 0.567658
--- Epoch 15/30 | Loss: 0.5830 | Train Acc: 71.5% | Test Acc: 75.0% | CM: [TP:59, TN:70, FP:16, FN:27] | Progress: 50.0% | ETA: 5.5s ---
Epoch 16 Batch 1 | Loss: 0.550937 | Stats: min: -0.514, max: 0.453, mean: -0.104
Epoch 16 Batch 2 | Loss: 0.527905
Epoch 16 Batch 3 | Loss: 0.578523
Epoch 16 Batch 4 | Loss: 0.619803
Epoch 16 Batch 5 | Loss: 0.571045
Epoch 16 Batch 6 | Loss: 0.561871
Epoch 16 Batch 7 | Loss: 0.600134
Epoch 16 Batch 8 | Loss: 0.646187
Epoch 16 Batch 9 | Loss: 0.542401
Epoch 16 Batch 10 | Loss: 0.666742
Epoch 16 Batch 11 | Loss: 0.520517
Epoch 16 Batch 12 | Loss: 0.660675
Epoch 16 Batch 13 | Loss: 0.574399
--- Epoch 16/30 | Loss: 0.5862 | Train Acc: 70.0% | Test Acc: 75.6% | CM: [TP:61, TN:69, FP:17, FN:25] | Progress: 53.3% | ETA: 4.9s ---
Epoch 17 Batch 1 | Loss: 0.612075 | Stats: min: -0.171, max: 0.441, mean: 0.081
Epoch 17 Batch 2 | Loss: 0.625287
Epoch 17 Batch 3 | Loss: 0.574909
Epoch 17 Batch 4 | Loss: 0.547718
Epoch 17 Batch 5 | Loss: 0.521970
Epoch 17 Batch 6 | Loss: 0.549591
Epoch 17 Batch 7 | Loss: 0.624639
Epoch 17 Batch 8 | Loss: 0.633461
Epoch 17 Batch 9 | Loss: 0.644717
Epoch 17 Batch 10 | Loss: 0.621080
Epoch 17 Batch 11 | Loss: 0.584586
Epoch 17 Batch 12 | Loss: 0.576252
Epoch 17 Batch 13 | Loss: 0.496085
  [STABILITY] Plateau detected. Reducing Learning Rate to 0.005000
--- Epoch 17/30 | Loss: 0.5856 | Train Acc: 71.5% | Test Acc: 75.0% | CM: [TP:59, TN:70, FP:16, FN:27] | Progress: 56.7% | ETA: 4.3s ---
Epoch 18 Batch 1 | Loss: 0.568855 | Stats: min: -0.328, max: 0.358, mean: -0.084
Epoch 18 Batch 2 | Loss: 0.546000
Epoch 18 Batch 3 | Loss: 0.632678
Epoch 18 Batch 4 | Loss: 0.530320
Epoch 18 Batch 5 | Loss: 0.630497
Epoch 18 Batch 6 | Loss: 0.665820
Epoch 18 Batch 7 | Loss: 0.596866
Epoch 18 Batch 8 | Loss: 0.467967
Epoch 18 Batch 9 | Loss: 0.602403
Epoch 18 Batch 10 | Loss: 0.566486
Epoch 18 Batch 11 | Loss: 0.566336
Epoch 18 Batch 12 | Loss: 0.556526
Epoch 18 Batch 13 | Loss: 0.671084
--- Epoch 18/30 | Loss: 0.5848 | Train Acc: 70.5% | Test Acc: 75.6% | CM: [TP:60, TN:70, FP:16, FN:26] | Progress: 60.0% | ETA: 3.6s ---
Epoch 19 Batch 1 | Loss: 0.648093 | Stats: min: -0.315, max: 0.309, mean: 0.028
Epoch 19 Batch 2 | Loss: 0.593558
Epoch 19 Batch 3 | Loss: 0.539340
Epoch 19 Batch 4 | Loss: 0.592992
Epoch 19 Batch 5 | Loss: 0.586321
Epoch 19 Batch 6 | Loss: 0.574485
Epoch 19 Batch 7 | Loss: 0.597769
Epoch 19 Batch 8 | Loss: 0.617053
Epoch 19 Batch 9 | Loss: 0.556914
Epoch 19 Batch 10 | Loss: 0.536740
Epoch 19 Batch 11 | Loss: 0.509432
Epoch 19 Batch 12 | Loss: 0.607819
Epoch 19 Batch 13 | Loss: 0.563688
--- Epoch 19/30 | Loss: 0.5788 | Train Acc: 71.0% | Test Acc: 75.6% | CM: [TP:60, TN:70, FP:16, FN:26] | Progress: 63.3% | ETA: 3.2s ---
Epoch 20 Batch 1 | Loss: 0.580838 | Stats: min: -0.308, max: -0.003, mean: -0.148
Epoch 20 Batch 2 | Loss: 0.634797
Epoch 20 Batch 3 | Loss: 0.572546
Epoch 20 Batch 4 | Loss: 0.654771
Epoch 20 Batch 5 | Loss: 0.563005
Epoch 20 Batch 6 | Loss: 0.537734
Epoch 20 Batch 7 | Loss: 0.596672
Epoch 20 Batch 8 | Loss: 0.585448
Epoch 20 Batch 9 | Loss: 0.605494
Epoch 20 Batch 10 | Loss: 0.611014
Epoch 20 Batch 11 | Loss: 0.499292
Epoch 20 Batch 12 | Loss: 0.588986
Epoch 20 Batch 13 | Loss: 0.417159
  [STABILITY] Test accuracy improved: 75.58% -> 76.16% (via EMA). Saving best params.
--- Epoch 20/30 | Loss: 0.5729 | Train Acc: 71.0% | Test Acc: 76.2% | CM: [TP:60, TN:71, FP:15, FN:26] | Progress: 66.7% | ETA: 2.7s ---
Epoch 21 Batch 1 | Loss: 0.614408 | Stats: min: -0.557, max: 0.473, mean: -0.078
Epoch 21 Batch 2 | Loss: 0.656633
Epoch 21 Batch 3 | Loss: 0.552224
Epoch 21 Batch 4 | Loss: 0.496428
Epoch 21 Batch 5 | Loss: 0.634428
Epoch 21 Batch 6 | Loss: 0.521534
Epoch 21 Batch 7 | Loss: 0.617427
Epoch 21 Batch 8 | Loss: 0.550916
Epoch 21 Batch 9 | Loss: 0.523806
Epoch 21 Batch 10 | Loss: 0.605799
Epoch 21 Batch 11 | Loss: 0.567672
Epoch 21 Batch 12 | Loss: 0.624598
Epoch 21 Batch 13 | Loss: 0.540422
--- Epoch 21/30 | Loss: 0.5774 | Train Acc: 71.0% | Test Acc: 75.6% | CM: [TP:59, TN:71, FP:15, FN:27] | Progress: 70.0% | ETA: 2.4s ---
Epoch 22 Batch 1 | Loss: 0.557934 | Stats: min: -0.103, max: 0.135, mean: 0.025
Epoch 22 Batch 2 | Loss: 0.578967
Epoch 22 Batch 3 | Loss: 0.588585
Epoch 22 Batch 4 | Loss: 0.574526
Epoch 22 Batch 5 | Loss: 0.616013
Epoch 22 Batch 6 | Loss: 0.625761
Epoch 22 Batch 7 | Loss: 0.559925
Epoch 22 Batch 8 | Loss: 0.471662
Epoch 22 Batch 9 | Loss: 0.594566
Epoch 22 Batch 10 | Loss: 0.529130
Epoch 22 Batch 11 | Loss: 0.604174
Epoch 22 Batch 12 | Loss: 0.574521
Epoch 22 Batch 13 | Loss: 0.725113
  [STABILITY] Test accuracy improved: 76.16% -> 76.74% (via EMA). Saving best params.
--- Epoch 22/30 | Loss: 0.5847 | Train Acc: 70.5% | Test Acc: 76.7% | CM: [TP:60, TN:72, FP:14, FN:26] | Progress: 73.3% | ETA: 2.0s ---
Epoch 23 Batch 1 | Loss: 0.594226 | Stats: min: -0.319, max: 0.299, mean: 0.047
Epoch 23 Batch 2 | Loss: 0.529552
Epoch 23 Batch 3 | Loss: 0.582662
Epoch 23 Batch 4 | Loss: 0.656153
Epoch 23 Batch 5 | Loss: 0.607849
Epoch 23 Batch 6 | Loss: 0.585396
Epoch 23 Batch 7 | Loss: 0.538939
Epoch 23 Batch 8 | Loss: 0.547635
Epoch 23 Batch 9 | Loss: 0.577005
Epoch 23 Batch 10 | Loss: 0.507495
Epoch 23 Batch 11 | Loss: 0.623758
Epoch 23 Batch 12 | Loss: 0.597348
Epoch 23 Batch 13 | Loss: 0.567964
--- Epoch 23/30 | Loss: 0.5782 | Train Acc: 70.5% | Test Acc: 76.2% | CM: [TP:59, TN:72, FP:14, FN:27] | Progress: 76.7% | ETA: 1.7s ---
Epoch 24 Batch 1 | Loss: 0.633650 | Stats: min: -0.456, max: 0.265, mean: -0.116
Epoch 24 Batch 2 | Loss: 0.578953
Epoch 24 Batch 3 | Loss: 0.513898
Epoch 24 Batch 4 | Loss: 0.590789
Epoch 24 Batch 5 | Loss: 0.663071
Epoch 24 Batch 6 | Loss: 0.569687
Epoch 24 Batch 7 | Loss: 0.578316
Epoch 24 Batch 8 | Loss: 0.556666
Epoch 24 Batch 9 | Loss: 0.613389
Epoch 24 Batch 10 | Loss: 0.531596
Epoch 24 Batch 11 | Loss: 0.596365
Epoch 24 Batch 12 | Loss: 0.540489
Epoch 24 Batch 13 | Loss: 0.492649
--- Epoch 24/30 | Loss: 0.5738 | Train Acc: 70.5% | Test Acc: 76.2% | CM: [TP:59, TN:72, FP:14, FN:27] | Progress: 80.0% | ETA: 1.4s ---
Epoch 25 Batch 1 | Loss: 0.589576 | Stats: min: -0.377, max: 0.755, mean: 0.018
Epoch 25 Batch 2 | Loss: 0.570891
Epoch 25 Batch 3 | Loss: 0.600411
Epoch 25 Batch 4 | Loss: 0.590656
Epoch 25 Batch 5 | Loss: 0.543353
Epoch 25 Batch 6 | Loss: 0.577656
Epoch 25 Batch 7 | Loss: 0.547025
Epoch 25 Batch 8 | Loss: 0.517626
Epoch 25 Batch 9 | Loss: 0.645243
Epoch 25 Batch 10 | Loss: 0.584085
Epoch 25 Batch 11 | Loss: 0.538982
Epoch 25 Batch 12 | Loss: 0.586298
Epoch 25 Batch 13 | Loss: 0.701290
  [STABILITY] Plateau detected. Reducing Learning Rate to 0.002500
--- Epoch 25/30 | Loss: 0.5841 | Train Acc: 70.5% | Test Acc: 75.6% | CM: [TP:59, TN:71, FP:15, FN:27] | Progress: 83.3% | ETA: 1.1s ---
Epoch 26 Batch 1 | Loss: 0.595826 | Stats: min: 0.055, max: 0.430, mean: 0.231
Epoch 26 Batch 2 | Loss: 0.569911
Epoch 26 Batch 3 | Loss: 0.556272
Epoch 26 Batch 4 | Loss: 0.615780
Epoch 26 Batch 5 | Loss: 0.574301
Epoch 26 Batch 6 | Loss: 0.584654
Epoch 26 Batch 7 | Loss: 0.529775
Epoch 26 Batch 8 | Loss: 0.588959
Epoch 26 Batch 9 | Loss: 0.596625
Epoch 26 Batch 10 | Loss: 0.562418
Epoch 26 Batch 11 | Loss: 0.612840
Epoch 26 Batch 12 | Loss: 0.540380
Epoch 26 Batch 13 | Loss: 0.566756
--- Epoch 26/30 | Loss: 0.5765 | Train Acc: 71.5% | Test Acc: 75.6% | CM: [TP:59, TN:71, FP:15, FN:27] | Progress: 86.7% | ETA: 0.8s ---
Epoch 27 Batch 1 | Loss: 0.578589 | Stats: min: -0.399, max: 0.287, mean: 0.013
Epoch 27 Batch 2 | Loss: 0.523444
Epoch 27 Batch 3 | Loss: 0.529368
Epoch 27 Batch 4 | Loss: 0.674416
Epoch 27 Batch 5 | Loss: 0.598391
Epoch 27 Batch 6 | Loss: 0.552857
Epoch 27 Batch 7 | Loss: 0.587289
Epoch 27 Batch 8 | Loss: 0.551055
Epoch 27 Batch 9 | Loss: 0.530103
Epoch 27 Batch 10 | Loss: 0.631188
Epoch 27 Batch 11 | Loss: 0.618732
Epoch 27 Batch 12 | Loss: 0.560785
Epoch 27 Batch 13 | Loss: 0.546517
--- Epoch 27/30 | Loss: 0.5756 | Train Acc: 72.5% | Test Acc: 75.6% | CM: [TP:59, TN:71, FP:15, FN:27] | Progress: 90.0% | ETA: 0.6s ---
Epoch 28 Batch 1 | Loss: 0.580053 | Stats: min: -0.451, max: 0.167, mean: -0.206
Epoch 28 Batch 2 | Loss: 0.590293
Epoch 28 Batch 3 | Loss: 0.543068
Epoch 28 Batch 4 | Loss: 0.678209
Epoch 28 Batch 5 | Loss: 0.533634
Epoch 28 Batch 6 | Loss: 0.539781
Epoch 28 Batch 7 | Loss: 0.593230
Epoch 28 Batch 8 | Loss: 0.590043
Epoch 28 Batch 9 | Loss: 0.574002
Epoch 28 Batch 10 | Loss: 0.480403
Epoch 28 Batch 11 | Loss: 0.615177
Epoch 28 Batch 12 | Loss: 0.558597
Epoch 28 Batch 13 | Loss: 0.645041
  [STABILITY] Plateau detected. Reducing Learning Rate to 0.001250
--- Epoch 28/30 | Loss: 0.5786 | Train Acc: 71.5% | Test Acc: 75.6% | CM: [TP:59, TN:71, FP:15, FN:27] | Progress: 93.3% | ETA: 0.4s ---
Epoch 29 Batch 1 | Loss: 0.645750 | Stats: min: -0.250, max: 0.384, mean: 0.086
Epoch 29 Batch 2 | Loss: 0.591847
Epoch 29 Batch 3 | Loss: 0.568935
Epoch 29 Batch 4 | Loss: 0.574302
Epoch 29 Batch 5 | Loss: 0.604704
Epoch 29 Batch 6 | Loss: 0.549383
Epoch 29 Batch 7 | Loss: 0.560781
Epoch 29 Batch 8 | Loss: 0.583503
Epoch 29 Batch 9 | Loss: 0.564475
Epoch 29 Batch 10 | Loss: 0.581161
Epoch 29 Batch 11 | Loss: 0.558228
Epoch 29 Batch 12 | Loss: 0.562810
Epoch 29 Batch 13 | Loss: 0.501988
--- Epoch 29/30 | Loss: 0.5729 | Train Acc: 71.0% | Test Acc: 76.2% | CM: [TP:61, TN:70, FP:16, FN:25] | Progress: 96.7% | ETA: 0.2s ---
Epoch 30 Batch 1 | Loss: 0.583972 | Stats: min: -0.214, max: 0.406, mean: -0.000
Epoch 30 Batch 2 | Loss: 0.659191
Epoch 30 Batch 3 | Loss: 0.599740
Epoch 30 Batch 4 | Loss: 0.525140
Epoch 30 Batch 5 | Loss: 0.624557
Epoch 30 Batch 6 | Loss: 0.566837
Epoch 30 Batch 7 | Loss: 0.580117
Epoch 30 Batch 8 | Loss: 0.539017
Epoch 30 Batch 9 | Loss: 0.513138
Epoch 30 Batch 10 | Loss: 0.636691
Epoch 30 Batch 11 | Loss: 0.552805
Epoch 30 Batch 12 | Loss: 0.539547
Epoch 30 Batch 13 | Loss: 0.559676
--- Epoch 30/30 | Loss: 0.5754 | Train Acc: 71.0% | Test Acc: 76.2% | CM: [TP:61, TN:70, FP:16, FN:25] | Progress: 100.0% | ETA: 0.0s ---

Final Best Test Accuracy: 76.74%


Best Quantum Test Accuracy: 0.767
