DEBUG: Qtrainer enters train_pure_quantum_cnn. Encoding: feature_map
  Class Weights: +1 (Target): 1.00 | -1 (Rest): 1.00
Starting Training
==================================================
Epoch 1 Batch 1 | Loss: 0.689470 | Stats: min: 0.053, max: 0.275, mean: 0.173
Epoch 1 Batch 2 | Loss: 0.642743
Epoch 1 Batch 3 | Loss: 0.699542
Epoch 1 Batch 4 | Loss: 0.709154
Epoch 1 Batch 5 | Loss: 0.659166
Epoch 1 Batch 6 | Loss: 0.655127
Epoch 1 Batch 7 | Loss: 0.651312
Epoch 1 Batch 8 | Loss: 0.659434
Epoch 1 Batch 9 | Loss: 0.657248
Epoch 1 Batch 10 | Loss: 0.641764
Epoch 1 Batch 11 | Loss: 0.656785
Epoch 1 Batch 12 | Loss: 0.643218
Epoch 1 Batch 13 | Loss: 0.632225
  [STABILITY] Test accuracy improved: 0.00% -> 72.09% (via EMA). Saving best params.
--- Epoch 1/30 | Loss: 0.6613 | Train Acc: 70.5% | Test Acc: 72.1% | CM: [TP:45, TN:79, FP:7, FN:41] | Progress: 3.3% | ETA: 772.8s ---
Epoch 2 Batch 1 | Loss: 0.659565 | Stats: min: -0.213, max: 0.090, mean: -0.051
Epoch 2 Batch 2 | Loss: 0.593450
Epoch 2 Batch 3 | Loss: 0.610035
Epoch 2 Batch 4 | Loss: 0.608561
Epoch 2 Batch 5 | Loss: 0.615439
Epoch 2 Batch 6 | Loss: 0.605583
Epoch 2 Batch 7 | Loss: 0.639733
Epoch 2 Batch 8 | Loss: 0.619828
Epoch 2 Batch 9 | Loss: 0.591527
Epoch 2 Batch 10 | Loss: 0.641887
Epoch 2 Batch 11 | Loss: 0.614565
Epoch 2 Batch 12 | Loss: 0.661758
Epoch 2 Batch 13 | Loss: 0.617068
--- Epoch 2/30 | Loss: 0.6215 | Train Acc: 74.5% | Test Acc: 65.7% | CM: [TP:54, TN:59, FP:27, FN:32] | Progress: 6.7% | ETA: 385.2s ---
Epoch 3 Batch 1 | Loss: 0.629887 | Stats: min: -0.124, max: 0.355, mean: 0.067
Epoch 3 Batch 2 | Loss: 0.615765
Epoch 3 Batch 3 | Loss: 0.605045
Epoch 3 Batch 4 | Loss: 0.608479
Epoch 3 Batch 5 | Loss: 0.628761
Epoch 3 Batch 6 | Loss: 0.578504
Epoch 3 Batch 7 | Loss: 0.577511
Epoch 3 Batch 8 | Loss: 0.595856
Epoch 3 Batch 9 | Loss: 0.621834
Epoch 3 Batch 10 | Loss: 0.609686
Epoch 3 Batch 11 | Loss: 0.612486
Epoch 3 Batch 12 | Loss: 0.608366
Epoch 3 Batch 13 | Loss: 0.657227
--- Epoch 3/30 | Loss: 0.6115 | Train Acc: 73.5% | Test Acc: 67.4% | CM: [TP:58, TN:58, FP:28, FN:28] | Progress: 10.0% | ETA: 244.7s ---
Epoch 4 Batch 1 | Loss: 0.642865 | Stats: min: -0.202, max: 0.108, mean: -0.103
Epoch 4 Batch 2 | Loss: 0.601192
Epoch 4 Batch 3 | Loss: 0.604012
Epoch 4 Batch 4 | Loss: 0.597956
Epoch 4 Batch 5 | Loss: 0.595572
Epoch 4 Batch 6 | Loss: 0.601939
Epoch 4 Batch 7 | Loss: 0.603721
Epoch 4 Batch 8 | Loss: 0.605128
Epoch 4 Batch 9 | Loss: 0.591014
Epoch 4 Batch 10 | Loss: 0.594492
Epoch 4 Batch 11 | Loss: 0.556449
Epoch 4 Batch 12 | Loss: 0.641472
Epoch 4 Batch 13 | Loss: 0.638022
  [STABILITY] Plateau detected. Reducing Learning Rate to 0.025000
--- Epoch 4/30 | Loss: 0.6057 | Train Acc: 75.0% | Test Acc: 69.2% | CM: [TP:61, TN:58, FP:28, FN:25] | Progress: 13.3% | ETA: 178.9s ---
Epoch 5 Batch 1 | Loss: 0.569552 | Stats: min: -0.221, max: 0.431, mean: 0.216
Epoch 5 Batch 2 | Loss: 0.575120
Epoch 5 Batch 3 | Loss: 0.586101
Epoch 5 Batch 4 | Loss: 0.582387
Epoch 5 Batch 5 | Loss: 0.635044
Epoch 5 Batch 6 | Loss: 0.580035
Epoch 5 Batch 7 | Loss: 0.580852
Epoch 5 Batch 8 | Loss: 0.620167
Epoch 5 Batch 9 | Loss: 0.591030
Epoch 5 Batch 10 | Loss: 0.576552
Epoch 5 Batch 11 | Loss: 0.597231
Epoch 5 Batch 12 | Loss: 0.599900
Epoch 5 Batch 13 | Loss: 0.643148
--- Epoch 5/30 | Loss: 0.5952 | Train Acc: 78.5% | Test Acc: 70.9% | CM: [TP:56, TN:66, FP:20, FN:30] | Progress: 16.7% | ETA: 136.4s ---
Epoch 6 Batch 1 | Loss: 0.569616 | Stats: min: 0.147, max: 0.559, mean: 0.354
Epoch 6 Batch 2 | Loss: 0.620936
Epoch 6 Batch 3 | Loss: 0.526260
Epoch 6 Batch 4 | Loss: 0.594931
Epoch 6 Batch 5 | Loss: 0.587036
Epoch 6 Batch 6 | Loss: 0.572063
Epoch 6 Batch 7 | Loss: 0.628138
Epoch 6 Batch 8 | Loss: 0.542231
Epoch 6 Batch 9 | Loss: 0.623914
Epoch 6 Batch 10 | Loss: 0.641259
Epoch 6 Batch 11 | Loss: 0.550266
Epoch 6 Batch 12 | Loss: 0.561237
Epoch 6 Batch 13 | Loss: 0.641259
  [STABILITY] Test accuracy improved: 72.09% -> 73.26% (via EMA). Saving best params.
--- Epoch 6/30 | Loss: 0.5892 | Train Acc: 78.5% | Test Acc: 73.3% | CM: [TP:55, TN:71, FP:15, FN:31] | Progress: 20.0% | ETA: 106.9s ---
Epoch 7 Batch 1 | Loss: 0.561586 | Stats: min: -0.215, max: 0.304, mean: 0.024
Epoch 7 Batch 2 | Loss: 0.568723
Epoch 7 Batch 3 | Loss: 0.650352
Epoch 7 Batch 4 | Loss: 0.574965
Epoch 7 Batch 5 | Loss: 0.558198
Epoch 7 Batch 6 | Loss: 0.601143
Epoch 7 Batch 7 | Loss: 0.576170
Epoch 7 Batch 8 | Loss: 0.583827
Epoch 7 Batch 9 | Loss: 0.549074
Epoch 7 Batch 10 | Loss: 0.573491
Epoch 7 Batch 11 | Loss: 0.613109
Epoch 7 Batch 12 | Loss: 0.558854
Epoch 7 Batch 13 | Loss: 0.671118
  [STABILITY] Test accuracy improved: 73.26% -> 76.16% (via EMA). Saving best params.
--- Epoch 7/30 | Loss: 0.5877 | Train Acc: 79.0% | Test Acc: 76.2% | CM: [TP:53, TN:78, FP:8, FN:33] | Progress: 23.3% | ETA: 88.6s ---
Epoch 8 Batch 1 | Loss: 0.584798 | Stats: min: 0.098, max: 0.412, mean: 0.262
Epoch 8 Batch 2 | Loss: 0.569312
Epoch 8 Batch 3 | Loss: 0.639072
Epoch 8 Batch 4 | Loss: 0.555437
Epoch 8 Batch 5 | Loss: 0.589790
Epoch 8 Batch 6 | Loss: 0.546938
Epoch 8 Batch 7 | Loss: 0.577130
Epoch 8 Batch 8 | Loss: 0.565875
Epoch 8 Batch 9 | Loss: 0.569074
Epoch 8 Batch 10 | Loss: 0.589961
Epoch 8 Batch 11 | Loss: 0.605158
Epoch 8 Batch 12 | Loss: 0.581279
Epoch 8 Batch 13 | Loss: 0.515952
  [STABILITY] Test accuracy improved: 76.16% -> 76.74% (via EMA). Saving best params.
--- Epoch 8/30 | Loss: 0.5761 | Train Acc: 81.0% | Test Acc: 76.7% | CM: [TP:53, TN:79, FP:7, FN:33] | Progress: 26.7% | ETA: 76.1s ---
Epoch 9 Batch 1 | Loss: 0.506642 | Stats: min: -0.516, max: 0.346, mean: -0.085
Epoch 9 Batch 2 | Loss: 0.613938
Epoch 9 Batch 3 | Loss: 0.594705
Epoch 9 Batch 4 | Loss: 0.552593
Epoch 9 Batch 5 | Loss: 0.632538
Epoch 9 Batch 6 | Loss: 0.585407
Epoch 9 Batch 7 | Loss: 0.601673
Epoch 9 Batch 8 | Loss: 0.578434
Epoch 9 Batch 9 | Loss: 0.638239
Epoch 9 Batch 10 | Loss: 0.582441
Epoch 9 Batch 11 | Loss: 0.580508
Epoch 9 Batch 12 | Loss: 0.605758
Epoch 9 Batch 13 | Loss: 0.479643
  [STABILITY] Test accuracy improved: 76.74% -> 77.33% (via EMA). Saving best params.
--- Epoch 9/30 | Loss: 0.5810 | Train Acc: 80.5% | Test Acc: 77.3% | CM: [TP:54, TN:79, FP:7, FN:32] | Progress: 30.0% | ETA: 65.5s ---
Epoch 10 Batch 1 | Loss: 0.609586 | Stats: min: -0.256, max: 0.145, mean: -0.009
Epoch 10 Batch 2 | Loss: 0.564703
Epoch 10 Batch 3 | Loss: 0.587458
Epoch 10 Batch 4 | Loss: 0.641263
Epoch 10 Batch 5 | Loss: 0.569762
Epoch 10 Batch 6 | Loss: 0.590466
Epoch 10 Batch 7 | Loss: 0.613565
Epoch 10 Batch 8 | Loss: 0.605787
Epoch 10 Batch 9 | Loss: 0.562174
Epoch 10 Batch 10 | Loss: 0.549657
Epoch 10 Batch 11 | Loss: 0.537595
Epoch 10 Batch 12 | Loss: 0.629369
Epoch 10 Batch 13 | Loss: 0.592404
--- Epoch 10/30 | Loss: 0.5888 | Train Acc: 79.0% | Test Acc: 76.2% | CM: [TP:52, TN:79, FP:7, FN:34] | Progress: 33.3% | ETA: 55.9s ---
Epoch 11 Batch 1 | Loss: 0.575943 | Stats: min: -0.351, max: -0.093, mean: -0.166
Epoch 11 Batch 2 | Loss: 0.619110
Epoch 11 Batch 3 | Loss: 0.594349
Epoch 11 Batch 4 | Loss: 0.603709
Epoch 11 Batch 5 | Loss: 0.595641
Epoch 11 Batch 6 | Loss: 0.581363
Epoch 11 Batch 7 | Loss: 0.565942
Epoch 11 Batch 8 | Loss: 0.559699
Epoch 11 Batch 9 | Loss: 0.571667
Epoch 11 Batch 10 | Loss: 0.546926
Epoch 11 Batch 11 | Loss: 0.555944
Epoch 11 Batch 12 | Loss: 0.614383
Epoch 11 Batch 13 | Loss: 0.583657
--- Epoch 11/30 | Loss: 0.5822 | Train Acc: 80.0% | Test Acc: 76.2% | CM: [TP:52, TN:79, FP:7, FN:34] | Progress: 36.7% | ETA: 47.9s ---
Epoch 12 Batch 1 | Loss: 0.646354 | Stats: min: -0.468, max: 0.373, mean: 0.074
Epoch 12 Batch 2 | Loss: 0.575891
Epoch 12 Batch 3 | Loss: 0.603148
Epoch 12 Batch 4 | Loss: 0.594112
Epoch 12 Batch 5 | Loss: 0.546136
Epoch 12 Batch 6 | Loss: 0.596662
Epoch 12 Batch 7 | Loss: 0.592335
Epoch 12 Batch 8 | Loss: 0.591254
Epoch 12 Batch 9 | Loss: 0.522724
Epoch 12 Batch 10 | Loss: 0.625180
Epoch 12 Batch 11 | Loss: 0.595649
Epoch 12 Batch 12 | Loss: 0.554468
Epoch 12 Batch 13 | Loss: 0.528211
  [STABILITY] Test accuracy improved: 77.33% -> 78.49% (via EMA). Saving best params.
--- Epoch 12/30 | Loss: 0.5825 | Train Acc: 83.0% | Test Acc: 78.5% | CM: [TP:56, TN:79, FP:7, FN:30] | Progress: 40.0% | ETA: 41.6s ---
Epoch 13 Batch 1 | Loss: 0.594016 | Stats: min: -0.079, max: 0.208, mean: 0.028
Epoch 13 Batch 2 | Loss: 0.554877
Epoch 13 Batch 3 | Loss: 0.545329
Epoch 13 Batch 4 | Loss: 0.614329
Epoch 13 Batch 5 | Loss: 0.708474
Epoch 13 Batch 6 | Loss: 0.596710
Epoch 13 Batch 7 | Loss: 0.605395
Epoch 13 Batch 8 | Loss: 0.522575
Epoch 13 Batch 9 | Loss: 0.595594
Epoch 13 Batch 10 | Loss: 0.548556
Epoch 13 Batch 11 | Loss: 0.569103
Epoch 13 Batch 12 | Loss: 0.548487
Epoch 13 Batch 13 | Loss: 0.577670
--- Epoch 13/30 | Loss: 0.5832 | Train Acc: 83.0% | Test Acc: 77.9% | CM: [TP:55, TN:79, FP:7, FN:31] | Progress: 43.3% | ETA: 36.2s ---
Epoch 14 Batch 1 | Loss: 0.667912 | Stats: min: -0.143, max: 0.511, mean: 0.196
Epoch 14 Batch 2 | Loss: 0.576557
Epoch 14 Batch 3 | Loss: 0.564860
Epoch 14 Batch 4 | Loss: 0.588628
Epoch 14 Batch 5 | Loss: 0.590954
Epoch 14 Batch 6 | Loss: 0.629913
Epoch 14 Batch 7 | Loss: 0.579862
Epoch 14 Batch 8 | Loss: 0.545136
Epoch 14 Batch 9 | Loss: 0.550904
Epoch 14 Batch 10 | Loss: 0.605959
Epoch 14 Batch 11 | Loss: 0.536212
Epoch 14 Batch 12 | Loss: 0.532221
Epoch 14 Batch 13 | Loss: 0.535466
--- Epoch 14/30 | Loss: 0.5773 | Train Acc: 83.0% | Test Acc: 78.5% | CM: [TP:57, TN:78, FP:8, FN:29] | Progress: 46.7% | ETA: 31.2s ---
Epoch 15 Batch 1 | Loss: 0.569101 | Stats: min: -0.342, max: 0.531, mean: -0.006
Epoch 15 Batch 2 | Loss: 0.545326
Epoch 15 Batch 3 | Loss: 0.529139
Epoch 15 Batch 4 | Loss: 0.600755
Epoch 15 Batch 5 | Loss: 0.602965
Epoch 15 Batch 6 | Loss: 0.619043
Epoch 15 Batch 7 | Loss: 0.563557
Epoch 15 Batch 8 | Loss: 0.590303
Epoch 15 Batch 9 | Loss: 0.651551
Epoch 15 Batch 10 | Loss: 0.592236
Epoch 15 Batch 11 | Loss: 0.584293
Epoch 15 Batch 12 | Loss: 0.530454
Epoch 15 Batch 13 | Loss: 0.506241
  [STABILITY] Plateau detected. Reducing Learning Rate to 0.012500
--- Epoch 15/30 | Loss: 0.5758 | Train Acc: 82.0% | Test Acc: 78.5% | CM: [TP:57, TN:78, FP:8, FN:29] | Progress: 50.0% | ETA: 27.2s ---
Epoch 16 Batch 1 | Loss: 0.572177 | Stats: min: -0.196, max: 0.482, mean: 0.065
Epoch 16 Batch 2 | Loss: 0.617334
Epoch 16 Batch 3 | Loss: 0.598667
Epoch 16 Batch 4 | Loss: 0.548464
Epoch 16 Batch 5 | Loss: 0.589984
Epoch 16 Batch 6 | Loss: 0.527577
Epoch 16 Batch 7 | Loss: 0.558920
Epoch 16 Batch 8 | Loss: 0.545890
Epoch 16 Batch 9 | Loss: 0.621875
Epoch 16 Batch 10 | Loss: 0.516517
Epoch 16 Batch 11 | Loss: 0.549716
Epoch 16 Batch 12 | Loss: 0.579295
Epoch 16 Batch 13 | Loss: 0.516277
--- Epoch 16/30 | Loss: 0.5648 | Train Acc: 81.0% | Test Acc: 77.3% | CM: [TP:57, TN:76, FP:10, FN:29] | Progress: 53.3% | ETA: 24.7s ---
Epoch 17 Batch 1 | Loss: 0.552951 | Stats: min: -0.256, max: 0.474, mean: 0.023
Epoch 17 Batch 2 | Loss: 0.578400
Epoch 17 Batch 3 | Loss: 0.618719
Epoch 17 Batch 4 | Loss: 0.539883
Epoch 17 Batch 5 | Loss: 0.487708
Epoch 17 Batch 6 | Loss: 0.545913
Epoch 17 Batch 7 | Loss: 0.546876
Epoch 17 Batch 8 | Loss: 0.624144
Epoch 17 Batch 9 | Loss: 0.585542
Epoch 17 Batch 10 | Loss: 0.488127
Epoch 17 Batch 11 | Loss: 0.621109
Epoch 17 Batch 12 | Loss: 0.554850
Epoch 17 Batch 13 | Loss: 0.629915
--- Epoch 17/30 | Loss: 0.5672 | Train Acc: 81.5% | Test Acc: 77.9% | CM: [TP:58, TN:76, FP:10, FN:28] | Progress: 56.7% | ETA: 22.6s ---
Epoch 18 Batch 1 | Loss: 0.505929 | Stats: min: -0.463, max: 0.181, mean: -0.176
Epoch 18 Batch 2 | Loss: 0.539987
Epoch 18 Batch 3 | Loss: 0.540830
Epoch 18 Batch 4 | Loss: 0.542031
Epoch 18 Batch 5 | Loss: 0.591403
Epoch 18 Batch 6 | Loss: 0.574219
Epoch 18 Batch 7 | Loss: 0.636097
Epoch 18 Batch 8 | Loss: 0.579061
Epoch 18 Batch 9 | Loss: 0.577544
Epoch 18 Batch 10 | Loss: 0.593289
Epoch 18 Batch 11 | Loss: 0.591329
Epoch 18 Batch 12 | Loss: 0.523632
Epoch 18 Batch 13 | Loss: 0.566939
  [STABILITY] Plateau detected. Reducing Learning Rate to 0.006250
--- Epoch 18/30 | Loss: 0.5663 | Train Acc: 81.0% | Test Acc: 76.7% | CM: [TP:57, TN:75, FP:11, FN:29] | Progress: 60.0% | ETA: 19.5s ---
Epoch 19 Batch 1 | Loss: 0.621578 | Stats: min: -0.154, max: 0.496, mean: 0.182
Epoch 19 Batch 2 | Loss: 0.574509
Epoch 19 Batch 3 | Loss: 0.537182
Epoch 19 Batch 4 | Loss: 0.562774
Epoch 19 Batch 5 | Loss: 0.583265
Epoch 19 Batch 6 | Loss: 0.502537
Epoch 19 Batch 7 | Loss: 0.583680
Epoch 19 Batch 8 | Loss: 0.613152
Epoch 19 Batch 9 | Loss: 0.585290
Epoch 19 Batch 10 | Loss: 0.529401
Epoch 19 Batch 11 | Loss: 0.548487
Epoch 19 Batch 12 | Loss: 0.566952
Epoch 19 Batch 13 | Loss: 0.588791
--- Epoch 19/30 | Loss: 0.5690 | Train Acc: 81.5% | Test Acc: 77.3% | CM: [TP:60, TN:73, FP:13, FN:26] | Progress: 63.3% | ETA: 17.5s ---
Epoch 20 Batch 1 | Loss: 0.579940 | Stats: min: -0.235, max: 0.503, mean: 0.034
Epoch 20 Batch 2 | Loss: 0.593956
Epoch 20 Batch 3 | Loss: 0.616703
Epoch 20 Batch 4 | Loss: 0.581937
Epoch 20 Batch 5 | Loss: 0.552558
Epoch 20 Batch 6 | Loss: 0.553225
Epoch 20 Batch 7 | Loss: 0.558435
Epoch 20 Batch 8 | Loss: 0.594529
Epoch 20 Batch 9 | Loss: 0.531986
Epoch 20 Batch 10 | Loss: 0.563742
Epoch 20 Batch 11 | Loss: 0.506006
Epoch 20 Batch 12 | Loss: 0.543986
Epoch 20 Batch 13 | Loss: 0.491367
--- Epoch 20/30 | Loss: 0.5591 | Train Acc: 82.0% | Test Acc: 76.7% | CM: [TP:59, TN:73, FP:13, FN:27] | Progress: 66.7% | ETA: 13.7s ---
Epoch 21 Batch 1 | Loss: 0.607474 | Stats: min: -0.226, max: 0.371, mean: -0.036
Epoch 21 Batch 2 | Loss: 0.599825
Epoch 21 Batch 3 | Loss: 0.490503
Epoch 21 Batch 4 | Loss: 0.570964
Epoch 21 Batch 5 | Loss: 0.517720
Epoch 21 Batch 6 | Loss: 0.562672
Epoch 21 Batch 7 | Loss: 0.555846
Epoch 21 Batch 8 | Loss: 0.581256
Epoch 21 Batch 9 | Loss: 0.556102
Epoch 21 Batch 10 | Loss: 0.544052
Epoch 21 Batch 11 | Loss: 0.587157
Epoch 21 Batch 12 | Loss: 0.567952
Epoch 21 Batch 13 | Loss: 0.618364
  [STABILITY] Plateau detected. Reducing Learning Rate to 0.003125
--- Epoch 21/30 | Loss: 0.5661 | Train Acc: 82.0% | Test Acc: 76.7% | CM: [TP:59, TN:73, FP:13, FN:27] | Progress: 70.0% | ETA: 11.7s ---
Epoch 22 Batch 1 | Loss: 0.509419 | Stats: min: -0.415, max: 0.182, mean: -0.075
Epoch 22 Batch 2 | Loss: 0.589963
Epoch 22 Batch 3 | Loss: 0.622936
Epoch 22 Batch 4 | Loss: 0.537401
Epoch 22 Batch 5 | Loss: 0.566474
Epoch 22 Batch 6 | Loss: 0.578493
Epoch 22 Batch 7 | Loss: 0.543369
Epoch 22 Batch 8 | Loss: 0.559390
Epoch 22 Batch 9 | Loss: 0.511251
Epoch 22 Batch 10 | Loss: 0.532393
Epoch 22 Batch 11 | Loss: 0.602814
Epoch 22 Batch 12 | Loss: 0.594110
Epoch 22 Batch 13 | Loss: 0.544207
--- Epoch 22/30 | Loss: 0.5609 | Train Acc: 81.5% | Test Acc: 75.6% | CM: [TP:58, TN:72, FP:14, FN:28] | Progress: 73.3% | ETA: 9.7s ---
Epoch 23 Batch 1 | Loss: 0.498070 | Stats: min: -0.246, max: 0.436, mean: 0.098
Epoch 23 Batch 2 | Loss: 0.537905
Epoch 23 Batch 3 | Loss: 0.560087
Epoch 23 Batch 4 | Loss: 0.621604
Epoch 23 Batch 5 | Loss: 0.539866
Epoch 23 Batch 6 | Loss: 0.542728
Epoch 23 Batch 7 | Loss: 0.546167
Epoch 23 Batch 8 | Loss: 0.587320
Epoch 23 Batch 9 | Loss: 0.585738
Epoch 23 Batch 10 | Loss: 0.618084
Epoch 23 Batch 11 | Loss: 0.565486
Epoch 23 Batch 12 | Loss: 0.513205
Epoch 23 Batch 13 | Loss: 0.626522
--- Epoch 23/30 | Loss: 0.5648 | Train Acc: 81.5% | Test Acc: 75.6% | CM: [TP:58, TN:72, FP:14, FN:28] | Progress: 76.7% | ETA: 8.2s ---
Epoch 24 Batch 1 | Loss: 0.525288 | Stats: min: -0.097, max: 0.298, mean: 0.051
Epoch 24 Batch 2 | Loss: 0.598888
Epoch 24 Batch 3 | Loss: 0.556090
Epoch 24 Batch 4 | Loss: 0.559025
Epoch 24 Batch 5 | Loss: 0.583627
Epoch 24 Batch 6 | Loss: 0.579818
Epoch 24 Batch 7 | Loss: 0.537823
Epoch 24 Batch 8 | Loss: 0.591649
Epoch 24 Batch 9 | Loss: 0.564490
Epoch 24 Batch 10 | Loss: 0.562953
Epoch 24 Batch 11 | Loss: 0.552645
Epoch 24 Batch 12 | Loss: 0.525607
Epoch 24 Batch 13 | Loss: 0.546483
  [STABILITY] Plateau detected. Reducing Learning Rate to 0.001563
--- Epoch 24/30 | Loss: 0.5603 | Train Acc: 80.5% | Test Acc: 75.0% | CM: [TP:58, TN:71, FP:15, FN:28] | Progress: 80.0% | ETA: 6.6s ---
Epoch 25 Batch 1 | Loss: 0.489044 | Stats: min: -0.201, max: 0.352, mean: 0.069
Epoch 25 Batch 2 | Loss: 0.593469
Epoch 25 Batch 3 | Loss: 0.583520
Epoch 25 Batch 4 | Loss: 0.561789
Epoch 25 Batch 5 | Loss: 0.560048
Epoch 25 Batch 6 | Loss: 0.613601
Epoch 25 Batch 7 | Loss: 0.536644
Epoch 25 Batch 8 | Loss: 0.551138
Epoch 25 Batch 9 | Loss: 0.601997
Epoch 25 Batch 10 | Loss: 0.500023
Epoch 25 Batch 11 | Loss: 0.546193
Epoch 25 Batch 12 | Loss: 0.597591
Epoch 25 Batch 13 | Loss: 0.549124
--- Epoch 25/30 | Loss: 0.5603 | Train Acc: 80.5% | Test Acc: 74.4% | CM: [TP:58, TN:70, FP:16, FN:28] | Progress: 83.3% | ETA: 5.2s ---
Epoch 26 Batch 1 | Loss: 0.561431 | Stats: min: -0.493, max: 0.187, mean: -0.119
Epoch 26 Batch 2 | Loss: 0.568462
Epoch 26 Batch 3 | Loss: 0.532563
Epoch 26 Batch 4 | Loss: 0.559255
Epoch 26 Batch 5 | Loss: 0.563259
Epoch 26 Batch 6 | Loss: 0.561580
Epoch 26 Batch 7 | Loss: 0.529769
Epoch 26 Batch 8 | Loss: 0.539938
Epoch 26 Batch 9 | Loss: 0.578546
Epoch 26 Batch 10 | Loss: 0.593795
Epoch 26 Batch 11 | Loss: 0.559446
Epoch 26 Batch 12 | Loss: 0.588280
Epoch 26 Batch 13 | Loss: 0.552693
--- Epoch 26/30 | Loss: 0.5607 | Train Acc: 80.5% | Test Acc: 73.8% | CM: [TP:58, TN:69, FP:17, FN:28] | Progress: 86.7% | ETA: 4.1s ---
Epoch 27 Batch 1 | Loss: 0.563842 | Stats: min: -0.393, max: 0.349, mean: 0.037
Epoch 27 Batch 2 | Loss: 0.527332
Epoch 27 Batch 3 | Loss: 0.502832
Epoch 27 Batch 4 | Loss: 0.551206
Epoch 27 Batch 5 | Loss: 0.557105
Epoch 27 Batch 6 | Loss: 0.612718
Epoch 27 Batch 7 | Loss: 0.583953
Epoch 27 Batch 8 | Loss: 0.498246
Epoch 27 Batch 9 | Loss: 0.620819
Epoch 27 Batch 10 | Loss: 0.604452
Epoch 27 Batch 11 | Loss: 0.525138
Epoch 27 Batch 12 | Loss: 0.581106
Epoch 27 Batch 13 | Loss: 0.561286
  [STABILITY] Plateau detected. Reducing Learning Rate to 0.000781
--- Epoch 27/30 | Loss: 0.5608 | Train Acc: 80.5% | Test Acc: 74.4% | CM: [TP:58, TN:70, FP:16, FN:28] | Progress: 90.0% | ETA: 3.0s ---
Epoch 28 Batch 1 | Loss: 0.561404 | Stats: min: -0.181, max: 0.041, mean: -0.023
Epoch 28 Batch 2 | Loss: 0.532000
Epoch 28 Batch 3 | Loss: 0.607751
Epoch 28 Batch 4 | Loss: 0.506068
Epoch 28 Batch 5 | Loss: 0.538298
Epoch 28 Batch 6 | Loss: 0.551888
Epoch 28 Batch 7 | Loss: 0.584212
Epoch 28 Batch 8 | Loss: 0.547131
Epoch 28 Batch 9 | Loss: 0.565801
Epoch 28 Batch 10 | Loss: 0.596038
Epoch 28 Batch 11 | Loss: 0.587145
Epoch 28 Batch 12 | Loss: 0.544078
Epoch 28 Batch 13 | Loss: 0.565081
--- Epoch 28/30 | Loss: 0.5605 | Train Acc: 81.0% | Test Acc: 74.4% | CM: [TP:58, TN:70, FP:16, FN:28] | Progress: 93.3% | ETA: 1.9s ---
Epoch 29 Batch 1 | Loss: 0.593750 | Stats: min: -0.039, max: 0.461, mean: 0.287
Epoch 29 Batch 2 | Loss: 0.536522
Epoch 29 Batch 3 | Loss: 0.507297
Epoch 29 Batch 4 | Loss: 0.568557
Epoch 29 Batch 5 | Loss: 0.574335
Epoch 29 Batch 6 | Loss: 0.581656
Epoch 29 Batch 7 | Loss: 0.566387
Epoch 29 Batch 8 | Loss: 0.591504
Epoch 29 Batch 9 | Loss: 0.495729
Epoch 29 Batch 10 | Loss: 0.598275
Epoch 29 Batch 11 | Loss: 0.549873
Epoch 29 Batch 12 | Loss: 0.556516
Epoch 29 Batch 13 | Loss: 0.572967
--- Epoch 29/30 | Loss: 0.5610 | Train Acc: 81.5% | Test Acc: 75.6% | CM: [TP:60, TN:70, FP:16, FN:26] | Progress: 96.7% | ETA: 0.9s ---
Epoch 30 Batch 1 | Loss: 0.532670 | Stats: min: 0.066, max: 0.483, mean: 0.217
Epoch 30 Batch 2 | Loss: 0.591031
Epoch 30 Batch 3 | Loss: 0.517373
Epoch 30 Batch 4 | Loss: 0.566084
Epoch 30 Batch 5 | Loss: 0.580958
Epoch 30 Batch 6 | Loss: 0.556323
Epoch 30 Batch 7 | Loss: 0.590847
Epoch 30 Batch 8 | Loss: 0.573924
Epoch 30 Batch 9 | Loss: 0.596527
Epoch 30 Batch 10 | Loss: 0.555538
Epoch 30 Batch 11 | Loss: 0.543043
Epoch 30 Batch 12 | Loss: 0.541635
Epoch 30 Batch 13 | Loss: 0.514525
  [STABILITY] Plateau detected. Reducing Learning Rate to 0.000391
--- Epoch 30/30 | Loss: 0.5585 | Train Acc: 81.5% | Test Acc: 75.6% | CM: [TP:60, TN:70, FP:16, FN:26] | Progress: 100.0% | ETA: 0.0s ---

Final Best Test Accuracy: 78.49%


Best Quantum Test Accuracy: 0.785
