DEBUG: Qtrainer enters train_pure_quantum_cnn. Encoding: feature_map
  Class Weights: +1 (Target): 1.00 | -1 (Rest): 1.00
Starting Training
==================================================
Epoch 1 Batch 1 | Loss: 0.700836 | Stats: min: -0.246, max: -0.134, mean: -0.205
Epoch 1 Batch 2 | Loss: 0.750452
Epoch 1 Batch 3 | Loss: 0.751564
Epoch 1 Batch 4 | Loss: 0.676372
Epoch 1 Batch 5 | Loss: 0.665315
Epoch 1 Batch 6 | Loss: 0.654228
Epoch 1 Batch 7 | Loss: 0.656179
Epoch 1 Batch 8 | Loss: 0.651104
Epoch 1 Batch 9 | Loss: 0.657204
Epoch 1 Batch 10 | Loss: 0.609321
Epoch 1 Batch 11 | Loss: 0.668306
Epoch 1 Batch 12 | Loss: 0.656004
Epoch 1 Batch 13 | Loss: 0.632661
  [STABILITY] Test accuracy improved: 0.00% -> 62.79% (via EMA). Saving best params.
--- Epoch 1/30 | Loss: 0.6715 | Train Acc: 56.0% | Test Acc: 62.8% | CM: [TP:67, TN:41, FP:45, FN:19] | Progress: 3.3% | ETA: 584.5s ---
Epoch 2 Batch 1 | Loss: 0.638705 | Stats: min: -0.003, max: 0.175, mean: 0.087
Epoch 2 Batch 2 | Loss: 0.616194
Epoch 2 Batch 3 | Loss: 0.625241
Epoch 2 Batch 4 | Loss: 0.680986
Epoch 2 Batch 5 | Loss: 0.646249
Epoch 2 Batch 6 | Loss: 0.651855
Epoch 2 Batch 7 | Loss: 0.620341
Epoch 2 Batch 8 | Loss: 0.626773
Epoch 2 Batch 9 | Loss: 0.621169
Epoch 2 Batch 10 | Loss: 0.654345
Epoch 2 Batch 11 | Loss: 0.673381
Epoch 2 Batch 12 | Loss: 0.599130
Epoch 2 Batch 13 | Loss: 0.675201
  [STABILITY] Test accuracy improved: 62.79% -> 67.44% (via EMA). Saving best params.
--- Epoch 2/30 | Loss: 0.6407 | Train Acc: 61.5% | Test Acc: 67.4% | CM: [TP:65, TN:51, FP:35, FN:21] | Progress: 6.7% | ETA: 374.2s ---
Epoch 3 Batch 1 | Loss: 0.665350 | Stats: min: -0.093, max: 0.035, mean: -0.041
Epoch 3 Batch 2 | Loss: 0.636642
Epoch 3 Batch 3 | Loss: 0.643410
Epoch 3 Batch 4 | Loss: 0.667818
Epoch 3 Batch 5 | Loss: 0.644686
Epoch 3 Batch 6 | Loss: 0.625538
Epoch 3 Batch 7 | Loss: 0.641620
Epoch 3 Batch 8 | Loss: 0.597400
Epoch 3 Batch 9 | Loss: 0.588473
Epoch 3 Batch 10 | Loss: 0.646294
Epoch 3 Batch 11 | Loss: 0.677468
Epoch 3 Batch 12 | Loss: 0.590045
Epoch 3 Batch 13 | Loss: 0.592306
  [STABILITY] Test accuracy improved: 67.44% -> 68.60% (via EMA). Saving best params.
--- Epoch 3/30 | Loss: 0.6321 | Train Acc: 65.0% | Test Acc: 68.6% | CM: [TP:66, TN:52, FP:34, FN:20] | Progress: 10.0% | ETA: 247.8s ---
Epoch 4 Batch 1 | Loss: 0.618696 | Stats: min: -0.088, max: 0.257, mean: 0.105
Epoch 4 Batch 2 | Loss: 0.633948
Epoch 4 Batch 3 | Loss: 0.600748
Epoch 4 Batch 4 | Loss: 0.606910
Epoch 4 Batch 5 | Loss: 0.636781
Epoch 4 Batch 6 | Loss: 0.580048
Epoch 4 Batch 7 | Loss: 0.636222
Epoch 4 Batch 8 | Loss: 0.586523
Epoch 4 Batch 9 | Loss: 0.640873
Epoch 4 Batch 10 | Loss: 0.653148
Epoch 4 Batch 11 | Loss: 0.580679
Epoch 4 Batch 12 | Loss: 0.598229
Epoch 4 Batch 13 | Loss: 0.576135
  [STABILITY] Test accuracy improved: 68.60% -> 69.77% (via EMA). Saving best params.
--- Epoch 4/30 | Loss: 0.6115 | Train Acc: 64.5% | Test Acc: 69.8% | CM: [TP:67, TN:53, FP:33, FN:19] | Progress: 13.3% | ETA: 176.5s ---
Epoch 5 Batch 1 | Loss: 0.606696 | Stats: min: -0.364, max: 0.121, mean: -0.091
Epoch 5 Batch 2 | Loss: 0.587288
Epoch 5 Batch 3 | Loss: 0.669167
Epoch 5 Batch 4 | Loss: 0.642446
Epoch 5 Batch 5 | Loss: 0.613099
Epoch 5 Batch 6 | Loss: 0.596016
Epoch 5 Batch 7 | Loss: 0.607625
Epoch 5 Batch 8 | Loss: 0.621917
Epoch 5 Batch 9 | Loss: 0.617206
Epoch 5 Batch 10 | Loss: 0.562913
Epoch 5 Batch 11 | Loss: 0.673243
Epoch 5 Batch 12 | Loss: 0.609736
Epoch 5 Batch 13 | Loss: 0.616567
  [STABILITY] Test accuracy improved: 69.77% -> 72.09% (via EMA). Saving best params.
--- Epoch 5/30 | Loss: 0.6172 | Train Acc: 66.5% | Test Acc: 72.1% | CM: [TP:71, TN:53, FP:33, FN:15] | Progress: 16.7% | ETA: 138.5s ---
Epoch 6 Batch 1 | Loss: 0.606055 | Stats: min: -0.425, max: -0.006, mean: -0.207
Epoch 6 Batch 2 | Loss: 0.645153
Epoch 6 Batch 3 | Loss: 0.627942
Epoch 6 Batch 4 | Loss: 0.580852
Epoch 6 Batch 5 | Loss: 0.575315
Epoch 6 Batch 6 | Loss: 0.639581
Epoch 6 Batch 7 | Loss: 0.607101
Epoch 6 Batch 8 | Loss: 0.593629
Epoch 6 Batch 9 | Loss: 0.539559
Epoch 6 Batch 10 | Loss: 0.590552
Epoch 6 Batch 11 | Loss: 0.592298
Epoch 6 Batch 12 | Loss: 0.578579
Epoch 6 Batch 13 | Loss: 0.628417
--- Epoch 6/30 | Loss: 0.6004 | Train Acc: 67.0% | Test Acc: 71.5% | CM: [TP:70, TN:53, FP:33, FN:16] | Progress: 20.0% | ETA: 109.2s ---
Epoch 7 Batch 1 | Loss: 0.623055 | Stats: min: -0.161, max: 0.176, mean: -0.014
Epoch 7 Batch 2 | Loss: 0.541352
Epoch 7 Batch 3 | Loss: 0.566235
Epoch 7 Batch 4 | Loss: 0.672634
Epoch 7 Batch 5 | Loss: 0.574732
Epoch 7 Batch 6 | Loss: 0.555242
Epoch 7 Batch 7 | Loss: 0.617010
Epoch 7 Batch 8 | Loss: 0.655540
Epoch 7 Batch 9 | Loss: 0.666616
Epoch 7 Batch 10 | Loss: 0.555391
Epoch 7 Batch 11 | Loss: 0.577247
Epoch 7 Batch 12 | Loss: 0.698193
Epoch 7 Batch 13 | Loss: 0.602857
  [STABILITY] Test accuracy improved: 72.09% -> 72.67% (via EMA). Saving best params.
--- Epoch 7/30 | Loss: 0.6082 | Train Acc: 67.5% | Test Acc: 72.7% | CM: [TP:69, TN:56, FP:30, FN:17] | Progress: 23.3% | ETA: 71.1s ---
Epoch 8 Batch 1 | Loss: 0.587007 | Stats: min: -0.399, max: -0.026, mean: -0.234
Epoch 8 Batch 2 | Loss: 0.619307
Epoch 8 Batch 3 | Loss: 0.694384
Epoch 8 Batch 4 | Loss: 0.751129
Epoch 8 Batch 5 | Loss: 0.643162
Epoch 8 Batch 6 | Loss: 0.606236
Epoch 8 Batch 7 | Loss: 0.607658
Epoch 8 Batch 8 | Loss: 0.621815
Epoch 8 Batch 9 | Loss: 0.610190
Epoch 8 Batch 10 | Loss: 0.632014
Epoch 8 Batch 11 | Loss: 0.667512
Epoch 8 Batch 12 | Loss: 0.651261
Epoch 8 Batch 13 | Loss: 0.565017
  [STABILITY] Test accuracy improved: 72.67% -> 75.00% (via EMA). Saving best params.
--- Epoch 8/30 | Loss: 0.6351 | Train Acc: 69.5% | Test Acc: 75.0% | CM: [TP:66, TN:63, FP:23, FN:20] | Progress: 26.7% | ETA: 38.6s ---
Epoch 9 Batch 1 | Loss: 0.581347 | Stats: min: -0.379, max: 0.004, mean: -0.102
Epoch 9 Batch 2 | Loss: 0.703724
Epoch 9 Batch 3 | Loss: 0.680517
Epoch 9 Batch 4 | Loss: 0.618549
Epoch 9 Batch 5 | Loss: 0.657134
Epoch 9 Batch 6 | Loss: 0.610917
Epoch 9 Batch 7 | Loss: 0.578439
Epoch 9 Batch 8 | Loss: 0.662109
Epoch 9 Batch 9 | Loss: 0.635364
Epoch 9 Batch 10 | Loss: 0.600351
Epoch 9 Batch 11 | Loss: 0.609116
Epoch 9 Batch 12 | Loss: 0.612118
Epoch 9 Batch 13 | Loss: 0.663414
  [STABILITY] Test accuracy improved: 75.00% -> 76.16% (via EMA). Saving best params.
--- Epoch 9/30 | Loss: 0.6318 | Train Acc: 71.0% | Test Acc: 76.2% | CM: [TP:64, TN:67, FP:19, FN:22] | Progress: 30.0% | ETA: 39.7s ---
Epoch 10 Batch 1 | Loss: 0.593371 | Stats: min: -0.263, max: 0.418, mean: 0.019
Epoch 10 Batch 2 | Loss: 0.598583
Epoch 10 Batch 3 | Loss: 0.628763
Epoch 10 Batch 4 | Loss: 0.632262
Epoch 10 Batch 5 | Loss: 0.637628
Epoch 10 Batch 6 | Loss: 0.548724
Epoch 10 Batch 7 | Loss: 0.564892
Epoch 10 Batch 8 | Loss: 0.565537
Epoch 10 Batch 9 | Loss: 0.628419
Epoch 10 Batch 10 | Loss: 0.598418
Epoch 10 Batch 11 | Loss: 0.575163
Epoch 10 Batch 12 | Loss: 0.557969
Epoch 10 Batch 13 | Loss: 0.644622
  [STABILITY] Test accuracy improved: 76.16% -> 76.74% (via EMA). Saving best params.
--- Epoch 10/30 | Loss: 0.5980 | Train Acc: 71.0% | Test Acc: 76.7% | CM: [TP:62, TN:70, FP:16, FN:24] | Progress: 33.3% | ETA: 28.4s ---
Epoch 11 Batch 1 | Loss: 0.573575 | Stats: min: -0.272, max: 0.418, mean: -0.006
Epoch 11 Batch 2 | Loss: 0.593059
Epoch 11 Batch 3 | Loss: 0.686401
Epoch 11 Batch 4 | Loss: 0.614775
Epoch 11 Batch 5 | Loss: 0.524786
Epoch 11 Batch 6 | Loss: 0.563969
Epoch 11 Batch 7 | Loss: 0.638430
Epoch 11 Batch 8 | Loss: 0.562374
Epoch 11 Batch 9 | Loss: 0.604245
Epoch 11 Batch 10 | Loss: 0.554311
Epoch 11 Batch 11 | Loss: 0.552200
Epoch 11 Batch 12 | Loss: 0.590700
Epoch 11 Batch 13 | Loss: 0.595932
--- Epoch 11/30 | Loss: 0.5888 | Train Acc: 68.5% | Test Acc: 75.0% | CM: [TP:58, TN:71, FP:15, FN:28] | Progress: 36.7% | ETA: 35.1s ---
Epoch 12 Batch 1 | Loss: 0.546834 | Stats: min: -0.557, max: 0.270, mean: -0.142
Epoch 12 Batch 2 | Loss: 0.604701
Epoch 12 Batch 3 | Loss: 0.563817
Epoch 12 Batch 4 | Loss: 0.565970
Epoch 12 Batch 5 | Loss: 0.562837
Epoch 12 Batch 6 | Loss: 0.570291
Epoch 12 Batch 7 | Loss: 0.583281
Epoch 12 Batch 8 | Loss: 0.618455
Epoch 12 Batch 9 | Loss: 0.570248
Epoch 12 Batch 10 | Loss: 0.583789
Epoch 12 Batch 11 | Loss: 0.556107
Epoch 12 Batch 12 | Loss: 0.625990
Epoch 12 Batch 13 | Loss: 0.645854
--- Epoch 12/30 | Loss: 0.5845 | Train Acc: 68.0% | Test Acc: 75.0% | CM: [TP:57, TN:72, FP:14, FN:29] | Progress: 40.0% | ETA: 25.2s ---
Epoch 13 Batch 1 | Loss: 0.578792 | Stats: min: 0.105, max: 0.358, mean: 0.201
Epoch 13 Batch 2 | Loss: 0.626322
Epoch 13 Batch 3 | Loss: 0.633880
Epoch 13 Batch 4 | Loss: 0.609970
Epoch 13 Batch 5 | Loss: 0.590779
Epoch 13 Batch 6 | Loss: 0.559009
Epoch 13 Batch 7 | Loss: 0.618591
Epoch 13 Batch 8 | Loss: 0.574793
Epoch 13 Batch 9 | Loss: 0.541191
Epoch 13 Batch 10 | Loss: 0.600651
Epoch 13 Batch 11 | Loss: 0.593999
Epoch 13 Batch 12 | Loss: 0.603117
Epoch 13 Batch 13 | Loss: 0.515804
  [STABILITY] Plateau detected. Reducing Learning Rate to 0.025000
--- Epoch 13/30 | Loss: 0.5882 | Train Acc: 67.5% | Test Acc: 74.4% | CM: [TP:58, TN:70, FP:16, FN:28] | Progress: 43.3% | ETA: 23.3s ---
Epoch 14 Batch 1 | Loss: 0.605082 | Stats: min: -0.152, max: 0.112, mean: -0.048
Epoch 14 Batch 2 | Loss: 0.550120
Epoch 14 Batch 3 | Loss: 0.634010
Epoch 14 Batch 4 | Loss: 0.606024
Epoch 14 Batch 5 | Loss: 0.595664
Epoch 14 Batch 6 | Loss: 0.583903
Epoch 14 Batch 7 | Loss: 0.520652
Epoch 14 Batch 8 | Loss: 0.559489
Epoch 14 Batch 9 | Loss: 0.557922
Epoch 14 Batch 10 | Loss: 0.571036
Epoch 14 Batch 11 | Loss: 0.595057
Epoch 14 Batch 12 | Loss: 0.544700
Epoch 14 Batch 13 | Loss: 0.628716
--- Epoch 14/30 | Loss: 0.5810 | Train Acc: 68.0% | Test Acc: 73.8% | CM: [TP:58, TN:69, FP:17, FN:28] | Progress: 46.7% | ETA: 20.2s ---
Epoch 15 Batch 1 | Loss: 0.525610 | Stats: min: -0.468, max: 0.479, mean: -0.122
Epoch 15 Batch 2 | Loss: 0.558651
Epoch 15 Batch 3 | Loss: 0.596225
Epoch 15 Batch 4 | Loss: 0.574289
Epoch 15 Batch 5 | Loss: 0.524042
Epoch 15 Batch 6 | Loss: 0.571085
Epoch 15 Batch 7 | Loss: 0.647981
Epoch 15 Batch 8 | Loss: 0.584835
Epoch 15 Batch 9 | Loss: 0.577057
Epoch 15 Batch 10 | Loss: 0.593873
Epoch 15 Batch 11 | Loss: 0.617598
Epoch 15 Batch 12 | Loss: 0.577692
Epoch 15 Batch 13 | Loss: 0.568781
--- Epoch 15/30 | Loss: 0.5783 | Train Acc: 68.5% | Test Acc: 74.4% | CM: [TP:59, TN:69, FP:17, FN:27] | Progress: 50.0% | ETA: 15.0s ---
Epoch 16 Batch 1 | Loss: 0.624993 | Stats: min: -0.077, max: 0.066, mean: 0.014
Epoch 16 Batch 2 | Loss: 0.567609
Epoch 16 Batch 3 | Loss: 0.614107
Epoch 16 Batch 4 | Loss: 0.595664
Epoch 16 Batch 5 | Loss: 0.592722
Epoch 16 Batch 6 | Loss: 0.553241
Epoch 16 Batch 7 | Loss: 0.586762
Epoch 16 Batch 8 | Loss: 0.539832
Epoch 16 Batch 9 | Loss: 0.567748
Epoch 16 Batch 10 | Loss: 0.535030
Epoch 16 Batch 11 | Loss: 0.551775
Epoch 16 Batch 12 | Loss: 0.575422
Epoch 16 Batch 13 | Loss: 0.537119
  [STABILITY] Plateau detected. Reducing Learning Rate to 0.012500
--- Epoch 16/30 | Loss: 0.5725 | Train Acc: 67.5% | Test Acc: 74.4% | CM: [TP:60, TN:68, FP:18, FN:26] | Progress: 53.3% | ETA: 16.7s ---
Epoch 17 Batch 1 | Loss: 0.595167 | Stats: min: -0.267, max: 0.582, mean: -0.021
Epoch 17 Batch 2 | Loss: 0.605822
Epoch 17 Batch 3 | Loss: 0.592154
Epoch 17 Batch 4 | Loss: 0.520823
Epoch 17 Batch 5 | Loss: 0.633138
Epoch 17 Batch 6 | Loss: 0.527009
Epoch 17 Batch 7 | Loss: 0.568140
Epoch 17 Batch 8 | Loss: 0.530193
Epoch 17 Batch 9 | Loss: 0.565183
Epoch 17 Batch 10 | Loss: 0.592326
Epoch 17 Batch 11 | Loss: 0.553503
Epoch 17 Batch 12 | Loss: 0.604950
Epoch 17 Batch 13 | Loss: 0.538801
--- Epoch 17/30 | Loss: 0.5713 | Train Acc: 67.0% | Test Acc: 73.3% | CM: [TP:59, TN:67, FP:19, FN:27] | Progress: 56.7% | ETA: 15.0s ---
Epoch 18 Batch 1 | Loss: 0.588095 | Stats: min: -0.182, max: 0.297, mean: 0.004
Epoch 18 Batch 2 | Loss: 0.530798
Epoch 18 Batch 3 | Loss: 0.574955
Epoch 18 Batch 4 | Loss: 0.563224
Epoch 18 Batch 5 | Loss: 0.576237
Epoch 18 Batch 6 | Loss: 0.614779
Epoch 18 Batch 7 | Loss: 0.566710
Epoch 18 Batch 8 | Loss: 0.577745
Epoch 18 Batch 9 | Loss: 0.658615
Epoch 18 Batch 10 | Loss: 0.505466
Epoch 18 Batch 11 | Loss: 0.569777
Epoch 18 Batch 12 | Loss: 0.543020
Epoch 18 Batch 13 | Loss: 0.591494
--- Epoch 18/30 | Loss: 0.5739 | Train Acc: 67.0% | Test Acc: 73.3% | CM: [TP:59, TN:67, FP:19, FN:27] | Progress: 60.0% | ETA: 12.7s ---
Epoch 19 Batch 1 | Loss: 0.633929 | Stats: min: -0.261, max: 0.323, mean: -0.015
Epoch 19 Batch 2 | Loss: 0.620683
Epoch 19 Batch 3 | Loss: 0.584053
Epoch 19 Batch 4 | Loss: 0.576575
Epoch 19 Batch 5 | Loss: 0.538085
Epoch 19 Batch 6 | Loss: 0.610886
Epoch 19 Batch 7 | Loss: 0.564629
Epoch 19 Batch 8 | Loss: 0.548355
Epoch 19 Batch 9 | Loss: 0.585625
Epoch 19 Batch 10 | Loss: 0.540873
Epoch 19 Batch 11 | Loss: 0.525840
Epoch 19 Batch 12 | Loss: 0.586540
Epoch 19 Batch 13 | Loss: 0.532735
  [STABILITY] Plateau detected. Reducing Learning Rate to 0.006250
--- Epoch 19/30 | Loss: 0.5730 | Train Acc: 68.5% | Test Acc: 73.8% | CM: [TP:60, TN:67, FP:19, FN:26] | Progress: 63.3% | ETA: 8.4s ---
Epoch 20 Batch 1 | Loss: 0.500385 | Stats: min: -0.248, max: 0.394, mean: 0.048
Epoch 20 Batch 2 | Loss: 0.557658
Epoch 20 Batch 3 | Loss: 0.596138
Epoch 20 Batch 4 | Loss: 0.591657
Epoch 20 Batch 5 | Loss: 0.575408
Epoch 20 Batch 6 | Loss: 0.563529
Epoch 20 Batch 7 | Loss: 0.575174
Epoch 20 Batch 8 | Loss: 0.506025
Epoch 20 Batch 9 | Loss: 0.611151
Epoch 20 Batch 10 | Loss: 0.641678
Epoch 20 Batch 11 | Loss: 0.567735
Epoch 20 Batch 12 | Loss: 0.599633
Epoch 20 Batch 13 | Loss: 0.601238
--- Epoch 20/30 | Loss: 0.5760 | Train Acc: 69.0% | Test Acc: 73.3% | CM: [TP:59, TN:67, FP:19, FN:27] | Progress: 66.7% | ETA: 8.8s ---
Epoch 21 Batch 1 | Loss: 0.568125 | Stats: min: -0.396, max: 0.398, mean: -0.086
Epoch 21 Batch 2 | Loss: 0.621443
Epoch 21 Batch 3 | Loss: 0.511273
Epoch 21 Batch 4 | Loss: 0.616599
Epoch 21 Batch 5 | Loss: 0.620141
Epoch 21 Batch 6 | Loss: 0.545955
Epoch 21 Batch 7 | Loss: 0.521725
Epoch 21 Batch 8 | Loss: 0.562592
Epoch 21 Batch 9 | Loss: 0.605786
Epoch 21 Batch 10 | Loss: 0.519203
Epoch 21 Batch 11 | Loss: 0.532689
Epoch 21 Batch 12 | Loss: 0.623428
Epoch 21 Batch 13 | Loss: 0.654706
--- Epoch 21/30 | Loss: 0.5772 | Train Acc: 68.5% | Test Acc: 73.8% | CM: [TP:60, TN:67, FP:19, FN:26] | Progress: 70.0% | ETA: 8.5s ---
Epoch 22 Batch 1 | Loss: 0.614249 | Stats: min: -0.276, max: 0.458, mean: 0.108
Epoch 22 Batch 2 | Loss: 0.519530
Epoch 22 Batch 3 | Loss: 0.595579
Epoch 22 Batch 4 | Loss: 0.616351
Epoch 22 Batch 5 | Loss: 0.587300
Epoch 22 Batch 6 | Loss: 0.501638
Epoch 22 Batch 7 | Loss: 0.585320
Epoch 22 Batch 8 | Loss: 0.555855
Epoch 22 Batch 9 | Loss: 0.552772
Epoch 22 Batch 10 | Loss: 0.601240
Epoch 22 Batch 11 | Loss: 0.597890
Epoch 22 Batch 12 | Loss: 0.569282
Epoch 22 Batch 13 | Loss: 0.474421
  [STABILITY] Plateau detected. Reducing Learning Rate to 0.003125
--- Epoch 22/30 | Loss: 0.5670 | Train Acc: 69.0% | Test Acc: 73.8% | CM: [TP:60, TN:67, FP:19, FN:26] | Progress: 73.3% | ETA: 7.3s ---
Epoch 23 Batch 1 | Loss: 0.616596 | Stats: min: -0.368, max: -0.011, mean: -0.204
Epoch 23 Batch 2 | Loss: 0.544599
Epoch 23 Batch 3 | Loss: 0.509181
Epoch 23 Batch 4 | Loss: 0.638635
Epoch 23 Batch 5 | Loss: 0.608665
Epoch 23 Batch 6 | Loss: 0.614814
Epoch 23 Batch 7 | Loss: 0.611781
Epoch 23 Batch 8 | Loss: 0.535545
Epoch 23 Batch 9 | Loss: 0.594915
Epoch 23 Batch 10 | Loss: 0.558151
Epoch 23 Batch 11 | Loss: 0.483189
Epoch 23 Batch 12 | Loss: 0.534686
Epoch 23 Batch 13 | Loss: 0.537573
--- Epoch 23/30 | Loss: 0.5683 | Train Acc: 70.0% | Test Acc: 73.3% | CM: [TP:59, TN:67, FP:19, FN:27] | Progress: 76.7% | ETA: 6.0s ---
Epoch 24 Batch 1 | Loss: 0.594850 | Stats: min: -0.211, max: 0.083, mean: -0.023
Epoch 24 Batch 2 | Loss: 0.543981
Epoch 24 Batch 3 | Loss: 0.592476
Epoch 24 Batch 4 | Loss: 0.587811
Epoch 24 Batch 5 | Loss: 0.601261
Epoch 24 Batch 6 | Loss: 0.531571
Epoch 24 Batch 7 | Loss: 0.556426
Epoch 24 Batch 8 | Loss: 0.576034
Epoch 24 Batch 9 | Loss: 0.565120
Epoch 24 Batch 10 | Loss: 0.542992
Epoch 24 Batch 11 | Loss: 0.573137
Epoch 24 Batch 12 | Loss: 0.575572
Epoch 24 Batch 13 | Loss: 0.556978
--- Epoch 24/30 | Loss: 0.5691 | Train Acc: 70.5% | Test Acc: 73.8% | CM: [TP:60, TN:67, FP:19, FN:26] | Progress: 80.0% | ETA: 4.9s ---
Epoch 25 Batch 1 | Loss: 0.527250 | Stats: min: -0.305, max: 0.463, mean: 0.127
Epoch 25 Batch 2 | Loss: 0.591231
Epoch 25 Batch 3 | Loss: 0.567362
Epoch 25 Batch 4 | Loss: 0.585586
Epoch 25 Batch 5 | Loss: 0.582918
Epoch 25 Batch 6 | Loss: 0.604767
Epoch 25 Batch 7 | Loss: 0.608920
Epoch 25 Batch 8 | Loss: 0.549425
Epoch 25 Batch 9 | Loss: 0.535770
Epoch 25 Batch 10 | Loss: 0.518039
Epoch 25 Batch 11 | Loss: 0.566077
Epoch 25 Batch 12 | Loss: 0.614324
Epoch 25 Batch 13 | Loss: 0.532810
  [STABILITY] Plateau detected. Reducing Learning Rate to 0.001563
--- Epoch 25/30 | Loss: 0.5680 | Train Acc: 70.5% | Test Acc: 73.8% | CM: [TP:60, TN:67, FP:19, FN:26] | Progress: 83.3% | ETA: 3.8s ---
Epoch 26 Batch 1 | Loss: 0.562416 | Stats: min: -0.366, max: 0.452, mean: -0.053
Epoch 26 Batch 2 | Loss: 0.604023
Epoch 26 Batch 3 | Loss: 0.634085
Epoch 26 Batch 4 | Loss: 0.602777
Epoch 26 Batch 5 | Loss: 0.607058
Epoch 26 Batch 6 | Loss: 0.514582
Epoch 26 Batch 7 | Loss: 0.567985
Epoch 26 Batch 8 | Loss: 0.551495
Epoch 26 Batch 9 | Loss: 0.562111
Epoch 26 Batch 10 | Loss: 0.508802
Epoch 26 Batch 11 | Loss: 0.576371
Epoch 26 Batch 12 | Loss: 0.578322
Epoch 26 Batch 13 | Loss: 0.477764
--- Epoch 26/30 | Loss: 0.5652 | Train Acc: 70.0% | Test Acc: 74.4% | CM: [TP:60, TN:68, FP:18, FN:26] | Progress: 86.7% | ETA: 2.5s ---
Epoch 27 Batch 1 | Loss: 0.593782 | Stats: min: -0.180, max: 0.420, mean: 0.077
Epoch 27 Batch 2 | Loss: 0.476471
Epoch 27 Batch 3 | Loss: 0.559042
Epoch 27 Batch 4 | Loss: 0.593839
Epoch 27 Batch 5 | Loss: 0.613537
Epoch 27 Batch 6 | Loss: 0.550205
Epoch 27 Batch 7 | Loss: 0.599401
Epoch 27 Batch 8 | Loss: 0.619883
Epoch 27 Batch 9 | Loss: 0.553203
Epoch 27 Batch 10 | Loss: 0.567639
Epoch 27 Batch 11 | Loss: 0.533302
Epoch 27 Batch 12 | Loss: 0.580650
Epoch 27 Batch 13 | Loss: 0.542650
--- Epoch 27/30 | Loss: 0.5680 | Train Acc: 70.5% | Test Acc: 74.4% | CM: [TP:60, TN:68, FP:18, FN:26] | Progress: 90.0% | ETA: 2.4s ---
Epoch 28 Batch 1 | Loss: 0.542217 | Stats: min: -0.312, max: 0.345, mean: -0.006
Epoch 28 Batch 2 | Loss: 0.555322
Epoch 28 Batch 3 | Loss: 0.618762
Epoch 28 Batch 4 | Loss: 0.517490
Epoch 28 Batch 5 | Loss: 0.548446
Epoch 28 Batch 6 | Loss: 0.625620
Epoch 28 Batch 7 | Loss: 0.570276
Epoch 28 Batch 8 | Loss: 0.556313
Epoch 28 Batch 9 | Loss: 0.556015
Epoch 28 Batch 10 | Loss: 0.551861
Epoch 28 Batch 11 | Loss: 0.586563
Epoch 28 Batch 12 | Loss: 0.612285
Epoch 28 Batch 13 | Loss: 0.555224
  [STABILITY] Plateau detected. Reducing Learning Rate to 0.000781
--- Epoch 28/30 | Loss: 0.5690 | Train Acc: 70.5% | Test Acc: 74.4% | CM: [TP:60, TN:68, FP:18, FN:26] | Progress: 93.3% | ETA: 1.2s ---
Epoch 29 Batch 1 | Loss: 0.588840 | Stats: min: -0.330, max: 0.369, mean: -0.047
Epoch 29 Batch 2 | Loss: 0.540680
Epoch 29 Batch 3 | Loss: 0.585660
Epoch 29 Batch 4 | Loss: 0.585809
Epoch 29 Batch 5 | Loss: 0.562262
Epoch 29 Batch 6 | Loss: 0.579856
Epoch 29 Batch 7 | Loss: 0.542651
Epoch 29 Batch 8 | Loss: 0.579480
Epoch 29 Batch 9 | Loss: 0.546954
Epoch 29 Batch 10 | Loss: 0.610538
Epoch 29 Batch 11 | Loss: 0.563283
Epoch 29 Batch 12 | Loss: 0.533684
Epoch 29 Batch 13 | Loss: 0.583681
--- Epoch 29/30 | Loss: 0.5695 | Train Acc: 70.5% | Test Acc: 74.4% | CM: [TP:60, TN:68, FP:18, FN:26] | Progress: 96.7% | ETA: 0.6s ---
Epoch 30 Batch 1 | Loss: 0.645488 | Stats: min: -0.323, max: 0.187, mean: -0.113
Epoch 30 Batch 2 | Loss: 0.576542
Epoch 30 Batch 3 | Loss: 0.557118
Epoch 30 Batch 4 | Loss: 0.607129
Epoch 30 Batch 5 | Loss: 0.581766
Epoch 30 Batch 6 | Loss: 0.589893
Epoch 30 Batch 7 | Loss: 0.567173
Epoch 30 Batch 8 | Loss: 0.521149
Epoch 30 Batch 9 | Loss: 0.570105
Epoch 30 Batch 10 | Loss: 0.515524
Epoch 30 Batch 11 | Loss: 0.566567
Epoch 30 Batch 12 | Loss: 0.569635
Epoch 30 Batch 13 | Loss: 0.474850
--- Epoch 30/30 | Loss: 0.5648 | Train Acc: 70.5% | Test Acc: 75.0% | CM: [TP:60, TN:69, FP:17, FN:26] | Progress: 100.0% | ETA: 0.0s ---

Final Best Test Accuracy: 76.74%


Best Quantum Test Accuracy: 0.767
