DEBUG: Qtrainer enters train_pure_quantum_cnn. Encoding: feature_map
  Class Weights: +1 (Target): 1.00 | -1 (Rest): 1.00
Starting Training
==================================================
Epoch 1 Batch 1 | Loss: 0.686929 | Stats: min: -0.155, max: -0.155, mean: -0.155
Epoch 1 Batch 2 | Loss: 0.715476
Epoch 1 Batch 3 | Loss: 0.685425
Epoch 1 Batch 4 | Loss: 0.698874
Epoch 1 Batch 5 | Loss: 0.695289
Epoch 1 Batch 6 | Loss: 0.691157
Epoch 1 Batch 7 | Loss: 0.692803
Epoch 1 Batch 8 | Loss: 0.698296
Epoch 1 Batch 9 | Loss: 0.697625
Epoch 1 Batch 10 | Loss: 0.691583
Epoch 1 Batch 11 | Loss: 0.688464
Epoch 1 Batch 12 | Loss: 0.695002
Epoch 1 Batch 13 | Loss: 0.690880
  [STABILITY] Test accuracy improved: 0.00% -> 50.00% (via EMA). Saving best params.
--- Epoch 1/30 | Loss: 0.6944 | Train Acc: 52.5% | Test Acc: 50.0% | CM: [TP:0, TN:86, FP:0, FN:86] | Progress: 3.3% | ETA: 703.3s ---
Epoch 2 Batch 1 | Loss: 0.686328 | Stats: min: 0.091, max: 0.091, mean: 0.091
Epoch 2 Batch 2 | Loss: 0.691491
Epoch 2 Batch 3 | Loss: 0.697772
Epoch 2 Batch 4 | Loss: 0.679705
Epoch 2 Batch 5 | Loss: 0.704606
Epoch 2 Batch 6 | Loss: 0.673879
Epoch 2 Batch 7 | Loss: 0.716787
Epoch 2 Batch 8 | Loss: 0.712798
Epoch 2 Batch 9 | Loss: 0.691161
Epoch 2 Batch 10 | Loss: 0.697813
Epoch 2 Batch 11 | Loss: 0.692998
Epoch 2 Batch 12 | Loss: 0.688156
Epoch 2 Batch 13 | Loss: 0.698286
--- Epoch 2/30 | Loss: 0.6948 | Train Acc: 52.5% | Test Acc: 50.0% | CM: [TP:0, TN:86, FP:0, FN:86] | Progress: 6.7% | ETA: 350.8s ---
Epoch 3 Batch 1 | Loss: 0.696047 | Stats: min: -0.086, max: -0.086, mean: -0.086
Epoch 3 Batch 2 | Loss: 0.691587
Epoch 3 Batch 3 | Loss: 0.703952
Epoch 3 Batch 4 | Loss: 0.703240
Epoch 3 Batch 5 | Loss: 0.700996
Epoch 3 Batch 6 | Loss: 0.691272
Epoch 3 Batch 7 | Loss: 0.695812
Epoch 3 Batch 8 | Loss: 0.694808
Epoch 3 Batch 9 | Loss: 0.693410
Epoch 3 Batch 10 | Loss: 0.697455
Epoch 3 Batch 11 | Loss: 0.699053
Epoch 3 Batch 12 | Loss: 0.703416
Epoch 3 Batch 13 | Loss: 0.705598
--- Epoch 3/30 | Loss: 0.6982 | Train Acc: 52.5% | Test Acc: 50.0% | CM: [TP:0, TN:86, FP:0, FN:86] | Progress: 10.0% | ETA: 221.5s ---
Epoch 4 Batch 1 | Loss: 0.685601 | Stats: min: 0.025, max: 0.025, mean: 0.025
Epoch 4 Batch 2 | Loss: 0.694879
Epoch 4 Batch 3 | Loss: 0.693918
Epoch 4 Batch 4 | Loss: 0.693969
Epoch 4 Batch 5 | Loss: 0.692758
Epoch 4 Batch 6 | Loss: 0.694285
Epoch 4 Batch 7 | Loss: 0.694086
Epoch 4 Batch 8 | Loss: 0.693123
Epoch 4 Batch 9 | Loss: 0.698570
Epoch 4 Batch 10 | Loss: 0.692842
Epoch 4 Batch 11 | Loss: 0.693286
Epoch 4 Batch 12 | Loss: 0.692572
Epoch 4 Batch 13 | Loss: 0.691931
  [STABILITY] Plateau detected. Reducing Learning Rate to 0.010000
--- Epoch 4/30 | Loss: 0.6932 | Train Acc: 52.5% | Test Acc: 50.0% | CM: [TP:0, TN:86, FP:0, FN:86] | Progress: 13.3% | ETA: 162.6s ---
Epoch 5 Batch 1 | Loss: 0.702555 | Stats: min: -0.033, max: -0.033, mean: -0.033
Epoch 5 Batch 2 | Loss: 0.698118
Epoch 5 Batch 3 | Loss: 0.689764
Epoch 5 Batch 4 | Loss: 0.689891
Epoch 5 Batch 5 | Loss: 0.706965
Epoch 5 Batch 6 | Loss: 0.690597
Epoch 5 Batch 7 | Loss: 0.687885
Epoch 5 Batch 8 | Loss: 0.691103
Epoch 5 Batch 9 | Loss: 0.688403
Epoch 5 Batch 10 | Loss: 0.693494
Epoch 5 Batch 11 | Loss: 0.701194
Epoch 5 Batch 12 | Loss: 0.693612
Epoch 5 Batch 13 | Loss: 0.691670
--- Epoch 5/30 | Loss: 0.6942 | Train Acc: 52.5% | Test Acc: 50.0% | CM: [TP:0, TN:86, FP:0, FN:86] | Progress: 16.7% | ETA: 125.0s ---
Epoch 6 Batch 1 | Loss: 0.690025 | Stats: min: -0.028, max: -0.028, mean: -0.028
Epoch 6 Batch 2 | Loss: 0.702909
Epoch 6 Batch 3 | Loss: 0.698237
Epoch 6 Batch 4 | Loss: 0.695585
Epoch 6 Batch 5 | Loss: 0.691419
Epoch 6 Batch 6 | Loss: 0.692877
Epoch 6 Batch 7 | Loss: 0.693024
Epoch 6 Batch 8 | Loss: 0.693095
Epoch 6 Batch 9 | Loss: 0.693366
Epoch 6 Batch 10 | Loss: 0.692832
Epoch 6 Batch 11 | Loss: 0.693646
Epoch 6 Batch 12 | Loss: 0.695375
Epoch 6 Batch 13 | Loss: 0.692735
--- Epoch 6/30 | Loss: 0.6942 | Train Acc: 52.5% | Test Acc: 50.0% | CM: [TP:0, TN:86, FP:0, FN:86] | Progress: 20.0% | ETA: 99.1s ---
Epoch 7 Batch 1 | Loss: 0.692838 | Stats: min: 0.006, max: 0.006, mean: 0.006
Epoch 7 Batch 2 | Loss: 0.693450
Epoch 7 Batch 3 | Loss: 0.692937
Epoch 7 Batch 4 | Loss: 0.692764
Epoch 7 Batch 5 | Loss: 0.691498
Epoch 7 Batch 6 | Loss: 0.691906
Epoch 7 Batch 7 | Loss: 0.698591
Epoch 7 Batch 8 | Loss: 0.690956
Epoch 7 Batch 9 | Loss: 0.698816
Epoch 7 Batch 10 | Loss: 0.689385
Epoch 7 Batch 11 | Loss: 0.694798
Epoch 7 Batch 12 | Loss: 0.699110
Epoch 7 Batch 13 | Loss: 0.699992
  [STABILITY] Plateau detected. Reducing Learning Rate to 0.005000
--- Epoch 7/30 | Loss: 0.6944 | Train Acc: 52.5% | Test Acc: 50.0% | CM: [TP:0, TN:86, FP:0, FN:86] | Progress: 23.3% | ETA: 81.6s ---
Epoch 8 Batch 1 | Loss: 0.692387 | Stats: min: 0.013, max: 0.013, mean: 0.013
Epoch 8 Batch 2 | Loss: 0.695901
Epoch 8 Batch 3 | Loss: 0.692732
Epoch 8 Batch 4 | Loss: 0.691961
Epoch 8 Batch 5 | Loss: 0.693322
Epoch 8 Batch 6 | Loss: 0.693328
Epoch 8 Batch 7 | Loss: 0.692972
Epoch 8 Batch 8 | Loss: 0.693957
Epoch 8 Batch 9 | Loss: 0.693585
Epoch 8 Batch 10 | Loss: 0.694222
Epoch 8 Batch 11 | Loss: 0.692068
Epoch 8 Batch 12 | Loss: 0.694508
Epoch 8 Batch 13 | Loss: 0.692494
--- Epoch 8/30 | Loss: 0.6933 | Train Acc: 52.5% | Test Acc: 50.0% | CM: [TP:0, TN:86, FP:0, FN:86] | Progress: 26.7% | ETA: 60.7s ---
Epoch 9 Batch 1 | Loss: 0.693945 | Stats: min: -0.010, max: -0.010, mean: -0.010
Epoch 9 Batch 2 | Loss: 0.693226
Epoch 9 Batch 3 | Loss: 0.695451
Epoch 9 Batch 4 | Loss: 0.691193
Epoch 9 Batch 5 | Loss: 0.692538
Epoch 9 Batch 6 | Loss: 0.693220
Epoch 9 Batch 7 | Loss: 0.695372
Epoch 9 Batch 8 | Loss: 0.694525
Epoch 9 Batch 9 | Loss: 0.692088
Epoch 9 Batch 10 | Loss: 0.693689
Epoch 9 Batch 11 | Loss: 0.692748
Epoch 9 Batch 12 | Loss: 0.692788
Epoch 9 Batch 13 | Loss: 0.691228
--- Epoch 9/30 | Loss: 0.6932 | Train Acc: 52.5% | Test Acc: 50.0% | CM: [TP:0, TN:86, FP:0, FN:86] | Progress: 30.0% | ETA: 36.7s ---
Epoch 10 Batch 1 | Loss: 0.695511 | Stats: min: -0.005, max: -0.005, mean: -0.005
Epoch 10 Batch 2 | Loss: 0.691419
Epoch 10 Batch 3 | Loss: 0.692179
Epoch 10 Batch 4 | Loss: 0.693807
Epoch 10 Batch 5 | Loss: 0.693214
Epoch 10 Batch 6 | Loss: 0.693947
Epoch 10 Batch 7 | Loss: 0.694716
Epoch 10 Batch 8 | Loss: 0.693222
Epoch 10 Batch 9 | Loss: 0.689154
Epoch 10 Batch 10 | Loss: 0.694017
Epoch 10 Batch 11 | Loss: 0.694098
Epoch 10 Batch 12 | Loss: 0.693258
Epoch 10 Batch 13 | Loss: 0.694224
  [STABILITY] Plateau detected. Reducing Learning Rate to 0.002500
--- Epoch 10/30 | Loss: 0.6933 | Train Acc: 52.5% | Test Acc: 50.0% | CM: [TP:0, TN:86, FP:0, FN:86] | Progress: 33.3% | ETA: 35.4s ---
Epoch 11 Batch 1 | Loss: 0.695929 | Stats: min: -0.012, max: -0.012, mean: -0.012
Epoch 11 Batch 2 | Loss: 0.692405
Epoch 11 Batch 3 | Loss: 0.690796
Epoch 11 Batch 4 | Loss: 0.689135
Epoch 11 Batch 5 | Loss: 0.694143
Epoch 11 Batch 6 | Loss: 0.694194
Epoch 11 Batch 7 | Loss: 0.689485
Epoch 11 Batch 8 | Loss: 0.694305
Epoch 11 Batch 9 | Loss: 0.693304
Epoch 11 Batch 10 | Loss: 0.695498
Epoch 11 Batch 11 | Loss: 0.697701
Epoch 11 Batch 12 | Loss: 0.692254
Epoch 11 Batch 13 | Loss: 0.696535
--- Epoch 11/30 | Loss: 0.6935 | Train Acc: 52.5% | Test Acc: 50.0% | CM: [TP:0, TN:86, FP:0, FN:86] | Progress: 36.7% | ETA: 25.9s ---
Epoch 12 Batch 1 | Loss: 0.686694 | Stats: min: -0.014, max: -0.014, mean: -0.014
Epoch 12 Batch 2 | Loss: 0.698053
Epoch 12 Batch 3 | Loss: 0.695080
Epoch 12 Batch 4 | Loss: 0.694925
Epoch 12 Batch 5 | Loss: 0.693230
Epoch 12 Batch 6 | Loss: 0.693214
Epoch 12 Batch 7 | Loss: 0.694384
Epoch 12 Batch 8 | Loss: 0.693186
Epoch 12 Batch 9 | Loss: 0.693998
Epoch 12 Batch 10 | Loss: 0.692855
Epoch 12 Batch 11 | Loss: 0.692931
Epoch 12 Batch 12 | Loss: 0.692825
Epoch 12 Batch 13 | Loss: 0.692458
--- Epoch 12/30 | Loss: 0.6934 | Train Acc: 52.5% | Test Acc: 50.0% | CM: [TP:0, TN:86, FP:0, FN:86] | Progress: 40.0% | ETA: 26.6s ---
Epoch 13 Batch 1 | Loss: 0.693315 | Stats: min: -0.001, max: -0.001, mean: -0.001
Epoch 13 Batch 2 | Loss: 0.693331
Epoch 13 Batch 3 | Loss: 0.692621
Epoch 13 Batch 4 | Loss: 0.692730
Epoch 13 Batch 5 | Loss: 0.692624
Epoch 13 Batch 6 | Loss: 0.693168
Epoch 13 Batch 7 | Loss: 0.693984
Epoch 13 Batch 8 | Loss: 0.692741
Epoch 13 Batch 9 | Loss: 0.694138
Epoch 13 Batch 10 | Loss: 0.694649
Epoch 13 Batch 11 | Loss: 0.691802
Epoch 13 Batch 12 | Loss: 0.693651
Epoch 13 Batch 13 | Loss: 0.693676
  [STABILITY] Plateau detected. Reducing Learning Rate to 0.001250
--- Epoch 13/30 | Loss: 0.6933 | Train Acc: 52.5% | Test Acc: 50.0% | CM: [TP:0, TN:86, FP:0, FN:86] | Progress: 43.3% | ETA: 26.6s ---
Epoch 14 Batch 1 | Loss: 0.694067 | Stats: min: -0.005, max: -0.005, mean: -0.005
Epoch 14 Batch 2 | Loss: 0.693177
Epoch 14 Batch 3 | Loss: 0.692772
Epoch 14 Batch 4 | Loss: 0.692006
Epoch 14 Batch 5 | Loss: 0.691988
Epoch 14 Batch 6 | Loss: 0.692758
Epoch 14 Batch 7 | Loss: 0.692735
Epoch 14 Batch 8 | Loss: 0.691288
Epoch 14 Batch 9 | Loss: 0.693714
Epoch 14 Batch 10 | Loss: 0.693758
Epoch 14 Batch 11 | Loss: 0.694969
Epoch 14 Batch 12 | Loss: 0.694984
Epoch 14 Batch 13 | Loss: 0.696286
--- Epoch 14/30 | Loss: 0.6934 | Train Acc: 52.5% | Test Acc: 50.0% | CM: [TP:0, TN:86, FP:0, FN:86] | Progress: 46.7% | ETA: 22.0s ---
Epoch 15 Batch 1 | Loss: 0.694254 | Stats: min: -0.006, max: -0.006, mean: -0.006
Epoch 15 Batch 2 | Loss: 0.692233
Epoch 15 Batch 3 | Loss: 0.692742
Epoch 15 Batch 4 | Loss: 0.691957
Epoch 15 Batch 5 | Loss: 0.691983
Epoch 15 Batch 6 | Loss: 0.694800
Epoch 15 Batch 7 | Loss: 0.693952
Epoch 15 Batch 8 | Loss: 0.694255
Epoch 15 Batch 9 | Loss: 0.692848
Epoch 15 Batch 10 | Loss: 0.694860
Epoch 15 Batch 11 | Loss: 0.692510
Epoch 15 Batch 12 | Loss: 0.692462
Epoch 15 Batch 13 | Loss: 0.692985
--- Epoch 15/30 | Loss: 0.6932 | Train Acc: 52.5% | Test Acc: 50.0% | CM: [TP:0, TN:86, FP:0, FN:86] | Progress: 50.0% | ETA: 16.3s ---
Epoch 16 Batch 1 | Loss: 0.693153 | Stats: min: -0.001, max: -0.001, mean: -0.001
Epoch 16 Batch 2 | Loss: 0.693442
Epoch 16 Batch 3 | Loss: 0.692900
Epoch 16 Batch 4 | Loss: 0.693152
Epoch 16 Batch 5 | Loss: 0.693268
Epoch 16 Batch 6 | Loss: 0.693469
Epoch 16 Batch 7 | Loss: 0.693228
Epoch 16 Batch 8 | Loss: 0.693149
Epoch 16 Batch 9 | Loss: 0.693080
Epoch 16 Batch 10 | Loss: 0.693164
Epoch 16 Batch 11 | Loss: 0.693108
Epoch 16 Batch 12 | Loss: 0.693213
Epoch 16 Batch 13 | Loss: 0.693193
  [STABILITY] Plateau detected. Reducing Learning Rate to 0.000625
--- Epoch 16/30 | Loss: 0.6932 | Train Acc: 52.5% | Test Acc: 50.0% | CM: [TP:0, TN:86, FP:0, FN:86] | Progress: 53.3% | ETA: 12.2s ---
Epoch 17 Batch 1 | Loss: 0.693149 | Stats: min: 0.001, max: 0.001, mean: 0.001
Epoch 17 Batch 2 | Loss: 0.693063
Epoch 17 Batch 3 | Loss: 0.693199
Epoch 17 Batch 4 | Loss: 0.693202
Epoch 17 Batch 5 | Loss: 0.693149
Epoch 17 Batch 6 | Loss: 0.693047
Epoch 17 Batch 7 | Loss: 0.693150
Epoch 17 Batch 8 | Loss: 0.693026
Epoch 17 Batch 9 | Loss: 0.693295
Epoch 17 Batch 10 | Loss: 0.692998
Epoch 17 Batch 11 | Loss: 0.693577
Epoch 17 Batch 12 | Loss: 0.692995
Epoch 17 Batch 13 | Loss: 0.693232
--- Epoch 17/30 | Loss: 0.6932 | Train Acc: 52.5% | Test Acc: 50.0% | CM: [TP:0, TN:86, FP:0, FN:86] | Progress: 56.7% | ETA: 16.9s ---
Epoch 18 Batch 1 | Loss: 0.693150 | Stats: min: 0.001, max: 0.001, mean: 0.001
Epoch 18 Batch 2 | Loss: 0.693356
Epoch 18 Batch 3 | Loss: 0.692872
Epoch 18 Batch 4 | Loss: 0.693031
Epoch 18 Batch 5 | Loss: 0.693289
Epoch 18 Batch 6 | Loss: 0.693006
Epoch 18 Batch 7 | Loss: 0.692909
Epoch 18 Batch 8 | Loss: 0.693444
Epoch 18 Batch 9 | Loss: 0.693151
Epoch 18 Batch 10 | Loss: 0.693477
Epoch 18 Batch 11 | Loss: 0.693358
Epoch 18 Batch 12 | Loss: 0.692875
Epoch 18 Batch 13 | Loss: 0.693443
--- Epoch 18/30 | Loss: 0.6932 | Train Acc: 52.5% | Test Acc: 50.0% | CM: [TP:0, TN:86, FP:0, FN:86] | Progress: 60.0% | ETA: 16.4s ---
Epoch 19 Batch 1 | Loss: 0.693553 | Stats: min: 0.001, max: 0.001, mean: 0.001
Epoch 19 Batch 2 | Loss: 0.692986
Epoch 19 Batch 3 | Loss: 0.693149
Epoch 19 Batch 4 | Loss: 0.693149
Epoch 19 Batch 5 | Loss: 0.693183
Epoch 19 Batch 6 | Loss: 0.693148
Epoch 19 Batch 7 | Loss: 0.693133
Epoch 19 Batch 8 | Loss: 0.693116
Epoch 19 Batch 9 | Loss: 0.693401
Epoch 19 Batch 10 | Loss: 0.693097
Epoch 19 Batch 11 | Loss: 0.693367
Epoch 19 Batch 12 | Loss: 0.693103
Epoch 19 Batch 13 | Loss: 0.693106
  [STABILITY] Plateau detected. Reducing Learning Rate to 0.000313
--- Epoch 19/30 | Loss: 0.6932 | Train Acc: 52.5% | Test Acc: 50.0% | CM: [TP:0, TN:86, FP:0, FN:86] | Progress: 63.3% | ETA: 14.3s ---
Epoch 20 Batch 1 | Loss: 0.693110 | Stats: min: 0.002, max: 0.002, mean: 0.002
Epoch 20 Batch 2 | Loss: 0.693109
Epoch 20 Batch 3 | Loss: 0.692940
Epoch 20 Batch 4 | Loss: 0.693304
Epoch 20 Batch 5 | Loss: 0.693148
Epoch 20 Batch 6 | Loss: 0.693330
Epoch 20 Batch 7 | Loss: 0.693504
Epoch 20 Batch 8 | Loss: 0.692954
Epoch 20 Batch 9 | Loss: 0.693329
Epoch 20 Batch 10 | Loss: 0.692968
Epoch 20 Batch 11 | Loss: 0.693220
Epoch 20 Batch 12 | Loss: 0.693051
Epoch 20 Batch 13 | Loss: 0.693257
--- Epoch 20/30 | Loss: 0.6932 | Train Acc: 52.5% | Test Acc: 50.0% | CM: [TP:0, TN:86, FP:0, FN:86] | Progress: 66.7% | ETA: 12.5s ---
Epoch 21 Batch 1 | Loss: 0.693088 | Stats: min: 0.002, max: 0.002, mean: 0.002
Epoch 21 Batch 2 | Loss: 0.693299
Epoch 21 Batch 3 | Loss: 0.693081
Epoch 21 Batch 4 | Loss: 0.693168
Epoch 21 Batch 5 | Loss: 0.693100
Epoch 21 Batch 6 | Loss: 0.693184
Epoch 21 Batch 7 | Loss: 0.693211
Epoch 21 Batch 8 | Loss: 0.693117
Epoch 21 Batch 9 | Loss: 0.693162
Epoch 21 Batch 10 | Loss: 0.693155
Epoch 21 Batch 11 | Loss: 0.693149
Epoch 21 Batch 12 | Loss: 0.693177
Epoch 21 Batch 13 | Loss: 0.693159
--- Epoch 21/30 | Loss: 0.6932 | Train Acc: 52.5% | Test Acc: 50.0% | CM: [TP:0, TN:86, FP:0, FN:86] | Progress: 70.0% | ETA: 10.6s ---
Epoch 22 Batch 1 | Loss: 0.693131 | Stats: min: 0.002, max: 0.002, mean: 0.002
Epoch 22 Batch 2 | Loss: 0.693071
Epoch 22 Batch 3 | Loss: 0.693101
Epoch 22 Batch 4 | Loss: 0.693226
Epoch 22 Batch 5 | Loss: 0.693343
Epoch 22 Batch 6 | Loss: 0.693302
Epoch 22 Batch 7 | Loss: 0.693198
Epoch 22 Batch 8 | Loss: 0.693329
Epoch 22 Batch 9 | Loss: 0.693043
Epoch 22 Batch 10 | Loss: 0.693181
Epoch 22 Batch 11 | Loss: 0.693123
Epoch 22 Batch 12 | Loss: 0.693126
Epoch 22 Batch 13 | Loss: 0.693172
  [STABILITY] Plateau detected. Reducing Learning Rate to 0.000156
--- Epoch 22/30 | Loss: 0.6932 | Train Acc: 52.5% | Test Acc: 50.0% | CM: [TP:0, TN:86, FP:0, FN:86] | Progress: 73.3% | ETA: 9.0s ---
Epoch 23 Batch 1 | Loss: 0.693225 | Stats: min: 0.002, max: 0.002, mean: 0.002
Epoch 23 Batch 2 | Loss: 0.693163
Epoch 23 Batch 3 | Loss: 0.693149
Epoch 23 Batch 4 | Loss: 0.693143
Epoch 23 Batch 5 | Loss: 0.693151
Epoch 23 Batch 6 | Loss: 0.693150
Epoch 23 Batch 7 | Loss: 0.693144
Epoch 23 Batch 8 | Loss: 0.693163
Epoch 23 Batch 9 | Loss: 0.693148
Epoch 23 Batch 10 | Loss: 0.693158
Epoch 23 Batch 11 | Loss: 0.693148
Epoch 23 Batch 12 | Loss: 0.693158
Epoch 23 Batch 13 | Loss: 0.693177
--- Epoch 23/30 | Loss: 0.6932 | Train Acc: 52.5% | Test Acc: 50.0% | CM: [TP:0, TN:86, FP:0, FN:86] | Progress: 76.7% | ETA: 7.5s ---
Epoch 24 Batch 1 | Loss: 0.693143 | Stats: min: 0.002, max: 0.002, mean: 0.002
Epoch 24 Batch 2 | Loss: 0.693156
Epoch 24 Batch 3 | Loss: 0.693148
Epoch 24 Batch 4 | Loss: 0.693158
Epoch 24 Batch 5 | Loss: 0.693135
Epoch 24 Batch 6 | Loss: 0.693156
Epoch 24 Batch 7 | Loss: 0.693168
Epoch 24 Batch 8 | Loss: 0.693188
Epoch 24 Batch 9 | Loss: 0.693134
Epoch 24 Batch 10 | Loss: 0.693136
Epoch 24 Batch 11 | Loss: 0.693156
Epoch 24 Batch 12 | Loss: 0.693142
Epoch 24 Batch 13 | Loss: 0.693124
--- Epoch 24/30 | Loss: 0.6931 | Train Acc: 52.5% | Test Acc: 50.0% | CM: [TP:0, TN:86, FP:0, FN:86] | Progress: 80.0% | ETA: 6.2s ---
Epoch 25 Batch 1 | Loss: 0.693116 | Stats: min: 0.001, max: 0.001, mean: 0.001
Epoch 25 Batch 2 | Loss: 0.693083
Epoch 25 Batch 3 | Loss: 0.693149
Epoch 25 Batch 4 | Loss: 0.693149
Epoch 25 Batch 5 | Loss: 0.693266
Epoch 25 Batch 6 | Loss: 0.693107
Epoch 25 Batch 7 | Loss: 0.693103
Epoch 25 Batch 8 | Loss: 0.693200
Epoch 25 Batch 9 | Loss: 0.693365
Epoch 25 Batch 10 | Loss: 0.693096
Epoch 25 Batch 11 | Loss: 0.693203
Epoch 25 Batch 12 | Loss: 0.693255
Epoch 25 Batch 13 | Loss: 0.692987
  [STABILITY] Plateau detected. Reducing Learning Rate to 0.000078
--- Epoch 25/30 | Loss: 0.6932 | Train Acc: 52.5% | Test Acc: 50.0% | CM: [TP:0, TN:86, FP:0, FN:86] | Progress: 83.3% | ETA: 5.1s ---
Epoch 26 Batch 1 | Loss: 0.693201 | Stats: min: 0.001, max: 0.001, mean: 0.001
Epoch 26 Batch 2 | Loss: 0.693303
Epoch 26 Batch 3 | Loss: 0.693149
Epoch 26 Batch 4 | Loss: 0.693294
Epoch 26 Batch 5 | Loss: 0.693058
Epoch 26 Batch 6 | Loss: 0.693060
Epoch 26 Batch 7 | Loss: 0.693061
Epoch 26 Batch 8 | Loss: 0.693283
Epoch 26 Batch 9 | Loss: 0.693018
Epoch 26 Batch 10 | Loss: 0.693105
Epoch 26 Batch 11 | Loss: 0.692969
Epoch 26 Batch 12 | Loss: 0.693245
Epoch 26 Batch 13 | Loss: 0.693306
--- Epoch 26/30 | Loss: 0.6932 | Train Acc: 52.5% | Test Acc: 50.0% | CM: [TP:0, TN:86, FP:0, FN:86] | Progress: 86.7% | ETA: 3.8s ---
Epoch 27 Batch 1 | Loss: 0.693443 | Stats: min: 0.001, max: 0.001, mean: 0.001
Epoch 27 Batch 2 | Loss: 0.692780
Epoch 27 Batch 3 | Loss: 0.693385
Epoch 27 Batch 4 | Loss: 0.693103
Epoch 27 Batch 5 | Loss: 0.693240
Epoch 27 Batch 6 | Loss: 0.693237
Epoch 27 Batch 7 | Loss: 0.693066
Epoch 27 Batch 8 | Loss: 0.693028
Epoch 27 Batch 9 | Loss: 0.693272
Epoch 27 Batch 10 | Loss: 0.693229
Epoch 27 Batch 11 | Loss: 0.692997
Epoch 27 Batch 12 | Loss: 0.693073
Epoch 27 Batch 13 | Loss: 0.693108
--- Epoch 27/30 | Loss: 0.6932 | Train Acc: 52.5% | Test Acc: 50.0% | CM: [TP:0, TN:86, FP:0, FN:86] | Progress: 90.0% | ETA: 2.8s ---
Epoch 28 Batch 1 | Loss: 0.693149 | Stats: min: 0.001, max: 0.001, mean: 0.001
Epoch 28 Batch 2 | Loss: 0.693190
Epoch 28 Batch 3 | Loss: 0.693108
Epoch 28 Batch 4 | Loss: 0.693319
Epoch 28 Batch 5 | Loss: 0.693233
Epoch 28 Batch 6 | Loss: 0.693269
Epoch 28 Batch 7 | Loss: 0.693074
Epoch 28 Batch 8 | Loss: 0.693149
Epoch 28 Batch 9 | Loss: 0.693183
Epoch 28 Batch 10 | Loss: 0.693052
Epoch 28 Batch 11 | Loss: 0.693085
Epoch 28 Batch 12 | Loss: 0.693084
Epoch 28 Batch 13 | Loss: 0.693040
  [STABILITY] Early Stopping triggered after 28 epochs.

Final Best Test Accuracy: 50.00%


Best Quantum Test Accuracy: 0.500
