DEBUG: Qtrainer enters train_pure_quantum_cnn. Encoding: amplitude
  Class Weights: +1 (Target): 1.00 | -1 (Rest): 1.00
Starting Training
==================================================
Epoch 1 Batch 1 | Loss: 0.667969 | Stats: min: -0.257, max: -0.126, mean: -0.191
Epoch 1 Batch 2 | Loss: 0.698252
Epoch 1 Batch 3 | Loss: 0.701221
Epoch 1 Batch 4 | Loss: 0.690445
Epoch 1 Batch 5 | Loss: 0.687095
Epoch 1 Batch 6 | Loss: 0.689867
Epoch 1 Batch 7 | Loss: 0.647926
Epoch 1 Batch 8 | Loss: 0.680452
Epoch 1 Batch 9 | Loss: 0.706822
Epoch 1 Batch 10 | Loss: 0.733319
Epoch 1 Batch 11 | Loss: 0.668901
Epoch 1 Batch 12 | Loss: 0.675206
Epoch 1 Batch 13 | Loss: 0.659559
  [STABILITY] Test accuracy improved: 0.00% -> 47.09% (via EMA). Saving best params.
--- Epoch 1/30 | Loss: 0.6852 | Train Acc: 51.0% | Test Acc: 47.1% | CM: [TP:1, TN:80, FP:6, FN:85] | Progress: 3.3% | ETA: 208.0s ---
Epoch 2 Batch 1 | Loss: 0.658367 | Stats: min: -0.105, max: 0.187, mean: 0.045
Epoch 2 Batch 2 | Loss: 0.675284
Epoch 2 Batch 3 | Loss: 0.613833
Epoch 2 Batch 4 | Loss: 0.597505
Epoch 2 Batch 5 | Loss: 0.638237
Epoch 2 Batch 6 | Loss: 0.709713
Epoch 2 Batch 7 | Loss: 0.634108
Epoch 2 Batch 8 | Loss: 0.656583
Epoch 2 Batch 9 | Loss: 0.653133
Epoch 2 Batch 10 | Loss: 0.624360
Epoch 2 Batch 11 | Loss: 0.589940
Epoch 2 Batch 12 | Loss: 0.627137
Epoch 2 Batch 13 | Loss: 0.637935
  [STABILITY] Test accuracy improved: 47.09% -> 48.26% (via EMA). Saving best params.
--- Epoch 2/30 | Loss: 0.6397 | Train Acc: 52.0% | Test Acc: 48.3% | CM: [TP:3, TN:80, FP:6, FN:83] | Progress: 6.7% | ETA: 97.6s ---
Epoch 3 Batch 1 | Loss: 0.612839 | Stats: min: -0.106, max: 0.329, mean: 0.104
Epoch 3 Batch 2 | Loss: 0.602054
Epoch 3 Batch 3 | Loss: 0.611100
Epoch 3 Batch 4 | Loss: 0.582088
Epoch 3 Batch 5 | Loss: 0.615785
Epoch 3 Batch 6 | Loss: 0.566564
Epoch 3 Batch 7 | Loss: 0.598439
Epoch 3 Batch 8 | Loss: 0.641525
Epoch 3 Batch 9 | Loss: 0.668865
Epoch 3 Batch 10 | Loss: 0.659060
Epoch 3 Batch 11 | Loss: 0.616602
Epoch 3 Batch 12 | Loss: 0.621477
Epoch 3 Batch 13 | Loss: 0.635242
--- Epoch 3/30 | Loss: 0.6178 | Train Acc: 51.5% | Test Acc: 47.7% | CM: [TP:4, TN:78, FP:8, FN:82] | Progress: 10.0% | ETA: 59.0s ---
Epoch 4 Batch 1 | Loss: 0.635573 | Stats: min: -0.018, max: 0.291, mean: 0.134
Epoch 4 Batch 2 | Loss: 0.644142
Epoch 4 Batch 3 | Loss: 0.626264
Epoch 4 Batch 4 | Loss: 0.599167
Epoch 4 Batch 5 | Loss: 0.625831
Epoch 4 Batch 6 | Loss: 0.594970
Epoch 4 Batch 7 | Loss: 0.567799
Epoch 4 Batch 8 | Loss: 0.610703
Epoch 4 Batch 9 | Loss: 0.604296
Epoch 4 Batch 10 | Loss: 0.565392
Epoch 4 Batch 11 | Loss: 0.580141
Epoch 4 Batch 12 | Loss: 0.585226
Epoch 4 Batch 13 | Loss: 0.617634
--- Epoch 4/30 | Loss: 0.6044 | Train Acc: 56.0% | Test Acc: 46.5% | CM: [TP:6, TN:74, FP:12, FN:80] | Progress: 13.3% | ETA: 52.2s ---
Epoch 5 Batch 1 | Loss: 0.598945 | Stats: min: -0.311, max: 0.373, mean: 0.115
Epoch 5 Batch 2 | Loss: 0.569786
Epoch 5 Batch 3 | Loss: 0.621331
Epoch 5 Batch 4 | Loss: 0.609955
Epoch 5 Batch 5 | Loss: 0.612188
Epoch 5 Batch 6 | Loss: 0.588942
Epoch 5 Batch 7 | Loss: 0.597212
Epoch 5 Batch 8 | Loss: 0.574993
Epoch 5 Batch 9 | Loss: 0.581901
Epoch 5 Batch 10 | Loss: 0.559684
Epoch 5 Batch 11 | Loss: 0.615145
Epoch 5 Batch 12 | Loss: 0.612967
Epoch 5 Batch 13 | Loss: 0.636886
  [STABILITY] Test accuracy improved: 48.26% -> 50.00% (via EMA). Saving best params.
--- Epoch 5/30 | Loss: 0.5985 | Train Acc: 60.0% | Test Acc: 50.0% | CM: [TP:14, TN:72, FP:14, FN:72] | Progress: 16.7% | ETA: 52.5s ---
Epoch 6 Batch 1 | Loss: 0.670080 | Stats: min: -0.024, max: 0.299, mean: 0.110
Epoch 6 Batch 2 | Loss: 0.527809
Epoch 6 Batch 3 | Loss: 0.580236
Epoch 6 Batch 4 | Loss: 0.549101
Epoch 6 Batch 5 | Loss: 0.603661
Epoch 6 Batch 6 | Loss: 0.572249
Epoch 6 Batch 7 | Loss: 0.622956
Epoch 6 Batch 8 | Loss: 0.574827
Epoch 6 Batch 9 | Loss: 0.560398
Epoch 6 Batch 10 | Loss: 0.572346
Epoch 6 Batch 11 | Loss: 0.609199
Epoch 6 Batch 12 | Loss: 0.606467
Epoch 6 Batch 13 | Loss: 0.618262
  [STABILITY] Test accuracy improved: 50.00% -> 60.47% (via EMA). Saving best params.
--- Epoch 6/30 | Loss: 0.5898 | Train Acc: 66.0% | Test Acc: 60.5% | CM: [TP:32, TN:72, FP:14, FN:54] | Progress: 20.0% | ETA: 40.8s ---
Epoch 7 Batch 1 | Loss: 0.527241 | Stats: min: -0.372, max: 0.092, mean: -0.112
Epoch 7 Batch 2 | Loss: 0.561856
Epoch 7 Batch 3 | Loss: 0.589101
Epoch 7 Batch 4 | Loss: 0.590037
Epoch 7 Batch 5 | Loss: 0.598124
Epoch 7 Batch 6 | Loss: 0.600295
Epoch 7 Batch 7 | Loss: 0.565599
Epoch 7 Batch 8 | Loss: 0.606495
Epoch 7 Batch 9 | Loss: 0.553808
Epoch 7 Batch 10 | Loss: 0.655932
Epoch 7 Batch 11 | Loss: 0.606207
Epoch 7 Batch 12 | Loss: 0.615629
Epoch 7 Batch 13 | Loss: 0.605225
  [STABILITY] Test accuracy improved: 60.47% -> 64.53% (via EMA). Saving best params.
--- Epoch 7/30 | Loss: 0.5904 | Train Acc: 69.0% | Test Acc: 64.5% | CM: [TP:43, TN:68, FP:18, FN:43] | Progress: 23.3% | ETA: 30.3s ---
Epoch 8 Batch 1 | Loss: 0.605657 | Stats: min: -0.063, max: 0.148, mean: 0.025
Epoch 8 Batch 2 | Loss: 0.563916
Epoch 8 Batch 3 | Loss: 0.539479
Epoch 8 Batch 4 | Loss: 0.524128
Epoch 8 Batch 5 | Loss: 0.579901
Epoch 8 Batch 6 | Loss: 0.654214
Epoch 8 Batch 7 | Loss: 0.546256
Epoch 8 Batch 8 | Loss: 0.590890
Epoch 8 Batch 9 | Loss: 0.592419
Epoch 8 Batch 10 | Loss: 0.569972
Epoch 8 Batch 11 | Loss: 0.617159
Epoch 8 Batch 12 | Loss: 0.612826
Epoch 8 Batch 13 | Loss: 0.563807
  [STABILITY] Test accuracy improved: 64.53% -> 68.02% (via EMA). Saving best params.
--- Epoch 8/30 | Loss: 0.5816 | Train Acc: 73.0% | Test Acc: 68.0% | CM: [TP:51, TN:66, FP:20, FN:35] | Progress: 26.7% | ETA: 24.3s ---
Epoch 9 Batch 1 | Loss: 0.547840 | Stats: min: -0.235, max: 0.378, mean: 0.086
Epoch 9 Batch 2 | Loss: 0.572036
Epoch 9 Batch 3 | Loss: 0.594758
Epoch 9 Batch 4 | Loss: 0.592514
Epoch 9 Batch 5 | Loss: 0.564650
Epoch 9 Batch 6 | Loss: 0.563094
Epoch 9 Batch 7 | Loss: 0.588722
Epoch 9 Batch 8 | Loss: 0.587631
Epoch 9 Batch 9 | Loss: 0.624285
Epoch 9 Batch 10 | Loss: 0.611780
Epoch 9 Batch 11 | Loss: 0.548992
Epoch 9 Batch 12 | Loss: 0.600924
Epoch 9 Batch 13 | Loss: 0.549007
  [STABILITY] Test accuracy improved: 68.02% -> 71.51% (via EMA). Saving best params.
--- Epoch 9/30 | Loss: 0.5805 | Train Acc: 75.0% | Test Acc: 71.5% | CM: [TP:59, TN:64, FP:22, FN:27] | Progress: 30.0% | ETA: 17.3s ---
Epoch 10 Batch 1 | Loss: 0.555610 | Stats: min: -0.062, max: 0.422, mean: 0.196
Epoch 10 Batch 2 | Loss: 0.563246
Epoch 10 Batch 3 | Loss: 0.507519
Epoch 10 Batch 4 | Loss: 0.601969
Epoch 10 Batch 5 | Loss: 0.585577
Epoch 10 Batch 6 | Loss: 0.553101
Epoch 10 Batch 7 | Loss: 0.596883
Epoch 10 Batch 8 | Loss: 0.592498
Epoch 10 Batch 9 | Loss: 0.571401
Epoch 10 Batch 10 | Loss: 0.597758
Epoch 10 Batch 11 | Loss: 0.603394
Epoch 10 Batch 12 | Loss: 0.612146
Epoch 10 Batch 13 | Loss: 0.591842
  [STABILITY] Test accuracy improved: 71.51% -> 73.84% (via EMA). Saving best params.
--- Epoch 10/30 | Loss: 0.5795 | Train Acc: 76.5% | Test Acc: 73.8% | CM: [TP:65, TN:62, FP:24, FN:21] | Progress: 33.3% | ETA: 12.8s ---
Epoch 11 Batch 1 | Loss: 0.581636 | Stats: min: -0.024, max: 0.425, mean: 0.175
Epoch 11 Batch 2 | Loss: 0.581022
Epoch 11 Batch 3 | Loss: 0.573146
Epoch 11 Batch 4 | Loss: 0.600717
Epoch 11 Batch 5 | Loss: 0.550643
Epoch 11 Batch 6 | Loss: 0.608595
Epoch 11 Batch 7 | Loss: 0.508569
Epoch 11 Batch 8 | Loss: 0.607233
Epoch 11 Batch 9 | Loss: 0.583575
Epoch 11 Batch 10 | Loss: 0.576740
Epoch 11 Batch 11 | Loss: 0.580295
Epoch 11 Batch 12 | Loss: 0.543063
Epoch 11 Batch 13 | Loss: 0.582678
  [STABILITY] Test accuracy improved: 73.84% -> 75.58% (via EMA). Saving best params.
--- Epoch 11/30 | Loss: 0.5752 | Train Acc: 76.0% | Test Acc: 75.6% | CM: [TP:67, TN:63, FP:23, FN:19] | Progress: 36.7% | ETA: 13.3s ---
Epoch 12 Batch 1 | Loss: 0.560546 | Stats: min: -0.464, max: 0.172, mean: -0.015
Epoch 12 Batch 2 | Loss: 0.584339
Epoch 12 Batch 3 | Loss: 0.552304
Epoch 12 Batch 4 | Loss: 0.572912
Epoch 12 Batch 5 | Loss: 0.593207
Epoch 12 Batch 6 | Loss: 0.558202
Epoch 12 Batch 7 | Loss: 0.564805
Epoch 12 Batch 8 | Loss: 0.577682
Epoch 12 Batch 9 | Loss: 0.605044
Epoch 12 Batch 10 | Loss: 0.546212
Epoch 12 Batch 11 | Loss: 0.554151
Epoch 12 Batch 12 | Loss: 0.608836
Epoch 12 Batch 13 | Loss: 0.613486
--- Epoch 12/30 | Loss: 0.5763 | Train Acc: 76.0% | Test Acc: 75.6% | CM: [TP:68, TN:62, FP:24, FN:18] | Progress: 40.0% | ETA: 15.2s ---
Epoch 13 Batch 1 | Loss: 0.605462 | Stats: min: -0.347, max: 0.381, mean: -0.008
Epoch 13 Batch 2 | Loss: 0.555347
Epoch 13 Batch 3 | Loss: 0.522907
Epoch 13 Batch 4 | Loss: 0.563328
Epoch 13 Batch 5 | Loss: 0.549695
Epoch 13 Batch 6 | Loss: 0.631649
Epoch 13 Batch 7 | Loss: 0.524732
Epoch 13 Batch 8 | Loss: 0.555505
Epoch 13 Batch 9 | Loss: 0.630957
Epoch 13 Batch 10 | Loss: 0.605374
Epoch 13 Batch 11 | Loss: 0.584077
Epoch 13 Batch 12 | Loss: 0.578915
Epoch 13 Batch 13 | Loss: 0.563918
--- Epoch 13/30 | Loss: 0.5748 | Train Acc: 77.5% | Test Acc: 75.0% | CM: [TP:69, TN:60, FP:26, FN:17] | Progress: 43.3% | ETA: 12.6s ---
Epoch 14 Batch 1 | Loss: 0.520046 | Stats: min: -0.075, max: 0.411, mean: 0.098
Epoch 14 Batch 2 | Loss: 0.604981
Epoch 14 Batch 3 | Loss: 0.597021
Epoch 14 Batch 4 | Loss: 0.562746
Epoch 14 Batch 5 | Loss: 0.573411
Epoch 14 Batch 6 | Loss: 0.583462
Epoch 14 Batch 7 | Loss: 0.559209
Epoch 14 Batch 8 | Loss: 0.583211
Epoch 14 Batch 9 | Loss: 0.599963
Epoch 14 Batch 10 | Loss: 0.578497
Epoch 14 Batch 11 | Loss: 0.527568
Epoch 14 Batch 12 | Loss: 0.517212
Epoch 14 Batch 13 | Loss: 0.676299
  [STABILITY] Test accuracy improved: 75.58% -> 76.16% (via EMA). Saving best params.
--- Epoch 14/30 | Loss: 0.5757 | Train Acc: 76.5% | Test Acc: 76.2% | CM: [TP:72, TN:59, FP:27, FN:14] | Progress: 46.7% | ETA: 13.1s ---
Epoch 15 Batch 1 | Loss: 0.543067 | Stats: min: 0.049, max: 0.372, mean: 0.214
Epoch 15 Batch 2 | Loss: 0.514866
Epoch 15 Batch 3 | Loss: 0.564117
Epoch 15 Batch 4 | Loss: 0.526348
Epoch 15 Batch 5 | Loss: 0.560282
Epoch 15 Batch 6 | Loss: 0.586801
Epoch 15 Batch 7 | Loss: 0.579538
Epoch 15 Batch 8 | Loss: 0.609628
Epoch 15 Batch 9 | Loss: 0.645314
Epoch 15 Batch 10 | Loss: 0.601152
Epoch 15 Batch 11 | Loss: 0.547865
Epoch 15 Batch 12 | Loss: 0.561223
Epoch 15 Batch 13 | Loss: 0.582672
--- Epoch 15/30 | Loss: 0.5710 | Train Acc: 77.0% | Test Acc: 76.2% | CM: [TP:74, TN:57, FP:29, FN:12] | Progress: 50.0% | ETA: 8.9s ---
Epoch 16 Batch 1 | Loss: 0.553564 | Stats: min: -0.261, max: 0.082, mean: -0.033
Epoch 16 Batch 2 | Loss: 0.577856
Epoch 16 Batch 3 | Loss: 0.544423
Epoch 16 Batch 4 | Loss: 0.554874
Epoch 16 Batch 5 | Loss: 0.599538
Epoch 16 Batch 6 | Loss: 0.489391
Epoch 16 Batch 7 | Loss: 0.574697
Epoch 16 Batch 8 | Loss: 0.565384
Epoch 16 Batch 9 | Loss: 0.504780
Epoch 16 Batch 10 | Loss: 0.596840
Epoch 16 Batch 11 | Loss: 0.618622
Epoch 16 Batch 12 | Loss: 0.644723
Epoch 16 Batch 13 | Loss: 0.608548
--- Epoch 16/30 | Loss: 0.5718 | Train Acc: 75.5% | Test Acc: 73.3% | CM: [TP:75, TN:51, FP:35, FN:11] | Progress: 53.3% | ETA: 6.0s ---
Epoch 17 Batch 1 | Loss: 0.595479 | Stats: min: 0.054, max: 0.241, mean: 0.148
Epoch 17 Batch 2 | Loss: 0.594055
Epoch 17 Batch 3 | Loss: 0.535540
Epoch 17 Batch 4 | Loss: 0.613848
Epoch 17 Batch 5 | Loss: 0.530868
Epoch 17 Batch 6 | Loss: 0.553504
Epoch 17 Batch 7 | Loss: 0.564771
Epoch 17 Batch 8 | Loss: 0.589752
Epoch 17 Batch 9 | Loss: 0.530951
Epoch 17 Batch 10 | Loss: 0.592024
Epoch 17 Batch 11 | Loss: 0.559743
Epoch 17 Batch 12 | Loss: 0.575004
Epoch 17 Batch 13 | Loss: 0.558468
  [STABILITY] Plateau detected. Reducing Learning Rate to 0.010000
--- Epoch 17/30 | Loss: 0.5688 | Train Acc: 76.0% | Test Acc: 74.4% | CM: [TP:75, TN:53, FP:33, FN:11] | Progress: 56.7% | ETA: 5.0s ---
Epoch 18 Batch 1 | Loss: 0.483098 | Stats: min: -0.498, max: 0.015, mean: -0.235
Epoch 18 Batch 2 | Loss: 0.620569
Epoch 18 Batch 3 | Loss: 0.514462
Epoch 18 Batch 4 | Loss: 0.593540
Epoch 18 Batch 5 | Loss: 0.500259
Epoch 18 Batch 6 | Loss: 0.566120
Epoch 18 Batch 7 | Loss: 0.574930
Epoch 18 Batch 8 | Loss: 0.529772
Epoch 18 Batch 9 | Loss: 0.598266
Epoch 18 Batch 10 | Loss: 0.617573
Epoch 18 Batch 11 | Loss: 0.590678
Epoch 18 Batch 12 | Loss: 0.592081
Epoch 18 Batch 13 | Loss: 0.590334
--- Epoch 18/30 | Loss: 0.5671 | Train Acc: 75.0% | Test Acc: 74.4% | CM: [TP:75, TN:53, FP:33, FN:11] | Progress: 60.0% | ETA: 6.3s ---
Epoch 19 Batch 1 | Loss: 0.583592 | Stats: min: -0.410, max: 0.424, mean: 0.180
Epoch 19 Batch 2 | Loss: 0.529142
Epoch 19 Batch 3 | Loss: 0.535208
Epoch 19 Batch 4 | Loss: 0.577184
Epoch 19 Batch 5 | Loss: 0.617575
Epoch 19 Batch 6 | Loss: 0.556064
Epoch 19 Batch 7 | Loss: 0.558103
Epoch 19 Batch 8 | Loss: 0.511736
Epoch 19 Batch 9 | Loss: 0.605138
Epoch 19 Batch 10 | Loss: 0.569444
Epoch 19 Batch 11 | Loss: 0.580823
Epoch 19 Batch 12 | Loss: 0.554503
Epoch 19 Batch 13 | Loss: 0.512087
--- Epoch 19/30 | Loss: 0.5608 | Train Acc: 75.0% | Test Acc: 74.4% | CM: [TP:75, TN:53, FP:33, FN:11] | Progress: 63.3% | ETA: 3.8s ---
Epoch 20 Batch 1 | Loss: 0.523168 | Stats: min: -0.452, max: 0.260, mean: -0.097
Epoch 20 Batch 2 | Loss: 0.557226
Epoch 20 Batch 3 | Loss: 0.602742
Epoch 20 Batch 4 | Loss: 0.530099
Epoch 20 Batch 5 | Loss: 0.601047
Epoch 20 Batch 6 | Loss: 0.636003
Epoch 20 Batch 7 | Loss: 0.568858
Epoch 20 Batch 8 | Loss: 0.590224
Epoch 20 Batch 9 | Loss: 0.509668
Epoch 20 Batch 10 | Loss: 0.537387
Epoch 20 Batch 11 | Loss: 0.579244
Epoch 20 Batch 12 | Loss: 0.541330
Epoch 20 Batch 13 | Loss: 0.522462
  [STABILITY] Plateau detected. Reducing Learning Rate to 0.005000
--- Epoch 20/30 | Loss: 0.5615 | Train Acc: 75.0% | Test Acc: 75.0% | CM: [TP:75, TN:54, FP:32, FN:11] | Progress: 66.7% | ETA: 3.3s ---
Epoch 21 Batch 1 | Loss: 0.564784 | Stats: min: -0.046, max: 0.219, mean: 0.068
Epoch 21 Batch 2 | Loss: 0.571906
Epoch 21 Batch 3 | Loss: 0.575644
Epoch 21 Batch 4 | Loss: 0.548847
Epoch 21 Batch 5 | Loss: 0.551684
Epoch 21 Batch 6 | Loss: 0.598983
Epoch 21 Batch 7 | Loss: 0.528321
Epoch 21 Batch 8 | Loss: 0.557479
Epoch 21 Batch 9 | Loss: 0.533629
Epoch 21 Batch 10 | Loss: 0.549911
Epoch 21 Batch 11 | Loss: 0.558573
Epoch 21 Batch 12 | Loss: 0.632589
Epoch 21 Batch 13 | Loss: 0.490538
--- Epoch 21/30 | Loss: 0.5587 | Train Acc: 75.5% | Test Acc: 75.6% | CM: [TP:76, TN:54, FP:32, FN:10] | Progress: 70.0% | ETA: 2.9s ---
Epoch 22 Batch 1 | Loss: 0.523493 | Stats: min: -0.451, max: 0.358, mean: -0.096
Epoch 22 Batch 2 | Loss: 0.580292
Epoch 22 Batch 3 | Loss: 0.597347
Epoch 22 Batch 4 | Loss: 0.512430
Epoch 22 Batch 5 | Loss: 0.587662
Epoch 22 Batch 6 | Loss: 0.522849
Epoch 22 Batch 7 | Loss: 0.617373
Epoch 22 Batch 8 | Loss: 0.597672
Epoch 22 Batch 9 | Loss: 0.515599
Epoch 22 Batch 10 | Loss: 0.557393
Epoch 22 Batch 11 | Loss: 0.566493
Epoch 22 Batch 12 | Loss: 0.555822
Epoch 22 Batch 13 | Loss: 0.577357
--- Epoch 22/30 | Loss: 0.5624 | Train Acc: 75.0% | Test Acc: 75.0% | CM: [TP:76, TN:53, FP:33, FN:10] | Progress: 73.3% | ETA: 2.4s ---
Epoch 23 Batch 1 | Loss: 0.545488 | Stats: min: -0.264, max: 0.466, mean: 0.123
Epoch 23 Batch 2 | Loss: 0.549928
Epoch 23 Batch 3 | Loss: 0.550729
Epoch 23 Batch 4 | Loss: 0.565932
Epoch 23 Batch 5 | Loss: 0.517591
Epoch 23 Batch 6 | Loss: 0.573237
Epoch 23 Batch 7 | Loss: 0.598476
Epoch 23 Batch 8 | Loss: 0.558139
Epoch 23 Batch 9 | Loss: 0.613290
Epoch 23 Batch 10 | Loss: 0.534544
Epoch 23 Batch 11 | Loss: 0.556103
Epoch 23 Batch 12 | Loss: 0.547604
Epoch 23 Batch 13 | Loss: 0.593798
  [STABILITY] Plateau detected. Reducing Learning Rate to 0.002500
--- Epoch 23/30 | Loss: 0.5619 | Train Acc: 75.0% | Test Acc: 74.4% | CM: [TP:75, TN:53, FP:33, FN:11] | Progress: 76.7% | ETA: 2.0s ---
Epoch 24 Batch 1 | Loss: 0.560868 | Stats: min: -0.226, max: 0.374, mean: 0.057
Epoch 24 Batch 2 | Loss: 0.527373
Epoch 24 Batch 3 | Loss: 0.561673
Epoch 24 Batch 4 | Loss: 0.553066
Epoch 24 Batch 5 | Loss: 0.531364
Epoch 24 Batch 6 | Loss: 0.531546
Epoch 24 Batch 7 | Loss: 0.630703
Epoch 24 Batch 8 | Loss: 0.540972
Epoch 24 Batch 9 | Loss: 0.624870
Epoch 24 Batch 10 | Loss: 0.567825
Epoch 24 Batch 11 | Loss: 0.608183
Epoch 24 Batch 12 | Loss: 0.495334
Epoch 24 Batch 13 | Loss: 0.529606
--- Epoch 24/30 | Loss: 0.5587 | Train Acc: 75.5% | Test Acc: 73.8% | CM: [TP:73, TN:54, FP:32, FN:13] | Progress: 80.0% | ETA: 1.8s ---
Epoch 25 Batch 1 | Loss: 0.541302 | Stats: min: -0.242, max: 0.420, mean: 0.012
Epoch 25 Batch 2 | Loss: 0.610070
Epoch 25 Batch 3 | Loss: 0.528919
Epoch 25 Batch 4 | Loss: 0.527181
Epoch 25 Batch 5 | Loss: 0.535357
Epoch 25 Batch 6 | Loss: 0.539900
Epoch 25 Batch 7 | Loss: 0.592166
Epoch 25 Batch 8 | Loss: 0.537633
Epoch 25 Batch 9 | Loss: 0.587098
Epoch 25 Batch 10 | Loss: 0.539460
Epoch 25 Batch 11 | Loss: 0.602312
Epoch 25 Batch 12 | Loss: 0.582659
Epoch 25 Batch 13 | Loss: 0.557991
--- Epoch 25/30 | Loss: 0.5602 | Train Acc: 75.5% | Test Acc: 73.8% | CM: [TP:73, TN:54, FP:32, FN:13] | Progress: 83.3% | ETA: 1.3s ---
Epoch 26 Batch 1 | Loss: 0.506572 | Stats: min: -0.413, max: 0.135, mean: -0.042
Epoch 26 Batch 2 | Loss: 0.504473
Epoch 26 Batch 3 | Loss: 0.602005
Epoch 26 Batch 4 | Loss: 0.628669
Epoch 26 Batch 5 | Loss: 0.636670
Epoch 26 Batch 6 | Loss: 0.570911
Epoch 26 Batch 7 | Loss: 0.520238
Epoch 26 Batch 8 | Loss: 0.583705
Epoch 26 Batch 9 | Loss: 0.529928
Epoch 26 Batch 10 | Loss: 0.525306
Epoch 26 Batch 11 | Loss: 0.553494
Epoch 26 Batch 12 | Loss: 0.563513
Epoch 26 Batch 13 | Loss: 0.539995
  [STABILITY] Plateau detected. Reducing Learning Rate to 0.001250
--- Epoch 26/30 | Loss: 0.5589 | Train Acc: 76.0% | Test Acc: 73.8% | CM: [TP:73, TN:54, FP:32, FN:13] | Progress: 86.7% | ETA: 1.0s ---
Epoch 27 Batch 1 | Loss: 0.572082 | Stats: min: -0.232, max: 0.418, mean: 0.175
Epoch 27 Batch 2 | Loss: 0.571987
Epoch 27 Batch 3 | Loss: 0.579347
Epoch 27 Batch 4 | Loss: 0.544192
Epoch 27 Batch 5 | Loss: 0.558891
Epoch 27 Batch 6 | Loss: 0.571199
Epoch 27 Batch 7 | Loss: 0.574621
Epoch 27 Batch 8 | Loss: 0.563736
Epoch 27 Batch 9 | Loss: 0.601596
Epoch 27 Batch 10 | Loss: 0.521159
Epoch 27 Batch 11 | Loss: 0.516259
Epoch 27 Batch 12 | Loss: 0.534549
Epoch 27 Batch 13 | Loss: 0.564511
--- Epoch 27/30 | Loss: 0.5595 | Train Acc: 76.0% | Test Acc: 74.4% | CM: [TP:73, TN:55, FP:31, FN:13] | Progress: 90.0% | ETA: 0.7s ---
Epoch 28 Batch 1 | Loss: 0.537936 | Stats: min: -0.562, max: -0.043, mean: -0.259
Epoch 28 Batch 2 | Loss: 0.482396
Epoch 28 Batch 3 | Loss: 0.608068
Epoch 28 Batch 4 | Loss: 0.597873
Epoch 28 Batch 5 | Loss: 0.561307
Epoch 28 Batch 6 | Loss: 0.563757
Epoch 28 Batch 7 | Loss: 0.595639
Epoch 28 Batch 8 | Loss: 0.544321
Epoch 28 Batch 9 | Loss: 0.542768
Epoch 28 Batch 10 | Loss: 0.532741
Epoch 28 Batch 11 | Loss: 0.571907
Epoch 28 Batch 12 | Loss: 0.559725
Epoch 28 Batch 13 | Loss: 0.582628
--- Epoch 28/30 | Loss: 0.5601 | Train Acc: 76.0% | Test Acc: 74.4% | CM: [TP:73, TN:55, FP:31, FN:13] | Progress: 93.3% | ETA: 0.5s ---
Epoch 29 Batch 1 | Loss: 0.543794 | Stats: min: -0.164, max: 0.460, mean: 0.125
Epoch 29 Batch 2 | Loss: 0.557032
Epoch 29 Batch 3 | Loss: 0.571847
Epoch 29 Batch 4 | Loss: 0.550101
Epoch 29 Batch 5 | Loss: 0.508748
Epoch 29 Batch 6 | Loss: 0.550969
Epoch 29 Batch 7 | Loss: 0.596095
Epoch 29 Batch 8 | Loss: 0.613614
Epoch 29 Batch 9 | Loss: 0.536428
Epoch 29 Batch 10 | Loss: 0.551392
Epoch 29 Batch 11 | Loss: 0.533610
Epoch 29 Batch 12 | Loss: 0.586336
Epoch 29 Batch 13 | Loss: 0.580122
  [STABILITY] Plateau detected. Reducing Learning Rate to 0.000625
--- Epoch 29/30 | Loss: 0.5600 | Train Acc: 76.0% | Test Acc: 74.4% | CM: [TP:73, TN:55, FP:31, FN:13] | Progress: 96.7% | ETA: 0.3s ---
Epoch 30 Batch 1 | Loss: 0.551183 | Stats: min: -0.345, max: 0.465, mean: -0.004
Epoch 30 Batch 2 | Loss: 0.523762
Epoch 30 Batch 3 | Loss: 0.579803
Epoch 30 Batch 4 | Loss: 0.602553
Epoch 30 Batch 5 | Loss: 0.569713
Epoch 30 Batch 6 | Loss: 0.533369
Epoch 30 Batch 7 | Loss: 0.566712
Epoch 30 Batch 8 | Loss: 0.494086
Epoch 30 Batch 9 | Loss: 0.581284
Epoch 30 Batch 10 | Loss: 0.560103
Epoch 30 Batch 11 | Loss: 0.526418
Epoch 30 Batch 12 | Loss: 0.593596
Epoch 30 Batch 13 | Loss: 0.613281
--- Epoch 30/30 | Loss: 0.5612 | Train Acc: 76.0% | Test Acc: 74.4% | CM: [TP:73, TN:55, FP:31, FN:13] | Progress: 100.0% | ETA: 0.0s ---

Final Best Test Accuracy: 76.16%


Best Quantum Test Accuracy: 0.762
