DEBUG: Qtrainer enters train_pure_quantum_cnn. Encoding: amplitude
  Class Weights: +1 (Target): 1.00 | -1 (Rest): 1.00
Starting Training
==================================================
Epoch 1 Batch 1 | Loss: 0.689632 | Stats: min: -0.218, max: 0.080, mean: -0.065
Epoch 1 Batch 2 | Loss: 0.695395
Epoch 1 Batch 3 | Loss: 0.679488
Epoch 1 Batch 4 | Loss: 0.662466
Epoch 1 Batch 5 | Loss: 0.649966
Epoch 1 Batch 6 | Loss: 0.657013
Epoch 1 Batch 7 | Loss: 0.648549
Epoch 1 Batch 8 | Loss: 0.573522
Epoch 1 Batch 9 | Loss: 0.630136
Epoch 1 Batch 10 | Loss: 0.595673
Epoch 1 Batch 11 | Loss: 0.568786
Epoch 1 Batch 12 | Loss: 0.615879
Epoch 1 Batch 13 | Loss: 0.559108
  [STABILITY] Test accuracy improved: 0.00% -> 56.40% (via EMA). Saving best params.
--- Epoch 1/30 | Loss: 0.6327 | Train Acc: 62.0% | Test Acc: 56.4% | CM: [TP:56, TN:41, FP:45, FN:30] | Progress: 3.3% | ETA: 310.4s ---
Epoch 2 Batch 1 | Loss: 0.595056 | Stats: min: -0.023, max: 0.202, mean: 0.092
Epoch 2 Batch 2 | Loss: 0.574734
Epoch 2 Batch 3 | Loss: 0.581712
Epoch 2 Batch 4 | Loss: 0.570800
Epoch 2 Batch 5 | Loss: 0.580265
Epoch 2 Batch 6 | Loss: 0.545582
Epoch 2 Batch 7 | Loss: 0.599653
Epoch 2 Batch 8 | Loss: 0.590174
Epoch 2 Batch 9 | Loss: 0.573421
Epoch 2 Batch 10 | Loss: 0.566631
Epoch 2 Batch 11 | Loss: 0.608848
Epoch 2 Batch 12 | Loss: 0.579793
Epoch 2 Batch 13 | Loss: 0.615789
  [STABILITY] Test accuracy improved: 56.40% -> 65.70% (via EMA). Saving best params.
--- Epoch 2/30 | Loss: 0.5833 | Train Acc: 68.0% | Test Acc: 65.7% | CM: [TP:67, TN:46, FP:40, FN:19] | Progress: 6.7% | ETA: 179.6s ---
Epoch 3 Batch 1 | Loss: 0.547329 | Stats: min: -0.156, max: 0.292, mean: 0.090
Epoch 3 Batch 2 | Loss: 0.540710
Epoch 3 Batch 3 | Loss: 0.577127
Epoch 3 Batch 4 | Loss: 0.582322
Epoch 3 Batch 5 | Loss: 0.565345
Epoch 3 Batch 6 | Loss: 0.559777
Epoch 3 Batch 7 | Loss: 0.562064
Epoch 3 Batch 8 | Loss: 0.519086
Epoch 3 Batch 9 | Loss: 0.567683
Epoch 3 Batch 10 | Loss: 0.554985
Epoch 3 Batch 11 | Loss: 0.615397
Epoch 3 Batch 12 | Loss: 0.590957
Epoch 3 Batch 13 | Loss: 0.552328
  [STABILITY] Test accuracy improved: 65.70% -> 75.00% (via EMA). Saving best params.
--- Epoch 3/30 | Loss: 0.5642 | Train Acc: 75.5% | Test Acc: 75.0% | CM: [TP:78, TN:51, FP:35, FN:8] | Progress: 10.0% | ETA: 113.3s ---
Epoch 4 Batch 1 | Loss: 0.521510 | Stats: min: -0.203, max: 0.331, mean: 0.109
Epoch 4 Batch 2 | Loss: 0.544948
Epoch 4 Batch 3 | Loss: 0.554256
Epoch 4 Batch 4 | Loss: 0.542545
Epoch 4 Batch 5 | Loss: 0.557354
Epoch 4 Batch 6 | Loss: 0.540040
Epoch 4 Batch 7 | Loss: 0.526421
Epoch 4 Batch 8 | Loss: 0.561644
Epoch 4 Batch 9 | Loss: 0.586752
Epoch 4 Batch 10 | Loss: 0.545245
Epoch 4 Batch 11 | Loss: 0.568670
Epoch 4 Batch 12 | Loss: 0.568413
Epoch 4 Batch 13 | Loss: 0.582832
  [STABILITY] Test accuracy improved: 75.00% -> 80.23% (via EMA). Saving best params.
--- Epoch 4/30 | Loss: 0.5539 | Train Acc: 79.0% | Test Acc: 80.2% | CM: [TP:83, TN:55, FP:31, FN:3] | Progress: 13.3% | ETA: 65.5s ---
Epoch 5 Batch 1 | Loss: 0.507903 | Stats: min: -0.281, max: 0.220, mean: 0.023
Epoch 5 Batch 2 | Loss: 0.557316
Epoch 5 Batch 3 | Loss: 0.540510
Epoch 5 Batch 4 | Loss: 0.545923
Epoch 5 Batch 5 | Loss: 0.550307
Epoch 5 Batch 6 | Loss: 0.544060
Epoch 5 Batch 7 | Loss: 0.556107
Epoch 5 Batch 8 | Loss: 0.510220
Epoch 5 Batch 9 | Loss: 0.561164
Epoch 5 Batch 10 | Loss: 0.576632
Epoch 5 Batch 11 | Loss: 0.530941
Epoch 5 Batch 12 | Loss: 0.552829
Epoch 5 Batch 13 | Loss: 0.533624
  [STABILITY] Test accuracy improved: 80.23% -> 83.72% (via EMA). Saving best params.
--- Epoch 5/30 | Loss: 0.5437 | Train Acc: 84.0% | Test Acc: 83.7% | CM: [TP:86, TN:58, FP:28, FN:0] | Progress: 16.7% | ETA: 48.3s ---
Epoch 6 Batch 1 | Loss: 0.556271 | Stats: min: -0.179, max: 0.310, mean: 0.085
Epoch 6 Batch 2 | Loss: 0.507902
Epoch 6 Batch 3 | Loss: 0.538612
Epoch 6 Batch 4 | Loss: 0.511814
Epoch 6 Batch 5 | Loss: 0.535514
Epoch 6 Batch 6 | Loss: 0.527448
Epoch 6 Batch 7 | Loss: 0.535069
Epoch 6 Batch 8 | Loss: 0.542757
Epoch 6 Batch 9 | Loss: 0.532815
Epoch 6 Batch 10 | Loss: 0.552139
Epoch 6 Batch 11 | Loss: 0.546081
Epoch 6 Batch 12 | Loss: 0.544157
Epoch 6 Batch 13 | Loss: 0.540345
  [STABILITY] Test accuracy improved: 83.72% -> 84.30% (via EMA). Saving best params.
--- Epoch 6/30 | Loss: 0.5362 | Train Acc: 86.5% | Test Acc: 84.3% | CM: [TP:85, TN:60, FP:26, FN:1] | Progress: 20.0% | ETA: 32.9s ---
Epoch 7 Batch 1 | Loss: 0.551171 | Stats: min: -0.209, max: 0.232, mean: 0.114
Epoch 7 Batch 2 | Loss: 0.534642
Epoch 7 Batch 3 | Loss: 0.536101
Epoch 7 Batch 4 | Loss: 0.538677
Epoch 7 Batch 5 | Loss: 0.525188
Epoch 7 Batch 6 | Loss: 0.526620
Epoch 7 Batch 7 | Loss: 0.539315
Epoch 7 Batch 8 | Loss: 0.516926
Epoch 7 Batch 9 | Loss: 0.583968
Epoch 7 Batch 10 | Loss: 0.497951
Epoch 7 Batch 11 | Loss: 0.519933
Epoch 7 Batch 12 | Loss: 0.530391
Epoch 7 Batch 13 | Loss: 0.557279
  [STABILITY] Test accuracy improved: 84.30% -> 87.79% (via EMA). Saving best params.
--- Epoch 7/30 | Loss: 0.5352 | Train Acc: 88.5% | Test Acc: 87.8% | CM: [TP:85, TN:66, FP:20, FN:1] | Progress: 23.3% | ETA: 34.1s ---
Epoch 8 Batch 1 | Loss: 0.507918 | Stats: min: -0.206, max: 0.314, mean: 0.009
Epoch 8 Batch 2 | Loss: 0.520582
Epoch 8 Batch 3 | Loss: 0.530757
Epoch 8 Batch 4 | Loss: 0.532807
Epoch 8 Batch 5 | Loss: 0.535381
Epoch 8 Batch 6 | Loss: 0.552155
Epoch 8 Batch 7 | Loss: 0.522201
Epoch 8 Batch 8 | Loss: 0.536812
Epoch 8 Batch 9 | Loss: 0.534716
Epoch 8 Batch 10 | Loss: 0.538646
Epoch 8 Batch 11 | Loss: 0.537238
Epoch 8 Batch 12 | Loss: 0.538281
Epoch 8 Batch 13 | Loss: 0.506713
  [STABILITY] Test accuracy improved: 87.79% -> 90.12% (via EMA). Saving best params.
--- Epoch 8/30 | Loss: 0.5303 | Train Acc: 93.5% | Test Acc: 90.1% | CM: [TP:85, TN:70, FP:16, FN:1] | Progress: 26.7% | ETA: 29.5s ---
Epoch 9 Batch 1 | Loss: 0.553642 | Stats: min: -0.229, max: 0.204, mean: 0.012
Epoch 9 Batch 2 | Loss: 0.509169
Epoch 9 Batch 3 | Loss: 0.516177
Epoch 9 Batch 4 | Loss: 0.557439
Epoch 9 Batch 5 | Loss: 0.521141
Epoch 9 Batch 6 | Loss: 0.535595
Epoch 9 Batch 7 | Loss: 0.530052
Epoch 9 Batch 8 | Loss: 0.500937
Epoch 9 Batch 9 | Loss: 0.530364
Epoch 9 Batch 10 | Loss: 0.519246
Epoch 9 Batch 11 | Loss: 0.507064
Epoch 9 Batch 12 | Loss: 0.505692
Epoch 9 Batch 13 | Loss: 0.548567
  [STABILITY] Test accuracy improved: 90.12% -> 91.28% (via EMA). Saving best params.
--- Epoch 9/30 | Loss: 0.5258 | Train Acc: 94.0% | Test Acc: 91.3% | CM: [TP:85, TN:72, FP:14, FN:1] | Progress: 30.0% | ETA: 29.5s ---
Epoch 10 Batch 1 | Loss: 0.507259 | Stats: min: -0.278, max: 0.189, mean: -0.090
Epoch 10 Batch 2 | Loss: 0.546128
Epoch 10 Batch 3 | Loss: 0.480154
Epoch 10 Batch 4 | Loss: 0.545161
Epoch 10 Batch 5 | Loss: 0.504838
Epoch 10 Batch 6 | Loss: 0.535530
Epoch 10 Batch 7 | Loss: 0.529333
Epoch 10 Batch 8 | Loss: 0.540081
Epoch 10 Batch 9 | Loss: 0.556692
Epoch 10 Batch 10 | Loss: 0.516881
Epoch 10 Batch 11 | Loss: 0.499873
Epoch 10 Batch 12 | Loss: 0.536342
Epoch 10 Batch 13 | Loss: 0.480347
  [STABILITY] Test accuracy improved: 91.28% -> 91.86% (via EMA). Saving best params.
--- Epoch 10/30 | Loss: 0.5214 | Train Acc: 94.5% | Test Acc: 91.9% | CM: [TP:85, TN:73, FP:13, FN:1] | Progress: 33.3% | ETA: 29.8s ---
Epoch 11 Batch 1 | Loss: 0.507079 | Stats: min: -0.305, max: 0.286, mean: -0.062
Epoch 11 Batch 2 | Loss: 0.520592
Epoch 11 Batch 3 | Loss: 0.519067
Epoch 11 Batch 4 | Loss: 0.532445
Epoch 11 Batch 5 | Loss: 0.531122
Epoch 11 Batch 6 | Loss: 0.530042
Epoch 11 Batch 7 | Loss: 0.522197
Epoch 11 Batch 8 | Loss: 0.514763
Epoch 11 Batch 9 | Loss: 0.494668
Epoch 11 Batch 10 | Loss: 0.532775
Epoch 11 Batch 11 | Loss: 0.514608
Epoch 11 Batch 12 | Loss: 0.519579
Epoch 11 Batch 13 | Loss: 0.554809
  [STABILITY] Test accuracy improved: 91.86% -> 92.44% (via EMA). Saving best params.
--- Epoch 11/30 | Loss: 0.5226 | Train Acc: 94.0% | Test Acc: 92.4% | CM: [TP:85, TN:74, FP:12, FN:1] | Progress: 36.7% | ETA: 26.4s ---
Epoch 12 Batch 1 | Loss: 0.526081 | Stats: min: -0.164, max: 0.247, mean: -0.032
Epoch 12 Batch 2 | Loss: 0.498117
Epoch 12 Batch 3 | Loss: 0.504688
Epoch 12 Batch 4 | Loss: 0.545279
Epoch 12 Batch 5 | Loss: 0.506678
Epoch 12 Batch 6 | Loss: 0.522903
Epoch 12 Batch 7 | Loss: 0.519754
Epoch 12 Batch 8 | Loss: 0.508364
Epoch 12 Batch 9 | Loss: 0.511743
Epoch 12 Batch 10 | Loss: 0.551343
Epoch 12 Batch 11 | Loss: 0.497638
Epoch 12 Batch 12 | Loss: 0.540090
Epoch 12 Batch 13 | Loss: 0.535140
  [STABILITY] Test accuracy improved: 92.44% -> 93.02% (via EMA). Saving best params.
--- Epoch 12/30 | Loss: 0.5206 | Train Acc: 95.0% | Test Acc: 93.0% | CM: [TP:85, TN:75, FP:11, FN:1] | Progress: 40.0% | ETA: 22.3s ---
Epoch 13 Batch 1 | Loss: 0.535925 | Stats: min: -0.338, max: 0.273, mean: 0.030
Epoch 13 Batch 2 | Loss: 0.506739
Epoch 13 Batch 3 | Loss: 0.529684
Epoch 13 Batch 4 | Loss: 0.508625
Epoch 13 Batch 5 | Loss: 0.505319
Epoch 13 Batch 6 | Loss: 0.543915
Epoch 13 Batch 7 | Loss: 0.512412
Epoch 13 Batch 8 | Loss: 0.517209
Epoch 13 Batch 9 | Loss: 0.538745
Epoch 13 Batch 10 | Loss: 0.499694
Epoch 13 Batch 11 | Loss: 0.561003
Epoch 13 Batch 12 | Loss: 0.502354
Epoch 13 Batch 13 | Loss: 0.513849
--- Epoch 13/30 | Loss: 0.5212 | Train Acc: 94.5% | Test Acc: 92.4% | CM: [TP:84, TN:75, FP:11, FN:2] | Progress: 43.3% | ETA: 19.4s ---
Epoch 14 Batch 1 | Loss: 0.510042 | Stats: min: -0.097, max: 0.313, mean: 0.076
Epoch 14 Batch 2 | Loss: 0.493564
Epoch 14 Batch 3 | Loss: 0.502259
Epoch 14 Batch 4 | Loss: 0.556219
Epoch 14 Batch 5 | Loss: 0.516623
Epoch 14 Batch 6 | Loss: 0.545227
Epoch 14 Batch 7 | Loss: 0.540883
Epoch 14 Batch 8 | Loss: 0.525815
Epoch 14 Batch 9 | Loss: 0.511393
Epoch 14 Batch 10 | Loss: 0.549668
Epoch 14 Batch 11 | Loss: 0.537267
Epoch 14 Batch 12 | Loss: 0.520161
Epoch 14 Batch 13 | Loss: 0.524961
--- Epoch 14/30 | Loss: 0.5257 | Train Acc: 95.0% | Test Acc: 92.4% | CM: [TP:84, TN:75, FP:11, FN:2] | Progress: 46.7% | ETA: 17.1s ---
Epoch 15 Batch 1 | Loss: 0.501761 | Stats: min: -0.144, max: 0.403, mean: 0.208
Epoch 15 Batch 2 | Loss: 0.530293
Epoch 15 Batch 3 | Loss: 0.518086
Epoch 15 Batch 4 | Loss: 0.554293
Epoch 15 Batch 5 | Loss: 0.543617
Epoch 15 Batch 6 | Loss: 0.509103
Epoch 15 Batch 7 | Loss: 0.499278
Epoch 15 Batch 8 | Loss: 0.500279
Epoch 15 Batch 9 | Loss: 0.548069
Epoch 15 Batch 10 | Loss: 0.486575
Epoch 15 Batch 11 | Loss: 0.527239
Epoch 15 Batch 12 | Loss: 0.537839
Epoch 15 Batch 13 | Loss: 0.487083
  [STABILITY] Plateau detected. Reducing Learning Rate to 0.010000
--- Epoch 15/30 | Loss: 0.5187 | Train Acc: 94.5% | Test Acc: 92.4% | CM: [TP:85, TN:74, FP:12, FN:1] | Progress: 50.0% | ETA: 14.8s ---
Epoch 16 Batch 1 | Loss: 0.495789 | Stats: min: -0.258, max: 0.405, mean: -0.063
Epoch 16 Batch 2 | Loss: 0.523469
Epoch 16 Batch 3 | Loss: 0.529256
Epoch 16 Batch 4 | Loss: 0.509976
Epoch 16 Batch 5 | Loss: 0.510111
Epoch 16 Batch 6 | Loss: 0.500940
Epoch 16 Batch 7 | Loss: 0.514006
Epoch 16 Batch 8 | Loss: 0.524513
Epoch 16 Batch 9 | Loss: 0.540376
Epoch 16 Batch 10 | Loss: 0.513699
Epoch 16 Batch 11 | Loss: 0.525323
Epoch 16 Batch 12 | Loss: 0.515666
Epoch 16 Batch 13 | Loss: 0.499378
--- Epoch 16/30 | Loss: 0.5156 | Train Acc: 95.0% | Test Acc: 93.0% | CM: [TP:85, TN:75, FP:11, FN:1] | Progress: 53.3% | ETA: 13.0s ---
Epoch 17 Batch 1 | Loss: 0.526266 | Stats: min: -0.177, max: 0.286, mean: 0.154
Epoch 17 Batch 2 | Loss: 0.513034
Epoch 17 Batch 3 | Loss: 0.521404
Epoch 17 Batch 4 | Loss: 0.516935
Epoch 17 Batch 5 | Loss: 0.558848
Epoch 17 Batch 6 | Loss: 0.513130
Epoch 17 Batch 7 | Loss: 0.487465
Epoch 17 Batch 8 | Loss: 0.498724
Epoch 17 Batch 9 | Loss: 0.505229
Epoch 17 Batch 10 | Loss: 0.518117
Epoch 17 Batch 11 | Loss: 0.488008
Epoch 17 Batch 12 | Loss: 0.523229
Epoch 17 Batch 13 | Loss: 0.539543
  [STABILITY] Test accuracy improved: 93.02% -> 93.60% (via EMA). Saving best params.
--- Epoch 17/30 | Loss: 0.5161 | Train Acc: 95.0% | Test Acc: 93.6% | CM: [TP:85, TN:76, FP:10, FN:1] | Progress: 56.7% | ETA: 11.7s ---
Epoch 18 Batch 1 | Loss: 0.522776 | Stats: min: -0.209, max: 0.420, mean: 0.157
Epoch 18 Batch 2 | Loss: 0.501598
Epoch 18 Batch 3 | Loss: 0.505441
Epoch 18 Batch 4 | Loss: 0.531654
Epoch 18 Batch 5 | Loss: 0.507469
Epoch 18 Batch 6 | Loss: 0.544379
Epoch 18 Batch 7 | Loss: 0.515269
Epoch 18 Batch 8 | Loss: 0.513327
Epoch 18 Batch 9 | Loss: 0.506792
Epoch 18 Batch 10 | Loss: 0.511097
Epoch 18 Batch 11 | Loss: 0.470903
Epoch 18 Batch 12 | Loss: 0.540922
Epoch 18 Batch 13 | Loss: 0.548125
--- Epoch 18/30 | Loss: 0.5169 | Train Acc: 96.0% | Test Acc: 93.6% | CM: [TP:85, TN:76, FP:10, FN:1] | Progress: 60.0% | ETA: 10.0s ---
Epoch 19 Batch 1 | Loss: 0.510124 | Stats: min: -0.187, max: 0.400, mean: 0.105
Epoch 19 Batch 2 | Loss: 0.525425
Epoch 19 Batch 3 | Loss: 0.521510
Epoch 19 Batch 4 | Loss: 0.497691
Epoch 19 Batch 5 | Loss: 0.482289
Epoch 19 Batch 6 | Loss: 0.516370
Epoch 19 Batch 7 | Loss: 0.493237
Epoch 19 Batch 8 | Loss: 0.508701
Epoch 19 Batch 9 | Loss: 0.542511
Epoch 19 Batch 10 | Loss: 0.526384
Epoch 19 Batch 11 | Loss: 0.548764
Epoch 19 Batch 12 | Loss: 0.516025
Epoch 19 Batch 13 | Loss: 0.528266
--- Epoch 19/30 | Loss: 0.5167 | Train Acc: 96.0% | Test Acc: 93.6% | CM: [TP:86, TN:75, FP:11, FN:0] | Progress: 63.3% | ETA: 8.7s ---
Epoch 20 Batch 1 | Loss: 0.495800 | Stats: min: -0.327, max: 0.437, mean: 0.111
Epoch 20 Batch 2 | Loss: 0.488108
Epoch 20 Batch 3 | Loss: 0.534162
Epoch 20 Batch 4 | Loss: 0.550968
Epoch 20 Batch 5 | Loss: 0.494949
Epoch 20 Batch 6 | Loss: 0.520706
Epoch 20 Batch 7 | Loss: 0.517984
Epoch 20 Batch 8 | Loss: 0.536831
Epoch 20 Batch 9 | Loss: 0.486227
Epoch 20 Batch 10 | Loss: 0.505014
Epoch 20 Batch 11 | Loss: 0.538390
Epoch 20 Batch 12 | Loss: 0.520506
Epoch 20 Batch 13 | Loss: 0.497855
  [STABILITY] Test accuracy improved: 93.60% -> 94.19% (via EMA). Saving best params.
--- Epoch 20/30 | Loss: 0.5144 | Train Acc: 96.5% | Test Acc: 94.2% | CM: [TP:86, TN:76, FP:10, FN:0] | Progress: 66.7% | ETA: 7.5s ---
Epoch 21 Batch 1 | Loss: 0.510222 | Stats: min: -0.253, max: 0.354, mean: 0.119
Epoch 21 Batch 2 | Loss: 0.544674
Epoch 21 Batch 3 | Loss: 0.522728
Epoch 21 Batch 4 | Loss: 0.477956
Epoch 21 Batch 5 | Loss: 0.544113
Epoch 21 Batch 6 | Loss: 0.507879
Epoch 21 Batch 7 | Loss: 0.507649
Epoch 21 Batch 8 | Loss: 0.509300
Epoch 21 Batch 9 | Loss: 0.502845
Epoch 21 Batch 10 | Loss: 0.519670
Epoch 21 Batch 11 | Loss: 0.507950
Epoch 21 Batch 12 | Loss: 0.528567
Epoch 21 Batch 13 | Loss: 0.498983
--- Epoch 21/30 | Loss: 0.5140 | Train Acc: 97.0% | Test Acc: 94.2% | CM: [TP:86, TN:76, FP:10, FN:0] | Progress: 70.0% | ETA: 6.5s ---
Epoch 22 Batch 1 | Loss: 0.515074 | Stats: min: -0.278, max: 0.456, mean: 0.124
Epoch 22 Batch 2 | Loss: 0.539545
Epoch 22 Batch 3 | Loss: 0.513244
Epoch 22 Batch 4 | Loss: 0.496745
Epoch 22 Batch 5 | Loss: 0.508092
Epoch 22 Batch 6 | Loss: 0.510860
Epoch 22 Batch 7 | Loss: 0.542597
Epoch 22 Batch 8 | Loss: 0.488077
Epoch 22 Batch 9 | Loss: 0.531141
Epoch 22 Batch 10 | Loss: 0.509907
Epoch 22 Batch 11 | Loss: 0.524889
Epoch 22 Batch 12 | Loss: 0.521095
Epoch 22 Batch 13 | Loss: 0.502988
--- Epoch 22/30 | Loss: 0.5157 | Train Acc: 97.0% | Test Acc: 94.2% | CM: [TP:86, TN:76, FP:10, FN:0] | Progress: 73.3% | ETA: 5.5s ---
Epoch 23 Batch 1 | Loss: 0.495505 | Stats: min: -0.223, max: 0.494, mean: 0.142
Epoch 23 Batch 2 | Loss: 0.502184
Epoch 23 Batch 3 | Loss: 0.515039
Epoch 23 Batch 4 | Loss: 0.527214
Epoch 23 Batch 5 | Loss: 0.503128
Epoch 23 Batch 6 | Loss: 0.533617
Epoch 23 Batch 7 | Loss: 0.502607
Epoch 23 Batch 8 | Loss: 0.516973
Epoch 23 Batch 9 | Loss: 0.494329
Epoch 23 Batch 10 | Loss: 0.531657
Epoch 23 Batch 11 | Loss: 0.533633
Epoch 23 Batch 12 | Loss: 0.499791
Epoch 23 Batch 13 | Loss: 0.553812
  [STABILITY] Plateau detected. Reducing Learning Rate to 0.005000
--- Epoch 23/30 | Loss: 0.5161 | Train Acc: 97.0% | Test Acc: 94.2% | CM: [TP:86, TN:76, FP:10, FN:0] | Progress: 76.7% | ETA: 3.6s ---
Epoch 24 Batch 1 | Loss: 0.505944 | Stats: min: -0.264, max: 0.425, mean: 0.076
Epoch 24 Batch 2 | Loss: 0.519191
Epoch 24 Batch 3 | Loss: 0.526068
Epoch 24 Batch 4 | Loss: 0.486059
Epoch 24 Batch 5 | Loss: 0.519056
Epoch 24 Batch 6 | Loss: 0.494074
Epoch 24 Batch 7 | Loss: 0.529797
Epoch 24 Batch 8 | Loss: 0.513019
Epoch 24 Batch 9 | Loss: 0.510113
Epoch 24 Batch 10 | Loss: 0.530023
Epoch 24 Batch 11 | Loss: 0.509894
Epoch 24 Batch 12 | Loss: 0.545244
Epoch 24 Batch 13 | Loss: 0.481985
--- Epoch 24/30 | Loss: 0.5131 | Train Acc: 97.0% | Test Acc: 94.2% | CM: [TP:86, TN:76, FP:10, FN:0] | Progress: 80.0% | ETA: 1.8s ---
Epoch 25 Batch 1 | Loss: 0.549415 | Stats: min: -0.348, max: 0.211, mean: 0.003
Epoch 25 Batch 2 | Loss: 0.539586
Epoch 25 Batch 3 | Loss: 0.527926
Epoch 25 Batch 4 | Loss: 0.492316
Epoch 25 Batch 5 | Loss: 0.508849
Epoch 25 Batch 6 | Loss: 0.526230
Epoch 25 Batch 7 | Loss: 0.495390
Epoch 25 Batch 8 | Loss: 0.477110
Epoch 25 Batch 9 | Loss: 0.514825
Epoch 25 Batch 10 | Loss: 0.522120
Epoch 25 Batch 11 | Loss: 0.501448
Epoch 25 Batch 12 | Loss: 0.511472
Epoch 25 Batch 13 | Loss: 0.509490
--- Epoch 25/30 | Loss: 0.5136 | Train Acc: 97.0% | Test Acc: 94.2% | CM: [TP:86, TN:76, FP:10, FN:0] | Progress: 83.3% | ETA: 2.0s ---
Epoch 26 Batch 1 | Loss: 0.500583 | Stats: min: -0.157, max: 0.454, mean: 0.179
Epoch 26 Batch 2 | Loss: 0.518712
Epoch 26 Batch 3 | Loss: 0.519907
Epoch 26 Batch 4 | Loss: 0.487385
Epoch 26 Batch 5 | Loss: 0.516119
Epoch 26 Batch 6 | Loss: 0.505514
Epoch 26 Batch 7 | Loss: 0.551328
Epoch 26 Batch 8 | Loss: 0.509437
Epoch 26 Batch 9 | Loss: 0.547865
Epoch 26 Batch 10 | Loss: 0.498786
Epoch 26 Batch 11 | Loss: 0.508264
Epoch 26 Batch 12 | Loss: 0.503443
Epoch 26 Batch 13 | Loss: 0.510827
  [STABILITY] Plateau detected. Reducing Learning Rate to 0.002500
--- Epoch 26/30 | Loss: 0.5137 | Train Acc: 96.5% | Test Acc: 93.6% | CM: [TP:86, TN:75, FP:11, FN:0] | Progress: 86.7% | ETA: 1.6s ---
Epoch 27 Batch 1 | Loss: 0.459140 | Stats: min: -0.242, max: 0.173, mean: -0.016
Epoch 27 Batch 2 | Loss: 0.557482
Epoch 27 Batch 3 | Loss: 0.495005
Epoch 27 Batch 4 | Loss: 0.552732
Epoch 27 Batch 5 | Loss: 0.520080
Epoch 27 Batch 6 | Loss: 0.534629
Epoch 27 Batch 7 | Loss: 0.527276
Epoch 27 Batch 8 | Loss: 0.520928
Epoch 27 Batch 9 | Loss: 0.463897
Epoch 27 Batch 10 | Loss: 0.509113
Epoch 27 Batch 11 | Loss: 0.516929
Epoch 27 Batch 12 | Loss: 0.494250
Epoch 27 Batch 13 | Loss: 0.519985
--- Epoch 27/30 | Loss: 0.5132 | Train Acc: 96.5% | Test Acc: 93.6% | CM: [TP:86, TN:75, FP:11, FN:0] | Progress: 90.0% | ETA: 1.4s ---
Epoch 28 Batch 1 | Loss: 0.516936 | Stats: min: -0.067, max: 0.348, mean: 0.141
Epoch 28 Batch 2 | Loss: 0.511680
Epoch 28 Batch 3 | Loss: 0.509985
Epoch 28 Batch 4 | Loss: 0.529263
Epoch 28 Batch 5 | Loss: 0.497366
Epoch 28 Batch 6 | Loss: 0.494418
Epoch 28 Batch 7 | Loss: 0.493342
Epoch 28 Batch 8 | Loss: 0.520617
Epoch 28 Batch 9 | Loss: 0.526364
Epoch 28 Batch 10 | Loss: 0.537658
Epoch 28 Batch 11 | Loss: 0.494191
Epoch 28 Batch 12 | Loss: 0.513596
Epoch 28 Batch 13 | Loss: 0.531721
--- Epoch 28/30 | Loss: 0.5136 | Train Acc: 97.0% | Test Acc: 93.6% | CM: [TP:86, TN:75, FP:11, FN:0] | Progress: 93.3% | ETA: 0.9s ---
Epoch 29 Batch 1 | Loss: 0.500451 | Stats: min: -0.163, max: 0.114, mean: -0.037
Epoch 29 Batch 2 | Loss: 0.489250
Epoch 29 Batch 3 | Loss: 0.528060
Epoch 29 Batch 4 | Loss: 0.548556
Epoch 29 Batch 5 | Loss: 0.503633
Epoch 29 Batch 6 | Loss: 0.541454
Epoch 29 Batch 7 | Loss: 0.510682
Epoch 29 Batch 8 | Loss: 0.502375
Epoch 29 Batch 9 | Loss: 0.511637
Epoch 29 Batch 10 | Loss: 0.501726
Epoch 29 Batch 11 | Loss: 0.487619
Epoch 29 Batch 12 | Loss: 0.543308
Epoch 29 Batch 13 | Loss: 0.480274
  [STABILITY] Plateau detected. Reducing Learning Rate to 0.001250
--- Epoch 29/30 | Loss: 0.5115 | Train Acc: 97.0% | Test Acc: 93.6% | CM: [TP:86, TN:75, FP:11, FN:0] | Progress: 96.7% | ETA: 0.3s ---
Epoch 30 Batch 1 | Loss: 0.489881 | Stats: min: -0.189, max: 0.386, mean: 0.103
Epoch 30 Batch 2 | Loss: 0.503269
Epoch 30 Batch 3 | Loss: 0.503257
Epoch 30 Batch 4 | Loss: 0.507956
Epoch 30 Batch 5 | Loss: 0.490510
Epoch 30 Batch 6 | Loss: 0.552689
Epoch 30 Batch 7 | Loss: 0.504418
Epoch 30 Batch 8 | Loss: 0.526746
Epoch 30 Batch 9 | Loss: 0.493091
Epoch 30 Batch 10 | Loss: 0.521583
Epoch 30 Batch 11 | Loss: 0.505972
Epoch 30 Batch 12 | Loss: 0.525599
Epoch 30 Batch 13 | Loss: 0.572252
--- Epoch 30/30 | Loss: 0.5152 | Train Acc: 97.0% | Test Acc: 93.6% | CM: [TP:86, TN:75, FP:11, FN:0] | Progress: 100.0% | ETA: 0.0s ---

Final Best Test Accuracy: 94.19%


Best Quantum Test Accuracy: 0.942
