DEBUG: Qtrainer enters train_pure_quantum_cnn. Encoding: amplitude
  Class Weights: +1 (Target): 1.00 | -1 (Rest): 1.00
Starting Training
==================================================
Epoch 1 Batch 1 | Loss: 0.717283 | Stats: min: -0.018, max: 0.107, mean: 0.050
Epoch 1 Batch 2 | Loss: 0.704081
Epoch 1 Batch 3 | Loss: 0.695780
Epoch 1 Batch 4 | Loss: 0.708044
Epoch 1 Batch 5 | Loss: 0.694609
Epoch 1 Batch 6 | Loss: 0.672873
Epoch 1 Batch 7 | Loss: 0.666212
Epoch 1 Batch 8 | Loss: 0.670467
Epoch 1 Batch 9 | Loss: 0.654425
Epoch 1 Batch 10 | Loss: 0.664967
Epoch 1 Batch 11 | Loss: 0.631628
Epoch 1 Batch 12 | Loss: 0.667974
Epoch 1 Batch 13 | Loss: 0.660205
  [STABILITY] Test accuracy improved: 0.00% -> 44.77% (via EMA). Saving best params.
--- Epoch 1/30 | Loss: 0.6776 | Train Acc: 46.0% | Test Acc: 44.8% | CM: [TP:16, TN:61, FP:25, FN:70] | Progress: 3.3% | ETA: 191.3s ---
Epoch 2 Batch 1 | Loss: 0.648404 | Stats: min: -0.110, max: -0.039, mean: -0.076
Epoch 2 Batch 2 | Loss: 0.630819
Epoch 2 Batch 3 | Loss: 0.653666
Epoch 2 Batch 4 | Loss: 0.631947
Epoch 2 Batch 5 | Loss: 0.636426
Epoch 2 Batch 6 | Loss: 0.624718
Epoch 2 Batch 7 | Loss: 0.650029
Epoch 2 Batch 8 | Loss: 0.611546
Epoch 2 Batch 9 | Loss: 0.646988
Epoch 2 Batch 10 | Loss: 0.672685
Epoch 2 Batch 11 | Loss: 0.614706
Epoch 2 Batch 12 | Loss: 0.623246
Epoch 2 Batch 13 | Loss: 0.684825
  [STABILITY] Test accuracy improved: 44.77% -> 51.16% (via EMA). Saving best params.
--- Epoch 2/30 | Loss: 0.6408 | Train Acc: 57.5% | Test Acc: 51.2% | CM: [TP:25, TN:63, FP:23, FN:61] | Progress: 6.7% | ETA: 122.2s ---
Epoch 3 Batch 1 | Loss: 0.599876 | Stats: min: -0.173, max: 0.196, mean: 0.004
Epoch 3 Batch 2 | Loss: 0.647353
Epoch 3 Batch 3 | Loss: 0.625607
Epoch 3 Batch 4 | Loss: 0.652482
Epoch 3 Batch 5 | Loss: 0.618611
Epoch 3 Batch 6 | Loss: 0.618884
Epoch 3 Batch 7 | Loss: 0.606434
Epoch 3 Batch 8 | Loss: 0.657813
Epoch 3 Batch 9 | Loss: 0.604048
Epoch 3 Batch 10 | Loss: 0.593639
Epoch 3 Batch 11 | Loss: 0.644281
Epoch 3 Batch 12 | Loss: 0.648328
Epoch 3 Batch 13 | Loss: 0.586546
  [STABILITY] Test accuracy improved: 51.16% -> 58.14% (via EMA). Saving best params.
--- Epoch 3/30 | Loss: 0.6234 | Train Acc: 65.5% | Test Acc: 58.1% | CM: [TP:37, TN:63, FP:23, FN:49] | Progress: 10.0% | ETA: 59.1s ---
Epoch 4 Batch 1 | Loss: 0.593666 | Stats: min: 0.001, max: 0.203, mean: 0.086
Epoch 4 Batch 2 | Loss: 0.600336
Epoch 4 Batch 3 | Loss: 0.640534
Epoch 4 Batch 4 | Loss: 0.616066
Epoch 4 Batch 5 | Loss: 0.635114
Epoch 4 Batch 6 | Loss: 0.598024
Epoch 4 Batch 7 | Loss: 0.619960
Epoch 4 Batch 8 | Loss: 0.588693
Epoch 4 Batch 9 | Loss: 0.612450
Epoch 4 Batch 10 | Loss: 0.612678
Epoch 4 Batch 11 | Loss: 0.627889
Epoch 4 Batch 12 | Loss: 0.593227
Epoch 4 Batch 13 | Loss: 0.573620
  [STABILITY] Test accuracy improved: 58.14% -> 63.95% (via EMA). Saving best params.
--- Epoch 4/30 | Loss: 0.6086 | Train Acc: 67.0% | Test Acc: 64.0% | CM: [TP:52, TN:58, FP:28, FN:34] | Progress: 13.3% | ETA: 42.6s ---
Epoch 5 Batch 1 | Loss: 0.610587 | Stats: min: -0.377, max: 0.036, mean: -0.184
Epoch 5 Batch 2 | Loss: 0.606062
Epoch 5 Batch 3 | Loss: 0.588778
Epoch 5 Batch 4 | Loss: 0.631059
Epoch 5 Batch 5 | Loss: 0.630485
Epoch 5 Batch 6 | Loss: 0.634364
Epoch 5 Batch 7 | Loss: 0.593729
Epoch 5 Batch 8 | Loss: 0.618513
Epoch 5 Batch 9 | Loss: 0.604280
Epoch 5 Batch 10 | Loss: 0.569730
Epoch 5 Batch 11 | Loss: 0.557703
Epoch 5 Batch 12 | Loss: 0.580855
Epoch 5 Batch 13 | Loss: 0.571991
  [STABILITY] Test accuracy improved: 63.95% -> 68.02% (via EMA). Saving best params.
--- Epoch 5/30 | Loss: 0.5999 | Train Acc: 69.5% | Test Acc: 68.0% | CM: [TP:64, TN:53, FP:33, FN:22] | Progress: 16.7% | ETA: 32.5s ---
Epoch 6 Batch 1 | Loss: 0.612245 | Stats: min: -0.067, max: 0.243, mean: 0.097
Epoch 6 Batch 2 | Loss: 0.569840
Epoch 6 Batch 3 | Loss: 0.631587
Epoch 6 Batch 4 | Loss: 0.590176
Epoch 6 Batch 5 | Loss: 0.568546
Epoch 6 Batch 6 | Loss: 0.603767
Epoch 6 Batch 7 | Loss: 0.586606
Epoch 6 Batch 8 | Loss: 0.563968
Epoch 6 Batch 9 | Loss: 0.578347
Epoch 6 Batch 10 | Loss: 0.634984
Epoch 6 Batch 11 | Loss: 0.582867
Epoch 6 Batch 12 | Loss: 0.592336
Epoch 6 Batch 13 | Loss: 0.615368
--- Epoch 6/30 | Loss: 0.5947 | Train Acc: 71.0% | Test Acc: 66.3% | CM: [TP:66, TN:48, FP:38, FN:20] | Progress: 20.0% | ETA: 25.6s ---
Epoch 7 Batch 1 | Loss: 0.576470 | Stats: min: -0.474, max: 0.265, mean: -0.023
Epoch 7 Batch 2 | Loss: 0.571575
Epoch 7 Batch 3 | Loss: 0.600336
Epoch 7 Batch 4 | Loss: 0.579551
Epoch 7 Batch 5 | Loss: 0.575625
Epoch 7 Batch 6 | Loss: 0.637907
Epoch 7 Batch 7 | Loss: 0.571988
Epoch 7 Batch 8 | Loss: 0.600151
Epoch 7 Batch 9 | Loss: 0.571555
Epoch 7 Batch 10 | Loss: 0.602330
Epoch 7 Batch 11 | Loss: 0.583400
Epoch 7 Batch 12 | Loss: 0.584295
Epoch 7 Batch 13 | Loss: 0.665711
--- Epoch 7/30 | Loss: 0.5939 | Train Acc: 68.0% | Test Acc: 66.3% | CM: [TP:66, TN:48, FP:38, FN:20] | Progress: 23.3% | ETA: 21.1s ---
Epoch 8 Batch 1 | Loss: 0.573198 | Stats: min: -0.016, max: 0.236, mean: 0.124
Epoch 8 Batch 2 | Loss: 0.583971
Epoch 8 Batch 3 | Loss: 0.565473
Epoch 8 Batch 4 | Loss: 0.627605
Epoch 8 Batch 5 | Loss: 0.592873
Epoch 8 Batch 6 | Loss: 0.565995
Epoch 8 Batch 7 | Loss: 0.581214
Epoch 8 Batch 8 | Loss: 0.625797
Epoch 8 Batch 9 | Loss: 0.582704
Epoch 8 Batch 10 | Loss: 0.547922
Epoch 8 Batch 11 | Loss: 0.613458
Epoch 8 Batch 12 | Loss: 0.673568
Epoch 8 Batch 13 | Loss: 0.560444
  [STABILITY] Plateau detected. Reducing Learning Rate to 0.010000
--- Epoch 8/30 | Loss: 0.5919 | Train Acc: 71.5% | Test Acc: 66.9% | CM: [TP:67, TN:48, FP:38, FN:19] | Progress: 26.7% | ETA: 17.7s ---
Epoch 9 Batch 1 | Loss: 0.580519 | Stats: min: 0.048, max: 0.330, mean: 0.185
Epoch 9 Batch 2 | Loss: 0.535181
Epoch 9 Batch 3 | Loss: 0.571214
Epoch 9 Batch 4 | Loss: 0.648374
Epoch 9 Batch 5 | Loss: 0.583786
Epoch 9 Batch 6 | Loss: 0.649797
Epoch 9 Batch 7 | Loss: 0.570804
Epoch 9 Batch 8 | Loss: 0.641816
Epoch 9 Batch 9 | Loss: 0.563651
Epoch 9 Batch 10 | Loss: 0.591714
Epoch 9 Batch 11 | Loss: 0.564031
Epoch 9 Batch 12 | Loss: 0.558140
Epoch 9 Batch 13 | Loss: 0.520835
--- Epoch 9/30 | Loss: 0.5831 | Train Acc: 71.0% | Test Acc: 67.4% | CM: [TP:67, TN:49, FP:37, FN:19] | Progress: 30.0% | ETA: 15.3s ---
Epoch 10 Batch 1 | Loss: 0.606406 | Stats: min: -0.288, max: 0.346, mean: 0.025
Epoch 10 Batch 2 | Loss: 0.580617
Epoch 10 Batch 3 | Loss: 0.604696
Epoch 10 Batch 4 | Loss: 0.540339
Epoch 10 Batch 5 | Loss: 0.610076
Epoch 10 Batch 6 | Loss: 0.598324
Epoch 10 Batch 7 | Loss: 0.605866
Epoch 10 Batch 8 | Loss: 0.595340
Epoch 10 Batch 9 | Loss: 0.545033
Epoch 10 Batch 10 | Loss: 0.604861
Epoch 10 Batch 11 | Loss: 0.551214
Epoch 10 Batch 12 | Loss: 0.528012
Epoch 10 Batch 13 | Loss: 0.573046
--- Epoch 10/30 | Loss: 0.5803 | Train Acc: 71.5% | Test Acc: 68.0% | CM: [TP:68, TN:49, FP:37, FN:18] | Progress: 33.3% | ETA: 12.8s ---
Epoch 11 Batch 1 | Loss: 0.563981 | Stats: min: -0.182, max: 0.156, mean: 0.045
Epoch 11 Batch 2 | Loss: 0.575808
Epoch 11 Batch 3 | Loss: 0.560586
Epoch 11 Batch 4 | Loss: 0.657480
Epoch 11 Batch 5 | Loss: 0.588971
Epoch 11 Batch 6 | Loss: 0.559019
Epoch 11 Batch 7 | Loss: 0.561508
Epoch 11 Batch 8 | Loss: 0.560703
Epoch 11 Batch 9 | Loss: 0.617127
Epoch 11 Batch 10 | Loss: 0.535614
Epoch 11 Batch 11 | Loss: 0.594765
Epoch 11 Batch 12 | Loss: 0.611058
Epoch 11 Batch 13 | Loss: 0.581313
  [STABILITY] Test accuracy improved: 68.02% -> 69.77% (via EMA). Saving best params.
--- Epoch 11/30 | Loss: 0.5821 | Train Acc: 70.5% | Test Acc: 69.8% | CM: [TP:69, TN:51, FP:35, FN:17] | Progress: 36.7% | ETA: 11.1s ---
Epoch 12 Batch 1 | Loss: 0.599935 | Stats: min: -0.368, max: 0.239, mean: -0.005
Epoch 12 Batch 2 | Loss: 0.526262
Epoch 12 Batch 3 | Loss: 0.572018
Epoch 12 Batch 4 | Loss: 0.608509
Epoch 12 Batch 5 | Loss: 0.563465
Epoch 12 Batch 6 | Loss: 0.585762
Epoch 12 Batch 7 | Loss: 0.552848
Epoch 12 Batch 8 | Loss: 0.590494
Epoch 12 Batch 9 | Loss: 0.564298
Epoch 12 Batch 10 | Loss: 0.604269
Epoch 12 Batch 11 | Loss: 0.588378
Epoch 12 Batch 12 | Loss: 0.591016
Epoch 12 Batch 13 | Loss: 0.579416
  [STABILITY] Test accuracy improved: 69.77% -> 70.35% (via EMA). Saving best params.
--- Epoch 12/30 | Loss: 0.5790 | Train Acc: 71.0% | Test Acc: 70.3% | CM: [TP:69, TN:52, FP:34, FN:17] | Progress: 40.0% | ETA: 9.8s ---
Epoch 13 Batch 1 | Loss: 0.592230 | Stats: min: -0.003, max: 0.282, mean: 0.080
Epoch 13 Batch 2 | Loss: 0.588489
Epoch 13 Batch 3 | Loss: 0.548216
Epoch 13 Batch 4 | Loss: 0.592578
Epoch 13 Batch 5 | Loss: 0.533252
Epoch 13 Batch 6 | Loss: 0.575461
Epoch 13 Batch 7 | Loss: 0.637196
Epoch 13 Batch 8 | Loss: 0.593679
Epoch 13 Batch 9 | Loss: 0.613488
Epoch 13 Batch 10 | Loss: 0.535554
Epoch 13 Batch 11 | Loss: 0.546768
Epoch 13 Batch 12 | Loss: 0.552591
Epoch 13 Batch 13 | Loss: 0.636972
--- Epoch 13/30 | Loss: 0.5805 | Train Acc: 72.5% | Test Acc: 69.8% | CM: [TP:68, TN:52, FP:34, FN:18] | Progress: 43.3% | ETA: 8.4s ---
Epoch 14 Batch 1 | Loss: 0.626736 | Stats: min: -0.006, max: 0.233, mean: 0.062
Epoch 14 Batch 2 | Loss: 0.582049
Epoch 14 Batch 3 | Loss: 0.565505
Epoch 14 Batch 4 | Loss: 0.608221
Epoch 14 Batch 5 | Loss: 0.588423
Epoch 14 Batch 6 | Loss: 0.562495
Epoch 14 Batch 7 | Loss: 0.549967
Epoch 14 Batch 8 | Loss: 0.576824
Epoch 14 Batch 9 | Loss: 0.626493
Epoch 14 Batch 10 | Loss: 0.544952
Epoch 14 Batch 11 | Loss: 0.571783
Epoch 14 Batch 12 | Loss: 0.533324
Epoch 14 Batch 13 | Loss: 0.571386
--- Epoch 14/30 | Loss: 0.5776 | Train Acc: 72.5% | Test Acc: 70.3% | CM: [TP:69, TN:52, FP:34, FN:17] | Progress: 46.7% | ETA: 7.3s ---
Epoch 15 Batch 1 | Loss: 0.594253 | Stats: min: -0.292, max: 0.373, mean: -0.034
Epoch 15 Batch 2 | Loss: 0.538812
Epoch 15 Batch 3 | Loss: 0.584719
Epoch 15 Batch 4 | Loss: 0.591748
Epoch 15 Batch 5 | Loss: 0.532979
Epoch 15 Batch 6 | Loss: 0.620331
Epoch 15 Batch 7 | Loss: 0.624728
Epoch 15 Batch 8 | Loss: 0.613470
Epoch 15 Batch 9 | Loss: 0.600970
Epoch 15 Batch 10 | Loss: 0.525863
Epoch 15 Batch 11 | Loss: 0.537234
Epoch 15 Batch 12 | Loss: 0.565542
Epoch 15 Batch 13 | Loss: 0.558204
  [STABILITY] Plateau detected. Reducing Learning Rate to 0.005000
--- Epoch 15/30 | Loss: 0.5761 | Train Acc: 71.0% | Test Acc: 70.3% | CM: [TP:69, TN:52, FP:34, FN:17] | Progress: 50.0% | ETA: 6.4s ---
Epoch 16 Batch 1 | Loss: 0.575809 | Stats: min: 0.063, max: 0.181, mean: 0.129
Epoch 16 Batch 2 | Loss: 0.606112
Epoch 16 Batch 3 | Loss: 0.555730
Epoch 16 Batch 4 | Loss: 0.548334
Epoch 16 Batch 5 | Loss: 0.557310
Epoch 16 Batch 6 | Loss: 0.629665
Epoch 16 Batch 7 | Loss: 0.548556
Epoch 16 Batch 8 | Loss: 0.573428
Epoch 16 Batch 9 | Loss: 0.546247
Epoch 16 Batch 10 | Loss: 0.590250
Epoch 16 Batch 11 | Loss: 0.601359
Epoch 16 Batch 12 | Loss: 0.583695
Epoch 16 Batch 13 | Loss: 0.522058
--- Epoch 16/30 | Loss: 0.5722 | Train Acc: 72.0% | Test Acc: 69.8% | CM: [TP:68, TN:52, FP:34, FN:18] | Progress: 53.3% | ETA: 5.7s ---
Epoch 17 Batch 1 | Loss: 0.609014 | Stats: min: -0.161, max: 0.314, mean: 0.042
Epoch 17 Batch 2 | Loss: 0.591579
Epoch 17 Batch 3 | Loss: 0.567222
Epoch 17 Batch 4 | Loss: 0.563178
Epoch 17 Batch 5 | Loss: 0.583325
Epoch 17 Batch 6 | Loss: 0.579056
Epoch 17 Batch 7 | Loss: 0.556607
Epoch 17 Batch 8 | Loss: 0.577917
Epoch 17 Batch 9 | Loss: 0.542254
Epoch 17 Batch 10 | Loss: 0.540395
Epoch 17 Batch 11 | Loss: 0.571882
Epoch 17 Batch 12 | Loss: 0.597388
Epoch 17 Batch 13 | Loss: 0.545866
--- Epoch 17/30 | Loss: 0.5712 | Train Acc: 73.0% | Test Acc: 68.0% | CM: [TP:68, TN:49, FP:37, FN:18] | Progress: 56.7% | ETA: 4.9s ---
Epoch 18 Batch 1 | Loss: 0.640843 | Stats: min: -0.103, max: 0.302, mean: 0.125
Epoch 18 Batch 2 | Loss: 0.589772
Epoch 18 Batch 3 | Loss: 0.570220
Epoch 18 Batch 4 | Loss: 0.588465
Epoch 18 Batch 5 | Loss: 0.565359
Epoch 18 Batch 6 | Loss: 0.561855
Epoch 18 Batch 7 | Loss: 0.555197
Epoch 18 Batch 8 | Loss: 0.535014
Epoch 18 Batch 9 | Loss: 0.519409
Epoch 18 Batch 10 | Loss: 0.545643
Epoch 18 Batch 11 | Loss: 0.658502
Epoch 18 Batch 12 | Loss: 0.555553
Epoch 18 Batch 13 | Loss: 0.547699
  [STABILITY] Plateau detected. Reducing Learning Rate to 0.002500
--- Epoch 18/30 | Loss: 0.5718 | Train Acc: 73.0% | Test Acc: 68.6% | CM: [TP:69, TN:49, FP:37, FN:17] | Progress: 60.0% | ETA: 4.3s ---
Epoch 19 Batch 1 | Loss: 0.550798 | Stats: min: -0.480, max: 0.349, mean: 0.054
Epoch 19 Batch 2 | Loss: 0.620949
Epoch 19 Batch 3 | Loss: 0.596258
Epoch 19 Batch 4 | Loss: 0.651142
Epoch 19 Batch 5 | Loss: 0.572668
Epoch 19 Batch 6 | Loss: 0.508958
Epoch 19 Batch 7 | Loss: 0.549267
Epoch 19 Batch 8 | Loss: 0.589208
Epoch 19 Batch 9 | Loss: 0.567982
Epoch 19 Batch 10 | Loss: 0.543613
Epoch 19 Batch 11 | Loss: 0.585833
Epoch 19 Batch 12 | Loss: 0.532850
Epoch 19 Batch 13 | Loss: 0.535758
--- Epoch 19/30 | Loss: 0.5696 | Train Acc: 73.0% | Test Acc: 68.6% | CM: [TP:69, TN:49, FP:37, FN:17] | Progress: 63.3% | ETA: 3.8s ---
Epoch 20 Batch 1 | Loss: 0.557323 | Stats: min: -0.308, max: 0.444, mean: -0.067
Epoch 20 Batch 2 | Loss: 0.581225
Epoch 20 Batch 3 | Loss: 0.573059
Epoch 20 Batch 4 | Loss: 0.554163
Epoch 20 Batch 5 | Loss: 0.548596
Epoch 20 Batch 6 | Loss: 0.632270
Epoch 20 Batch 7 | Loss: 0.564043
Epoch 20 Batch 8 | Loss: 0.566490
Epoch 20 Batch 9 | Loss: 0.628976
Epoch 20 Batch 10 | Loss: 0.490529
Epoch 20 Batch 11 | Loss: 0.598850
Epoch 20 Batch 12 | Loss: 0.576853
Epoch 20 Batch 13 | Loss: 0.516536
--- Epoch 20/30 | Loss: 0.5684 | Train Acc: 72.0% | Test Acc: 69.2% | CM: [TP:70, TN:49, FP:37, FN:16] | Progress: 66.7% | ETA: 3.2s ---
Epoch 21 Batch 1 | Loss: 0.604971 | Stats: min: -0.239, max: 0.425, mean: 0.070
Epoch 21 Batch 2 | Loss: 0.545972
Epoch 21 Batch 3 | Loss: 0.532469
Epoch 21 Batch 4 | Loss: 0.589264
Epoch 21 Batch 5 | Loss: 0.572446
Epoch 21 Batch 6 | Loss: 0.541293
Epoch 21 Batch 7 | Loss: 0.559831
Epoch 21 Batch 8 | Loss: 0.581860
Epoch 21 Batch 9 | Loss: 0.561736
Epoch 21 Batch 10 | Loss: 0.574644
Epoch 21 Batch 11 | Loss: 0.587812
Epoch 21 Batch 12 | Loss: 0.552854
Epoch 21 Batch 13 | Loss: 0.668301
  [STABILITY] Plateau detected. Reducing Learning Rate to 0.001250
--- Epoch 21/30 | Loss: 0.5749 | Train Acc: 71.0% | Test Acc: 69.2% | CM: [TP:70, TN:49, FP:37, FN:16] | Progress: 70.0% | ETA: 2.8s ---
Epoch 22 Batch 1 | Loss: 0.595047 | Stats: min: -0.405, max: 0.399, mean: -0.030
Epoch 22 Batch 2 | Loss: 0.600477
Epoch 22 Batch 3 | Loss: 0.600445
Epoch 22 Batch 4 | Loss: 0.579055
Epoch 22 Batch 5 | Loss: 0.553919
Epoch 22 Batch 6 | Loss: 0.538897
Epoch 22 Batch 7 | Loss: 0.551646
Epoch 22 Batch 8 | Loss: 0.572979
Epoch 22 Batch 9 | Loss: 0.539078
Epoch 22 Batch 10 | Loss: 0.531582
Epoch 22 Batch 11 | Loss: 0.572377
Epoch 22 Batch 12 | Loss: 0.627845
Epoch 22 Batch 13 | Loss: 0.514656
--- Epoch 22/30 | Loss: 0.5675 | Train Acc: 71.5% | Test Acc: 69.2% | CM: [TP:70, TN:49, FP:37, FN:16] | Progress: 73.3% | ETA: 2.4s ---
Epoch 23 Batch 1 | Loss: 0.533816 | Stats: min: -0.236, max: 0.247, mean: -0.019
Epoch 23 Batch 2 | Loss: 0.580366
Epoch 23 Batch 3 | Loss: 0.596900
Epoch 23 Batch 4 | Loss: 0.583306
Epoch 23 Batch 5 | Loss: 0.595902
Epoch 23 Batch 6 | Loss: 0.532451
Epoch 23 Batch 7 | Loss: 0.584129
Epoch 23 Batch 8 | Loss: 0.574915
Epoch 23 Batch 9 | Loss: 0.574530
Epoch 23 Batch 10 | Loss: 0.550782
Epoch 23 Batch 11 | Loss: 0.550101
Epoch 23 Batch 12 | Loss: 0.592713
Epoch 23 Batch 13 | Loss: 0.546069
--- Epoch 23/30 | Loss: 0.5689 | Train Acc: 71.5% | Test Acc: 69.2% | CM: [TP:70, TN:49, FP:37, FN:16] | Progress: 76.7% | ETA: 1.9s ---
Epoch 24 Batch 1 | Loss: 0.538645 | Stats: min: -0.493, max: 0.181, mean: -0.086
Epoch 24 Batch 2 | Loss: 0.587528
Epoch 24 Batch 3 | Loss: 0.605310
Epoch 24 Batch 4 | Loss: 0.531541
Epoch 24 Batch 5 | Loss: 0.560428
Epoch 24 Batch 6 | Loss: 0.590300
Epoch 24 Batch 7 | Loss: 0.514591
Epoch 24 Batch 8 | Loss: 0.561836
Epoch 24 Batch 9 | Loss: 0.586126
Epoch 24 Batch 10 | Loss: 0.580595
Epoch 24 Batch 11 | Loss: 0.590429
Epoch 24 Batch 12 | Loss: 0.602502
Epoch 24 Batch 13 | Loss: 0.540631
  [STABILITY] Plateau detected. Reducing Learning Rate to 0.000625
--- Epoch 24/30 | Loss: 0.5685 | Train Acc: 71.5% | Test Acc: 69.2% | CM: [TP:70, TN:49, FP:37, FN:16] | Progress: 80.0% | ETA: 1.6s ---
Epoch 25 Batch 1 | Loss: 0.580891 | Stats: min: 0.011, max: 0.278, mean: 0.091
Epoch 25 Batch 2 | Loss: 0.534362
Epoch 25 Batch 3 | Loss: 0.598469
Epoch 25 Batch 4 | Loss: 0.547371
Epoch 25 Batch 5 | Loss: 0.611514
Epoch 25 Batch 6 | Loss: 0.511412
Epoch 25 Batch 7 | Loss: 0.583970
Epoch 25 Batch 8 | Loss: 0.580433
Epoch 25 Batch 9 | Loss: 0.595568
Epoch 25 Batch 10 | Loss: 0.588945
Epoch 25 Batch 11 | Loss: 0.587045
Epoch 25 Batch 12 | Loss: 0.527370
Epoch 25 Batch 13 | Loss: 0.538304
--- Epoch 25/30 | Loss: 0.5681 | Train Acc: 71.5% | Test Acc: 69.2% | CM: [TP:70, TN:49, FP:37, FN:16] | Progress: 83.3% | ETA: 1.3s ---
Epoch 26 Batch 1 | Loss: 0.622720 | Stats: min: -0.321, max: 0.182, mean: -0.018
Epoch 26 Batch 2 | Loss: 0.541572
Epoch 26 Batch 3 | Loss: 0.581294
Epoch 26 Batch 4 | Loss: 0.536872
Epoch 26 Batch 5 | Loss: 0.493788
Epoch 26 Batch 6 | Loss: 0.537602
Epoch 26 Batch 7 | Loss: 0.586232
Epoch 26 Batch 8 | Loss: 0.556555
Epoch 26 Batch 9 | Loss: 0.601290
Epoch 26 Batch 10 | Loss: 0.592869
Epoch 26 Batch 11 | Loss: 0.580655
Epoch 26 Batch 12 | Loss: 0.590550
Epoch 26 Batch 13 | Loss: 0.590953
--- Epoch 26/30 | Loss: 0.5702 | Train Acc: 72.0% | Test Acc: 69.2% | CM: [TP:70, TN:49, FP:37, FN:16] | Progress: 86.7% | ETA: 1.0s ---
Epoch 27 Batch 1 | Loss: 0.629054 | Stats: min: -0.097, max: 0.304, mean: 0.131
Epoch 27 Batch 2 | Loss: 0.522898
Epoch 27 Batch 3 | Loss: 0.556030
Epoch 27 Batch 4 | Loss: 0.513486
Epoch 27 Batch 5 | Loss: 0.602083
Epoch 27 Batch 6 | Loss: 0.552570
Epoch 27 Batch 7 | Loss: 0.590597
Epoch 27 Batch 8 | Loss: 0.568173
Epoch 27 Batch 9 | Loss: 0.541157
Epoch 27 Batch 10 | Loss: 0.563473
Epoch 27 Batch 11 | Loss: 0.594707
Epoch 27 Batch 12 | Loss: 0.591096
Epoch 27 Batch 13 | Loss: 0.582543
  [STABILITY] Plateau detected. Reducing Learning Rate to 0.000313
--- Epoch 27/30 | Loss: 0.5698 | Train Acc: 72.0% | Test Acc: 68.0% | CM: [TP:70, TN:47, FP:39, FN:16] | Progress: 90.0% | ETA: 0.7s ---
Epoch 28 Batch 1 | Loss: 0.549480 | Stats: min: -0.242, max: 0.327, mean: 0.062
Epoch 28 Batch 2 | Loss: 0.594114
Epoch 28 Batch 3 | Loss: 0.563890
Epoch 28 Batch 4 | Loss: 0.519244
Epoch 28 Batch 5 | Loss: 0.600824
Epoch 28 Batch 6 | Loss: 0.579787
Epoch 28 Batch 7 | Loss: 0.515295
Epoch 28 Batch 8 | Loss: 0.546957
Epoch 28 Batch 9 | Loss: 0.567227
Epoch 28 Batch 10 | Loss: 0.589771
Epoch 28 Batch 11 | Loss: 0.571781
Epoch 28 Batch 12 | Loss: 0.604536
Epoch 28 Batch 13 | Loss: 0.627714
--- Epoch 28/30 | Loss: 0.5716 | Train Acc: 72.0% | Test Acc: 68.0% | CM: [TP:70, TN:47, FP:39, FN:16] | Progress: 93.3% | ETA: 0.5s ---
Epoch 29 Batch 1 | Loss: 0.558520 | Stats: min: -0.351, max: 0.109, mean: -0.106
Epoch 29 Batch 2 | Loss: 0.560086
Epoch 29 Batch 3 | Loss: 0.542452
Epoch 29 Batch 4 | Loss: 0.572311
Epoch 29 Batch 5 | Loss: 0.599160
Epoch 29 Batch 6 | Loss: 0.605824
Epoch 29 Batch 7 | Loss: 0.554768
Epoch 29 Batch 8 | Loss: 0.572068
Epoch 29 Batch 9 | Loss: 0.558191
Epoch 29 Batch 10 | Loss: 0.577320
Epoch 29 Batch 11 | Loss: 0.568284
Epoch 29 Batch 12 | Loss: 0.555676
Epoch 29 Batch 13 | Loss: 0.580232
--- Epoch 29/30 | Loss: 0.5696 | Train Acc: 72.5% | Test Acc: 68.0% | CM: [TP:70, TN:47, FP:39, FN:16] | Progress: 96.7% | ETA: 0.2s ---
Epoch 30 Batch 1 | Loss: 0.602370 | Stats: min: 0.116, max: 0.391, mean: 0.222
Epoch 30 Batch 2 | Loss: 0.518918
Epoch 30 Batch 3 | Loss: 0.593898
Epoch 30 Batch 4 | Loss: 0.576426
Epoch 30 Batch 5 | Loss: 0.578110
Epoch 30 Batch 6 | Loss: 0.570917
Epoch 30 Batch 7 | Loss: 0.550958
Epoch 30 Batch 8 | Loss: 0.531119
Epoch 30 Batch 9 | Loss: 0.594715
Epoch 30 Batch 10 | Loss: 0.544684
Epoch 30 Batch 11 | Loss: 0.597189
Epoch 30 Batch 12 | Loss: 0.551923
Epoch 30 Batch 13 | Loss: 0.609629
  [STABILITY] Plateau detected. Reducing Learning Rate to 0.000156
--- Epoch 30/30 | Loss: 0.5708 | Train Acc: 72.5% | Test Acc: 68.6% | CM: [TP:71, TN:47, FP:39, FN:15] | Progress: 100.0% | ETA: 0.0s ---

Final Best Test Accuracy: 70.35%


Best Quantum Test Accuracy: 0.703
