DEBUG: Qtrainer enters train_pure_quantum_cnn. Encoding: amplitude
  Class Weights: +1 (Target): 1.00 | -1 (Rest): 1.00
Starting Training
==================================================
Epoch 1 Batch 1 | Loss: 0.735445 | Stats: min: -0.023, max: 0.032, mean: 0.003
Epoch 1 Batch 2 | Loss: 0.668426
Epoch 1 Batch 3 | Loss: 0.661484
Epoch 1 Batch 4 | Loss: 0.655500
Epoch 1 Batch 5 | Loss: 0.650623
Epoch 1 Batch 6 | Loss: 0.664133
Epoch 1 Batch 7 | Loss: 0.642820
Epoch 1 Batch 8 | Loss: 0.631837
Epoch 1 Batch 9 | Loss: 0.654805
Epoch 1 Batch 10 | Loss: 0.643015
Epoch 1 Batch 11 | Loss: 0.655650
Epoch 1 Batch 12 | Loss: 0.648880
Epoch 1 Batch 13 | Loss: 0.608205
  [STABILITY] Test accuracy improved: 0.00% -> 48.84% (via EMA). Saving best params.
--- Epoch 1/30 | Loss: 0.6554 | Train Acc: 44.5% | Test Acc: 48.8% | CM: [TP:23, TN:61, FP:25, FN:63] | Progress: 3.3% | ETA: 194.2s ---
Epoch 2 Batch 1 | Loss: 0.633581 | Stats: min: -0.206, max: 0.146, mean: 0.010
Epoch 2 Batch 2 | Loss: 0.602420
Epoch 2 Batch 3 | Loss: 0.617264
Epoch 2 Batch 4 | Loss: 0.595645
Epoch 2 Batch 5 | Loss: 0.613359
Epoch 2 Batch 6 | Loss: 0.609918
Epoch 2 Batch 7 | Loss: 0.610704
Epoch 2 Batch 8 | Loss: 0.588675
Epoch 2 Batch 9 | Loss: 0.635066
Epoch 2 Batch 10 | Loss: 0.611032
Epoch 2 Batch 11 | Loss: 0.604432
Epoch 2 Batch 12 | Loss: 0.574124
Epoch 2 Batch 13 | Loss: 0.563082
  [STABILITY] Test accuracy improved: 48.84% -> 55.23% (via EMA). Saving best params.
--- Epoch 2/30 | Loss: 0.6046 | Train Acc: 55.5% | Test Acc: 55.2% | CM: [TP:38, TN:57, FP:29, FN:48] | Progress: 6.7% | ETA: 90.6s ---
Epoch 3 Batch 1 | Loss: 0.598045 | Stats: min: -0.118, max: 0.239, mean: 0.005
Epoch 3 Batch 2 | Loss: 0.592524
Epoch 3 Batch 3 | Loss: 0.570336
Epoch 3 Batch 4 | Loss: 0.607325
Epoch 3 Batch 5 | Loss: 0.604339
Epoch 3 Batch 6 | Loss: 0.563556
Epoch 3 Batch 7 | Loss: 0.564127
Epoch 3 Batch 8 | Loss: 0.574816
Epoch 3 Batch 9 | Loss: 0.554731
Epoch 3 Batch 10 | Loss: 0.557375
Epoch 3 Batch 11 | Loss: 0.584712
Epoch 3 Batch 12 | Loss: 0.608666
Epoch 3 Batch 13 | Loss: 0.530643
  [STABILITY] Test accuracy improved: 55.23% -> 65.70% (via EMA). Saving best params.
--- Epoch 3/30 | Loss: 0.5778 | Train Acc: 65.5% | Test Acc: 65.7% | CM: [TP:56, TN:57, FP:29, FN:30] | Progress: 10.0% | ETA: 59.8s ---
Epoch 4 Batch 1 | Loss: 0.578498 | Stats: min: -0.110, max: 0.167, mean: -0.004
Epoch 4 Batch 2 | Loss: 0.552098
Epoch 4 Batch 3 | Loss: 0.573173
Epoch 4 Batch 4 | Loss: 0.532034
Epoch 4 Batch 5 | Loss: 0.540184
Epoch 4 Batch 6 | Loss: 0.575595
Epoch 4 Batch 7 | Loss: 0.564274
Epoch 4 Batch 8 | Loss: 0.583228
Epoch 4 Batch 9 | Loss: 0.546608
Epoch 4 Batch 10 | Loss: 0.564954
Epoch 4 Batch 11 | Loss: 0.619068
Epoch 4 Batch 12 | Loss: 0.592287
Epoch 4 Batch 13 | Loss: 0.573661
  [STABILITY] Test accuracy improved: 65.70% -> 73.26% (via EMA). Saving best params.
--- Epoch 4/30 | Loss: 0.5689 | Train Acc: 74.5% | Test Acc: 73.3% | CM: [TP:67, TN:59, FP:27, FN:19] | Progress: 13.3% | ETA: 42.7s ---
Epoch 5 Batch 1 | Loss: 0.556817 | Stats: min: -0.166, max: 0.339, mean: 0.074
Epoch 5 Batch 2 | Loss: 0.521833
Epoch 5 Batch 3 | Loss: 0.560832
Epoch 5 Batch 4 | Loss: 0.566791
Epoch 5 Batch 5 | Loss: 0.560299
Epoch 5 Batch 6 | Loss: 0.549387
Epoch 5 Batch 7 | Loss: 0.528548
Epoch 5 Batch 8 | Loss: 0.544855
Epoch 5 Batch 9 | Loss: 0.589144
Epoch 5 Batch 10 | Loss: 0.534915
Epoch 5 Batch 11 | Loss: 0.543287
Epoch 5 Batch 12 | Loss: 0.596104
Epoch 5 Batch 13 | Loss: 0.590987
  [STABILITY] Test accuracy improved: 73.26% -> 76.74% (via EMA). Saving best params.
--- Epoch 5/30 | Loss: 0.5572 | Train Acc: 79.5% | Test Acc: 76.7% | CM: [TP:68, TN:64, FP:22, FN:18] | Progress: 16.7% | ETA: 32.7s ---
Epoch 6 Batch 1 | Loss: 0.529289 | Stats: min: -0.160, max: 0.335, mean: 0.139
Epoch 6 Batch 2 | Loss: 0.583938
Epoch 6 Batch 3 | Loss: 0.519051
Epoch 6 Batch 4 | Loss: 0.548840
Epoch 6 Batch 5 | Loss: 0.564772
Epoch 6 Batch 6 | Loss: 0.572511
Epoch 6 Batch 7 | Loss: 0.566381
Epoch 6 Batch 8 | Loss: 0.537880
Epoch 6 Batch 9 | Loss: 0.528452
Epoch 6 Batch 10 | Loss: 0.569838
Epoch 6 Batch 11 | Loss: 0.535304
Epoch 6 Batch 12 | Loss: 0.519012
Epoch 6 Batch 13 | Loss: 0.591016
  [STABILITY] Test accuracy improved: 76.74% -> 79.07% (via EMA). Saving best params.
--- Epoch 6/30 | Loss: 0.5513 | Train Acc: 82.0% | Test Acc: 79.1% | CM: [TP:69, TN:67, FP:19, FN:17] | Progress: 20.0% | ETA: 25.8s ---
Epoch 7 Batch 1 | Loss: 0.547633 | Stats: min: -0.208, max: 0.271, mean: 0.038
Epoch 7 Batch 2 | Loss: 0.526164
Epoch 7 Batch 3 | Loss: 0.540979
Epoch 7 Batch 4 | Loss: 0.526386
Epoch 7 Batch 5 | Loss: 0.555506
Epoch 7 Batch 6 | Loss: 0.518144
Epoch 7 Batch 7 | Loss: 0.571557
Epoch 7 Batch 8 | Loss: 0.514330
Epoch 7 Batch 9 | Loss: 0.517681
Epoch 7 Batch 10 | Loss: 0.525723
Epoch 7 Batch 11 | Loss: 0.578272
Epoch 7 Batch 12 | Loss: 0.530821
Epoch 7 Batch 13 | Loss: 0.528509
  [STABILITY] Test accuracy improved: 79.07% -> 79.65% (via EMA). Saving best params.
--- Epoch 7/30 | Loss: 0.5371 | Train Acc: 85.0% | Test Acc: 79.7% | CM: [TP:67, TN:70, FP:16, FN:19] | Progress: 23.3% | ETA: 21.4s ---
Epoch 8 Batch 1 | Loss: 0.529152 | Stats: min: -0.281, max: 0.287, mean: -0.037
Epoch 8 Batch 2 | Loss: 0.504090
Epoch 8 Batch 3 | Loss: 0.558489
Epoch 8 Batch 4 | Loss: 0.546721
Epoch 8 Batch 5 | Loss: 0.558394
Epoch 8 Batch 6 | Loss: 0.502967
Epoch 8 Batch 7 | Loss: 0.561433
Epoch 8 Batch 8 | Loss: 0.541448
Epoch 8 Batch 9 | Loss: 0.495855
Epoch 8 Batch 10 | Loss: 0.492902
Epoch 8 Batch 11 | Loss: 0.546589
Epoch 8 Batch 12 | Loss: 0.526421
Epoch 8 Batch 13 | Loss: 0.536115
  [STABILITY] Test accuracy improved: 79.65% -> 82.56% (via EMA). Saving best params.
--- Epoch 8/30 | Loss: 0.5308 | Train Acc: 84.5% | Test Acc: 82.6% | CM: [TP:69, TN:73, FP:13, FN:17] | Progress: 26.7% | ETA: 18.0s ---
Epoch 9 Batch 1 | Loss: 0.535887 | Stats: min: -0.192, max: 0.446, mean: 0.011
Epoch 9 Batch 2 | Loss: 0.542968
Epoch 9 Batch 3 | Loss: 0.547253
Epoch 9 Batch 4 | Loss: 0.536715
Epoch 9 Batch 5 | Loss: 0.502423
Epoch 9 Batch 6 | Loss: 0.531854
Epoch 9 Batch 7 | Loss: 0.515453
Epoch 9 Batch 8 | Loss: 0.518432
Epoch 9 Batch 9 | Loss: 0.548217
Epoch 9 Batch 10 | Loss: 0.492630
Epoch 9 Batch 11 | Loss: 0.495002
Epoch 9 Batch 12 | Loss: 0.527892
Epoch 9 Batch 13 | Loss: 0.577021
--- Epoch 9/30 | Loss: 0.5286 | Train Acc: 86.5% | Test Acc: 82.0% | CM: [TP:68, TN:73, FP:13, FN:18] | Progress: 30.0% | ETA: 20.1s ---
Epoch 10 Batch 1 | Loss: 0.519557 | Stats: min: -0.150, max: 0.290, mean: 0.036
Epoch 10 Batch 2 | Loss: 0.535304
Epoch 10 Batch 3 | Loss: 0.522917
Epoch 10 Batch 4 | Loss: 0.503324
Epoch 10 Batch 5 | Loss: 0.521325
Epoch 10 Batch 6 | Loss: 0.494691
Epoch 10 Batch 7 | Loss: 0.499889
Epoch 10 Batch 8 | Loss: 0.554544
Epoch 10 Batch 9 | Loss: 0.502276
Epoch 10 Batch 10 | Loss: 0.527671
Epoch 10 Batch 11 | Loss: 0.521209
Epoch 10 Batch 12 | Loss: 0.517575
Epoch 10 Batch 13 | Loss: 0.597854
--- Epoch 10/30 | Loss: 0.5245 | Train Acc: 86.0% | Test Acc: 81.4% | CM: [TP:67, TN:73, FP:13, FN:19] | Progress: 33.3% | ETA: 18.9s ---
Epoch 11 Batch 1 | Loss: 0.474238 | Stats: min: -0.194, max: 0.423, mean: 0.154
Epoch 11 Batch 2 | Loss: 0.498072
Epoch 11 Batch 3 | Loss: 0.545742
Epoch 11 Batch 4 | Loss: 0.489400
Epoch 11 Batch 5 | Loss: 0.498441
Epoch 11 Batch 6 | Loss: 0.516749
Epoch 11 Batch 7 | Loss: 0.544927
Epoch 11 Batch 8 | Loss: 0.550659
Epoch 11 Batch 9 | Loss: 0.493220
Epoch 11 Batch 10 | Loss: 0.539853
Epoch 11 Batch 11 | Loss: 0.516742
Epoch 11 Batch 12 | Loss: 0.525277
Epoch 11 Batch 13 | Loss: 0.554236
  [STABILITY] Plateau detected. Reducing Learning Rate to 0.010000
--- Epoch 11/30 | Loss: 0.5190 | Train Acc: 86.5% | Test Acc: 80.8% | CM: [TP:67, TN:72, FP:14, FN:19] | Progress: 36.7% | ETA: 18.2s ---
Epoch 12 Batch 1 | Loss: 0.512158 | Stats: min: -0.230, max: 0.477, mean: 0.033
Epoch 12 Batch 2 | Loss: 0.539073
Epoch 12 Batch 3 | Loss: 0.521527
Epoch 12 Batch 4 | Loss: 0.502443
Epoch 12 Batch 5 | Loss: 0.496869
Epoch 12 Batch 6 | Loss: 0.515014
Epoch 12 Batch 7 | Loss: 0.541711
Epoch 12 Batch 8 | Loss: 0.533191
Epoch 12 Batch 9 | Loss: 0.506350
Epoch 12 Batch 10 | Loss: 0.510900
Epoch 12 Batch 11 | Loss: 0.503282
Epoch 12 Batch 12 | Loss: 0.469009
Epoch 12 Batch 13 | Loss: 0.537650
--- Epoch 12/30 | Loss: 0.5146 | Train Acc: 88.0% | Test Acc: 82.0% | CM: [TP:70, TN:71, FP:15, FN:16] | Progress: 40.0% | ETA: 10.4s ---
Epoch 13 Batch 1 | Loss: 0.534497 | Stats: min: -0.259, max: 0.425, mean: -0.041
Epoch 13 Batch 2 | Loss: 0.519435
Epoch 13 Batch 3 | Loss: 0.518105
Epoch 13 Batch 4 | Loss: 0.537146
Epoch 13 Batch 5 | Loss: 0.493884
Epoch 13 Batch 6 | Loss: 0.495142
Epoch 13 Batch 7 | Loss: 0.529273
Epoch 13 Batch 8 | Loss: 0.491937
Epoch 13 Batch 9 | Loss: 0.484919
Epoch 13 Batch 10 | Loss: 0.496099
Epoch 13 Batch 11 | Loss: 0.514386
Epoch 13 Batch 12 | Loss: 0.515821
Epoch 13 Batch 13 | Loss: 0.578152
  [STABILITY] Test accuracy improved: 82.56% -> 83.72% (via EMA). Saving best params.
--- Epoch 13/30 | Loss: 0.5161 | Train Acc: 88.0% | Test Acc: 83.7% | CM: [TP:73, TN:71, FP:15, FN:13] | Progress: 43.3% | ETA: 9.1s ---
Epoch 14 Batch 1 | Loss: 0.495632 | Stats: min: -0.292, max: 0.544, mean: 0.021
Epoch 14 Batch 2 | Loss: 0.515431
Epoch 14 Batch 3 | Loss: 0.489827
Epoch 14 Batch 4 | Loss: 0.504994
Epoch 14 Batch 5 | Loss: 0.497867
Epoch 14 Batch 6 | Loss: 0.507799
Epoch 14 Batch 7 | Loss: 0.514595
Epoch 14 Batch 8 | Loss: 0.541746
Epoch 14 Batch 9 | Loss: 0.518184
Epoch 14 Batch 10 | Loss: 0.503762
Epoch 14 Batch 11 | Loss: 0.566460
Epoch 14 Batch 12 | Loss: 0.467585
Epoch 14 Batch 13 | Loss: 0.508537
--- Epoch 14/30 | Loss: 0.5102 | Train Acc: 88.0% | Test Acc: 83.7% | CM: [TP:73, TN:71, FP:15, FN:13] | Progress: 46.7% | ETA: 7.8s ---
Epoch 15 Batch 1 | Loss: 0.514280 | Stats: min: -0.258, max: 0.528, mean: -0.027
Epoch 15 Batch 2 | Loss: 0.499660
Epoch 15 Batch 3 | Loss: 0.484147
Epoch 15 Batch 4 | Loss: 0.526456
Epoch 15 Batch 5 | Loss: 0.509526
Epoch 15 Batch 6 | Loss: 0.493240
Epoch 15 Batch 7 | Loss: 0.527037
Epoch 15 Batch 8 | Loss: 0.524444
Epoch 15 Batch 9 | Loss: 0.532743
Epoch 15 Batch 10 | Loss: 0.509046
Epoch 15 Batch 11 | Loss: 0.495366
Epoch 15 Batch 12 | Loss: 0.495092
Epoch 15 Batch 13 | Loss: 0.526118
--- Epoch 15/30 | Loss: 0.5106 | Train Acc: 87.5% | Test Acc: 83.7% | CM: [TP:74, TN:70, FP:16, FN:12] | Progress: 50.0% | ETA: 6.9s ---
Epoch 16 Batch 1 | Loss: 0.523234 | Stats: min: -0.218, max: 0.387, mean: 0.032
Epoch 16 Batch 2 | Loss: 0.535901
Epoch 16 Batch 3 | Loss: 0.507287
Epoch 16 Batch 4 | Loss: 0.488676
Epoch 16 Batch 5 | Loss: 0.500896
Epoch 16 Batch 6 | Loss: 0.531467
Epoch 16 Batch 7 | Loss: 0.516463
Epoch 16 Batch 8 | Loss: 0.473577
Epoch 16 Batch 9 | Loss: 0.496708
Epoch 16 Batch 10 | Loss: 0.506575
Epoch 16 Batch 11 | Loss: 0.510593
Epoch 16 Batch 12 | Loss: 0.512407
Epoch 16 Batch 13 | Loss: 0.539774
  [STABILITY] Plateau detected. Reducing Learning Rate to 0.005000
--- Epoch 16/30 | Loss: 0.5110 | Train Acc: 87.0% | Test Acc: 83.1% | CM: [TP:75, TN:68, FP:18, FN:11] | Progress: 53.3% | ETA: 5.9s ---
Epoch 17 Batch 1 | Loss: 0.492435 | Stats: min: -0.164, max: 0.356, mean: 0.060
Epoch 17 Batch 2 | Loss: 0.493939
Epoch 17 Batch 3 | Loss: 0.504508
Epoch 17 Batch 4 | Loss: 0.495275
Epoch 17 Batch 5 | Loss: 0.557818
Epoch 17 Batch 6 | Loss: 0.503755
Epoch 17 Batch 7 | Loss: 0.512735
Epoch 17 Batch 8 | Loss: 0.516332
Epoch 17 Batch 9 | Loss: 0.576064
Epoch 17 Batch 10 | Loss: 0.485328
Epoch 17 Batch 11 | Loss: 0.500135
Epoch 17 Batch 12 | Loss: 0.505325
Epoch 17 Batch 13 | Loss: 0.478352
  [STABILITY] Test accuracy improved: 83.72% -> 84.30% (via EMA). Saving best params.
--- Epoch 17/30 | Loss: 0.5094 | Train Acc: 87.5% | Test Acc: 84.3% | CM: [TP:76, TN:69, FP:17, FN:10] | Progress: 56.7% | ETA: 5.8s ---
Epoch 18 Batch 1 | Loss: 0.514146 | Stats: min: -0.095, max: 0.381, mean: 0.128
Epoch 18 Batch 2 | Loss: 0.550614
Epoch 18 Batch 3 | Loss: 0.514476
Epoch 18 Batch 4 | Loss: 0.506071
Epoch 18 Batch 5 | Loss: 0.518254
Epoch 18 Batch 6 | Loss: 0.527029
Epoch 18 Batch 7 | Loss: 0.500362
Epoch 18 Batch 8 | Loss: 0.481810
Epoch 18 Batch 9 | Loss: 0.525024
Epoch 18 Batch 10 | Loss: 0.490129
Epoch 18 Batch 11 | Loss: 0.467805
Epoch 18 Batch 12 | Loss: 0.485336
Epoch 18 Batch 13 | Loss: 0.514260
  [STABILITY] Test accuracy improved: 84.30% -> 84.88% (via EMA). Saving best params.
--- Epoch 18/30 | Loss: 0.5073 | Train Acc: 87.5% | Test Acc: 84.9% | CM: [TP:77, TN:69, FP:17, FN:9] | Progress: 60.0% | ETA: 8.1s ---
Epoch 19 Batch 1 | Loss: 0.505480 | Stats: min: -0.328, max: 0.272, mean: -0.045
Epoch 19 Batch 2 | Loss: 0.473697
Epoch 19 Batch 3 | Loss: 0.534434
Epoch 19 Batch 4 | Loss: 0.483022
Epoch 19 Batch 5 | Loss: 0.467904
Epoch 19 Batch 6 | Loss: 0.468534
Epoch 19 Batch 7 | Loss: 0.515759
Epoch 19 Batch 8 | Loss: 0.524221
Epoch 19 Batch 9 | Loss: 0.524908
Epoch 19 Batch 10 | Loss: 0.530718
Epoch 19 Batch 11 | Loss: 0.522205
Epoch 19 Batch 12 | Loss: 0.524093
Epoch 19 Batch 13 | Loss: 0.482703
--- Epoch 19/30 | Loss: 0.5044 | Train Acc: 87.5% | Test Acc: 84.9% | CM: [TP:77, TN:69, FP:17, FN:9] | Progress: 63.3% | ETA: 5.1s ---
Epoch 20 Batch 1 | Loss: 0.499148 | Stats: min: -0.304, max: 0.362, mean: -0.112
Epoch 20 Batch 2 | Loss: 0.505959
Epoch 20 Batch 3 | Loss: 0.512134
Epoch 20 Batch 4 | Loss: 0.504409
Epoch 20 Batch 5 | Loss: 0.542394
Epoch 20 Batch 6 | Loss: 0.483894
Epoch 20 Batch 7 | Loss: 0.476249
Epoch 20 Batch 8 | Loss: 0.519154
Epoch 20 Batch 9 | Loss: 0.508833
Epoch 20 Batch 10 | Loss: 0.494627
Epoch 20 Batch 11 | Loss: 0.531219
Epoch 20 Batch 12 | Loss: 0.485504
Epoch 20 Batch 13 | Loss: 0.519000
--- Epoch 20/30 | Loss: 0.5063 | Train Acc: 88.0% | Test Acc: 84.9% | CM: [TP:77, TN:69, FP:17, FN:9] | Progress: 66.7% | ETA: 5.9s ---
Epoch 21 Batch 1 | Loss: 0.474525 | Stats: min: -0.299, max: 0.362, mean: -0.056
Epoch 21 Batch 2 | Loss: 0.509770
Epoch 21 Batch 3 | Loss: 0.529899
Epoch 21 Batch 4 | Loss: 0.491409
Epoch 21 Batch 5 | Loss: 0.561352
Epoch 21 Batch 6 | Loss: 0.488347
Epoch 21 Batch 7 | Loss: 0.517061
Epoch 21 Batch 8 | Loss: 0.504776
Epoch 21 Batch 9 | Loss: 0.502646
Epoch 21 Batch 10 | Loss: 0.510268
Epoch 21 Batch 11 | Loss: 0.485662
Epoch 21 Batch 12 | Loss: 0.501476
Epoch 21 Batch 13 | Loss: 0.465576
  [STABILITY] Plateau detected. Reducing Learning Rate to 0.002500
--- Epoch 21/30 | Loss: 0.5033 | Train Acc: 88.0% | Test Acc: 84.9% | CM: [TP:77, TN:69, FP:17, FN:9] | Progress: 70.0% | ETA: 4.7s ---
Epoch 22 Batch 1 | Loss: 0.491292 | Stats: min: -0.312, max: 0.469, mean: -0.061
Epoch 22 Batch 2 | Loss: 0.537161
Epoch 22 Batch 3 | Loss: 0.501935
Epoch 22 Batch 4 | Loss: 0.476902
Epoch 22 Batch 5 | Loss: 0.473591
Epoch 22 Batch 6 | Loss: 0.502064
Epoch 22 Batch 7 | Loss: 0.485471
Epoch 22 Batch 8 | Loss: 0.514782
Epoch 22 Batch 9 | Loss: 0.516245
Epoch 22 Batch 10 | Loss: 0.534791
Epoch 22 Batch 11 | Loss: 0.502698
Epoch 22 Batch 12 | Loss: 0.499103
Epoch 22 Batch 13 | Loss: 0.528763
--- Epoch 22/30 | Loss: 0.5050 | Train Acc: 88.5% | Test Acc: 84.9% | CM: [TP:76, TN:70, FP:16, FN:10] | Progress: 73.3% | ETA: 4.9s ---
Epoch 23 Batch 1 | Loss: 0.523416 | Stats: min: -0.155, max: 0.503, mean: 0.110
Epoch 23 Batch 2 | Loss: 0.464921
Epoch 23 Batch 3 | Loss: 0.526827
Epoch 23 Batch 4 | Loss: 0.478096
Epoch 23 Batch 5 | Loss: 0.487330
Epoch 23 Batch 6 | Loss: 0.496327
Epoch 23 Batch 7 | Loss: 0.525210
Epoch 23 Batch 8 | Loss: 0.505931
Epoch 23 Batch 9 | Loss: 0.508512
Epoch 23 Batch 10 | Loss: 0.477025
Epoch 23 Batch 11 | Loss: 0.539511
Epoch 23 Batch 12 | Loss: 0.512724
Epoch 23 Batch 13 | Loss: 0.499301
--- Epoch 23/30 | Loss: 0.5035 | Train Acc: 88.5% | Test Acc: 83.7% | CM: [TP:76, TN:68, FP:18, FN:10] | Progress: 76.7% | ETA: 3.2s ---
Epoch 24 Batch 1 | Loss: 0.496417 | Stats: min: -0.264, max: 0.516, mean: 0.064
Epoch 24 Batch 2 | Loss: 0.526634
Epoch 24 Batch 3 | Loss: 0.474993
Epoch 24 Batch 4 | Loss: 0.544074
Epoch 24 Batch 5 | Loss: 0.483101
Epoch 24 Batch 6 | Loss: 0.541212
Epoch 24 Batch 7 | Loss: 0.522904
Epoch 24 Batch 8 | Loss: 0.500096
Epoch 24 Batch 9 | Loss: 0.473272
Epoch 24 Batch 10 | Loss: 0.491367
Epoch 24 Batch 11 | Loss: 0.523353
Epoch 24 Batch 12 | Loss: 0.485781
Epoch 24 Batch 13 | Loss: 0.465724
  [STABILITY] Plateau detected. Reducing Learning Rate to 0.001250
--- Epoch 24/30 | Loss: 0.5022 | Train Acc: 88.5% | Test Acc: 83.7% | CM: [TP:76, TN:68, FP:18, FN:10] | Progress: 80.0% | ETA: 2.9s ---
Epoch 25 Batch 1 | Loss: 0.496003 | Stats: min: -0.381, max: 0.504, mean: 0.038
Epoch 25 Batch 2 | Loss: 0.566820
Epoch 25 Batch 3 | Loss: 0.505300
Epoch 25 Batch 4 | Loss: 0.471465
Epoch 25 Batch 5 | Loss: 0.503430
Epoch 25 Batch 6 | Loss: 0.522757
Epoch 25 Batch 7 | Loss: 0.462941
Epoch 25 Batch 8 | Loss: 0.509095
Epoch 25 Batch 9 | Loss: 0.476898
Epoch 25 Batch 10 | Loss: 0.516581
Epoch 25 Batch 11 | Loss: 0.486537
Epoch 25 Batch 12 | Loss: 0.498286
Epoch 25 Batch 13 | Loss: 0.550730
--- Epoch 25/30 | Loss: 0.5051 | Train Acc: 88.5% | Test Acc: 83.7% | CM: [TP:76, TN:68, FP:18, FN:10] | Progress: 83.3% | ETA: 2.3s ---
Epoch 26 Batch 1 | Loss: 0.478257 | Stats: min: -0.316, max: 0.463, mean: 0.252
Epoch 26 Batch 2 | Loss: 0.505106
Epoch 26 Batch 3 | Loss: 0.502441
Epoch 26 Batch 4 | Loss: 0.474707
Epoch 26 Batch 5 | Loss: 0.532985
Epoch 26 Batch 6 | Loss: 0.508776
Epoch 26 Batch 7 | Loss: 0.519146
Epoch 26 Batch 8 | Loss: 0.499938
Epoch 26 Batch 9 | Loss: 0.536695
Epoch 26 Batch 10 | Loss: 0.484082
Epoch 26 Batch 11 | Loss: 0.482063
Epoch 26 Batch 12 | Loss: 0.488521
Epoch 26 Batch 13 | Loss: 0.552465
--- Epoch 26/30 | Loss: 0.5050 | Train Acc: 88.5% | Test Acc: 83.7% | CM: [TP:76, TN:68, FP:18, FN:10] | Progress: 86.7% | ETA: 1.9s ---
Epoch 27 Batch 1 | Loss: 0.526472 | Stats: min: -0.370, max: 0.397, mean: 0.070
Epoch 27 Batch 2 | Loss: 0.479020
Epoch 27 Batch 3 | Loss: 0.505802
Epoch 27 Batch 4 | Loss: 0.477825
Epoch 27 Batch 5 | Loss: 0.535531
Epoch 27 Batch 6 | Loss: 0.509522
Epoch 27 Batch 7 | Loss: 0.515874
Epoch 27 Batch 8 | Loss: 0.504950
Epoch 27 Batch 9 | Loss: 0.515318
Epoch 27 Batch 10 | Loss: 0.498069
Epoch 27 Batch 11 | Loss: 0.480247
Epoch 27 Batch 12 | Loss: 0.490079
Epoch 27 Batch 13 | Loss: 0.492506
  [STABILITY] Plateau detected. Reducing Learning Rate to 0.000625
--- Epoch 27/30 | Loss: 0.5024 | Train Acc: 89.0% | Test Acc: 83.7% | CM: [TP:76, TN:68, FP:18, FN:10] | Progress: 90.0% | ETA: 1.3s ---
Epoch 28 Batch 1 | Loss: 0.496809 | Stats: min: -0.376, max: 0.309, mean: 0.098
Epoch 28 Batch 2 | Loss: 0.486764
Epoch 28 Batch 3 | Loss: 0.525447
Epoch 28 Batch 4 | Loss: 0.486276
Epoch 28 Batch 5 | Loss: 0.460477
Epoch 28 Batch 6 | Loss: 0.525346
Epoch 28 Batch 7 | Loss: 0.549863
Epoch 28 Batch 8 | Loss: 0.499589
Epoch 28 Batch 9 | Loss: 0.465787
Epoch 28 Batch 10 | Loss: 0.521855
Epoch 28 Batch 11 | Loss: 0.486196
Epoch 28 Batch 12 | Loss: 0.523642
Epoch 28 Batch 13 | Loss: 0.513569
--- Epoch 28/30 | Loss: 0.5032 | Train Acc: 89.5% | Test Acc: 83.7% | CM: [TP:76, TN:68, FP:18, FN:10] | Progress: 93.3% | ETA: 0.8s ---
Epoch 29 Batch 1 | Loss: 0.472705 | Stats: min: -0.322, max: 0.357, mean: -0.074
Epoch 29 Batch 2 | Loss: 0.511655
Epoch 29 Batch 3 | Loss: 0.511804
Epoch 29 Batch 4 | Loss: 0.517385
Epoch 29 Batch 5 | Loss: 0.521445
Epoch 29 Batch 6 | Loss: 0.492809
Epoch 29 Batch 7 | Loss: 0.460812
Epoch 29 Batch 8 | Loss: 0.491155
Epoch 29 Batch 9 | Loss: 0.500192
Epoch 29 Batch 10 | Loss: 0.529840
Epoch 29 Batch 11 | Loss: 0.506992
Epoch 29 Batch 12 | Loss: 0.506319
Epoch 29 Batch 13 | Loss: 0.521245
--- Epoch 29/30 | Loss: 0.5034 | Train Acc: 89.5% | Test Acc: 82.6% | CM: [TP:75, TN:67, FP:19, FN:11] | Progress: 96.7% | ETA: 0.4s ---
Epoch 30 Batch 1 | Loss: 0.498235 | Stats: min: 0.001, max: 0.393, mean: 0.290
Epoch 30 Batch 2 | Loss: 0.476578
Epoch 30 Batch 3 | Loss: 0.505610
Epoch 30 Batch 4 | Loss: 0.506054
Epoch 30 Batch 5 | Loss: 0.493749
Epoch 30 Batch 6 | Loss: 0.524526
Epoch 30 Batch 7 | Loss: 0.495525
Epoch 30 Batch 8 | Loss: 0.450127
Epoch 30 Batch 9 | Loss: 0.518148
Epoch 30 Batch 10 | Loss: 0.546686
Epoch 30 Batch 11 | Loss: 0.478747
Epoch 30 Batch 12 | Loss: 0.484677
Epoch 30 Batch 13 | Loss: 0.615782
  [STABILITY] Plateau detected. Reducing Learning Rate to 0.000313
--- Epoch 30/30 | Loss: 0.5073 | Train Acc: 89.5% | Test Acc: 83.1% | CM: [TP:75, TN:68, FP:18, FN:11] | Progress: 100.0% | ETA: 0.0s ---

Final Best Test Accuracy: 84.88%


Best Quantum Test Accuracy: 0.849
