DEBUG: Qtrainer enters train_pure_quantum_cnn. Encoding: amplitude
  Class Weights: +1 (Target): 1.00 | -1 (Rest): 1.00
Starting Training
==================================================
Epoch 1 Batch 1 | Loss: 0.777831 | Stats: min: -0.122, max: -0.007, mean: -0.078
Epoch 1 Batch 2 | Loss: 0.709522
Epoch 1 Batch 3 | Loss: 0.676454
Epoch 1 Batch 4 | Loss: 0.656778
Epoch 1 Batch 5 | Loss: 0.625636
Epoch 1 Batch 6 | Loss: 0.642145
Epoch 1 Batch 7 | Loss: 0.590806
Epoch 1 Batch 8 | Loss: 0.589103
Epoch 1 Batch 9 | Loss: 0.601052
Epoch 1 Batch 10 | Loss: 0.550843
Epoch 1 Batch 11 | Loss: 0.546328
Epoch 1 Batch 12 | Loss: 0.563092
Epoch 1 Batch 13 | Loss: 0.533857
  [STABILITY] Test accuracy improved: 0.00% -> 49.42% (via EMA). Saving best params.
--- Epoch 1/30 | Loss: 0.6203 | Train Acc: 46.5% | Test Acc: 49.4% | CM: [TP:2, TN:83, FP:3, FN:84] | Progress: 3.3% | ETA: 364.6s ---
Epoch 2 Batch 1 | Loss: 0.496375 | Stats: min: -0.358, max: 0.228, mean: -0.133
Epoch 2 Batch 2 | Loss: 0.520332
Epoch 2 Batch 3 | Loss: 0.504693
Epoch 2 Batch 4 | Loss: 0.508640
Epoch 2 Batch 5 | Loss: 0.541624
Epoch 2 Batch 6 | Loss: 0.518270
Epoch 2 Batch 7 | Loss: 0.484362
Epoch 2 Batch 8 | Loss: 0.493277
Epoch 2 Batch 9 | Loss: 0.494936
Epoch 2 Batch 10 | Loss: 0.467233
Epoch 2 Batch 11 | Loss: 0.471455
Epoch 2 Batch 12 | Loss: 0.470082
Epoch 2 Batch 13 | Loss: 0.444832
  [STABILITY] Test accuracy improved: 49.42% -> 51.16% (via EMA). Saving best params.
--- Epoch 2/30 | Loss: 0.4935 | Train Acc: 48.5% | Test Acc: 51.2% | CM: [TP:2, TN:86, FP:0, FN:84] | Progress: 6.7% | ETA: 215.9s ---
Epoch 3 Batch 1 | Loss: 0.464495 | Stats: min: -0.386, max: 0.252, mean: -0.102
Epoch 3 Batch 2 | Loss: 0.475469
Epoch 3 Batch 3 | Loss: 0.464690
Epoch 3 Batch 4 | Loss: 0.439441
Epoch 3 Batch 5 | Loss: 0.443287
Epoch 3 Batch 6 | Loss: 0.430640
Epoch 3 Batch 7 | Loss: 0.445861
Epoch 3 Batch 8 | Loss: 0.457313
Epoch 3 Batch 9 | Loss: 0.435605
Epoch 3 Batch 10 | Loss: 0.450798
Epoch 3 Batch 11 | Loss: 0.444144
Epoch 3 Batch 12 | Loss: 0.470929
Epoch 3 Batch 13 | Loss: 0.408929
  [STABILITY] Test accuracy improved: 51.16% -> 51.74% (via EMA). Saving best params.
--- Epoch 3/30 | Loss: 0.4486 | Train Acc: 49.5% | Test Acc: 51.7% | CM: [TP:3, TN:86, FP:0, FN:83] | Progress: 10.0% | ETA: 143.9s ---
Epoch 4 Batch 1 | Loss: 0.447812 | Stats: min: -0.014, max: 0.362, mean: 0.256
Epoch 4 Batch 2 | Loss: 0.441369
Epoch 4 Batch 3 | Loss: 0.451454
Epoch 4 Batch 4 | Loss: 0.418810
Epoch 4 Batch 5 | Loss: 0.417456
Epoch 4 Batch 6 | Loss: 0.448353
Epoch 4 Batch 7 | Loss: 0.408003
Epoch 4 Batch 8 | Loss: 0.411948
Epoch 4 Batch 9 | Loss: 0.385591
Epoch 4 Batch 10 | Loss: 0.417975
Epoch 4 Batch 11 | Loss: 0.405887
Epoch 4 Batch 12 | Loss: 0.390242
Epoch 4 Batch 13 | Loss: 0.445354
  [STABILITY] Test accuracy improved: 51.74% -> 54.65% (via EMA). Saving best params.
--- Epoch 4/30 | Loss: 0.4223 | Train Acc: 56.5% | Test Acc: 54.7% | CM: [TP:8, TN:86, FP:0, FN:78] | Progress: 13.3% | ETA: 101.6s ---
Epoch 5 Batch 1 | Loss: 0.387426 | Stats: min: -0.515, max: 0.359, mean: -0.108
Epoch 5 Batch 2 | Loss: 0.392711
Epoch 5 Batch 3 | Loss: 0.405770
Epoch 5 Batch 4 | Loss: 0.400917
Epoch 5 Batch 5 | Loss: 0.389219
Epoch 5 Batch 6 | Loss: 0.362471
Epoch 5 Batch 7 | Loss: 0.409883
Epoch 5 Batch 8 | Loss: 0.393392
Epoch 5 Batch 9 | Loss: 0.394319
Epoch 5 Batch 10 | Loss: 0.412147
Epoch 5 Batch 11 | Loss: 0.412660
Epoch 5 Batch 12 | Loss: 0.399974
Epoch 5 Batch 13 | Loss: 0.384757
  [STABILITY] Test accuracy improved: 54.65% -> 80.23% (via EMA). Saving best params.
--- Epoch 5/30 | Loss: 0.3958 | Train Acc: 84.0% | Test Acc: 80.2% | CM: [TP:52, TN:86, FP:0, FN:34] | Progress: 16.7% | ETA: 53.5s ---
Epoch 6 Batch 1 | Loss: 0.353035 | Stats: min: -0.581, max: 0.308, mean: -0.323
Epoch 6 Batch 2 | Loss: 0.374689
Epoch 6 Batch 3 | Loss: 0.409996
Epoch 6 Batch 4 | Loss: 0.385521
Epoch 6 Batch 5 | Loss: 0.397702
Epoch 6 Batch 6 | Loss: 0.388097
Epoch 6 Batch 7 | Loss: 0.367115
Epoch 6 Batch 8 | Loss: 0.368581
Epoch 6 Batch 9 | Loss: 0.380352
Epoch 6 Batch 10 | Loss: 0.369396
Epoch 6 Batch 11 | Loss: 0.382402
Epoch 6 Batch 12 | Loss: 0.369311
Epoch 6 Batch 13 | Loss: 0.342642
  [STABILITY] Test accuracy improved: 80.23% -> 96.51% (via EMA). Saving best params.
--- Epoch 6/30 | Loss: 0.3761 | Train Acc: 95.0% | Test Acc: 96.5% | CM: [TP:81, TN:85, FP:1, FN:5] | Progress: 20.0% | ETA: 39.0s ---
Epoch 7 Batch 1 | Loss: 0.377666 | Stats: min: -0.516, max: 0.223, mean: -0.305
Epoch 7 Batch 2 | Loss: 0.391618
Epoch 7 Batch 3 | Loss: 0.341257
Epoch 7 Batch 4 | Loss: 0.379331
Epoch 7 Batch 5 | Loss: 0.348164
Epoch 7 Batch 6 | Loss: 0.391218
Epoch 7 Batch 7 | Loss: 0.370440
Epoch 7 Batch 8 | Loss: 0.349407
Epoch 7 Batch 9 | Loss: 0.344352
Epoch 7 Batch 10 | Loss: 0.343765
Epoch 7 Batch 11 | Loss: 0.330876
Epoch 7 Batch 12 | Loss: 0.359255
Epoch 7 Batch 13 | Loss: 0.326272
  [STABILITY] Test accuracy improved: 96.51% -> 98.26% (via EMA). Saving best params.
--- Epoch 7/30 | Loss: 0.3580 | Train Acc: 97.5% | Test Acc: 98.3% | CM: [TP:84, TN:85, FP:1, FN:2] | Progress: 23.3% | ETA: 33.6s ---
Epoch 8 Batch 1 | Loss: 0.337903 | Stats: min: -0.478, max: 0.514, mean: -0.046
Epoch 8 Batch 2 | Loss: 0.323855
Epoch 8 Batch 3 | Loss: 0.332492
Epoch 8 Batch 4 | Loss: 0.363460
Epoch 8 Batch 5 | Loss: 0.378135
Epoch 8 Batch 6 | Loss: 0.339024
Epoch 8 Batch 7 | Loss: 0.375624
Epoch 8 Batch 8 | Loss: 0.378018
Epoch 8 Batch 9 | Loss: 0.326627
Epoch 8 Batch 10 | Loss: 0.318503
Epoch 8 Batch 11 | Loss: 0.347551
Epoch 8 Batch 12 | Loss: 0.328305
Epoch 8 Batch 13 | Loss: 0.325619
--- Epoch 8/30 | Loss: 0.3442 | Train Acc: 98.5% | Test Acc: 98.3% | CM: [TP:84, TN:85, FP:1, FN:2] | Progress: 26.7% | ETA: 37.1s ---
Epoch 9 Batch 1 | Loss: 0.362320 | Stats: min: -0.125, max: 0.560, mean: 0.369
Epoch 9 Batch 2 | Loss: 0.328208
Epoch 9 Batch 3 | Loss: 0.320219
Epoch 9 Batch 4 | Loss: 0.357725
Epoch 9 Batch 5 | Loss: 0.326225
Epoch 9 Batch 6 | Loss: 0.329767
Epoch 9 Batch 7 | Loss: 0.316416
Epoch 9 Batch 8 | Loss: 0.311010
Epoch 9 Batch 9 | Loss: 0.321090
Epoch 9 Batch 10 | Loss: 0.346355
Epoch 9 Batch 11 | Loss: 0.319118
Epoch 9 Batch 12 | Loss: 0.332767
Epoch 9 Batch 13 | Loss: 0.330382
--- Epoch 9/30 | Loss: 0.3309 | Train Acc: 97.5% | Test Acc: 98.3% | CM: [TP:84, TN:85, FP:1, FN:2] | Progress: 30.0% | ETA: 32.5s ---
Epoch 10 Batch 1 | Loss: 0.322338 | Stats: min: 0.204, max: 0.509, mean: 0.331
Epoch 10 Batch 2 | Loss: 0.299536
Epoch 10 Batch 3 | Loss: 0.313361
Epoch 10 Batch 4 | Loss: 0.302035
Epoch 10 Batch 5 | Loss: 0.300521
Epoch 10 Batch 6 | Loss: 0.342598
Epoch 10 Batch 7 | Loss: 0.312451
Epoch 10 Batch 8 | Loss: 0.321264
Epoch 10 Batch 9 | Loss: 0.324235
Epoch 10 Batch 10 | Loss: 0.335433
Epoch 10 Batch 11 | Loss: 0.333268
Epoch 10 Batch 12 | Loss: 0.362731
Epoch 10 Batch 13 | Loss: 0.317363
  [STABILITY] Plateau detected. Reducing Learning Rate to 0.010000
--- Epoch 10/30 | Loss: 0.3221 | Train Acc: 98.0% | Test Acc: 98.3% | CM: [TP:84, TN:85, FP:1, FN:2] | Progress: 33.3% | ETA: 22.0s ---
Epoch 11 Batch 1 | Loss: 0.329858 | Stats: min: -0.520, max: 0.572, mean: 0.135
Epoch 11 Batch 2 | Loss: 0.317626
Epoch 11 Batch 3 | Loss: 0.336192
Epoch 11 Batch 4 | Loss: 0.306886
Epoch 11 Batch 5 | Loss: 0.320319
Epoch 11 Batch 6 | Loss: 0.299467
Epoch 11 Batch 7 | Loss: 0.317449
Epoch 11 Batch 8 | Loss: 0.312179
Epoch 11 Batch 9 | Loss: 0.305046
Epoch 11 Batch 10 | Loss: 0.335775
Epoch 11 Batch 11 | Loss: 0.322986
Epoch 11 Batch 12 | Loss: 0.304274
Epoch 11 Batch 13 | Loss: 0.301261
--- Epoch 11/30 | Loss: 0.3161 | Train Acc: 98.5% | Test Acc: 98.3% | CM: [TP:84, TN:85, FP:1, FN:2] | Progress: 36.7% | ETA: 23.6s ---
Epoch 12 Batch 1 | Loss: 0.318881 | Stats: min: -0.511, max: 0.631, mean: -0.085
Epoch 12 Batch 2 | Loss: 0.307416
Epoch 12 Batch 3 | Loss: 0.321221
Epoch 12 Batch 4 | Loss: 0.347378
Epoch 12 Batch 5 | Loss: 0.306357
Epoch 12 Batch 6 | Loss: 0.340531
Epoch 12 Batch 7 | Loss: 0.326083
Epoch 12 Batch 8 | Loss: 0.278238
Epoch 12 Batch 9 | Loss: 0.300295
Epoch 12 Batch 10 | Loss: 0.307467
Epoch 12 Batch 11 | Loss: 0.322200
Epoch 12 Batch 12 | Loss: 0.285361
Epoch 12 Batch 13 | Loss: 0.309621
--- Epoch 12/30 | Loss: 0.3132 | Train Acc: 98.0% | Test Acc: 98.3% | CM: [TP:84, TN:85, FP:1, FN:2] | Progress: 40.0% | ETA: 12.8s ---
Epoch 13 Batch 1 | Loss: 0.325730 | Stats: min: -0.570, max: 0.505, mean: 0.046
Epoch 13 Batch 2 | Loss: 0.328029
Epoch 13 Batch 3 | Loss: 0.304105
Epoch 13 Batch 4 | Loss: 0.319912
Epoch 13 Batch 5 | Loss: 0.319749
Epoch 13 Batch 6 | Loss: 0.307353
Epoch 13 Batch 7 | Loss: 0.299186
Epoch 13 Batch 8 | Loss: 0.316018
Epoch 13 Batch 9 | Loss: 0.285430
Epoch 13 Batch 10 | Loss: 0.288437
Epoch 13 Batch 11 | Loss: 0.341850
Epoch 13 Batch 12 | Loss: 0.289797
Epoch 13 Batch 13 | Loss: 0.308364
  [STABILITY] Plateau detected. Reducing Learning Rate to 0.005000
--- Epoch 13/30 | Loss: 0.3103 | Train Acc: 97.5% | Test Acc: 98.3% | CM: [TP:84, TN:85, FP:1, FN:2] | Progress: 43.3% | ETA: 13.2s ---
Epoch 14 Batch 1 | Loss: 0.295984 | Stats: min: -0.589, max: 0.598, mean: -0.063
Epoch 14 Batch 2 | Loss: 0.333899
Epoch 14 Batch 3 | Loss: 0.288654
Epoch 14 Batch 4 | Loss: 0.316954
Epoch 14 Batch 5 | Loss: 0.312825
Epoch 14 Batch 6 | Loss: 0.298282
Epoch 14 Batch 7 | Loss: 0.306722
Epoch 14 Batch 8 | Loss: 0.307189
Epoch 14 Batch 9 | Loss: 0.305942
Epoch 14 Batch 10 | Loss: 0.332948
Epoch 14 Batch 11 | Loss: 0.302291
Epoch 14 Batch 12 | Loss: 0.307713
Epoch 14 Batch 13 | Loss: 0.277568
--- Epoch 14/30 | Loss: 0.3067 | Train Acc: 97.5% | Test Acc: 98.3% | CM: [TP:84, TN:85, FP:1, FN:2] | Progress: 46.7% | ETA: 11.6s ---
Epoch 15 Batch 1 | Loss: 0.291380 | Stats: min: -0.539, max: 0.602, mean: 0.129
Epoch 15 Batch 2 | Loss: 0.315888
Epoch 15 Batch 3 | Loss: 0.316607
Epoch 15 Batch 4 | Loss: 0.310975
Epoch 15 Batch 5 | Loss: 0.297385
Epoch 15 Batch 6 | Loss: 0.314644
Epoch 15 Batch 7 | Loss: 0.281975
Epoch 15 Batch 8 | Loss: 0.298878
Epoch 15 Batch 9 | Loss: 0.294499
Epoch 15 Batch 10 | Loss: 0.296480
Epoch 15 Batch 11 | Loss: 0.332366
Epoch 15 Batch 12 | Loss: 0.309748
Epoch 15 Batch 13 | Loss: 0.339897
--- Epoch 15/30 | Loss: 0.3077 | Train Acc: 97.5% | Test Acc: 98.3% | CM: [TP:84, TN:85, FP:1, FN:2] | Progress: 50.0% | ETA: 9.5s ---
Epoch 16 Batch 1 | Loss: 0.296128 | Stats: min: -0.474, max: 0.610, mean: 0.237
Epoch 16 Batch 2 | Loss: 0.314680
Epoch 16 Batch 3 | Loss: 0.291704
Epoch 16 Batch 4 | Loss: 0.301976
Epoch 16 Batch 5 | Loss: 0.290625
Epoch 16 Batch 6 | Loss: 0.309922
Epoch 16 Batch 7 | Loss: 0.303260
Epoch 16 Batch 8 | Loss: 0.334010
Epoch 16 Batch 9 | Loss: 0.302974
Epoch 16 Batch 10 | Loss: 0.308772
Epoch 16 Batch 11 | Loss: 0.331141
Epoch 16 Batch 12 | Loss: 0.279123
Epoch 16 Batch 13 | Loss: 0.300116
  [STABILITY] Plateau detected. Reducing Learning Rate to 0.002500
--- Epoch 16/30 | Loss: 0.3050 | Train Acc: 98.0% | Test Acc: 98.3% | CM: [TP:84, TN:85, FP:1, FN:2] | Progress: 53.3% | ETA: 7.7s ---
Epoch 17 Batch 1 | Loss: 0.293326 | Stats: min: -0.658, max: 0.565, mean: -0.168
Epoch 17 Batch 2 | Loss: 0.309546
Epoch 17 Batch 3 | Loss: 0.360439
Epoch 17 Batch 4 | Loss: 0.317091
Epoch 17 Batch 5 | Loss: 0.290375
Epoch 17 Batch 6 | Loss: 0.329314
Epoch 17 Batch 7 | Loss: 0.259768
Epoch 17 Batch 8 | Loss: 0.307504
Epoch 17 Batch 9 | Loss: 0.300136
Epoch 17 Batch 10 | Loss: 0.297534
Epoch 17 Batch 11 | Loss: 0.291916
Epoch 17 Batch 12 | Loss: 0.302396
Epoch 17 Batch 13 | Loss: 0.269617
--- Epoch 17/30 | Loss: 0.3022 | Train Acc: 97.5% | Test Acc: 98.3% | CM: [TP:84, TN:85, FP:1, FN:2] | Progress: 56.7% | ETA: 7.1s ---
Epoch 18 Batch 1 | Loss: 0.326813 | Stats: min: -0.423, max: 0.530, mean: 0.153
Epoch 18 Batch 2 | Loss: 0.312916
Epoch 18 Batch 3 | Loss: 0.284674
Epoch 18 Batch 4 | Loss: 0.339776
Epoch 18 Batch 5 | Loss: 0.319342
Epoch 18 Batch 6 | Loss: 0.279998
Epoch 18 Batch 7 | Loss: 0.290210
Epoch 18 Batch 8 | Loss: 0.291942
Epoch 18 Batch 9 | Loss: 0.298388
Epoch 18 Batch 10 | Loss: 0.318147
Epoch 18 Batch 11 | Loss: 0.284926
Epoch 18 Batch 12 | Loss: 0.293067
Epoch 18 Batch 13 | Loss: 0.293194
  [STABILITY] Test accuracy improved: 98.26% -> 98.84% (via EMA). Saving best params.
--- Epoch 18/30 | Loss: 0.3026 | Train Acc: 97.5% | Test Acc: 98.8% | CM: [TP:85, TN:85, FP:1, FN:1] | Progress: 60.0% | ETA: 9.9s ---
Epoch 19 Batch 1 | Loss: 0.298734 | Stats: min: -0.541, max: 0.622, mean: -0.034
Epoch 19 Batch 2 | Loss: 0.280821
Epoch 19 Batch 3 | Loss: 0.301632
Epoch 19 Batch 4 | Loss: 0.304385
Epoch 19 Batch 5 | Loss: 0.280556
Epoch 19 Batch 6 | Loss: 0.311499
Epoch 19 Batch 7 | Loss: 0.277380
Epoch 19 Batch 8 | Loss: 0.314048
Epoch 19 Batch 9 | Loss: 0.330475
Epoch 19 Batch 10 | Loss: 0.315743
Epoch 19 Batch 11 | Loss: 0.285390
Epoch 19 Batch 12 | Loss: 0.337342
Epoch 19 Batch 13 | Loss: 0.278336
--- Epoch 19/30 | Loss: 0.3013 | Train Acc: 97.5% | Test Acc: 98.8% | CM: [TP:85, TN:85, FP:1, FN:1] | Progress: 63.3% | ETA: 7.1s ---
Epoch 20 Batch 1 | Loss: 0.296401 | Stats: min: -0.556, max: 0.631, mean: 0.143
Epoch 20 Batch 2 | Loss: 0.291688
Epoch 20 Batch 3 | Loss: 0.298724
Epoch 20 Batch 4 | Loss: 0.284695
Epoch 20 Batch 5 | Loss: 0.310501
Epoch 20 Batch 6 | Loss: 0.309093
Epoch 20 Batch 7 | Loss: 0.303337
Epoch 20 Batch 8 | Loss: 0.295558
Epoch 20 Batch 9 | Loss: 0.299318
Epoch 20 Batch 10 | Loss: 0.305323
Epoch 20 Batch 11 | Loss: 0.292716
Epoch 20 Batch 12 | Loss: 0.301007
Epoch 20 Batch 13 | Loss: 0.366590
--- Epoch 20/30 | Loss: 0.3042 | Train Acc: 97.5% | Test Acc: 98.8% | CM: [TP:85, TN:85, FP:1, FN:1] | Progress: 66.7% | ETA: 4.7s ---
Epoch 21 Batch 1 | Loss: 0.299419 | Stats: min: -0.540, max: 0.612, mean: -0.041
Epoch 21 Batch 2 | Loss: 0.303279
Epoch 21 Batch 3 | Loss: 0.297533
Epoch 21 Batch 4 | Loss: 0.326154
Epoch 21 Batch 5 | Loss: 0.286933
Epoch 21 Batch 6 | Loss: 0.335665
Epoch 21 Batch 7 | Loss: 0.285580
Epoch 21 Batch 8 | Loss: 0.290285
Epoch 21 Batch 9 | Loss: 0.287869
Epoch 21 Batch 10 | Loss: 0.279031
Epoch 21 Batch 11 | Loss: 0.293305
Epoch 21 Batch 12 | Loss: 0.302861
Epoch 21 Batch 13 | Loss: 0.349758
  [STABILITY] Plateau detected. Reducing Learning Rate to 0.001250
--- Epoch 21/30 | Loss: 0.3029 | Train Acc: 97.5% | Test Acc: 98.8% | CM: [TP:85, TN:85, FP:1, FN:1] | Progress: 70.0% | ETA: 6.4s ---
Epoch 22 Batch 1 | Loss: 0.299358 | Stats: min: -0.606, max: 0.593, mean: -0.118
Epoch 22 Batch 2 | Loss: 0.329691
Epoch 22 Batch 3 | Loss: 0.274334
Epoch 22 Batch 4 | Loss: 0.334512
Epoch 22 Batch 5 | Loss: 0.296562
Epoch 22 Batch 6 | Loss: 0.287082
Epoch 22 Batch 7 | Loss: 0.275192
Epoch 22 Batch 8 | Loss: 0.305374
Epoch 22 Batch 9 | Loss: 0.315925
Epoch 22 Batch 10 | Loss: 0.295948
Epoch 22 Batch 11 | Loss: 0.307645
Epoch 22 Batch 12 | Loss: 0.288292
Epoch 22 Batch 13 | Loss: 0.283585
--- Epoch 22/30 | Loss: 0.2995 | Train Acc: 97.5% | Test Acc: 98.8% | CM: [TP:85, TN:85, FP:1, FN:1] | Progress: 73.3% | ETA: 3.2s ---
Epoch 23 Batch 1 | Loss: 0.284876 | Stats: min: -0.691, max: 0.591, mean: -0.048
Epoch 23 Batch 2 | Loss: 0.305013
Epoch 23 Batch 3 | Loss: 0.319134
Epoch 23 Batch 4 | Loss: 0.314116
Epoch 23 Batch 5 | Loss: 0.314792
Epoch 23 Batch 6 | Loss: 0.294945
Epoch 23 Batch 7 | Loss: 0.277171
Epoch 23 Batch 8 | Loss: 0.286027
Epoch 23 Batch 9 | Loss: 0.324360
Epoch 23 Batch 10 | Loss: 0.296776
Epoch 23 Batch 11 | Loss: 0.285091
Epoch 23 Batch 12 | Loss: 0.291751
Epoch 23 Batch 13 | Loss: 0.307779
--- Epoch 23/30 | Loss: 0.3001 | Train Acc: 97.5% | Test Acc: 98.8% | CM: [TP:85, TN:85, FP:1, FN:1] | Progress: 76.7% | ETA: 4.7s ---
Epoch 24 Batch 1 | Loss: 0.301119 | Stats: min: -0.564, max: 0.537, mean: -0.014
Epoch 24 Batch 2 | Loss: 0.343257
Epoch 24 Batch 3 | Loss: 0.325221
Epoch 24 Batch 4 | Loss: 0.293264
Epoch 24 Batch 5 | Loss: 0.293154
Epoch 24 Batch 6 | Loss: 0.277780
Epoch 24 Batch 7 | Loss: 0.314473
Epoch 24 Batch 8 | Loss: 0.294055
Epoch 24 Batch 9 | Loss: 0.308711
Epoch 24 Batch 10 | Loss: 0.270185
Epoch 24 Batch 11 | Loss: 0.293518
Epoch 24 Batch 12 | Loss: 0.292906
Epoch 24 Batch 13 | Loss: 0.269632
  [STABILITY] Plateau detected. Reducing Learning Rate to 0.000625
--- Epoch 24/30 | Loss: 0.2983 | Train Acc: 97.5% | Test Acc: 98.8% | CM: [TP:85, TN:85, FP:1, FN:1] | Progress: 80.0% | ETA: 3.9s ---
Epoch 25 Batch 1 | Loss: 0.293272 | Stats: min: -0.526, max: 0.475, mean: -0.197
Epoch 25 Batch 2 | Loss: 0.304533
Epoch 25 Batch 3 | Loss: 0.319905
Epoch 25 Batch 4 | Loss: 0.288695
Epoch 25 Batch 5 | Loss: 0.303493
Epoch 25 Batch 6 | Loss: 0.284893
Epoch 25 Batch 7 | Loss: 0.307344
Epoch 25 Batch 8 | Loss: 0.290759
Epoch 25 Batch 9 | Loss: 0.314487
Epoch 25 Batch 10 | Loss: 0.289753
Epoch 25 Batch 11 | Loss: 0.302381
Epoch 25 Batch 12 | Loss: 0.287330
Epoch 25 Batch 13 | Loss: 0.305376
--- Epoch 25/30 | Loss: 0.2994 | Train Acc: 97.5% | Test Acc: 98.8% | CM: [TP:85, TN:85, FP:1, FN:1] | Progress: 83.3% | ETA: 3.2s ---
Epoch 26 Batch 1 | Loss: 0.294334 | Stats: min: -0.558, max: 0.567, mean: -0.297
Epoch 26 Batch 2 | Loss: 0.284397
Epoch 26 Batch 3 | Loss: 0.290471
Epoch 26 Batch 4 | Loss: 0.284609
Epoch 26 Batch 5 | Loss: 0.311269
Epoch 26 Batch 6 | Loss: 0.301171
Epoch 26 Batch 7 | Loss: 0.305621
Epoch 26 Batch 8 | Loss: 0.291960
Epoch 26 Batch 9 | Loss: 0.313364
Epoch 26 Batch 10 | Loss: 0.280285
Epoch 26 Batch 11 | Loss: 0.320414
Epoch 26 Batch 12 | Loss: 0.302364
Epoch 26 Batch 13 | Loss: 0.315155
--- Epoch 26/30 | Loss: 0.2996 | Train Acc: 97.5% | Test Acc: 98.8% | CM: [TP:85, TN:85, FP:1, FN:1] | Progress: 86.7% | ETA: 2.4s ---
Epoch 27 Batch 1 | Loss: 0.298422 | Stats: min: -0.472, max: 0.625, mean: 0.330
Epoch 27 Batch 2 | Loss: 0.266103
Epoch 27 Batch 3 | Loss: 0.273544
Epoch 27 Batch 4 | Loss: 0.283002
Epoch 27 Batch 5 | Loss: 0.319233
Epoch 27 Batch 6 | Loss: 0.299708
Epoch 27 Batch 7 | Loss: 0.304778
Epoch 27 Batch 8 | Loss: 0.291881
Epoch 27 Batch 9 | Loss: 0.323469
Epoch 27 Batch 10 | Loss: 0.295882
Epoch 27 Batch 11 | Loss: 0.313023
Epoch 27 Batch 12 | Loss: 0.312485
Epoch 27 Batch 13 | Loss: 0.308375
  [STABILITY] Test accuracy improved: 98.84% -> 99.42% (via EMA). Saving best params.
--- Epoch 27/30 | Loss: 0.2992 | Train Acc: 97.5% | Test Acc: 99.4% | CM: [TP:86, TN:85, FP:1, FN:0] | Progress: 90.0% | ETA: 1.8s ---
Epoch 28 Batch 1 | Loss: 0.300070 | Stats: min: -0.571, max: 0.633, mean: 0.072
Epoch 28 Batch 2 | Loss: 0.274642
Epoch 28 Batch 3 | Loss: 0.269080
Epoch 28 Batch 4 | Loss: 0.311091
Epoch 28 Batch 5 | Loss: 0.295808
Epoch 28 Batch 6 | Loss: 0.288727
Epoch 28 Batch 7 | Loss: 0.309547
Epoch 28 Batch 8 | Loss: 0.303153
Epoch 28 Batch 9 | Loss: 0.324160
Epoch 28 Batch 10 | Loss: 0.318313
Epoch 28 Batch 11 | Loss: 0.310690
Epoch 28 Batch 12 | Loss: 0.285676
Epoch 28 Batch 13 | Loss: 0.284063
--- Epoch 28/30 | Loss: 0.2981 | Train Acc: 97.5% | Test Acc: 99.4% | CM: [TP:86, TN:85, FP:1, FN:0] | Progress: 93.3% | ETA: 1.1s ---
Epoch 29 Batch 1 | Loss: 0.290256 | Stats: min: -0.664, max: 0.489, mean: -0.364
Epoch 29 Batch 2 | Loss: 0.285533
Epoch 29 Batch 3 | Loss: 0.294651
Epoch 29 Batch 4 | Loss: 0.322644
Epoch 29 Batch 5 | Loss: 0.357069
Epoch 29 Batch 6 | Loss: 0.269868
Epoch 29 Batch 7 | Loss: 0.321151
Epoch 29 Batch 8 | Loss: 0.266173
Epoch 29 Batch 9 | Loss: 0.305669
Epoch 29 Batch 10 | Loss: 0.303622
Epoch 29 Batch 11 | Loss: 0.279118
Epoch 29 Batch 12 | Loss: 0.296388
Epoch 29 Batch 13 | Loss: 0.277985
--- Epoch 29/30 | Loss: 0.2977 | Train Acc: 97.5% | Test Acc: 99.4% | CM: [TP:86, TN:85, FP:1, FN:0] | Progress: 96.7% | ETA: 0.6s ---
Epoch 30 Batch 1 | Loss: 0.295050 | Stats: min: -0.515, max: 0.539, mean: 0.062
Epoch 30 Batch 2 | Loss: 0.300869
Epoch 30 Batch 3 | Loss: 0.290618
Epoch 30 Batch 4 | Loss: 0.304590
Epoch 30 Batch 5 | Loss: 0.286600
Epoch 30 Batch 6 | Loss: 0.315738
Epoch 30 Batch 7 | Loss: 0.294491
Epoch 30 Batch 8 | Loss: 0.284620
Epoch 30 Batch 9 | Loss: 0.312537
Epoch 30 Batch 10 | Loss: 0.278239
Epoch 30 Batch 11 | Loss: 0.312573
Epoch 30 Batch 12 | Loss: 0.288587
Epoch 30 Batch 13 | Loss: 0.332246
  [STABILITY] Plateau detected. Reducing Learning Rate to 0.000313
--- Epoch 30/30 | Loss: 0.2998 | Train Acc: 97.5% | Test Acc: 99.4% | CM: [TP:86, TN:85, FP:1, FN:0] | Progress: 100.0% | ETA: 0.0s ---

Final Best Test Accuracy: 99.42%


Best Quantum Test Accuracy: 0.994
