DEBUG: Qtrainer enters train_pure_quantum_cnn. Encoding: amplitude
  Class Weights: +1 (Target): 1.00 | -1 (Rest): 1.00
Starting Training
==================================================
Epoch 1 Batch 1 | Loss: 0.752310 | Stats: min: -0.065, max: 0.038, mean: -0.027
Epoch 1 Batch 2 | Loss: 0.678951
Epoch 1 Batch 3 | Loss: 0.620271
Epoch 1 Batch 4 | Loss: 0.585491
Epoch 1 Batch 5 | Loss: 0.551954
Epoch 1 Batch 6 | Loss: 0.533740
Epoch 1 Batch 7 | Loss: 0.540210
Epoch 1 Batch 8 | Loss: 0.536711
Epoch 1 Batch 9 | Loss: 0.491863
Epoch 1 Batch 10 | Loss: 0.498443
Epoch 1 Batch 11 | Loss: 0.503532
Epoch 1 Batch 12 | Loss: 0.508447
Epoch 1 Batch 13 | Loss: 0.462376
  [STABILITY] Test accuracy improved: 0.00% -> 45.35% (via EMA). Saving best params.
--- Epoch 1/30 | Loss: 0.5588 | Train Acc: 46.5% | Test Acc: 45.3% | CM: [TP:53, TN:25, FP:61, FN:33] | Progress: 3.3% | ETA: 383.1s ---
Epoch 2 Batch 1 | Loss: 0.469774 | Stats: min: -0.374, max: 0.386, mean: -0.050
Epoch 2 Batch 2 | Loss: 0.464636
Epoch 2 Batch 3 | Loss: 0.474425
Epoch 2 Batch 4 | Loss: 0.459765
Epoch 2 Batch 5 | Loss: 0.450711
Epoch 2 Batch 6 | Loss: 0.455229
Epoch 2 Batch 7 | Loss: 0.438790
Epoch 2 Batch 8 | Loss: 0.451003
Epoch 2 Batch 9 | Loss: 0.446279
Epoch 2 Batch 10 | Loss: 0.438481
Epoch 2 Batch 11 | Loss: 0.417105
Epoch 2 Batch 12 | Loss: 0.467596
Epoch 2 Batch 13 | Loss: 0.427366
  [STABILITY] Test accuracy improved: 45.35% -> 81.98% (via EMA). Saving best params.
--- Epoch 2/30 | Loss: 0.4509 | Train Acc: 81.0% | Test Acc: 82.0% | CM: [TP:79, TN:62, FP:24, FN:7] | Progress: 6.7% | ETA: 133.8s ---
Epoch 3 Batch 1 | Loss: 0.433052 | Stats: min: -0.492, max: 0.400, mean: 0.004
Epoch 3 Batch 2 | Loss: 0.419458
Epoch 3 Batch 3 | Loss: 0.435224
Epoch 3 Batch 4 | Loss: 0.419089
Epoch 3 Batch 5 | Loss: 0.426530
Epoch 3 Batch 6 | Loss: 0.392295
Epoch 3 Batch 7 | Loss: 0.406211
Epoch 3 Batch 8 | Loss: 0.408068
Epoch 3 Batch 9 | Loss: 0.399984
Epoch 3 Batch 10 | Loss: 0.383106
Epoch 3 Batch 11 | Loss: 0.413885
Epoch 3 Batch 12 | Loss: 0.406682
Epoch 3 Batch 13 | Loss: 0.354806
  [STABILITY] Test accuracy improved: 81.98% -> 94.19% (via EMA). Saving best params.
--- Epoch 3/30 | Loss: 0.4076 | Train Acc: 95.0% | Test Acc: 94.2% | CM: [TP:84, TN:78, FP:8, FN:2] | Progress: 10.0% | ETA: 86.0s ---
Epoch 4 Batch 1 | Loss: 0.383172 | Stats: min: -0.446, max: 0.482, mean: 0.094
Epoch 4 Batch 2 | Loss: 0.360730
Epoch 4 Batch 3 | Loss: 0.383236
Epoch 4 Batch 4 | Loss: 0.389717
Epoch 4 Batch 5 | Loss: 0.400949
Epoch 4 Batch 6 | Loss: 0.384962
Epoch 4 Batch 7 | Loss: 0.404261
Epoch 4 Batch 8 | Loss: 0.404899
Epoch 4 Batch 9 | Loss: 0.381849
Epoch 4 Batch 10 | Loss: 0.397073
Epoch 4 Batch 11 | Loss: 0.387471
Epoch 4 Batch 12 | Loss: 0.358636
Epoch 4 Batch 13 | Loss: 0.346088
  [STABILITY] Test accuracy improved: 94.19% -> 98.26% (via EMA). Saving best params.
--- Epoch 4/30 | Loss: 0.3833 | Train Acc: 98.0% | Test Acc: 98.3% | CM: [TP:86, TN:83, FP:3, FN:0] | Progress: 13.3% | ETA: 62.3s ---
Epoch 5 Batch 1 | Loss: 0.377060 | Stats: min: -0.377, max: 0.433, mean: 0.092
Epoch 5 Batch 2 | Loss: 0.369423
Epoch 5 Batch 3 | Loss: 0.378695
Epoch 5 Batch 4 | Loss: 0.341376
Epoch 5 Batch 5 | Loss: 0.370174
Epoch 5 Batch 6 | Loss: 0.379079
Epoch 5 Batch 7 | Loss: 0.414281
Epoch 5 Batch 8 | Loss: 0.350914
Epoch 5 Batch 9 | Loss: 0.349944
Epoch 5 Batch 10 | Loss: 0.351860
Epoch 5 Batch 11 | Loss: 0.361255
Epoch 5 Batch 12 | Loss: 0.366117
Epoch 5 Batch 13 | Loss: 0.353801
  [STABILITY] Test accuracy improved: 98.26% -> 99.42% (via EMA). Saving best params.
--- Epoch 5/30 | Loss: 0.3665 | Train Acc: 99.0% | Test Acc: 99.4% | CM: [TP:86, TN:85, FP:1, FN:0] | Progress: 16.7% | ETA: 52.0s ---
Epoch 6 Batch 1 | Loss: 0.341845 | Stats: min: -0.313, max: 0.577, mean: 0.243
Epoch 6 Batch 2 | Loss: 0.334143
Epoch 6 Batch 3 | Loss: 0.355390
Epoch 6 Batch 4 | Loss: 0.355159
Epoch 6 Batch 5 | Loss: 0.360358
Epoch 6 Batch 6 | Loss: 0.352220
Epoch 6 Batch 7 | Loss: 0.346398
Epoch 6 Batch 8 | Loss: 0.376127
Epoch 6 Batch 9 | Loss: 0.355581
Epoch 6 Batch 10 | Loss: 0.352542
Epoch 6 Batch 11 | Loss: 0.336547
Epoch 6 Batch 12 | Loss: 0.339476
Epoch 6 Batch 13 | Loss: 0.359762
--- Epoch 6/30 | Loss: 0.3512 | Train Acc: 99.5% | Test Acc: 99.4% | CM: [TP:86, TN:85, FP:1, FN:0] | Progress: 20.0% | ETA: 35.5s ---
Epoch 7 Batch 1 | Loss: 0.339694 | Stats: min: -0.464, max: 0.591, mean: 0.285
Epoch 7 Batch 2 | Loss: 0.338497
Epoch 7 Batch 3 | Loss: 0.349837
Epoch 7 Batch 4 | Loss: 0.350136
Epoch 7 Batch 5 | Loss: 0.338661
Epoch 7 Batch 6 | Loss: 0.334521
Epoch 7 Batch 7 | Loss: 0.342028
Epoch 7 Batch 8 | Loss: 0.341449
Epoch 7 Batch 9 | Loss: 0.353040
Epoch 7 Batch 10 | Loss: 0.332310
Epoch 7 Batch 11 | Loss: 0.346647
Epoch 7 Batch 12 | Loss: 0.341368
Epoch 7 Batch 13 | Loss: 0.325121
--- Epoch 7/30 | Loss: 0.3410 | Train Acc: 100.0% | Test Acc: 99.4% | CM: [TP:86, TN:85, FP:1, FN:0] | Progress: 23.3% | ETA: 31.8s ---
Epoch 8 Batch 1 | Loss: 0.337429 | Stats: min: -0.538, max: 0.494, mean: -0.078
Epoch 8 Batch 2 | Loss: 0.331340
Epoch 8 Batch 3 | Loss: 0.355682
Epoch 8 Batch 4 | Loss: 0.343561
Epoch 8 Batch 5 | Loss: 0.341453
Epoch 8 Batch 6 | Loss: 0.334648
Epoch 8 Batch 7 | Loss: 0.329768
Epoch 8 Batch 8 | Loss: 0.323618
Epoch 8 Batch 9 | Loss: 0.330424
Epoch 8 Batch 10 | Loss: 0.341447
Epoch 8 Batch 11 | Loss: 0.331040
Epoch 8 Batch 12 | Loss: 0.336765
Epoch 8 Batch 13 | Loss: 0.345741
  [STABILITY] Plateau detected. Reducing Learning Rate to 0.010000
--- Epoch 8/30 | Loss: 0.3371 | Train Acc: 99.5% | Test Acc: 99.4% | CM: [TP:86, TN:85, FP:1, FN:0] | Progress: 26.7% | ETA: 24.2s ---
Epoch 9 Batch 1 | Loss: 0.312939 | Stats: min: -0.594, max: 0.550, mean: 0.069
Epoch 9 Batch 2 | Loss: 0.337850
Epoch 9 Batch 3 | Loss: 0.320258
Epoch 9 Batch 4 | Loss: 0.370684
Epoch 9 Batch 5 | Loss: 0.342776
Epoch 9 Batch 6 | Loss: 0.323572
Epoch 9 Batch 7 | Loss: 0.320741
Epoch 9 Batch 8 | Loss: 0.320575
Epoch 9 Batch 9 | Loss: 0.336052
Epoch 9 Batch 10 | Loss: 0.322978
Epoch 9 Batch 11 | Loss: 0.339238
Epoch 9 Batch 12 | Loss: 0.316813
Epoch 9 Batch 13 | Loss: 0.334738
--- Epoch 9/30 | Loss: 0.3307 | Train Acc: 99.5% | Test Acc: 99.4% | CM: [TP:86, TN:85, FP:1, FN:0] | Progress: 30.0% | ETA: 32.0s ---
Epoch 10 Batch 1 | Loss: 0.309969 | Stats: min: -0.549, max: 0.587, mean: -0.246
Epoch 10 Batch 2 | Loss: 0.331617
Epoch 10 Batch 3 | Loss: 0.343517
Epoch 10 Batch 4 | Loss: 0.333558
Epoch 10 Batch 5 | Loss: 0.348317
Epoch 10 Batch 6 | Loss: 0.321207
Epoch 10 Batch 7 | Loss: 0.319272
Epoch 10 Batch 8 | Loss: 0.331245
Epoch 10 Batch 9 | Loss: 0.327131
Epoch 10 Batch 10 | Loss: 0.355004
Epoch 10 Batch 11 | Loss: 0.303739
Epoch 10 Batch 12 | Loss: 0.315151
Epoch 10 Batch 13 | Loss: 0.308815
--- Epoch 10/30 | Loss: 0.3268 | Train Acc: 99.5% | Test Acc: 99.4% | CM: [TP:86, TN:85, FP:1, FN:0] | Progress: 33.3% | ETA: 19.8s ---
Epoch 11 Batch 1 | Loss: 0.322093 | Stats: min: -0.590, max: 0.614, mean: -0.084
Epoch 11 Batch 2 | Loss: 0.336287
Epoch 11 Batch 3 | Loss: 0.339537
Epoch 11 Batch 4 | Loss: 0.334446
Epoch 11 Batch 5 | Loss: 0.320108
Epoch 11 Batch 6 | Loss: 0.328798
Epoch 11 Batch 7 | Loss: 0.325878
Epoch 11 Batch 8 | Loss: 0.312903
Epoch 11 Batch 9 | Loss: 0.307936
Epoch 11 Batch 10 | Loss: 0.329060
Epoch 11 Batch 11 | Loss: 0.329130
Epoch 11 Batch 12 | Loss: 0.321007
Epoch 11 Batch 13 | Loss: 0.307437
  [STABILITY] Plateau detected. Reducing Learning Rate to 0.005000
--- Epoch 11/30 | Loss: 0.3242 | Train Acc: 99.0% | Test Acc: 99.4% | CM: [TP:86, TN:85, FP:1, FN:0] | Progress: 36.7% | ETA: 27.7s ---
Epoch 12 Batch 1 | Loss: 0.341547 | Stats: min: -0.577, max: 0.240, mean: -0.322
Epoch 12 Batch 2 | Loss: 0.310718
Epoch 12 Batch 3 | Loss: 0.310933
Epoch 12 Batch 4 | Loss: 0.341600
Epoch 12 Batch 5 | Loss: 0.350131
Epoch 12 Batch 6 | Loss: 0.300982
Epoch 12 Batch 7 | Loss: 0.340532
Epoch 12 Batch 8 | Loss: 0.318115
Epoch 12 Batch 9 | Loss: 0.309953
Epoch 12 Batch 10 | Loss: 0.324060
Epoch 12 Batch 11 | Loss: 0.301214
Epoch 12 Batch 12 | Loss: 0.306364
Epoch 12 Batch 13 | Loss: 0.355250
--- Epoch 12/30 | Loss: 0.3240 | Train Acc: 99.0% | Test Acc: 99.4% | CM: [TP:86, TN:85, FP:1, FN:0] | Progress: 40.0% | ETA: 24.3s ---
Epoch 13 Batch 1 | Loss: 0.328344 | Stats: min: -0.439, max: 0.541, mean: 0.095
Epoch 13 Batch 2 | Loss: 0.286522
Epoch 13 Batch 3 | Loss: 0.307955
Epoch 13 Batch 4 | Loss: 0.332878
Epoch 13 Batch 5 | Loss: 0.307745
Epoch 13 Batch 6 | Loss: 0.318761
Epoch 13 Batch 7 | Loss: 0.355209
Epoch 13 Batch 8 | Loss: 0.340990
Epoch 13 Batch 9 | Loss: 0.311632
Epoch 13 Batch 10 | Loss: 0.341481
Epoch 13 Batch 11 | Loss: 0.311908
Epoch 13 Batch 12 | Loss: 0.316147
Epoch 13 Batch 13 | Loss: 0.318808
--- Epoch 13/30 | Loss: 0.3214 | Train Acc: 99.0% | Test Acc: 99.4% | CM: [TP:86, TN:85, FP:1, FN:0] | Progress: 43.3% | ETA: 20.9s ---
Epoch 14 Batch 1 | Loss: 0.340412 | Stats: min: -0.390, max: 0.567, mean: 0.075
Epoch 14 Batch 2 | Loss: 0.319872
Epoch 14 Batch 3 | Loss: 0.304194
Epoch 14 Batch 4 | Loss: 0.314918
Epoch 14 Batch 5 | Loss: 0.340771
Epoch 14 Batch 6 | Loss: 0.343414
Epoch 14 Batch 7 | Loss: 0.312966
Epoch 14 Batch 8 | Loss: 0.316175
Epoch 14 Batch 9 | Loss: 0.313897
Epoch 14 Batch 10 | Loss: 0.312707
Epoch 14 Batch 11 | Loss: 0.307284
Epoch 14 Batch 12 | Loss: 0.339049
Epoch 14 Batch 13 | Loss: 0.276691
  [STABILITY] Plateau detected. Reducing Learning Rate to 0.002500
--- Epoch 14/30 | Loss: 0.3186 | Train Acc: 99.0% | Test Acc: 99.4% | CM: [TP:86, TN:85, FP:1, FN:0] | Progress: 46.7% | ETA: 13.7s ---
Epoch 15 Batch 1 | Loss: 0.322794 | Stats: min: -0.453, max: 0.579, mean: 0.297
Epoch 15 Batch 2 | Loss: 0.295979
Epoch 15 Batch 3 | Loss: 0.321455
Epoch 15 Batch 4 | Loss: 0.297476
Epoch 15 Batch 5 | Loss: 0.347409
Epoch 15 Batch 6 | Loss: 0.308448
Epoch 15 Batch 7 | Loss: 0.333548
Epoch 15 Batch 8 | Loss: 0.338118
Epoch 15 Batch 9 | Loss: 0.313001
Epoch 15 Batch 10 | Loss: 0.325968
Epoch 15 Batch 11 | Loss: 0.305292
Epoch 15 Batch 12 | Loss: 0.319449
Epoch 15 Batch 13 | Loss: 0.310237
--- Epoch 15/30 | Loss: 0.3184 | Train Acc: 99.0% | Test Acc: 99.4% | CM: [TP:86, TN:85, FP:1, FN:0] | Progress: 50.0% | ETA: 10.6s ---
Epoch 16 Batch 1 | Loss: 0.334768 | Stats: min: -0.558, max: 0.570, mean: -0.247
Epoch 16 Batch 2 | Loss: 0.313908
Epoch 16 Batch 3 | Loss: 0.313624
Epoch 16 Batch 4 | Loss: 0.317057
Epoch 16 Batch 5 | Loss: 0.309969
Epoch 16 Batch 6 | Loss: 0.316722
Epoch 16 Batch 7 | Loss: 0.323684
Epoch 16 Batch 8 | Loss: 0.306634
Epoch 16 Batch 9 | Loss: 0.311416
Epoch 16 Batch 10 | Loss: 0.321730
Epoch 16 Batch 11 | Loss: 0.330017
Epoch 16 Batch 12 | Loss: 0.305029
Epoch 16 Batch 13 | Loss: 0.340542
--- Epoch 16/30 | Loss: 0.3189 | Train Acc: 99.0% | Test Acc: 99.4% | CM: [TP:86, TN:85, FP:1, FN:0] | Progress: 53.3% | ETA: 9.4s ---
Epoch 17 Batch 1 | Loss: 0.291291 | Stats: min: -0.411, max: 0.564, mean: 0.327
Epoch 17 Batch 2 | Loss: 0.310236
Epoch 17 Batch 3 | Loss: 0.336366
Epoch 17 Batch 4 | Loss: 0.324402
Epoch 17 Batch 5 | Loss: 0.307218
Epoch 17 Batch 6 | Loss: 0.323955
Epoch 17 Batch 7 | Loss: 0.313306
Epoch 17 Batch 8 | Loss: 0.309480
Epoch 17 Batch 9 | Loss: 0.314239
Epoch 17 Batch 10 | Loss: 0.334436
Epoch 17 Batch 11 | Loss: 0.322307
Epoch 17 Batch 12 | Loss: 0.318300
Epoch 17 Batch 13 | Loss: 0.321699
  [STABILITY] Plateau detected. Reducing Learning Rate to 0.001250
--- Epoch 17/30 | Loss: 0.3175 | Train Acc: 99.0% | Test Acc: 99.4% | CM: [TP:86, TN:85, FP:1, FN:0] | Progress: 56.7% | ETA: 6.8s ---
Epoch 18 Batch 1 | Loss: 0.296420 | Stats: min: -0.281, max: 0.574, mean: 0.370
Epoch 18 Batch 2 | Loss: 0.291158
Epoch 18 Batch 3 | Loss: 0.307658
Epoch 18 Batch 4 | Loss: 0.302033
Epoch 18 Batch 5 | Loss: 0.320736
Epoch 18 Batch 6 | Loss: 0.311998
Epoch 18 Batch 7 | Loss: 0.337163
Epoch 18 Batch 8 | Loss: 0.352613
Epoch 18 Batch 9 | Loss: 0.313899
Epoch 18 Batch 10 | Loss: 0.334125
Epoch 18 Batch 11 | Loss: 0.305401
Epoch 18 Batch 12 | Loss: 0.327566
Epoch 18 Batch 13 | Loss: 0.317468
--- Epoch 18/30 | Loss: 0.3168 | Train Acc: 99.0% | Test Acc: 99.4% | CM: [TP:86, TN:85, FP:1, FN:0] | Progress: 60.0% | ETA: 9.4s ---
Epoch 19 Batch 1 | Loss: 0.287892 | Stats: min: -0.418, max: 0.541, mean: 0.178
Epoch 19 Batch 2 | Loss: 0.305896
Epoch 19 Batch 3 | Loss: 0.324689
Epoch 19 Batch 4 | Loss: 0.317712
Epoch 19 Batch 5 | Loss: 0.303300
Epoch 19 Batch 6 | Loss: 0.326929
Epoch 19 Batch 7 | Loss: 0.314709
Epoch 19 Batch 8 | Loss: 0.317570
Epoch 19 Batch 9 | Loss: 0.301038
Epoch 19 Batch 10 | Loss: 0.345756
Epoch 19 Batch 11 | Loss: 0.334961
Epoch 19 Batch 12 | Loss: 0.319508
Epoch 19 Batch 13 | Loss: 0.311607
--- Epoch 19/30 | Loss: 0.3163 | Train Acc: 99.0% | Test Acc: 99.4% | CM: [TP:86, TN:85, FP:1, FN:0] | Progress: 63.3% | ETA: 4.5s ---
Epoch 20 Batch 1 | Loss: 0.333905 | Stats: min: -0.446, max: 0.465, mean: 0.084
Epoch 20 Batch 2 | Loss: 0.322949
Epoch 20 Batch 3 | Loss: 0.319286
Epoch 20 Batch 4 | Loss: 0.329972
Epoch 20 Batch 5 | Loss: 0.351188
Epoch 20 Batch 6 | Loss: 0.317195
Epoch 20 Batch 7 | Loss: 0.305474
Epoch 20 Batch 8 | Loss: 0.301703
Epoch 20 Batch 9 | Loss: 0.309988
Epoch 20 Batch 10 | Loss: 0.303392
Epoch 20 Batch 11 | Loss: 0.311995
Epoch 20 Batch 12 | Loss: 0.305372
Epoch 20 Batch 13 | Loss: 0.277406
  [STABILITY] Plateau detected. Reducing Learning Rate to 0.000625
--- Epoch 20/30 | Loss: 0.3146 | Train Acc: 99.0% | Test Acc: 99.4% | CM: [TP:86, TN:85, FP:1, FN:0] | Progress: 66.7% | ETA: 5.3s ---
Epoch 21 Batch 1 | Loss: 0.325616 | Stats: min: -0.467, max: 0.541, mean: 0.145
Epoch 21 Batch 2 | Loss: 0.315210
Epoch 21 Batch 3 | Loss: 0.312333
Epoch 21 Batch 4 | Loss: 0.312200
Epoch 21 Batch 5 | Loss: 0.325042
Epoch 21 Batch 6 | Loss: 0.298618
Epoch 21 Batch 7 | Loss: 0.333004
Epoch 21 Batch 8 | Loss: 0.318325
Epoch 21 Batch 9 | Loss: 0.326358
Epoch 21 Batch 10 | Loss: 0.304747
Epoch 21 Batch 11 | Loss: 0.314319
Epoch 21 Batch 12 | Loss: 0.308726
Epoch 21 Batch 13 | Loss: 0.306887
--- Epoch 21/30 | Loss: 0.3155 | Train Acc: 99.0% | Test Acc: 99.4% | CM: [TP:86, TN:85, FP:1, FN:0] | Progress: 70.0% | ETA: 3.2s ---
Epoch 22 Batch 1 | Loss: 0.313583 | Stats: min: -0.469, max: 0.492, mean: 0.026
Epoch 22 Batch 2 | Loss: 0.285743
Epoch 22 Batch 3 | Loss: 0.356980
Epoch 22 Batch 4 | Loss: 0.331434
Epoch 22 Batch 5 | Loss: 0.308295
Epoch 22 Batch 6 | Loss: 0.284958
Epoch 22 Batch 7 | Loss: 0.302549
Epoch 22 Batch 8 | Loss: 0.322153
Epoch 22 Batch 9 | Loss: 0.328905
Epoch 22 Batch 10 | Loss: 0.333320
Epoch 22 Batch 11 | Loss: 0.316046
Epoch 22 Batch 12 | Loss: 0.296902
Epoch 22 Batch 13 | Loss: 0.331971
--- Epoch 22/30 | Loss: 0.3164 | Train Acc: 99.0% | Test Acc: 99.4% | CM: [TP:86, TN:85, FP:1, FN:0] | Progress: 73.3% | ETA: 3.5s ---
Epoch 23 Batch 1 | Loss: 0.307861 | Stats: min: -0.576, max: 0.554, mean: 0.065
Epoch 23 Batch 2 | Loss: 0.300133
Epoch 23 Batch 3 | Loss: 0.306580
Epoch 23 Batch 4 | Loss: 0.345465
Epoch 23 Batch 5 | Loss: 0.318918
Epoch 23 Batch 6 | Loss: 0.332438
Epoch 23 Batch 7 | Loss: 0.291002
Epoch 23 Batch 8 | Loss: 0.299258
Epoch 23 Batch 9 | Loss: 0.311312
Epoch 23 Batch 10 | Loss: 0.320709
Epoch 23 Batch 11 | Loss: 0.323810
Epoch 23 Batch 12 | Loss: 0.331142
Epoch 23 Batch 13 | Loss: 0.311698
  [STABILITY] Plateau detected. Reducing Learning Rate to 0.000313
--- Epoch 23/30 | Loss: 0.3154 | Train Acc: 99.0% | Test Acc: 99.4% | CM: [TP:86, TN:85, FP:1, FN:0] | Progress: 76.7% | ETA: 2.9s ---
Epoch 24 Batch 1 | Loss: 0.350806 | Stats: min: -0.605, max: 0.505, mean: 0.009
Epoch 24 Batch 2 | Loss: 0.330078
Epoch 24 Batch 3 | Loss: 0.303409
Epoch 24 Batch 4 | Loss: 0.317825
Epoch 24 Batch 5 | Loss: 0.312931
Epoch 24 Batch 6 | Loss: 0.286354
Epoch 24 Batch 7 | Loss: 0.309378
Epoch 24 Batch 8 | Loss: 0.307408
Epoch 24 Batch 9 | Loss: 0.310391
Epoch 24 Batch 10 | Loss: 0.345608
Epoch 24 Batch 11 | Loss: 0.317379
Epoch 24 Batch 12 | Loss: 0.299659
Epoch 24 Batch 13 | Loss: 0.302051
--- Epoch 24/30 | Loss: 0.3149 | Train Acc: 99.0% | Test Acc: 99.4% | CM: [TP:86, TN:85, FP:1, FN:0] | Progress: 80.0% | ETA: 2.9s ---
Epoch 25 Batch 1 | Loss: 0.344878 | Stats: min: -0.588, max: 0.457, mean: -0.088
Epoch 25 Batch 2 | Loss: 0.326982
Epoch 25 Batch 3 | Loss: 0.300959
Epoch 25 Batch 4 | Loss: 0.319125
Epoch 25 Batch 5 | Loss: 0.300421
Epoch 25 Batch 6 | Loss: 0.313924
Epoch 25 Batch 7 | Loss: 0.339276
Epoch 25 Batch 8 | Loss: 0.306982
Epoch 25 Batch 9 | Loss: 0.301059
Epoch 25 Batch 10 | Loss: 0.287787
Epoch 25 Batch 11 | Loss: 0.315206
Epoch 25 Batch 12 | Loss: 0.315447
Epoch 25 Batch 13 | Loss: 0.340830
--- Epoch 25/30 | Loss: 0.3164 | Train Acc: 99.0% | Test Acc: 99.4% | CM: [TP:86, TN:85, FP:1, FN:0] | Progress: 83.3% | ETA: 2.3s ---
Epoch 26 Batch 1 | Loss: 0.297956 | Stats: min: -0.582, max: 0.561, mean: 0.111
Epoch 26 Batch 2 | Loss: 0.329314
Epoch 26 Batch 3 | Loss: 0.314630
Epoch 26 Batch 4 | Loss: 0.312197
Epoch 26 Batch 5 | Loss: 0.299411
Epoch 26 Batch 6 | Loss: 0.314489
Epoch 26 Batch 7 | Loss: 0.347361
Epoch 26 Batch 8 | Loss: 0.329145
Epoch 26 Batch 9 | Loss: 0.321648
Epoch 26 Batch 10 | Loss: 0.311036
Epoch 26 Batch 11 | Loss: 0.304552
Epoch 26 Batch 12 | Loss: 0.305751
Epoch 26 Batch 13 | Loss: 0.305908
  [STABILITY] Plateau detected. Reducing Learning Rate to 0.000156
--- Epoch 26/30 | Loss: 0.3149 | Train Acc: 99.0% | Test Acc: 99.4% | CM: [TP:86, TN:85, FP:1, FN:0] | Progress: 86.7% | ETA: 1.7s ---
Epoch 27 Batch 1 | Loss: 0.296468 | Stats: min: -0.506, max: 0.534, mean: -0.101
Epoch 27 Batch 2 | Loss: 0.362194
Epoch 27 Batch 3 | Loss: 0.325810
Epoch 27 Batch 4 | Loss: 0.317160
Epoch 27 Batch 5 | Loss: 0.322715
Epoch 27 Batch 6 | Loss: 0.301652
Epoch 27 Batch 7 | Loss: 0.317242
Epoch 27 Batch 8 | Loss: 0.309385
Epoch 27 Batch 9 | Loss: 0.312871
Epoch 27 Batch 10 | Loss: 0.305739
Epoch 27 Batch 11 | Loss: 0.309534
Epoch 27 Batch 12 | Loss: 0.286320
Epoch 27 Batch 13 | Loss: 0.347365
--- Epoch 27/30 | Loss: 0.3165 | Train Acc: 99.0% | Test Acc: 99.4% | CM: [TP:86, TN:85, FP:1, FN:0] | Progress: 90.0% | ETA: 1.3s ---
Epoch 28 Batch 1 | Loss: 0.307023 | Stats: min: -0.421, max: 0.546, mean: 0.281
Epoch 28 Batch 2 | Loss: 0.319014
Epoch 28 Batch 3 | Loss: 0.327388
Epoch 28 Batch 4 | Loss: 0.312245
Epoch 28 Batch 5 | Loss: 0.313802
Epoch 28 Batch 6 | Loss: 0.292730
Epoch 28 Batch 7 | Loss: 0.316840
Epoch 28 Batch 8 | Loss: 0.314073
Epoch 28 Batch 9 | Loss: 0.321114
Epoch 28 Batch 10 | Loss: 0.324331
Epoch 28 Batch 11 | Loss: 0.321395
Epoch 28 Batch 12 | Loss: 0.317780
Epoch 28 Batch 13 | Loss: 0.302269
--- Epoch 28/30 | Loss: 0.3146 | Train Acc: 99.0% | Test Acc: 99.4% | CM: [TP:86, TN:85, FP:1, FN:0] | Progress: 93.3% | ETA: 0.7s ---
Epoch 29 Batch 1 | Loss: 0.311275 | Stats: min: -0.537, max: 0.598, mean: -0.094
Epoch 29 Batch 2 | Loss: 0.322919
Epoch 29 Batch 3 | Loss: 0.309901
Epoch 29 Batch 4 | Loss: 0.329964
Epoch 29 Batch 5 | Loss: 0.325167
Epoch 29 Batch 6 | Loss: 0.282148
Epoch 29 Batch 7 | Loss: 0.302547
Epoch 29 Batch 8 | Loss: 0.320528
Epoch 29 Batch 9 | Loss: 0.315732
Epoch 29 Batch 10 | Loss: 0.333131
Epoch 29 Batch 11 | Loss: 0.332720
Epoch 29 Batch 12 | Loss: 0.299754
Epoch 29 Batch 13 | Loss: 0.305161
  [STABILITY] Plateau detected. Reducing Learning Rate to 0.000078
--- Epoch 29/30 | Loss: 0.3147 | Train Acc: 99.0% | Test Acc: 99.4% | CM: [TP:86, TN:85, FP:1, FN:0] | Progress: 96.7% | ETA: 0.3s ---
Epoch 30 Batch 1 | Loss: 0.312075 | Stats: min: -0.509, max: 0.557, mean: 0.141
Epoch 30 Batch 2 | Loss: 0.298882
Epoch 30 Batch 3 | Loss: 0.301939
Epoch 30 Batch 4 | Loss: 0.322287
Epoch 30 Batch 5 | Loss: 0.315672
Epoch 30 Batch 6 | Loss: 0.315667
Epoch 30 Batch 7 | Loss: 0.314103
Epoch 30 Batch 8 | Loss: 0.323323
Epoch 30 Batch 9 | Loss: 0.307459
Epoch 30 Batch 10 | Loss: 0.342911
Epoch 30 Batch 11 | Loss: 0.316990
Epoch 30 Batch 12 | Loss: 0.303528
Epoch 30 Batch 13 | Loss: 0.327776
--- Epoch 30/30 | Loss: 0.3156 | Train Acc: 99.0% | Test Acc: 99.4% | CM: [TP:86, TN:85, FP:1, FN:0] | Progress: 100.0% | ETA: 0.0s ---

Final Best Test Accuracy: 99.42%


Best Quantum Test Accuracy: 0.994
