DEBUG: Qtrainer enters train_pure_quantum_cnn. Encoding: amplitude
  Class Weights: +1 (Target): 1.00 | -1 (Rest): 1.00
Starting Training
==================================================
Epoch 1 Batch 1 | Loss: 0.740838 | Stats: min: -0.035, max: 0.190, mean: 0.080
Epoch 1 Batch 2 | Loss: 0.674388
Epoch 1 Batch 3 | Loss: 0.618034
Epoch 1 Batch 4 | Loss: 0.622646
Epoch 1 Batch 5 | Loss: 0.596191
Epoch 1 Batch 6 | Loss: 0.573521
Epoch 1 Batch 7 | Loss: 0.580228
Epoch 1 Batch 8 | Loss: 0.528262
Epoch 1 Batch 9 | Loss: 0.518913
Epoch 1 Batch 10 | Loss: 0.507615
Epoch 1 Batch 11 | Loss: 0.503904
Epoch 1 Batch 12 | Loss: 0.479211
Epoch 1 Batch 13 | Loss: 0.444398
  [STABILITY] Test accuracy improved: 0.00% -> 50.00% (via EMA). Saving best params.
--- Epoch 1/30 | Loss: 0.5683 | Train Acc: 44.5% | Test Acc: 50.0% | CM: [TP:81, TN:5, FP:81, FN:5] | Progress: 3.3% | ETA: 415.3s ---
Epoch 2 Batch 1 | Loss: 0.476511 | Stats: min: -0.297, max: 0.313, mean: 0.138
Epoch 2 Batch 2 | Loss: 0.477594
Epoch 2 Batch 3 | Loss: 0.444528
Epoch 2 Batch 4 | Loss: 0.444617
Epoch 2 Batch 5 | Loss: 0.457893
Epoch 2 Batch 6 | Loss: 0.485449
Epoch 2 Batch 7 | Loss: 0.460304
Epoch 2 Batch 8 | Loss: 0.440196
Epoch 2 Batch 9 | Loss: 0.425532
Epoch 2 Batch 10 | Loss: 0.427730
Epoch 2 Batch 11 | Loss: 0.436857
Epoch 2 Batch 12 | Loss: 0.426280
Epoch 2 Batch 13 | Loss: 0.425391
  [STABILITY] Test accuracy improved: 50.00% -> 66.28% (via EMA). Saving best params.
--- Epoch 2/30 | Loss: 0.4484 | Train Acc: 61.5% | Test Acc: 66.3% | CM: [TP:80, TN:34, FP:52, FN:6] | Progress: 6.7% | ETA: 156.6s ---
Epoch 3 Batch 1 | Loss: 0.407029 | Stats: min: -0.440, max: 0.353, mean: 0.173
Epoch 3 Batch 2 | Loss: 0.401512
Epoch 3 Batch 3 | Loss: 0.410027
Epoch 3 Batch 4 | Loss: 0.384721
Epoch 3 Batch 5 | Loss: 0.435906
Epoch 3 Batch 6 | Loss: 0.382371
Epoch 3 Batch 7 | Loss: 0.371779
Epoch 3 Batch 8 | Loss: 0.392537
Epoch 3 Batch 9 | Loss: 0.354516
Epoch 3 Batch 10 | Loss: 0.394505
Epoch 3 Batch 11 | Loss: 0.380536
Epoch 3 Batch 12 | Loss: 0.376269
Epoch 3 Batch 13 | Loss: 0.410910
  [STABILITY] Test accuracy improved: 66.28% -> 91.28% (via EMA). Saving best params.
--- Epoch 3/30 | Loss: 0.3925 | Train Acc: 91.5% | Test Acc: 91.3% | CM: [TP:80, TN:77, FP:9, FN:6] | Progress: 10.0% | ETA: 105.5s ---
Epoch 4 Batch 1 | Loss: 0.353000 | Stats: min: -0.456, max: 0.469, mean: 0.097
Epoch 4 Batch 2 | Loss: 0.357730
Epoch 4 Batch 3 | Loss: 0.366944
Epoch 4 Batch 4 | Loss: 0.363658
Epoch 4 Batch 5 | Loss: 0.373784
Epoch 4 Batch 6 | Loss: 0.360113
Epoch 4 Batch 7 | Loss: 0.355234
Epoch 4 Batch 8 | Loss: 0.373516
Epoch 4 Batch 9 | Loss: 0.358544
Epoch 4 Batch 10 | Loss: 0.380998
Epoch 4 Batch 11 | Loss: 0.381458
Epoch 4 Batch 12 | Loss: 0.367741
Epoch 4 Batch 13 | Loss: 0.369875
  [STABILITY] Test accuracy improved: 91.28% -> 95.35% (via EMA). Saving best params.
--- Epoch 4/30 | Loss: 0.3664 | Train Acc: 96.0% | Test Acc: 95.3% | CM: [TP:80, TN:84, FP:2, FN:6] | Progress: 13.3% | ETA: 56.1s ---
Epoch 5 Batch 1 | Loss: 0.371348 | Stats: min: -0.332, max: 0.460, mean: 0.288
Epoch 5 Batch 2 | Loss: 0.338812
Epoch 5 Batch 3 | Loss: 0.361215
Epoch 5 Batch 4 | Loss: 0.353612
Epoch 5 Batch 5 | Loss: 0.335952
Epoch 5 Batch 6 | Loss: 0.330820
Epoch 5 Batch 7 | Loss: 0.368187
Epoch 5 Batch 8 | Loss: 0.351965
Epoch 5 Batch 9 | Loss: 0.330747
Epoch 5 Batch 10 | Loss: 0.344692
Epoch 5 Batch 11 | Loss: 0.327549
Epoch 5 Batch 12 | Loss: 0.367636
Epoch 5 Batch 13 | Loss: 0.341656
  [STABILITY] Test accuracy improved: 95.35% -> 95.93% (via EMA). Saving best params.
--- Epoch 5/30 | Loss: 0.3480 | Train Acc: 96.5% | Test Acc: 95.9% | CM: [TP:80, TN:85, FP:1, FN:6] | Progress: 16.7% | ETA: 45.0s ---
Epoch 6 Batch 1 | Loss: 0.353601 | Stats: min: -0.564, max: 0.069, mean: -0.279
Epoch 6 Batch 2 | Loss: 0.369630
Epoch 6 Batch 3 | Loss: 0.336178
Epoch 6 Batch 4 | Loss: 0.326605
Epoch 6 Batch 5 | Loss: 0.331606
Epoch 6 Batch 6 | Loss: 0.336128
Epoch 6 Batch 7 | Loss: 0.349394
Epoch 6 Batch 8 | Loss: 0.333098
Epoch 6 Batch 9 | Loss: 0.325867
Epoch 6 Batch 10 | Loss: 0.326036
Epoch 6 Batch 11 | Loss: 0.337599
Epoch 6 Batch 12 | Loss: 0.336136
Epoch 6 Batch 13 | Loss: 0.317854
  [STABILITY] Test accuracy improved: 95.93% -> 96.51% (via EMA). Saving best params.
--- Epoch 6/30 | Loss: 0.3369 | Train Acc: 98.5% | Test Acc: 96.5% | CM: [TP:81, TN:85, FP:1, FN:5] | Progress: 20.0% | ETA: 34.7s ---
Epoch 7 Batch 1 | Loss: 0.339107 | Stats: min: -0.583, max: 0.458, mean: -0.264
Epoch 7 Batch 2 | Loss: 0.361007
Epoch 7 Batch 3 | Loss: 0.301810
Epoch 7 Batch 4 | Loss: 0.330889
Epoch 7 Batch 5 | Loss: 0.343992
Epoch 7 Batch 6 | Loss: 0.316098
Epoch 7 Batch 7 | Loss: 0.321304
Epoch 7 Batch 8 | Loss: 0.339570
Epoch 7 Batch 9 | Loss: 0.329710
Epoch 7 Batch 10 | Loss: 0.330162
Epoch 7 Batch 11 | Loss: 0.337044
Epoch 7 Batch 12 | Loss: 0.302730
Epoch 7 Batch 13 | Loss: 0.346225
  [STABILITY] Test accuracy improved: 96.51% -> 98.26% (via EMA). Saving best params.
--- Epoch 7/30 | Loss: 0.3307 | Train Acc: 99.5% | Test Acc: 98.3% | CM: [TP:84, TN:85, FP:1, FN:2] | Progress: 23.3% | ETA: 34.6s ---
Epoch 8 Batch 1 | Loss: 0.296948 | Stats: min: -0.652, max: 0.170, mean: -0.464
Epoch 8 Batch 2 | Loss: 0.337022
Epoch 8 Batch 3 | Loss: 0.339862
Epoch 8 Batch 4 | Loss: 0.332788
Epoch 8 Batch 5 | Loss: 0.305055
Epoch 8 Batch 6 | Loss: 0.345817
Epoch 8 Batch 7 | Loss: 0.306189
Epoch 8 Batch 8 | Loss: 0.299163
Epoch 8 Batch 9 | Loss: 0.355511
Epoch 8 Batch 10 | Loss: 0.318894
Epoch 8 Batch 11 | Loss: 0.332379
Epoch 8 Batch 12 | Loss: 0.313022
Epoch 8 Batch 13 | Loss: 0.309672
  [STABILITY] Test accuracy improved: 98.26% -> 99.42% (via EMA). Saving best params.
--- Epoch 8/30 | Loss: 0.3225 | Train Acc: 99.5% | Test Acc: 99.4% | CM: [TP:86, TN:85, FP:1, FN:0] | Progress: 26.7% | ETA: 30.7s ---
Epoch 9 Batch 1 | Loss: 0.308107 | Stats: min: 0.260, max: 0.534, mean: 0.454
Epoch 9 Batch 2 | Loss: 0.327606
Epoch 9 Batch 3 | Loss: 0.333149
Epoch 9 Batch 4 | Loss: 0.289396
Epoch 9 Batch 5 | Loss: 0.328882
Epoch 9 Batch 6 | Loss: 0.310641
Epoch 9 Batch 7 | Loss: 0.348409
Epoch 9 Batch 8 | Loss: 0.322641
Epoch 9 Batch 9 | Loss: 0.320094
Epoch 9 Batch 10 | Loss: 0.312472
Epoch 9 Batch 11 | Loss: 0.346809
Epoch 9 Batch 12 | Loss: 0.299983
Epoch 9 Batch 13 | Loss: 0.279814
--- Epoch 9/30 | Loss: 0.3175 | Train Acc: 99.5% | Test Acc: 99.4% | CM: [TP:86, TN:85, FP:1, FN:0] | Progress: 30.0% | ETA: 30.8s ---
Epoch 10 Batch 1 | Loss: 0.324053 | Stats: min: -0.488, max: 0.530, mean: 0.043
Epoch 10 Batch 2 | Loss: 0.305791
Epoch 10 Batch 3 | Loss: 0.323777
Epoch 10 Batch 4 | Loss: 0.313696
Epoch 10 Batch 5 | Loss: 0.328873
Epoch 10 Batch 6 | Loss: 0.329920
Epoch 10 Batch 7 | Loss: 0.314075
Epoch 10 Batch 8 | Loss: 0.282510
Epoch 10 Batch 9 | Loss: 0.333106
Epoch 10 Batch 10 | Loss: 0.342627
Epoch 10 Batch 11 | Loss: 0.277119
Epoch 10 Batch 12 | Loss: 0.306414
Epoch 10 Batch 13 | Loss: 0.324122
--- Epoch 10/30 | Loss: 0.3159 | Train Acc: 99.5% | Test Acc: 99.4% | CM: [TP:86, TN:85, FP:1, FN:0] | Progress: 33.3% | ETA: 20.8s ---
Epoch 11 Batch 1 | Loss: 0.311082 | Stats: min: -0.672, max: 0.547, mean: 0.070
Epoch 11 Batch 2 | Loss: 0.289152
Epoch 11 Batch 3 | Loss: 0.332865
Epoch 11 Batch 4 | Loss: 0.324982
Epoch 11 Batch 5 | Loss: 0.315725
Epoch 11 Batch 6 | Loss: 0.311232
Epoch 11 Batch 7 | Loss: 0.331952
Epoch 11 Batch 8 | Loss: 0.320066
Epoch 11 Batch 9 | Loss: 0.315950
Epoch 11 Batch 10 | Loss: 0.285224
Epoch 11 Batch 11 | Loss: 0.306758
Epoch 11 Batch 12 | Loss: 0.310511
Epoch 11 Batch 13 | Loss: 0.289638
  [STABILITY] Plateau detected. Reducing Learning Rate to 0.010000
--- Epoch 11/30 | Loss: 0.3112 | Train Acc: 99.0% | Test Acc: 99.4% | CM: [TP:86, TN:85, FP:1, FN:0] | Progress: 36.7% | ETA: 21.7s ---
Epoch 12 Batch 1 | Loss: 0.316594 | Stats: min: -0.675, max: 0.495, mean: -0.137
Epoch 12 Batch 2 | Loss: 0.310059
Epoch 12 Batch 3 | Loss: 0.324134
Epoch 12 Batch 4 | Loss: 0.301362
Epoch 12 Batch 5 | Loss: 0.298760
Epoch 12 Batch 6 | Loss: 0.319743
Epoch 12 Batch 7 | Loss: 0.321194
Epoch 12 Batch 8 | Loss: 0.299334
Epoch 12 Batch 9 | Loss: 0.324262
Epoch 12 Batch 10 | Loss: 0.276166
Epoch 12 Batch 11 | Loss: 0.298123
Epoch 12 Batch 12 | Loss: 0.314125
Epoch 12 Batch 13 | Loss: 0.323379
--- Epoch 12/30 | Loss: 0.3098 | Train Acc: 99.0% | Test Acc: 99.4% | CM: [TP:86, TN:85, FP:1, FN:0] | Progress: 40.0% | ETA: 13.2s ---
Epoch 13 Batch 1 | Loss: 0.314408 | Stats: min: -0.555, max: 0.533, mean: -0.057
Epoch 13 Batch 2 | Loss: 0.334010
Epoch 13 Batch 3 | Loss: 0.287117
Epoch 13 Batch 4 | Loss: 0.320020
Epoch 13 Batch 5 | Loss: 0.296589
Epoch 13 Batch 6 | Loss: 0.304435
Epoch 13 Batch 7 | Loss: 0.291521
Epoch 13 Batch 8 | Loss: 0.290774
Epoch 13 Batch 9 | Loss: 0.326741
Epoch 13 Batch 10 | Loss: 0.326457
Epoch 13 Batch 11 | Loss: 0.293081
Epoch 13 Batch 12 | Loss: 0.289248
Epoch 13 Batch 13 | Loss: 0.321877
--- Epoch 13/30 | Loss: 0.3074 | Train Acc: 99.5% | Test Acc: 99.4% | CM: [TP:86, TN:85, FP:1, FN:0] | Progress: 43.3% | ETA: 12.3s ---
Epoch 14 Batch 1 | Loss: 0.288693 | Stats: min: -0.635, max: 0.554, mean: 0.014
Epoch 14 Batch 2 | Loss: 0.306157
Epoch 14 Batch 3 | Loss: 0.330708
Epoch 14 Batch 4 | Loss: 0.290327
Epoch 14 Batch 5 | Loss: 0.312286
Epoch 14 Batch 6 | Loss: 0.321043
Epoch 14 Batch 7 | Loss: 0.318513
Epoch 14 Batch 8 | Loss: 0.298557
Epoch 14 Batch 9 | Loss: 0.344906
Epoch 14 Batch 10 | Loss: 0.267420
Epoch 14 Batch 11 | Loss: 0.269925
Epoch 14 Batch 12 | Loss: 0.315874
Epoch 14 Batch 13 | Loss: 0.299369
  [STABILITY] Plateau detected. Reducing Learning Rate to 0.005000
--- Epoch 14/30 | Loss: 0.3049 | Train Acc: 99.5% | Test Acc: 99.4% | CM: [TP:86, TN:85, FP:1, FN:0] | Progress: 46.7% | ETA: 9.9s ---
Epoch 15 Batch 1 | Loss: 0.316761 | Stats: min: 0.285, max: 0.590, mean: 0.500
Epoch 15 Batch 2 | Loss: 0.284168
Epoch 15 Batch 3 | Loss: 0.316031
Epoch 15 Batch 4 | Loss: 0.282531
Epoch 15 Batch 5 | Loss: 0.279952
Epoch 15 Batch 6 | Loss: 0.287283
Epoch 15 Batch 7 | Loss: 0.285030
Epoch 15 Batch 8 | Loss: 0.322248
Epoch 15 Batch 9 | Loss: 0.320844
Epoch 15 Batch 10 | Loss: 0.302973
Epoch 15 Batch 11 | Loss: 0.321605
Epoch 15 Batch 12 | Loss: 0.330993
Epoch 15 Batch 13 | Loss: 0.294916
--- Epoch 15/30 | Loss: 0.3035 | Train Acc: 99.5% | Test Acc: 99.4% | CM: [TP:86, TN:85, FP:1, FN:0] | Progress: 50.0% | ETA: 8.7s ---
Epoch 16 Batch 1 | Loss: 0.314674 | Stats: min: -0.675, max: 0.142, mean: -0.394
Epoch 16 Batch 2 | Loss: 0.294755
Epoch 16 Batch 3 | Loss: 0.296114
Epoch 16 Batch 4 | Loss: 0.303244
Epoch 16 Batch 5 | Loss: 0.315280
Epoch 16 Batch 6 | Loss: 0.305529
Epoch 16 Batch 7 | Loss: 0.296306
Epoch 16 Batch 8 | Loss: 0.287538
Epoch 16 Batch 9 | Loss: 0.290308
Epoch 16 Batch 10 | Loss: 0.291444
Epoch 16 Batch 11 | Loss: 0.316859
Epoch 16 Batch 12 | Loss: 0.329762
Epoch 16 Batch 13 | Loss: 0.287665
--- Epoch 16/30 | Loss: 0.3023 | Train Acc: 99.5% | Test Acc: 99.4% | CM: [TP:86, TN:85, FP:1, FN:0] | Progress: 53.3% | ETA: 8.1s ---
Epoch 17 Batch 1 | Loss: 0.296541 | Stats: min: -0.626, max: 0.576, mean: 0.118
Epoch 17 Batch 2 | Loss: 0.289117
Epoch 17 Batch 3 | Loss: 0.313291
Epoch 17 Batch 4 | Loss: 0.322753
Epoch 17 Batch 5 | Loss: 0.295596
Epoch 17 Batch 6 | Loss: 0.304629
Epoch 17 Batch 7 | Loss: 0.293077
Epoch 17 Batch 8 | Loss: 0.298399
Epoch 17 Batch 9 | Loss: 0.294260
Epoch 17 Batch 10 | Loss: 0.300246
Epoch 17 Batch 11 | Loss: 0.310721
Epoch 17 Batch 12 | Loss: 0.295860
Epoch 17 Batch 13 | Loss: 0.318257
  [STABILITY] Plateau detected. Reducing Learning Rate to 0.002500
--- Epoch 17/30 | Loss: 0.3025 | Train Acc: 99.5% | Test Acc: 99.4% | CM: [TP:86, TN:85, FP:1, FN:0] | Progress: 56.7% | ETA: 6.2s ---
Epoch 18 Batch 1 | Loss: 0.298595 | Stats: min: -0.592, max: 0.568, mean: -0.300
Epoch 18 Batch 2 | Loss: 0.300025
Epoch 18 Batch 3 | Loss: 0.291849
Epoch 18 Batch 4 | Loss: 0.305862
Epoch 18 Batch 5 | Loss: 0.295722
Epoch 18 Batch 6 | Loss: 0.295716
Epoch 18 Batch 7 | Loss: 0.326153
Epoch 18 Batch 8 | Loss: 0.292919
Epoch 18 Batch 9 | Loss: 0.284692
Epoch 18 Batch 10 | Loss: 0.313887
Epoch 18 Batch 11 | Loss: 0.318629
Epoch 18 Batch 12 | Loss: 0.293586
Epoch 18 Batch 13 | Loss: 0.296114
--- Epoch 18/30 | Loss: 0.3011 | Train Acc: 99.5% | Test Acc: 99.4% | CM: [TP:86, TN:85, FP:1, FN:0] | Progress: 60.0% | ETA: 6.4s ---
Epoch 19 Batch 1 | Loss: 0.308333 | Stats: min: -0.568, max: 0.566, mean: 0.051
Epoch 19 Batch 2 | Loss: 0.282121
Epoch 19 Batch 3 | Loss: 0.294395
Epoch 19 Batch 4 | Loss: 0.281690
Epoch 19 Batch 5 | Loss: 0.324790
Epoch 19 Batch 6 | Loss: 0.337247
Epoch 19 Batch 7 | Loss: 0.306705
Epoch 19 Batch 8 | Loss: 0.286138
Epoch 19 Batch 9 | Loss: 0.304649
Epoch 19 Batch 10 | Loss: 0.303726
Epoch 19 Batch 11 | Loss: 0.270004
Epoch 19 Batch 12 | Loss: 0.306658
Epoch 19 Batch 13 | Loss: 0.309931
--- Epoch 19/30 | Loss: 0.3013 | Train Acc: 99.5% | Test Acc: 99.4% | CM: [TP:86, TN:85, FP:1, FN:0] | Progress: 63.3% | ETA: 5.4s ---
Epoch 20 Batch 1 | Loss: 0.307607 | Stats: min: -0.575, max: 0.575, mean: -0.068
Epoch 20 Batch 2 | Loss: 0.314507
Epoch 20 Batch 3 | Loss: 0.298377
Epoch 20 Batch 4 | Loss: 0.278791
Epoch 20 Batch 5 | Loss: 0.297370
Epoch 20 Batch 6 | Loss: 0.324267
Epoch 20 Batch 7 | Loss: 0.288516
Epoch 20 Batch 8 | Loss: 0.282159
Epoch 20 Batch 9 | Loss: 0.303215
Epoch 20 Batch 10 | Loss: 0.326665
Epoch 20 Batch 11 | Loss: 0.304845
Epoch 20 Batch 12 | Loss: 0.281971
Epoch 20 Batch 13 | Loss: 0.297540
  [STABILITY] Plateau detected. Reducing Learning Rate to 0.001250
--- Epoch 20/30 | Loss: 0.3004 | Train Acc: 99.5% | Test Acc: 99.4% | CM: [TP:86, TN:85, FP:1, FN:0] | Progress: 66.7% | ETA: 4.3s ---
Epoch 21 Batch 1 | Loss: 0.311309 | Stats: min: -0.650, max: -0.487, mean: -0.566
Epoch 21 Batch 2 | Loss: 0.301815
Epoch 21 Batch 3 | Loss: 0.304584
Epoch 21 Batch 4 | Loss: 0.281890
Epoch 21 Batch 5 | Loss: 0.322628
Epoch 21 Batch 6 | Loss: 0.315637
Epoch 21 Batch 7 | Loss: 0.281713
Epoch 21 Batch 8 | Loss: 0.293784
Epoch 21 Batch 9 | Loss: 0.285260
Epoch 21 Batch 10 | Loss: 0.299021
Epoch 21 Batch 11 | Loss: 0.293460
Epoch 21 Batch 12 | Loss: 0.304889
Epoch 21 Batch 13 | Loss: 0.315305
--- Epoch 21/30 | Loss: 0.3009 | Train Acc: 99.5% | Test Acc: 99.4% | CM: [TP:86, TN:85, FP:1, FN:0] | Progress: 70.0% | ETA: 3.3s ---
Epoch 22 Batch 1 | Loss: 0.271763 | Stats: min: -0.645, max: 0.566, mean: -0.320
Epoch 22 Batch 2 | Loss: 0.314482
Epoch 22 Batch 3 | Loss: 0.325442
Epoch 22 Batch 4 | Loss: 0.312559
Epoch 22 Batch 5 | Loss: 0.297761
Epoch 22 Batch 6 | Loss: 0.338919
Epoch 22 Batch 7 | Loss: 0.276298
Epoch 22 Batch 8 | Loss: 0.304158
Epoch 22 Batch 9 | Loss: 0.285320
Epoch 22 Batch 10 | Loss: 0.268141
Epoch 22 Batch 11 | Loss: 0.315426
Epoch 22 Batch 12 | Loss: 0.301157
Epoch 22 Batch 13 | Loss: 0.278535
--- Epoch 22/30 | Loss: 0.2992 | Train Acc: 99.5% | Test Acc: 99.4% | CM: [TP:86, TN:85, FP:1, FN:0] | Progress: 73.3% | ETA: 3.5s ---
Epoch 23 Batch 1 | Loss: 0.304574 | Stats: min: -0.242, max: 0.611, mean: 0.356
Epoch 23 Batch 2 | Loss: 0.300070
Epoch 23 Batch 3 | Loss: 0.277791
Epoch 23 Batch 4 | Loss: 0.323963
Epoch 23 Batch 5 | Loss: 0.269973
Epoch 23 Batch 6 | Loss: 0.302733
Epoch 23 Batch 7 | Loss: 0.313616
Epoch 23 Batch 8 | Loss: 0.307866
Epoch 23 Batch 9 | Loss: 0.291134
Epoch 23 Batch 10 | Loss: 0.285088
Epoch 23 Batch 11 | Loss: 0.310322
Epoch 23 Batch 12 | Loss: 0.300212
Epoch 23 Batch 13 | Loss: 0.323377
  [STABILITY] Plateau detected. Reducing Learning Rate to 0.000625
--- Epoch 23/30 | Loss: 0.3008 | Train Acc: 99.5% | Test Acc: 99.4% | CM: [TP:86, TN:85, FP:1, FN:0] | Progress: 76.7% | ETA: 2.6s ---
Epoch 24 Batch 1 | Loss: 0.317553 | Stats: min: -0.542, max: 0.502, mean: -0.109
Epoch 24 Batch 2 | Loss: 0.318145
Epoch 24 Batch 3 | Loss: 0.312281
Epoch 24 Batch 4 | Loss: 0.296586
Epoch 24 Batch 5 | Loss: 0.286402
Epoch 24 Batch 6 | Loss: 0.277157
Epoch 24 Batch 7 | Loss: 0.314497
Epoch 24 Batch 8 | Loss: 0.311332
Epoch 24 Batch 9 | Loss: 0.274396
Epoch 24 Batch 10 | Loss: 0.304025
Epoch 24 Batch 11 | Loss: 0.307846
Epoch 24 Batch 12 | Loss: 0.286516
Epoch 24 Batch 13 | Loss: 0.278101
--- Epoch 24/30 | Loss: 0.2988 | Train Acc: 99.5% | Test Acc: 99.4% | CM: [TP:86, TN:85, FP:1, FN:0] | Progress: 80.0% | ETA: 1.9s ---
Epoch 25 Batch 1 | Loss: 0.287632 | Stats: min: -0.604, max: 0.458, mean: -0.158
Epoch 25 Batch 2 | Loss: 0.300557
Epoch 25 Batch 3 | Loss: 0.300612
Epoch 25 Batch 4 | Loss: 0.299651
Epoch 25 Batch 5 | Loss: 0.309946
Epoch 25 Batch 6 | Loss: 0.283785
Epoch 25 Batch 7 | Loss: 0.310023
Epoch 25 Batch 8 | Loss: 0.317309
Epoch 25 Batch 9 | Loss: 0.296039
Epoch 25 Batch 10 | Loss: 0.327076
Epoch 25 Batch 11 | Loss: 0.271479
Epoch 25 Batch 12 | Loss: 0.293160
Epoch 25 Batch 13 | Loss: 0.296055
--- Epoch 25/30 | Loss: 0.2995 | Train Acc: 99.5% | Test Acc: 99.4% | CM: [TP:86, TN:85, FP:1, FN:0] | Progress: 83.3% | ETA: 1.6s ---
Epoch 26 Batch 1 | Loss: 0.282433 | Stats: min: -0.525, max: 0.609, mean: 0.116
Epoch 26 Batch 2 | Loss: 0.325366
Epoch 26 Batch 3 | Loss: 0.298509
Epoch 26 Batch 4 | Loss: 0.293223
Epoch 26 Batch 5 | Loss: 0.302517
Epoch 26 Batch 6 | Loss: 0.301665
Epoch 26 Batch 7 | Loss: 0.315616
Epoch 26 Batch 8 | Loss: 0.288387
Epoch 26 Batch 9 | Loss: 0.314138
Epoch 26 Batch 10 | Loss: 0.298512
Epoch 26 Batch 11 | Loss: 0.276899
Epoch 26 Batch 12 | Loss: 0.301961
Epoch 26 Batch 13 | Loss: 0.290279
  [STABILITY] Plateau detected. Reducing Learning Rate to 0.000313
--- Epoch 26/30 | Loss: 0.2992 | Train Acc: 99.5% | Test Acc: 99.4% | CM: [TP:86, TN:85, FP:1, FN:0] | Progress: 86.7% | ETA: 1.3s ---
Epoch 27 Batch 1 | Loss: 0.302465 | Stats: min: -0.564, max: 0.485, mean: 0.077
Epoch 27 Batch 2 | Loss: 0.308949
Epoch 27 Batch 3 | Loss: 0.286811
Epoch 27 Batch 4 | Loss: 0.307761
Epoch 27 Batch 5 | Loss: 0.276940
Epoch 27 Batch 6 | Loss: 0.334188
Epoch 27 Batch 7 | Loss: 0.303313
Epoch 27 Batch 8 | Loss: 0.293240
Epoch 27 Batch 9 | Loss: 0.274143
Epoch 27 Batch 10 | Loss: 0.298396
Epoch 27 Batch 11 | Loss: 0.289980
Epoch 27 Batch 12 | Loss: 0.320855
Epoch 27 Batch 13 | Loss: 0.291790
--- Epoch 27/30 | Loss: 0.2991 | Train Acc: 99.5% | Test Acc: 99.4% | CM: [TP:86, TN:85, FP:1, FN:0] | Progress: 90.0% | ETA: 1.2s ---
Epoch 28 Batch 1 | Loss: 0.298204 | Stats: min: -0.697, max: -0.049, mean: -0.388
Epoch 28 Batch 2 | Loss: 0.310829
Epoch 28 Batch 3 | Loss: 0.314856
Epoch 28 Batch 4 | Loss: 0.310615
Epoch 28 Batch 5 | Loss: 0.288777
Epoch 28 Batch 6 | Loss: 0.312056
Epoch 28 Batch 7 | Loss: 0.281741
Epoch 28 Batch 8 | Loss: 0.308800
Epoch 28 Batch 9 | Loss: 0.310627
Epoch 28 Batch 10 | Loss: 0.298317
Epoch 28 Batch 11 | Loss: 0.277574
Epoch 28 Batch 12 | Loss: 0.292689
Epoch 28 Batch 13 | Loss: 0.272994
--- Epoch 28/30 | Loss: 0.2983 | Train Acc: 99.5% | Test Acc: 99.4% | CM: [TP:86, TN:85, FP:1, FN:0] | Progress: 93.3% | ETA: 0.8s ---
Epoch 29 Batch 1 | Loss: 0.291691 | Stats: min: -0.598, max: 0.465, mean: -0.052
Epoch 29 Batch 2 | Loss: 0.307603
Epoch 29 Batch 3 | Loss: 0.302563
Epoch 29 Batch 4 | Loss: 0.285797
Epoch 29 Batch 5 | Loss: 0.298259
Epoch 29 Batch 6 | Loss: 0.306285
Epoch 29 Batch 7 | Loss: 0.299866
Epoch 29 Batch 8 | Loss: 0.285091
Epoch 29 Batch 9 | Loss: 0.293298
Epoch 29 Batch 10 | Loss: 0.298700
Epoch 29 Batch 11 | Loss: 0.314061
Epoch 29 Batch 12 | Loss: 0.314653
Epoch 29 Batch 13 | Loss: 0.287292
  [STABILITY] Plateau detected. Reducing Learning Rate to 0.000156
--- Epoch 29/30 | Loss: 0.2989 | Train Acc: 99.5% | Test Acc: 99.4% | CM: [TP:86, TN:85, FP:1, FN:0] | Progress: 96.7% | ETA: 0.4s ---
Epoch 30 Batch 1 | Loss: 0.294088 | Stats: min: -0.683, max: 0.597, mean: -0.191
Epoch 30 Batch 2 | Loss: 0.285013
Epoch 30 Batch 3 | Loss: 0.287663
Epoch 30 Batch 4 | Loss: 0.277432
Epoch 30 Batch 5 | Loss: 0.273578
Epoch 30 Batch 6 | Loss: 0.308352
Epoch 30 Batch 7 | Loss: 0.321439
Epoch 30 Batch 8 | Loss: 0.333931
Epoch 30 Batch 9 | Loss: 0.315405
Epoch 30 Batch 10 | Loss: 0.295653
Epoch 30 Batch 11 | Loss: 0.298011
Epoch 30 Batch 12 | Loss: 0.294369
Epoch 30 Batch 13 | Loss: 0.314125
--- Epoch 30/30 | Loss: 0.2999 | Train Acc: 99.5% | Test Acc: 99.4% | CM: [TP:86, TN:85, FP:1, FN:0] | Progress: 100.0% | ETA: 0.0s ---

Final Best Test Accuracy: 99.42%


Best Quantum Test Accuracy: 0.994
