DEBUG: Qtrainer enters train_pure_quantum_cnn. Encoding: amplitude
  Class Weights: +1 (Target): 1.00 | -1 (Rest): 1.00
Starting Training
==================================================
Epoch 1 Batch 1 | Loss: 0.698530 | Stats: min: -0.010, max: 0.155, mean: 0.068
Epoch 1 Batch 2 | Loss: 0.645174
Epoch 1 Batch 3 | Loss: 0.614994
Epoch 1 Batch 4 | Loss: 0.613351
Epoch 1 Batch 5 | Loss: 0.561624
Epoch 1 Batch 6 | Loss: 0.554820
Epoch 1 Batch 7 | Loss: 0.533961
Epoch 1 Batch 8 | Loss: 0.534043
Epoch 1 Batch 9 | Loss: 0.503398
Epoch 1 Batch 10 | Loss: 0.506686
Epoch 1 Batch 11 | Loss: 0.496349
Epoch 1 Batch 12 | Loss: 0.476473
Epoch 1 Batch 13 | Loss: 0.497144
  [STABILITY] Test accuracy improved: 0.00% -> 60.47% (via EMA). Saving best params.
--- Epoch 1/30 | Loss: 0.5567 | Train Acc: 61.0% | Test Acc: 60.5% | CM: [TP:73, TN:31, FP:55, FN:13] | Progress: 3.3% | ETA: 345.5s ---
Epoch 2 Batch 1 | Loss: 0.470043 | Stats: min: -0.186, max: 0.320, mean: 0.170
Epoch 2 Batch 2 | Loss: 0.450396
Epoch 2 Batch 3 | Loss: 0.442721
Epoch 2 Batch 4 | Loss: 0.464999
Epoch 2 Batch 5 | Loss: 0.462590
Epoch 2 Batch 6 | Loss: 0.445732
Epoch 2 Batch 7 | Loss: 0.443525
Epoch 2 Batch 8 | Loss: 0.465895
Epoch 2 Batch 9 | Loss: 0.450767
Epoch 2 Batch 10 | Loss: 0.455363
Epoch 2 Batch 11 | Loss: 0.425061
Epoch 2 Batch 12 | Loss: 0.394623
Epoch 2 Batch 13 | Loss: 0.398196
  [STABILITY] Test accuracy improved: 60.47% -> 75.58% (via EMA). Saving best params.
--- Epoch 2/30 | Loss: 0.4438 | Train Acc: 77.0% | Test Acc: 75.6% | CM: [TP:80, TN:50, FP:36, FN:6] | Progress: 6.7% | ETA: 111.5s ---
Epoch 3 Batch 1 | Loss: 0.437073 | Stats: min: -0.319, max: 0.421, mean: -0.127
Epoch 3 Batch 2 | Loss: 0.417740
Epoch 3 Batch 3 | Loss: 0.409993
Epoch 3 Batch 4 | Loss: 0.418355
Epoch 3 Batch 5 | Loss: 0.404883
Epoch 3 Batch 6 | Loss: 0.395448
Epoch 3 Batch 7 | Loss: 0.388734
Epoch 3 Batch 8 | Loss: 0.394986
Epoch 3 Batch 9 | Loss: 0.386291
Epoch 3 Batch 10 | Loss: 0.379575
Epoch 3 Batch 11 | Loss: 0.412126
Epoch 3 Batch 12 | Loss: 0.416075
Epoch 3 Batch 13 | Loss: 0.383748
  [STABILITY] Test accuracy improved: 75.58% -> 84.88% (via EMA). Saving best params.
--- Epoch 3/30 | Loss: 0.4035 | Train Acc: 88.0% | Test Acc: 84.9% | CM: [TP:82, TN:64, FP:22, FN:4] | Progress: 10.0% | ETA: 76.5s ---
Epoch 4 Batch 1 | Loss: 0.383813 | Stats: min: -0.429, max: 0.435, mean: -0.084
Epoch 4 Batch 2 | Loss: 0.372557
Epoch 4 Batch 3 | Loss: 0.380373
Epoch 4 Batch 4 | Loss: 0.379351
Epoch 4 Batch 5 | Loss: 0.392548
Epoch 4 Batch 6 | Loss: 0.387744
Epoch 4 Batch 7 | Loss: 0.367587
Epoch 4 Batch 8 | Loss: 0.374693
Epoch 4 Batch 9 | Loss: 0.383630
Epoch 4 Batch 10 | Loss: 0.386746
Epoch 4 Batch 11 | Loss: 0.362101
Epoch 4 Batch 12 | Loss: 0.351459
Epoch 4 Batch 13 | Loss: 0.329636
  [STABILITY] Test accuracy improved: 84.88% -> 91.28% (via EMA). Saving best params.
--- Epoch 4/30 | Loss: 0.3732 | Train Acc: 91.5% | Test Acc: 91.3% | CM: [TP:84, TN:73, FP:13, FN:2] | Progress: 13.3% | ETA: 52.2s ---
Epoch 5 Batch 1 | Loss: 0.353645 | Stats: min: -0.238, max: 0.532, mean: 0.192
Epoch 5 Batch 2 | Loss: 0.358611
Epoch 5 Batch 3 | Loss: 0.366754
Epoch 5 Batch 4 | Loss: 0.361215
Epoch 5 Batch 5 | Loss: 0.370867
Epoch 5 Batch 6 | Loss: 0.370131
Epoch 5 Batch 7 | Loss: 0.397857
Epoch 5 Batch 8 | Loss: 0.351224
Epoch 5 Batch 9 | Loss: 0.359001
Epoch 5 Batch 10 | Loss: 0.342078
Epoch 5 Batch 11 | Loss: 0.330735
Epoch 5 Batch 12 | Loss: 0.349310
Epoch 5 Batch 13 | Loss: 0.302362
  [STABILITY] Test accuracy improved: 91.28% -> 94.19% (via EMA). Saving best params.
--- Epoch 5/30 | Loss: 0.3549 | Train Acc: 97.0% | Test Acc: 94.2% | CM: [TP:84, TN:78, FP:8, FN:2] | Progress: 16.7% | ETA: 51.1s ---
Epoch 6 Batch 1 | Loss: 0.328334 | Stats: min: -0.509, max: 0.484, mean: 0.060
Epoch 6 Batch 2 | Loss: 0.334651
Epoch 6 Batch 3 | Loss: 0.328385
Epoch 6 Batch 4 | Loss: 0.353501
Epoch 6 Batch 5 | Loss: 0.373466
Epoch 6 Batch 6 | Loss: 0.357161
Epoch 6 Batch 7 | Loss: 0.352519
Epoch 6 Batch 8 | Loss: 0.349822
Epoch 6 Batch 9 | Loss: 0.328442
Epoch 6 Batch 10 | Loss: 0.328604
Epoch 6 Batch 11 | Loss: 0.332647
Epoch 6 Batch 12 | Loss: 0.346280
Epoch 6 Batch 13 | Loss: 0.372812
  [STABILITY] Test accuracy improved: 94.19% -> 95.35% (via EMA). Saving best params.
--- Epoch 6/30 | Loss: 0.3451 | Train Acc: 98.5% | Test Acc: 95.3% | CM: [TP:85, TN:79, FP:7, FN:1] | Progress: 20.0% | ETA: 34.4s ---
Epoch 7 Batch 1 | Loss: 0.352834 | Stats: min: -0.514, max: 0.544, mean: -0.067
Epoch 7 Batch 2 | Loss: 0.336712
Epoch 7 Batch 3 | Loss: 0.330072
Epoch 7 Batch 4 | Loss: 0.326615
Epoch 7 Batch 5 | Loss: 0.320256
Epoch 7 Batch 6 | Loss: 0.302761
Epoch 7 Batch 7 | Loss: 0.324818
Epoch 7 Batch 8 | Loss: 0.328988
Epoch 7 Batch 9 | Loss: 0.356653
Epoch 7 Batch 10 | Loss: 0.344445
Epoch 7 Batch 11 | Loss: 0.330014
Epoch 7 Batch 12 | Loss: 0.327972
Epoch 7 Batch 13 | Loss: 0.371149
  [STABILITY] Test accuracy improved: 95.35% -> 97.67% (via EMA). Saving best params.
--- Epoch 7/30 | Loss: 0.3349 | Train Acc: 99.0% | Test Acc: 97.7% | CM: [TP:85, TN:83, FP:3, FN:1] | Progress: 23.3% | ETA: 51.6s ---
Epoch 8 Batch 1 | Loss: 0.300547 | Stats: min: -0.553, max: 0.449, mean: -0.076
Epoch 8 Batch 2 | Loss: 0.337441
Epoch 8 Batch 3 | Loss: 0.319469
Epoch 8 Batch 4 | Loss: 0.313317
Epoch 8 Batch 5 | Loss: 0.331036
Epoch 8 Batch 6 | Loss: 0.331999
Epoch 8 Batch 7 | Loss: 0.316945
Epoch 8 Batch 8 | Loss: 0.316695
Epoch 8 Batch 9 | Loss: 0.301818
Epoch 8 Batch 10 | Loss: 0.346692
Epoch 8 Batch 11 | Loss: 0.313945
Epoch 8 Batch 12 | Loss: 0.333425
Epoch 8 Batch 13 | Loss: 0.318657
--- Epoch 8/30 | Loss: 0.3217 | Train Acc: 99.5% | Test Acc: 97.7% | CM: [TP:85, TN:83, FP:3, FN:1] | Progress: 26.7% | ETA: 36.5s ---
Epoch 9 Batch 1 | Loss: 0.334504 | Stats: min: -0.524, max: 0.450, mean: -0.211
Epoch 9 Batch 2 | Loss: 0.309864
Epoch 9 Batch 3 | Loss: 0.308588
Epoch 9 Batch 4 | Loss: 0.324866
Epoch 9 Batch 5 | Loss: 0.315747
Epoch 9 Batch 6 | Loss: 0.301474
Epoch 9 Batch 7 | Loss: 0.290971
Epoch 9 Batch 8 | Loss: 0.310725
Epoch 9 Batch 9 | Loss: 0.292653
Epoch 9 Batch 10 | Loss: 0.319067
Epoch 9 Batch 11 | Loss: 0.282525
Epoch 9 Batch 12 | Loss: 0.358757
Epoch 9 Batch 13 | Loss: 0.306257
--- Epoch 9/30 | Loss: 0.3120 | Train Acc: 99.5% | Test Acc: 97.7% | CM: [TP:85, TN:83, FP:3, FN:1] | Progress: 30.0% | ETA: 18.7s ---
Epoch 10 Batch 1 | Loss: 0.300916 | Stats: min: -0.508, max: 0.622, mean: -0.074
Epoch 10 Batch 2 | Loss: 0.298675
Epoch 10 Batch 3 | Loss: 0.294781
Epoch 10 Batch 4 | Loss: 0.323769
Epoch 10 Batch 5 | Loss: 0.310785
Epoch 10 Batch 6 | Loss: 0.289374
Epoch 10 Batch 7 | Loss: 0.311431
Epoch 10 Batch 8 | Loss: 0.306144
Epoch 10 Batch 9 | Loss: 0.283018
Epoch 10 Batch 10 | Loss: 0.309744
Epoch 10 Batch 11 | Loss: 0.332799
Epoch 10 Batch 12 | Loss: 0.286595
Epoch 10 Batch 13 | Loss: 0.327693
  [STABILITY] Test accuracy improved: 97.67% -> 98.26% (via EMA). Saving best params.
--- Epoch 10/30 | Loss: 0.3058 | Train Acc: 99.5% | Test Acc: 98.3% | CM: [TP:85, TN:84, FP:2, FN:1] | Progress: 33.3% | ETA: 15.2s ---
Epoch 11 Batch 1 | Loss: 0.301254 | Stats: min: -0.564, max: 0.644, mean: 0.074
Epoch 11 Batch 2 | Loss: 0.311756
Epoch 11 Batch 3 | Loss: 0.292561
Epoch 11 Batch 4 | Loss: 0.267566
Epoch 11 Batch 5 | Loss: 0.306837
Epoch 11 Batch 6 | Loss: 0.327843
Epoch 11 Batch 7 | Loss: 0.292002
Epoch 11 Batch 8 | Loss: 0.323729
Epoch 11 Batch 9 | Loss: 0.281667
Epoch 11 Batch 10 | Loss: 0.295876
Epoch 11 Batch 11 | Loss: 0.313771
Epoch 11 Batch 12 | Loss: 0.308840
Epoch 11 Batch 13 | Loss: 0.279444
--- Epoch 11/30 | Loss: 0.3002 | Train Acc: 99.5% | Test Acc: 98.3% | CM: [TP:85, TN:84, FP:2, FN:1] | Progress: 36.7% | ETA: 25.6s ---
Epoch 12 Batch 1 | Loss: 0.288651 | Stats: min: -0.561, max: 0.587, mean: 0.111
Epoch 12 Batch 2 | Loss: 0.309234
Epoch 12 Batch 3 | Loss: 0.290679
Epoch 12 Batch 4 | Loss: 0.273567
Epoch 12 Batch 5 | Loss: 0.353722
Epoch 12 Batch 6 | Loss: 0.287817
Epoch 12 Batch 7 | Loss: 0.312357
Epoch 12 Batch 8 | Loss: 0.305148
Epoch 12 Batch 9 | Loss: 0.296475
Epoch 12 Batch 10 | Loss: 0.296197
Epoch 12 Batch 11 | Loss: 0.286233
Epoch 12 Batch 12 | Loss: 0.286257
Epoch 12 Batch 13 | Loss: 0.288946
--- Epoch 12/30 | Loss: 0.2981 | Train Acc: 99.5% | Test Acc: 98.3% | CM: [TP:85, TN:84, FP:2, FN:1] | Progress: 40.0% | ETA: 19.7s ---
Epoch 13 Batch 1 | Loss: 0.314415 | Stats: min: -0.566, max: 0.405, mean: -0.197
Epoch 13 Batch 2 | Loss: 0.276388
Epoch 13 Batch 3 | Loss: 0.303472
Epoch 13 Batch 4 | Loss: 0.303845
Epoch 13 Batch 5 | Loss: 0.269338
Epoch 13 Batch 6 | Loss: 0.301607
Epoch 13 Batch 7 | Loss: 0.303971
Epoch 13 Batch 8 | Loss: 0.290140
Epoch 13 Batch 9 | Loss: 0.300609
Epoch 13 Batch 10 | Loss: 0.298253
Epoch 13 Batch 11 | Loss: 0.278953
Epoch 13 Batch 12 | Loss: 0.317312
Epoch 13 Batch 13 | Loss: 0.284096
  [STABILITY] Plateau detected. Reducing Learning Rate to 0.010000
--- Epoch 13/30 | Loss: 0.2956 | Train Acc: 99.5% | Test Acc: 98.3% | CM: [TP:85, TN:84, FP:2, FN:1] | Progress: 43.3% | ETA: 12.4s ---
Epoch 14 Batch 1 | Loss: 0.280017 | Stats: min: -0.576, max: 0.659, mean: -0.070
Epoch 14 Batch 2 | Loss: 0.289538
Epoch 14 Batch 3 | Loss: 0.305709
Epoch 14 Batch 4 | Loss: 0.308663
Epoch 14 Batch 5 | Loss: 0.303653
Epoch 14 Batch 6 | Loss: 0.289717
Epoch 14 Batch 7 | Loss: 0.288178
Epoch 14 Batch 8 | Loss: 0.319385
Epoch 14 Batch 9 | Loss: 0.279694
Epoch 14 Batch 10 | Loss: 0.283928
Epoch 14 Batch 11 | Loss: 0.296259
Epoch 14 Batch 12 | Loss: 0.289407
Epoch 14 Batch 13 | Loss: 0.250352
--- Epoch 14/30 | Loss: 0.2911 | Train Acc: 99.5% | Test Acc: 98.3% | CM: [TP:85, TN:84, FP:2, FN:1] | Progress: 46.7% | ETA: 14.9s ---
Epoch 15 Batch 1 | Loss: 0.320127 | Stats: min: -0.575, max: 0.538, mean: -0.222
Epoch 15 Batch 2 | Loss: 0.271343
Epoch 15 Batch 3 | Loss: 0.263487
Epoch 15 Batch 4 | Loss: 0.265760
Epoch 15 Batch 5 | Loss: 0.306518
Epoch 15 Batch 6 | Loss: 0.317170
Epoch 15 Batch 7 | Loss: 0.291662
Epoch 15 Batch 8 | Loss: 0.305572
Epoch 15 Batch 9 | Loss: 0.292417
Epoch 15 Batch 10 | Loss: 0.287285
Epoch 15 Batch 11 | Loss: 0.267031
Epoch 15 Batch 12 | Loss: 0.304011
Epoch 15 Batch 13 | Loss: 0.313869
--- Epoch 15/30 | Loss: 0.2928 | Train Acc: 99.5% | Test Acc: 98.3% | CM: [TP:85, TN:84, FP:2, FN:1] | Progress: 50.0% | ETA: 12.8s ---
Epoch 16 Batch 1 | Loss: 0.301840 | Stats: min: -0.490, max: 0.648, mean: -0.040
Epoch 16 Batch 2 | Loss: 0.266363
Epoch 16 Batch 3 | Loss: 0.290428
Epoch 16 Batch 4 | Loss: 0.295668
Epoch 16 Batch 5 | Loss: 0.283281
Epoch 16 Batch 6 | Loss: 0.320400
Epoch 16 Batch 7 | Loss: 0.272494
Epoch 16 Batch 8 | Loss: 0.294377
Epoch 16 Batch 9 | Loss: 0.290230
Epoch 16 Batch 10 | Loss: 0.262366
Epoch 16 Batch 11 | Loss: 0.296522
Epoch 16 Batch 12 | Loss: 0.324358
Epoch 16 Batch 13 | Loss: 0.293225
  [STABILITY] Plateau detected. Reducing Learning Rate to 0.005000
--- Epoch 16/30 | Loss: 0.2917 | Train Acc: 99.5% | Test Acc: 98.3% | CM: [TP:85, TN:84, FP:2, FN:1] | Progress: 53.3% | ETA: 12.6s ---
Epoch 17 Batch 1 | Loss: 0.274195 | Stats: min: -0.600, max: 0.691, mean: -0.063
Epoch 17 Batch 2 | Loss: 0.308702
Epoch 17 Batch 3 | Loss: 0.306386
Epoch 17 Batch 4 | Loss: 0.299001
Epoch 17 Batch 5 | Loss: 0.310649
Epoch 17 Batch 6 | Loss: 0.276553
Epoch 17 Batch 7 | Loss: 0.300775
Epoch 17 Batch 8 | Loss: 0.280546
Epoch 17 Batch 9 | Loss: 0.292423
Epoch 17 Batch 10 | Loss: 0.263312
Epoch 17 Batch 11 | Loss: 0.301311
Epoch 17 Batch 12 | Loss: 0.282894
Epoch 17 Batch 13 | Loss: 0.273385
--- Epoch 17/30 | Loss: 0.2900 | Train Acc: 99.5% | Test Acc: 98.3% | CM: [TP:85, TN:84, FP:2, FN:1] | Progress: 56.7% | ETA: 7.6s ---
Epoch 18 Batch 1 | Loss: 0.305886 | Stats: min: -0.485, max: 0.444, mean: -0.078
Epoch 18 Batch 2 | Loss: 0.289593
Epoch 18 Batch 3 | Loss: 0.276820
Epoch 18 Batch 4 | Loss: 0.305914
Epoch 18 Batch 5 | Loss: 0.310107
Epoch 18 Batch 6 | Loss: 0.288676
Epoch 18 Batch 7 | Loss: 0.272756
Epoch 18 Batch 8 | Loss: 0.274769
Epoch 18 Batch 9 | Loss: 0.287109
Epoch 18 Batch 10 | Loss: 0.305454
Epoch 18 Batch 11 | Loss: 0.277883
Epoch 18 Batch 12 | Loss: 0.293694
Epoch 18 Batch 13 | Loss: 0.270793
--- Epoch 18/30 | Loss: 0.2892 | Train Acc: 99.5% | Test Acc: 98.3% | CM: [TP:85, TN:84, FP:2, FN:1] | Progress: 60.0% | ETA: 7.5s ---
Epoch 19 Batch 1 | Loss: 0.290762 | Stats: min: -0.605, max: 0.702, mean: -0.067
Epoch 19 Batch 2 | Loss: 0.305131
Epoch 19 Batch 3 | Loss: 0.295598
Epoch 19 Batch 4 | Loss: 0.281795
Epoch 19 Batch 5 | Loss: 0.319613
Epoch 19 Batch 6 | Loss: 0.282842
Epoch 19 Batch 7 | Loss: 0.302470
Epoch 19 Batch 8 | Loss: 0.299947
Epoch 19 Batch 9 | Loss: 0.255814
Epoch 19 Batch 10 | Loss: 0.270256
Epoch 19 Batch 11 | Loss: 0.305110
Epoch 19 Batch 12 | Loss: 0.261544
Epoch 19 Batch 13 | Loss: 0.290221
  [STABILITY] Plateau detected. Reducing Learning Rate to 0.002500
--- Epoch 19/30 | Loss: 0.2893 | Train Acc: 99.5% | Test Acc: 98.3% | CM: [TP:85, TN:84, FP:2, FN:1] | Progress: 63.3% | ETA: 9.1s ---
Epoch 20 Batch 1 | Loss: 0.286567 | Stats: min: -0.584, max: 0.226, mean: -0.369
Epoch 20 Batch 2 | Loss: 0.283797
Epoch 20 Batch 3 | Loss: 0.291151
Epoch 20 Batch 4 | Loss: 0.290540
Epoch 20 Batch 5 | Loss: 0.306824
Epoch 20 Batch 6 | Loss: 0.287752
Epoch 20 Batch 7 | Loss: 0.294525
Epoch 20 Batch 8 | Loss: 0.285972
Epoch 20 Batch 9 | Loss: 0.267490
Epoch 20 Batch 10 | Loss: 0.268432
Epoch 20 Batch 11 | Loss: 0.285086
Epoch 20 Batch 12 | Loss: 0.309819
Epoch 20 Batch 13 | Loss: 0.301616
--- Epoch 20/30 | Loss: 0.2892 | Train Acc: 99.5% | Test Acc: 98.3% | CM: [TP:85, TN:84, FP:2, FN:1] | Progress: 66.7% | ETA: 6.0s ---
Epoch 21 Batch 1 | Loss: 0.277259 | Stats: min: -0.564, max: 0.122, mean: -0.370
Epoch 21 Batch 2 | Loss: 0.313892
Epoch 21 Batch 3 | Loss: 0.292409
Epoch 21 Batch 4 | Loss: 0.311968
Epoch 21 Batch 5 | Loss: 0.275691
Epoch 21 Batch 6 | Loss: 0.261856
Epoch 21 Batch 7 | Loss: 0.264201
Epoch 21 Batch 8 | Loss: 0.298480
Epoch 21 Batch 9 | Loss: 0.312726
Epoch 21 Batch 10 | Loss: 0.288697
Epoch 21 Batch 11 | Loss: 0.287548
Epoch 21 Batch 12 | Loss: 0.289778
Epoch 21 Batch 13 | Loss: 0.256020
--- Epoch 21/30 | Loss: 0.2870 | Train Acc: 99.5% | Test Acc: 98.3% | CM: [TP:85, TN:84, FP:2, FN:1] | Progress: 70.0% | ETA: 5.8s ---
Epoch 22 Batch 1 | Loss: 0.299593 | Stats: min: -0.603, max: 0.518, mean: -0.340
Epoch 22 Batch 2 | Loss: 0.283287
Epoch 22 Batch 3 | Loss: 0.278898
Epoch 22 Batch 4 | Loss: 0.262395
Epoch 22 Batch 5 | Loss: 0.298526
Epoch 22 Batch 6 | Loss: 0.311681
Epoch 22 Batch 7 | Loss: 0.260055
Epoch 22 Batch 8 | Loss: 0.303486
Epoch 22 Batch 9 | Loss: 0.268834
Epoch 22 Batch 10 | Loss: 0.291080
Epoch 22 Batch 11 | Loss: 0.279781
Epoch 22 Batch 12 | Loss: 0.318178
Epoch 22 Batch 13 | Loss: 0.288150
  [STABILITY] Plateau detected. Reducing Learning Rate to 0.001250
--- Epoch 22/30 | Loss: 0.2880 | Train Acc: 99.5% | Test Acc: 98.3% | CM: [TP:85, TN:84, FP:2, FN:1] | Progress: 73.3% | ETA: 4.1s ---
Epoch 23 Batch 1 | Loss: 0.291046 | Stats: min: -0.562, max: 0.700, mean: 0.333
Epoch 23 Batch 2 | Loss: 0.282483
Epoch 23 Batch 3 | Loss: 0.300720
Epoch 23 Batch 4 | Loss: 0.257220
Epoch 23 Batch 5 | Loss: 0.305559
Epoch 23 Batch 6 | Loss: 0.260185
Epoch 23 Batch 7 | Loss: 0.298564
Epoch 23 Batch 8 | Loss: 0.277617
Epoch 23 Batch 9 | Loss: 0.305536
Epoch 23 Batch 10 | Loss: 0.290651
Epoch 23 Batch 11 | Loss: 0.285081
Epoch 23 Batch 12 | Loss: 0.309397
Epoch 23 Batch 13 | Loss: 0.267774
--- Epoch 23/30 | Loss: 0.2871 | Train Acc: 99.5% | Test Acc: 98.3% | CM: [TP:85, TN:84, FP:2, FN:1] | Progress: 76.7% | ETA: 2.6s ---
Epoch 24 Batch 1 | Loss: 0.270663 | Stats: min: -0.569, max: 0.621, mean: -0.099
Epoch 24 Batch 2 | Loss: 0.300567
Epoch 24 Batch 3 | Loss: 0.286960
Epoch 24 Batch 4 | Loss: 0.279075
Epoch 24 Batch 5 | Loss: 0.325726
Epoch 24 Batch 6 | Loss: 0.279528
Epoch 24 Batch 7 | Loss: 0.305801
Epoch 24 Batch 8 | Loss: 0.268198
Epoch 24 Batch 9 | Loss: 0.271176
Epoch 24 Batch 10 | Loss: 0.292701
Epoch 24 Batch 11 | Loss: 0.283040
Epoch 24 Batch 12 | Loss: 0.305131
Epoch 24 Batch 13 | Loss: 0.252978
--- Epoch 24/30 | Loss: 0.2863 | Train Acc: 99.5% | Test Acc: 98.3% | CM: [TP:85, TN:84, FP:2, FN:1] | Progress: 80.0% | ETA: 3.0s ---
Epoch 25 Batch 1 | Loss: 0.264109 | Stats: min: -0.608, max: 0.646, mean: 0.165
Epoch 25 Batch 2 | Loss: 0.316364
Epoch 25 Batch 3 | Loss: 0.323510
Epoch 25 Batch 4 | Loss: 0.243210
Epoch 25 Batch 5 | Loss: 0.264214
Epoch 25 Batch 6 | Loss: 0.296888
Epoch 25 Batch 7 | Loss: 0.289979
Epoch 25 Batch 8 | Loss: 0.318120
Epoch 25 Batch 9 | Loss: 0.289937
Epoch 25 Batch 10 | Loss: 0.305917
Epoch 25 Batch 11 | Loss: 0.293793
Epoch 25 Batch 12 | Loss: 0.256799
Epoch 25 Batch 13 | Loss: 0.263387
  [STABILITY] Plateau detected. Reducing Learning Rate to 0.000625
--- Epoch 25/30 | Loss: 0.2866 | Train Acc: 99.5% | Test Acc: 98.3% | CM: [TP:85, TN:84, FP:2, FN:1] | Progress: 83.3% | ETA: 3.2s ---
Epoch 26 Batch 1 | Loss: 0.282507 | Stats: min: -0.613, max: 0.665, mean: 0.052
Epoch 26 Batch 2 | Loss: 0.297165
Epoch 26 Batch 3 | Loss: 0.335431
Epoch 26 Batch 4 | Loss: 0.271822
Epoch 26 Batch 5 | Loss: 0.280557
Epoch 26 Batch 6 | Loss: 0.310626
Epoch 26 Batch 7 | Loss: 0.301918
Epoch 26 Batch 8 | Loss: 0.257322
Epoch 26 Batch 9 | Loss: 0.273932
Epoch 26 Batch 10 | Loss: 0.282619
Epoch 26 Batch 11 | Loss: 0.302642
Epoch 26 Batch 12 | Loss: 0.254458
Epoch 26 Batch 13 | Loss: 0.284502
--- Epoch 26/30 | Loss: 0.2873 | Train Acc: 99.5% | Test Acc: 98.3% | CM: [TP:85, TN:84, FP:2, FN:1] | Progress: 86.7% | ETA: 1.6s ---
Epoch 27 Batch 1 | Loss: 0.312276 | Stats: min: -0.520, max: 0.576, mean: 0.058
Epoch 27 Batch 2 | Loss: 0.317570
Epoch 27 Batch 3 | Loss: 0.267709
Epoch 27 Batch 4 | Loss: 0.304484
Epoch 27 Batch 5 | Loss: 0.290122
Epoch 27 Batch 6 | Loss: 0.268270
Epoch 27 Batch 7 | Loss: 0.300632
Epoch 27 Batch 8 | Loss: 0.264724
Epoch 27 Batch 9 | Loss: 0.271869
Epoch 27 Batch 10 | Loss: 0.276033
Epoch 27 Batch 11 | Loss: 0.311537
Epoch 27 Batch 12 | Loss: 0.273694
Epoch 27 Batch 13 | Loss: 0.266605
--- Epoch 27/30 | Loss: 0.2866 | Train Acc: 99.5% | Test Acc: 98.3% | CM: [TP:85, TN:84, FP:2, FN:1] | Progress: 90.0% | ETA: 1.2s ---
Epoch 28 Batch 1 | Loss: 0.291844 | Stats: min: -0.419, max: 0.695, mean: 0.329
Epoch 28 Batch 2 | Loss: 0.294354
Epoch 28 Batch 3 | Loss: 0.278727
Epoch 28 Batch 4 | Loss: 0.308578
Epoch 28 Batch 5 | Loss: 0.284725
Epoch 28 Batch 6 | Loss: 0.303524
Epoch 28 Batch 7 | Loss: 0.274240
Epoch 28 Batch 8 | Loss: 0.261498
Epoch 28 Batch 9 | Loss: 0.303895
Epoch 28 Batch 10 | Loss: 0.283889
Epoch 28 Batch 11 | Loss: 0.279401
Epoch 28 Batch 12 | Loss: 0.280051
Epoch 28 Batch 13 | Loss: 0.295974
  [STABILITY] Plateau detected. Reducing Learning Rate to 0.000313
--- Epoch 28/30 | Loss: 0.2877 | Train Acc: 99.5% | Test Acc: 98.3% | CM: [TP:85, TN:84, FP:2, FN:1] | Progress: 93.3% | ETA: 0.7s ---
Epoch 29 Batch 1 | Loss: 0.310987 | Stats: min: -0.563, max: 0.524, mean: -0.182
Epoch 29 Batch 2 | Loss: 0.277220
Epoch 29 Batch 3 | Loss: 0.293005
Epoch 29 Batch 4 | Loss: 0.335879
Epoch 29 Batch 5 | Loss: 0.294839
Epoch 29 Batch 6 | Loss: 0.282219
Epoch 29 Batch 7 | Loss: 0.255204
Epoch 29 Batch 8 | Loss: 0.266967
Epoch 29 Batch 9 | Loss: 0.270305
Epoch 29 Batch 10 | Loss: 0.307092
Epoch 29 Batch 11 | Loss: 0.281255
Epoch 29 Batch 12 | Loss: 0.271584
Epoch 29 Batch 13 | Loss: 0.290778
--- Epoch 29/30 | Loss: 0.2875 | Train Acc: 99.5% | Test Acc: 98.3% | CM: [TP:85, TN:84, FP:2, FN:1] | Progress: 96.7% | ETA: 0.5s ---
Epoch 30 Batch 1 | Loss: 0.292533 | Stats: min: -0.336, max: 0.647, mean: 0.368
Epoch 30 Batch 2 | Loss: 0.279363
Epoch 30 Batch 3 | Loss: 0.269814
Epoch 30 Batch 4 | Loss: 0.300943
Epoch 30 Batch 5 | Loss: 0.262894
Epoch 30 Batch 6 | Loss: 0.267685
Epoch 30 Batch 7 | Loss: 0.309449
Epoch 30 Batch 8 | Loss: 0.299208
Epoch 30 Batch 9 | Loss: 0.290023
Epoch 30 Batch 10 | Loss: 0.310623
Epoch 30 Batch 11 | Loss: 0.295911
Epoch 30 Batch 12 | Loss: 0.278323
Epoch 30 Batch 13 | Loss: 0.268221
--- Epoch 30/30 | Loss: 0.2865 | Train Acc: 99.5% | Test Acc: 98.3% | CM: [TP:85, TN:84, FP:2, FN:1] | Progress: 100.0% | ETA: 0.0s ---

Final Best Test Accuracy: 98.26%


Best Quantum Test Accuracy: 0.983
