DEBUG: Qtrainer enters train_pure_quantum_cnn. Encoding: feature_map
  Class Weights: +1 (Target): 1.00 | -1 (Rest): 1.00
Starting Training
==================================================
Epoch 1 Batch 1 | Loss: 0.686260 | Stats: min: 0.170, max: 0.224, mean: 0.197
Epoch 1 Batch 2 | Loss: 0.660918
Epoch 1 Batch 3 | Loss: 0.662297
Epoch 1 Batch 4 | Loss: 0.665604
Epoch 1 Batch 5 | Loss: 0.676036
Epoch 1 Batch 6 | Loss: 0.629473
Epoch 1 Batch 7 | Loss: 0.633288
Epoch 1 Batch 8 | Loss: 0.650356
Epoch 1 Batch 9 | Loss: 0.646156
Epoch 1 Batch 10 | Loss: 0.620610
Epoch 1 Batch 11 | Loss: 0.661675
Epoch 1 Batch 12 | Loss: 0.682079
Epoch 1 Batch 13 | Loss: 0.596445
  [STABILITY] Test accuracy improved: 0.00% -> 68.02% (via EMA). Saving best params.
--- Epoch 1/30 | Loss: 0.6516 | Train Acc: 69.0% | Test Acc: 68.0% | CM: [TP:68, TN:49, FP:37, FN:18] | Progress: 3.3% | ETA: 879.9s ---
Epoch 2 Batch 1 | Loss: 0.611330 | Stats: min: -0.190, max: 0.056, mean: -0.074
Epoch 2 Batch 2 | Loss: 0.623628
Epoch 2 Batch 3 | Loss: 0.655447
Epoch 2 Batch 4 | Loss: 0.574945
Epoch 2 Batch 5 | Loss: 0.602846
Epoch 2 Batch 6 | Loss: 0.659274
Epoch 2 Batch 7 | Loss: 0.605351
Epoch 2 Batch 8 | Loss: 0.645970
Epoch 2 Batch 9 | Loss: 0.588042
Epoch 2 Batch 10 | Loss: 0.684185
Epoch 2 Batch 11 | Loss: 0.614260
Epoch 2 Batch 12 | Loss: 0.641077
Epoch 2 Batch 13 | Loss: 0.642043
--- Epoch 2/30 | Loss: 0.6268 | Train Acc: 71.5% | Test Acc: 68.0% | CM: [TP:67, TN:50, FP:36, FN:19] | Progress: 6.7% | ETA: 294.3s ---
Epoch 3 Batch 1 | Loss: 0.668364 | Stats: min: -0.113, max: 0.201, mean: 0.048
Epoch 3 Batch 2 | Loss: 0.584806
Epoch 3 Batch 3 | Loss: 0.618386
Epoch 3 Batch 4 | Loss: 0.602422
Epoch 3 Batch 5 | Loss: 0.589866
Epoch 3 Batch 6 | Loss: 0.580010
Epoch 3 Batch 7 | Loss: 0.620893
Epoch 3 Batch 8 | Loss: 0.588733
Epoch 3 Batch 9 | Loss: 0.555804
Epoch 3 Batch 10 | Loss: 0.647551
Epoch 3 Batch 11 | Loss: 0.666890
Epoch 3 Batch 12 | Loss: 0.580560
Epoch 3 Batch 13 | Loss: 0.634724
  [STABILITY] Test accuracy improved: 68.02% -> 69.77% (via EMA). Saving best params.
--- Epoch 3/30 | Loss: 0.6107 | Train Acc: 72.0% | Test Acc: 69.8% | CM: [TP:71, TN:49, FP:37, FN:15] | Progress: 10.0% | ETA: 158.5s ---
Epoch 4 Batch 1 | Loss: 0.594238 | Stats: min: -0.358, max: 0.375, mean: 0.041
Epoch 4 Batch 2 | Loss: 0.613767
Epoch 4 Batch 3 | Loss: 0.622011
Epoch 4 Batch 4 | Loss: 0.635187
Epoch 4 Batch 5 | Loss: 0.547917
Epoch 4 Batch 6 | Loss: 0.547167
Epoch 4 Batch 7 | Loss: 0.616387
Epoch 4 Batch 8 | Loss: 0.607832
Epoch 4 Batch 9 | Loss: 0.646138
Epoch 4 Batch 10 | Loss: 0.594716
Epoch 4 Batch 11 | Loss: 0.622344
Epoch 4 Batch 12 | Loss: 0.564001
Epoch 4 Batch 13 | Loss: 0.807274
--- Epoch 4/30 | Loss: 0.6168 | Train Acc: 73.5% | Test Acc: 69.2% | CM: [TP:72, TN:47, FP:39, FN:14] | Progress: 13.3% | ETA: 130.3s ---
Epoch 5 Batch 1 | Loss: 0.602281 | Stats: min: -0.173, max: 0.135, mean: -0.082
Epoch 5 Batch 2 | Loss: 0.637742
Epoch 5 Batch 3 | Loss: 0.638736
Epoch 5 Batch 4 | Loss: 0.603673
Epoch 5 Batch 5 | Loss: 0.648335
Epoch 5 Batch 6 | Loss: 0.606172
Epoch 5 Batch 7 | Loss: 0.585668
Epoch 5 Batch 8 | Loss: 0.654221
Epoch 5 Batch 9 | Loss: 0.659361
Epoch 5 Batch 10 | Loss: 0.611259
Epoch 5 Batch 11 | Loss: 0.599023
Epoch 5 Batch 12 | Loss: 0.559439
Epoch 5 Batch 13 | Loss: 0.646572
--- Epoch 5/30 | Loss: 0.6194 | Train Acc: 73.5% | Test Acc: 69.2% | CM: [TP:72, TN:47, FP:39, FN:14] | Progress: 16.7% | ETA: 91.7s ---
Epoch 6 Batch 1 | Loss: 0.703818 | Stats: min: -0.376, max: 0.172, mean: -0.140
Epoch 6 Batch 2 | Loss: 0.612200
Epoch 6 Batch 3 | Loss: 0.594560
Epoch 6 Batch 4 | Loss: 0.551334
Epoch 6 Batch 5 | Loss: 0.604474
Epoch 6 Batch 6 | Loss: 0.579434
Epoch 6 Batch 7 | Loss: 0.657093
Epoch 6 Batch 8 | Loss: 0.532198
Epoch 6 Batch 9 | Loss: 0.601602
Epoch 6 Batch 10 | Loss: 0.585672
Epoch 6 Batch 11 | Loss: 0.590965
Epoch 6 Batch 12 | Loss: 0.546806
Epoch 6 Batch 13 | Loss: 0.647205
  [STABILITY] Plateau detected. Reducing Learning Rate to 0.025000
--- Epoch 6/30 | Loss: 0.6006 | Train Acc: 73.5% | Test Acc: 69.2% | CM: [TP:72, TN:47, FP:39, FN:14] | Progress: 20.0% | ETA: 69.9s ---
Epoch 7 Batch 1 | Loss: 0.577769 | Stats: min: 0.029, max: 0.568, mean: 0.257
Epoch 7 Batch 2 | Loss: 0.565490
Epoch 7 Batch 3 | Loss: 0.732557
Epoch 7 Batch 4 | Loss: 0.582146
Epoch 7 Batch 5 | Loss: 0.612418
Epoch 7 Batch 6 | Loss: 0.629799
Epoch 7 Batch 7 | Loss: 0.624379
Epoch 7 Batch 8 | Loss: 0.681474
Epoch 7 Batch 9 | Loss: 0.637968
Epoch 7 Batch 10 | Loss: 0.543818
Epoch 7 Batch 11 | Loss: 0.591845
Epoch 7 Batch 12 | Loss: 0.640898
Epoch 7 Batch 13 | Loss: 0.517681
  [STABILITY] Test accuracy improved: 69.77% -> 70.35% (via EMA). Saving best params.
--- Epoch 7/30 | Loss: 0.6106 | Train Acc: 74.0% | Test Acc: 70.3% | CM: [TP:72, TN:49, FP:37, FN:14] | Progress: 23.3% | ETA: 51.2s ---
Epoch 8 Batch 1 | Loss: 0.603470 | Stats: min: -0.282, max: 0.393, mean: -0.018
Epoch 8 Batch 2 | Loss: 0.564601
Epoch 8 Batch 3 | Loss: 0.595950
Epoch 8 Batch 4 | Loss: 0.647084
Epoch 8 Batch 5 | Loss: 0.533980
Epoch 8 Batch 6 | Loss: 0.583374
Epoch 8 Batch 7 | Loss: 0.628372
Epoch 8 Batch 8 | Loss: 0.646234
Epoch 8 Batch 9 | Loss: 0.601254
Epoch 8 Batch 10 | Loss: 0.566110
Epoch 8 Batch 11 | Loss: 0.581254
Epoch 8 Batch 12 | Loss: 0.566852
Epoch 8 Batch 13 | Loss: 0.627148
--- Epoch 8/30 | Loss: 0.5958 | Train Acc: 74.0% | Test Acc: 69.2% | CM: [TP:70, TN:49, FP:37, FN:16] | Progress: 26.7% | ETA: 37.2s ---
Epoch 9 Batch 1 | Loss: 0.547085 | Stats: min: -0.393, max: 0.084, mean: -0.209
Epoch 9 Batch 2 | Loss: 0.600602
Epoch 9 Batch 3 | Loss: 0.601967
Epoch 9 Batch 4 | Loss: 0.558013
Epoch 9 Batch 5 | Loss: 0.637187
Epoch 9 Batch 6 | Loss: 0.596893
Epoch 9 Batch 7 | Loss: 0.561528
Epoch 9 Batch 8 | Loss: 0.612344
Epoch 9 Batch 9 | Loss: 0.588280
Epoch 9 Batch 10 | Loss: 0.575131
Epoch 9 Batch 11 | Loss: 0.568856
Epoch 9 Batch 12 | Loss: 0.554788
Epoch 9 Batch 13 | Loss: 0.679999
--- Epoch 9/30 | Loss: 0.5910 | Train Acc: 73.0% | Test Acc: 68.6% | CM: [TP:69, TN:49, FP:37, FN:17] | Progress: 30.0% | ETA: 31.8s ---
Epoch 10 Batch 1 | Loss: 0.541366 | Stats: min: -0.486, max: 0.391, mean: -0.072
Epoch 10 Batch 2 | Loss: 0.650257
Epoch 10 Batch 3 | Loss: 0.563201
Epoch 10 Batch 4 | Loss: 0.603158
Epoch 10 Batch 5 | Loss: 0.640677
Epoch 10 Batch 6 | Loss: 0.524798
Epoch 10 Batch 7 | Loss: 0.486542
Epoch 10 Batch 8 | Loss: 0.603513
Epoch 10 Batch 9 | Loss: 0.626157
Epoch 10 Batch 10 | Loss: 0.609882
Epoch 10 Batch 11 | Loss: 0.584994
Epoch 10 Batch 12 | Loss: 0.596468
Epoch 10 Batch 13 | Loss: 0.581469
  [STABILITY] Plateau detected. Reducing Learning Rate to 0.012500
--- Epoch 10/30 | Loss: 0.5856 | Train Acc: 73.5% | Test Acc: 69.8% | CM: [TP:68, TN:52, FP:34, FN:18] | Progress: 33.3% | ETA: 27.2s ---
Epoch 11 Batch 1 | Loss: 0.639489 | Stats: min: -0.233, max: 0.271, mean: 0.067
Epoch 11 Batch 2 | Loss: 0.604459
Epoch 11 Batch 3 | Loss: 0.633823
Epoch 11 Batch 4 | Loss: 0.539941
Epoch 11 Batch 5 | Loss: 0.602027
Epoch 11 Batch 6 | Loss: 0.611665
Epoch 11 Batch 7 | Loss: 0.554387
Epoch 11 Batch 8 | Loss: 0.614782
Epoch 11 Batch 9 | Loss: 0.534460
Epoch 11 Batch 10 | Loss: 0.536339
Epoch 11 Batch 11 | Loss: 0.548256
Epoch 11 Batch 12 | Loss: 0.558593
Epoch 11 Batch 13 | Loss: 0.499198
--- Epoch 11/30 | Loss: 0.5752 | Train Acc: 73.5% | Test Acc: 69.2% | CM: [TP:67, TN:52, FP:34, FN:19] | Progress: 36.7% | ETA: 23.5s ---
Epoch 12 Batch 1 | Loss: 0.610876 | Stats: min: -0.380, max: 0.474, mean: -0.024
Epoch 12 Batch 2 | Loss: 0.564415
Epoch 12 Batch 3 | Loss: 0.535460
Epoch 12 Batch 4 | Loss: 0.598925
Epoch 12 Batch 5 | Loss: 0.633121
Epoch 12 Batch 6 | Loss: 0.519992
Epoch 12 Batch 7 | Loss: 0.634218
Epoch 12 Batch 8 | Loss: 0.542692
Epoch 12 Batch 9 | Loss: 0.600680
Epoch 12 Batch 10 | Loss: 0.526112
Epoch 12 Batch 11 | Loss: 0.592239
Epoch 12 Batch 12 | Loss: 0.558945
Epoch 12 Batch 13 | Loss: 0.612993
--- Epoch 12/30 | Loss: 0.5793 | Train Acc: 73.5% | Test Acc: 66.9% | CM: [TP:62, TN:53, FP:33, FN:24] | Progress: 40.0% | ETA: 20.6s ---
Epoch 13 Batch 1 | Loss: 0.579088 | Stats: min: -0.500, max: 0.223, mean: -0.086
Epoch 13 Batch 2 | Loss: 0.539163
Epoch 13 Batch 3 | Loss: 0.692727
Epoch 13 Batch 4 | Loss: 0.569882
Epoch 13 Batch 5 | Loss: 0.526411
Epoch 13 Batch 6 | Loss: 0.576338
Epoch 13 Batch 7 | Loss: 0.610746
Epoch 13 Batch 8 | Loss: 0.587045
Epoch 13 Batch 9 | Loss: 0.511509
Epoch 13 Batch 10 | Loss: 0.582901
Epoch 13 Batch 11 | Loss: 0.585311
Epoch 13 Batch 12 | Loss: 0.550816
Epoch 13 Batch 13 | Loss: 0.537520
  [STABILITY] Plateau detected. Reducing Learning Rate to 0.006250
--- Epoch 13/30 | Loss: 0.5730 | Train Acc: 73.5% | Test Acc: 67.4% | CM: [TP:59, TN:57, FP:29, FN:27] | Progress: 43.3% | ETA: 18.0s ---
Epoch 14 Batch 1 | Loss: 0.653075 | Stats: min: -0.489, max: 0.288, mean: 0.047
Epoch 14 Batch 2 | Loss: 0.603590
Epoch 14 Batch 3 | Loss: 0.566647
Epoch 14 Batch 4 | Loss: 0.607970
Epoch 14 Batch 5 | Loss: 0.558994
Epoch 14 Batch 6 | Loss: 0.603861
Epoch 14 Batch 7 | Loss: 0.550307
Epoch 14 Batch 8 | Loss: 0.561984
Epoch 14 Batch 9 | Loss: 0.503438
Epoch 14 Batch 10 | Loss: 0.524401
Epoch 14 Batch 11 | Loss: 0.579376
Epoch 14 Batch 12 | Loss: 0.545529
Epoch 14 Batch 13 | Loss: 0.620278
--- Epoch 14/30 | Loss: 0.5753 | Train Acc: 73.5% | Test Acc: 68.0% | CM: [TP:58, TN:59, FP:27, FN:28] | Progress: 46.7% | ETA: 15.4s ---
Epoch 15 Batch 1 | Loss: 0.567845 | Stats: min: -0.288, max: 0.396, mean: 0.079
Epoch 15 Batch 2 | Loss: 0.512101
Epoch 15 Batch 3 | Loss: 0.527702
Epoch 15 Batch 4 | Loss: 0.576799
Epoch 15 Batch 5 | Loss: 0.635563
Epoch 15 Batch 6 | Loss: 0.549997
Epoch 15 Batch 7 | Loss: 0.559298
Epoch 15 Batch 8 | Loss: 0.547080
Epoch 15 Batch 9 | Loss: 0.676589
Epoch 15 Batch 10 | Loss: 0.624040
Epoch 15 Batch 11 | Loss: 0.543976
Epoch 15 Batch 12 | Loss: 0.579728
Epoch 15 Batch 13 | Loss: 0.523501
--- Epoch 15/30 | Loss: 0.5711 | Train Acc: 72.5% | Test Acc: 68.0% | CM: [TP:58, TN:59, FP:27, FN:28] | Progress: 50.0% | ETA: 13.3s ---
Epoch 16 Batch 1 | Loss: 0.551108 | Stats: min: -0.360, max: 0.457, mean: -0.111
Epoch 16 Batch 2 | Loss: 0.589213
Epoch 16 Batch 3 | Loss: 0.568299
Epoch 16 Batch 4 | Loss: 0.548848
Epoch 16 Batch 5 | Loss: 0.563321
Epoch 16 Batch 6 | Loss: 0.613972
Epoch 16 Batch 7 | Loss: 0.541026
Epoch 16 Batch 8 | Loss: 0.566496
Epoch 16 Batch 9 | Loss: 0.579186
Epoch 16 Batch 10 | Loss: 0.564280
Epoch 16 Batch 11 | Loss: 0.584740
Epoch 16 Batch 12 | Loss: 0.583213
Epoch 16 Batch 13 | Loss: 0.610026
  [STABILITY] Plateau detected. Reducing Learning Rate to 0.003125
--- Epoch 16/30 | Loss: 0.5741 | Train Acc: 72.5% | Test Acc: 68.0% | CM: [TP:57, TN:60, FP:26, FN:29] | Progress: 53.3% | ETA: 11.8s ---
Epoch 17 Batch 1 | Loss: 0.554719 | Stats: min: -0.368, max: 0.192, mean: -0.185
Epoch 17 Batch 2 | Loss: 0.571644
Epoch 17 Batch 3 | Loss: 0.601131
Epoch 17 Batch 4 | Loss: 0.605565
Epoch 17 Batch 5 | Loss: 0.662899
Epoch 17 Batch 6 | Loss: 0.573834
Epoch 17 Batch 7 | Loss: 0.613884
Epoch 17 Batch 8 | Loss: 0.501503
Epoch 17 Batch 9 | Loss: 0.536126
Epoch 17 Batch 10 | Loss: 0.538629
Epoch 17 Batch 11 | Loss: 0.557106
Epoch 17 Batch 12 | Loss: 0.580381
Epoch 17 Batch 13 | Loss: 0.501878
--- Epoch 17/30 | Loss: 0.5692 | Train Acc: 73.0% | Test Acc: 68.6% | CM: [TP:57, TN:61, FP:25, FN:29] | Progress: 56.7% | ETA: 10.2s ---
Epoch 18 Batch 1 | Loss: 0.667517 | Stats: min: -0.443, max: 0.329, mean: -0.002
Epoch 18 Batch 2 | Loss: 0.527235
Epoch 18 Batch 3 | Loss: 0.587035
Epoch 18 Batch 4 | Loss: 0.577135
Epoch 18 Batch 5 | Loss: 0.549343
Epoch 18 Batch 6 | Loss: 0.587516
Epoch 18 Batch 7 | Loss: 0.535586
Epoch 18 Batch 8 | Loss: 0.581991
Epoch 18 Batch 9 | Loss: 0.621029
Epoch 18 Batch 10 | Loss: 0.494237
Epoch 18 Batch 11 | Loss: 0.533151
Epoch 18 Batch 12 | Loss: 0.604540
Epoch 18 Batch 13 | Loss: 0.546290
--- Epoch 18/30 | Loss: 0.5702 | Train Acc: 73.0% | Test Acc: 68.6% | CM: [TP:57, TN:61, FP:25, FN:29] | Progress: 60.0% | ETA: 8.9s ---
Epoch 19 Batch 1 | Loss: 0.616666 | Stats: min: -0.343, max: 0.180, mean: -0.046
Epoch 19 Batch 2 | Loss: 0.547648
Epoch 19 Batch 3 | Loss: 0.583756
Epoch 19 Batch 4 | Loss: 0.514773
Epoch 19 Batch 5 | Loss: 0.514920
Epoch 19 Batch 6 | Loss: 0.624816
Epoch 19 Batch 7 | Loss: 0.549620
Epoch 19 Batch 8 | Loss: 0.538001
Epoch 19 Batch 9 | Loss: 0.600678
Epoch 19 Batch 10 | Loss: 0.632811
Epoch 19 Batch 11 | Loss: 0.544661
Epoch 19 Batch 12 | Loss: 0.579725
Epoch 19 Batch 13 | Loss: 0.583971
  [STABILITY] Plateau detected. Reducing Learning Rate to 0.001563
--- Epoch 19/30 | Loss: 0.5717 | Train Acc: 73.0% | Test Acc: 68.6% | CM: [TP:57, TN:61, FP:25, FN:29] | Progress: 63.3% | ETA: 8.1s ---
Epoch 20 Batch 1 | Loss: 0.619455 | Stats: min: -0.495, max: 0.097, mean: -0.223
Epoch 20 Batch 2 | Loss: 0.592372
Epoch 20 Batch 3 | Loss: 0.607014
Epoch 20 Batch 4 | Loss: 0.591227
Epoch 20 Batch 5 | Loss: 0.573396
Epoch 20 Batch 6 | Loss: 0.549822
Epoch 20 Batch 7 | Loss: 0.626806
Epoch 20 Batch 8 | Loss: 0.594606
Epoch 20 Batch 9 | Loss: 0.514191
Epoch 20 Batch 10 | Loss: 0.590046
Epoch 20 Batch 11 | Loss: 0.523387
Epoch 20 Batch 12 | Loss: 0.515190
Epoch 20 Batch 13 | Loss: 0.476237
--- Epoch 20/30 | Loss: 0.5672 | Train Acc: 73.0% | Test Acc: 69.2% | CM: [TP:57, TN:62, FP:24, FN:29] | Progress: 66.7% | ETA: 6.9s ---
Epoch 21 Batch 1 | Loss: 0.576317 | Stats: min: -0.517, max: 0.530, mean: -0.008
Epoch 21 Batch 2 | Loss: 0.564202
Epoch 21 Batch 3 | Loss: 0.572705
Epoch 21 Batch 4 | Loss: 0.517527
Epoch 21 Batch 5 | Loss: 0.654731
Epoch 21 Batch 6 | Loss: 0.563428
Epoch 21 Batch 7 | Loss: 0.646026
Epoch 21 Batch 8 | Loss: 0.599660
Epoch 21 Batch 9 | Loss: 0.543040
Epoch 21 Batch 10 | Loss: 0.560615
Epoch 21 Batch 11 | Loss: 0.509549
Epoch 21 Batch 12 | Loss: 0.509770
Epoch 21 Batch 13 | Loss: 0.636525
--- Epoch 21/30 | Loss: 0.5734 | Train Acc: 73.0% | Test Acc: 69.2% | CM: [TP:57, TN:62, FP:24, FN:29] | Progress: 70.0% | ETA: 6.0s ---
Epoch 22 Batch 1 | Loss: 0.551761 | Stats: min: -0.376, max: 0.161, mean: -0.066
Epoch 22 Batch 2 | Loss: 0.476304
Epoch 22 Batch 3 | Loss: 0.590285
Epoch 22 Batch 4 | Loss: 0.667591
Epoch 22 Batch 5 | Loss: 0.500002
Epoch 22 Batch 6 | Loss: 0.487403
Epoch 22 Batch 7 | Loss: 0.643152
Epoch 22 Batch 8 | Loss: 0.545846
Epoch 22 Batch 9 | Loss: 0.593991
Epoch 22 Batch 10 | Loss: 0.623750
Epoch 22 Batch 11 | Loss: 0.578732
Epoch 22 Batch 12 | Loss: 0.598580
Epoch 22 Batch 13 | Loss: 0.542411
  [STABILITY] Plateau detected. Reducing Learning Rate to 0.000781
--- Epoch 22/30 | Loss: 0.5692 | Train Acc: 73.0% | Test Acc: 69.2% | CM: [TP:57, TN:62, FP:24, FN:29] | Progress: 73.3% | ETA: 4.9s ---
Epoch 23 Batch 1 | Loss: 0.573655 | Stats: min: -0.542, max: 0.454, mean: 0.076
Epoch 23 Batch 2 | Loss: 0.628649
Epoch 23 Batch 3 | Loss: 0.644475
Epoch 23 Batch 4 | Loss: 0.555408
Epoch 23 Batch 5 | Loss: 0.612506
Epoch 23 Batch 6 | Loss: 0.491744
Epoch 23 Batch 7 | Loss: 0.603218
Epoch 23 Batch 8 | Loss: 0.552246
Epoch 23 Batch 9 | Loss: 0.593093
Epoch 23 Batch 10 | Loss: 0.560957
Epoch 23 Batch 11 | Loss: 0.557975
Epoch 23 Batch 12 | Loss: 0.493151
Epoch 23 Batch 13 | Loss: 0.529350
--- Epoch 23/30 | Loss: 0.5690 | Train Acc: 73.0% | Test Acc: 69.2% | CM: [TP:57, TN:62, FP:24, FN:29] | Progress: 76.7% | ETA: 4.4s ---
Epoch 24 Batch 1 | Loss: 0.513397 | Stats: min: -0.462, max: 0.074, mean: -0.205
Epoch 24 Batch 2 | Loss: 0.558211
Epoch 24 Batch 3 | Loss: 0.568842
Epoch 24 Batch 4 | Loss: 0.561020
Epoch 24 Batch 5 | Loss: 0.528342
Epoch 24 Batch 6 | Loss: 0.548894
Epoch 24 Batch 7 | Loss: 0.577951
Epoch 24 Batch 8 | Loss: 0.481193
Epoch 24 Batch 9 | Loss: 0.624865
Epoch 24 Batch 10 | Loss: 0.653306
Epoch 24 Batch 11 | Loss: 0.568593
Epoch 24 Batch 12 | Loss: 0.622405
Epoch 24 Batch 13 | Loss: 0.643619
--- Epoch 24/30 | Loss: 0.5731 | Train Acc: 73.0% | Test Acc: 68.6% | CM: [TP:57, TN:61, FP:25, FN:29] | Progress: 80.0% | ETA: 3.4s ---
Epoch 25 Batch 1 | Loss: 0.553423 | Stats: min: -0.405, max: 0.499, mean: 0.040
Epoch 25 Batch 2 | Loss: 0.559086
Epoch 25 Batch 3 | Loss: 0.644792
Epoch 25 Batch 4 | Loss: 0.547819
Epoch 25 Batch 5 | Loss: 0.581456
Epoch 25 Batch 6 | Loss: 0.604569
Epoch 25 Batch 7 | Loss: 0.537723
Epoch 25 Batch 8 | Loss: 0.509447
Epoch 25 Batch 9 | Loss: 0.585293
Epoch 25 Batch 10 | Loss: 0.681262
Epoch 25 Batch 11 | Loss: 0.571646
Epoch 25 Batch 12 | Loss: 0.497408
Epoch 25 Batch 13 | Loss: 0.507882
  [STABILITY] Plateau detected. Reducing Learning Rate to 0.000391
--- Epoch 25/30 | Loss: 0.5678 | Train Acc: 73.0% | Test Acc: 68.6% | CM: [TP:57, TN:61, FP:25, FN:29] | Progress: 83.3% | ETA: 2.7s ---
Epoch 26 Batch 1 | Loss: 0.525238 | Stats: min: -0.553, max: 0.172, mean: -0.240
Epoch 26 Batch 2 | Loss: 0.606562
Epoch 26 Batch 3 | Loss: 0.621443
Epoch 26 Batch 4 | Loss: 0.555140
Epoch 26 Batch 5 | Loss: 0.534212
Epoch 26 Batch 6 | Loss: 0.577329
Epoch 26 Batch 7 | Loss: 0.572304
Epoch 26 Batch 8 | Loss: 0.543122
Epoch 26 Batch 9 | Loss: 0.575906
Epoch 26 Batch 10 | Loss: 0.568729
Epoch 26 Batch 11 | Loss: 0.585486
Epoch 26 Batch 12 | Loss: 0.570964
Epoch 26 Batch 13 | Loss: 0.576906
--- Epoch 26/30 | Loss: 0.5703 | Train Acc: 73.0% | Test Acc: 68.6% | CM: [TP:57, TN:61, FP:25, FN:29] | Progress: 86.7% | ETA: 2.2s ---
Epoch 27 Batch 1 | Loss: 0.534712 | Stats: min: -0.303, max: 0.313, mean: -0.001
Epoch 27 Batch 2 | Loss: 0.617921
Epoch 27 Batch 3 | Loss: 0.588892
Epoch 27 Batch 4 | Loss: 0.529343
Epoch 27 Batch 5 | Loss: 0.563009
Epoch 27 Batch 6 | Loss: 0.575686
Epoch 27 Batch 7 | Loss: 0.615232
Epoch 27 Batch 8 | Loss: 0.539677
Epoch 27 Batch 9 | Loss: 0.591529
Epoch 27 Batch 10 | Loss: 0.570144
Epoch 27 Batch 11 | Loss: 0.575750
Epoch 27 Batch 12 | Loss: 0.499295
Epoch 27 Batch 13 | Loss: 0.656216
--- Epoch 27/30 | Loss: 0.5736 | Train Acc: 73.0% | Test Acc: 68.6% | CM: [TP:57, TN:61, FP:25, FN:29] | Progress: 90.0% | ETA: 1.6s ---
Epoch 28 Batch 1 | Loss: 0.473980 | Stats: min: -0.210, max: 0.354, mean: 0.039
Epoch 28 Batch 2 | Loss: 0.552925
Epoch 28 Batch 3 | Loss: 0.611930
Epoch 28 Batch 4 | Loss: 0.534088
Epoch 28 Batch 5 | Loss: 0.616826
Epoch 28 Batch 6 | Loss: 0.534568
Epoch 28 Batch 7 | Loss: 0.586331
Epoch 28 Batch 8 | Loss: 0.603629
Epoch 28 Batch 9 | Loss: 0.556594
Epoch 28 Batch 10 | Loss: 0.650562
Epoch 28 Batch 11 | Loss: 0.556652
Epoch 28 Batch 12 | Loss: 0.573435
Epoch 28 Batch 13 | Loss: 0.544766
  [STABILITY] Plateau detected. Reducing Learning Rate to 0.000195
--- Epoch 28/30 | Loss: 0.5689 | Train Acc: 73.0% | Test Acc: 68.6% | CM: [TP:57, TN:61, FP:25, FN:29] | Progress: 93.3% | ETA: 1.0s ---
Epoch 29 Batch 1 | Loss: 0.561361 | Stats: min: -0.375, max: 0.220, mean: -0.056
Epoch 29 Batch 2 | Loss: 0.607529
Epoch 29 Batch 3 | Loss: 0.586542
Epoch 29 Batch 4 | Loss: 0.515780
Epoch 29 Batch 5 | Loss: 0.600253
Epoch 29 Batch 6 | Loss: 0.527593
Epoch 29 Batch 7 | Loss: 0.525509
Epoch 29 Batch 8 | Loss: 0.589484
Epoch 29 Batch 9 | Loss: 0.526731
Epoch 29 Batch 10 | Loss: 0.546494
Epoch 29 Batch 11 | Loss: 0.590767
Epoch 29 Batch 12 | Loss: 0.604507
Epoch 29 Batch 13 | Loss: 0.689797
--- Epoch 29/30 | Loss: 0.5748 | Train Acc: 73.0% | Test Acc: 68.6% | CM: [TP:57, TN:61, FP:25, FN:29] | Progress: 96.7% | ETA: 0.5s ---
Epoch 30 Batch 1 | Loss: 0.550280 | Stats: min: -0.499, max: 0.212, mean: -0.085
Epoch 30 Batch 2 | Loss: 0.532284
Epoch 30 Batch 3 | Loss: 0.571575
Epoch 30 Batch 4 | Loss: 0.531679
Epoch 30 Batch 5 | Loss: 0.567575
Epoch 30 Batch 6 | Loss: 0.516639
Epoch 30 Batch 7 | Loss: 0.565064
Epoch 30 Batch 8 | Loss: 0.659450
Epoch 30 Batch 9 | Loss: 0.619102
Epoch 30 Batch 10 | Loss: 0.639766
Epoch 30 Batch 11 | Loss: 0.535213
Epoch 30 Batch 12 | Loss: 0.534421
Epoch 30 Batch 13 | Loss: 0.603088
--- Epoch 30/30 | Loss: 0.5712 | Train Acc: 73.0% | Test Acc: 68.6% | CM: [TP:57, TN:61, FP:25, FN:29] | Progress: 100.0% | ETA: 0.0s ---

Final Best Test Accuracy: 70.35%


Best Quantum Test Accuracy: 0.703
