DEBUG: Qtrainer enters train_pure_quantum_cnn. Encoding: feature_map
  Class Weights: +1 (Target): 1.00 | -1 (Rest): 1.00
Starting Training
==================================================
Epoch 1 Batch 1 | Loss: 0.730585 | Stats: min: -0.229, max: -0.142, mean: -0.204
Epoch 1 Batch 2 | Loss: 0.755870
Epoch 1 Batch 3 | Loss: 0.708108
Epoch 1 Batch 4 | Loss: 0.686231
Epoch 1 Batch 5 | Loss: 0.693394
Epoch 1 Batch 6 | Loss: 0.672085
Epoch 1 Batch 7 | Loss: 0.681346
Epoch 1 Batch 8 | Loss: 0.660999
Epoch 1 Batch 9 | Loss: 0.653771
Epoch 1 Batch 10 | Loss: 0.684800
Epoch 1 Batch 11 | Loss: 0.655439
Epoch 1 Batch 12 | Loss: 0.652483
Epoch 1 Batch 13 | Loss: 0.686925
  [STABILITY] Test accuracy improved: 0.00% -> 43.60% (via EMA). Saving best params.
--- Epoch 1/30 | Loss: 0.6863 | Train Acc: 47.0% | Test Acc: 43.6% | CM: [TP:37, TN:38, FP:48, FN:49] | Progress: 3.3% | ETA: 461.0s ---
Epoch 2 Batch 1 | Loss: 0.649468 | Stats: min: -0.078, max: 0.182, mean: 0.053
Epoch 2 Batch 2 | Loss: 0.661330
Epoch 2 Batch 3 | Loss: 0.659540
Epoch 2 Batch 4 | Loss: 0.636152
Epoch 2 Batch 5 | Loss: 0.644675
Epoch 2 Batch 6 | Loss: 0.638642
Epoch 2 Batch 7 | Loss: 0.676124
Epoch 2 Batch 8 | Loss: 0.624569
Epoch 2 Batch 9 | Loss: 0.614671
Epoch 2 Batch 10 | Loss: 0.669154
Epoch 2 Batch 11 | Loss: 0.661436
Epoch 2 Batch 12 | Loss: 0.640568
Epoch 2 Batch 13 | Loss: 0.663463
  [STABILITY] Test accuracy improved: 43.60% -> 52.91% (via EMA). Saving best params.
--- Epoch 2/30 | Loss: 0.6492 | Train Acc: 58.0% | Test Acc: 52.9% | CM: [TP:19, TN:72, FP:14, FN:67] | Progress: 6.7% | ETA: 222.2s ---
Epoch 3 Batch 1 | Loss: 0.640257 | Stats: min: -0.168, max: 0.209, mean: 0.099
Epoch 3 Batch 2 | Loss: 0.630303
Epoch 3 Batch 3 | Loss: 0.675654
Epoch 3 Batch 4 | Loss: 0.689989
Epoch 3 Batch 5 | Loss: 0.649882
Epoch 3 Batch 6 | Loss: 0.640726
Epoch 3 Batch 7 | Loss: 0.650082
Epoch 3 Batch 8 | Loss: 0.629869
Epoch 3 Batch 9 | Loss: 0.642514
Epoch 3 Batch 10 | Loss: 0.627241
Epoch 3 Batch 11 | Loss: 0.664996
Epoch 3 Batch 12 | Loss: 0.635614
Epoch 3 Batch 13 | Loss: 0.643501
  [STABILITY] Test accuracy improved: 52.91% -> 58.72% (via EMA). Saving best params.
--- Epoch 3/30 | Loss: 0.6477 | Train Acc: 63.0% | Test Acc: 58.7% | CM: [TP:20, TN:81, FP:5, FN:66] | Progress: 10.0% | ETA: 142.9s ---
Epoch 4 Batch 1 | Loss: 0.615377 | Stats: min: 0.062, max: 0.244, mean: 0.148
Epoch 4 Batch 2 | Loss: 0.626483
Epoch 4 Batch 3 | Loss: 0.642031
Epoch 4 Batch 4 | Loss: 0.624996
Epoch 4 Batch 5 | Loss: 0.676818
Epoch 4 Batch 6 | Loss: 0.619208
Epoch 4 Batch 7 | Loss: 0.645403
Epoch 4 Batch 8 | Loss: 0.643289
Epoch 4 Batch 9 | Loss: 0.640138
Epoch 4 Batch 10 | Loss: 0.593229
Epoch 4 Batch 11 | Loss: 0.604966
Epoch 4 Batch 12 | Loss: 0.609230
Epoch 4 Batch 13 | Loss: 0.571567
  [STABILITY] Test accuracy improved: 58.72% -> 65.12% (via EMA). Saving best params.
--- Epoch 4/30 | Loss: 0.6241 | Train Acc: 65.5% | Test Acc: 65.1% | CM: [TP:32, TN:80, FP:6, FN:54] | Progress: 13.3% | ETA: 104.0s ---
Epoch 5 Batch 1 | Loss: 0.665856 | Stats: min: -0.273, max: 0.142, mean: -0.029
Epoch 5 Batch 2 | Loss: 0.617200
Epoch 5 Batch 3 | Loss: 0.670363
Epoch 5 Batch 4 | Loss: 0.629889
Epoch 5 Batch 5 | Loss: 0.618649
Epoch 5 Batch 6 | Loss: 0.607340
Epoch 5 Batch 7 | Loss: 0.658801
Epoch 5 Batch 8 | Loss: 0.642815
Epoch 5 Batch 9 | Loss: 0.631173
Epoch 5 Batch 10 | Loss: 0.640819
Epoch 5 Batch 11 | Loss: 0.613814
Epoch 5 Batch 12 | Loss: 0.598840
Epoch 5 Batch 13 | Loss: 0.645509
  [STABILITY] Test accuracy improved: 65.12% -> 67.44% (via EMA). Saving best params.
--- Epoch 5/30 | Loss: 0.6339 | Train Acc: 66.0% | Test Acc: 67.4% | CM: [TP:41, TN:75, FP:11, FN:45] | Progress: 16.7% | ETA: 79.2s ---
Epoch 6 Batch 1 | Loss: 0.587520 | Stats: min: -0.428, max: 0.190, mean: -0.224
Epoch 6 Batch 2 | Loss: 0.604613
Epoch 6 Batch 3 | Loss: 0.653246
Epoch 6 Batch 4 | Loss: 0.686774
Epoch 6 Batch 5 | Loss: 0.582622
Epoch 6 Batch 6 | Loss: 0.627120
Epoch 6 Batch 7 | Loss: 0.680305
Epoch 6 Batch 8 | Loss: 0.584871
Epoch 6 Batch 9 | Loss: 0.591080
Epoch 6 Batch 10 | Loss: 0.657877
Epoch 6 Batch 11 | Loss: 0.617656
Epoch 6 Batch 12 | Loss: 0.589485
Epoch 6 Batch 13 | Loss: 0.662836
  [STABILITY] Test accuracy improved: 67.44% -> 72.09% (via EMA). Saving best params.
--- Epoch 6/30 | Loss: 0.6251 | Train Acc: 68.0% | Test Acc: 72.1% | CM: [TP:51, TN:73, FP:13, FN:35] | Progress: 20.0% | ETA: 88.2s ---
Epoch 7 Batch 1 | Loss: 0.606767 | Stats: min: -0.258, max: 0.184, mean: -0.069
Epoch 7 Batch 2 | Loss: 0.576423
Epoch 7 Batch 3 | Loss: 0.611649
Epoch 7 Batch 4 | Loss: 0.678795
Epoch 7 Batch 5 | Loss: 0.633652
Epoch 7 Batch 6 | Loss: 0.586066
Epoch 7 Batch 7 | Loss: 0.597367
Epoch 7 Batch 8 | Loss: 0.639672
Epoch 7 Batch 9 | Loss: 0.585099
Epoch 7 Batch 10 | Loss: 0.639748
Epoch 7 Batch 11 | Loss: 0.637553
Epoch 7 Batch 12 | Loss: 0.745232
Epoch 7 Batch 13 | Loss: 0.691095
  [STABILITY] Test accuracy improved: 72.09% -> 73.26% (via EMA). Saving best params.
--- Epoch 7/30 | Loss: 0.6330 | Train Acc: 68.5% | Test Acc: 73.3% | CM: [TP:55, TN:71, FP:15, FN:31] | Progress: 23.3% | ETA: 66.0s ---
Epoch 8 Batch 1 | Loss: 0.603064 | Stats: min: -0.327, max: 0.141, mean: -0.149
Epoch 8 Batch 2 | Loss: 0.602873
Epoch 8 Batch 3 | Loss: 0.723086
Epoch 8 Batch 4 | Loss: 0.749705
Epoch 8 Batch 5 | Loss: 0.710286
Epoch 8 Batch 6 | Loss: 0.662931
Epoch 8 Batch 7 | Loss: 0.665274
Epoch 8 Batch 8 | Loss: 0.645362
Epoch 8 Batch 9 | Loss: 0.671917
Epoch 8 Batch 10 | Loss: 0.657980
Epoch 8 Batch 11 | Loss: 0.686370
Epoch 8 Batch 12 | Loss: 0.690718
Epoch 8 Batch 13 | Loss: 0.702056
  [STABILITY] Test accuracy improved: 73.26% -> 74.42% (via EMA). Saving best params.
--- Epoch 8/30 | Loss: 0.6747 | Train Acc: 69.5% | Test Acc: 74.4% | CM: [TP:57, TN:71, FP:15, FN:29] | Progress: 26.7% | ETA: 57.1s ---
Epoch 9 Batch 1 | Loss: 0.662099 | Stats: min: -0.146, max: 0.102, mean: -0.032
Epoch 9 Batch 2 | Loss: 0.658597
Epoch 9 Batch 3 | Loss: 0.628433
Epoch 9 Batch 4 | Loss: 0.687491
Epoch 9 Batch 5 | Loss: 0.673774
Epoch 9 Batch 6 | Loss: 0.661839
Epoch 9 Batch 7 | Loss: 0.666273
Epoch 9 Batch 8 | Loss: 0.607926
Epoch 9 Batch 9 | Loss: 0.656505
Epoch 9 Batch 10 | Loss: 0.687556
Epoch 9 Batch 11 | Loss: 0.663116
Epoch 9 Batch 12 | Loss: 0.610843
Epoch 9 Batch 13 | Loss: 0.656858
--- Epoch 9/30 | Loss: 0.6555 | Train Acc: 71.5% | Test Acc: 74.4% | CM: [TP:57, TN:71, FP:15, FN:29] | Progress: 30.0% | ETA: 38.9s ---
Epoch 10 Batch 1 | Loss: 0.651270 | Stats: min: -0.221, max: 0.086, mean: -0.080
Epoch 10 Batch 2 | Loss: 0.663152
Epoch 10 Batch 3 | Loss: 0.609123
Epoch 10 Batch 4 | Loss: 0.620043
Epoch 10 Batch 5 | Loss: 0.585996
Epoch 10 Batch 6 | Loss: 0.699113
Epoch 10 Batch 7 | Loss: 0.618336
Epoch 10 Batch 8 | Loss: 0.633442
Epoch 10 Batch 9 | Loss: 0.586814
Epoch 10 Batch 10 | Loss: 0.631299
Epoch 10 Batch 11 | Loss: 0.591146
Epoch 10 Batch 12 | Loss: 0.613165
Epoch 10 Batch 13 | Loss: 0.602321
  [STABILITY] Test accuracy improved: 74.42% -> 75.00% (via EMA). Saving best params.
--- Epoch 10/30 | Loss: 0.6235 | Train Acc: 71.5% | Test Acc: 75.0% | CM: [TP:58, TN:71, FP:15, FN:28] | Progress: 33.3% | ETA: 27.8s ---
Epoch 11 Batch 1 | Loss: 0.633684 | Stats: min: -0.309, max: 0.128, mean: -0.050
Epoch 11 Batch 2 | Loss: 0.653479
Epoch 11 Batch 3 | Loss: 0.684346
Epoch 11 Batch 4 | Loss: 0.583021
Epoch 11 Batch 5 | Loss: 0.629410
Epoch 11 Batch 6 | Loss: 0.675827
Epoch 11 Batch 7 | Loss: 0.633745
Epoch 11 Batch 8 | Loss: 0.609052
Epoch 11 Batch 9 | Loss: 0.598151
Epoch 11 Batch 10 | Loss: 0.576822
Epoch 11 Batch 11 | Loss: 0.603336
Epoch 11 Batch 12 | Loss: 0.571863
Epoch 11 Batch 13 | Loss: 0.682294
--- Epoch 11/30 | Loss: 0.6258 | Train Acc: 72.0% | Test Acc: 75.0% | CM: [TP:59, TN:70, FP:16, FN:27] | Progress: 36.7% | ETA: 24.2s ---
Epoch 12 Batch 1 | Loss: 0.640974 | Stats: min: -0.505, max: 0.206, mean: -0.165
Epoch 12 Batch 2 | Loss: 0.631464
Epoch 12 Batch 3 | Loss: 0.587350
Epoch 12 Batch 4 | Loss: 0.619104
Epoch 12 Batch 5 | Loss: 0.633429
Epoch 12 Batch 6 | Loss: 0.631116
Epoch 12 Batch 7 | Loss: 0.581199
Epoch 12 Batch 8 | Loss: 0.586008
Epoch 12 Batch 9 | Loss: 0.584129
Epoch 12 Batch 10 | Loss: 0.568633
Epoch 12 Batch 11 | Loss: 0.600426
Epoch 12 Batch 12 | Loss: 0.636336
Epoch 12 Batch 13 | Loss: 0.580621
  [STABILITY] Test accuracy improved: 75.00% -> 75.58% (via EMA). Saving best params.
--- Epoch 12/30 | Loss: 0.6062 | Train Acc: 72.5% | Test Acc: 75.6% | CM: [TP:60, TN:70, FP:16, FN:26] | Progress: 40.0% | ETA: 20.2s ---
Epoch 13 Batch 1 | Loss: 0.532951 | Stats: min: -0.361, max: 0.436, mean: 0.158
Epoch 13 Batch 2 | Loss: 0.656573
Epoch 13 Batch 3 | Loss: 0.536776
Epoch 13 Batch 4 | Loss: 0.653791
Epoch 13 Batch 5 | Loss: 0.615523
Epoch 13 Batch 6 | Loss: 0.727068
Epoch 13 Batch 7 | Loss: 0.698732
Epoch 13 Batch 8 | Loss: 0.598238
Epoch 13 Batch 9 | Loss: 0.587603
Epoch 13 Batch 10 | Loss: 0.655104
Epoch 13 Batch 11 | Loss: 0.636424
Epoch 13 Batch 12 | Loss: 0.616134
Epoch 13 Batch 13 | Loss: 0.641062
--- Epoch 13/30 | Loss: 0.6274 | Train Acc: 73.0% | Test Acc: 75.6% | CM: [TP:60, TN:70, FP:16, FN:26] | Progress: 43.3% | ETA: 17.6s ---
Epoch 14 Batch 1 | Loss: 0.622682 | Stats: min: -0.168, max: 0.262, mean: 0.022
Epoch 14 Batch 2 | Loss: 0.602631
Epoch 14 Batch 3 | Loss: 0.638016
Epoch 14 Batch 4 | Loss: 0.623254
Epoch 14 Batch 5 | Loss: 0.623917
Epoch 14 Batch 6 | Loss: 0.635785
Epoch 14 Batch 7 | Loss: 0.618793
Epoch 14 Batch 8 | Loss: 0.631965
Epoch 14 Batch 9 | Loss: 0.605326
Epoch 14 Batch 10 | Loss: 0.640009
Epoch 14 Batch 11 | Loss: 0.591468
Epoch 14 Batch 12 | Loss: 0.597396
Epoch 14 Batch 13 | Loss: 0.585363
  [STABILITY] Test accuracy improved: 75.58% -> 76.16% (via EMA). Saving best params.
--- Epoch 14/30 | Loss: 0.6167 | Train Acc: 72.5% | Test Acc: 76.2% | CM: [TP:62, TN:69, FP:17, FN:24] | Progress: 46.7% | ETA: 26.8s ---
Epoch 15 Batch 1 | Loss: 0.599971 | Stats: min: -0.299, max: 0.288, mean: -0.000
Epoch 15 Batch 2 | Loss: 0.598997
Epoch 15 Batch 3 | Loss: 0.624228
Epoch 15 Batch 4 | Loss: 0.547042
Epoch 15 Batch 5 | Loss: 0.646149
Epoch 15 Batch 6 | Loss: 0.617573
Epoch 15 Batch 7 | Loss: 0.559689
Epoch 15 Batch 8 | Loss: 0.657808
Epoch 15 Batch 9 | Loss: 0.583326
Epoch 15 Batch 10 | Loss: 0.598138
Epoch 15 Batch 11 | Loss: 0.563493
Epoch 15 Batch 12 | Loss: 0.679480
Epoch 15 Batch 13 | Loss: 0.628007
  [STABILITY] Test accuracy improved: 76.16% -> 76.74% (via EMA). Saving best params.
--- Epoch 15/30 | Loss: 0.6080 | Train Acc: 72.5% | Test Acc: 76.7% | CM: [TP:62, TN:70, FP:16, FN:24] | Progress: 50.0% | ETA: 14.2s ---
Epoch 16 Batch 1 | Loss: 0.588926 | Stats: min: -0.339, max: 0.341, mean: -0.001
Epoch 16 Batch 2 | Loss: 0.636851
Epoch 16 Batch 3 | Loss: 0.578899
Epoch 16 Batch 4 | Loss: 0.647419
Epoch 16 Batch 5 | Loss: 0.606121
Epoch 16 Batch 6 | Loss: 0.630901
Epoch 16 Batch 7 | Loss: 0.623394
Epoch 16 Batch 8 | Loss: 0.669839
Epoch 16 Batch 9 | Loss: 0.638485
Epoch 16 Batch 10 | Loss: 0.607920
Epoch 16 Batch 11 | Loss: 0.612521
Epoch 16 Batch 12 | Loss: 0.580201
Epoch 16 Batch 13 | Loss: 0.581323
--- Epoch 16/30 | Loss: 0.6156 | Train Acc: 73.0% | Test Acc: 76.7% | CM: [TP:62, TN:70, FP:16, FN:24] | Progress: 53.3% | ETA: 12.3s ---
Epoch 17 Batch 1 | Loss: 0.612822 | Stats: min: -0.282, max: 0.404, mean: 0.069
Epoch 17 Batch 2 | Loss: 0.642458
Epoch 17 Batch 3 | Loss: 0.593424
Epoch 17 Batch 4 | Loss: 0.569710
Epoch 17 Batch 5 | Loss: 0.550876
Epoch 17 Batch 6 | Loss: 0.578206
Epoch 17 Batch 7 | Loss: 0.571757
Epoch 17 Batch 8 | Loss: 0.583011
Epoch 17 Batch 9 | Loss: 0.636755
Epoch 17 Batch 10 | Loss: 0.604833
Epoch 17 Batch 11 | Loss: 0.615746
Epoch 17 Batch 12 | Loss: 0.581572
Epoch 17 Batch 13 | Loss: 0.673849
  [STABILITY] Test accuracy improved: 76.74% -> 77.33% (via EMA). Saving best params.
--- Epoch 17/30 | Loss: 0.6012 | Train Acc: 73.0% | Test Acc: 77.3% | CM: [TP:62, TN:71, FP:15, FN:24] | Progress: 56.7% | ETA: 10.4s ---
Epoch 18 Batch 1 | Loss: 0.652395 | Stats: min: -0.178, max: 0.151, mean: 0.038
Epoch 18 Batch 2 | Loss: 0.645462
Epoch 18 Batch 3 | Loss: 0.560655
Epoch 18 Batch 4 | Loss: 0.585736
Epoch 18 Batch 5 | Loss: 0.602616
Epoch 18 Batch 6 | Loss: 0.603843
Epoch 18 Batch 7 | Loss: 0.591597
Epoch 18 Batch 8 | Loss: 0.534630
Epoch 18 Batch 9 | Loss: 0.561680
Epoch 18 Batch 10 | Loss: 0.606254
Epoch 18 Batch 11 | Loss: 0.619298
Epoch 18 Batch 12 | Loss: 0.589264
Epoch 18 Batch 13 | Loss: 0.584374
--- Epoch 18/30 | Loss: 0.5952 | Train Acc: 73.0% | Test Acc: 76.7% | CM: [TP:61, TN:71, FP:15, FN:25] | Progress: 60.0% | ETA: 9.2s ---
Epoch 19 Batch 1 | Loss: 0.575115 | Stats: min: -0.155, max: 0.505, mean: 0.146
Epoch 19 Batch 2 | Loss: 0.626772
Epoch 19 Batch 3 | Loss: 0.633563
Epoch 19 Batch 4 | Loss: 0.539527
Epoch 19 Batch 5 | Loss: 0.574512
Epoch 19 Batch 6 | Loss: 0.628476
Epoch 19 Batch 7 | Loss: 0.598421
Epoch 19 Batch 8 | Loss: 0.586420
Epoch 19 Batch 9 | Loss: 0.617389
Epoch 19 Batch 10 | Loss: 0.608291
Epoch 19 Batch 11 | Loss: 0.642549
Epoch 19 Batch 12 | Loss: 0.557078
Epoch 19 Batch 13 | Loss: 0.626578
--- Epoch 19/30 | Loss: 0.6011 | Train Acc: 73.0% | Test Acc: 75.6% | CM: [TP:59, TN:71, FP:15, FN:27] | Progress: 63.3% | ETA: 8.3s ---
Epoch 20 Batch 1 | Loss: 0.629698 | Stats: min: -0.350, max: 0.345, mean: -0.029
Epoch 20 Batch 2 | Loss: 0.653316
Epoch 20 Batch 3 | Loss: 0.573452
Epoch 20 Batch 4 | Loss: 0.544179
Epoch 20 Batch 5 | Loss: 0.576804
Epoch 20 Batch 6 | Loss: 0.601936
Epoch 20 Batch 7 | Loss: 0.572575
Epoch 20 Batch 8 | Loss: 0.655592
Epoch 20 Batch 9 | Loss: 0.558301
Epoch 20 Batch 10 | Loss: 0.587782
Epoch 20 Batch 11 | Loss: 0.579266
Epoch 20 Batch 12 | Loss: 0.604881
Epoch 20 Batch 13 | Loss: 0.564647
  [STABILITY] Plateau detected. Reducing Learning Rate to 0.025000
--- Epoch 20/30 | Loss: 0.5925 | Train Acc: 72.5% | Test Acc: 75.6% | CM: [TP:59, TN:71, FP:15, FN:27] | Progress: 66.7% | ETA: 7.3s ---
Epoch 21 Batch 1 | Loss: 0.619687 | Stats: min: 0.039, max: 0.435, mean: 0.200
Epoch 21 Batch 2 | Loss: 0.644925
Epoch 21 Batch 3 | Loss: 0.547303
Epoch 21 Batch 4 | Loss: 0.617981
Epoch 21 Batch 5 | Loss: 0.540377
Epoch 21 Batch 6 | Loss: 0.632875
Epoch 21 Batch 7 | Loss: 0.584207
Epoch 21 Batch 8 | Loss: 0.578664
Epoch 21 Batch 9 | Loss: 0.598733
Epoch 21 Batch 10 | Loss: 0.529058
Epoch 21 Batch 11 | Loss: 0.651672
Epoch 21 Batch 12 | Loss: 0.536480
Epoch 21 Batch 13 | Loss: 0.552975
--- Epoch 21/30 | Loss: 0.5873 | Train Acc: 72.0% | Test Acc: 75.6% | CM: [TP:59, TN:71, FP:15, FN:27] | Progress: 70.0% | ETA: 6.0s ---
Epoch 22 Batch 1 | Loss: 0.579782 | Stats: min: -0.364, max: 0.374, mean: 0.005
Epoch 22 Batch 2 | Loss: 0.568611
Epoch 22 Batch 3 | Loss: 0.613705
Epoch 22 Batch 4 | Loss: 0.624635
Epoch 22 Batch 5 | Loss: 0.571424
Epoch 22 Batch 6 | Loss: 0.616413
Epoch 22 Batch 7 | Loss: 0.567223
Epoch 22 Batch 8 | Loss: 0.536135
Epoch 22 Batch 9 | Loss: 0.626409
Epoch 22 Batch 10 | Loss: 0.627592
Epoch 22 Batch 11 | Loss: 0.557488
Epoch 22 Batch 12 | Loss: 0.538284
Epoch 22 Batch 13 | Loss: 0.526078
--- Epoch 22/30 | Loss: 0.5811 | Train Acc: 71.0% | Test Acc: 76.2% | CM: [TP:58, TN:73, FP:13, FN:28] | Progress: 73.3% | ETA: 4.9s ---
Epoch 23 Batch 1 | Loss: 0.568178 | Stats: min: -0.344, max: 0.073, mean: -0.151
Epoch 23 Batch 2 | Loss: 0.565364
Epoch 23 Batch 3 | Loss: 0.618087
Epoch 23 Batch 4 | Loss: 0.540963
Epoch 23 Batch 5 | Loss: 0.588294
Epoch 23 Batch 6 | Loss: 0.584111
Epoch 23 Batch 7 | Loss: 0.540687
Epoch 23 Batch 8 | Loss: 0.571380
Epoch 23 Batch 9 | Loss: 0.608919
Epoch 23 Batch 10 | Loss: 0.591631
Epoch 23 Batch 11 | Loss: 0.583519
Epoch 23 Batch 12 | Loss: 0.643194
Epoch 23 Batch 13 | Loss: 0.567971
  [STABILITY] Plateau detected. Reducing Learning Rate to 0.012500
--- Epoch 23/30 | Loss: 0.5825 | Train Acc: 71.0% | Test Acc: 76.2% | CM: [TP:58, TN:73, FP:13, FN:28] | Progress: 76.7% | ETA: 4.0s ---
Epoch 24 Batch 1 | Loss: 0.525155 | Stats: min: -0.458, max: 0.430, mean: -0.015
Epoch 24 Batch 2 | Loss: 0.647099
Epoch 24 Batch 3 | Loss: 0.607382
Epoch 24 Batch 4 | Loss: 0.624233
Epoch 24 Batch 5 | Loss: 0.600835
Epoch 24 Batch 6 | Loss: 0.574122
Epoch 24 Batch 7 | Loss: 0.561135
Epoch 24 Batch 8 | Loss: 0.586845
Epoch 24 Batch 9 | Loss: 0.532622
Epoch 24 Batch 10 | Loss: 0.545227
Epoch 24 Batch 11 | Loss: 0.629062
Epoch 24 Batch 12 | Loss: 0.581805
Epoch 24 Batch 13 | Loss: 0.535871
--- Epoch 24/30 | Loss: 0.5809 | Train Acc: 70.5% | Test Acc: 76.2% | CM: [TP:58, TN:73, FP:13, FN:28] | Progress: 80.0% | ETA: 3.4s ---
Epoch 25 Batch 1 | Loss: 0.536851 | Stats: min: -0.436, max: 0.430, mean: 0.003
Epoch 25 Batch 2 | Loss: 0.672329
Epoch 25 Batch 3 | Loss: 0.602062
Epoch 25 Batch 4 | Loss: 0.528954
Epoch 25 Batch 5 | Loss: 0.524348
Epoch 25 Batch 6 | Loss: 0.591533
Epoch 25 Batch 7 | Loss: 0.555951
Epoch 25 Batch 8 | Loss: 0.616864
Epoch 25 Batch 9 | Loss: 0.504484
Epoch 25 Batch 10 | Loss: 0.553463
Epoch 25 Batch 11 | Loss: 0.579489
Epoch 25 Batch 12 | Loss: 0.625949
Epoch 25 Batch 13 | Loss: 0.767483
--- Epoch 25/30 | Loss: 0.5892 | Train Acc: 70.5% | Test Acc: 76.2% | CM: [TP:58, TN:73, FP:13, FN:28] | Progress: 83.3% | ETA: 2.7s ---
Epoch 26 Batch 1 | Loss: 0.581055 | Stats: min: -0.280, max: 0.374, mean: -0.013
Epoch 26 Batch 2 | Loss: 0.616273
Epoch 26 Batch 3 | Loss: 0.654234
Epoch 26 Batch 4 | Loss: 0.600217
Epoch 26 Batch 5 | Loss: 0.548219
Epoch 26 Batch 6 | Loss: 0.697613
Epoch 26 Batch 7 | Loss: 0.537553
Epoch 26 Batch 8 | Loss: 0.556538
Epoch 26 Batch 9 | Loss: 0.506530
Epoch 26 Batch 10 | Loss: 0.471701
Epoch 26 Batch 11 | Loss: 0.641577
Epoch 26 Batch 12 | Loss: 0.543132
Epoch 26 Batch 13 | Loss: 0.610322
  [STABILITY] Plateau detected. Reducing Learning Rate to 0.006250
--- Epoch 26/30 | Loss: 0.5819 | Train Acc: 71.0% | Test Acc: 76.2% | CM: [TP:58, TN:73, FP:13, FN:28] | Progress: 86.7% | ETA: 2.1s ---
Epoch 27 Batch 1 | Loss: 0.552607 | Stats: min: -0.140, max: 0.499, mean: 0.136
Epoch 27 Batch 2 | Loss: 0.631219
Epoch 27 Batch 3 | Loss: 0.603177
Epoch 27 Batch 4 | Loss: 0.512333
Epoch 27 Batch 5 | Loss: 0.567429
Epoch 27 Batch 6 | Loss: 0.605850
Epoch 27 Batch 7 | Loss: 0.620285
Epoch 27 Batch 8 | Loss: 0.517509
Epoch 27 Batch 9 | Loss: 0.616965
Epoch 27 Batch 10 | Loss: 0.562949
Epoch 27 Batch 11 | Loss: 0.594111
Epoch 27 Batch 12 | Loss: 0.575813
Epoch 27 Batch 13 | Loss: 0.599241
--- Epoch 27/30 | Loss: 0.5815 | Train Acc: 71.5% | Test Acc: 76.2% | CM: [TP:58, TN:73, FP:13, FN:28] | Progress: 90.0% | ETA: 1.5s ---
Epoch 28 Batch 1 | Loss: 0.607366 | Stats: min: -0.547, max: 0.099, mean: -0.280
Epoch 28 Batch 2 | Loss: 0.553191
Epoch 28 Batch 3 | Loss: 0.583003
Epoch 28 Batch 4 | Loss: 0.551148
Epoch 28 Batch 5 | Loss: 0.653887
Epoch 28 Batch 6 | Loss: 0.519609
Epoch 28 Batch 7 | Loss: 0.519472
Epoch 28 Batch 8 | Loss: 0.615778
Epoch 28 Batch 9 | Loss: 0.598142
Epoch 28 Batch 10 | Loss: 0.587166
Epoch 28 Batch 11 | Loss: 0.600350
Epoch 28 Batch 12 | Loss: 0.544812
Epoch 28 Batch 13 | Loss: 0.709916
--- Epoch 28/30 | Loss: 0.5880 | Train Acc: 71.0% | Test Acc: 75.6% | CM: [TP:58, TN:72, FP:14, FN:28] | Progress: 93.3% | ETA: 1.0s ---
Epoch 29 Batch 1 | Loss: 0.534247 | Stats: min: -0.365, max: 0.463, mean: 0.132
Epoch 29 Batch 2 | Loss: 0.595441
Epoch 29 Batch 3 | Loss: 0.653018
Epoch 29 Batch 4 | Loss: 0.605000
Epoch 29 Batch 5 | Loss: 0.596774
Epoch 29 Batch 6 | Loss: 0.595528
Epoch 29 Batch 7 | Loss: 0.542488
Epoch 29 Batch 8 | Loss: 0.539541
Epoch 29 Batch 9 | Loss: 0.645794
Epoch 29 Batch 10 | Loss: 0.528002
Epoch 29 Batch 11 | Loss: 0.589777
Epoch 29 Batch 12 | Loss: 0.550576
Epoch 29 Batch 13 | Loss: 0.584283
  [STABILITY] Plateau detected. Reducing Learning Rate to 0.003125
--- Epoch 29/30 | Loss: 0.5816 | Train Acc: 71.0% | Test Acc: 76.2% | CM: [TP:59, TN:72, FP:14, FN:27] | Progress: 96.7% | ETA: 0.5s ---
Epoch 30 Batch 1 | Loss: 0.530544 | Stats: min: -0.418, max: 0.436, mean: -0.004
Epoch 30 Batch 2 | Loss: 0.547397
Epoch 30 Batch 3 | Loss: 0.595011
Epoch 30 Batch 4 | Loss: 0.582249
Epoch 30 Batch 5 | Loss: 0.507083
Epoch 30 Batch 6 | Loss: 0.653725
Epoch 30 Batch 7 | Loss: 0.551983
Epoch 30 Batch 8 | Loss: 0.655607
Epoch 30 Batch 9 | Loss: 0.562028
Epoch 30 Batch 10 | Loss: 0.632927
Epoch 30 Batch 11 | Loss: 0.615333
Epoch 30 Batch 12 | Loss: 0.516558
Epoch 30 Batch 13 | Loss: 0.581054
--- Epoch 30/30 | Loss: 0.5793 | Train Acc: 71.0% | Test Acc: 76.2% | CM: [TP:59, TN:72, FP:14, FN:27] | Progress: 100.0% | ETA: 0.0s ---

Final Best Test Accuracy: 77.33%


Best Quantum Test Accuracy: 0.773
