DEBUG: Qtrainer enters train_pure_quantum_cnn. Encoding: feature_map
  Class Weights: +1 (Target): 1.00 | -1 (Rest): 1.00
Starting Training
==================================================
Epoch 1 Batch 1 | Loss: 0.705843 | Stats: min: 0.139, max: 0.218, mean: 0.177
Epoch 1 Batch 2 | Loss: 0.676388
Epoch 1 Batch 3 | Loss: 0.692467
Epoch 1 Batch 4 | Loss: 0.694129
Epoch 1 Batch 5 | Loss: 0.681308
Epoch 1 Batch 6 | Loss: 0.685890
Epoch 1 Batch 7 | Loss: 0.699404
Epoch 1 Batch 8 | Loss: 0.687095
Epoch 1 Batch 9 | Loss: 0.681915
Epoch 1 Batch 10 | Loss: 0.685911
Epoch 1 Batch 11 | Loss: 0.663722
Epoch 1 Batch 12 | Loss: 0.666916
Epoch 1 Batch 13 | Loss: 0.661678
  [STABILITY] Test accuracy improved: 0.00% -> 43.02% (via EMA). Saving best params.
--- Epoch 1/30 | Loss: 0.6833 | Train Acc: 44.5% | Test Acc: 43.0% | CM: [TP:62, TN:12, FP:74, FN:24] | Progress: 3.3% | ETA: 451.5s ---
Epoch 2 Batch 1 | Loss: 0.671174 | Stats: min: -0.111, max: 0.068, mean: -0.032
Epoch 2 Batch 2 | Loss: 0.655472
Epoch 2 Batch 3 | Loss: 0.654291
Epoch 2 Batch 4 | Loss: 0.627671
Epoch 2 Batch 5 | Loss: 0.678660
Epoch 2 Batch 6 | Loss: 0.660034
Epoch 2 Batch 7 | Loss: 0.626039
Epoch 2 Batch 8 | Loss: 0.626238
Epoch 2 Batch 9 | Loss: 0.659002
Epoch 2 Batch 10 | Loss: 0.689874
Epoch 2 Batch 11 | Loss: 0.679086
Epoch 2 Batch 12 | Loss: 0.648314
Epoch 2 Batch 13 | Loss: 0.628424
  [STABILITY] Test accuracy improved: 43.02% -> 50.00% (via EMA). Saving best params.
--- Epoch 2/30 | Loss: 0.6542 | Train Acc: 45.5% | Test Acc: 50.0% | CM: [TP:86, TN:0, FP:86, FN:0] | Progress: 6.7% | ETA: 277.5s ---
Epoch 3 Batch 1 | Loss: 0.633786 | Stats: min: 0.049, max: 0.225, mean: 0.141
Epoch 3 Batch 2 | Loss: 0.673037
Epoch 3 Batch 3 | Loss: 0.637289
Epoch 3 Batch 4 | Loss: 0.653220
Epoch 3 Batch 5 | Loss: 0.632279
Epoch 3 Batch 6 | Loss: 0.661406
Epoch 3 Batch 7 | Loss: 0.628945
Epoch 3 Batch 8 | Loss: 0.642832
Epoch 3 Batch 9 | Loss: 0.633578
Epoch 3 Batch 10 | Loss: 0.683821
Epoch 3 Batch 11 | Loss: 0.610274
Epoch 3 Batch 12 | Loss: 0.612808
Epoch 3 Batch 13 | Loss: 0.620321
--- Epoch 3/30 | Loss: 0.6403 | Train Acc: 45.0% | Test Acc: 50.0% | CM: [TP:86, TN:0, FP:86, FN:0] | Progress: 10.0% | ETA: 140.6s ---
Epoch 4 Batch 1 | Loss: 0.626504 | Stats: min: -0.260, max: -0.071, mean: -0.173
Epoch 4 Batch 2 | Loss: 0.636118
Epoch 4 Batch 3 | Loss: 0.619002
Epoch 4 Batch 4 | Loss: 0.632285
Epoch 4 Batch 5 | Loss: 0.608640
Epoch 4 Batch 6 | Loss: 0.637523
Epoch 4 Batch 7 | Loss: 0.625191
Epoch 4 Batch 8 | Loss: 0.644382
Epoch 4 Batch 9 | Loss: 0.621918
Epoch 4 Batch 10 | Loss: 0.639892
Epoch 4 Batch 11 | Loss: 0.593837
Epoch 4 Batch 12 | Loss: 0.652103
Epoch 4 Batch 13 | Loss: 0.682036
  [STABILITY] Test accuracy improved: 50.00% -> 50.58% (via EMA). Saving best params.
--- Epoch 4/30 | Loss: 0.6323 | Train Acc: 45.0% | Test Acc: 50.6% | CM: [TP:85, TN:2, FP:84, FN:1] | Progress: 13.3% | ETA: 100.6s ---
Epoch 5 Batch 1 | Loss: 0.611567 | Stats: min: -0.105, max: 0.378, mean: 0.129
Epoch 5 Batch 2 | Loss: 0.618400
Epoch 5 Batch 3 | Loss: 0.584663
Epoch 5 Batch 4 | Loss: 0.640784
Epoch 5 Batch 5 | Loss: 0.614624
Epoch 5 Batch 6 | Loss: 0.607089
Epoch 5 Batch 7 | Loss: 0.621954
Epoch 5 Batch 8 | Loss: 0.648610
Epoch 5 Batch 9 | Loss: 0.646079
Epoch 5 Batch 10 | Loss: 0.606117
Epoch 5 Batch 11 | Loss: 0.693985
Epoch 5 Batch 12 | Loss: 0.586655
Epoch 5 Batch 13 | Loss: 0.601873
  [STABILITY] Test accuracy improved: 50.58% -> 52.33% (via EMA). Saving best params.
--- Epoch 5/30 | Loss: 0.6217 | Train Acc: 50.5% | Test Acc: 52.3% | CM: [TP:81, TN:9, FP:77, FN:5] | Progress: 16.7% | ETA: 82.4s ---
Epoch 6 Batch 1 | Loss: 0.659173 | Stats: min: -0.287, max: 0.393, mean: 0.152
Epoch 6 Batch 2 | Loss: 0.627223
Epoch 6 Batch 3 | Loss: 0.615371
Epoch 6 Batch 4 | Loss: 0.593085
Epoch 6 Batch 5 | Loss: 0.598316
Epoch 6 Batch 6 | Loss: 0.582047
Epoch 6 Batch 7 | Loss: 0.693580
Epoch 6 Batch 8 | Loss: 0.615878
Epoch 6 Batch 9 | Loss: 0.640109
Epoch 6 Batch 10 | Loss: 0.624652
Epoch 6 Batch 11 | Loss: 0.626983
Epoch 6 Batch 12 | Loss: 0.654115
Epoch 6 Batch 13 | Loss: 0.657309
  [STABILITY] Test accuracy improved: 52.33% -> 66.28% (via EMA). Saving best params.
--- Epoch 6/30 | Loss: 0.6298 | Train Acc: 63.0% | Test Acc: 66.3% | CM: [TP:74, TN:40, FP:46, FN:12] | Progress: 20.0% | ETA: 53.9s ---
Epoch 7 Batch 1 | Loss: 0.643499 | Stats: min: -0.053, max: 0.313, mean: 0.131
Epoch 7 Batch 2 | Loss: 0.626128
Epoch 7 Batch 3 | Loss: 0.586074
Epoch 7 Batch 4 | Loss: 0.748630
Epoch 7 Batch 5 | Loss: 0.691559
Epoch 7 Batch 6 | Loss: 0.588849
Epoch 7 Batch 7 | Loss: 0.610895
Epoch 7 Batch 8 | Loss: 0.634412
Epoch 7 Batch 9 | Loss: 0.647959
Epoch 7 Batch 10 | Loss: 0.591322
Epoch 7 Batch 11 | Loss: 0.623078
Epoch 7 Batch 12 | Loss: 0.617650
Epoch 7 Batch 13 | Loss: 0.626342
  [STABILITY] Test accuracy improved: 66.28% -> 68.60% (via EMA). Saving best params.
--- Epoch 7/30 | Loss: 0.6336 | Train Acc: 66.0% | Test Acc: 68.6% | CM: [TP:65, TN:53, FP:33, FN:21] | Progress: 23.3% | ETA: 44.2s ---
Epoch 8 Batch 1 | Loss: 0.608666 | Stats: min: -0.141, max: 0.191, mean: 0.027
Epoch 8 Batch 2 | Loss: 0.605929
Epoch 8 Batch 3 | Loss: 0.646503
Epoch 8 Batch 4 | Loss: 0.614377
Epoch 8 Batch 5 | Loss: 0.631777
Epoch 8 Batch 6 | Loss: 0.575086
Epoch 8 Batch 7 | Loss: 0.626092
Epoch 8 Batch 8 | Loss: 0.636174
Epoch 8 Batch 9 | Loss: 0.633751
Epoch 8 Batch 10 | Loss: 0.606911
Epoch 8 Batch 11 | Loss: 0.624645
Epoch 8 Batch 12 | Loss: 0.628646
Epoch 8 Batch 13 | Loss: 0.609792
  [STABILITY] Test accuracy improved: 68.60% -> 69.19% (via EMA). Saving best params.
--- Epoch 8/30 | Loss: 0.6191 | Train Acc: 71.5% | Test Acc: 69.2% | CM: [TP:62, TN:57, FP:29, FN:24] | Progress: 26.7% | ETA: 36.7s ---
Epoch 9 Batch 1 | Loss: 0.588069 | Stats: min: -0.293, max: 0.091, mean: -0.188
Epoch 9 Batch 2 | Loss: 0.658069
Epoch 9 Batch 3 | Loss: 0.662789
Epoch 9 Batch 4 | Loss: 0.612453
Epoch 9 Batch 5 | Loss: 0.615659
Epoch 9 Batch 6 | Loss: 0.590737
Epoch 9 Batch 7 | Loss: 0.594043
Epoch 9 Batch 8 | Loss: 0.642656
Epoch 9 Batch 9 | Loss: 0.667289
Epoch 9 Batch 10 | Loss: 0.649042
Epoch 9 Batch 11 | Loss: 0.640167
Epoch 9 Batch 12 | Loss: 0.601128
Epoch 9 Batch 13 | Loss: 0.653943
--- Epoch 9/30 | Loss: 0.6289 | Train Acc: 73.0% | Test Acc: 69.2% | CM: [TP:61, TN:58, FP:28, FN:25] | Progress: 30.0% | ETA: 31.3s ---
Epoch 10 Batch 1 | Loss: 0.597021 | Stats: min: -0.239, max: 0.162, mean: -0.055
Epoch 10 Batch 2 | Loss: 0.655743
Epoch 10 Batch 3 | Loss: 0.622212
Epoch 10 Batch 4 | Loss: 0.658832
Epoch 10 Batch 5 | Loss: 0.644585
Epoch 10 Batch 6 | Loss: 0.658972
Epoch 10 Batch 7 | Loss: 0.638203
Epoch 10 Batch 8 | Loss: 0.623459
Epoch 10 Batch 9 | Loss: 0.635704
Epoch 10 Batch 10 | Loss: 0.618731
Epoch 10 Batch 11 | Loss: 0.643988
Epoch 10 Batch 12 | Loss: 0.620310
Epoch 10 Batch 13 | Loss: 0.582974
--- Epoch 10/30 | Loss: 0.6308 | Train Acc: 73.5% | Test Acc: 68.6% | CM: [TP:60, TN:58, FP:28, FN:26] | Progress: 33.3% | ETA: 26.8s ---
Epoch 11 Batch 1 | Loss: 0.591263 | Stats: min: -0.414, max: 0.029, mean: -0.201
Epoch 11 Batch 2 | Loss: 0.644175
Epoch 11 Batch 3 | Loss: 0.657157
Epoch 11 Batch 4 | Loss: 0.608783
Epoch 11 Batch 5 | Loss: 0.554650
Epoch 11 Batch 6 | Loss: 0.594513
Epoch 11 Batch 7 | Loss: 0.573576
Epoch 11 Batch 8 | Loss: 0.614483
Epoch 11 Batch 9 | Loss: 0.607694
Epoch 11 Batch 10 | Loss: 0.655976
Epoch 11 Batch 11 | Loss: 0.681228
Epoch 11 Batch 12 | Loss: 0.615571
Epoch 11 Batch 13 | Loss: 0.643472
  [STABILITY] Test accuracy improved: 69.19% -> 69.77% (via EMA). Saving best params.
--- Epoch 11/30 | Loss: 0.6187 | Train Acc: 72.5% | Test Acc: 69.8% | CM: [TP:62, TN:58, FP:28, FN:24] | Progress: 36.7% | ETA: 23.6s ---
Epoch 12 Batch 1 | Loss: 0.555490 | Stats: min: -0.356, max: 0.049, mean: -0.113
Epoch 12 Batch 2 | Loss: 0.584539
Epoch 12 Batch 3 | Loss: 0.654002
Epoch 12 Batch 4 | Loss: 0.722497
Epoch 12 Batch 5 | Loss: 0.630747
Epoch 12 Batch 6 | Loss: 0.615823
Epoch 12 Batch 7 | Loss: 0.646955
Epoch 12 Batch 8 | Loss: 0.612773
Epoch 12 Batch 9 | Loss: 0.666280
Epoch 12 Batch 10 | Loss: 0.630379
Epoch 12 Batch 11 | Loss: 0.632295
Epoch 12 Batch 12 | Loss: 0.652867
Epoch 12 Batch 13 | Loss: 0.588070
--- Epoch 12/30 | Loss: 0.6302 | Train Acc: 72.5% | Test Acc: 69.8% | CM: [TP:66, TN:54, FP:32, FN:20] | Progress: 40.0% | ETA: 20.1s ---
Epoch 13 Batch 1 | Loss: 0.615463 | Stats: min: -0.262, max: 0.057, mean: -0.130
Epoch 13 Batch 2 | Loss: 0.645105
Epoch 13 Batch 3 | Loss: 0.614387
Epoch 13 Batch 4 | Loss: 0.610941
Epoch 13 Batch 5 | Loss: 0.726716
Epoch 13 Batch 6 | Loss: 0.611974
Epoch 13 Batch 7 | Loss: 0.653677
Epoch 13 Batch 8 | Loss: 0.625262
Epoch 13 Batch 9 | Loss: 0.629502
Epoch 13 Batch 10 | Loss: 0.581523
Epoch 13 Batch 11 | Loss: 0.648881
Epoch 13 Batch 12 | Loss: 0.618772
Epoch 13 Batch 13 | Loss: 0.641259
  [STABILITY] Test accuracy improved: 69.77% -> 70.35% (via EMA). Saving best params.
--- Epoch 13/30 | Loss: 0.6326 | Train Acc: 69.5% | Test Acc: 70.3% | CM: [TP:67, TN:54, FP:32, FN:19] | Progress: 43.3% | ETA: 17.5s ---
Epoch 14 Batch 1 | Loss: 0.647994 | Stats: min: -0.205, max: 0.226, mean: -0.019
Epoch 14 Batch 2 | Loss: 0.587908
Epoch 14 Batch 3 | Loss: 0.605353
Epoch 14 Batch 4 | Loss: 0.637005
Epoch 14 Batch 5 | Loss: 0.627727
Epoch 14 Batch 6 | Loss: 0.625649
Epoch 14 Batch 7 | Loss: 0.656071
Epoch 14 Batch 8 | Loss: 0.620181
Epoch 14 Batch 9 | Loss: 0.589583
Epoch 14 Batch 10 | Loss: 0.619456
Epoch 14 Batch 11 | Loss: 0.593234
Epoch 14 Batch 12 | Loss: 0.631269
Epoch 14 Batch 13 | Loss: 0.537862
--- Epoch 14/30 | Loss: 0.6138 | Train Acc: 70.5% | Test Acc: 70.3% | CM: [TP:67, TN:54, FP:32, FN:19] | Progress: 46.7% | ETA: 16.3s ---
Epoch 15 Batch 1 | Loss: 0.643955 | Stats: min: -0.083, max: 0.513, mean: 0.192
Epoch 15 Batch 2 | Loss: 0.662928
Epoch 15 Batch 3 | Loss: 0.560761
Epoch 15 Batch 4 | Loss: 0.628036
Epoch 15 Batch 5 | Loss: 0.594964
Epoch 15 Batch 6 | Loss: 0.647149
Epoch 15 Batch 7 | Loss: 0.571906
Epoch 15 Batch 8 | Loss: 0.715142
Epoch 15 Batch 9 | Loss: 0.563509
Epoch 15 Batch 10 | Loss: 0.620022
Epoch 15 Batch 11 | Loss: 0.613887
Epoch 15 Batch 12 | Loss: 0.545410
Epoch 15 Batch 13 | Loss: 0.681689
  [STABILITY] Test accuracy improved: 70.35% -> 70.93% (via EMA). Saving best params.
--- Epoch 15/30 | Loss: 0.6192 | Train Acc: 70.0% | Test Acc: 70.9% | CM: [TP:67, TN:55, FP:31, FN:19] | Progress: 50.0% | ETA: 14.1s ---
Epoch 16 Batch 1 | Loss: 0.681507 | Stats: min: -0.219, max: 0.409, mean: 0.095
Epoch 16 Batch 2 | Loss: 0.608488
Epoch 16 Batch 3 | Loss: 0.630635
Epoch 16 Batch 4 | Loss: 0.615840
Epoch 16 Batch 5 | Loss: 0.624850
Epoch 16 Batch 6 | Loss: 0.640134
Epoch 16 Batch 7 | Loss: 0.605872
Epoch 16 Batch 8 | Loss: 0.598793
Epoch 16 Batch 9 | Loss: 0.584065
Epoch 16 Batch 10 | Loss: 0.581193
Epoch 16 Batch 11 | Loss: 0.611184
Epoch 16 Batch 12 | Loss: 0.591253
Epoch 16 Batch 13 | Loss: 0.510805
  [STABILITY] Test accuracy improved: 70.93% -> 72.67% (via EMA). Saving best params.
--- Epoch 16/30 | Loss: 0.6065 | Train Acc: 72.5% | Test Acc: 72.7% | CM: [TP:67, TN:58, FP:28, FN:19] | Progress: 53.3% | ETA: 11.9s ---
Epoch 17 Batch 1 | Loss: 0.612706 | Stats: min: -0.468, max: 0.359, mean: 0.066
Epoch 17 Batch 2 | Loss: 0.583947
Epoch 17 Batch 3 | Loss: 0.633171
Epoch 17 Batch 4 | Loss: 0.556230
Epoch 17 Batch 5 | Loss: 0.589940
Epoch 17 Batch 6 | Loss: 0.591174
Epoch 17 Batch 7 | Loss: 0.627808
Epoch 17 Batch 8 | Loss: 0.598551
Epoch 17 Batch 9 | Loss: 0.661488
Epoch 17 Batch 10 | Loss: 0.534566
Epoch 17 Batch 11 | Loss: 0.613472
Epoch 17 Batch 12 | Loss: 0.644152
Epoch 17 Batch 13 | Loss: 0.609664
  [STABILITY] Test accuracy improved: 72.67% -> 73.84% (via EMA). Saving best params.
--- Epoch 17/30 | Loss: 0.6044 | Train Acc: 72.5% | Test Acc: 73.8% | CM: [TP:64, TN:63, FP:23, FN:22] | Progress: 56.7% | ETA: 10.4s ---
Epoch 18 Batch 1 | Loss: 0.542896 | Stats: min: -0.502, max: 0.141, mean: -0.278
Epoch 18 Batch 2 | Loss: 0.615362
Epoch 18 Batch 3 | Loss: 0.581537
Epoch 18 Batch 4 | Loss: 0.600960
Epoch 18 Batch 5 | Loss: 0.641167
Epoch 18 Batch 6 | Loss: 0.533421
Epoch 18 Batch 7 | Loss: 0.690829
Epoch 18 Batch 8 | Loss: 0.671007
Epoch 18 Batch 9 | Loss: 0.591742
Epoch 18 Batch 10 | Loss: 0.588245
Epoch 18 Batch 11 | Loss: 0.634773
Epoch 18 Batch 12 | Loss: 0.600501
Epoch 18 Batch 13 | Loss: 0.557402
  [STABILITY] Test accuracy improved: 73.84% -> 75.00% (via EMA). Saving best params.
--- Epoch 18/30 | Loss: 0.6038 | Train Acc: 72.0% | Test Acc: 75.0% | CM: [TP:65, TN:64, FP:22, FN:21] | Progress: 60.0% | ETA: 9.0s ---
Epoch 19 Batch 1 | Loss: 0.588938 | Stats: min: -0.089, max: 0.456, mean: 0.136
Epoch 19 Batch 2 | Loss: 0.560985
Epoch 19 Batch 3 | Loss: 0.608920
Epoch 19 Batch 4 | Loss: 0.680816
Epoch 19 Batch 5 | Loss: 0.572676
Epoch 19 Batch 6 | Loss: 0.710654
Epoch 19 Batch 7 | Loss: 0.594468
Epoch 19 Batch 8 | Loss: 0.663324
Epoch 19 Batch 9 | Loss: 0.621413
Epoch 19 Batch 10 | Loss: 0.552759
Epoch 19 Batch 11 | Loss: 0.616100
Epoch 19 Batch 12 | Loss: 0.562001
Epoch 19 Batch 13 | Loss: 0.586349
--- Epoch 19/30 | Loss: 0.6092 | Train Acc: 71.0% | Test Acc: 72.7% | CM: [TP:60, TN:65, FP:21, FN:26] | Progress: 63.3% | ETA: 8.0s ---
Epoch 20 Batch 1 | Loss: 0.609857 | Stats: min: -0.046, max: 0.348, mean: 0.189
Epoch 20 Batch 2 | Loss: 0.564193
Epoch 20 Batch 3 | Loss: 0.622831
Epoch 20 Batch 4 | Loss: 0.576546
Epoch 20 Batch 5 | Loss: 0.670552
Epoch 20 Batch 6 | Loss: 0.627635
Epoch 20 Batch 7 | Loss: 0.611114
Epoch 20 Batch 8 | Loss: 0.555996
Epoch 20 Batch 9 | Loss: 0.592535
Epoch 20 Batch 10 | Loss: 0.591690
Epoch 20 Batch 11 | Loss: 0.622585
Epoch 20 Batch 12 | Loss: 0.590551
Epoch 20 Batch 13 | Loss: 0.638703
--- Epoch 20/30 | Loss: 0.6058 | Train Acc: 70.0% | Test Acc: 72.7% | CM: [TP:60, TN:65, FP:21, FN:26] | Progress: 66.7% | ETA: 6.8s ---
Epoch 21 Batch 1 | Loss: 0.572088 | Stats: min: 0.026, max: 0.410, mean: 0.203
Epoch 21 Batch 2 | Loss: 0.639948
Epoch 21 Batch 3 | Loss: 0.570772
Epoch 21 Batch 4 | Loss: 0.595376
Epoch 21 Batch 5 | Loss: 0.505674
Epoch 21 Batch 6 | Loss: 0.610197
Epoch 21 Batch 7 | Loss: 0.626538
Epoch 21 Batch 8 | Loss: 0.637711
Epoch 21 Batch 9 | Loss: 0.661210
Epoch 21 Batch 10 | Loss: 0.575552
Epoch 21 Batch 11 | Loss: 0.593751
Epoch 21 Batch 12 | Loss: 0.572456
Epoch 21 Batch 13 | Loss: 0.618858
  [STABILITY] Plateau detected. Reducing Learning Rate to 0.025000
--- Epoch 21/30 | Loss: 0.5985 | Train Acc: 69.5% | Test Acc: 73.8% | CM: [TP:59, TN:68, FP:18, FN:27] | Progress: 70.0% | ETA: 5.9s ---
Epoch 22 Batch 1 | Loss: 0.565336 | Stats: min: -0.373, max: 0.300, mean: -0.127
Epoch 22 Batch 2 | Loss: 0.523494
Epoch 22 Batch 3 | Loss: 0.588462
Epoch 22 Batch 4 | Loss: 0.638800
Epoch 22 Batch 5 | Loss: 0.613891
Epoch 22 Batch 6 | Loss: 0.604193
Epoch 22 Batch 7 | Loss: 0.608153
Epoch 22 Batch 8 | Loss: 0.565853
Epoch 22 Batch 9 | Loss: 0.561267
Epoch 22 Batch 10 | Loss: 0.696553
Epoch 22 Batch 11 | Loss: 0.535142
Epoch 22 Batch 12 | Loss: 0.667809
Epoch 22 Batch 13 | Loss: 0.627378
--- Epoch 22/30 | Loss: 0.5997 | Train Acc: 70.0% | Test Acc: 74.4% | CM: [TP:58, TN:70, FP:16, FN:28] | Progress: 73.3% | ETA: 5.0s ---
Epoch 23 Batch 1 | Loss: 0.600763 | Stats: min: -0.311, max: 0.353, mean: -0.143
Epoch 23 Batch 2 | Loss: 0.590979
Epoch 23 Batch 3 | Loss: 0.592463
Epoch 23 Batch 4 | Loss: 0.488377
Epoch 23 Batch 5 | Loss: 0.632948
Epoch 23 Batch 6 | Loss: 0.614267
Epoch 23 Batch 7 | Loss: 0.651466
Epoch 23 Batch 8 | Loss: 0.674804
Epoch 23 Batch 9 | Loss: 0.546994
Epoch 23 Batch 10 | Loss: 0.590691
Epoch 23 Batch 11 | Loss: 0.566747
Epoch 23 Batch 12 | Loss: 0.572355
Epoch 23 Batch 13 | Loss: 0.684382
--- Epoch 23/30 | Loss: 0.6006 | Train Acc: 72.5% | Test Acc: 74.4% | CM: [TP:57, TN:71, FP:15, FN:29] | Progress: 76.7% | ETA: 4.2s ---
Epoch 24 Batch 1 | Loss: 0.620950 | Stats: min: 0.006, max: 0.366, mean: 0.216
Epoch 24 Batch 2 | Loss: 0.602524
Epoch 24 Batch 3 | Loss: 0.626926
Epoch 24 Batch 4 | Loss: 0.546624
Epoch 24 Batch 5 | Loss: 0.683830
Epoch 24 Batch 6 | Loss: 0.554201
Epoch 24 Batch 7 | Loss: 0.632933
Epoch 24 Batch 8 | Loss: 0.573435
Epoch 24 Batch 9 | Loss: 0.548606
Epoch 24 Batch 10 | Loss: 0.582112
Epoch 24 Batch 11 | Loss: 0.562079
Epoch 24 Batch 12 | Loss: 0.569827
Epoch 24 Batch 13 | Loss: 0.590715
  [STABILITY] Plateau detected. Reducing Learning Rate to 0.012500
--- Epoch 24/30 | Loss: 0.5919 | Train Acc: 72.5% | Test Acc: 74.4% | CM: [TP:57, TN:71, FP:15, FN:29] | Progress: 80.0% | ETA: 3.4s ---
Epoch 25 Batch 1 | Loss: 0.579104 | Stats: min: -0.321, max: 0.369, mean: 0.001
Epoch 25 Batch 2 | Loss: 0.534671
Epoch 25 Batch 3 | Loss: 0.577628
Epoch 25 Batch 4 | Loss: 0.572417
Epoch 25 Batch 5 | Loss: 0.611351
Epoch 25 Batch 6 | Loss: 0.639106
Epoch 25 Batch 7 | Loss: 0.606332
Epoch 25 Batch 8 | Loss: 0.653688
Epoch 25 Batch 9 | Loss: 0.559685
Epoch 25 Batch 10 | Loss: 0.546150
Epoch 25 Batch 11 | Loss: 0.561906
Epoch 25 Batch 12 | Loss: 0.611368
Epoch 25 Batch 13 | Loss: 0.614831
--- Epoch 25/30 | Loss: 0.5899 | Train Acc: 72.0% | Test Acc: 74.4% | CM: [TP:57, TN:71, FP:15, FN:29] | Progress: 83.3% | ETA: 2.7s ---
Epoch 26 Batch 1 | Loss: 0.545042 | Stats: min: -0.429, max: 0.176, mean: -0.234
Epoch 26 Batch 2 | Loss: 0.596951
Epoch 26 Batch 3 | Loss: 0.559205
Epoch 26 Batch 4 | Loss: 0.568826
Epoch 26 Batch 5 | Loss: 0.614380
Epoch 26 Batch 6 | Loss: 0.603761
Epoch 26 Batch 7 | Loss: 0.596040
Epoch 26 Batch 8 | Loss: 0.589542
Epoch 26 Batch 9 | Loss: 0.576925
Epoch 26 Batch 10 | Loss: 0.596121
Epoch 26 Batch 11 | Loss: 0.568678
Epoch 26 Batch 12 | Loss: 0.667044
Epoch 26 Batch 13 | Loss: 0.525832
--- Epoch 26/30 | Loss: 0.5853 | Train Acc: 72.0% | Test Acc: 74.4% | CM: [TP:57, TN:71, FP:15, FN:29] | Progress: 86.7% | ETA: 2.1s ---
Epoch 27 Batch 1 | Loss: 0.642244 | Stats: min: -0.392, max: 0.289, mean: -0.050
Epoch 27 Batch 2 | Loss: 0.613454
Epoch 27 Batch 3 | Loss: 0.560997
Epoch 27 Batch 4 | Loss: 0.548529
Epoch 27 Batch 5 | Loss: 0.537880
Epoch 27 Batch 6 | Loss: 0.611081
Epoch 27 Batch 7 | Loss: 0.566898
Epoch 27 Batch 8 | Loss: 0.582036
Epoch 27 Batch 9 | Loss: 0.653549
Epoch 27 Batch 10 | Loss: 0.555157
Epoch 27 Batch 11 | Loss: 0.635611
Epoch 27 Batch 12 | Loss: 0.571497
Epoch 27 Batch 13 | Loss: 0.557395
  [STABILITY] Plateau detected. Reducing Learning Rate to 0.006250
--- Epoch 27/30 | Loss: 0.5874 | Train Acc: 71.5% | Test Acc: 74.4% | CM: [TP:57, TN:71, FP:15, FN:29] | Progress: 90.0% | ETA: 1.5s ---
Epoch 28 Batch 1 | Loss: 0.558985 | Stats: min: -0.263, max: 0.416, mean: 0.071
Epoch 28 Batch 2 | Loss: 0.576564
Epoch 28 Batch 3 | Loss: 0.586086
Epoch 28 Batch 4 | Loss: 0.588603
Epoch 28 Batch 5 | Loss: 0.606071
Epoch 28 Batch 6 | Loss: 0.596411
Epoch 28 Batch 7 | Loss: 0.626215
Epoch 28 Batch 8 | Loss: 0.513836
Epoch 28 Batch 9 | Loss: 0.597392
Epoch 28 Batch 10 | Loss: 0.619987
Epoch 28 Batch 11 | Loss: 0.616088
Epoch 28 Batch 12 | Loss: 0.544175
Epoch 28 Batch 13 | Loss: 0.603122
--- Epoch 28/30 | Loss: 0.5872 | Train Acc: 71.5% | Test Acc: 74.4% | CM: [TP:57, TN:71, FP:15, FN:29] | Progress: 93.3% | ETA: 1.0s ---
Epoch 29 Batch 1 | Loss: 0.573953 | Stats: min: 0.029, max: 0.448, mean: 0.268
Epoch 29 Batch 2 | Loss: 0.552859
Epoch 29 Batch 3 | Loss: 0.597040
Epoch 29 Batch 4 | Loss: 0.595017
Epoch 29 Batch 5 | Loss: 0.572489
Epoch 29 Batch 6 | Loss: 0.566879
Epoch 29 Batch 7 | Loss: 0.621869
Epoch 29 Batch 8 | Loss: 0.548467
Epoch 29 Batch 9 | Loss: 0.555027
Epoch 29 Batch 10 | Loss: 0.648333
Epoch 29 Batch 11 | Loss: 0.611024
Epoch 29 Batch 12 | Loss: 0.568065
Epoch 29 Batch 13 | Loss: 0.674341
--- Epoch 29/30 | Loss: 0.5912 | Train Acc: 71.0% | Test Acc: 74.4% | CM: [TP:57, TN:71, FP:15, FN:29] | Progress: 96.7% | ETA: 0.5s ---
Epoch 30 Batch 1 | Loss: 0.587697 | Stats: min: -0.348, max: 0.473, mean: 0.077
Epoch 30 Batch 2 | Loss: 0.613164
Epoch 30 Batch 3 | Loss: 0.568075
Epoch 30 Batch 4 | Loss: 0.624820
Epoch 30 Batch 5 | Loss: 0.556099
Epoch 30 Batch 6 | Loss: 0.627393
Epoch 30 Batch 7 | Loss: 0.579665
Epoch 30 Batch 8 | Loss: 0.542450
Epoch 30 Batch 9 | Loss: 0.556840
Epoch 30 Batch 10 | Loss: 0.557713
Epoch 30 Batch 11 | Loss: 0.592107
Epoch 30 Batch 12 | Loss: 0.599870
Epoch 30 Batch 13 | Loss: 0.683632
  [STABILITY] Plateau detected. Reducing Learning Rate to 0.003125
--- Epoch 30/30 | Loss: 0.5915 | Train Acc: 71.0% | Test Acc: 74.4% | CM: [TP:57, TN:71, FP:15, FN:29] | Progress: 100.0% | ETA: 0.0s ---

Final Best Test Accuracy: 75.00%


Best Quantum Test Accuracy: 0.750
