DEBUG: Qtrainer enters train_pure_quantum_cnn. Encoding: feature_map
  Class Weights: +1 (Target): 1.00 | -1 (Rest): 1.00
Starting Training
==================================================
Epoch 1 Batch 1 | Loss: 0.711282 | Stats: min: -0.157, max: -0.043, mean: -0.121
Epoch 1 Batch 2 | Loss: 0.689886
Epoch 1 Batch 3 | Loss: 0.647140
Epoch 1 Batch 4 | Loss: 0.666953
Epoch 1 Batch 5 | Loss: 0.664800
Epoch 1 Batch 6 | Loss: 0.651112
Epoch 1 Batch 7 | Loss: 0.634616
Epoch 1 Batch 8 | Loss: 0.630726
Epoch 1 Batch 9 | Loss: 0.649248
Epoch 1 Batch 10 | Loss: 0.671879
Epoch 1 Batch 11 | Loss: 0.749233
Epoch 1 Batch 12 | Loss: 0.671225
Epoch 1 Batch 13 | Loss: 0.646852
  [STABILITY] Test accuracy improved: 0.00% -> 61.63% (via EMA). Saving best params.
--- Epoch 1/30 | Loss: 0.6681 | Train Acc: 55.0% | Test Acc: 61.6% | CM: [TP:65, TN:41, FP:45, FN:21] | Progress: 3.3% | ETA: 578.3s ---
Epoch 2 Batch 1 | Loss: 0.612132 | Stats: min: -0.273, max: -0.198, mean: -0.233
Epoch 2 Batch 2 | Loss: 0.651864
Epoch 2 Batch 3 | Loss: 0.735973
Epoch 2 Batch 4 | Loss: 0.759605
Epoch 2 Batch 5 | Loss: 0.691301
Epoch 2 Batch 6 | Loss: 0.677515
Epoch 2 Batch 7 | Loss: 0.645692
Epoch 2 Batch 8 | Loss: 0.701038
Epoch 2 Batch 9 | Loss: 0.692991
Epoch 2 Batch 10 | Loss: 0.677531
Epoch 2 Batch 11 | Loss: 0.656660
Epoch 2 Batch 12 | Loss: 0.665582
Epoch 2 Batch 13 | Loss: 0.663099
  [STABILITY] Test accuracy improved: 61.63% -> 66.28% (via EMA). Saving best params.
--- Epoch 2/30 | Loss: 0.6793 | Train Acc: 61.5% | Test Acc: 66.3% | CM: [TP:37, TN:77, FP:9, FN:49] | Progress: 6.7% | ETA: 323.0s ---
Epoch 3 Batch 1 | Loss: 0.661211 | Stats: min: -0.019, max: 0.153, mean: 0.077
Epoch 3 Batch 2 | Loss: 0.651146
Epoch 3 Batch 3 | Loss: 0.671922
Epoch 3 Batch 4 | Loss: 0.652585
Epoch 3 Batch 5 | Loss: 0.632070
Epoch 3 Batch 6 | Loss: 0.638186
Epoch 3 Batch 7 | Loss: 0.656004
Epoch 3 Batch 8 | Loss: 0.669942
Epoch 3 Batch 9 | Loss: 0.676087
Epoch 3 Batch 10 | Loss: 0.666064
Epoch 3 Batch 11 | Loss: 0.644237
Epoch 3 Batch 12 | Loss: 0.653636
Epoch 3 Batch 13 | Loss: 0.615938
--- Epoch 3/30 | Loss: 0.6530 | Train Acc: 60.5% | Test Acc: 55.2% | CM: [TP:15, TN:80, FP:6, FN:71] | Progress: 10.0% | ETA: 207.3s ---
Epoch 4 Batch 1 | Loss: 0.658567 | Stats: min: -0.077, max: 0.270, mean: 0.095
Epoch 4 Batch 2 | Loss: 0.584946
Epoch 4 Batch 3 | Loss: 0.679851
Epoch 4 Batch 4 | Loss: 0.643318
Epoch 4 Batch 5 | Loss: 0.644212
Epoch 4 Batch 6 | Loss: 0.658636
Epoch 4 Batch 7 | Loss: 0.615960
Epoch 4 Batch 8 | Loss: 0.630508
Epoch 4 Batch 9 | Loss: 0.675782
Epoch 4 Batch 10 | Loss: 0.657979
Epoch 4 Batch 11 | Loss: 0.629385
Epoch 4 Batch 12 | Loss: 0.618818
Epoch 4 Batch 13 | Loss: 0.582782
--- Epoch 4/30 | Loss: 0.6370 | Train Acc: 55.5% | Test Acc: 55.2% | CM: [TP:10, TN:85, FP:1, FN:76] | Progress: 13.3% | ETA: 143.9s ---
Epoch 5 Batch 1 | Loss: 0.672101 | Stats: min: -0.328, max: -0.077, mean: -0.198
Epoch 5 Batch 2 | Loss: 0.596963
Epoch 5 Batch 3 | Loss: 0.606396
Epoch 5 Batch 4 | Loss: 0.700069
Epoch 5 Batch 5 | Loss: 0.630287
Epoch 5 Batch 6 | Loss: 0.627687
Epoch 5 Batch 7 | Loss: 0.609961
Epoch 5 Batch 8 | Loss: 0.613671
Epoch 5 Batch 9 | Loss: 0.581404
Epoch 5 Batch 10 | Loss: 0.619533
Epoch 5 Batch 11 | Loss: 0.615082
Epoch 5 Batch 12 | Loss: 0.624401
Epoch 5 Batch 13 | Loss: 0.627760
  [STABILITY] Plateau detected. Reducing Learning Rate to 0.025000
--- Epoch 5/30 | Loss: 0.6250 | Train Acc: 49.5% | Test Acc: 52.3% | CM: [TP:4, TN:86, FP:0, FN:82] | Progress: 16.7% | ETA: 103.1s ---
Epoch 6 Batch 1 | Loss: 0.640824 | Stats: min: -0.332, max: 0.217, mean: -0.123
Epoch 6 Batch 2 | Loss: 0.647137
Epoch 6 Batch 3 | Loss: 0.567165
Epoch 6 Batch 4 | Loss: 0.618158
Epoch 6 Batch 5 | Loss: 0.655338
Epoch 6 Batch 6 | Loss: 0.601141
Epoch 6 Batch 7 | Loss: 0.620147
Epoch 6 Batch 8 | Loss: 0.664381
Epoch 6 Batch 9 | Loss: 0.650970
Epoch 6 Batch 10 | Loss: 0.609002
Epoch 6 Batch 11 | Loss: 0.624732
Epoch 6 Batch 12 | Loss: 0.592774
Epoch 6 Batch 13 | Loss: 0.635288
--- Epoch 6/30 | Loss: 0.6252 | Train Acc: 48.5% | Test Acc: 51.2% | CM: [TP:2, TN:86, FP:0, FN:84] | Progress: 20.0% | ETA: 62.4s ---
Epoch 7 Batch 1 | Loss: 0.618943 | Stats: min: -0.118, max: 0.218, mean: 0.062
Epoch 7 Batch 2 | Loss: 0.640457
Epoch 7 Batch 3 | Loss: 0.608460
Epoch 7 Batch 4 | Loss: 0.583956
Epoch 7 Batch 5 | Loss: 0.656503
Epoch 7 Batch 6 | Loss: 0.603791
Epoch 7 Batch 7 | Loss: 0.651171
Epoch 7 Batch 8 | Loss: 0.592844
Epoch 7 Batch 9 | Loss: 0.562507
Epoch 7 Batch 10 | Loss: 0.586889
Epoch 7 Batch 11 | Loss: 0.658959
Epoch 7 Batch 12 | Loss: 0.578577
Epoch 7 Batch 13 | Loss: 0.643906
--- Epoch 7/30 | Loss: 0.6144 | Train Acc: 47.5% | Test Acc: 51.2% | CM: [TP:2, TN:86, FP:0, FN:84] | Progress: 23.3% | ETA: 62.9s ---
Epoch 8 Batch 1 | Loss: 0.603311 | Stats: min: 0.050, max: 0.307, mean: 0.223
Epoch 8 Batch 2 | Loss: 0.635067
Epoch 8 Batch 3 | Loss: 0.603784
Epoch 8 Batch 4 | Loss: 0.676666
Epoch 8 Batch 5 | Loss: 0.621493
Epoch 8 Batch 6 | Loss: 0.635740
Epoch 8 Batch 7 | Loss: 0.574832
Epoch 8 Batch 8 | Loss: 0.607935
Epoch 8 Batch 9 | Loss: 0.514892
Epoch 8 Batch 10 | Loss: 0.749159
Epoch 8 Batch 11 | Loss: 0.598571
Epoch 8 Batch 12 | Loss: 0.656034
Epoch 8 Batch 13 | Loss: 0.681372
  [STABILITY] Plateau detected. Reducing Learning Rate to 0.012500
--- Epoch 8/30 | Loss: 0.6276 | Train Acc: 47.5% | Test Acc: 51.2% | CM: [TP:2, TN:86, FP:0, FN:84] | Progress: 26.7% | ETA: 40.6s ---
Epoch 9 Batch 1 | Loss: 0.616640 | Stats: min: -0.264, max: -0.169, mean: -0.224
Epoch 9 Batch 2 | Loss: 0.641134
Epoch 9 Batch 3 | Loss: 0.632455
Epoch 9 Batch 4 | Loss: 0.562071
Epoch 9 Batch 5 | Loss: 0.605823
Epoch 9 Batch 6 | Loss: 0.688888
Epoch 9 Batch 7 | Loss: 0.632206
Epoch 9 Batch 8 | Loss: 0.614331
Epoch 9 Batch 9 | Loss: 0.537377
Epoch 9 Batch 10 | Loss: 0.644945
Epoch 9 Batch 11 | Loss: 0.625591
Epoch 9 Batch 12 | Loss: 0.618938
Epoch 9 Batch 13 | Loss: 0.631200
--- Epoch 9/30 | Loss: 0.6194 | Train Acc: 50.5% | Test Acc: 51.7% | CM: [TP:4, TN:85, FP:1, FN:82] | Progress: 30.0% | ETA: 34.9s ---
Epoch 10 Batch 1 | Loss: 0.610399 | Stats: min: -0.278, max: 0.327, mean: -0.060
Epoch 10 Batch 2 | Loss: 0.586060
Epoch 10 Batch 3 | Loss: 0.619478
Epoch 10 Batch 4 | Loss: 0.615140
Epoch 10 Batch 5 | Loss: 0.601802
Epoch 10 Batch 6 | Loss: 0.590092
Epoch 10 Batch 7 | Loss: 0.615095
Epoch 10 Batch 8 | Loss: 0.602758
Epoch 10 Batch 9 | Loss: 0.594466
Epoch 10 Batch 10 | Loss: 0.555841
Epoch 10 Batch 11 | Loss: 0.618466
Epoch 10 Batch 12 | Loss: 0.649084
Epoch 10 Batch 13 | Loss: 0.653497
--- Epoch 10/30 | Loss: 0.6086 | Train Acc: 53.5% | Test Acc: 54.1% | CM: [TP:9, TN:84, FP:2, FN:77] | Progress: 33.3% | ETA: 45.1s ---
Epoch 11 Batch 1 | Loss: 0.595768 | Stats: min: -0.368, max: 0.269, mean: -0.028
Epoch 11 Batch 2 | Loss: 0.607303
Epoch 11 Batch 3 | Loss: 0.539383
Epoch 11 Batch 4 | Loss: 0.663407
Epoch 11 Batch 5 | Loss: 0.640064
Epoch 11 Batch 6 | Loss: 0.617135
Epoch 11 Batch 7 | Loss: 0.589619
Epoch 11 Batch 8 | Loss: 0.634200
Epoch 11 Batch 9 | Loss: 0.567341
Epoch 11 Batch 10 | Loss: 0.607776
Epoch 11 Batch 11 | Loss: 0.600967
Epoch 11 Batch 12 | Loss: 0.579105
Epoch 11 Batch 13 | Loss: 0.647452
  [STABILITY] Plateau detected. Reducing Learning Rate to 0.006250
--- Epoch 11/30 | Loss: 0.6069 | Train Acc: 59.0% | Test Acc: 58.7% | CM: [TP:17, TN:84, FP:2, FN:69] | Progress: 36.7% | ETA: 43.5s ---
Epoch 12 Batch 1 | Loss: 0.601120 | Stats: min: -0.111, max: 0.431, mean: 0.214
Epoch 12 Batch 2 | Loss: 0.612436
Epoch 12 Batch 3 | Loss: 0.594043
Epoch 12 Batch 4 | Loss: 0.601606
Epoch 12 Batch 5 | Loss: 0.586639
Epoch 12 Batch 6 | Loss: 0.619608
Epoch 12 Batch 7 | Loss: 0.605306
Epoch 12 Batch 8 | Loss: 0.625975
Epoch 12 Batch 9 | Loss: 0.573804
Epoch 12 Batch 10 | Loss: 0.584382
Epoch 12 Batch 11 | Loss: 0.639884
Epoch 12 Batch 12 | Loss: 0.596338
Epoch 12 Batch 13 | Loss: 0.535199
--- Epoch 12/30 | Loss: 0.5982 | Train Acc: 59.5% | Test Acc: 60.5% | CM: [TP:22, TN:82, FP:4, FN:64] | Progress: 40.0% | ETA: 27.7s ---
Epoch 13 Batch 1 | Loss: 0.583432 | Stats: min: -0.263, max: -0.028, mean: -0.152
Epoch 13 Batch 2 | Loss: 0.576762
Epoch 13 Batch 3 | Loss: 0.566746
Epoch 13 Batch 4 | Loss: 0.654253
Epoch 13 Batch 5 | Loss: 0.586028
Epoch 13 Batch 6 | Loss: 0.563747
Epoch 13 Batch 7 | Loss: 0.632330
Epoch 13 Batch 8 | Loss: 0.679103
Epoch 13 Batch 9 | Loss: 0.625157
Epoch 13 Batch 10 | Loss: 0.568786
Epoch 13 Batch 11 | Loss: 0.635240
Epoch 13 Batch 12 | Loss: 0.539983
Epoch 13 Batch 13 | Loss: 0.582658
--- Epoch 13/30 | Loss: 0.5996 | Train Acc: 60.0% | Test Acc: 61.0% | CM: [TP:24, TN:81, FP:5, FN:62] | Progress: 43.3% | ETA: 20.1s ---
Epoch 14 Batch 1 | Loss: 0.653875 | Stats: min: -0.093, max: 0.410, mean: 0.103
Epoch 14 Batch 2 | Loss: 0.602233
Epoch 14 Batch 3 | Loss: 0.587075
Epoch 14 Batch 4 | Loss: 0.621788
Epoch 14 Batch 5 | Loss: 0.575321
Epoch 14 Batch 6 | Loss: 0.585833
Epoch 14 Batch 7 | Loss: 0.631446
Epoch 14 Batch 8 | Loss: 0.634112
Epoch 14 Batch 9 | Loss: 0.575789
Epoch 14 Batch 10 | Loss: 0.573267
Epoch 14 Batch 11 | Loss: 0.604319
Epoch 14 Batch 12 | Loss: 0.572416
Epoch 14 Batch 13 | Loss: 0.645800
  [STABILITY] Test accuracy improved: 66.28% -> 68.60% (via EMA). Saving best params.
--- Epoch 14/30 | Loss: 0.6049 | Train Acc: 63.5% | Test Acc: 68.6% | CM: [TP:40, TN:78, FP:8, FN:46] | Progress: 46.7% | ETA: 28.6s ---
Epoch 15 Batch 1 | Loss: 0.605729 | Stats: min: -0.159, max: 0.397, mean: 0.023
Epoch 15 Batch 2 | Loss: 0.595815
Epoch 15 Batch 3 | Loss: 0.631717
Epoch 15 Batch 4 | Loss: 0.643591
Epoch 15 Batch 5 | Loss: 0.601575
Epoch 15 Batch 6 | Loss: 0.604235
Epoch 15 Batch 7 | Loss: 0.634817
Epoch 15 Batch 8 | Loss: 0.559480
Epoch 15 Batch 9 | Loss: 0.607799
Epoch 15 Batch 10 | Loss: 0.573686
Epoch 15 Batch 11 | Loss: 0.632094
Epoch 15 Batch 12 | Loss: 0.565210
Epoch 15 Batch 13 | Loss: 0.506057
  [STABILITY] Test accuracy improved: 68.60% -> 69.77% (via EMA). Saving best params.
--- Epoch 15/30 | Loss: 0.5971 | Train Acc: 64.5% | Test Acc: 69.8% | CM: [TP:43, TN:77, FP:9, FN:43] | Progress: 50.0% | ETA: 25.1s ---
Epoch 16 Batch 1 | Loss: 0.603372 | Stats: min: -0.479, max: 0.268, mean: -0.078
Epoch 16 Batch 2 | Loss: 0.609015
Epoch 16 Batch 3 | Loss: 0.623910
Epoch 16 Batch 4 | Loss: 0.606007
Epoch 16 Batch 5 | Loss: 0.584413
Epoch 16 Batch 6 | Loss: 0.645530
Epoch 16 Batch 7 | Loss: 0.603169
Epoch 16 Batch 8 | Loss: 0.618067
Epoch 16 Batch 9 | Loss: 0.603671
Epoch 16 Batch 10 | Loss: 0.565448
Epoch 16 Batch 11 | Loss: 0.597776
Epoch 16 Batch 12 | Loss: 0.580217
Epoch 16 Batch 13 | Loss: 0.541068
--- Epoch 16/30 | Loss: 0.5986 | Train Acc: 67.0% | Test Acc: 69.8% | CM: [TP:45, TN:75, FP:11, FN:41] | Progress: 53.3% | ETA: 22.1s ---
Epoch 17 Batch 1 | Loss: 0.608515 | Stats: min: -0.061, max: 0.269, mean: 0.113
Epoch 17 Batch 2 | Loss: 0.547581
Epoch 17 Batch 3 | Loss: 0.613977
Epoch 17 Batch 4 | Loss: 0.581806
Epoch 17 Batch 5 | Loss: 0.561286
Epoch 17 Batch 6 | Loss: 0.624061
Epoch 17 Batch 7 | Loss: 0.639871
Epoch 17 Batch 8 | Loss: 0.619822
Epoch 17 Batch 9 | Loss: 0.608140
Epoch 17 Batch 10 | Loss: 0.575161
Epoch 17 Batch 11 | Loss: 0.590645
Epoch 17 Batch 12 | Loss: 0.616739
Epoch 17 Batch 13 | Loss: 0.596823
  [STABILITY] Test accuracy improved: 69.77% -> 70.93% (via EMA). Saving best params.
--- Epoch 17/30 | Loss: 0.5988 | Train Acc: 66.5% | Test Acc: 70.9% | CM: [TP:47, TN:75, FP:11, FN:39] | Progress: 56.7% | ETA: 19.2s ---
Epoch 18 Batch 1 | Loss: 0.569732 | Stats: min: -0.479, max: 0.369, mean: 0.001
Epoch 18 Batch 2 | Loss: 0.531383
Epoch 18 Batch 3 | Loss: 0.616630
Epoch 18 Batch 4 | Loss: 0.625627
Epoch 18 Batch 5 | Loss: 0.626893
Epoch 18 Batch 6 | Loss: 0.595581
Epoch 18 Batch 7 | Loss: 0.641326
Epoch 18 Batch 8 | Loss: 0.623236
Epoch 18 Batch 9 | Loss: 0.570955
Epoch 18 Batch 10 | Loss: 0.583797
Epoch 18 Batch 11 | Loss: 0.605373
Epoch 18 Batch 12 | Loss: 0.639343
Epoch 18 Batch 13 | Loss: 0.512519
--- Epoch 18/30 | Loss: 0.5956 | Train Acc: 67.5% | Test Acc: 70.9% | CM: [TP:49, TN:73, FP:13, FN:37] | Progress: 60.0% | ETA: 16.6s ---
Epoch 19 Batch 1 | Loss: 0.582193 | Stats: min: -0.297, max: 0.437, mean: 0.068
Epoch 19 Batch 2 | Loss: 0.641064
Epoch 19 Batch 3 | Loss: 0.588722
Epoch 19 Batch 4 | Loss: 0.647018
Epoch 19 Batch 5 | Loss: 0.583142
Epoch 19 Batch 6 | Loss: 0.594005
Epoch 19 Batch 7 | Loss: 0.586180
Epoch 19 Batch 8 | Loss: 0.593881
Epoch 19 Batch 9 | Loss: 0.588232
Epoch 19 Batch 10 | Loss: 0.620884
Epoch 19 Batch 11 | Loss: 0.561701
Epoch 19 Batch 12 | Loss: 0.579914
Epoch 19 Batch 13 | Loss: 0.616897
--- Epoch 19/30 | Loss: 0.5988 | Train Acc: 68.0% | Test Acc: 70.9% | CM: [TP:50, TN:72, FP:14, FN:36] | Progress: 63.3% | ETA: 13.7s ---
Epoch 20 Batch 1 | Loss: 0.560565 | Stats: min: -0.367, max: 0.325, mean: -0.063
Epoch 20 Batch 2 | Loss: 0.627332
Epoch 20 Batch 3 | Loss: 0.579782
Epoch 20 Batch 4 | Loss: 0.548352
Epoch 20 Batch 5 | Loss: 0.585457
Epoch 20 Batch 6 | Loss: 0.577497
Epoch 20 Batch 7 | Loss: 0.658603
Epoch 20 Batch 8 | Loss: 0.687386
Epoch 20 Batch 9 | Loss: 0.628077
Epoch 20 Batch 10 | Loss: 0.561339
Epoch 20 Batch 11 | Loss: 0.595725
Epoch 20 Batch 12 | Loss: 0.597578
Epoch 20 Batch 13 | Loss: 0.517227
  [STABILITY] Test accuracy improved: 70.93% -> 71.51% (via EMA). Saving best params.
--- Epoch 20/30 | Loss: 0.5942 | Train Acc: 69.0% | Test Acc: 71.5% | CM: [TP:52, TN:71, FP:15, FN:34] | Progress: 66.7% | ETA: 7.1s ---
Epoch 21 Batch 1 | Loss: 0.617313 | Stats: min: -0.446, max: 0.313, mean: 0.025
Epoch 21 Batch 2 | Loss: 0.622360
Epoch 21 Batch 3 | Loss: 0.591345
Epoch 21 Batch 4 | Loss: 0.608432
Epoch 21 Batch 5 | Loss: 0.608784
Epoch 21 Batch 6 | Loss: 0.594284
Epoch 21 Batch 7 | Loss: 0.629316
Epoch 21 Batch 8 | Loss: 0.579422
Epoch 21 Batch 9 | Loss: 0.632330
Epoch 21 Batch 10 | Loss: 0.576070
Epoch 21 Batch 11 | Loss: 0.541875
Epoch 21 Batch 12 | Loss: 0.583281
Epoch 21 Batch 13 | Loss: 0.562728
  [STABILITY] Test accuracy improved: 71.51% -> 73.26% (via EMA). Saving best params.
--- Epoch 21/30 | Loss: 0.5960 | Train Acc: 70.5% | Test Acc: 73.3% | CM: [TP:55, TN:71, FP:15, FN:31] | Progress: 70.0% | ETA: 6.1s ---
Epoch 22 Batch 1 | Loss: 0.601442 | Stats: min: -0.222, max: 0.228, mean: -0.038
Epoch 22 Batch 2 | Loss: 0.615433
Epoch 22 Batch 3 | Loss: 0.617030
Epoch 22 Batch 4 | Loss: 0.590493
Epoch 22 Batch 5 | Loss: 0.548527
Epoch 22 Batch 6 | Loss: 0.569721
Epoch 22 Batch 7 | Loss: 0.611357
Epoch 22 Batch 8 | Loss: 0.594802
Epoch 22 Batch 9 | Loss: 0.599480
Epoch 22 Batch 10 | Loss: 0.599514
Epoch 22 Batch 11 | Loss: 0.614244
Epoch 22 Batch 12 | Loss: 0.575726
Epoch 22 Batch 13 | Loss: 0.649995
  [STABILITY] Test accuracy improved: 73.26% -> 73.84% (via EMA). Saving best params.
--- Epoch 22/30 | Loss: 0.5991 | Train Acc: 71.5% | Test Acc: 73.8% | CM: [TP:56, TN:71, FP:15, FN:30] | Progress: 73.3% | ETA: 4.9s ---
Epoch 23 Batch 1 | Loss: 0.665539 | Stats: min: -0.165, max: 0.286, mean: 0.104
Epoch 23 Batch 2 | Loss: 0.577337
Epoch 23 Batch 3 | Loss: 0.608280
Epoch 23 Batch 4 | Loss: 0.578453
Epoch 23 Batch 5 | Loss: 0.603849
Epoch 23 Batch 6 | Loss: 0.592117
Epoch 23 Batch 7 | Loss: 0.589403
Epoch 23 Batch 8 | Loss: 0.552023
Epoch 23 Batch 9 | Loss: 0.612549
Epoch 23 Batch 10 | Loss: 0.632407
Epoch 23 Batch 11 | Loss: 0.579891
Epoch 23 Batch 12 | Loss: 0.571603
Epoch 23 Batch 13 | Loss: 0.556358
--- Epoch 23/30 | Loss: 0.5938 | Train Acc: 71.5% | Test Acc: 73.8% | CM: [TP:56, TN:71, FP:15, FN:30] | Progress: 76.7% | ETA: 4.0s ---
Epoch 24 Batch 1 | Loss: 0.529049 | Stats: min: -0.168, max: 0.454, mean: 0.088
Epoch 24 Batch 2 | Loss: 0.610778
Epoch 24 Batch 3 | Loss: 0.636103
Epoch 24 Batch 4 | Loss: 0.596548
Epoch 24 Batch 5 | Loss: 0.509242
Epoch 24 Batch 6 | Loss: 0.615589
Epoch 24 Batch 7 | Loss: 0.663309
Epoch 24 Batch 8 | Loss: 0.602707
Epoch 24 Batch 9 | Loss: 0.664041
Epoch 24 Batch 10 | Loss: 0.592011
Epoch 24 Batch 11 | Loss: 0.579033
Epoch 24 Batch 12 | Loss: 0.577642
Epoch 24 Batch 13 | Loss: 0.583213
  [STABILITY] Test accuracy improved: 73.84% -> 75.00% (via EMA). Saving best params.
--- Epoch 24/30 | Loss: 0.5969 | Train Acc: 71.5% | Test Acc: 75.0% | CM: [TP:58, TN:71, FP:15, FN:28] | Progress: 80.0% | ETA: 3.5s ---
Epoch 25 Batch 1 | Loss: 0.591299 | Stats: min: -0.481, max: 0.323, mean: -0.138
Epoch 25 Batch 2 | Loss: 0.611566
Epoch 25 Batch 3 | Loss: 0.588053
Epoch 25 Batch 4 | Loss: 0.551163
Epoch 25 Batch 5 | Loss: 0.560661
Epoch 25 Batch 6 | Loss: 0.615003
Epoch 25 Batch 7 | Loss: 0.605503
Epoch 25 Batch 8 | Loss: 0.604346
Epoch 25 Batch 9 | Loss: 0.612592
Epoch 25 Batch 10 | Loss: 0.626651
Epoch 25 Batch 11 | Loss: 0.602790
Epoch 25 Batch 12 | Loss: 0.578535
Epoch 25 Batch 13 | Loss: 0.601565
--- Epoch 25/30 | Loss: 0.5961 | Train Acc: 71.5% | Test Acc: 75.0% | CM: [TP:58, TN:71, FP:15, FN:28] | Progress: 83.3% | ETA: 4.7s ---
Epoch 26 Batch 1 | Loss: 0.571099 | Stats: min: -0.334, max: 0.382, mean: -0.071
Epoch 26 Batch 2 | Loss: 0.652461
Epoch 26 Batch 3 | Loss: 0.530858
Epoch 26 Batch 4 | Loss: 0.617578
Epoch 26 Batch 5 | Loss: 0.574665
Epoch 26 Batch 6 | Loss: 0.568269
Epoch 26 Batch 7 | Loss: 0.575048
Epoch 26 Batch 8 | Loss: 0.610933
Epoch 26 Batch 9 | Loss: 0.622255
Epoch 26 Batch 10 | Loss: 0.596270
Epoch 26 Batch 11 | Loss: 0.633366
Epoch 26 Batch 12 | Loss: 0.579287
Epoch 26 Batch 13 | Loss: 0.606722
--- Epoch 26/30 | Loss: 0.5953 | Train Acc: 71.5% | Test Acc: 75.0% | CM: [TP:58, TN:71, FP:15, FN:28] | Progress: 86.7% | ETA: 2.1s ---
Epoch 27 Batch 1 | Loss: 0.564543 | Stats: min: -0.288, max: 0.397, mean: 0.028
Epoch 27 Batch 2 | Loss: 0.546972
Epoch 27 Batch 3 | Loss: 0.555282
Epoch 27 Batch 4 | Loss: 0.576545
Epoch 27 Batch 5 | Loss: 0.567722
Epoch 27 Batch 6 | Loss: 0.551808
Epoch 27 Batch 7 | Loss: 0.600806
Epoch 27 Batch 8 | Loss: 0.637725
Epoch 27 Batch 9 | Loss: 0.609595
Epoch 27 Batch 10 | Loss: 0.614424
Epoch 27 Batch 11 | Loss: 0.665280
Epoch 27 Batch 12 | Loss: 0.639110
Epoch 27 Batch 13 | Loss: 0.614006
  [STABILITY] Test accuracy improved: 75.00% -> 75.58% (via EMA). Saving best params.
--- Epoch 27/30 | Loss: 0.5957 | Train Acc: 71.5% | Test Acc: 75.6% | CM: [TP:59, TN:71, FP:15, FN:27] | Progress: 90.0% | ETA: 1.4s ---
Epoch 28 Batch 1 | Loss: 0.581559 | Stats: min: -0.188, max: 0.417, mean: 0.158
Epoch 28 Batch 2 | Loss: 0.600585
Epoch 28 Batch 3 | Loss: 0.614627
Epoch 28 Batch 4 | Loss: 0.603623
Epoch 28 Batch 5 | Loss: 0.544885
Epoch 28 Batch 6 | Loss: 0.604535
Epoch 28 Batch 7 | Loss: 0.680674
Epoch 28 Batch 8 | Loss: 0.615609
Epoch 28 Batch 9 | Loss: 0.590025
Epoch 28 Batch 10 | Loss: 0.571744
Epoch 28 Batch 11 | Loss: 0.590131
Epoch 28 Batch 12 | Loss: 0.584651
Epoch 28 Batch 13 | Loss: 0.504621
  [STABILITY] Test accuracy improved: 75.58% -> 76.16% (via EMA). Saving best params.
--- Epoch 28/30 | Loss: 0.5913 | Train Acc: 72.5% | Test Acc: 76.2% | CM: [TP:60, TN:71, FP:15, FN:26] | Progress: 93.3% | ETA: 0.8s ---
Epoch 29 Batch 1 | Loss: 0.587769 | Stats: min: -0.487, max: 0.349, mean: -0.086
Epoch 29 Batch 2 | Loss: 0.507876
Epoch 29 Batch 3 | Loss: 0.600729
Epoch 29 Batch 4 | Loss: 0.546762
Epoch 29 Batch 5 | Loss: 0.576267
Epoch 29 Batch 6 | Loss: 0.635053
Epoch 29 Batch 7 | Loss: 0.604495
Epoch 29 Batch 8 | Loss: 0.631338
Epoch 29 Batch 9 | Loss: 0.589484
Epoch 29 Batch 10 | Loss: 0.601613
Epoch 29 Batch 11 | Loss: 0.593281
Epoch 29 Batch 12 | Loss: 0.613741
Epoch 29 Batch 13 | Loss: 0.698191
--- Epoch 29/30 | Loss: 0.5990 | Train Acc: 72.5% | Test Acc: 76.2% | CM: [TP:60, TN:71, FP:15, FN:26] | Progress: 96.7% | ETA: 0.3s ---
Epoch 30 Batch 1 | Loss: 0.576274 | Stats: min: -0.157, max: 0.309, mean: 0.042
Epoch 30 Batch 2 | Loss: 0.590983
Epoch 30 Batch 3 | Loss: 0.572402
Epoch 30 Batch 4 | Loss: 0.635327
Epoch 30 Batch 5 | Loss: 0.603913
Epoch 30 Batch 6 | Loss: 0.557572
Epoch 30 Batch 7 | Loss: 0.563074
Epoch 30 Batch 8 | Loss: 0.617037
Epoch 30 Batch 9 | Loss: 0.641727
Epoch 30 Batch 10 | Loss: 0.591288
Epoch 30 Batch 11 | Loss: 0.514149
Epoch 30 Batch 12 | Loss: 0.618654
Epoch 30 Batch 13 | Loss: 0.711556
--- Epoch 30/30 | Loss: 0.5995 | Train Acc: 72.5% | Test Acc: 76.2% | CM: [TP:60, TN:71, FP:15, FN:26] | Progress: 100.0% | ETA: 0.0s ---

Final Best Test Accuracy: 76.16%


Best Quantum Test Accuracy: 0.762
