DEBUG: Qtrainer enters train_pure_quantum_cnn. Encoding: amplitude
  Class Weights: +1 (Target): 1.00 | -1 (Rest): 1.00
Starting Training
==================================================
Epoch 1 Batch 1 | Loss: 0.686973 | Stats: min: -0.134, max: -0.008, mean: -0.079
Epoch 1 Batch 2 | Loss: 0.690587
Epoch 1 Batch 3 | Loss: 0.651457
Epoch 1 Batch 4 | Loss: 0.667835
Epoch 1 Batch 5 | Loss: 0.658279
Epoch 1 Batch 6 | Loss: 0.615782
Epoch 1 Batch 7 | Loss: 0.606058
Epoch 1 Batch 8 | Loss: 0.629326
Epoch 1 Batch 9 | Loss: 0.609482
Epoch 1 Batch 10 | Loss: 0.621923
Epoch 1 Batch 11 | Loss: 0.612241
Epoch 1 Batch 12 | Loss: 0.604151
Epoch 1 Batch 13 | Loss: 0.595107
  [STABILITY] Test accuracy improved: 0.00% -> 52.91% (via EMA). Saving best params.
--- Epoch 1/30 | Loss: 0.6346 | Train Acc: 53.5% | Test Acc: 52.9% | CM: [TP:10, TN:81, FP:5, FN:76] | Progress: 3.3% | ETA: 247.5s ---
Epoch 2 Batch 1 | Loss: 0.604533 | Stats: min: -0.031, max: 0.281, mean: 0.118
Epoch 2 Batch 2 | Loss: 0.567818
Epoch 2 Batch 3 | Loss: 0.578332
Epoch 2 Batch 4 | Loss: 0.585965
Epoch 2 Batch 5 | Loss: 0.566928
Epoch 2 Batch 6 | Loss: 0.612204
Epoch 2 Batch 7 | Loss: 0.601289
Epoch 2 Batch 8 | Loss: 0.584569
Epoch 2 Batch 9 | Loss: 0.530701
Epoch 2 Batch 10 | Loss: 0.578404
Epoch 2 Batch 11 | Loss: 0.584776
Epoch 2 Batch 12 | Loss: 0.549968
Epoch 2 Batch 13 | Loss: 0.602459
  [STABILITY] Test accuracy improved: 52.91% -> 55.81% (via EMA). Saving best params.
--- Epoch 2/30 | Loss: 0.5806 | Train Acc: 59.0% | Test Acc: 55.8% | CM: [TP:12, TN:84, FP:2, FN:74] | Progress: 6.7% | ETA: 97.7s ---
Epoch 3 Batch 1 | Loss: 0.609959 | Stats: min: -0.328, max: 0.031, mean: -0.180
Epoch 3 Batch 2 | Loss: 0.540284
Epoch 3 Batch 3 | Loss: 0.542254
Epoch 3 Batch 4 | Loss: 0.561632
Epoch 3 Batch 5 | Loss: 0.589437
Epoch 3 Batch 6 | Loss: 0.544428
Epoch 3 Batch 7 | Loss: 0.571969
Epoch 3 Batch 8 | Loss: 0.539065
Epoch 3 Batch 9 | Loss: 0.572506
Epoch 3 Batch 10 | Loss: 0.525463
Epoch 3 Batch 11 | Loss: 0.549468
Epoch 3 Batch 12 | Loss: 0.510763
Epoch 3 Batch 13 | Loss: 0.484147
  [STABILITY] Test accuracy improved: 55.81% -> 62.79% (via EMA). Saving best params.
--- Epoch 3/30 | Loss: 0.5493 | Train Acc: 63.5% | Test Acc: 62.8% | CM: [TP:24, TN:84, FP:2, FN:62] | Progress: 10.0% | ETA: 81.3s ---
Epoch 4 Batch 1 | Loss: 0.549166 | Stats: min: -0.334, max: 0.285, mean: -0.067
Epoch 4 Batch 2 | Loss: 0.516402
Epoch 4 Batch 3 | Loss: 0.538220
Epoch 4 Batch 4 | Loss: 0.527499
Epoch 4 Batch 5 | Loss: 0.506727
Epoch 4 Batch 6 | Loss: 0.582600
Epoch 4 Batch 7 | Loss: 0.550706
Epoch 4 Batch 8 | Loss: 0.543567
Epoch 4 Batch 9 | Loss: 0.568917
Epoch 4 Batch 10 | Loss: 0.533053
Epoch 4 Batch 11 | Loss: 0.505531
Epoch 4 Batch 12 | Loss: 0.540776
Epoch 4 Batch 13 | Loss: 0.465720
  [STABILITY] Test accuracy improved: 62.79% -> 68.02% (via EMA). Saving best params.
--- Epoch 4/30 | Loss: 0.5330 | Train Acc: 68.5% | Test Acc: 68.0% | CM: [TP:33, TN:84, FP:2, FN:53] | Progress: 13.3% | ETA: 67.5s ---
Epoch 5 Batch 1 | Loss: 0.545973 | Stats: min: -0.493, max: 0.390, mean: -0.119
Epoch 5 Batch 2 | Loss: 0.550614
Epoch 5 Batch 3 | Loss: 0.523066
Epoch 5 Batch 4 | Loss: 0.545922
Epoch 5 Batch 5 | Loss: 0.524029
Epoch 5 Batch 6 | Loss: 0.534481
Epoch 5 Batch 7 | Loss: 0.535295
Epoch 5 Batch 8 | Loss: 0.458115
Epoch 5 Batch 9 | Loss: 0.500031
Epoch 5 Batch 10 | Loss: 0.543450
Epoch 5 Batch 11 | Loss: 0.510286
Epoch 5 Batch 12 | Loss: 0.508278
Epoch 5 Batch 13 | Loss: 0.458604
  [STABILITY] Test accuracy improved: 68.02% -> 72.67% (via EMA). Saving best params.
--- Epoch 5/30 | Loss: 0.5183 | Train Acc: 76.0% | Test Acc: 72.7% | CM: [TP:42, TN:83, FP:3, FN:44] | Progress: 16.7% | ETA: 36.7s ---
Epoch 6 Batch 1 | Loss: 0.482613 | Stats: min: -0.363, max: 0.658, mean: 0.185
Epoch 6 Batch 2 | Loss: 0.568370
Epoch 6 Batch 3 | Loss: 0.528739
Epoch 6 Batch 4 | Loss: 0.539893
Epoch 6 Batch 5 | Loss: 0.490713
Epoch 6 Batch 6 | Loss: 0.497240
Epoch 6 Batch 7 | Loss: 0.472701
Epoch 6 Batch 8 | Loss: 0.516868
Epoch 6 Batch 9 | Loss: 0.484613
Epoch 6 Batch 10 | Loss: 0.523027
Epoch 6 Batch 11 | Loss: 0.463916
Epoch 6 Batch 12 | Loss: 0.494984
Epoch 6 Batch 13 | Loss: 0.598608
  [STABILITY] Test accuracy improved: 72.67% -> 73.84% (via EMA). Saving best params.
--- Epoch 6/30 | Loss: 0.5125 | Train Acc: 77.0% | Test Acc: 73.8% | CM: [TP:47, TN:80, FP:6, FN:39] | Progress: 20.0% | ETA: 27.9s ---
Epoch 7 Batch 1 | Loss: 0.520665 | Stats: min: -0.161, max: 0.547, mean: 0.155
Epoch 7 Batch 2 | Loss: 0.486822
Epoch 7 Batch 3 | Loss: 0.503588
Epoch 7 Batch 4 | Loss: 0.516869
Epoch 7 Batch 5 | Loss: 0.502390
Epoch 7 Batch 6 | Loss: 0.468782
Epoch 7 Batch 7 | Loss: 0.513486
Epoch 7 Batch 8 | Loss: 0.486936
Epoch 7 Batch 9 | Loss: 0.465293
Epoch 7 Batch 10 | Loss: 0.536005
Epoch 7 Batch 11 | Loss: 0.536155
Epoch 7 Batch 12 | Loss: 0.488967
Epoch 7 Batch 13 | Loss: 0.433947
  [STABILITY] Test accuracy improved: 73.84% -> 74.42% (via EMA). Saving best params.
--- Epoch 7/30 | Loss: 0.4969 | Train Acc: 77.5% | Test Acc: 74.4% | CM: [TP:47, TN:81, FP:5, FN:39] | Progress: 23.3% | ETA: 23.2s ---
Epoch 8 Batch 1 | Loss: 0.527942 | Stats: min: -0.568, max: 0.347, mean: -0.182
Epoch 8 Batch 2 | Loss: 0.503581
Epoch 8 Batch 3 | Loss: 0.485975
Epoch 8 Batch 4 | Loss: 0.544723
Epoch 8 Batch 5 | Loss: 0.493652
Epoch 8 Batch 6 | Loss: 0.478499
Epoch 8 Batch 7 | Loss: 0.475853
Epoch 8 Batch 8 | Loss: 0.534749
Epoch 8 Batch 9 | Loss: 0.461697
Epoch 8 Batch 10 | Loss: 0.465404
Epoch 8 Batch 11 | Loss: 0.483685
Epoch 8 Batch 12 | Loss: 0.506622
Epoch 8 Batch 13 | Loss: 0.451737
--- Epoch 8/30 | Loss: 0.4934 | Train Acc: 78.0% | Test Acc: 74.4% | CM: [TP:47, TN:81, FP:5, FN:39] | Progress: 26.7% | ETA: 21.6s ---
Epoch 9 Batch 1 | Loss: 0.557168 | Stats: min: -0.267, max: 0.623, mean: 0.135
Epoch 9 Batch 2 | Loss: 0.510149
Epoch 9 Batch 3 | Loss: 0.542909
Epoch 9 Batch 4 | Loss: 0.463457
Epoch 9 Batch 5 | Loss: 0.490651
Epoch 9 Batch 6 | Loss: 0.434936
Epoch 9 Batch 7 | Loss: 0.535974
Epoch 9 Batch 8 | Loss: 0.500110
Epoch 9 Batch 9 | Loss: 0.440932
Epoch 9 Batch 10 | Loss: 0.474422
Epoch 9 Batch 11 | Loss: 0.424671
Epoch 9 Batch 12 | Loss: 0.474795
Epoch 9 Batch 13 | Loss: 0.499565
--- Epoch 9/30 | Loss: 0.4884 | Train Acc: 77.5% | Test Acc: 74.4% | CM: [TP:47, TN:81, FP:5, FN:39] | Progress: 30.0% | ETA: 21.0s ---
Epoch 10 Batch 1 | Loss: 0.551810 | Stats: min: -0.401, max: 0.465, mean: -0.019
Epoch 10 Batch 2 | Loss: 0.442441
Epoch 10 Batch 3 | Loss: 0.377208
Epoch 10 Batch 4 | Loss: 0.500202
Epoch 10 Batch 5 | Loss: 0.472400
Epoch 10 Batch 6 | Loss: 0.459481
Epoch 10 Batch 7 | Loss: 0.501129
Epoch 10 Batch 8 | Loss: 0.499714
Epoch 10 Batch 9 | Loss: 0.535444
Epoch 10 Batch 10 | Loss: 0.531294
Epoch 10 Batch 11 | Loss: 0.471197
Epoch 10 Batch 12 | Loss: 0.479042
Epoch 10 Batch 13 | Loss: 0.498454
  [STABILITY] Test accuracy improved: 74.42% -> 75.58% (via EMA). Saving best params.
--- Epoch 10/30 | Loss: 0.4861 | Train Acc: 78.5% | Test Acc: 75.6% | CM: [TP:50, TN:80, FP:6, FN:36] | Progress: 33.3% | ETA: 22.1s ---
Epoch 11 Batch 1 | Loss: 0.466868 | Stats: min: -0.577, max: 0.585, mean: -0.081
Epoch 11 Batch 2 | Loss: 0.555037
Epoch 11 Batch 3 | Loss: 0.424649
Epoch 11 Batch 4 | Loss: 0.456274
Epoch 11 Batch 5 | Loss: 0.499747
Epoch 11 Batch 6 | Loss: 0.503465
Epoch 11 Batch 7 | Loss: 0.532119
Epoch 11 Batch 8 | Loss: 0.480148
Epoch 11 Batch 9 | Loss: 0.430509
Epoch 11 Batch 10 | Loss: 0.538642
Epoch 11 Batch 11 | Loss: 0.486925
Epoch 11 Batch 12 | Loss: 0.431811
Epoch 11 Batch 13 | Loss: 0.506737
--- Epoch 11/30 | Loss: 0.4856 | Train Acc: 79.5% | Test Acc: 75.6% | CM: [TP:50, TN:80, FP:6, FN:36] | Progress: 36.7% | ETA: 17.5s ---
Epoch 12 Batch 1 | Loss: 0.489837 | Stats: min: -0.144, max: 0.569, mean: 0.043
Epoch 12 Batch 2 | Loss: 0.461099
Epoch 12 Batch 3 | Loss: 0.453490
Epoch 12 Batch 4 | Loss: 0.402521
Epoch 12 Batch 5 | Loss: 0.482563
Epoch 12 Batch 6 | Loss: 0.557424
Epoch 12 Batch 7 | Loss: 0.480800
Epoch 12 Batch 8 | Loss: 0.520917
Epoch 12 Batch 9 | Loss: 0.533075
Epoch 12 Batch 10 | Loss: 0.494529
Epoch 12 Batch 11 | Loss: 0.488094
Epoch 12 Batch 12 | Loss: 0.477781
Epoch 12 Batch 13 | Loss: 0.396235
--- Epoch 12/30 | Loss: 0.4799 | Train Acc: 79.5% | Test Acc: 75.6% | CM: [TP:50, TN:80, FP:6, FN:36] | Progress: 40.0% | ETA: 16.1s ---
Epoch 13 Batch 1 | Loss: 0.458845 | Stats: min: -0.504, max: 0.218, mean: 0.014
Epoch 13 Batch 2 | Loss: 0.534079
Epoch 13 Batch 3 | Loss: 0.448456
Epoch 13 Batch 4 | Loss: 0.492609
Epoch 13 Batch 5 | Loss: 0.469343
Epoch 13 Batch 6 | Loss: 0.468867
Epoch 13 Batch 7 | Loss: 0.465943
Epoch 13 Batch 8 | Loss: 0.483480
Epoch 13 Batch 9 | Loss: 0.500317
Epoch 13 Batch 10 | Loss: 0.469010
Epoch 13 Batch 11 | Loss: 0.468425
Epoch 13 Batch 12 | Loss: 0.515770
Epoch 13 Batch 13 | Loss: 0.483180
  [STABILITY] Plateau detected. Reducing Learning Rate to 0.010000
--- Epoch 13/30 | Loss: 0.4814 | Train Acc: 79.5% | Test Acc: 75.6% | CM: [TP:50, TN:80, FP:6, FN:36] | Progress: 43.3% | ETA: 13.0s ---
Epoch 14 Batch 1 | Loss: 0.429125 | Stats: min: -0.538, max: 0.098, mean: -0.104
Epoch 14 Batch 2 | Loss: 0.432582
Epoch 14 Batch 3 | Loss: 0.444804
Epoch 14 Batch 4 | Loss: 0.520731
Epoch 14 Batch 5 | Loss: 0.489630
Epoch 14 Batch 6 | Loss: 0.504404
Epoch 14 Batch 7 | Loss: 0.448715
Epoch 14 Batch 8 | Loss: 0.488184
Epoch 14 Batch 9 | Loss: 0.490750
Epoch 14 Batch 10 | Loss: 0.453179
Epoch 14 Batch 11 | Loss: 0.556939
Epoch 14 Batch 12 | Loss: 0.506679
Epoch 14 Batch 13 | Loss: 0.530364
--- Epoch 14/30 | Loss: 0.4843 | Train Acc: 80.5% | Test Acc: 75.0% | CM: [TP:50, TN:79, FP:7, FN:36] | Progress: 46.7% | ETA: 10.0s ---
Epoch 15 Batch 1 | Loss: 0.496674 | Stats: min: -0.043, max: 0.661, mean: 0.238
Epoch 15 Batch 2 | Loss: 0.506588
Epoch 15 Batch 3 | Loss: 0.460271
Epoch 15 Batch 4 | Loss: 0.435843
Epoch 15 Batch 5 | Loss: 0.387076
Epoch 15 Batch 6 | Loss: 0.483804
Epoch 15 Batch 7 | Loss: 0.598671
Epoch 15 Batch 8 | Loss: 0.507584
Epoch 15 Batch 9 | Loss: 0.415704
Epoch 15 Batch 10 | Loss: 0.486049
Epoch 15 Batch 11 | Loss: 0.497057
Epoch 15 Batch 12 | Loss: 0.461484
Epoch 15 Batch 13 | Loss: 0.484705
--- Epoch 15/30 | Loss: 0.4786 | Train Acc: 81.0% | Test Acc: 74.4% | CM: [TP:51, TN:77, FP:9, FN:35] | Progress: 50.0% | ETA: 10.2s ---
Epoch 16 Batch 1 | Loss: 0.483486 | Stats: min: -0.484, max: 0.119, mean: -0.167
Epoch 16 Batch 2 | Loss: 0.476937
Epoch 16 Batch 3 | Loss: 0.418685
Epoch 16 Batch 4 | Loss: 0.418841
Epoch 16 Batch 5 | Loss: 0.493740
Epoch 16 Batch 6 | Loss: 0.450091
Epoch 16 Batch 7 | Loss: 0.421207
Epoch 16 Batch 8 | Loss: 0.469578
Epoch 16 Batch 9 | Loss: 0.528733
Epoch 16 Batch 10 | Loss: 0.551335
Epoch 16 Batch 11 | Loss: 0.466639
Epoch 16 Batch 12 | Loss: 0.534438
Epoch 16 Batch 13 | Loss: 0.493493
  [STABILITY] Plateau detected. Reducing Learning Rate to 0.005000
--- Epoch 16/30 | Loss: 0.4775 | Train Acc: 80.5% | Test Acc: 75.0% | CM: [TP:53, TN:76, FP:10, FN:33] | Progress: 53.3% | ETA: 6.2s ---
Epoch 17 Batch 1 | Loss: 0.437511 | Stats: min: -0.258, max: 0.572, mean: 0.267
Epoch 17 Batch 2 | Loss: 0.522217
Epoch 17 Batch 3 | Loss: 0.432261
Epoch 17 Batch 4 | Loss: 0.428890
Epoch 17 Batch 5 | Loss: 0.457551
Epoch 17 Batch 6 | Loss: 0.447675
Epoch 17 Batch 7 | Loss: 0.486251
Epoch 17 Batch 8 | Loss: 0.508697
Epoch 17 Batch 9 | Loss: 0.470875
Epoch 17 Batch 10 | Loss: 0.457122
Epoch 17 Batch 11 | Loss: 0.471711
Epoch 17 Batch 12 | Loss: 0.607064
Epoch 17 Batch 13 | Loss: 0.441407
--- Epoch 17/30 | Loss: 0.4746 | Train Acc: 79.0% | Test Acc: 75.0% | CM: [TP:53, TN:76, FP:10, FN:33] | Progress: 56.7% | ETA: 10.3s ---
Epoch 18 Batch 1 | Loss: 0.464744 | Stats: min: -0.163, max: 0.633, mean: 0.285
Epoch 18 Batch 2 | Loss: 0.492605
Epoch 18 Batch 3 | Loss: 0.516700
Epoch 18 Batch 4 | Loss: 0.463993
Epoch 18 Batch 5 | Loss: 0.535793
Epoch 18 Batch 6 | Loss: 0.496482
Epoch 18 Batch 7 | Loss: 0.403569
Epoch 18 Batch 8 | Loss: 0.495737
Epoch 18 Batch 9 | Loss: 0.467043
Epoch 18 Batch 10 | Loss: 0.474797
Epoch 18 Batch 11 | Loss: 0.463859
Epoch 18 Batch 12 | Loss: 0.400717
Epoch 18 Batch 13 | Loss: 0.548323
--- Epoch 18/30 | Loss: 0.4788 | Train Acc: 79.5% | Test Acc: 75.0% | CM: [TP:53, TN:76, FP:10, FN:33] | Progress: 60.0% | ETA: 9.7s ---
Epoch 19 Batch 1 | Loss: 0.504124 | Stats: min: -0.243, max: 0.620, mean: 0.256
Epoch 19 Batch 2 | Loss: 0.496623
Epoch 19 Batch 3 | Loss: 0.500616
Epoch 19 Batch 4 | Loss: 0.427838
Epoch 19 Batch 5 | Loss: 0.417841
Epoch 19 Batch 6 | Loss: 0.433421
Epoch 19 Batch 7 | Loss: 0.530256
Epoch 19 Batch 8 | Loss: 0.485199
Epoch 19 Batch 9 | Loss: 0.456864
Epoch 19 Batch 10 | Loss: 0.451904
Epoch 19 Batch 11 | Loss: 0.537422
Epoch 19 Batch 12 | Loss: 0.477256
Epoch 19 Batch 13 | Loss: 0.458005
  [STABILITY] Plateau detected. Reducing Learning Rate to 0.002500
--- Epoch 19/30 | Loss: 0.4752 | Train Acc: 80.0% | Test Acc: 75.0% | CM: [TP:53, TN:76, FP:10, FN:33] | Progress: 63.3% | ETA: 8.5s ---
Epoch 20 Batch 1 | Loss: 0.472464 | Stats: min: -0.408, max: 0.144, mean: -0.077
Epoch 20 Batch 2 | Loss: 0.458537
Epoch 20 Batch 3 | Loss: 0.505678
Epoch 20 Batch 4 | Loss: 0.508027
Epoch 20 Batch 5 | Loss: 0.431059
Epoch 20 Batch 6 | Loss: 0.548074
Epoch 20 Batch 7 | Loss: 0.446830
Epoch 20 Batch 8 | Loss: 0.453405
Epoch 20 Batch 9 | Loss: 0.474252
Epoch 20 Batch 10 | Loss: 0.493993
Epoch 20 Batch 11 | Loss: 0.454704
Epoch 20 Batch 12 | Loss: 0.475317
Epoch 20 Batch 13 | Loss: 0.440683
--- Epoch 20/30 | Loss: 0.4741 | Train Acc: 81.0% | Test Acc: 75.6% | CM: [TP:54, TN:76, FP:10, FN:32] | Progress: 66.7% | ETA: 7.3s ---
Epoch 21 Batch 1 | Loss: 0.402885 | Stats: min: -0.554, max: 0.496, mean: -0.065
Epoch 21 Batch 2 | Loss: 0.527168
Epoch 21 Batch 3 | Loss: 0.514569
Epoch 21 Batch 4 | Loss: 0.491916
Epoch 21 Batch 5 | Loss: 0.527604
Epoch 21 Batch 6 | Loss: 0.503065
Epoch 21 Batch 7 | Loss: 0.449641
Epoch 21 Batch 8 | Loss: 0.502482
Epoch 21 Batch 9 | Loss: 0.498437
Epoch 21 Batch 10 | Loss: 0.479005
Epoch 21 Batch 11 | Loss: 0.429842
Epoch 21 Batch 12 | Loss: 0.399080
Epoch 21 Batch 13 | Loss: 0.421414
--- Epoch 21/30 | Loss: 0.4729 | Train Acc: 81.0% | Test Acc: 75.6% | CM: [TP:55, TN:75, FP:11, FN:31] | Progress: 70.0% | ETA: 6.3s ---
Epoch 22 Batch 1 | Loss: 0.457465 | Stats: min: -0.483, max: 0.492, mean: 0.069
Epoch 22 Batch 2 | Loss: 0.415174
Epoch 22 Batch 3 | Loss: 0.466700
Epoch 22 Batch 4 | Loss: 0.532327
Epoch 22 Batch 5 | Loss: 0.464079
Epoch 22 Batch 6 | Loss: 0.506047
Epoch 22 Batch 7 | Loss: 0.466009
Epoch 22 Batch 8 | Loss: 0.515528
Epoch 22 Batch 9 | Loss: 0.430144
Epoch 22 Batch 10 | Loss: 0.478544
Epoch 22 Batch 11 | Loss: 0.478461
Epoch 22 Batch 12 | Loss: 0.489982
Epoch 22 Batch 13 | Loss: 0.462145
  [STABILITY] Plateau detected. Reducing Learning Rate to 0.001250
--- Epoch 22/30 | Loss: 0.4740 | Train Acc: 83.0% | Test Acc: 75.6% | CM: [TP:55, TN:75, FP:11, FN:31] | Progress: 73.3% | ETA: 5.2s ---
Epoch 23 Batch 1 | Loss: 0.481411 | Stats: min: -0.448, max: 0.446, mean: -0.080
Epoch 23 Batch 2 | Loss: 0.390474
Epoch 23 Batch 3 | Loss: 0.395655
Epoch 23 Batch 4 | Loss: 0.424747
Epoch 23 Batch 5 | Loss: 0.492465
Epoch 23 Batch 6 | Loss: 0.458639
Epoch 23 Batch 7 | Loss: 0.510779
Epoch 23 Batch 8 | Loss: 0.444385
Epoch 23 Batch 9 | Loss: 0.469643
Epoch 23 Batch 10 | Loss: 0.475880
Epoch 23 Batch 11 | Loss: 0.568639
Epoch 23 Batch 12 | Loss: 0.535286
Epoch 23 Batch 13 | Loss: 0.576050
--- Epoch 23/30 | Loss: 0.4788 | Train Acc: 83.0% | Test Acc: 75.0% | CM: [TP:55, TN:74, FP:12, FN:31] | Progress: 76.7% | ETA: 4.4s ---
Epoch 24 Batch 1 | Loss: 0.528378 | Stats: min: -0.406, max: 0.576, mean: 0.049
Epoch 24 Batch 2 | Loss: 0.472758
Epoch 24 Batch 3 | Loss: 0.471401
Epoch 24 Batch 4 | Loss: 0.529899
Epoch 24 Batch 5 | Loss: 0.442613
Epoch 24 Batch 6 | Loss: 0.443949
Epoch 24 Batch 7 | Loss: 0.499964
Epoch 24 Batch 8 | Loss: 0.467184
Epoch 24 Batch 9 | Loss: 0.499989
Epoch 24 Batch 10 | Loss: 0.429502
Epoch 24 Batch 11 | Loss: 0.443646
Epoch 24 Batch 12 | Loss: 0.465953
Epoch 24 Batch 13 | Loss: 0.469016
--- Epoch 24/30 | Loss: 0.4742 | Train Acc: 83.5% | Test Acc: 75.6% | CM: [TP:56, TN:74, FP:12, FN:30] | Progress: 80.0% | ETA: 3.5s ---
Epoch 25 Batch 1 | Loss: 0.518111 | Stats: min: -0.541, max: 0.041, mean: -0.174
Epoch 25 Batch 2 | Loss: 0.468183
Epoch 25 Batch 3 | Loss: 0.427025
Epoch 25 Batch 4 | Loss: 0.585709
Epoch 25 Batch 5 | Loss: 0.447936
Epoch 25 Batch 6 | Loss: 0.457215
Epoch 25 Batch 7 | Loss: 0.470956
Epoch 25 Batch 8 | Loss: 0.463453
Epoch 25 Batch 9 | Loss: 0.413381
Epoch 25 Batch 10 | Loss: 0.477345
Epoch 25 Batch 11 | Loss: 0.556184
Epoch 25 Batch 12 | Loss: 0.422898
Epoch 25 Batch 13 | Loss: 0.437599
  [STABILITY] Plateau detected. Reducing Learning Rate to 0.000625
--- Epoch 25/30 | Loss: 0.4728 | Train Acc: 83.5% | Test Acc: 75.6% | CM: [TP:56, TN:74, FP:12, FN:30] | Progress: 83.3% | ETA: 2.8s ---
Epoch 26 Batch 1 | Loss: 0.534540 | Stats: min: -0.254, max: 0.357, mean: -0.055
Epoch 26 Batch 2 | Loss: 0.438286
Epoch 26 Batch 3 | Loss: 0.449945
Epoch 26 Batch 4 | Loss: 0.480743
Epoch 26 Batch 5 | Loss: 0.531920
Epoch 26 Batch 6 | Loss: 0.389340
Epoch 26 Batch 7 | Loss: 0.555381
Epoch 26 Batch 8 | Loss: 0.496071
Epoch 26 Batch 9 | Loss: 0.474210
Epoch 26 Batch 10 | Loss: 0.441176
Epoch 26 Batch 11 | Loss: 0.425299
Epoch 26 Batch 12 | Loss: 0.471135
Epoch 26 Batch 13 | Loss: 0.476554
  [STABILITY] Test accuracy improved: 75.58% -> 76.16% (via EMA). Saving best params.
--- Epoch 26/30 | Loss: 0.4742 | Train Acc: 83.5% | Test Acc: 76.2% | CM: [TP:57, TN:74, FP:12, FN:29] | Progress: 86.7% | ETA: 2.2s ---
Epoch 27 Batch 1 | Loss: 0.430130 | Stats: min: -0.452, max: 0.588, mean: -0.087
Epoch 27 Batch 2 | Loss: 0.402067
Epoch 27 Batch 3 | Loss: 0.489503
Epoch 27 Batch 4 | Loss: 0.483271
Epoch 27 Batch 5 | Loss: 0.494039
Epoch 27 Batch 6 | Loss: 0.488263
Epoch 27 Batch 7 | Loss: 0.515582
Epoch 27 Batch 8 | Loss: 0.427321
Epoch 27 Batch 9 | Loss: 0.512569
Epoch 27 Batch 10 | Loss: 0.458380
Epoch 27 Batch 11 | Loss: 0.476994
Epoch 27 Batch 12 | Loss: 0.478305
Epoch 27 Batch 13 | Loss: 0.546571
  [STABILITY] Test accuracy improved: 76.16% -> 76.74% (via EMA). Saving best params.
--- Epoch 27/30 | Loss: 0.4772 | Train Acc: 83.5% | Test Acc: 76.7% | CM: [TP:58, TN:74, FP:12, FN:28] | Progress: 90.0% | ETA: 1.6s ---
Epoch 28 Batch 1 | Loss: 0.422522 | Stats: min: -0.244, max: 0.310, mean: 0.066
Epoch 28 Batch 2 | Loss: 0.476756
Epoch 28 Batch 3 | Loss: 0.540796
Epoch 28 Batch 4 | Loss: 0.524238
Epoch 28 Batch 5 | Loss: 0.411218
Epoch 28 Batch 6 | Loss: 0.472522
Epoch 28 Batch 7 | Loss: 0.474683
Epoch 28 Batch 8 | Loss: 0.469556
Epoch 28 Batch 9 | Loss: 0.424788
Epoch 28 Batch 10 | Loss: 0.460018
Epoch 28 Batch 11 | Loss: 0.517905
Epoch 28 Batch 12 | Loss: 0.482546
Epoch 28 Batch 13 | Loss: 0.496319
--- Epoch 28/30 | Loss: 0.4749 | Train Acc: 83.5% | Test Acc: 76.7% | CM: [TP:58, TN:74, FP:12, FN:28] | Progress: 93.3% | ETA: 1.0s ---
Epoch 29 Batch 1 | Loss: 0.492254 | Stats: min: -0.315, max: 0.330, mean: -0.095
Epoch 29 Batch 2 | Loss: 0.384971
Epoch 29 Batch 3 | Loss: 0.483857
Epoch 29 Batch 4 | Loss: 0.456793
Epoch 29 Batch 5 | Loss: 0.490230
Epoch 29 Batch 6 | Loss: 0.479318
Epoch 29 Batch 7 | Loss: 0.477370
Epoch 29 Batch 8 | Loss: 0.499356
Epoch 29 Batch 9 | Loss: 0.462005
Epoch 29 Batch 10 | Loss: 0.453053
Epoch 29 Batch 11 | Loss: 0.505627
Epoch 29 Batch 12 | Loss: 0.515746
Epoch 29 Batch 13 | Loss: 0.445881
  [STABILITY] Test accuracy improved: 76.74% -> 77.33% (via EMA). Saving best params.
--- Epoch 29/30 | Loss: 0.4728 | Train Acc: 83.5% | Test Acc: 77.3% | CM: [TP:59, TN:74, FP:12, FN:27] | Progress: 96.7% | ETA: 0.5s ---
Epoch 30 Batch 1 | Loss: 0.526220 | Stats: min: -0.399, max: 0.606, mean: 0.093
Epoch 30 Batch 2 | Loss: 0.452386
Epoch 30 Batch 3 | Loss: 0.450446
Epoch 30 Batch 4 | Loss: 0.510137
Epoch 30 Batch 5 | Loss: 0.458184
Epoch 30 Batch 6 | Loss: 0.449150
Epoch 30 Batch 7 | Loss: 0.524133
Epoch 30 Batch 8 | Loss: 0.475423
Epoch 30 Batch 9 | Loss: 0.421366
Epoch 30 Batch 10 | Loss: 0.465244
Epoch 30 Batch 11 | Loss: 0.510537
Epoch 30 Batch 12 | Loss: 0.459206
Epoch 30 Batch 13 | Loss: 0.446131
--- Epoch 30/30 | Loss: 0.4730 | Train Acc: 83.5% | Test Acc: 77.3% | CM: [TP:59, TN:74, FP:12, FN:27] | Progress: 100.0% | ETA: 0.0s ---

Final Best Test Accuracy: 77.33%


Best Quantum Test Accuracy: 0.773
