DEBUG: Qtrainer enters train_pure_quantum_cnn. Encoding: amplitude
  Class Weights: +1 (Target): 1.00 | -1 (Rest): 1.00
Starting Training
==================================================
Epoch 1 Batch 1 | Loss: 0.686504 | Stats: min: 0.012, max: 0.206, mean: 0.090
Epoch 1 Batch 2 | Loss: 0.692914
Epoch 1 Batch 3 | Loss: 0.643075
Epoch 1 Batch 4 | Loss: 0.648594
Epoch 1 Batch 5 | Loss: 0.638371
Epoch 1 Batch 6 | Loss: 0.642375
Epoch 1 Batch 7 | Loss: 0.601047
Epoch 1 Batch 8 | Loss: 0.602883
Epoch 1 Batch 9 | Loss: 0.610940
Epoch 1 Batch 10 | Loss: 0.582933
Epoch 1 Batch 11 | Loss: 0.630613
Epoch 1 Batch 12 | Loss: 0.623258
Epoch 1 Batch 13 | Loss: 0.559804
  [STABILITY] Test accuracy improved: 0.00% -> 55.81% (via EMA). Saving best params.
--- Epoch 1/30 | Loss: 0.6279 | Train Acc: 56.0% | Test Acc: 55.8% | CM: [TP:49, TN:47, FP:39, FN:37] | Progress: 3.3% | ETA: 390.7s ---
Epoch 2 Batch 1 | Loss: 0.608835 | Stats: min: -0.103, max: 0.283, mean: 0.050
Epoch 2 Batch 2 | Loss: 0.582602
Epoch 2 Batch 3 | Loss: 0.572450
Epoch 2 Batch 4 | Loss: 0.582738
Epoch 2 Batch 5 | Loss: 0.552109
Epoch 2 Batch 6 | Loss: 0.571937
Epoch 2 Batch 7 | Loss: 0.529065
Epoch 2 Batch 8 | Loss: 0.567838
Epoch 2 Batch 9 | Loss: 0.618063
Epoch 2 Batch 10 | Loss: 0.604680
Epoch 2 Batch 11 | Loss: 0.550732
Epoch 2 Batch 12 | Loss: 0.542346
Epoch 2 Batch 13 | Loss: 0.491857
  [STABILITY] Test accuracy improved: 55.81% -> 67.44% (via EMA). Saving best params.
--- Epoch 2/30 | Loss: 0.5673 | Train Acc: 70.5% | Test Acc: 67.4% | CM: [TP:57, TN:59, FP:27, FN:29] | Progress: 6.7% | ETA: 185.6s ---
Epoch 3 Batch 1 | Loss: 0.509990 | Stats: min: -0.410, max: 0.430, mean: -0.132
Epoch 3 Batch 2 | Loss: 0.548783
Epoch 3 Batch 3 | Loss: 0.503336
Epoch 3 Batch 4 | Loss: 0.506116
Epoch 3 Batch 5 | Loss: 0.486138
Epoch 3 Batch 6 | Loss: 0.486217
Epoch 3 Batch 7 | Loss: 0.491518
Epoch 3 Batch 8 | Loss: 0.606325
Epoch 3 Batch 9 | Loss: 0.530112
Epoch 3 Batch 10 | Loss: 0.605606
Epoch 3 Batch 11 | Loss: 0.611544
Epoch 3 Batch 12 | Loss: 0.591536
Epoch 3 Batch 13 | Loss: 0.601829
  [STABILITY] Test accuracy improved: 67.44% -> 71.51% (via EMA). Saving best params.
--- Epoch 3/30 | Loss: 0.5445 | Train Acc: 77.0% | Test Acc: 71.5% | CM: [TP:62, TN:61, FP:25, FN:24] | Progress: 10.0% | ETA: 120.0s ---
Epoch 4 Batch 1 | Loss: 0.525959 | Stats: min: -0.364, max: 0.411, mean: -0.028
Epoch 4 Batch 2 | Loss: 0.549414
Epoch 4 Batch 3 | Loss: 0.578042
Epoch 4 Batch 4 | Loss: 0.556880
Epoch 4 Batch 5 | Loss: 0.501633
Epoch 4 Batch 6 | Loss: 0.526612
Epoch 4 Batch 7 | Loss: 0.543452
Epoch 4 Batch 8 | Loss: 0.543659
Epoch 4 Batch 9 | Loss: 0.528035
Epoch 4 Batch 10 | Loss: 0.528393
Epoch 4 Batch 11 | Loss: 0.508815
Epoch 4 Batch 12 | Loss: 0.485412
Epoch 4 Batch 13 | Loss: 0.488164
  [STABILITY] Test accuracy improved: 71.51% -> 76.74% (via EMA). Saving best params.
--- Epoch 4/30 | Loss: 0.5280 | Train Acc: 77.5% | Test Acc: 76.7% | CM: [TP:67, TN:65, FP:21, FN:19] | Progress: 13.3% | ETA: 87.5s ---
Epoch 5 Batch 1 | Loss: 0.471969 | Stats: min: -0.330, max: 0.438, mean: -0.003
Epoch 5 Batch 2 | Loss: 0.515884
Epoch 5 Batch 3 | Loss: 0.493805
Epoch 5 Batch 4 | Loss: 0.503602
Epoch 5 Batch 5 | Loss: 0.539192
Epoch 5 Batch 6 | Loss: 0.453951
Epoch 5 Batch 7 | Loss: 0.565025
Epoch 5 Batch 8 | Loss: 0.602702
Epoch 5 Batch 9 | Loss: 0.583216
Epoch 5 Batch 10 | Loss: 0.544375
Epoch 5 Batch 11 | Loss: 0.486280
Epoch 5 Batch 12 | Loss: 0.538009
Epoch 5 Batch 13 | Loss: 0.528715
  [STABILITY] Test accuracy improved: 76.74% -> 77.33% (via EMA). Saving best params.
--- Epoch 5/30 | Loss: 0.5251 | Train Acc: 78.5% | Test Acc: 77.3% | CM: [TP:66, TN:67, FP:19, FN:20] | Progress: 16.7% | ETA: 66.2s ---
Epoch 6 Batch 1 | Loss: 0.530056 | Stats: min: -0.521, max: 0.377, mean: 0.049
Epoch 6 Batch 2 | Loss: 0.481776
Epoch 6 Batch 3 | Loss: 0.551937
Epoch 6 Batch 4 | Loss: 0.510638
Epoch 6 Batch 5 | Loss: 0.582108
Epoch 6 Batch 6 | Loss: 0.509443
Epoch 6 Batch 7 | Loss: 0.488443
Epoch 6 Batch 8 | Loss: 0.482283
Epoch 6 Batch 9 | Loss: 0.514071
Epoch 6 Batch 10 | Loss: 0.487930
Epoch 6 Batch 11 | Loss: 0.592931
Epoch 6 Batch 12 | Loss: 0.551161
Epoch 6 Batch 13 | Loss: 0.465916
  [STABILITY] Test accuracy improved: 77.33% -> 77.91% (via EMA). Saving best params.
--- Epoch 6/30 | Loss: 0.5191 | Train Acc: 79.5% | Test Acc: 77.9% | CM: [TP:65, TN:69, FP:17, FN:21] | Progress: 20.0% | ETA: 53.2s ---
Epoch 7 Batch 1 | Loss: 0.534617 | Stats: min: -0.431, max: 0.164, mean: -0.145
Epoch 7 Batch 2 | Loss: 0.472229
Epoch 7 Batch 3 | Loss: 0.480793
Epoch 7 Batch 4 | Loss: 0.564704
Epoch 7 Batch 5 | Loss: 0.597057
Epoch 7 Batch 6 | Loss: 0.532341
Epoch 7 Batch 7 | Loss: 0.499778
Epoch 7 Batch 8 | Loss: 0.478570
Epoch 7 Batch 9 | Loss: 0.509461
Epoch 7 Batch 10 | Loss: 0.486729
Epoch 7 Batch 11 | Loss: 0.481299
Epoch 7 Batch 12 | Loss: 0.520349
Epoch 7 Batch 13 | Loss: 0.509071
  [STABILITY] Test accuracy improved: 77.91% -> 78.49% (via EMA). Saving best params.
--- Epoch 7/30 | Loss: 0.5128 | Train Acc: 79.0% | Test Acc: 78.5% | CM: [TP:66, TN:69, FP:17, FN:20] | Progress: 23.3% | ETA: 43.7s ---
Epoch 8 Batch 1 | Loss: 0.495811 | Stats: min: -0.585, max: 0.399, mean: 0.078
Epoch 8 Batch 2 | Loss: 0.486552
Epoch 8 Batch 3 | Loss: 0.507352
Epoch 8 Batch 4 | Loss: 0.486634
Epoch 8 Batch 5 | Loss: 0.472929
Epoch 8 Batch 6 | Loss: 0.522899
Epoch 8 Batch 7 | Loss: 0.507129
Epoch 8 Batch 8 | Loss: 0.497111
Epoch 8 Batch 9 | Loss: 0.501190
Epoch 8 Batch 10 | Loss: 0.513749
Epoch 8 Batch 11 | Loss: 0.520180
Epoch 8 Batch 12 | Loss: 0.598680
Epoch 8 Batch 13 | Loss: 0.563724
  [STABILITY] Test accuracy improved: 78.49% -> 79.65% (via EMA). Saving best params.
--- Epoch 8/30 | Loss: 0.5134 | Train Acc: 81.0% | Test Acc: 79.7% | CM: [TP:67, TN:70, FP:16, FN:19] | Progress: 26.7% | ETA: 36.3s ---
Epoch 9 Batch 1 | Loss: 0.503604 | Stats: min: -0.453, max: 0.408, mean: -0.101
Epoch 9 Batch 2 | Loss: 0.527047
Epoch 9 Batch 3 | Loss: 0.482762
Epoch 9 Batch 4 | Loss: 0.478566
Epoch 9 Batch 5 | Loss: 0.568505
Epoch 9 Batch 6 | Loss: 0.475779
Epoch 9 Batch 7 | Loss: 0.546599
Epoch 9 Batch 8 | Loss: 0.479176
Epoch 9 Batch 9 | Loss: 0.479494
Epoch 9 Batch 10 | Loss: 0.546985
Epoch 9 Batch 11 | Loss: 0.467320
Epoch 9 Batch 12 | Loss: 0.522055
Epoch 9 Batch 13 | Loss: 0.560459
--- Epoch 9/30 | Loss: 0.5106 | Train Acc: 81.5% | Test Acc: 79.7% | CM: [TP:67, TN:70, FP:16, FN:19] | Progress: 30.0% | ETA: 31.3s ---
Epoch 10 Batch 1 | Loss: 0.489174 | Stats: min: -0.446, max: 0.311, mean: -0.035
Epoch 10 Batch 2 | Loss: 0.432422
Epoch 10 Batch 3 | Loss: 0.636160
Epoch 10 Batch 4 | Loss: 0.561856
Epoch 10 Batch 5 | Loss: 0.492107
Epoch 10 Batch 6 | Loss: 0.511664
Epoch 10 Batch 7 | Loss: 0.497269
Epoch 10 Batch 8 | Loss: 0.493790
Epoch 10 Batch 9 | Loss: 0.470558
Epoch 10 Batch 10 | Loss: 0.487350
Epoch 10 Batch 11 | Loss: 0.540411
Epoch 10 Batch 12 | Loss: 0.454914
Epoch 10 Batch 13 | Loss: 0.498427
--- Epoch 10/30 | Loss: 0.5051 | Train Acc: 81.5% | Test Acc: 79.7% | CM: [TP:67, TN:70, FP:16, FN:19] | Progress: 33.3% | ETA: 26.4s ---
Epoch 11 Batch 1 | Loss: 0.562913 | Stats: min: -0.515, max: 0.119, mean: -0.189
Epoch 11 Batch 2 | Loss: 0.515413
Epoch 11 Batch 3 | Loss: 0.432019
Epoch 11 Batch 4 | Loss: 0.476499
Epoch 11 Batch 5 | Loss: 0.475186
Epoch 11 Batch 6 | Loss: 0.485365
Epoch 11 Batch 7 | Loss: 0.475104
Epoch 11 Batch 8 | Loss: 0.455084
Epoch 11 Batch 9 | Loss: 0.486400
Epoch 11 Batch 10 | Loss: 0.547769
Epoch 11 Batch 11 | Loss: 0.565902
Epoch 11 Batch 12 | Loss: 0.528141
Epoch 11 Batch 13 | Loss: 0.587661
  [STABILITY] Plateau detected. Reducing Learning Rate to 0.010000
--- Epoch 11/30 | Loss: 0.5072 | Train Acc: 81.5% | Test Acc: 79.7% | CM: [TP:66, TN:71, FP:15, FN:20] | Progress: 36.7% | ETA: 23.5s ---
Epoch 12 Batch 1 | Loss: 0.552136 | Stats: min: -0.483, max: -0.094, mean: -0.224
Epoch 12 Batch 2 | Loss: 0.503454
Epoch 12 Batch 3 | Loss: 0.448631
Epoch 12 Batch 4 | Loss: 0.491656
Epoch 12 Batch 5 | Loss: 0.495011
Epoch 12 Batch 6 | Loss: 0.474919
Epoch 12 Batch 7 | Loss: 0.509956
Epoch 12 Batch 8 | Loss: 0.461617
Epoch 12 Batch 9 | Loss: 0.566728
Epoch 12 Batch 10 | Loss: 0.508768
Epoch 12 Batch 11 | Loss: 0.474152
Epoch 12 Batch 12 | Loss: 0.519660
Epoch 12 Batch 13 | Loss: 0.532590
  [STABILITY] Test accuracy improved: 79.65% -> 80.23% (via EMA). Saving best params.
--- Epoch 12/30 | Loss: 0.5030 | Train Acc: 81.5% | Test Acc: 80.2% | CM: [TP:66, TN:72, FP:14, FN:20] | Progress: 40.0% | ETA: 20.3s ---
Epoch 13 Batch 1 | Loss: 0.510132 | Stats: min: -0.571, max: 0.568, mean: 0.025
Epoch 13 Batch 2 | Loss: 0.549106
Epoch 13 Batch 3 | Loss: 0.540740
Epoch 13 Batch 4 | Loss: 0.516117
Epoch 13 Batch 5 | Loss: 0.497342
Epoch 13 Batch 6 | Loss: 0.463759
Epoch 13 Batch 7 | Loss: 0.521312
Epoch 13 Batch 8 | Loss: 0.496777
Epoch 13 Batch 9 | Loss: 0.491964
Epoch 13 Batch 10 | Loss: 0.569638
Epoch 13 Batch 11 | Loss: 0.410727
Epoch 13 Batch 12 | Loss: 0.459567
Epoch 13 Batch 13 | Loss: 0.488955
--- Epoch 13/30 | Loss: 0.5012 | Train Acc: 81.5% | Test Acc: 80.2% | CM: [TP:66, TN:72, FP:14, FN:20] | Progress: 43.3% | ETA: 17.8s ---
Epoch 14 Batch 1 | Loss: 0.522517 | Stats: min: -0.516, max: 0.379, mean: -0.099
Epoch 14 Batch 2 | Loss: 0.535473
Epoch 14 Batch 3 | Loss: 0.498740
Epoch 14 Batch 4 | Loss: 0.489624
Epoch 14 Batch 5 | Loss: 0.503265
Epoch 14 Batch 6 | Loss: 0.506832
Epoch 14 Batch 7 | Loss: 0.494175
Epoch 14 Batch 8 | Loss: 0.500548
Epoch 14 Batch 9 | Loss: 0.498922
Epoch 14 Batch 10 | Loss: 0.448242
Epoch 14 Batch 11 | Loss: 0.494373
Epoch 14 Batch 12 | Loss: 0.530818
Epoch 14 Batch 13 | Loss: 0.432415
--- Epoch 14/30 | Loss: 0.4966 | Train Acc: 81.0% | Test Acc: 80.2% | CM: [TP:66, TN:72, FP:14, FN:20] | Progress: 46.7% | ETA: 15.5s ---
Epoch 15 Batch 1 | Loss: 0.480173 | Stats: min: -0.403, max: 0.339, mean: -0.047
Epoch 15 Batch 2 | Loss: 0.536163
Epoch 15 Batch 3 | Loss: 0.614656
Epoch 15 Batch 4 | Loss: 0.497136
Epoch 15 Batch 5 | Loss: 0.435412
Epoch 15 Batch 6 | Loss: 0.452077
Epoch 15 Batch 7 | Loss: 0.506454
Epoch 15 Batch 8 | Loss: 0.457221
Epoch 15 Batch 9 | Loss: 0.503011
Epoch 15 Batch 10 | Loss: 0.523358
Epoch 15 Batch 11 | Loss: 0.458333
Epoch 15 Batch 12 | Loss: 0.522298
Epoch 15 Batch 13 | Loss: 0.500511
  [STABILITY] Test accuracy improved: 80.23% -> 80.81% (via EMA). Saving best params.
--- Epoch 15/30 | Loss: 0.4990 | Train Acc: 81.5% | Test Acc: 80.8% | CM: [TP:66, TN:73, FP:13, FN:20] | Progress: 50.0% | ETA: 13.5s ---
Epoch 16 Batch 1 | Loss: 0.476311 | Stats: min: -0.473, max: 0.530, mean: -0.011
Epoch 16 Batch 2 | Loss: 0.459733
Epoch 16 Batch 3 | Loss: 0.536746
Epoch 16 Batch 4 | Loss: 0.528487
Epoch 16 Batch 5 | Loss: 0.526533
Epoch 16 Batch 6 | Loss: 0.545072
Epoch 16 Batch 7 | Loss: 0.483195
Epoch 16 Batch 8 | Loss: 0.469904
Epoch 16 Batch 9 | Loss: 0.469562
Epoch 16 Batch 10 | Loss: 0.506260
Epoch 16 Batch 11 | Loss: 0.498695
Epoch 16 Batch 12 | Loss: 0.504663
Epoch 16 Batch 13 | Loss: 0.509488
--- Epoch 16/30 | Loss: 0.5011 | Train Acc: 81.0% | Test Acc: 80.2% | CM: [TP:66, TN:72, FP:14, FN:20] | Progress: 53.3% | ETA: 12.0s ---
Epoch 17 Batch 1 | Loss: 0.450194 | Stats: min: -0.477, max: 0.440, mean: -0.179
Epoch 17 Batch 2 | Loss: 0.561152
Epoch 17 Batch 3 | Loss: 0.540367
Epoch 17 Batch 4 | Loss: 0.454595
Epoch 17 Batch 5 | Loss: 0.518153
Epoch 17 Batch 6 | Loss: 0.547075
Epoch 17 Batch 7 | Loss: 0.421560
Epoch 17 Batch 8 | Loss: 0.466219
Epoch 17 Batch 9 | Loss: 0.479076
Epoch 17 Batch 10 | Loss: 0.527375
Epoch 17 Batch 11 | Loss: 0.496605
Epoch 17 Batch 12 | Loss: 0.509107
Epoch 17 Batch 13 | Loss: 0.566120
--- Epoch 17/30 | Loss: 0.5029 | Train Acc: 80.5% | Test Acc: 80.8% | CM: [TP:66, TN:73, FP:13, FN:20] | Progress: 56.7% | ETA: 10.3s ---
Epoch 18 Batch 1 | Loss: 0.518934 | Stats: min: -0.328, max: 0.429, mean: 0.149
Epoch 18 Batch 2 | Loss: 0.446291
Epoch 18 Batch 3 | Loss: 0.439111
Epoch 18 Batch 4 | Loss: 0.482900
Epoch 18 Batch 5 | Loss: 0.477428
Epoch 18 Batch 6 | Loss: 0.516563
Epoch 18 Batch 7 | Loss: 0.518291
Epoch 18 Batch 8 | Loss: 0.461052
Epoch 18 Batch 9 | Loss: 0.569656
Epoch 18 Batch 10 | Loss: 0.515647
Epoch 18 Batch 11 | Loss: 0.464598
Epoch 18 Batch 12 | Loss: 0.587098
Epoch 18 Batch 13 | Loss: 0.481201
  [STABILITY] Test accuracy improved: 80.81% -> 81.40% (via EMA). Saving best params.
--- Epoch 18/30 | Loss: 0.4984 | Train Acc: 81.0% | Test Acc: 81.4% | CM: [TP:67, TN:73, FP:13, FN:19] | Progress: 60.0% | ETA: 9.0s ---
Epoch 19 Batch 1 | Loss: 0.491238 | Stats: min: -0.306, max: 0.612, mean: 0.173
Epoch 19 Batch 2 | Loss: 0.545252
Epoch 19 Batch 3 | Loss: 0.416081
Epoch 19 Batch 4 | Loss: 0.532887
Epoch 19 Batch 5 | Loss: 0.481693
Epoch 19 Batch 6 | Loss: 0.512831
Epoch 19 Batch 7 | Loss: 0.561127
Epoch 19 Batch 8 | Loss: 0.433599
Epoch 19 Batch 9 | Loss: 0.517649
Epoch 19 Batch 10 | Loss: 0.466167
Epoch 19 Batch 11 | Loss: 0.496560
Epoch 19 Batch 12 | Loss: 0.487293
Epoch 19 Batch 13 | Loss: 0.487921
--- Epoch 19/30 | Loss: 0.4946 | Train Acc: 81.0% | Test Acc: 81.4% | CM: [TP:67, TN:73, FP:13, FN:19] | Progress: 63.3% | ETA: 7.7s ---
Epoch 20 Batch 1 | Loss: 0.538313 | Stats: min: -0.548, max: 0.390, mean: -0.157
Epoch 20 Batch 2 | Loss: 0.489338
Epoch 20 Batch 3 | Loss: 0.440600
Epoch 20 Batch 4 | Loss: 0.441235
Epoch 20 Batch 5 | Loss: 0.533290
Epoch 20 Batch 6 | Loss: 0.530891
Epoch 20 Batch 7 | Loss: 0.505822
Epoch 20 Batch 8 | Loss: 0.469694
Epoch 20 Batch 9 | Loss: 0.477547
Epoch 20 Batch 10 | Loss: 0.460022
Epoch 20 Batch 11 | Loss: 0.517462
Epoch 20 Batch 12 | Loss: 0.491356
Epoch 20 Batch 13 | Loss: 0.586145
  [STABILITY] Test accuracy improved: 81.40% -> 81.98% (via EMA). Saving best params.
--- Epoch 20/30 | Loss: 0.4986 | Train Acc: 80.5% | Test Acc: 82.0% | CM: [TP:68, TN:73, FP:13, FN:18] | Progress: 66.7% | ETA: 6.6s ---
Epoch 21 Batch 1 | Loss: 0.496497 | Stats: min: -0.564, max: 0.096, mean: -0.105
Epoch 21 Batch 2 | Loss: 0.488859
Epoch 21 Batch 3 | Loss: 0.603306
Epoch 21 Batch 4 | Loss: 0.457093
Epoch 21 Batch 5 | Loss: 0.438783
Epoch 21 Batch 6 | Loss: 0.436722
Epoch 21 Batch 7 | Loss: 0.484547
Epoch 21 Batch 8 | Loss: 0.481374
Epoch 21 Batch 9 | Loss: 0.494685
Epoch 21 Batch 10 | Loss: 0.508045
Epoch 21 Batch 11 | Loss: 0.538070
Epoch 21 Batch 12 | Loss: 0.507064
Epoch 21 Batch 13 | Loss: 0.451695
--- Epoch 21/30 | Loss: 0.4913 | Train Acc: 80.0% | Test Acc: 82.0% | CM: [TP:68, TN:73, FP:13, FN:18] | Progress: 70.0% | ETA: 5.7s ---
Epoch 22 Batch 1 | Loss: 0.479079 | Stats: min: -0.596, max: 0.624, mean: -0.208
Epoch 22 Batch 2 | Loss: 0.469816
Epoch 22 Batch 3 | Loss: 0.543931
Epoch 22 Batch 4 | Loss: 0.534162
Epoch 22 Batch 5 | Loss: 0.476887
Epoch 22 Batch 6 | Loss: 0.476779
Epoch 22 Batch 7 | Loss: 0.439871
Epoch 22 Batch 8 | Loss: 0.441714
Epoch 22 Batch 9 | Loss: 0.533475
Epoch 22 Batch 10 | Loss: 0.468553
Epoch 22 Batch 11 | Loss: 0.520938
Epoch 22 Batch 12 | Loss: 0.491722
Epoch 22 Batch 13 | Loss: 0.532106
--- Epoch 22/30 | Loss: 0.4930 | Train Acc: 80.0% | Test Acc: 82.0% | CM: [TP:68, TN:73, FP:13, FN:18] | Progress: 73.3% | ETA: 4.9s ---
Epoch 23 Batch 1 | Loss: 0.410778 | Stats: min: -0.323, max: 0.669, mean: 0.364
Epoch 23 Batch 2 | Loss: 0.534112
Epoch 23 Batch 3 | Loss: 0.533075
Epoch 23 Batch 4 | Loss: 0.510234
Epoch 23 Batch 5 | Loss: 0.525315
Epoch 23 Batch 6 | Loss: 0.488583
Epoch 23 Batch 7 | Loss: 0.491220
Epoch 23 Batch 8 | Loss: 0.458157
Epoch 23 Batch 9 | Loss: 0.473346
Epoch 23 Batch 10 | Loss: 0.475192
Epoch 23 Batch 11 | Loss: 0.440647
Epoch 23 Batch 12 | Loss: 0.505012
Epoch 23 Batch 13 | Loss: 0.543763
  [STABILITY] Plateau detected. Reducing Learning Rate to 0.005000
--- Epoch 23/30 | Loss: 0.4915 | Train Acc: 80.0% | Test Acc: 82.0% | CM: [TP:68, TN:73, FP:13, FN:18] | Progress: 76.7% | ETA: 4.0s ---
Epoch 24 Batch 1 | Loss: 0.453628 | Stats: min: -0.223, max: 0.500, mean: 0.143
Epoch 24 Batch 2 | Loss: 0.481930
Epoch 24 Batch 3 | Loss: 0.482505
Epoch 24 Batch 4 | Loss: 0.513622
Epoch 24 Batch 5 | Loss: 0.462907
Epoch 24 Batch 6 | Loss: 0.530387
Epoch 24 Batch 7 | Loss: 0.548675
Epoch 24 Batch 8 | Loss: 0.493771
Epoch 24 Batch 9 | Loss: 0.538424
Epoch 24 Batch 10 | Loss: 0.455794
Epoch 24 Batch 11 | Loss: 0.480014
Epoch 24 Batch 12 | Loss: 0.468047
Epoch 24 Batch 13 | Loss: 0.365661
--- Epoch 24/30 | Loss: 0.4827 | Train Acc: 80.0% | Test Acc: 81.4% | CM: [TP:69, TN:71, FP:15, FN:17] | Progress: 80.0% | ETA: 3.3s ---
Epoch 25 Batch 1 | Loss: 0.463992 | Stats: min: -0.288, max: 0.667, mean: 0.247
Epoch 25 Batch 2 | Loss: 0.466906
Epoch 25 Batch 3 | Loss: 0.524099
Epoch 25 Batch 4 | Loss: 0.488165
Epoch 25 Batch 5 | Loss: 0.457657
Epoch 25 Batch 6 | Loss: 0.485466
Epoch 25 Batch 7 | Loss: 0.449616
Epoch 25 Batch 8 | Loss: 0.512794
Epoch 25 Batch 9 | Loss: 0.521578
Epoch 25 Batch 10 | Loss: 0.509806
Epoch 25 Batch 11 | Loss: 0.500654
Epoch 25 Batch 12 | Loss: 0.477038
Epoch 25 Batch 13 | Loss: 0.449587
--- Epoch 25/30 | Loss: 0.4852 | Train Acc: 80.5% | Test Acc: 80.8% | CM: [TP:69, TN:70, FP:16, FN:17] | Progress: 83.3% | ETA: 2.6s ---
Epoch 26 Batch 1 | Loss: 0.472881 | Stats: min: -0.575, max: 0.681, mean: 0.032
Epoch 26 Batch 2 | Loss: 0.487206
Epoch 26 Batch 3 | Loss: 0.447038
Epoch 26 Batch 4 | Loss: 0.554775
Epoch 26 Batch 5 | Loss: 0.520813
Epoch 26 Batch 6 | Loss: 0.443996
Epoch 26 Batch 7 | Loss: 0.527913
Epoch 26 Batch 8 | Loss: 0.455792
Epoch 26 Batch 9 | Loss: 0.519176
Epoch 26 Batch 10 | Loss: 0.453260
Epoch 26 Batch 11 | Loss: 0.485124
Epoch 26 Batch 12 | Loss: 0.446261
Epoch 26 Batch 13 | Loss: 0.516271
  [STABILITY] Plateau detected. Reducing Learning Rate to 0.002500
--- Epoch 26/30 | Loss: 0.4870 | Train Acc: 80.5% | Test Acc: 80.8% | CM: [TP:69, TN:70, FP:16, FN:17] | Progress: 86.7% | ETA: 2.0s ---
Epoch 27 Batch 1 | Loss: 0.500393 | Stats: min: -0.303, max: 0.663, mean: 0.230
Epoch 27 Batch 2 | Loss: 0.541017
Epoch 27 Batch 3 | Loss: 0.467154
Epoch 27 Batch 4 | Loss: 0.489872
Epoch 27 Batch 5 | Loss: 0.471799
Epoch 27 Batch 6 | Loss: 0.459486
Epoch 27 Batch 7 | Loss: 0.526199
Epoch 27 Batch 8 | Loss: 0.446569
Epoch 27 Batch 9 | Loss: 0.489498
Epoch 27 Batch 10 | Loss: 0.484160
Epoch 27 Batch 11 | Loss: 0.462331
Epoch 27 Batch 12 | Loss: 0.489666
Epoch 27 Batch 13 | Loss: 0.468897
--- Epoch 27/30 | Loss: 0.4844 | Train Acc: 80.5% | Test Acc: 80.8% | CM: [TP:69, TN:70, FP:16, FN:17] | Progress: 90.0% | ETA: 1.5s ---
Epoch 28 Batch 1 | Loss: 0.459006 | Stats: min: -0.474, max: 0.411, mean: 0.031
Epoch 28 Batch 2 | Loss: 0.545415
Epoch 28 Batch 3 | Loss: 0.480010
Epoch 28 Batch 4 | Loss: 0.518536
Epoch 28 Batch 5 | Loss: 0.490286
Epoch 28 Batch 6 | Loss: 0.504522
Epoch 28 Batch 7 | Loss: 0.496301
Epoch 28 Batch 8 | Loss: 0.456034
Epoch 28 Batch 9 | Loss: 0.497860
Epoch 28 Batch 10 | Loss: 0.437045
Epoch 28 Batch 11 | Loss: 0.445156
Epoch 28 Batch 12 | Loss: 0.494014
Epoch 28 Batch 13 | Loss: 0.468979
--- Epoch 28/30 | Loss: 0.4841 | Train Acc: 80.5% | Test Acc: 81.4% | CM: [TP:70, TN:70, FP:16, FN:16] | Progress: 93.3% | ETA: 0.9s ---
Epoch 29 Batch 1 | Loss: 0.535665 | Stats: min: -0.462, max: 0.594, mean: 0.011
Epoch 29 Batch 2 | Loss: 0.418526
Epoch 29 Batch 3 | Loss: 0.507026
Epoch 29 Batch 4 | Loss: 0.449738
Epoch 29 Batch 5 | Loss: 0.517894
Epoch 29 Batch 6 | Loss: 0.449193
Epoch 29 Batch 7 | Loss: 0.480799
Epoch 29 Batch 8 | Loss: 0.455592
Epoch 29 Batch 9 | Loss: 0.558432
Epoch 29 Batch 10 | Loss: 0.469306
Epoch 29 Batch 11 | Loss: 0.470826
Epoch 29 Batch 12 | Loss: 0.529674
Epoch 29 Batch 13 | Loss: 0.416247
  [STABILITY] Plateau detected. Reducing Learning Rate to 0.001250
--- Epoch 29/30 | Loss: 0.4815 | Train Acc: 80.5% | Test Acc: 80.8% | CM: [TP:69, TN:70, FP:16, FN:17] | Progress: 96.7% | ETA: 0.5s ---
Epoch 30 Batch 1 | Loss: 0.485354 | Stats: min: -0.256, max: 0.710, mean: 0.296
Epoch 30 Batch 2 | Loss: 0.496261
Epoch 30 Batch 3 | Loss: 0.528927
Epoch 30 Batch 4 | Loss: 0.520776
Epoch 30 Batch 5 | Loss: 0.480025
Epoch 30 Batch 6 | Loss: 0.464617
Epoch 30 Batch 7 | Loss: 0.417254
Epoch 30 Batch 8 | Loss: 0.481177
Epoch 30 Batch 9 | Loss: 0.498461
Epoch 30 Batch 10 | Loss: 0.527919
Epoch 30 Batch 11 | Loss: 0.465593
Epoch 30 Batch 12 | Loss: 0.443861
Epoch 30 Batch 13 | Loss: 0.475341
--- Epoch 30/30 | Loss: 0.4835 | Train Acc: 80.5% | Test Acc: 80.8% | CM: [TP:69, TN:70, FP:16, FN:17] | Progress: 100.0% | ETA: 0.0s ---

Final Best Test Accuracy: 81.98%


Best Quantum Test Accuracy: 0.820
