DEBUG: Qtrainer enters train_pure_quantum_cnn. Encoding: amplitude
  Class Weights: +1 (Target): 1.00 | -1 (Rest): 1.00
Starting Training
==================================================
Epoch 1 Batch 1 | Loss: 0.649878 | Stats: min: -0.108, max: 0.052, mean: -0.018
Epoch 1 Batch 2 | Loss: 0.634729
Epoch 1 Batch 3 | Loss: 0.667180
Epoch 1 Batch 4 | Loss: 0.623528
Epoch 1 Batch 5 | Loss: 0.620068
Epoch 1 Batch 6 | Loss: 0.601638
Epoch 1 Batch 7 | Loss: 0.597826
Epoch 1 Batch 8 | Loss: 0.633433
Epoch 1 Batch 9 | Loss: 0.634407
Epoch 1 Batch 10 | Loss: 0.679269
Epoch 1 Batch 11 | Loss: 0.605481
Epoch 1 Batch 12 | Loss: 0.617865
Epoch 1 Batch 13 | Loss: 0.572593
  [STABILITY] Test accuracy improved: 0.00% -> 66.86% (via EMA). Saving best params.
--- Epoch 1/30 | Loss: 0.6260 | Train Acc: 70.0% | Test Acc: 66.9% | CM: [TP:36, TN:79, FP:7, FN:50] | Progress: 3.3% | ETA: 197.3s ---
Epoch 2 Batch 1 | Loss: 0.596480 | Stats: min: -0.080, max: 0.135, mean: 0.009
Epoch 2 Batch 2 | Loss: 0.591654
Epoch 2 Batch 3 | Loss: 0.566681
Epoch 2 Batch 4 | Loss: 0.522794
Epoch 2 Batch 5 | Loss: 0.549676
Epoch 2 Batch 6 | Loss: 0.635643
Epoch 2 Batch 7 | Loss: 0.604535
Epoch 2 Batch 8 | Loss: 0.576045
Epoch 2 Batch 9 | Loss: 0.577218
Epoch 2 Batch 10 | Loss: 0.574239
Epoch 2 Batch 11 | Loss: 0.649002
Epoch 2 Batch 12 | Loss: 0.554090
Epoch 2 Batch 13 | Loss: 0.586476
  [STABILITY] Test accuracy improved: 66.86% -> 69.19% (via EMA). Saving best params.
--- Epoch 2/30 | Loss: 0.5834 | Train Acc: 72.5% | Test Acc: 69.2% | CM: [TP:40, TN:79, FP:7, FN:46] | Progress: 6.7% | ETA: 94.5s ---
Epoch 3 Batch 1 | Loss: 0.550066 | Stats: min: -0.307, max: 0.199, mean: -0.091
Epoch 3 Batch 2 | Loss: 0.566059
Epoch 3 Batch 3 | Loss: 0.546046
Epoch 3 Batch 4 | Loss: 0.519681
Epoch 3 Batch 5 | Loss: 0.567639
Epoch 3 Batch 6 | Loss: 0.601794
Epoch 3 Batch 7 | Loss: 0.567013
Epoch 3 Batch 8 | Loss: 0.565022
Epoch 3 Batch 9 | Loss: 0.551551
Epoch 3 Batch 10 | Loss: 0.560171
Epoch 3 Batch 11 | Loss: 0.564057
Epoch 3 Batch 12 | Loss: 0.588613
Epoch 3 Batch 13 | Loss: 0.580369
  [STABILITY] Test accuracy improved: 69.19% -> 70.93% (via EMA). Saving best params.
--- Epoch 3/30 | Loss: 0.5637 | Train Acc: 74.5% | Test Acc: 70.9% | CM: [TP:43, TN:79, FP:7, FN:43] | Progress: 10.0% | ETA: 60.7s ---
Epoch 4 Batch 1 | Loss: 0.574232 | Stats: min: -0.185, max: 0.096, mean: -0.062
Epoch 4 Batch 2 | Loss: 0.583264
Epoch 4 Batch 3 | Loss: 0.574002
Epoch 4 Batch 4 | Loss: 0.574148
Epoch 4 Batch 5 | Loss: 0.494292
Epoch 4 Batch 6 | Loss: 0.551350
Epoch 4 Batch 7 | Loss: 0.500184
Epoch 4 Batch 8 | Loss: 0.519616
Epoch 4 Batch 9 | Loss: 0.567517
Epoch 4 Batch 10 | Loss: 0.581456
Epoch 4 Batch 11 | Loss: 0.518644
Epoch 4 Batch 12 | Loss: 0.575005
Epoch 4 Batch 13 | Loss: 0.499705
  [STABILITY] Test accuracy improved: 70.93% -> 73.84% (via EMA). Saving best params.
--- Epoch 4/30 | Loss: 0.5472 | Train Acc: 77.5% | Test Acc: 73.8% | CM: [TP:48, TN:79, FP:7, FN:38] | Progress: 13.3% | ETA: 43.4s ---
Epoch 5 Batch 1 | Loss: 0.523674 | Stats: min: -0.386, max: 0.184, mean: -0.073
Epoch 5 Batch 2 | Loss: 0.592966
Epoch 5 Batch 3 | Loss: 0.538819
Epoch 5 Batch 4 | Loss: 0.558706
Epoch 5 Batch 5 | Loss: 0.552133
Epoch 5 Batch 6 | Loss: 0.533108
Epoch 5 Batch 7 | Loss: 0.569231
Epoch 5 Batch 8 | Loss: 0.626186
Epoch 5 Batch 9 | Loss: 0.552957
Epoch 5 Batch 10 | Loss: 0.502482
Epoch 5 Batch 11 | Loss: 0.509752
Epoch 5 Batch 12 | Loss: 0.510587
Epoch 5 Batch 13 | Loss: 0.493047
  [STABILITY] Test accuracy improved: 73.84% -> 77.91% (via EMA). Saving best params.
--- Epoch 5/30 | Loss: 0.5434 | Train Acc: 78.0% | Test Acc: 77.9% | CM: [TP:55, TN:79, FP:7, FN:31] | Progress: 16.7% | ETA: 33.7s ---
Epoch 6 Batch 1 | Loss: 0.536926 | Stats: min: -0.344, max: -0.032, mean: -0.186
Epoch 6 Batch 2 | Loss: 0.585115
Epoch 6 Batch 3 | Loss: 0.551645
Epoch 6 Batch 4 | Loss: 0.580369
Epoch 6 Batch 5 | Loss: 0.541169
Epoch 6 Batch 6 | Loss: 0.516628
Epoch 6 Batch 7 | Loss: 0.538816
Epoch 6 Batch 8 | Loss: 0.527644
Epoch 6 Batch 9 | Loss: 0.522469
Epoch 6 Batch 10 | Loss: 0.550051
Epoch 6 Batch 11 | Loss: 0.483946
Epoch 6 Batch 12 | Loss: 0.546635
Epoch 6 Batch 13 | Loss: 0.500576
  [STABILITY] Test accuracy improved: 77.91% -> 79.07% (via EMA). Saving best params.
--- Epoch 6/30 | Loss: 0.5371 | Train Acc: 79.0% | Test Acc: 79.1% | CM: [TP:59, TN:77, FP:9, FN:27] | Progress: 20.0% | ETA: 26.7s ---
Epoch 7 Batch 1 | Loss: 0.590734 | Stats: min: -0.284, max: 0.301, mean: -0.013
Epoch 7 Batch 2 | Loss: 0.546686
Epoch 7 Batch 3 | Loss: 0.542529
Epoch 7 Batch 4 | Loss: 0.551599
Epoch 7 Batch 5 | Loss: 0.531856
Epoch 7 Batch 6 | Loss: 0.559221
Epoch 7 Batch 7 | Loss: 0.533975
Epoch 7 Batch 8 | Loss: 0.584505
Epoch 7 Batch 9 | Loss: 0.525730
Epoch 7 Batch 10 | Loss: 0.493494
Epoch 7 Batch 11 | Loss: 0.523846
Epoch 7 Batch 12 | Loss: 0.490924
Epoch 7 Batch 13 | Loss: 0.485860
  [STABILITY] Test accuracy improved: 79.07% -> 79.65% (via EMA). Saving best params.
--- Epoch 7/30 | Loss: 0.5355 | Train Acc: 80.5% | Test Acc: 79.7% | CM: [TP:61, TN:76, FP:10, FN:25] | Progress: 23.3% | ETA: 21.7s ---
Epoch 8 Batch 1 | Loss: 0.580586 | Stats: min: -0.455, max: -0.030, mean: -0.216
Epoch 8 Batch 2 | Loss: 0.531285
Epoch 8 Batch 3 | Loss: 0.519451
Epoch 8 Batch 4 | Loss: 0.550063
Epoch 8 Batch 5 | Loss: 0.554242
Epoch 8 Batch 6 | Loss: 0.497881
Epoch 8 Batch 7 | Loss: 0.526558
Epoch 8 Batch 8 | Loss: 0.532220
Epoch 8 Batch 9 | Loss: 0.513899
Epoch 8 Batch 10 | Loss: 0.513118
Epoch 8 Batch 11 | Loss: 0.511056
Epoch 8 Batch 12 | Loss: 0.518098
Epoch 8 Batch 13 | Loss: 0.598347
  [STABILITY] Test accuracy improved: 79.65% -> 80.81% (via EMA). Saving best params.
--- Epoch 8/30 | Loss: 0.5344 | Train Acc: 80.5% | Test Acc: 80.8% | CM: [TP:63, TN:76, FP:10, FN:23] | Progress: 26.7% | ETA: 18.5s ---
Epoch 9 Batch 1 | Loss: 0.551004 | Stats: min: -0.033, max: 0.263, mean: 0.158
Epoch 9 Batch 2 | Loss: 0.608632
Epoch 9 Batch 3 | Loss: 0.504154
Epoch 9 Batch 4 | Loss: 0.480336
Epoch 9 Batch 5 | Loss: 0.590993
Epoch 9 Batch 6 | Loss: 0.521216
Epoch 9 Batch 7 | Loss: 0.481514
Epoch 9 Batch 8 | Loss: 0.589411
Epoch 9 Batch 9 | Loss: 0.502968
Epoch 9 Batch 10 | Loss: 0.508458
Epoch 9 Batch 11 | Loss: 0.535679
Epoch 9 Batch 12 | Loss: 0.510153
Epoch 9 Batch 13 | Loss: 0.515423
--- Epoch 9/30 | Loss: 0.5308 | Train Acc: 81.5% | Test Acc: 80.2% | CM: [TP:62, TN:76, FP:10, FN:24] | Progress: 30.0% | ETA: 15.5s ---
Epoch 10 Batch 1 | Loss: 0.524903 | Stats: min: -0.331, max: 0.371, mean: 0.031
Epoch 10 Batch 2 | Loss: 0.526297
Epoch 10 Batch 3 | Loss: 0.535131
Epoch 10 Batch 4 | Loss: 0.524985
Epoch 10 Batch 5 | Loss: 0.580427
Epoch 10 Batch 6 | Loss: 0.478388
Epoch 10 Batch 7 | Loss: 0.581183
Epoch 10 Batch 8 | Loss: 0.540571
Epoch 10 Batch 9 | Loss: 0.503683
Epoch 10 Batch 10 | Loss: 0.557024
Epoch 10 Batch 11 | Loss: 0.511789
Epoch 10 Batch 12 | Loss: 0.473333
Epoch 10 Batch 13 | Loss: 0.474712
--- Epoch 10/30 | Loss: 0.5240 | Train Acc: 82.0% | Test Acc: 80.2% | CM: [TP:62, TN:76, FP:10, FN:24] | Progress: 33.3% | ETA: 13.4s ---
Epoch 11 Batch 1 | Loss: 0.531016 | Stats: min: -0.240, max: 0.154, mean: -0.064
Epoch 11 Batch 2 | Loss: 0.535326
Epoch 11 Batch 3 | Loss: 0.598847
Epoch 11 Batch 4 | Loss: 0.540320
Epoch 11 Batch 5 | Loss: 0.546255
Epoch 11 Batch 6 | Loss: 0.473867
Epoch 11 Batch 7 | Loss: 0.516411
Epoch 11 Batch 8 | Loss: 0.554849
Epoch 11 Batch 9 | Loss: 0.464028
Epoch 11 Batch 10 | Loss: 0.533908
Epoch 11 Batch 11 | Loss: 0.505410
Epoch 11 Batch 12 | Loss: 0.465149
Epoch 11 Batch 13 | Loss: 0.535465
  [STABILITY] Plateau detected. Reducing Learning Rate to 0.010000
--- Epoch 11/30 | Loss: 0.5231 | Train Acc: 82.0% | Test Acc: 79.7% | CM: [TP:61, TN:76, FP:10, FN:25] | Progress: 36.7% | ETA: 11.5s ---
Epoch 12 Batch 1 | Loss: 0.537429 | Stats: min: -0.272, max: -0.060, mean: -0.177
Epoch 12 Batch 2 | Loss: 0.521038
Epoch 12 Batch 3 | Loss: 0.537936
Epoch 12 Batch 4 | Loss: 0.545005
Epoch 12 Batch 5 | Loss: 0.479518
Epoch 12 Batch 6 | Loss: 0.472965
Epoch 12 Batch 7 | Loss: 0.565558
Epoch 12 Batch 8 | Loss: 0.467395
Epoch 12 Batch 9 | Loss: 0.567605
Epoch 12 Batch 10 | Loss: 0.555251
Epoch 12 Batch 11 | Loss: 0.487463
Epoch 12 Batch 12 | Loss: 0.518905
Epoch 12 Batch 13 | Loss: 0.442432
--- Epoch 12/30 | Loss: 0.5153 | Train Acc: 82.5% | Test Acc: 79.7% | CM: [TP:60, TN:77, FP:9, FN:26] | Progress: 40.0% | ETA: 10.2s ---
Epoch 13 Batch 1 | Loss: 0.511331 | Stats: min: -0.383, max: 0.312, mean: -0.095
Epoch 13 Batch 2 | Loss: 0.534914
Epoch 13 Batch 3 | Loss: 0.454223
Epoch 13 Batch 4 | Loss: 0.490665
Epoch 13 Batch 5 | Loss: 0.469377
Epoch 13 Batch 6 | Loss: 0.508750
Epoch 13 Batch 7 | Loss: 0.583141
Epoch 13 Batch 8 | Loss: 0.526661
Epoch 13 Batch 9 | Loss: 0.498169
Epoch 13 Batch 10 | Loss: 0.488023
Epoch 13 Batch 11 | Loss: 0.577679
Epoch 13 Batch 12 | Loss: 0.528609
Epoch 13 Batch 13 | Loss: 0.604973
--- Epoch 13/30 | Loss: 0.5213 | Train Acc: 82.5% | Test Acc: 79.7% | CM: [TP:60, TN:77, FP:9, FN:26] | Progress: 43.3% | ETA: 8.7s ---
Epoch 14 Batch 1 | Loss: 0.547098 | Stats: min: -0.064, max: 0.171, mean: 0.053
Epoch 14 Batch 2 | Loss: 0.490254
Epoch 14 Batch 3 | Loss: 0.521850
Epoch 14 Batch 4 | Loss: 0.472084
Epoch 14 Batch 5 | Loss: 0.525790
Epoch 14 Batch 6 | Loss: 0.597951
Epoch 14 Batch 7 | Loss: 0.489974
Epoch 14 Batch 8 | Loss: 0.512598
Epoch 14 Batch 9 | Loss: 0.522754
Epoch 14 Batch 10 | Loss: 0.527803
Epoch 14 Batch 11 | Loss: 0.490020
Epoch 14 Batch 12 | Loss: 0.528352
Epoch 14 Batch 13 | Loss: 0.443576
  [STABILITY] Plateau detected. Reducing Learning Rate to 0.005000
--- Epoch 14/30 | Loss: 0.5131 | Train Acc: 82.0% | Test Acc: 79.7% | CM: [TP:60, TN:77, FP:9, FN:26] | Progress: 46.7% | ETA: 7.5s ---
Epoch 15 Batch 1 | Loss: 0.472626 | Stats: min: 0.105, max: 0.354, mean: 0.267
Epoch 15 Batch 2 | Loss: 0.506949
Epoch 15 Batch 3 | Loss: 0.498225
Epoch 15 Batch 4 | Loss: 0.518376
Epoch 15 Batch 5 | Loss: 0.535292
Epoch 15 Batch 6 | Loss: 0.482005
Epoch 15 Batch 7 | Loss: 0.533954
Epoch 15 Batch 8 | Loss: 0.518572
Epoch 15 Batch 9 | Loss: 0.485407
Epoch 15 Batch 10 | Loss: 0.541709
Epoch 15 Batch 11 | Loss: 0.551638
Epoch 15 Batch 12 | Loss: 0.526978
Epoch 15 Batch 13 | Loss: 0.517322
--- Epoch 15/30 | Loss: 0.5145 | Train Acc: 82.5% | Test Acc: 80.2% | CM: [TP:61, TN:77, FP:9, FN:25] | Progress: 50.0% | ETA: 6.6s ---
Epoch 16 Batch 1 | Loss: 0.524753 | Stats: min: -0.351, max: -0.088, mean: -0.244
Epoch 16 Batch 2 | Loss: 0.504373
Epoch 16 Batch 3 | Loss: 0.520352
Epoch 16 Batch 4 | Loss: 0.514486
Epoch 16 Batch 5 | Loss: 0.515822
Epoch 16 Batch 6 | Loss: 0.509710
Epoch 16 Batch 7 | Loss: 0.512439
Epoch 16 Batch 8 | Loss: 0.519280
Epoch 16 Batch 9 | Loss: 0.476228
Epoch 16 Batch 10 | Loss: 0.547873
Epoch 16 Batch 11 | Loss: 0.506018
Epoch 16 Batch 12 | Loss: 0.513916
Epoch 16 Batch 13 | Loss: 0.530109
  [STABILITY] Test accuracy improved: 80.81% -> 81.40% (via EMA). Saving best params.
--- Epoch 16/30 | Loss: 0.5150 | Train Acc: 82.0% | Test Acc: 81.4% | CM: [TP:63, TN:77, FP:9, FN:23] | Progress: 53.3% | ETA: 5.8s ---
Epoch 17 Batch 1 | Loss: 0.542090 | Stats: min: -0.086, max: 0.564, mean: 0.123
Epoch 17 Batch 2 | Loss: 0.549947
Epoch 17 Batch 3 | Loss: 0.489797
Epoch 17 Batch 4 | Loss: 0.539768
Epoch 17 Batch 5 | Loss: 0.472379
Epoch 17 Batch 6 | Loss: 0.494863
Epoch 17 Batch 7 | Loss: 0.526441
Epoch 17 Batch 8 | Loss: 0.527102
Epoch 17 Batch 9 | Loss: 0.536345
Epoch 17 Batch 10 | Loss: 0.558382
Epoch 17 Batch 11 | Loss: 0.475810
Epoch 17 Batch 12 | Loss: 0.487729
Epoch 17 Batch 13 | Loss: 0.439961
--- Epoch 17/30 | Loss: 0.5108 | Train Acc: 82.0% | Test Acc: 81.4% | CM: [TP:63, TN:77, FP:9, FN:23] | Progress: 56.7% | ETA: 4.9s ---
Epoch 18 Batch 1 | Loss: 0.518848 | Stats: min: -0.429, max: 0.534, mean: -0.167
Epoch 18 Batch 2 | Loss: 0.468874
Epoch 18 Batch 3 | Loss: 0.557253
Epoch 18 Batch 4 | Loss: 0.456342
Epoch 18 Batch 5 | Loss: 0.546289
Epoch 18 Batch 6 | Loss: 0.547175
Epoch 18 Batch 7 | Loss: 0.497494
Epoch 18 Batch 8 | Loss: 0.438424
Epoch 18 Batch 9 | Loss: 0.509491
Epoch 18 Batch 10 | Loss: 0.551530
Epoch 18 Batch 11 | Loss: 0.502915
Epoch 18 Batch 12 | Loss: 0.530589
Epoch 18 Batch 13 | Loss: 0.595807
  [STABILITY] Test accuracy improved: 81.40% -> 83.72% (via EMA). Saving best params.
--- Epoch 18/30 | Loss: 0.5170 | Train Acc: 82.0% | Test Acc: 83.7% | CM: [TP:67, TN:77, FP:9, FN:19] | Progress: 60.0% | ETA: 4.2s ---
Epoch 19 Batch 1 | Loss: 0.508749 | Stats: min: -0.293, max: 0.354, mean: 0.028
Epoch 19 Batch 2 | Loss: 0.537750
Epoch 19 Batch 3 | Loss: 0.484757
Epoch 19 Batch 4 | Loss: 0.483960
Epoch 19 Batch 5 | Loss: 0.513842
Epoch 19 Batch 6 | Loss: 0.490488
Epoch 19 Batch 7 | Loss: 0.534710
Epoch 19 Batch 8 | Loss: 0.574869
Epoch 19 Batch 9 | Loss: 0.545657
Epoch 19 Batch 10 | Loss: 0.481066
Epoch 19 Batch 11 | Loss: 0.479931
Epoch 19 Batch 12 | Loss: 0.533076
Epoch 19 Batch 13 | Loss: 0.491312
--- Epoch 19/30 | Loss: 0.5123 | Train Acc: 82.0% | Test Acc: 82.0% | CM: [TP:64, TN:77, FP:9, FN:22] | Progress: 63.3% | ETA: 3.6s ---
Epoch 20 Batch 1 | Loss: 0.496970 | Stats: min: -0.398, max: 0.259, mean: -0.127
Epoch 20 Batch 2 | Loss: 0.521375
Epoch 20 Batch 3 | Loss: 0.571814
Epoch 20 Batch 4 | Loss: 0.551231
Epoch 20 Batch 5 | Loss: 0.512899
Epoch 20 Batch 6 | Loss: 0.476061
Epoch 20 Batch 7 | Loss: 0.483741
Epoch 20 Batch 8 | Loss: 0.534862
Epoch 20 Batch 9 | Loss: 0.520243
Epoch 20 Batch 10 | Loss: 0.515462
Epoch 20 Batch 11 | Loss: 0.498216
Epoch 20 Batch 12 | Loss: 0.515873
Epoch 20 Batch 13 | Loss: 0.411276
--- Epoch 20/30 | Loss: 0.5085 | Train Acc: 82.5% | Test Acc: 83.7% | CM: [TP:67, TN:77, FP:9, FN:19] | Progress: 66.7% | ETA: 3.3s ---
Epoch 21 Batch 1 | Loss: 0.552162 | Stats: min: -0.479, max: 0.026, mean: -0.128
Epoch 21 Batch 2 | Loss: 0.573756
Epoch 21 Batch 3 | Loss: 0.507569
Epoch 21 Batch 4 | Loss: 0.445829
Epoch 21 Batch 5 | Loss: 0.532979
Epoch 21 Batch 6 | Loss: 0.456479
Epoch 21 Batch 7 | Loss: 0.522093
Epoch 21 Batch 8 | Loss: 0.511744
Epoch 21 Batch 9 | Loss: 0.476939
Epoch 21 Batch 10 | Loss: 0.555032
Epoch 21 Batch 11 | Loss: 0.468398
Epoch 21 Batch 12 | Loss: 0.567404
Epoch 21 Batch 13 | Loss: 0.464799
  [STABILITY] Test accuracy improved: 83.72% -> 84.30% (via EMA). Saving best params.
--- Epoch 21/30 | Loss: 0.5104 | Train Acc: 82.5% | Test Acc: 84.3% | CM: [TP:67, TN:78, FP:8, FN:19] | Progress: 70.0% | ETA: 2.8s ---
Epoch 22 Batch 1 | Loss: 0.490942 | Stats: min: -0.232, max: 0.162, mean: -0.043
Epoch 22 Batch 2 | Loss: 0.496816
Epoch 22 Batch 3 | Loss: 0.528938
Epoch 22 Batch 4 | Loss: 0.484427
Epoch 22 Batch 5 | Loss: 0.551087
Epoch 22 Batch 6 | Loss: 0.578906
Epoch 22 Batch 7 | Loss: 0.526079
Epoch 22 Batch 8 | Loss: 0.419842
Epoch 22 Batch 9 | Loss: 0.547415
Epoch 22 Batch 10 | Loss: 0.429889
Epoch 22 Batch 11 | Loss: 0.522440
Epoch 22 Batch 12 | Loss: 0.529806
Epoch 22 Batch 13 | Loss: 0.600305
--- Epoch 22/30 | Loss: 0.5159 | Train Acc: 82.5% | Test Acc: 84.3% | CM: [TP:67, TN:78, FP:8, FN:19] | Progress: 73.3% | ETA: 2.4s ---
Epoch 23 Batch 1 | Loss: 0.502923 | Stats: min: -0.290, max: 0.378, mean: 0.041
Epoch 23 Batch 2 | Loss: 0.476389
Epoch 23 Batch 3 | Loss: 0.462840
Epoch 23 Batch 4 | Loss: 0.555255
Epoch 23 Batch 5 | Loss: 0.523436
Epoch 23 Batch 6 | Loss: 0.526454
Epoch 23 Batch 7 | Loss: 0.498322
Epoch 23 Batch 8 | Loss: 0.490723
Epoch 23 Batch 9 | Loss: 0.504782
Epoch 23 Batch 10 | Loss: 0.502710
Epoch 23 Batch 11 | Loss: 0.555502
Epoch 23 Batch 12 | Loss: 0.536921
Epoch 23 Batch 13 | Loss: 0.521350
--- Epoch 23/30 | Loss: 0.5121 | Train Acc: 83.0% | Test Acc: 84.3% | CM: [TP:67, TN:78, FP:8, FN:19] | Progress: 76.7% | ETA: 2.0s ---
Epoch 24 Batch 1 | Loss: 0.549081 | Stats: min: -0.493, max: 0.160, mean: -0.098
Epoch 24 Batch 2 | Loss: 0.498888
Epoch 24 Batch 3 | Loss: 0.505444
Epoch 24 Batch 4 | Loss: 0.510144
Epoch 24 Batch 5 | Loss: 0.577824
Epoch 24 Batch 6 | Loss: 0.511440
Epoch 24 Batch 7 | Loss: 0.532996
Epoch 24 Batch 8 | Loss: 0.489238
Epoch 24 Batch 9 | Loss: 0.507418
Epoch 24 Batch 10 | Loss: 0.455683
Epoch 24 Batch 11 | Loss: 0.509587
Epoch 24 Batch 12 | Loss: 0.508041
Epoch 24 Batch 13 | Loss: 0.478819
  [STABILITY] Test accuracy improved: 84.30% -> 84.88% (via EMA). Saving best params.
--- Epoch 24/30 | Loss: 0.5104 | Train Acc: 83.0% | Test Acc: 84.9% | CM: [TP:67, TN:79, FP:7, FN:19] | Progress: 80.0% | ETA: 1.7s ---
Epoch 25 Batch 1 | Loss: 0.499528 | Stats: min: -0.461, max: 0.218, mean: -0.079
Epoch 25 Batch 2 | Loss: 0.474947
Epoch 25 Batch 3 | Loss: 0.517789
Epoch 25 Batch 4 | Loss: 0.529556
Epoch 25 Batch 5 | Loss: 0.466366
Epoch 25 Batch 6 | Loss: 0.531838
Epoch 25 Batch 7 | Loss: 0.552715
Epoch 25 Batch 8 | Loss: 0.461572
Epoch 25 Batch 9 | Loss: 0.527853
Epoch 25 Batch 10 | Loss: 0.513509
Epoch 25 Batch 11 | Loss: 0.495974
Epoch 25 Batch 12 | Loss: 0.508576
Epoch 25 Batch 13 | Loss: 0.641527
--- Epoch 25/30 | Loss: 0.5171 | Train Acc: 82.0% | Test Acc: 83.1% | CM: [TP:64, TN:79, FP:7, FN:22] | Progress: 83.3% | ETA: 1.4s ---
Epoch 26 Batch 1 | Loss: 0.546276 | Stats: min: -0.052, max: 0.361, mean: 0.251
Epoch 26 Batch 2 | Loss: 0.494709
Epoch 26 Batch 3 | Loss: 0.497021
Epoch 26 Batch 4 | Loss: 0.473642
Epoch 26 Batch 5 | Loss: 0.528603
Epoch 26 Batch 6 | Loss: 0.563871
Epoch 26 Batch 7 | Loss: 0.515431
Epoch 26 Batch 8 | Loss: 0.532646
Epoch 26 Batch 9 | Loss: 0.512394
Epoch 26 Batch 10 | Loss: 0.505526
Epoch 26 Batch 11 | Loss: 0.492473
Epoch 26 Batch 12 | Loss: 0.480408
Epoch 26 Batch 13 | Loss: 0.492155
--- Epoch 26/30 | Loss: 0.5104 | Train Acc: 82.5% | Test Acc: 83.1% | CM: [TP:64, TN:79, FP:7, FN:22] | Progress: 86.7% | ETA: 1.0s ---
Epoch 27 Batch 1 | Loss: 0.497839 | Stats: min: -0.207, max: 0.431, mean: 0.116
Epoch 27 Batch 2 | Loss: 0.475201
Epoch 27 Batch 3 | Loss: 0.423822
Epoch 27 Batch 4 | Loss: 0.555306
Epoch 27 Batch 5 | Loss: 0.542210
Epoch 27 Batch 6 | Loss: 0.541983
Epoch 27 Batch 7 | Loss: 0.489391
Epoch 27 Batch 8 | Loss: 0.487613
Epoch 27 Batch 9 | Loss: 0.487960
Epoch 27 Batch 10 | Loss: 0.560621
Epoch 27 Batch 11 | Loss: 0.545398
Epoch 27 Batch 12 | Loss: 0.534700
Epoch 27 Batch 13 | Loss: 0.483220
  [STABILITY] Plateau detected. Reducing Learning Rate to 0.002500
--- Epoch 27/30 | Loss: 0.5096 | Train Acc: 82.5% | Test Acc: 82.6% | CM: [TP:63, TN:79, FP:7, FN:23] | Progress: 90.0% | ETA: 0.8s ---
Epoch 28 Batch 1 | Loss: 0.553876 | Stats: min: -0.584, max: 0.100, mean: -0.342
Epoch 28 Batch 2 | Loss: 0.517593
Epoch 28 Batch 3 | Loss: 0.479531
Epoch 28 Batch 4 | Loss: 0.560014
Epoch 28 Batch 5 | Loss: 0.462914
Epoch 28 Batch 6 | Loss: 0.485912
Epoch 28 Batch 7 | Loss: 0.528941
Epoch 28 Batch 8 | Loss: 0.498250
Epoch 28 Batch 9 | Loss: 0.482749
Epoch 28 Batch 10 | Loss: 0.481167
Epoch 28 Batch 11 | Loss: 0.532086
Epoch 28 Batch 12 | Loss: 0.494086
Epoch 28 Batch 13 | Loss: 0.611545
--- Epoch 28/30 | Loss: 0.5145 | Train Acc: 83.0% | Test Acc: 82.0% | CM: [TP:62, TN:79, FP:7, FN:24] | Progress: 93.3% | ETA: 0.5s ---
Epoch 29 Batch 1 | Loss: 0.521228 | Stats: min: -0.410, max: 0.301, mean: -0.067
Epoch 29 Batch 2 | Loss: 0.515366
Epoch 29 Batch 3 | Loss: 0.526684
Epoch 29 Batch 4 | Loss: 0.522353
Epoch 29 Batch 5 | Loss: 0.550258
Epoch 29 Batch 6 | Loss: 0.501433
Epoch 29 Batch 7 | Loss: 0.505474
Epoch 29 Batch 8 | Loss: 0.516714
Epoch 29 Batch 9 | Loss: 0.512267
Epoch 29 Batch 10 | Loss: 0.481048
Epoch 29 Batch 11 | Loss: 0.476391
Epoch 29 Batch 12 | Loss: 0.522816
Epoch 29 Batch 13 | Loss: 0.446407
--- Epoch 29/30 | Loss: 0.5076 | Train Acc: 83.0% | Test Acc: 82.6% | CM: [TP:63, TN:79, FP:7, FN:23] | Progress: 96.7% | ETA: 0.2s ---
Epoch 30 Batch 1 | Loss: 0.497315 | Stats: min: -0.520, max: 0.199, mean: -0.121
Epoch 30 Batch 2 | Loss: 0.550036
Epoch 30 Batch 3 | Loss: 0.535448
Epoch 30 Batch 4 | Loss: 0.503800
Epoch 30 Batch 5 | Loss: 0.491916
Epoch 30 Batch 6 | Loss: 0.498061
Epoch 30 Batch 7 | Loss: 0.517085
Epoch 30 Batch 8 | Loss: 0.529228
Epoch 30 Batch 9 | Loss: 0.490998
Epoch 30 Batch 10 | Loss: 0.529538
Epoch 30 Batch 11 | Loss: 0.484734
Epoch 30 Batch 12 | Loss: 0.485614
Epoch 30 Batch 13 | Loss: 0.524251
  [STABILITY] Plateau detected. Reducing Learning Rate to 0.001250
--- Epoch 30/30 | Loss: 0.5106 | Train Acc: 83.0% | Test Acc: 82.6% | CM: [TP:63, TN:79, FP:7, FN:23] | Progress: 100.0% | ETA: 0.0s ---

Final Best Test Accuracy: 84.88%


Best Quantum Test Accuracy: 0.849
