DEBUG: Qtrainer enters train_pure_quantum_cnn. Encoding: amplitude
  Class Weights: +1 (Target): 1.00 | -1 (Rest): 1.00
Starting Training
==================================================
Epoch 1 Batch 1 | Loss: 0.822915 | Stats: min: -0.297, max: -0.188, mean: -0.251
Epoch 1 Batch 2 | Loss: 0.697633
Epoch 1 Batch 3 | Loss: 0.732181
Epoch 1 Batch 4 | Loss: 0.702081
Epoch 1 Batch 5 | Loss: 0.704989
Epoch 1 Batch 6 | Loss: 0.643522
Epoch 1 Batch 7 | Loss: 0.688783
Epoch 1 Batch 8 | Loss: 0.657323
Epoch 1 Batch 9 | Loss: 0.672584
Epoch 1 Batch 10 | Loss: 0.647381
Epoch 1 Batch 11 | Loss: 0.658441
Epoch 1 Batch 12 | Loss: 0.680923
Epoch 1 Batch 13 | Loss: 0.617344
  [STABILITY] Test accuracy improved: 0.00% -> 48.26% (via EMA). Saving best params.
--- Epoch 1/30 | Loss: 0.6866 | Train Acc: 46.5% | Test Acc: 48.3% | CM: [TP:0, TN:83, FP:3, FN:86] | Progress: 3.3% | ETA: 151.6s ---
Epoch 2 Batch 1 | Loss: 0.650090 | Stats: min: -0.036, max: 0.240, mean: 0.159
Epoch 2 Batch 2 | Loss: 0.620925
Epoch 2 Batch 3 | Loss: 0.641423
Epoch 2 Batch 4 | Loss: 0.646252
Epoch 2 Batch 5 | Loss: 0.630306
Epoch 2 Batch 6 | Loss: 0.581747
Epoch 2 Batch 7 | Loss: 0.657476
Epoch 2 Batch 8 | Loss: 0.663476
Epoch 2 Batch 9 | Loss: 0.657480
Epoch 2 Batch 10 | Loss: 0.656863
Epoch 2 Batch 11 | Loss: 0.668510
Epoch 2 Batch 12 | Loss: 0.636515
Epoch 2 Batch 13 | Loss: 0.624090
--- Epoch 2/30 | Loss: 0.6412 | Train Acc: 46.5% | Test Acc: 47.7% | CM: [TP:0, TN:82, FP:4, FN:86] | Progress: 6.7% | ETA: 56.1s ---
Epoch 3 Batch 1 | Loss: 0.590039 | Stats: min: -0.324, max: 0.222, mean: -0.046
Epoch 3 Batch 2 | Loss: 0.604662
Epoch 3 Batch 3 | Loss: 0.617576
Epoch 3 Batch 4 | Loss: 0.590825
Epoch 3 Batch 5 | Loss: 0.654990
Epoch 3 Batch 6 | Loss: 0.631181
Epoch 3 Batch 7 | Loss: 0.660781
Epoch 3 Batch 8 | Loss: 0.595961
Epoch 3 Batch 9 | Loss: 0.618797
Epoch 3 Batch 10 | Loss: 0.600669
Epoch 3 Batch 11 | Loss: 0.617791
Epoch 3 Batch 12 | Loss: 0.586739
Epoch 3 Batch 13 | Loss: 0.661876
--- Epoch 3/30 | Loss: 0.6178 | Train Acc: 46.5% | Test Acc: 47.7% | CM: [TP:0, TN:82, FP:4, FN:86] | Progress: 10.0% | ETA: 34.0s ---
Epoch 4 Batch 1 | Loss: 0.638388 | Stats: min: -0.125, max: 0.285, mean: 0.072
Epoch 4 Batch 2 | Loss: 0.609854
Epoch 4 Batch 3 | Loss: 0.635505
Epoch 4 Batch 4 | Loss: 0.613923
Epoch 4 Batch 5 | Loss: 0.610022
Epoch 4 Batch 6 | Loss: 0.555452
Epoch 4 Batch 7 | Loss: 0.549891
Epoch 4 Batch 8 | Loss: 0.617350
Epoch 4 Batch 9 | Loss: 0.630962
Epoch 4 Batch 10 | Loss: 0.594211
Epoch 4 Batch 11 | Loss: 0.566117
Epoch 4 Batch 12 | Loss: 0.563926
Epoch 4 Batch 13 | Loss: 0.628013
  [STABILITY] Plateau detected. Reducing Learning Rate to 0.010000
--- Epoch 4/30 | Loss: 0.6010 | Train Acc: 49.0% | Test Acc: 47.7% | CM: [TP:1, TN:81, FP:5, FN:85] | Progress: 13.3% | ETA: 24.7s ---
Epoch 5 Batch 1 | Loss: 0.647348 | Stats: min: -0.305, max: 0.162, mean: -0.094
Epoch 5 Batch 2 | Loss: 0.577797
Epoch 5 Batch 3 | Loss: 0.594832
Epoch 5 Batch 4 | Loss: 0.584175
Epoch 5 Batch 5 | Loss: 0.632981
Epoch 5 Batch 6 | Loss: 0.594015
Epoch 5 Batch 7 | Loss: 0.605727
Epoch 5 Batch 8 | Loss: 0.590835
Epoch 5 Batch 9 | Loss: 0.590201
Epoch 5 Batch 10 | Loss: 0.561571
Epoch 5 Batch 11 | Loss: 0.610364
Epoch 5 Batch 12 | Loss: 0.539496
Epoch 5 Batch 13 | Loss: 0.550597
  [STABILITY] Test accuracy improved: 48.26% -> 60.47% (via EMA). Saving best params.
--- Epoch 5/30 | Loss: 0.5908 | Train Acc: 57.5% | Test Acc: 60.5% | CM: [TP:24, TN:80, FP:6, FN:62] | Progress: 16.7% | ETA: 29.5s ---
Epoch 6 Batch 1 | Loss: 0.589684 | Stats: min: -0.302, max: 0.270, mean: -0.140
Epoch 6 Batch 2 | Loss: 0.532633
Epoch 6 Batch 3 | Loss: 0.633956
Epoch 6 Batch 4 | Loss: 0.610535
Epoch 6 Batch 5 | Loss: 0.544267
Epoch 6 Batch 6 | Loss: 0.593466
Epoch 6 Batch 7 | Loss: 0.568011
Epoch 6 Batch 8 | Loss: 0.667658
Epoch 6 Batch 9 | Loss: 0.555964
Epoch 6 Batch 10 | Loss: 0.608206
Epoch 6 Batch 11 | Loss: 0.609816
Epoch 6 Batch 12 | Loss: 0.533033
Epoch 6 Batch 13 | Loss: 0.551463
  [STABILITY] Test accuracy improved: 60.47% -> 65.12% (via EMA). Saving best params.
--- Epoch 6/30 | Loss: 0.5845 | Train Acc: 66.0% | Test Acc: 65.1% | CM: [TP:43, TN:69, FP:17, FN:43] | Progress: 20.0% | ETA: 16.3s ---
Epoch 7 Batch 1 | Loss: 0.558591 | Stats: min: -0.460, max: 0.277, mean: -0.079
Epoch 7 Batch 2 | Loss: 0.615083
Epoch 7 Batch 3 | Loss: 0.593404
Epoch 7 Batch 4 | Loss: 0.640606
Epoch 7 Batch 5 | Loss: 0.554574
Epoch 7 Batch 6 | Loss: 0.578376
Epoch 7 Batch 7 | Loss: 0.540551
Epoch 7 Batch 8 | Loss: 0.580980
Epoch 7 Batch 9 | Loss: 0.548499
Epoch 7 Batch 10 | Loss: 0.601837
Epoch 7 Batch 11 | Loss: 0.575146
Epoch 7 Batch 12 | Loss: 0.590661
Epoch 7 Batch 13 | Loss: 0.605838
  [STABILITY] Test accuracy improved: 65.12% -> 69.77% (via EMA). Saving best params.
--- Epoch 7/30 | Loss: 0.5834 | Train Acc: 71.5% | Test Acc: 69.8% | CM: [TP:58, TN:62, FP:24, FN:28] | Progress: 23.3% | ETA: 13.0s ---
Epoch 8 Batch 1 | Loss: 0.586913 | Stats: min: -0.133, max: 0.293, mean: 0.092
Epoch 8 Batch 2 | Loss: 0.614482
Epoch 8 Batch 3 | Loss: 0.549918
Epoch 8 Batch 4 | Loss: 0.535005
Epoch 8 Batch 5 | Loss: 0.596021
Epoch 8 Batch 6 | Loss: 0.612493
Epoch 8 Batch 7 | Loss: 0.528053
Epoch 8 Batch 8 | Loss: 0.593521
Epoch 8 Batch 9 | Loss: 0.581174
Epoch 8 Batch 10 | Loss: 0.569734
Epoch 8 Batch 11 | Loss: 0.576980
Epoch 8 Batch 12 | Loss: 0.593990
Epoch 8 Batch 13 | Loss: 0.563118
  [STABILITY] Test accuracy improved: 69.77% -> 72.09% (via EMA). Saving best params.
--- Epoch 8/30 | Loss: 0.5770 | Train Acc: 73.5% | Test Acc: 72.1% | CM: [TP:64, TN:60, FP:26, FN:22] | Progress: 26.7% | ETA: 10.8s ---
Epoch 9 Batch 1 | Loss: 0.561660 | Stats: min: -0.376, max: 0.470, mean: 0.040
Epoch 9 Batch 2 | Loss: 0.555285
Epoch 9 Batch 3 | Loss: 0.560731
Epoch 9 Batch 4 | Loss: 0.640365
Epoch 9 Batch 5 | Loss: 0.634204
Epoch 9 Batch 6 | Loss: 0.558875
Epoch 9 Batch 7 | Loss: 0.573346
Epoch 9 Batch 8 | Loss: 0.507755
Epoch 9 Batch 9 | Loss: 0.538929
Epoch 9 Batch 10 | Loss: 0.577764
Epoch 9 Batch 11 | Loss: 0.612586
Epoch 9 Batch 12 | Loss: 0.571136
Epoch 9 Batch 13 | Loss: 0.565202
--- Epoch 9/30 | Loss: 0.5737 | Train Acc: 72.0% | Test Acc: 70.3% | CM: [TP:64, TN:57, FP:29, FN:22] | Progress: 30.0% | ETA: 9.2s ---
Epoch 10 Batch 1 | Loss: 0.567378 | Stats: min: -0.343, max: 0.345, mean: -0.055
Epoch 10 Batch 2 | Loss: 0.617275
Epoch 10 Batch 3 | Loss: 0.512197
Epoch 10 Batch 4 | Loss: 0.539136
Epoch 10 Batch 5 | Loss: 0.601371
Epoch 10 Batch 6 | Loss: 0.599335
Epoch 10 Batch 7 | Loss: 0.534423
Epoch 10 Batch 8 | Loss: 0.655564
Epoch 10 Batch 9 | Loss: 0.583515
Epoch 10 Batch 10 | Loss: 0.565303
Epoch 10 Batch 11 | Loss: 0.545911
Epoch 10 Batch 12 | Loss: 0.523722
Epoch 10 Batch 13 | Loss: 0.582355
--- Epoch 10/30 | Loss: 0.5713 | Train Acc: 73.5% | Test Acc: 71.5% | CM: [TP:66, TN:57, FP:29, FN:20] | Progress: 33.3% | ETA: 7.7s ---
Epoch 11 Batch 1 | Loss: 0.576953 | Stats: min: -0.450, max: 0.497, mean: 0.124
Epoch 11 Batch 2 | Loss: 0.562695
Epoch 11 Batch 3 | Loss: 0.554105
Epoch 11 Batch 4 | Loss: 0.561414
Epoch 11 Batch 5 | Loss: 0.529397
Epoch 11 Batch 6 | Loss: 0.616612
Epoch 11 Batch 7 | Loss: 0.628637
Epoch 11 Batch 8 | Loss: 0.543655
Epoch 11 Batch 9 | Loss: 0.601382
Epoch 11 Batch 10 | Loss: 0.535646
Epoch 11 Batch 11 | Loss: 0.575460
Epoch 11 Batch 12 | Loss: 0.540364
Epoch 11 Batch 13 | Loss: 0.604757
  [STABILITY] Plateau detected. Reducing Learning Rate to 0.005000
--- Epoch 11/30 | Loss: 0.5716 | Train Acc: 73.5% | Test Acc: 72.1% | CM: [TP:67, TN:57, FP:29, FN:19] | Progress: 36.7% | ETA: 6.8s ---
Epoch 12 Batch 1 | Loss: 0.603449 | Stats: min: -0.522, max: 0.299, mean: -0.130
Epoch 12 Batch 2 | Loss: 0.596818
Epoch 12 Batch 3 | Loss: 0.545856
Epoch 12 Batch 4 | Loss: 0.582512
Epoch 12 Batch 5 | Loss: 0.568262
Epoch 12 Batch 6 | Loss: 0.575539
Epoch 12 Batch 7 | Loss: 0.575647
Epoch 12 Batch 8 | Loss: 0.527864
Epoch 12 Batch 9 | Loss: 0.548801
Epoch 12 Batch 10 | Loss: 0.576837
Epoch 12 Batch 11 | Loss: 0.549285
Epoch 12 Batch 12 | Loss: 0.568159
Epoch 12 Batch 13 | Loss: 0.591478
--- Epoch 12/30 | Loss: 0.5700 | Train Acc: 74.0% | Test Acc: 71.5% | CM: [TP:68, TN:55, FP:31, FN:18] | Progress: 40.0% | ETA: 6.8s ---
Epoch 13 Batch 1 | Loss: 0.520241 | Stats: min: -0.232, max: 0.466, mean: 0.136
Epoch 13 Batch 2 | Loss: 0.615753
Epoch 13 Batch 3 | Loss: 0.507969
Epoch 13 Batch 4 | Loss: 0.562570
Epoch 13 Batch 5 | Loss: 0.563530
Epoch 13 Batch 6 | Loss: 0.542299
Epoch 13 Batch 7 | Loss: 0.595538
Epoch 13 Batch 8 | Loss: 0.585152
Epoch 13 Batch 9 | Loss: 0.579283
Epoch 13 Batch 10 | Loss: 0.562630
Epoch 13 Batch 11 | Loss: 0.617752
Epoch 13 Batch 12 | Loss: 0.525086
Epoch 13 Batch 13 | Loss: 0.658347
--- Epoch 13/30 | Loss: 0.5720 | Train Acc: 74.0% | Test Acc: 69.8% | CM: [TP:68, TN:52, FP:34, FN:18] | Progress: 43.3% | ETA: 6.4s ---
Epoch 14 Batch 1 | Loss: 0.588273 | Stats: min: -0.393, max: 0.409, mean: 0.195
Epoch 14 Batch 2 | Loss: 0.565362
Epoch 14 Batch 3 | Loss: 0.662571
Epoch 14 Batch 4 | Loss: 0.556752
Epoch 14 Batch 5 | Loss: 0.537854
Epoch 14 Batch 6 | Loss: 0.605151
Epoch 14 Batch 7 | Loss: 0.567647
Epoch 14 Batch 8 | Loss: 0.560187
Epoch 14 Batch 9 | Loss: 0.528713
Epoch 14 Batch 10 | Loss: 0.582827
Epoch 14 Batch 11 | Loss: 0.540224
Epoch 14 Batch 12 | Loss: 0.572225
Epoch 14 Batch 13 | Loss: 0.474212
  [STABILITY] Plateau detected. Reducing Learning Rate to 0.002500
--- Epoch 14/30 | Loss: 0.5648 | Train Acc: 72.5% | Test Acc: 69.2% | CM: [TP:69, TN:50, FP:36, FN:17] | Progress: 46.7% | ETA: 4.6s ---
Epoch 15 Batch 1 | Loss: 0.589705 | Stats: min: -0.521, max: 0.386, mean: 0.053
Epoch 15 Batch 2 | Loss: 0.614372
Epoch 15 Batch 3 | Loss: 0.538896
Epoch 15 Batch 4 | Loss: 0.532080
Epoch 15 Batch 5 | Loss: 0.552121
Epoch 15 Batch 6 | Loss: 0.561694
Epoch 15 Batch 7 | Loss: 0.583120
Epoch 15 Batch 8 | Loss: 0.557787
Epoch 15 Batch 9 | Loss: 0.561716
Epoch 15 Batch 10 | Loss: 0.600025
Epoch 15 Batch 11 | Loss: 0.590205
Epoch 15 Batch 12 | Loss: 0.553182
Epoch 15 Batch 13 | Loss: 0.516025
--- Epoch 15/30 | Loss: 0.5655 | Train Acc: 73.0% | Test Acc: 68.6% | CM: [TP:69, TN:49, FP:37, FN:17] | Progress: 50.0% | ETA: 5.7s ---
Epoch 16 Batch 1 | Loss: 0.577171 | Stats: min: -0.446, max: 0.319, mean: -0.137
Epoch 16 Batch 2 | Loss: 0.572770
Epoch 16 Batch 3 | Loss: 0.595001
Epoch 16 Batch 4 | Loss: 0.635067
Epoch 16 Batch 5 | Loss: 0.465733
Epoch 16 Batch 6 | Loss: 0.559917
Epoch 16 Batch 7 | Loss: 0.583099
Epoch 16 Batch 8 | Loss: 0.554093
Epoch 16 Batch 9 | Loss: 0.536814
Epoch 16 Batch 10 | Loss: 0.624357
Epoch 16 Batch 11 | Loss: 0.550596
Epoch 16 Batch 12 | Loss: 0.568857
Epoch 16 Batch 13 | Loss: 0.527183
--- Epoch 16/30 | Loss: 0.5654 | Train Acc: 73.0% | Test Acc: 69.2% | CM: [TP:70, TN:49, FP:37, FN:16] | Progress: 53.3% | ETA: 5.2s ---
Epoch 17 Batch 1 | Loss: 0.553609 | Stats: min: -0.440, max: 0.374, mean: 0.045
Epoch 17 Batch 2 | Loss: 0.550021
Epoch 17 Batch 3 | Loss: 0.534014
Epoch 17 Batch 4 | Loss: 0.523573
Epoch 17 Batch 5 | Loss: 0.561117
Epoch 17 Batch 6 | Loss: 0.595013
Epoch 17 Batch 7 | Loss: 0.539399
Epoch 17 Batch 8 | Loss: 0.566361
Epoch 17 Batch 9 | Loss: 0.612672
Epoch 17 Batch 10 | Loss: 0.666320
Epoch 17 Batch 11 | Loss: 0.516793
Epoch 17 Batch 12 | Loss: 0.628608
Epoch 17 Batch 13 | Loss: 0.474553
  [STABILITY] Plateau detected. Reducing Learning Rate to 0.001250
--- Epoch 17/30 | Loss: 0.5632 | Train Acc: 72.5% | Test Acc: 69.2% | CM: [TP:70, TN:49, FP:37, FN:16] | Progress: 56.7% | ETA: 3.0s ---
Epoch 18 Batch 1 | Loss: 0.616369 | Stats: min: 0.029, max: 0.219, mean: 0.152
Epoch 18 Batch 2 | Loss: 0.634178
Epoch 18 Batch 3 | Loss: 0.537135
Epoch 18 Batch 4 | Loss: 0.564180
Epoch 18 Batch 5 | Loss: 0.566546
Epoch 18 Batch 6 | Loss: 0.541385
Epoch 18 Batch 7 | Loss: 0.530384
Epoch 18 Batch 8 | Loss: 0.522552
Epoch 18 Batch 9 | Loss: 0.594729
Epoch 18 Batch 10 | Loss: 0.554906
Epoch 18 Batch 11 | Loss: 0.592745
Epoch 18 Batch 12 | Loss: 0.518190
Epoch 18 Batch 13 | Loss: 0.628505
--- Epoch 18/30 | Loss: 0.5694 | Train Acc: 72.5% | Test Acc: 68.6% | CM: [TP:70, TN:48, FP:38, FN:16] | Progress: 60.0% | ETA: 3.9s ---
Epoch 19 Batch 1 | Loss: 0.568845 | Stats: min: -0.208, max: 0.332, mean: 0.038
Epoch 19 Batch 2 | Loss: 0.586253
Epoch 19 Batch 3 | Loss: 0.522302
Epoch 19 Batch 4 | Loss: 0.567497
Epoch 19 Batch 5 | Loss: 0.540679
Epoch 19 Batch 6 | Loss: 0.581578
Epoch 19 Batch 7 | Loss: 0.611391
Epoch 19 Batch 8 | Loss: 0.556939
Epoch 19 Batch 9 | Loss: 0.550290
Epoch 19 Batch 10 | Loss: 0.549255
Epoch 19 Batch 11 | Loss: 0.629504
Epoch 19 Batch 12 | Loss: 0.534224
Epoch 19 Batch 13 | Loss: 0.569999
--- Epoch 19/30 | Loss: 0.5668 | Train Acc: 72.5% | Test Acc: 67.4% | CM: [TP:69, TN:47, FP:39, FN:17] | Progress: 63.3% | ETA: 3.4s ---
Epoch 20 Batch 1 | Loss: 0.560942 | Stats: min: -0.370, max: 0.255, mean: 0.037
Epoch 20 Batch 2 | Loss: 0.626585
Epoch 20 Batch 3 | Loss: 0.583636
Epoch 20 Batch 4 | Loss: 0.559178
Epoch 20 Batch 5 | Loss: 0.572055
Epoch 20 Batch 6 | Loss: 0.633981
Epoch 20 Batch 7 | Loss: 0.586586
Epoch 20 Batch 8 | Loss: 0.575476
Epoch 20 Batch 9 | Loss: 0.571895
Epoch 20 Batch 10 | Loss: 0.569522
Epoch 20 Batch 11 | Loss: 0.476919
Epoch 20 Batch 12 | Loss: 0.503622
Epoch 20 Batch 13 | Loss: 0.525740
  [STABILITY] Plateau detected. Reducing Learning Rate to 0.000625
--- Epoch 20/30 | Loss: 0.5651 | Train Acc: 72.5% | Test Acc: 68.0% | CM: [TP:70, TN:47, FP:39, FN:16] | Progress: 66.7% | ETA: 2.3s ---
Epoch 21 Batch 1 | Loss: 0.521922 | Stats: min: -0.461, max: 0.303, mean: -0.034
Epoch 21 Batch 2 | Loss: 0.616503
Epoch 21 Batch 3 | Loss: 0.532694
Epoch 21 Batch 4 | Loss: 0.564430
Epoch 21 Batch 5 | Loss: 0.497879
Epoch 21 Batch 6 | Loss: 0.595839
Epoch 21 Batch 7 | Loss: 0.529872
Epoch 21 Batch 8 | Loss: 0.553129
Epoch 21 Batch 9 | Loss: 0.617467
Epoch 21 Batch 10 | Loss: 0.551409
Epoch 21 Batch 11 | Loss: 0.632912
Epoch 21 Batch 12 | Loss: 0.582765
Epoch 21 Batch 13 | Loss: 0.568056
--- Epoch 21/30 | Loss: 0.5665 | Train Acc: 72.0% | Test Acc: 68.0% | CM: [TP:70, TN:47, FP:39, FN:16] | Progress: 70.0% | ETA: 2.7s ---
Epoch 22 Batch 1 | Loss: 0.550585 | Stats: min: -0.327, max: 0.351, mean: 0.067
Epoch 22 Batch 2 | Loss: 0.590563
Epoch 22 Batch 3 | Loss: 0.529830
Epoch 22 Batch 4 | Loss: 0.518825
Epoch 22 Batch 5 | Loss: 0.594229
Epoch 22 Batch 6 | Loss: 0.516714
Epoch 22 Batch 7 | Loss: 0.560915
Epoch 22 Batch 8 | Loss: 0.544004
Epoch 22 Batch 9 | Loss: 0.653389
Epoch 22 Batch 10 | Loss: 0.617033
Epoch 22 Batch 11 | Loss: 0.616208
Epoch 22 Batch 12 | Loss: 0.521754
Epoch 22 Batch 13 | Loss: 0.528499
--- Epoch 22/30 | Loss: 0.5648 | Train Acc: 72.0% | Test Acc: 68.0% | CM: [TP:70, TN:47, FP:39, FN:16] | Progress: 73.3% | ETA: 2.7s ---
Epoch 23 Batch 1 | Loss: 0.555669 | Stats: min: -0.338, max: 0.358, mean: 0.052
Epoch 23 Batch 2 | Loss: 0.554047
Epoch 23 Batch 3 | Loss: 0.581883
Epoch 23 Batch 4 | Loss: 0.533098
Epoch 23 Batch 5 | Loss: 0.571654
Epoch 23 Batch 6 | Loss: 0.589307
Epoch 23 Batch 7 | Loss: 0.587263
Epoch 23 Batch 8 | Loss: 0.559352
Epoch 23 Batch 9 | Loss: 0.593721
Epoch 23 Batch 10 | Loss: 0.535718
Epoch 23 Batch 11 | Loss: 0.542252
Epoch 23 Batch 12 | Loss: 0.566260
Epoch 23 Batch 13 | Loss: 0.620291
  [STABILITY] Plateau detected. Reducing Learning Rate to 0.000313
--- Epoch 23/30 | Loss: 0.5685 | Train Acc: 72.0% | Test Acc: 68.0% | CM: [TP:71, TN:46, FP:40, FN:15] | Progress: 76.7% | ETA: 2.3s ---
Epoch 24 Batch 1 | Loss: 0.550978 | Stats: min: -0.164, max: 0.405, mean: 0.085
Epoch 24 Batch 2 | Loss: 0.548591
Epoch 24 Batch 3 | Loss: 0.560874
Epoch 24 Batch 4 | Loss: 0.620901
Epoch 24 Batch 5 | Loss: 0.587531
Epoch 24 Batch 6 | Loss: 0.588184
Epoch 24 Batch 7 | Loss: 0.608414
Epoch 24 Batch 8 | Loss: 0.542508
Epoch 24 Batch 9 | Loss: 0.535070
Epoch 24 Batch 10 | Loss: 0.536048
Epoch 24 Batch 11 | Loss: 0.591800
Epoch 24 Batch 12 | Loss: 0.555509
Epoch 24 Batch 13 | Loss: 0.499731
--- Epoch 24/30 | Loss: 0.5635 | Train Acc: 71.5% | Test Acc: 67.4% | CM: [TP:71, TN:45, FP:41, FN:15] | Progress: 80.0% | ETA: 1.9s ---
Epoch 25 Batch 1 | Loss: 0.563407 | Stats: min: -0.336, max: 0.421, mean: 0.117
Epoch 25 Batch 2 | Loss: 0.629510
Epoch 25 Batch 3 | Loss: 0.574249
Epoch 25 Batch 4 | Loss: 0.591525
Epoch 25 Batch 5 | Loss: 0.562529
Epoch 25 Batch 6 | Loss: 0.574026
Epoch 25 Batch 7 | Loss: 0.548864
Epoch 25 Batch 8 | Loss: 0.557836
Epoch 25 Batch 9 | Loss: 0.469489
Epoch 25 Batch 10 | Loss: 0.594395
Epoch 25 Batch 11 | Loss: 0.523205
Epoch 25 Batch 12 | Loss: 0.561088
Epoch 25 Batch 13 | Loss: 0.663246
--- Epoch 25/30 | Loss: 0.5703 | Train Acc: 71.5% | Test Acc: 66.9% | CM: [TP:70, TN:45, FP:41, FN:16] | Progress: 83.3% | ETA: 1.5s ---
Epoch 26 Batch 1 | Loss: 0.609586 | Stats: min: -0.009, max: 0.425, mean: 0.232
Epoch 26 Batch 2 | Loss: 0.608187
Epoch 26 Batch 3 | Loss: 0.508047
Epoch 26 Batch 4 | Loss: 0.599575
Epoch 26 Batch 5 | Loss: 0.595156
Epoch 26 Batch 6 | Loss: 0.578880
Epoch 26 Batch 7 | Loss: 0.601648
Epoch 26 Batch 8 | Loss: 0.553794
Epoch 26 Batch 9 | Loss: 0.522154
Epoch 26 Batch 10 | Loss: 0.492662
Epoch 26 Batch 11 | Loss: 0.601511
Epoch 26 Batch 12 | Loss: 0.520731
Epoch 26 Batch 13 | Loss: 0.571748
  [STABILITY] Plateau detected. Reducing Learning Rate to 0.000156
--- Epoch 26/30 | Loss: 0.5664 | Train Acc: 72.0% | Test Acc: 66.9% | CM: [TP:70, TN:45, FP:41, FN:16] | Progress: 86.7% | ETA: 1.2s ---
Epoch 27 Batch 1 | Loss: 0.584215 | Stats: min: -0.433, max: 0.361, mean: 0.051
Epoch 27 Batch 2 | Loss: 0.646279
Epoch 27 Batch 3 | Loss: 0.603891
Epoch 27 Batch 4 | Loss: 0.530384
Epoch 27 Batch 5 | Loss: 0.570273
Epoch 27 Batch 6 | Loss: 0.544552
Epoch 27 Batch 7 | Loss: 0.523402
Epoch 27 Batch 8 | Loss: 0.539203
Epoch 27 Batch 9 | Loss: 0.521651
Epoch 27 Batch 10 | Loss: 0.580562
Epoch 27 Batch 11 | Loss: 0.506723
Epoch 27 Batch 12 | Loss: 0.637734
Epoch 27 Batch 13 | Loss: 0.577558
--- Epoch 27/30 | Loss: 0.5666 | Train Acc: 71.5% | Test Acc: 66.9% | CM: [TP:70, TN:45, FP:41, FN:16] | Progress: 90.0% | ETA: 0.4s ---
Epoch 28 Batch 1 | Loss: 0.561660 | Stats: min: -0.453, max: 0.301, mean: -0.080
Epoch 28 Batch 2 | Loss: 0.539939
Epoch 28 Batch 3 | Loss: 0.552854
Epoch 28 Batch 4 | Loss: 0.545138
Epoch 28 Batch 5 | Loss: 0.547801
Epoch 28 Batch 6 | Loss: 0.538863
Epoch 28 Batch 7 | Loss: 0.524706
Epoch 28 Batch 8 | Loss: 0.514177
Epoch 28 Batch 9 | Loss: 0.686836
Epoch 28 Batch 10 | Loss: 0.626840
Epoch 28 Batch 11 | Loss: 0.556416
Epoch 28 Batch 12 | Loss: 0.556705
Epoch 28 Batch 13 | Loss: 0.656183
--- Epoch 28/30 | Loss: 0.5699 | Train Acc: 71.0% | Test Acc: 66.3% | CM: [TP:70, TN:44, FP:42, FN:16] | Progress: 93.3% | ETA: 0.3s ---
Epoch 29 Batch 1 | Loss: 0.601156 | Stats: min: -0.481, max: 0.373, mean: 0.145
Epoch 29 Batch 2 | Loss: 0.534392
Epoch 29 Batch 3 | Loss: 0.531015
Epoch 29 Batch 4 | Loss: 0.562470
Epoch 29 Batch 5 | Loss: 0.556342
Epoch 29 Batch 6 | Loss: 0.591183
Epoch 29 Batch 7 | Loss: 0.544854
Epoch 29 Batch 8 | Loss: 0.574138
Epoch 29 Batch 9 | Loss: 0.546543
Epoch 29 Batch 10 | Loss: 0.541498
Epoch 29 Batch 11 | Loss: 0.609198
Epoch 29 Batch 12 | Loss: 0.578888
Epoch 29 Batch 13 | Loss: 0.613627
  [STABILITY] Plateau detected. Reducing Learning Rate to 0.000078
--- Epoch 29/30 | Loss: 0.5681 | Train Acc: 71.0% | Test Acc: 65.7% | CM: [TP:70, TN:43, FP:43, FN:16] | Progress: 96.7% | ETA: 0.2s ---
Epoch 30 Batch 1 | Loss: 0.553850 | Stats: min: -0.125, max: 0.243, mean: 0.114
Epoch 30 Batch 2 | Loss: 0.610094
Epoch 30 Batch 3 | Loss: 0.603721
Epoch 30 Batch 4 | Loss: 0.575076
Epoch 30 Batch 5 | Loss: 0.549087
Epoch 30 Batch 6 | Loss: 0.597703
Epoch 30 Batch 7 | Loss: 0.575035
Epoch 30 Batch 8 | Loss: 0.552711
Epoch 30 Batch 9 | Loss: 0.549878
Epoch 30 Batch 10 | Loss: 0.498405
Epoch 30 Batch 11 | Loss: 0.550372
Epoch 30 Batch 12 | Loss: 0.576867
Epoch 30 Batch 13 | Loss: 0.567997
--- Epoch 30/30 | Loss: 0.5662 | Train Acc: 71.0% | Test Acc: 65.7% | CM: [TP:70, TN:43, FP:43, FN:16] | Progress: 100.0% | ETA: 0.0s ---

Final Best Test Accuracy: 72.09%


Best Quantum Test Accuracy: 0.721
