DEBUG: Qtrainer enters train_pure_quantum_cnn. Encoding: amplitude
  Class Weights: +1 (Target): 1.00 | -1 (Rest): 1.00
Starting Training
==================================================
Epoch 1 Batch 1 | Loss: 0.733559 | Stats: min: -0.245, max: 0.010, mean: -0.147
Epoch 1 Batch 2 | Loss: 0.745787
Epoch 1 Batch 3 | Loss: 0.692005
Epoch 1 Batch 4 | Loss: 0.697177
Epoch 1 Batch 5 | Loss: 0.639867
Epoch 1 Batch 6 | Loss: 0.667204
Epoch 1 Batch 7 | Loss: 0.674047
Epoch 1 Batch 8 | Loss: 0.680575
Epoch 1 Batch 9 | Loss: 0.630240
Epoch 1 Batch 10 | Loss: 0.661930
Epoch 1 Batch 11 | Loss: 0.644500
Epoch 1 Batch 12 | Loss: 0.668667
Epoch 1 Batch 13 | Loss: 0.610327
  [STABILITY] Test accuracy improved: 0.00% -> 47.67% (via EMA). Saving best params.
--- Epoch 1/30 | Loss: 0.6728 | Train Acc: 54.0% | Test Acc: 47.7% | CM: [TP:4, TN:78, FP:8, FN:82] | Progress: 3.3% | ETA: 223.9s ---
Epoch 2 Batch 1 | Loss: 0.660453 | Stats: min: -0.299, max: 0.115, mean: 0.001
Epoch 2 Batch 2 | Loss: 0.661392
Epoch 2 Batch 3 | Loss: 0.643564
Epoch 2 Batch 4 | Loss: 0.604209
Epoch 2 Batch 5 | Loss: 0.684062
Epoch 2 Batch 6 | Loss: 0.632142
Epoch 2 Batch 7 | Loss: 0.665957
Epoch 2 Batch 8 | Loss: 0.631372
Epoch 2 Batch 9 | Loss: 0.649001
Epoch 2 Batch 10 | Loss: 0.618638
Epoch 2 Batch 11 | Loss: 0.633537
Epoch 2 Batch 12 | Loss: 0.649430
Epoch 2 Batch 13 | Loss: 0.616202
  [STABILITY] Test accuracy improved: 47.67% -> 48.84% (via EMA). Saving best params.
--- Epoch 2/30 | Loss: 0.6423 | Train Acc: 55.0% | Test Acc: 48.8% | CM: [TP:8, TN:76, FP:10, FN:78] | Progress: 6.7% | ETA: 106.1s ---
Epoch 3 Batch 1 | Loss: 0.618700 | Stats: min: -0.114, max: 0.069, mean: 0.000
Epoch 3 Batch 2 | Loss: 0.669372
Epoch 3 Batch 3 | Loss: 0.672421
Epoch 3 Batch 4 | Loss: 0.645470
Epoch 3 Batch 5 | Loss: 0.599597
Epoch 3 Batch 6 | Loss: 0.633050
Epoch 3 Batch 7 | Loss: 0.607114
Epoch 3 Batch 8 | Loss: 0.656167
Epoch 3 Batch 9 | Loss: 0.615006
Epoch 3 Batch 10 | Loss: 0.658829
Epoch 3 Batch 11 | Loss: 0.664454
Epoch 3 Batch 12 | Loss: 0.578608
Epoch 3 Batch 13 | Loss: 0.604685
--- Epoch 3/30 | Loss: 0.6326 | Train Acc: 56.0% | Test Acc: 48.8% | CM: [TP:9, TN:75, FP:11, FN:77] | Progress: 10.0% | ETA: 68.1s ---
Epoch 4 Batch 1 | Loss: 0.599122 | Stats: min: -0.249, max: 0.177, mean: 0.037
Epoch 4 Batch 2 | Loss: 0.587209
Epoch 4 Batch 3 | Loss: 0.600643
Epoch 4 Batch 4 | Loss: 0.644016
Epoch 4 Batch 5 | Loss: 0.627255
Epoch 4 Batch 6 | Loss: 0.667198
Epoch 4 Batch 7 | Loss: 0.624584
Epoch 4 Batch 8 | Loss: 0.607222
Epoch 4 Batch 9 | Loss: 0.646641
Epoch 4 Batch 10 | Loss: 0.622442
Epoch 4 Batch 11 | Loss: 0.655618
Epoch 4 Batch 12 | Loss: 0.636454
Epoch 4 Batch 13 | Loss: 0.634095
  [STABILITY] Test accuracy improved: 48.84% -> 51.74% (via EMA). Saving best params.
--- Epoch 4/30 | Loss: 0.6271 | Train Acc: 56.5% | Test Acc: 51.7% | CM: [TP:20, TN:69, FP:17, FN:66] | Progress: 13.3% | ETA: 50.5s ---
Epoch 5 Batch 1 | Loss: 0.592220 | Stats: min: -0.358, max: 0.214, mean: -0.103
Epoch 5 Batch 2 | Loss: 0.595296
Epoch 5 Batch 3 | Loss: 0.550015
Epoch 5 Batch 4 | Loss: 0.645043
Epoch 5 Batch 5 | Loss: 0.615034
Epoch 5 Batch 6 | Loss: 0.658239
Epoch 5 Batch 7 | Loss: 0.652139
Epoch 5 Batch 8 | Loss: 0.641151
Epoch 5 Batch 9 | Loss: 0.689569
Epoch 5 Batch 10 | Loss: 0.611736
Epoch 5 Batch 11 | Loss: 0.631968
Epoch 5 Batch 12 | Loss: 0.632053
Epoch 5 Batch 13 | Loss: 0.522318
  [STABILITY] Test accuracy improved: 51.74% -> 53.49% (via EMA). Saving best params.
--- Epoch 5/30 | Loss: 0.6182 | Train Acc: 60.0% | Test Acc: 53.5% | CM: [TP:28, TN:64, FP:22, FN:58] | Progress: 16.7% | ETA: 37.6s ---
Epoch 6 Batch 1 | Loss: 0.617840 | Stats: min: -0.356, max: 0.063, mean: -0.147
Epoch 6 Batch 2 | Loss: 0.637119
Epoch 6 Batch 3 | Loss: 0.632872
Epoch 6 Batch 4 | Loss: 0.602779
Epoch 6 Batch 5 | Loss: 0.655681
Epoch 6 Batch 6 | Loss: 0.632114
Epoch 6 Batch 7 | Loss: 0.606881
Epoch 6 Batch 8 | Loss: 0.625368
Epoch 6 Batch 9 | Loss: 0.629241
Epoch 6 Batch 10 | Loss: 0.634478
Epoch 6 Batch 11 | Loss: 0.594151
Epoch 6 Batch 12 | Loss: 0.589713
Epoch 6 Batch 13 | Loss: 0.607851
  [STABILITY] Test accuracy improved: 53.49% -> 54.07% (via EMA). Saving best params.
--- Epoch 6/30 | Loss: 0.6205 | Train Acc: 61.0% | Test Acc: 54.1% | CM: [TP:38, TN:55, FP:31, FN:48] | Progress: 20.0% | ETA: 30.1s ---
Epoch 7 Batch 1 | Loss: 0.614492 | Stats: min: -0.107, max: 0.148, mean: 0.024
Epoch 7 Batch 2 | Loss: 0.577294
Epoch 7 Batch 3 | Loss: 0.666412
Epoch 7 Batch 4 | Loss: 0.669999
Epoch 7 Batch 5 | Loss: 0.630512
Epoch 7 Batch 6 | Loss: 0.590039
Epoch 7 Batch 7 | Loss: 0.626011
Epoch 7 Batch 8 | Loss: 0.622153
Epoch 7 Batch 9 | Loss: 0.590520
Epoch 7 Batch 10 | Loss: 0.551489
Epoch 7 Batch 11 | Loss: 0.601605
Epoch 7 Batch 12 | Loss: 0.655622
Epoch 7 Batch 13 | Loss: 0.601885
  [STABILITY] Test accuracy improved: 54.07% -> 60.47% (via EMA). Saving best params.
--- Epoch 7/30 | Loss: 0.6152 | Train Acc: 64.5% | Test Acc: 60.5% | CM: [TP:51, TN:53, FP:33, FN:35] | Progress: 23.3% | ETA: 25.1s ---
Epoch 8 Batch 1 | Loss: 0.617984 | Stats: min: -0.470, max: 0.176, mean: -0.152
Epoch 8 Batch 2 | Loss: 0.627743
Epoch 8 Batch 3 | Loss: 0.606485
Epoch 8 Batch 4 | Loss: 0.653557
Epoch 8 Batch 5 | Loss: 0.634952
Epoch 8 Batch 6 | Loss: 0.629233
Epoch 8 Batch 7 | Loss: 0.572507
Epoch 8 Batch 8 | Loss: 0.632905
Epoch 8 Batch 9 | Loss: 0.537645
Epoch 8 Batch 10 | Loss: 0.652725
Epoch 8 Batch 11 | Loss: 0.599938
Epoch 8 Batch 12 | Loss: 0.621193
Epoch 8 Batch 13 | Loss: 0.581037
  [STABILITY] Test accuracy improved: 60.47% -> 61.63% (via EMA). Saving best params.
--- Epoch 8/30 | Loss: 0.6129 | Train Acc: 67.0% | Test Acc: 61.6% | CM: [TP:56, TN:50, FP:36, FN:30] | Progress: 26.7% | ETA: 20.9s ---
Epoch 9 Batch 1 | Loss: 0.585125 | Stats: min: -0.131, max: 0.205, mean: 0.062
Epoch 9 Batch 2 | Loss: 0.629944
Epoch 9 Batch 3 | Loss: 0.700163
Epoch 9 Batch 4 | Loss: 0.651754
Epoch 9 Batch 5 | Loss: 0.633664
Epoch 9 Batch 6 | Loss: 0.621327
Epoch 9 Batch 7 | Loss: 0.626784
Epoch 9 Batch 8 | Loss: 0.567902
Epoch 9 Batch 9 | Loss: 0.616509
Epoch 9 Batch 10 | Loss: 0.592394
Epoch 9 Batch 11 | Loss: 0.552724
Epoch 9 Batch 12 | Loss: 0.579509
Epoch 9 Batch 13 | Loss: 0.618666
  [STABILITY] Test accuracy improved: 61.63% -> 63.37% (via EMA). Saving best params.
--- Epoch 9/30 | Loss: 0.6136 | Train Acc: 68.5% | Test Acc: 63.4% | CM: [TP:62, TN:47, FP:39, FN:24] | Progress: 30.0% | ETA: 17.6s ---
Epoch 10 Batch 1 | Loss: 0.621609 | Stats: min: -0.480, max: 0.149, mean: -0.043
Epoch 10 Batch 2 | Loss: 0.621141
Epoch 10 Batch 3 | Loss: 0.548171
Epoch 10 Batch 4 | Loss: 0.646503
Epoch 10 Batch 5 | Loss: 0.620429
Epoch 10 Batch 6 | Loss: 0.643716
Epoch 10 Batch 7 | Loss: 0.632998
Epoch 10 Batch 8 | Loss: 0.621600
Epoch 10 Batch 9 | Loss: 0.619743
Epoch 10 Batch 10 | Loss: 0.564502
Epoch 10 Batch 11 | Loss: 0.600822
Epoch 10 Batch 12 | Loss: 0.599089
Epoch 10 Batch 13 | Loss: 0.595831
  [STABILITY] Test accuracy improved: 63.37% -> 64.53% (via EMA). Saving best params.
--- Epoch 10/30 | Loss: 0.6105 | Train Acc: 68.5% | Test Acc: 64.5% | CM: [TP:67, TN:44, FP:42, FN:19] | Progress: 33.3% | ETA: 15.1s ---
Epoch 11 Batch 1 | Loss: 0.612931 | Stats: min: -0.468, max: 0.040, mean: -0.205
Epoch 11 Batch 2 | Loss: 0.657574
Epoch 11 Batch 3 | Loss: 0.587741
Epoch 11 Batch 4 | Loss: 0.618579
Epoch 11 Batch 5 | Loss: 0.581738
Epoch 11 Batch 6 | Loss: 0.582099
Epoch 11 Batch 7 | Loss: 0.636203
Epoch 11 Batch 8 | Loss: 0.610917
Epoch 11 Batch 9 | Loss: 0.618085
Epoch 11 Batch 10 | Loss: 0.557306
Epoch 11 Batch 11 | Loss: 0.646241
Epoch 11 Batch 12 | Loss: 0.632265
Epoch 11 Batch 13 | Loss: 0.599968
--- Epoch 11/30 | Loss: 0.6109 | Train Acc: 69.0% | Test Acc: 62.8% | CM: [TP:67, TN:41, FP:45, FN:19] | Progress: 36.7% | ETA: 13.3s ---
Epoch 12 Batch 1 | Loss: 0.584281 | Stats: min: -0.352, max: 0.120, mean: -0.056
Epoch 12 Batch 2 | Loss: 0.643880
Epoch 12 Batch 3 | Loss: 0.618057
Epoch 12 Batch 4 | Loss: 0.635009
Epoch 12 Batch 5 | Loss: 0.621265
Epoch 12 Batch 6 | Loss: 0.593448
Epoch 12 Batch 7 | Loss: 0.587528
Epoch 12 Batch 8 | Loss: 0.584130
Epoch 12 Batch 9 | Loss: 0.594850
Epoch 12 Batch 10 | Loss: 0.597803
Epoch 12 Batch 11 | Loss: 0.622628
Epoch 12 Batch 12 | Loss: 0.624263
Epoch 12 Batch 13 | Loss: 0.624515
--- Epoch 12/30 | Loss: 0.6101 | Train Acc: 71.0% | Test Acc: 64.5% | CM: [TP:69, TN:42, FP:44, FN:17] | Progress: 40.0% | ETA: 11.5s ---
Epoch 13 Batch 1 | Loss: 0.654717 | Stats: min: -0.384, max: 0.121, mean: -0.072
Epoch 13 Batch 2 | Loss: 0.608701
Epoch 13 Batch 3 | Loss: 0.608643
Epoch 13 Batch 4 | Loss: 0.567964
Epoch 13 Batch 5 | Loss: 0.634533
Epoch 13 Batch 6 | Loss: 0.546606
Epoch 13 Batch 7 | Loss: 0.592709
Epoch 13 Batch 8 | Loss: 0.625776
Epoch 13 Batch 9 | Loss: 0.582815
Epoch 13 Batch 10 | Loss: 0.639510
Epoch 13 Batch 11 | Loss: 0.614402
Epoch 13 Batch 12 | Loss: 0.612228
Epoch 13 Batch 13 | Loss: 0.652695
  [STABILITY] Test accuracy improved: 64.53% -> 66.28% (via EMA). Saving best params.
--- Epoch 13/30 | Loss: 0.6109 | Train Acc: 72.5% | Test Acc: 66.3% | CM: [TP:73, TN:41, FP:45, FN:13] | Progress: 43.3% | ETA: 10.0s ---
Epoch 14 Batch 1 | Loss: 0.574608 | Stats: min: -0.435, max: -0.030, mean: -0.226
Epoch 14 Batch 2 | Loss: 0.621688
Epoch 14 Batch 3 | Loss: 0.651324
Epoch 14 Batch 4 | Loss: 0.591805
Epoch 14 Batch 5 | Loss: 0.603885
Epoch 14 Batch 6 | Loss: 0.610508
Epoch 14 Batch 7 | Loss: 0.644244
Epoch 14 Batch 8 | Loss: 0.633698
Epoch 14 Batch 9 | Loss: 0.621211
Epoch 14 Batch 10 | Loss: 0.582626
Epoch 14 Batch 11 | Loss: 0.594867
Epoch 14 Batch 12 | Loss: 0.580532
Epoch 14 Batch 13 | Loss: 0.583686
--- Epoch 14/30 | Loss: 0.6073 | Train Acc: 72.5% | Test Acc: 66.3% | CM: [TP:74, TN:40, FP:46, FN:12] | Progress: 46.7% | ETA: 8.6s ---
Epoch 15 Batch 1 | Loss: 0.603950 | Stats: min: -0.142, max: 0.231, mean: 0.032
Epoch 15 Batch 2 | Loss: 0.630248
Epoch 15 Batch 3 | Loss: 0.567062
Epoch 15 Batch 4 | Loss: 0.563977
Epoch 15 Batch 5 | Loss: 0.596194
Epoch 15 Batch 6 | Loss: 0.613029
Epoch 15 Batch 7 | Loss: 0.666927
Epoch 15 Batch 8 | Loss: 0.608485
Epoch 15 Batch 9 | Loss: 0.601747
Epoch 15 Batch 10 | Loss: 0.609645
Epoch 15 Batch 11 | Loss: 0.627957
Epoch 15 Batch 12 | Loss: 0.620098
Epoch 15 Batch 13 | Loss: 0.610819
  [STABILITY] Test accuracy improved: 66.28% -> 66.86% (via EMA). Saving best params.
--- Epoch 15/30 | Loss: 0.6092 | Train Acc: 73.0% | Test Acc: 66.9% | CM: [TP:74, TN:41, FP:45, FN:12] | Progress: 50.0% | ETA: 7.7s ---
Epoch 16 Batch 1 | Loss: 0.572788 | Stats: min: -0.476, max: 0.205, mean: -0.092
Epoch 16 Batch 2 | Loss: 0.613729
Epoch 16 Batch 3 | Loss: 0.588846
Epoch 16 Batch 4 | Loss: 0.584823
Epoch 16 Batch 5 | Loss: 0.614665
Epoch 16 Batch 6 | Loss: 0.653313
Epoch 16 Batch 7 | Loss: 0.627800
Epoch 16 Batch 8 | Loss: 0.609615
Epoch 16 Batch 9 | Loss: 0.596219
Epoch 16 Batch 10 | Loss: 0.620982
Epoch 16 Batch 11 | Loss: 0.588479
Epoch 16 Batch 12 | Loss: 0.640905
Epoch 16 Batch 13 | Loss: 0.567140
--- Epoch 16/30 | Loss: 0.6061 | Train Acc: 73.0% | Test Acc: 66.9% | CM: [TP:74, TN:41, FP:45, FN:12] | Progress: 53.3% | ETA: 6.5s ---
Epoch 17 Batch 1 | Loss: 0.604531 | Stats: min: -0.379, max: 0.120, mean: -0.064
Epoch 17 Batch 2 | Loss: 0.607782
Epoch 17 Batch 3 | Loss: 0.590679
Epoch 17 Batch 4 | Loss: 0.642375
Epoch 17 Batch 5 | Loss: 0.602840
Epoch 17 Batch 6 | Loss: 0.628828
Epoch 17 Batch 7 | Loss: 0.583152
Epoch 17 Batch 8 | Loss: 0.636069
Epoch 17 Batch 9 | Loss: 0.577690
Epoch 17 Batch 10 | Loss: 0.609517
Epoch 17 Batch 11 | Loss: 0.591371
Epoch 17 Batch 12 | Loss: 0.599616
Epoch 17 Batch 13 | Loss: 0.652639
--- Epoch 17/30 | Loss: 0.6098 | Train Acc: 73.0% | Test Acc: 66.9% | CM: [TP:74, TN:41, FP:45, FN:12] | Progress: 56.7% | ETA: 5.8s ---
Epoch 18 Batch 1 | Loss: 0.622826 | Stats: min: 0.082, max: 0.245, mean: 0.169
Epoch 18 Batch 2 | Loss: 0.629747
Epoch 18 Batch 3 | Loss: 0.609801
Epoch 18 Batch 4 | Loss: 0.639129
Epoch 18 Batch 5 | Loss: 0.627823
Epoch 18 Batch 6 | Loss: 0.568787
Epoch 18 Batch 7 | Loss: 0.581861
Epoch 18 Batch 8 | Loss: 0.588064
Epoch 18 Batch 9 | Loss: 0.578636
Epoch 18 Batch 10 | Loss: 0.646404
Epoch 18 Batch 11 | Loss: 0.580331
Epoch 18 Batch 12 | Loss: 0.592736
Epoch 18 Batch 13 | Loss: 0.636334
  [STABILITY] Plateau detected. Reducing Learning Rate to 0.010000
--- Epoch 18/30 | Loss: 0.6079 | Train Acc: 73.0% | Test Acc: 66.9% | CM: [TP:74, TN:41, FP:45, FN:12] | Progress: 60.0% | ETA: 5.2s ---
Epoch 19 Batch 1 | Loss: 0.604614 | Stats: min: -0.161, max: 0.181, mean: 0.013
Epoch 19 Batch 2 | Loss: 0.625302
Epoch 19 Batch 3 | Loss: 0.626664
Epoch 19 Batch 4 | Loss: 0.594642
Epoch 19 Batch 5 | Loss: 0.626570
Epoch 19 Batch 6 | Loss: 0.597306
Epoch 19 Batch 7 | Loss: 0.656680
Epoch 19 Batch 8 | Loss: 0.593766
Epoch 19 Batch 9 | Loss: 0.602062
Epoch 19 Batch 10 | Loss: 0.569508
Epoch 19 Batch 11 | Loss: 0.608636
Epoch 19 Batch 12 | Loss: 0.568075
Epoch 19 Batch 13 | Loss: 0.585797
  [STABILITY] Test accuracy improved: 66.86% -> 67.44% (via EMA). Saving best params.
--- Epoch 19/30 | Loss: 0.6046 | Train Acc: 73.5% | Test Acc: 67.4% | CM: [TP:75, TN:41, FP:45, FN:11] | Progress: 63.3% | ETA: 4.4s ---
Epoch 20 Batch 1 | Loss: 0.643071 | Stats: min: -0.448, max: 0.188, mean: -0.111
Epoch 20 Batch 2 | Loss: 0.576080
Epoch 20 Batch 3 | Loss: 0.593340
Epoch 20 Batch 4 | Loss: 0.593919
Epoch 20 Batch 5 | Loss: 0.634748
Epoch 20 Batch 6 | Loss: 0.603297
Epoch 20 Batch 7 | Loss: 0.594652
Epoch 20 Batch 8 | Loss: 0.635429
Epoch 20 Batch 9 | Loss: 0.615204
Epoch 20 Batch 10 | Loss: 0.606633
Epoch 20 Batch 11 | Loss: 0.599143
Epoch 20 Batch 12 | Loss: 0.582518
Epoch 20 Batch 13 | Loss: 0.556552
--- Epoch 20/30 | Loss: 0.6027 | Train Acc: 74.0% | Test Acc: 67.4% | CM: [TP:75, TN:41, FP:45, FN:11] | Progress: 66.7% | ETA: 3.8s ---
Epoch 21 Batch 1 | Loss: 0.673846 | Stats: min: -0.041, max: 0.273, mean: 0.106
Epoch 21 Batch 2 | Loss: 0.592943
Epoch 21 Batch 3 | Loss: 0.557419
Epoch 21 Batch 4 | Loss: 0.622861
Epoch 21 Batch 5 | Loss: 0.575186
Epoch 21 Batch 6 | Loss: 0.598128
Epoch 21 Batch 7 | Loss: 0.562686
Epoch 21 Batch 8 | Loss: 0.611193
Epoch 21 Batch 9 | Loss: 0.590286
Epoch 21 Batch 10 | Loss: 0.581202
Epoch 21 Batch 11 | Loss: 0.641711
Epoch 21 Batch 12 | Loss: 0.621401
Epoch 21 Batch 13 | Loss: 0.659727
--- Epoch 21/30 | Loss: 0.6068 | Train Acc: 74.0% | Test Acc: 67.4% | CM: [TP:75, TN:41, FP:45, FN:11] | Progress: 70.0% | ETA: 3.3s ---
Epoch 22 Batch 1 | Loss: 0.560357 | Stats: min: 0.059, max: 0.296, mean: 0.176
Epoch 22 Batch 2 | Loss: 0.585240
Epoch 22 Batch 3 | Loss: 0.574053
Epoch 22 Batch 4 | Loss: 0.615585
Epoch 22 Batch 5 | Loss: 0.566221
Epoch 22 Batch 6 | Loss: 0.652748
Epoch 22 Batch 7 | Loss: 0.647273
Epoch 22 Batch 8 | Loss: 0.631207
Epoch 22 Batch 9 | Loss: 0.529424
Epoch 22 Batch 10 | Loss: 0.630542
Epoch 22 Batch 11 | Loss: 0.633180
Epoch 22 Batch 12 | Loss: 0.630202
Epoch 22 Batch 13 | Loss: 0.576232
  [STABILITY] Test accuracy improved: 67.44% -> 68.60% (via EMA). Saving best params.
--- Epoch 22/30 | Loss: 0.6025 | Train Acc: 73.5% | Test Acc: 68.6% | CM: [TP:75, TN:43, FP:43, FN:11] | Progress: 73.3% | ETA: 2.7s ---
Epoch 23 Batch 1 | Loss: 0.577623 | Stats: min: -0.345, max: 0.313, mean: 0.046
Epoch 23 Batch 2 | Loss: 0.599348
Epoch 23 Batch 3 | Loss: 0.612579
Epoch 23 Batch 4 | Loss: 0.596668
Epoch 23 Batch 5 | Loss: 0.595777
Epoch 23 Batch 6 | Loss: 0.599014
Epoch 23 Batch 7 | Loss: 0.611655
Epoch 23 Batch 8 | Loss: 0.562117
Epoch 23 Batch 9 | Loss: 0.683352
Epoch 23 Batch 10 | Loss: 0.560651
Epoch 23 Batch 11 | Loss: 0.610761
Epoch 23 Batch 12 | Loss: 0.631626
Epoch 23 Batch 13 | Loss: 0.587632
  [STABILITY] Test accuracy improved: 68.60% -> 69.19% (via EMA). Saving best params.
--- Epoch 23/30 | Loss: 0.6022 | Train Acc: 73.5% | Test Acc: 69.2% | CM: [TP:75, TN:44, FP:42, FN:11] | Progress: 76.7% | ETA: 2.2s ---
Epoch 24 Batch 1 | Loss: 0.643693 | Stats: min: -0.022, max: 0.324, mean: 0.134
Epoch 24 Batch 2 | Loss: 0.615636
Epoch 24 Batch 3 | Loss: 0.642931
Epoch 24 Batch 4 | Loss: 0.588852
Epoch 24 Batch 5 | Loss: 0.599993
Epoch 24 Batch 6 | Loss: 0.613275
Epoch 24 Batch 7 | Loss: 0.591208
Epoch 24 Batch 8 | Loss: 0.579713
Epoch 24 Batch 9 | Loss: 0.585629
Epoch 24 Batch 10 | Loss: 0.560984
Epoch 24 Batch 11 | Loss: 0.593363
Epoch 24 Batch 12 | Loss: 0.622979
Epoch 24 Batch 13 | Loss: 0.568535
--- Epoch 24/30 | Loss: 0.6005 | Train Acc: 73.5% | Test Acc: 69.2% | CM: [TP:75, TN:44, FP:42, FN:11] | Progress: 80.0% | ETA: 1.8s ---
Epoch 25 Batch 1 | Loss: 0.579077 | Stats: min: -0.510, max: 0.065, mean: -0.091
Epoch 25 Batch 2 | Loss: 0.595891
Epoch 25 Batch 3 | Loss: 0.593526
Epoch 25 Batch 4 | Loss: 0.594526
Epoch 25 Batch 5 | Loss: 0.589161
Epoch 25 Batch 6 | Loss: 0.571381
Epoch 25 Batch 7 | Loss: 0.659890
Epoch 25 Batch 8 | Loss: 0.593473
Epoch 25 Batch 9 | Loss: 0.578083
Epoch 25 Batch 10 | Loss: 0.665978
Epoch 25 Batch 11 | Loss: 0.610745
Epoch 25 Batch 12 | Loss: 0.579249
Epoch 25 Batch 13 | Loss: 0.597773
--- Epoch 25/30 | Loss: 0.6007 | Train Acc: 74.0% | Test Acc: 68.6% | CM: [TP:74, TN:44, FP:42, FN:12] | Progress: 83.3% | ETA: 1.4s ---
Epoch 26 Batch 1 | Loss: 0.580380 | Stats: min: -0.462, max: 0.344, mean: -0.006
Epoch 26 Batch 2 | Loss: 0.620194
Epoch 26 Batch 3 | Loss: 0.600004
Epoch 26 Batch 4 | Loss: 0.583557
Epoch 26 Batch 5 | Loss: 0.573608
Epoch 26 Batch 6 | Loss: 0.648906
Epoch 26 Batch 7 | Loss: 0.562701
Epoch 26 Batch 8 | Loss: 0.618912
Epoch 26 Batch 9 | Loss: 0.582639
Epoch 26 Batch 10 | Loss: 0.600476
Epoch 26 Batch 11 | Loss: 0.616028
Epoch 26 Batch 12 | Loss: 0.627164
Epoch 26 Batch 13 | Loss: 0.566968
  [STABILITY] Plateau detected. Reducing Learning Rate to 0.005000
--- Epoch 26/30 | Loss: 0.5986 | Train Acc: 74.0% | Test Acc: 68.0% | CM: [TP:71, TN:46, FP:40, FN:15] | Progress: 86.7% | ETA: 1.1s ---
Epoch 27 Batch 1 | Loss: 0.601857 | Stats: min: -0.457, max: 0.231, mean: -0.035
Epoch 27 Batch 2 | Loss: 0.645980
Epoch 27 Batch 3 | Loss: 0.567743
Epoch 27 Batch 4 | Loss: 0.570697
Epoch 27 Batch 5 | Loss: 0.629591
Epoch 27 Batch 6 | Loss: 0.609385
Epoch 27 Batch 7 | Loss: 0.658176
Epoch 27 Batch 8 | Loss: 0.572825
Epoch 27 Batch 9 | Loss: 0.579374
Epoch 27 Batch 10 | Loss: 0.572257
Epoch 27 Batch 11 | Loss: 0.600449
Epoch 27 Batch 12 | Loss: 0.593040
Epoch 27 Batch 13 | Loss: 0.557271
--- Epoch 27/30 | Loss: 0.5968 | Train Acc: 73.5% | Test Acc: 68.0% | CM: [TP:71, TN:46, FP:40, FN:15] | Progress: 90.0% | ETA: 0.8s ---
Epoch 28 Batch 1 | Loss: 0.617102 | Stats: min: -0.288, max: 0.152, mean: -0.073
Epoch 28 Batch 2 | Loss: 0.564672
Epoch 28 Batch 3 | Loss: 0.585149
Epoch 28 Batch 4 | Loss: 0.600261
Epoch 28 Batch 5 | Loss: 0.635970
Epoch 28 Batch 6 | Loss: 0.573244
Epoch 28 Batch 7 | Loss: 0.659222
Epoch 28 Batch 8 | Loss: 0.605741
Epoch 28 Batch 9 | Loss: 0.484141
Epoch 28 Batch 10 | Loss: 0.636326
Epoch 28 Batch 11 | Loss: 0.621067
Epoch 28 Batch 12 | Loss: 0.610227
Epoch 28 Batch 13 | Loss: 0.552040
--- Epoch 28/30 | Loss: 0.5958 | Train Acc: 72.5% | Test Acc: 67.4% | CM: [TP:70, TN:46, FP:40, FN:16] | Progress: 93.3% | ETA: 0.5s ---
Epoch 29 Batch 1 | Loss: 0.554444 | Stats: min: -0.444, max: 0.219, mean: -0.039
Epoch 29 Batch 2 | Loss: 0.594654
Epoch 29 Batch 3 | Loss: 0.553659
Epoch 29 Batch 4 | Loss: 0.620900
Epoch 29 Batch 5 | Loss: 0.637794
Epoch 29 Batch 6 | Loss: 0.640868
Epoch 29 Batch 7 | Loss: 0.612481
Epoch 29 Batch 8 | Loss: 0.608451
Epoch 29 Batch 9 | Loss: 0.637784
Epoch 29 Batch 10 | Loss: 0.520960
Epoch 29 Batch 11 | Loss: 0.592535
Epoch 29 Batch 12 | Loss: 0.582123
Epoch 29 Batch 13 | Loss: 0.611618
  [STABILITY] Plateau detected. Reducing Learning Rate to 0.002500
--- Epoch 29/30 | Loss: 0.5976 | Train Acc: 72.0% | Test Acc: 68.0% | CM: [TP:71, TN:46, FP:40, FN:15] | Progress: 96.7% | ETA: 0.2s ---
Epoch 30 Batch 1 | Loss: 0.631142 | Stats: min: -0.246, max: 0.164, mean: -0.007
Epoch 30 Batch 2 | Loss: 0.583503
Epoch 30 Batch 3 | Loss: 0.591862
Epoch 30 Batch 4 | Loss: 0.601994
Epoch 30 Batch 5 | Loss: 0.630986
Epoch 30 Batch 6 | Loss: 0.606026
Epoch 30 Batch 7 | Loss: 0.543780
Epoch 30 Batch 8 | Loss: 0.569850
Epoch 30 Batch 9 | Loss: 0.575761
Epoch 30 Batch 10 | Loss: 0.636763
Epoch 30 Batch 11 | Loss: 0.564315
Epoch 30 Batch 12 | Loss: 0.573353
Epoch 30 Batch 13 | Loss: 0.685220
--- Epoch 30/30 | Loss: 0.5996 | Train Acc: 72.5% | Test Acc: 68.0% | CM: [TP:71, TN:46, FP:40, FN:15] | Progress: 100.0% | ETA: 0.0s ---

Final Best Test Accuracy: 69.19%


Best Quantum Test Accuracy: 0.692
