DEBUG: Qtrainer enters train_pure_quantum_cnn. Encoding: amplitude
  Class Weights: +1 (Target): 1.00 | -1 (Rest): 1.00
Starting Training
==================================================
Epoch 1 Batch 1 | Loss: 0.927569 | Stats: min: 0.021, max: 0.110, mean: 0.065
Epoch 1 Batch 2 | Loss: 0.707522
Epoch 1 Batch 3 | Loss: 0.677896
Epoch 1 Batch 4 | Loss: 0.737832
Epoch 1 Batch 5 | Loss: 0.717086
Epoch 1 Batch 6 | Loss: 0.739939
Epoch 1 Batch 7 | Loss: 0.713557
Epoch 1 Batch 8 | Loss: 0.648934
Epoch 1 Batch 9 | Loss: 0.685521
Epoch 1 Batch 10 | Loss: 0.660307
Epoch 1 Batch 11 | Loss: 0.650404
Epoch 1 Batch 12 | Loss: 0.646110
Epoch 1 Batch 13 | Loss: 0.638467
  [STABILITY] Test accuracy improved: 0.00% -> 50.00% (via EMA). Saving best params.
--- Epoch 1/30 | Loss: 0.7039 | Train Acc: 53.5% | Test Acc: 50.0% | CM: [TP:86, TN:0, FP:86, FN:0] | Progress: 3.3% | ETA: 167.2s ---
Epoch 2 Batch 1 | Loss: 0.729770 | Stats: min: 0.120, max: 0.246, mean: 0.177
Epoch 2 Batch 2 | Loss: 0.686046
Epoch 2 Batch 3 | Loss: 0.669780
Epoch 2 Batch 4 | Loss: 0.625770
Epoch 2 Batch 5 | Loss: 0.658394
Epoch 2 Batch 6 | Loss: 0.598889
Epoch 2 Batch 7 | Loss: 0.658341
Epoch 2 Batch 8 | Loss: 0.623891
Epoch 2 Batch 9 | Loss: 0.631803
Epoch 2 Batch 10 | Loss: 0.701038
Epoch 2 Batch 11 | Loss: 0.607234
Epoch 2 Batch 12 | Loss: 0.661896
Epoch 2 Batch 13 | Loss: 0.630373
--- Epoch 2/30 | Loss: 0.6526 | Train Acc: 53.0% | Test Acc: 50.0% | CM: [TP:86, TN:0, FP:86, FN:0] | Progress: 6.7% | ETA: 79.3s ---
Epoch 3 Batch 1 | Loss: 0.640235 | Stats: min: -0.118, max: 0.146, mean: 0.070
Epoch 3 Batch 2 | Loss: 0.604303
Epoch 3 Batch 3 | Loss: 0.584632
Epoch 3 Batch 4 | Loss: 0.589341
Epoch 3 Batch 5 | Loss: 0.659342
Epoch 3 Batch 6 | Loss: 0.575911
Epoch 3 Batch 7 | Loss: 0.615482
Epoch 3 Batch 8 | Loss: 0.611514
Epoch 3 Batch 9 | Loss: 0.592914
Epoch 3 Batch 10 | Loss: 0.576297
Epoch 3 Batch 11 | Loss: 0.599627
Epoch 3 Batch 12 | Loss: 0.570746
Epoch 3 Batch 13 | Loss: 0.566013
--- Epoch 3/30 | Loss: 0.5990 | Train Acc: 53.5% | Test Acc: 50.0% | CM: [TP:86, TN:0, FP:86, FN:0] | Progress: 10.0% | ETA: 51.1s ---
Epoch 4 Batch 1 | Loss: 0.605119 | Stats: min: -0.282, max: 0.056, mean: -0.161
Epoch 4 Batch 2 | Loss: 0.626337
Epoch 4 Batch 3 | Loss: 0.576854
Epoch 4 Batch 4 | Loss: 0.590068
Epoch 4 Batch 5 | Loss: 0.578918
Epoch 4 Batch 6 | Loss: 0.557507
Epoch 4 Batch 7 | Loss: 0.577758
Epoch 4 Batch 8 | Loss: 0.577433
Epoch 4 Batch 9 | Loss: 0.571804
Epoch 4 Batch 10 | Loss: 0.546089
Epoch 4 Batch 11 | Loss: 0.576766
Epoch 4 Batch 12 | Loss: 0.580778
Epoch 4 Batch 13 | Loss: 0.578487
  [STABILITY] Plateau detected. Reducing Learning Rate to 0.010000
--- Epoch 4/30 | Loss: 0.5803 | Train Acc: 53.5% | Test Acc: 50.0% | CM: [TP:86, TN:0, FP:86, FN:0] | Progress: 13.3% | ETA: 36.2s ---
Epoch 5 Batch 1 | Loss: 0.555248 | Stats: min: -0.045, max: 0.168, mean: 0.100
Epoch 5 Batch 2 | Loss: 0.571245
Epoch 5 Batch 3 | Loss: 0.593708
Epoch 5 Batch 4 | Loss: 0.576123
Epoch 5 Batch 5 | Loss: 0.522426
Epoch 5 Batch 6 | Loss: 0.563177
Epoch 5 Batch 7 | Loss: 0.590905
Epoch 5 Batch 8 | Loss: 0.566851
Epoch 5 Batch 9 | Loss: 0.549397
Epoch 5 Batch 10 | Loss: 0.556048
Epoch 5 Batch 11 | Loss: 0.546730
Epoch 5 Batch 12 | Loss: 0.591070
Epoch 5 Batch 13 | Loss: 0.533043
--- Epoch 5/30 | Loss: 0.5628 | Train Acc: 53.5% | Test Acc: 50.0% | CM: [TP:86, TN:0, FP:86, FN:0] | Progress: 16.7% | ETA: 27.7s ---
Epoch 6 Batch 1 | Loss: 0.536036 | Stats: min: -0.282, max: 0.054, mean: -0.025
Epoch 6 Batch 2 | Loss: 0.559191
Epoch 6 Batch 3 | Loss: 0.551824
Epoch 6 Batch 4 | Loss: 0.548027
Epoch 6 Batch 5 | Loss: 0.569013
Epoch 6 Batch 6 | Loss: 0.540899
Epoch 6 Batch 7 | Loss: 0.563981
Epoch 6 Batch 8 | Loss: 0.539438
Epoch 6 Batch 9 | Loss: 0.537059
Epoch 6 Batch 10 | Loss: 0.564904
Epoch 6 Batch 11 | Loss: 0.558393
Epoch 6 Batch 12 | Loss: 0.567679
Epoch 6 Batch 13 | Loss: 0.593906
  [STABILITY] Test accuracy improved: 50.00% -> 51.74% (via EMA). Saving best params.
--- Epoch 6/30 | Loss: 0.5562 | Train Acc: 55.5% | Test Acc: 51.7% | CM: [TP:86, TN:3, FP:83, FN:0] | Progress: 20.0% | ETA: 22.4s ---
Epoch 7 Batch 1 | Loss: 0.565424 | Stats: min: -0.347, max: 0.171, mean: -0.109
Epoch 7 Batch 2 | Loss: 0.556776
Epoch 7 Batch 3 | Loss: 0.510931
Epoch 7 Batch 4 | Loss: 0.579446
Epoch 7 Batch 5 | Loss: 0.539942
Epoch 7 Batch 6 | Loss: 0.539800
Epoch 7 Batch 7 | Loss: 0.567872
Epoch 7 Batch 8 | Loss: 0.560601
Epoch 7 Batch 9 | Loss: 0.530250
Epoch 7 Batch 10 | Loss: 0.516284
Epoch 7 Batch 11 | Loss: 0.530040
Epoch 7 Batch 12 | Loss: 0.584342
Epoch 7 Batch 13 | Loss: 0.531838
  [STABILITY] Test accuracy improved: 51.74% -> 58.72% (via EMA). Saving best params.
--- Epoch 7/30 | Loss: 0.5472 | Train Acc: 65.5% | Test Acc: 58.7% | CM: [TP:86, TN:15, FP:71, FN:0] | Progress: 23.3% | ETA: 18.5s ---
Epoch 8 Batch 1 | Loss: 0.540642 | Stats: min: -0.168, max: 0.186, mean: 0.040
Epoch 8 Batch 2 | Loss: 0.554515
Epoch 8 Batch 3 | Loss: 0.536884
Epoch 8 Batch 4 | Loss: 0.562985
Epoch 8 Batch 5 | Loss: 0.548088
Epoch 8 Batch 6 | Loss: 0.523649
Epoch 8 Batch 7 | Loss: 0.548966
Epoch 8 Batch 8 | Loss: 0.537579
Epoch 8 Batch 9 | Loss: 0.524165
Epoch 8 Batch 10 | Loss: 0.549397
Epoch 8 Batch 11 | Loss: 0.535787
Epoch 8 Batch 12 | Loss: 0.529594
Epoch 8 Batch 13 | Loss: 0.518645
  [STABILITY] Test accuracy improved: 58.72% -> 65.70% (via EMA). Saving best params.
--- Epoch 8/30 | Loss: 0.5393 | Train Acc: 73.0% | Test Acc: 65.7% | CM: [TP:86, TN:27, FP:59, FN:0] | Progress: 26.7% | ETA: 15.3s ---
Epoch 9 Batch 1 | Loss: 0.567764 | Stats: min: -0.180, max: 0.147, mean: -0.040
Epoch 9 Batch 2 | Loss: 0.529960
Epoch 9 Batch 3 | Loss: 0.572108
Epoch 9 Batch 4 | Loss: 0.551266
Epoch 9 Batch 5 | Loss: 0.548095
Epoch 9 Batch 6 | Loss: 0.527514
Epoch 9 Batch 7 | Loss: 0.523127
Epoch 9 Batch 8 | Loss: 0.523742
Epoch 9 Batch 9 | Loss: 0.490105
Epoch 9 Batch 10 | Loss: 0.537426
Epoch 9 Batch 11 | Loss: 0.532545
Epoch 9 Batch 12 | Loss: 0.505960
Epoch 9 Batch 13 | Loss: 0.519548
  [STABILITY] Test accuracy improved: 65.70% -> 71.51% (via EMA). Saving best params.
--- Epoch 9/30 | Loss: 0.5330 | Train Acc: 79.0% | Test Acc: 71.5% | CM: [TP:86, TN:37, FP:49, FN:0] | Progress: 30.0% | ETA: 12.6s ---
Epoch 10 Batch 1 | Loss: 0.527009 | Stats: min: -0.517, max: 0.215, mean: -0.100
Epoch 10 Batch 2 | Loss: 0.508195
Epoch 10 Batch 3 | Loss: 0.561595
Epoch 10 Batch 4 | Loss: 0.512334
Epoch 10 Batch 5 | Loss: 0.550203
Epoch 10 Batch 6 | Loss: 0.528502
Epoch 10 Batch 7 | Loss: 0.568843
Epoch 10 Batch 8 | Loss: 0.530217
Epoch 10 Batch 9 | Loss: 0.530545
Epoch 10 Batch 10 | Loss: 0.528328
Epoch 10 Batch 11 | Loss: 0.526389
Epoch 10 Batch 12 | Loss: 0.536910
Epoch 10 Batch 13 | Loss: 0.540969
  [STABILITY] Test accuracy improved: 71.51% -> 76.16% (via EMA). Saving best params.
--- Epoch 10/30 | Loss: 0.5346 | Train Acc: 83.5% | Test Acc: 76.2% | CM: [TP:86, TN:45, FP:41, FN:0] | Progress: 33.3% | ETA: 11.0s ---
Epoch 11 Batch 1 | Loss: 0.506685 | Stats: min: -0.449, max: 0.006, mean: -0.232
Epoch 11 Batch 2 | Loss: 0.527616
Epoch 11 Batch 3 | Loss: 0.510462
Epoch 11 Batch 4 | Loss: 0.574093
Epoch 11 Batch 5 | Loss: 0.518156
Epoch 11 Batch 6 | Loss: 0.493353
Epoch 11 Batch 7 | Loss: 0.549072
Epoch 11 Batch 8 | Loss: 0.529057
Epoch 11 Batch 9 | Loss: 0.546586
Epoch 11 Batch 10 | Loss: 0.548382
Epoch 11 Batch 11 | Loss: 0.507948
Epoch 11 Batch 12 | Loss: 0.538881
Epoch 11 Batch 13 | Loss: 0.554838
  [STABILITY] Test accuracy improved: 76.16% -> 82.56% (via EMA). Saving best params.
--- Epoch 11/30 | Loss: 0.5312 | Train Acc: 87.0% | Test Acc: 82.6% | CM: [TP:86, TN:56, FP:30, FN:0] | Progress: 36.7% | ETA: 9.8s ---
Epoch 12 Batch 1 | Loss: 0.535537 | Stats: min: -0.413, max: 0.282, mean: -0.084
Epoch 12 Batch 2 | Loss: 0.547816
Epoch 12 Batch 3 | Loss: 0.560027
Epoch 12 Batch 4 | Loss: 0.528124
Epoch 12 Batch 5 | Loss: 0.521939
Epoch 12 Batch 6 | Loss: 0.521146
Epoch 12 Batch 7 | Loss: 0.510580
Epoch 12 Batch 8 | Loss: 0.525723
Epoch 12 Batch 9 | Loss: 0.520284
Epoch 12 Batch 10 | Loss: 0.490569
Epoch 12 Batch 11 | Loss: 0.504206
Epoch 12 Batch 12 | Loss: 0.519687
Epoch 12 Batch 13 | Loss: 0.535027
  [STABILITY] Test accuracy improved: 82.56% -> 83.14% (via EMA). Saving best params.
--- Epoch 12/30 | Loss: 0.5247 | Train Acc: 87.5% | Test Acc: 83.1% | CM: [TP:85, TN:58, FP:28, FN:1] | Progress: 40.0% | ETA: 8.3s ---
Epoch 13 Batch 1 | Loss: 0.526055 | Stats: min: -0.380, max: 0.280, mean: -0.039
Epoch 13 Batch 2 | Loss: 0.503802
Epoch 13 Batch 3 | Loss: 0.502224
Epoch 13 Batch 4 | Loss: 0.528023
Epoch 13 Batch 5 | Loss: 0.551614
Epoch 13 Batch 6 | Loss: 0.541419
Epoch 13 Batch 7 | Loss: 0.504003
Epoch 13 Batch 8 | Loss: 0.542978
Epoch 13 Batch 9 | Loss: 0.497945
Epoch 13 Batch 10 | Loss: 0.513977
Epoch 13 Batch 11 | Loss: 0.514746
Epoch 13 Batch 12 | Loss: 0.528324
Epoch 13 Batch 13 | Loss: 0.515681
  [STABILITY] Test accuracy improved: 83.14% -> 83.72% (via EMA). Saving best params.
--- Epoch 13/30 | Loss: 0.5208 | Train Acc: 90.5% | Test Acc: 83.7% | CM: [TP:84, TN:60, FP:26, FN:2] | Progress: 43.3% | ETA: 7.3s ---
Epoch 14 Batch 1 | Loss: 0.498882 | Stats: min: -0.419, max: 0.224, mean: -0.136
Epoch 14 Batch 2 | Loss: 0.534963
Epoch 14 Batch 3 | Loss: 0.508856
Epoch 14 Batch 4 | Loss: 0.504672
Epoch 14 Batch 5 | Loss: 0.492285
Epoch 14 Batch 6 | Loss: 0.529451
Epoch 14 Batch 7 | Loss: 0.511262
Epoch 14 Batch 8 | Loss: 0.549692
Epoch 14 Batch 9 | Loss: 0.513062
Epoch 14 Batch 10 | Loss: 0.524836
Epoch 14 Batch 11 | Loss: 0.539922
Epoch 14 Batch 12 | Loss: 0.527331
Epoch 14 Batch 13 | Loss: 0.506682
  [STABILITY] Test accuracy improved: 83.72% -> 86.05% (via EMA). Saving best params.
--- Epoch 14/30 | Loss: 0.5186 | Train Acc: 91.5% | Test Acc: 86.0% | CM: [TP:84, TN:64, FP:22, FN:2] | Progress: 46.7% | ETA: 6.6s ---
Epoch 15 Batch 1 | Loss: 0.523915 | Stats: min: -0.120, max: 0.283, mean: 0.039
Epoch 15 Batch 2 | Loss: 0.501803
Epoch 15 Batch 3 | Loss: 0.530319
Epoch 15 Batch 4 | Loss: 0.544397
Epoch 15 Batch 5 | Loss: 0.525289
Epoch 15 Batch 6 | Loss: 0.479923
Epoch 15 Batch 7 | Loss: 0.504573
Epoch 15 Batch 8 | Loss: 0.504076
Epoch 15 Batch 9 | Loss: 0.526497
Epoch 15 Batch 10 | Loss: 0.506776
Epoch 15 Batch 11 | Loss: 0.557852
Epoch 15 Batch 12 | Loss: 0.534189
Epoch 15 Batch 13 | Loss: 0.501167
  [STABILITY] Test accuracy improved: 86.05% -> 88.37% (via EMA). Saving best params.
--- Epoch 15/30 | Loss: 0.5185 | Train Acc: 92.5% | Test Acc: 88.4% | CM: [TP:84, TN:68, FP:18, FN:2] | Progress: 50.0% | ETA: 5.8s ---
Epoch 16 Batch 1 | Loss: 0.543734 | Stats: min: -0.404, max: 0.200, mean: -0.103
Epoch 16 Batch 2 | Loss: 0.521325
Epoch 16 Batch 3 | Loss: 0.493472
Epoch 16 Batch 4 | Loss: 0.486226
Epoch 16 Batch 5 | Loss: 0.547411
Epoch 16 Batch 6 | Loss: 0.529843
Epoch 16 Batch 7 | Loss: 0.521469
Epoch 16 Batch 8 | Loss: 0.503383
Epoch 16 Batch 9 | Loss: 0.538034
Epoch 16 Batch 10 | Loss: 0.538035
Epoch 16 Batch 11 | Loss: 0.519367
Epoch 16 Batch 12 | Loss: 0.497772
Epoch 16 Batch 13 | Loss: 0.479728
  [STABILITY] Test accuracy improved: 88.37% -> 88.95% (via EMA). Saving best params.
--- Epoch 16/30 | Loss: 0.5169 | Train Acc: 93.5% | Test Acc: 89.0% | CM: [TP:83, TN:70, FP:16, FN:3] | Progress: 53.3% | ETA: 5.0s ---
Epoch 17 Batch 1 | Loss: 0.522580 | Stats: min: -0.305, max: 0.252, mean: -0.052
Epoch 17 Batch 2 | Loss: 0.512956
Epoch 17 Batch 3 | Loss: 0.526229
Epoch 17 Batch 4 | Loss: 0.535874
Epoch 17 Batch 5 | Loss: 0.509007
Epoch 17 Batch 6 | Loss: 0.530535
Epoch 17 Batch 7 | Loss: 0.523232
Epoch 17 Batch 8 | Loss: 0.494265
Epoch 17 Batch 9 | Loss: 0.516950
Epoch 17 Batch 10 | Loss: 0.526762
Epoch 17 Batch 11 | Loss: 0.521312
Epoch 17 Batch 12 | Loss: 0.503483
Epoch 17 Batch 13 | Loss: 0.494828
--- Epoch 17/30 | Loss: 0.5168 | Train Acc: 94.0% | Test Acc: 89.0% | CM: [TP:83, TN:70, FP:16, FN:3] | Progress: 56.7% | ETA: 6.5s ---
Epoch 18 Batch 1 | Loss: 0.533693 | Stats: min: -0.419, max: 0.269, mean: -0.110
Epoch 18 Batch 2 | Loss: 0.509197
Epoch 18 Batch 3 | Loss: 0.560209
Epoch 18 Batch 4 | Loss: 0.522270
Epoch 18 Batch 5 | Loss: 0.490479
Epoch 18 Batch 6 | Loss: 0.513881
Epoch 18 Batch 7 | Loss: 0.527421
Epoch 18 Batch 8 | Loss: 0.517828
Epoch 18 Batch 9 | Loss: 0.503143
Epoch 18 Batch 10 | Loss: 0.528249
Epoch 18 Batch 11 | Loss: 0.479790
Epoch 18 Batch 12 | Loss: 0.502482
Epoch 18 Batch 13 | Loss: 0.557122
  [STABILITY] Test accuracy improved: 88.95% -> 90.12% (via EMA). Saving best params.
--- Epoch 18/30 | Loss: 0.5189 | Train Acc: 94.5% | Test Acc: 90.1% | CM: [TP:82, TN:73, FP:13, FN:4] | Progress: 60.0% | ETA: 5.3s ---
Epoch 19 Batch 1 | Loss: 0.517071 | Stats: min: -0.248, max: 0.139, mean: 0.046
Epoch 19 Batch 2 | Loss: 0.517184
Epoch 19 Batch 3 | Loss: 0.519276
Epoch 19 Batch 4 | Loss: 0.535269
Epoch 19 Batch 5 | Loss: 0.466729
Epoch 19 Batch 6 | Loss: 0.526789
Epoch 19 Batch 7 | Loss: 0.528460
Epoch 19 Batch 8 | Loss: 0.508889
Epoch 19 Batch 9 | Loss: 0.512198
Epoch 19 Batch 10 | Loss: 0.519055
Epoch 19 Batch 11 | Loss: 0.530264
Epoch 19 Batch 12 | Loss: 0.523951
Epoch 19 Batch 13 | Loss: 0.500226
--- Epoch 19/30 | Loss: 0.5158 | Train Acc: 94.0% | Test Acc: 90.1% | CM: [TP:82, TN:73, FP:13, FN:4] | Progress: 63.3% | ETA: 4.1s ---
Epoch 20 Batch 1 | Loss: 0.498203 | Stats: min: -0.412, max: 0.297, mean: -0.116
Epoch 20 Batch 2 | Loss: 0.486162
Epoch 20 Batch 3 | Loss: 0.526904
Epoch 20 Batch 4 | Loss: 0.511056
Epoch 20 Batch 5 | Loss: 0.533829
Epoch 20 Batch 6 | Loss: 0.532945
Epoch 20 Batch 7 | Loss: 0.513778
Epoch 20 Batch 8 | Loss: 0.480297
Epoch 20 Batch 9 | Loss: 0.531987
Epoch 20 Batch 10 | Loss: 0.548838
Epoch 20 Batch 11 | Loss: 0.515696
Epoch 20 Batch 12 | Loss: 0.511565
Epoch 20 Batch 13 | Loss: 0.537698
--- Epoch 20/30 | Loss: 0.5176 | Train Acc: 94.5% | Test Acc: 90.1% | CM: [TP:82, TN:73, FP:13, FN:4] | Progress: 66.7% | ETA: 4.6s ---
Epoch 21 Batch 1 | Loss: 0.529555 | Stats: min: -0.323, max: 0.240, mean: -0.054
Epoch 21 Batch 2 | Loss: 0.491464
Epoch 21 Batch 3 | Loss: 0.521212
Epoch 21 Batch 4 | Loss: 0.484311
Epoch 21 Batch 5 | Loss: 0.539491
Epoch 21 Batch 6 | Loss: 0.523983
Epoch 21 Batch 7 | Loss: 0.523622
Epoch 21 Batch 8 | Loss: 0.482151
Epoch 21 Batch 9 | Loss: 0.557128
Epoch 21 Batch 10 | Loss: 0.525052
Epoch 21 Batch 11 | Loss: 0.520454
Epoch 21 Batch 12 | Loss: 0.515686
Epoch 21 Batch 13 | Loss: 0.503399
  [STABILITY] Plateau detected. Reducing Learning Rate to 0.005000
--- Epoch 21/30 | Loss: 0.5167 | Train Acc: 94.5% | Test Acc: 90.1% | CM: [TP:82, TN:73, FP:13, FN:4] | Progress: 70.0% | ETA: 3.4s ---
Epoch 22 Batch 1 | Loss: 0.526624 | Stats: min: -0.444, max: 0.269, mean: 0.037
Epoch 22 Batch 2 | Loss: 0.501039
Epoch 22 Batch 3 | Loss: 0.537591
Epoch 22 Batch 4 | Loss: 0.513262
Epoch 22 Batch 5 | Loss: 0.513030
Epoch 22 Batch 6 | Loss: 0.545753
Epoch 22 Batch 7 | Loss: 0.526231
Epoch 22 Batch 8 | Loss: 0.491602
Epoch 22 Batch 9 | Loss: 0.481922
Epoch 22 Batch 10 | Loss: 0.538117
Epoch 22 Batch 11 | Loss: 0.482492
Epoch 22 Batch 12 | Loss: 0.517144
Epoch 22 Batch 13 | Loss: 0.544445
--- Epoch 22/30 | Loss: 0.5169 | Train Acc: 95.5% | Test Acc: 90.1% | CM: [TP:82, TN:73, FP:13, FN:4] | Progress: 73.3% | ETA: 2.9s ---
Epoch 23 Batch 1 | Loss: 0.528457 | Stats: min: -0.586, max: 0.244, mean: -0.050
Epoch 23 Batch 2 | Loss: 0.529773
Epoch 23 Batch 3 | Loss: 0.492463
Epoch 23 Batch 4 | Loss: 0.530337
Epoch 23 Batch 5 | Loss: 0.529954
Epoch 23 Batch 6 | Loss: 0.500973
Epoch 23 Batch 7 | Loss: 0.520095
Epoch 23 Batch 8 | Loss: 0.528495
Epoch 23 Batch 9 | Loss: 0.499133
Epoch 23 Batch 10 | Loss: 0.521828
Epoch 23 Batch 11 | Loss: 0.503107
Epoch 23 Batch 12 | Loss: 0.512928
Epoch 23 Batch 13 | Loss: 0.508169
  [STABILITY] Test accuracy improved: 90.12% -> 90.70% (via EMA). Saving best params.
--- Epoch 23/30 | Loss: 0.5158 | Train Acc: 96.0% | Test Acc: 90.7% | CM: [TP:82, TN:74, FP:12, FN:4] | Progress: 76.7% | ETA: 2.0s ---
Epoch 24 Batch 1 | Loss: 0.501546 | Stats: min: -0.336, max: 0.183, mean: -0.122
Epoch 24 Batch 2 | Loss: 0.499812
Epoch 24 Batch 3 | Loss: 0.545607
Epoch 24 Batch 4 | Loss: 0.541269
Epoch 24 Batch 5 | Loss: 0.494315
Epoch 24 Batch 6 | Loss: 0.515242
Epoch 24 Batch 7 | Loss: 0.516063
Epoch 24 Batch 8 | Loss: 0.529232
Epoch 24 Batch 9 | Loss: 0.508238
Epoch 24 Batch 10 | Loss: 0.520634
Epoch 24 Batch 11 | Loss: 0.510690
Epoch 24 Batch 12 | Loss: 0.521671
Epoch 24 Batch 13 | Loss: 0.455436
--- Epoch 24/30 | Loss: 0.5123 | Train Acc: 96.0% | Test Acc: 90.7% | CM: [TP:82, TN:74, FP:12, FN:4] | Progress: 80.0% | ETA: 1.7s ---
Epoch 25 Batch 1 | Loss: 0.534037 | Stats: min: -0.438, max: 0.248, mean: -0.032
Epoch 25 Batch 2 | Loss: 0.524388
Epoch 25 Batch 3 | Loss: 0.522155
Epoch 25 Batch 4 | Loss: 0.506485
Epoch 25 Batch 5 | Loss: 0.523664
Epoch 25 Batch 6 | Loss: 0.532735
Epoch 25 Batch 7 | Loss: 0.496811
Epoch 25 Batch 8 | Loss: 0.497276
Epoch 25 Batch 9 | Loss: 0.501584
Epoch 25 Batch 10 | Loss: 0.505495
Epoch 25 Batch 11 | Loss: 0.523852
Epoch 25 Batch 12 | Loss: 0.528636
Epoch 25 Batch 13 | Loss: 0.483837
--- Epoch 25/30 | Loss: 0.5139 | Train Acc: 96.0% | Test Acc: 90.7% | CM: [TP:82, TN:74, FP:12, FN:4] | Progress: 83.3% | ETA: 1.8s ---
Epoch 26 Batch 1 | Loss: 0.507431 | Stats: min: -0.386, max: 0.091, mean: -0.191
Epoch 26 Batch 2 | Loss: 0.467095
Epoch 26 Batch 3 | Loss: 0.516013
Epoch 26 Batch 4 | Loss: 0.531687
Epoch 26 Batch 5 | Loss: 0.511665
Epoch 26 Batch 6 | Loss: 0.523076
Epoch 26 Batch 7 | Loss: 0.514488
Epoch 26 Batch 8 | Loss: 0.506380
Epoch 26 Batch 9 | Loss: 0.553876
Epoch 26 Batch 10 | Loss: 0.516768
Epoch 26 Batch 11 | Loss: 0.500071
Epoch 26 Batch 12 | Loss: 0.532714
Epoch 26 Batch 13 | Loss: 0.481971
  [STABILITY] Test accuracy improved: 90.70% -> 91.86% (via EMA). Saving best params.
--- Epoch 26/30 | Loss: 0.5126 | Train Acc: 96.5% | Test Acc: 91.9% | CM: [TP:82, TN:76, FP:10, FN:4] | Progress: 86.7% | ETA: 1.1s ---
Epoch 27 Batch 1 | Loss: 0.514452 | Stats: min: -0.346, max: 0.230, mean: -0.117
Epoch 27 Batch 2 | Loss: 0.514771
Epoch 27 Batch 3 | Loss: 0.508477
Epoch 27 Batch 4 | Loss: 0.526187
Epoch 27 Batch 5 | Loss: 0.476934
Epoch 27 Batch 6 | Loss: 0.520746
Epoch 27 Batch 7 | Loss: 0.520781
Epoch 27 Batch 8 | Loss: 0.492504
Epoch 27 Batch 9 | Loss: 0.541626
Epoch 27 Batch 10 | Loss: 0.506066
Epoch 27 Batch 11 | Loss: 0.512284
Epoch 27 Batch 12 | Loss: 0.516802
Epoch 27 Batch 13 | Loss: 0.551190
  [STABILITY] Test accuracy improved: 91.86% -> 92.44% (via EMA). Saving best params.
--- Epoch 27/30 | Loss: 0.5156 | Train Acc: 96.5% | Test Acc: 92.4% | CM: [TP:82, TN:77, FP:9, FN:4] | Progress: 90.0% | ETA: 0.6s ---
Epoch 28 Batch 1 | Loss: 0.515786 | Stats: min: -0.156, max: 0.198, mean: 0.063
Epoch 28 Batch 2 | Loss: 0.507339
Epoch 28 Batch 3 | Loss: 0.521005
Epoch 28 Batch 4 | Loss: 0.489734
Epoch 28 Batch 5 | Loss: 0.497368
Epoch 28 Batch 6 | Loss: 0.528896
Epoch 28 Batch 7 | Loss: 0.518085
Epoch 28 Batch 8 | Loss: 0.494460
Epoch 28 Batch 9 | Loss: 0.540591
Epoch 28 Batch 10 | Loss: 0.505576
Epoch 28 Batch 11 | Loss: 0.522510
Epoch 28 Batch 12 | Loss: 0.515134
Epoch 28 Batch 13 | Loss: 0.529833
--- Epoch 28/30 | Loss: 0.5143 | Train Acc: 97.0% | Test Acc: 92.4% | CM: [TP:82, TN:77, FP:9, FN:4] | Progress: 93.3% | ETA: 0.4s ---
Epoch 29 Batch 1 | Loss: 0.478534 | Stats: min: -0.429, max: 0.282, mean: -0.011
Epoch 29 Batch 2 | Loss: 0.511289
Epoch 29 Batch 3 | Loss: 0.512579
Epoch 29 Batch 4 | Loss: 0.528688
Epoch 29 Batch 5 | Loss: 0.545231
Epoch 29 Batch 6 | Loss: 0.495208
Epoch 29 Batch 7 | Loss: 0.505845
Epoch 29 Batch 8 | Loss: 0.466821
Epoch 29 Batch 9 | Loss: 0.519983
Epoch 29 Batch 10 | Loss: 0.553810
Epoch 29 Batch 11 | Loss: 0.504829
Epoch 29 Batch 12 | Loss: 0.522336
Epoch 29 Batch 13 | Loss: 0.558299
--- Epoch 29/30 | Loss: 0.5157 | Train Acc: 97.0% | Test Acc: 92.4% | CM: [TP:82, TN:77, FP:9, FN:4] | Progress: 96.7% | ETA: 0.2s ---
Epoch 30 Batch 1 | Loss: 0.470907 | Stats: min: -0.215, max: 0.228, mean: 0.100
Epoch 30 Batch 2 | Loss: 0.531606
Epoch 30 Batch 3 | Loss: 0.508053
Epoch 30 Batch 4 | Loss: 0.510179
Epoch 30 Batch 5 | Loss: 0.527909
Epoch 30 Batch 6 | Loss: 0.545760
Epoch 30 Batch 7 | Loss: 0.501811
Epoch 30 Batch 8 | Loss: 0.526485
Epoch 30 Batch 9 | Loss: 0.537733
Epoch 30 Batch 10 | Loss: 0.496546
Epoch 30 Batch 11 | Loss: 0.483426
Epoch 30 Batch 12 | Loss: 0.521532
Epoch 30 Batch 13 | Loss: 0.527553
  [STABILITY] Plateau detected. Reducing Learning Rate to 0.002500
--- Epoch 30/30 | Loss: 0.5146 | Train Acc: 97.0% | Test Acc: 91.9% | CM: [TP:81, TN:77, FP:9, FN:5] | Progress: 100.0% | ETA: 0.0s ---

Final Best Test Accuracy: 92.44%


Best Quantum Test Accuracy: 0.924
