DEBUG: Qtrainer enters train_pure_quantum_cnn. Encoding: amplitude
  Class Weights: +1 (Target): 1.00 | -1 (Rest): 1.00
Starting Training
==================================================
Epoch 1 Batch 1 | Loss: 0.746342 | Stats: min: -0.251, max: -0.180, mean: -0.225
Epoch 1 Batch 2 | Loss: 0.730031
Epoch 1 Batch 3 | Loss: 0.692078
Epoch 1 Batch 4 | Loss: 0.696152
Epoch 1 Batch 5 | Loss: 0.687517
Epoch 1 Batch 6 | Loss: 0.701679
Epoch 1 Batch 7 | Loss: 0.671859
Epoch 1 Batch 8 | Loss: 0.677121
Epoch 1 Batch 9 | Loss: 0.644379
Epoch 1 Batch 10 | Loss: 0.658247
Epoch 1 Batch 11 | Loss: 0.660566
Epoch 1 Batch 12 | Loss: 0.653290
Epoch 1 Batch 13 | Loss: 0.634197
  [STABILITY] Test accuracy improved: 0.00% -> 50.00% (via EMA). Saving best params.
--- Epoch 1/30 | Loss: 0.6810 | Train Acc: 52.5% | Test Acc: 50.0% | CM: [TP:0, TN:86, FP:0, FN:86] | Progress: 3.3% | ETA: 319.2s ---
Epoch 2 Batch 1 | Loss: 0.635091 | Stats: min: 0.036, max: 0.173, mean: 0.100
Epoch 2 Batch 2 | Loss: 0.634246
Epoch 2 Batch 3 | Loss: 0.642644
Epoch 2 Batch 4 | Loss: 0.603549
Epoch 2 Batch 5 | Loss: 0.668531
Epoch 2 Batch 6 | Loss: 0.587416
Epoch 2 Batch 7 | Loss: 0.652015
Epoch 2 Batch 8 | Loss: 0.625580
Epoch 2 Batch 9 | Loss: 0.612846
Epoch 2 Batch 10 | Loss: 0.601886
Epoch 2 Batch 11 | Loss: 0.615105
Epoch 2 Batch 12 | Loss: 0.605307
Epoch 2 Batch 13 | Loss: 0.608699
--- Epoch 2/30 | Loss: 0.6225 | Train Acc: 52.5% | Test Acc: 50.0% | CM: [TP:0, TN:86, FP:0, FN:86] | Progress: 6.7% | ETA: 153.9s ---
Epoch 3 Batch 1 | Loss: 0.638886 | Stats: min: -0.300, max: -0.073, mean: -0.187
Epoch 3 Batch 2 | Loss: 0.608125
Epoch 3 Batch 3 | Loss: 0.595530
Epoch 3 Batch 4 | Loss: 0.585980
Epoch 3 Batch 5 | Loss: 0.597388
Epoch 3 Batch 6 | Loss: 0.605545
Epoch 3 Batch 7 | Loss: 0.600560
Epoch 3 Batch 8 | Loss: 0.576541
Epoch 3 Batch 9 | Loss: 0.607606
Epoch 3 Batch 10 | Loss: 0.597534
Epoch 3 Batch 11 | Loss: 0.622296
Epoch 3 Batch 12 | Loss: 0.607297
Epoch 3 Batch 13 | Loss: 0.632277
--- Epoch 3/30 | Loss: 0.6058 | Train Acc: 52.5% | Test Acc: 50.0% | CM: [TP:0, TN:86, FP:0, FN:86] | Progress: 10.0% | ETA: 100.4s ---
Epoch 4 Batch 1 | Loss: 0.584858 | Stats: min: -0.318, max: 0.115, mean: -0.017
Epoch 4 Batch 2 | Loss: 0.579673
Epoch 4 Batch 3 | Loss: 0.566306
Epoch 4 Batch 4 | Loss: 0.592241
Epoch 4 Batch 5 | Loss: 0.580003
Epoch 4 Batch 6 | Loss: 0.583784
Epoch 4 Batch 7 | Loss: 0.582031
Epoch 4 Batch 8 | Loss: 0.554979
Epoch 4 Batch 9 | Loss: 0.613702
Epoch 4 Batch 10 | Loss: 0.597738
Epoch 4 Batch 11 | Loss: 0.600836
Epoch 4 Batch 12 | Loss: 0.544240
Epoch 4 Batch 13 | Loss: 0.511214
  [STABILITY] Plateau detected. Reducing Learning Rate to 0.010000
--- Epoch 4/30 | Loss: 0.5763 | Train Acc: 52.5% | Test Acc: 50.0% | CM: [TP:0, TN:86, FP:0, FN:86] | Progress: 13.3% | ETA: 73.3s ---
Epoch 5 Batch 1 | Loss: 0.566575 | Stats: min: -0.370, max: 0.199, mean: 0.006
Epoch 5 Batch 2 | Loss: 0.559253
Epoch 5 Batch 3 | Loss: 0.576035
Epoch 5 Batch 4 | Loss: 0.555848
Epoch 5 Batch 5 | Loss: 0.556422
Epoch 5 Batch 6 | Loss: 0.550587
Epoch 5 Batch 7 | Loss: 0.605838
Epoch 5 Batch 8 | Loss: 0.551590
Epoch 5 Batch 9 | Loss: 0.523723
Epoch 5 Batch 10 | Loss: 0.530868
Epoch 5 Batch 11 | Loss: 0.575865
Epoch 5 Batch 12 | Loss: 0.568372
Epoch 5 Batch 13 | Loss: 0.563517
--- Epoch 5/30 | Loss: 0.5603 | Train Acc: 52.0% | Test Acc: 50.0% | CM: [TP:1, TN:85, FP:1, FN:85] | Progress: 16.7% | ETA: 55.6s ---
Epoch 6 Batch 1 | Loss: 0.565807 | Stats: min: -0.123, max: 0.151, mean: 0.023
Epoch 6 Batch 2 | Loss: 0.537603
Epoch 6 Batch 3 | Loss: 0.552893
Epoch 6 Batch 4 | Loss: 0.527618
Epoch 6 Batch 5 | Loss: 0.550664
Epoch 6 Batch 6 | Loss: 0.550125
Epoch 6 Batch 7 | Loss: 0.567830
Epoch 6 Batch 8 | Loss: 0.574072
Epoch 6 Batch 9 | Loss: 0.540943
Epoch 6 Batch 10 | Loss: 0.542574
Epoch 6 Batch 11 | Loss: 0.575020
Epoch 6 Batch 12 | Loss: 0.562839
Epoch 6 Batch 13 | Loss: 0.571567
  [STABILITY] Test accuracy improved: 50.00% -> 53.49% (via EMA). Saving best params.
--- Epoch 6/30 | Loss: 0.5554 | Train Acc: 56.0% | Test Acc: 53.5% | CM: [TP:7, TN:85, FP:1, FN:79] | Progress: 20.0% | ETA: 44.6s ---
Epoch 7 Batch 1 | Loss: 0.559012 | Stats: min: 0.001, max: 0.229, mean: 0.132
Epoch 7 Batch 2 | Loss: 0.550417
Epoch 7 Batch 3 | Loss: 0.548897
Epoch 7 Batch 4 | Loss: 0.545783
Epoch 7 Batch 5 | Loss: 0.545665
Epoch 7 Batch 6 | Loss: 0.542805
Epoch 7 Batch 7 | Loss: 0.571954
Epoch 7 Batch 8 | Loss: 0.540270
Epoch 7 Batch 9 | Loss: 0.519963
Epoch 7 Batch 10 | Loss: 0.540187
Epoch 7 Batch 11 | Loss: 0.552736
Epoch 7 Batch 12 | Loss: 0.558928
Epoch 7 Batch 13 | Loss: 0.553158
  [STABILITY] Test accuracy improved: 53.49% -> 75.00% (via EMA). Saving best params.
--- Epoch 7/30 | Loss: 0.5484 | Train Acc: 75.0% | Test Acc: 75.0% | CM: [TP:45, TN:84, FP:2, FN:41] | Progress: 23.3% | ETA: 36.1s ---
Epoch 8 Batch 1 | Loss: 0.565173 | Stats: min: -0.013, max: 0.141, mean: 0.060
Epoch 8 Batch 2 | Loss: 0.510632
Epoch 8 Batch 3 | Loss: 0.523611
Epoch 8 Batch 4 | Loss: 0.566662
Epoch 8 Batch 5 | Loss: 0.486250
Epoch 8 Batch 6 | Loss: 0.561575
Epoch 8 Batch 7 | Loss: 0.535835
Epoch 8 Batch 8 | Loss: 0.590599
Epoch 8 Batch 9 | Loss: 0.570688
Epoch 8 Batch 10 | Loss: 0.530893
Epoch 8 Batch 11 | Loss: 0.544607
Epoch 8 Batch 12 | Loss: 0.542559
Epoch 8 Batch 13 | Loss: 0.567071
  [STABILITY] Test accuracy improved: 75.00% -> 83.72% (via EMA). Saving best params.
--- Epoch 8/30 | Loss: 0.5459 | Train Acc: 81.5% | Test Acc: 83.7% | CM: [TP:63, TN:81, FP:5, FN:23] | Progress: 26.7% | ETA: 30.4s ---
Epoch 9 Batch 1 | Loss: 0.536376 | Stats: min: -0.265, max: 0.272, mean: 0.053
Epoch 9 Batch 2 | Loss: 0.545691
Epoch 9 Batch 3 | Loss: 0.507642
Epoch 9 Batch 4 | Loss: 0.545852
Epoch 9 Batch 5 | Loss: 0.511068
Epoch 9 Batch 6 | Loss: 0.530007
Epoch 9 Batch 7 | Loss: 0.567856
Epoch 9 Batch 8 | Loss: 0.565225
Epoch 9 Batch 9 | Loss: 0.554552
Epoch 9 Batch 10 | Loss: 0.534334
Epoch 9 Batch 11 | Loss: 0.524912
Epoch 9 Batch 12 | Loss: 0.567131
Epoch 9 Batch 13 | Loss: 0.545701
  [STABILITY] Test accuracy improved: 83.72% -> 92.44% (via EMA). Saving best params.
--- Epoch 9/30 | Loss: 0.5413 | Train Acc: 86.5% | Test Acc: 92.4% | CM: [TP:80, TN:79, FP:7, FN:6] | Progress: 30.0% | ETA: 26.0s ---
Epoch 10 Batch 1 | Loss: 0.529000 | Stats: min: -0.465, max: 0.260, mean: -0.093
Epoch 10 Batch 2 | Loss: 0.510905
Epoch 10 Batch 3 | Loss: 0.543561
Epoch 10 Batch 4 | Loss: 0.526205
Epoch 10 Batch 5 | Loss: 0.564341
Epoch 10 Batch 6 | Loss: 0.531385
Epoch 10 Batch 7 | Loss: 0.528321
Epoch 10 Batch 8 | Loss: 0.520580
Epoch 10 Batch 9 | Loss: 0.547560
Epoch 10 Batch 10 | Loss: 0.556896
Epoch 10 Batch 11 | Loss: 0.536325
Epoch 10 Batch 12 | Loss: 0.565053
Epoch 10 Batch 13 | Loss: 0.527086
--- Epoch 10/30 | Loss: 0.5375 | Train Acc: 88.5% | Test Acc: 91.3% | CM: [TP:80, TN:77, FP:9, FN:6] | Progress: 33.3% | ETA: 22.1s ---
Epoch 11 Batch 1 | Loss: 0.558348 | Stats: min: -0.199, max: 0.209, mean: -0.010
Epoch 11 Batch 2 | Loss: 0.508038
Epoch 11 Batch 3 | Loss: 0.535459
Epoch 11 Batch 4 | Loss: 0.509389
Epoch 11 Batch 5 | Loss: 0.542498
Epoch 11 Batch 6 | Loss: 0.545447
Epoch 11 Batch 7 | Loss: 0.547210
Epoch 11 Batch 8 | Loss: 0.521889
Epoch 11 Batch 9 | Loss: 0.521245
Epoch 11 Batch 10 | Loss: 0.532242
Epoch 11 Batch 11 | Loss: 0.570161
Epoch 11 Batch 12 | Loss: 0.546964
Epoch 11 Batch 13 | Loss: 0.512319
--- Epoch 11/30 | Loss: 0.5347 | Train Acc: 88.5% | Test Acc: 91.3% | CM: [TP:83, TN:74, FP:12, FN:3] | Progress: 36.7% | ETA: 19.3s ---
Epoch 12 Batch 1 | Loss: 0.552210 | Stats: min: -0.310, max: 0.034, mean: -0.123
Epoch 12 Batch 2 | Loss: 0.484026
Epoch 12 Batch 3 | Loss: 0.527305
Epoch 12 Batch 4 | Loss: 0.525083
Epoch 12 Batch 5 | Loss: 0.556591
Epoch 12 Batch 6 | Loss: 0.555403
Epoch 12 Batch 7 | Loss: 0.528283
Epoch 12 Batch 8 | Loss: 0.502493
Epoch 12 Batch 9 | Loss: 0.546525
Epoch 12 Batch 10 | Loss: 0.550694
Epoch 12 Batch 11 | Loss: 0.547868
Epoch 12 Batch 12 | Loss: 0.529615
Epoch 12 Batch 13 | Loss: 0.561701
  [STABILITY] Plateau detected. Reducing Learning Rate to 0.005000
--- Epoch 12/30 | Loss: 0.5360 | Train Acc: 89.5% | Test Acc: 91.9% | CM: [TP:84, TN:74, FP:12, FN:2] | Progress: 40.0% | ETA: 16.6s ---
Epoch 13 Batch 1 | Loss: 0.529885 | Stats: min: -0.415, max: 0.283, mean: 0.027
Epoch 13 Batch 2 | Loss: 0.500622
Epoch 13 Batch 3 | Loss: 0.515753
Epoch 13 Batch 4 | Loss: 0.532732
Epoch 13 Batch 5 | Loss: 0.511114
Epoch 13 Batch 6 | Loss: 0.517639
Epoch 13 Batch 7 | Loss: 0.531588
Epoch 13 Batch 8 | Loss: 0.572734
Epoch 13 Batch 9 | Loss: 0.529496
Epoch 13 Batch 10 | Loss: 0.550450
Epoch 13 Batch 11 | Loss: 0.559688
Epoch 13 Batch 12 | Loss: 0.535608
Epoch 13 Batch 13 | Loss: 0.534503
  [STABILITY] Test accuracy improved: 92.44% -> 93.60% (via EMA). Saving best params.
--- Epoch 13/30 | Loss: 0.5324 | Train Acc: 89.5% | Test Acc: 93.6% | CM: [TP:85, TN:76, FP:10, FN:1] | Progress: 43.3% | ETA: 14.5s ---
Epoch 14 Batch 1 | Loss: 0.570778 | Stats: min: -0.106, max: 0.197, mean: 0.044
Epoch 14 Batch 2 | Loss: 0.507116
Epoch 14 Batch 3 | Loss: 0.531719
Epoch 14 Batch 4 | Loss: 0.511255
Epoch 14 Batch 5 | Loss: 0.520610
Epoch 14 Batch 6 | Loss: 0.522037
Epoch 14 Batch 7 | Loss: 0.562253
Epoch 14 Batch 8 | Loss: 0.525968
Epoch 14 Batch 9 | Loss: 0.522520
Epoch 14 Batch 10 | Loss: 0.494600
Epoch 14 Batch 11 | Loss: 0.537340
Epoch 14 Batch 12 | Loss: 0.564429
Epoch 14 Batch 13 | Loss: 0.530491
  [STABILITY] Test accuracy improved: 93.60% -> 95.35% (via EMA). Saving best params.
--- Epoch 14/30 | Loss: 0.5309 | Train Acc: 89.0% | Test Acc: 95.3% | CM: [TP:85, TN:79, FP:7, FN:1] | Progress: 46.7% | ETA: 12.6s ---
Epoch 15 Batch 1 | Loss: 0.542881 | Stats: min: -0.086, max: 0.277, mean: 0.168
Epoch 15 Batch 2 | Loss: 0.516610
Epoch 15 Batch 3 | Loss: 0.520159
Epoch 15 Batch 4 | Loss: 0.537257
Epoch 15 Batch 5 | Loss: 0.485454
Epoch 15 Batch 6 | Loss: 0.518081
Epoch 15 Batch 7 | Loss: 0.558858
Epoch 15 Batch 8 | Loss: 0.547045
Epoch 15 Batch 9 | Loss: 0.522956
Epoch 15 Batch 10 | Loss: 0.527225
Epoch 15 Batch 11 | Loss: 0.519787
Epoch 15 Batch 12 | Loss: 0.565451
Epoch 15 Batch 13 | Loss: 0.517243
--- Epoch 15/30 | Loss: 0.5292 | Train Acc: 89.0% | Test Acc: 95.3% | CM: [TP:85, TN:79, FP:7, FN:1] | Progress: 50.0% | ETA: 11.2s ---
Epoch 16 Batch 1 | Loss: 0.522701 | Stats: min: -0.288, max: 0.224, mean: -0.100
Epoch 16 Batch 2 | Loss: 0.534495
Epoch 16 Batch 3 | Loss: 0.521185
Epoch 16 Batch 4 | Loss: 0.561482
Epoch 16 Batch 5 | Loss: 0.534647
Epoch 16 Batch 6 | Loss: 0.512177
Epoch 16 Batch 7 | Loss: 0.535087
Epoch 16 Batch 8 | Loss: 0.509800
Epoch 16 Batch 9 | Loss: 0.529426
Epoch 16 Batch 10 | Loss: 0.548261
Epoch 16 Batch 11 | Loss: 0.535665
Epoch 16 Batch 12 | Loss: 0.507239
Epoch 16 Batch 13 | Loss: 0.507836
--- Epoch 16/30 | Loss: 0.5277 | Train Acc: 89.5% | Test Acc: 95.3% | CM: [TP:85, TN:79, FP:7, FN:1] | Progress: 53.3% | ETA: 9.8s ---
Epoch 17 Batch 1 | Loss: 0.523188 | Stats: min: -0.139, max: 0.258, mean: 0.097
Epoch 17 Batch 2 | Loss: 0.496501
Epoch 17 Batch 3 | Loss: 0.504593
Epoch 17 Batch 4 | Loss: 0.517081
Epoch 17 Batch 5 | Loss: 0.540532
Epoch 17 Batch 6 | Loss: 0.561570
Epoch 17 Batch 7 | Loss: 0.519983
Epoch 17 Batch 8 | Loss: 0.520616
Epoch 17 Batch 9 | Loss: 0.518906
Epoch 17 Batch 10 | Loss: 0.536188
Epoch 17 Batch 11 | Loss: 0.553433
Epoch 17 Batch 12 | Loss: 0.548917
Epoch 17 Batch 13 | Loss: 0.523224
  [STABILITY] Plateau detected. Reducing Learning Rate to 0.002500
--- Epoch 17/30 | Loss: 0.5281 | Train Acc: 90.0% | Test Acc: 95.3% | CM: [TP:85, TN:79, FP:7, FN:1] | Progress: 56.7% | ETA: 8.7s ---
Epoch 18 Batch 1 | Loss: 0.532683 | Stats: min: -0.123, max: 0.154, mean: 0.073
Epoch 18 Batch 2 | Loss: 0.507412
Epoch 18 Batch 3 | Loss: 0.524416
Epoch 18 Batch 4 | Loss: 0.536164
Epoch 18 Batch 5 | Loss: 0.532336
Epoch 18 Batch 6 | Loss: 0.518151
Epoch 18 Batch 7 | Loss: 0.546446
Epoch 18 Batch 8 | Loss: 0.529136
Epoch 18 Batch 9 | Loss: 0.518123
Epoch 18 Batch 10 | Loss: 0.576569
Epoch 18 Batch 11 | Loss: 0.526929
Epoch 18 Batch 12 | Loss: 0.493315
Epoch 18 Batch 13 | Loss: 0.503485
--- Epoch 18/30 | Loss: 0.5266 | Train Acc: 90.5% | Test Acc: 95.3% | CM: [TP:85, TN:79, FP:7, FN:1] | Progress: 60.0% | ETA: 7.4s ---
Epoch 19 Batch 1 | Loss: 0.533286 | Stats: min: -0.327, max: 0.152, mean: 0.013
Epoch 19 Batch 2 | Loss: 0.544622
Epoch 19 Batch 3 | Loss: 0.557293
Epoch 19 Batch 4 | Loss: 0.528241
Epoch 19 Batch 5 | Loss: 0.528321
Epoch 19 Batch 6 | Loss: 0.535655
Epoch 19 Batch 7 | Loss: 0.511585
Epoch 19 Batch 8 | Loss: 0.504496
Epoch 19 Batch 9 | Loss: 0.515634
Epoch 19 Batch 10 | Loss: 0.534196
Epoch 19 Batch 11 | Loss: 0.507481
Epoch 19 Batch 12 | Loss: 0.541422
Epoch 19 Batch 13 | Loss: 0.506862
--- Epoch 19/30 | Loss: 0.5269 | Train Acc: 90.5% | Test Acc: 95.3% | CM: [TP:85, TN:79, FP:7, FN:1] | Progress: 63.3% | ETA: 6.5s ---
Epoch 20 Batch 1 | Loss: 0.544124 | Stats: min: -0.185, max: 0.205, mean: 0.021
Epoch 20 Batch 2 | Loss: 0.537061
Epoch 20 Batch 3 | Loss: 0.523676
Epoch 20 Batch 4 | Loss: 0.499857
Epoch 20 Batch 5 | Loss: 0.557308
Epoch 20 Batch 6 | Loss: 0.496660
Epoch 20 Batch 7 | Loss: 0.492569
Epoch 20 Batch 8 | Loss: 0.531327
Epoch 20 Batch 9 | Loss: 0.510935
Epoch 20 Batch 10 | Loss: 0.569287
Epoch 20 Batch 11 | Loss: 0.524902
Epoch 20 Batch 12 | Loss: 0.557116
Epoch 20 Batch 13 | Loss: 0.488971
  [STABILITY] Plateau detected. Reducing Learning Rate to 0.001250
--- Epoch 20/30 | Loss: 0.5257 | Train Acc: 90.5% | Test Acc: 95.3% | CM: [TP:85, TN:79, FP:7, FN:1] | Progress: 66.7% | ETA: 5.6s ---
Epoch 21 Batch 1 | Loss: 0.511025 | Stats: min: -0.402, max: 0.205, mean: -0.031
Epoch 21 Batch 2 | Loss: 0.533245
Epoch 21 Batch 3 | Loss: 0.527374
Epoch 21 Batch 4 | Loss: 0.520226
Epoch 21 Batch 5 | Loss: 0.521867
Epoch 21 Batch 6 | Loss: 0.530424
Epoch 21 Batch 7 | Loss: 0.503877
Epoch 21 Batch 8 | Loss: 0.549424
Epoch 21 Batch 9 | Loss: 0.543008
Epoch 21 Batch 10 | Loss: 0.515595
Epoch 21 Batch 11 | Loss: 0.549160
Epoch 21 Batch 12 | Loss: 0.519225
Epoch 21 Batch 13 | Loss: 0.524384
--- Epoch 21/30 | Loss: 0.5268 | Train Acc: 91.0% | Test Acc: 95.3% | CM: [TP:85, TN:79, FP:7, FN:1] | Progress: 70.0% | ETA: 4.9s ---
Epoch 22 Batch 1 | Loss: 0.525368 | Stats: min: -0.375, max: 0.107, mean: -0.076
Epoch 22 Batch 2 | Loss: 0.533265
Epoch 22 Batch 3 | Loss: 0.521648
Epoch 22 Batch 4 | Loss: 0.544740
Epoch 22 Batch 5 | Loss: 0.534713
Epoch 22 Batch 6 | Loss: 0.515029
Epoch 22 Batch 7 | Loss: 0.555852
Epoch 22 Batch 8 | Loss: 0.531706
Epoch 22 Batch 9 | Loss: 0.518744
Epoch 22 Batch 10 | Loss: 0.538220
Epoch 22 Batch 11 | Loss: 0.513746
Epoch 22 Batch 12 | Loss: 0.496725
Epoch 22 Batch 13 | Loss: 0.513591
  [STABILITY] Test accuracy improved: 95.35% -> 95.93% (via EMA). Saving best params.
--- Epoch 22/30 | Loss: 0.5264 | Train Acc: 91.0% | Test Acc: 95.9% | CM: [TP:85, TN:80, FP:6, FN:1] | Progress: 73.3% | ETA: 4.1s ---
Epoch 23 Batch 1 | Loss: 0.520041 | Stats: min: -0.459, max: 0.260, mean: -0.074
Epoch 23 Batch 2 | Loss: 0.531293
Epoch 23 Batch 3 | Loss: 0.521656
Epoch 23 Batch 4 | Loss: 0.536864
Epoch 23 Batch 5 | Loss: 0.523754
Epoch 23 Batch 6 | Loss: 0.525912
Epoch 23 Batch 7 | Loss: 0.546373
Epoch 23 Batch 8 | Loss: 0.555885
Epoch 23 Batch 9 | Loss: 0.502645
Epoch 23 Batch 10 | Loss: 0.510314
Epoch 23 Batch 11 | Loss: 0.529358
Epoch 23 Batch 12 | Loss: 0.535127
Epoch 23 Batch 13 | Loss: 0.490115
--- Epoch 23/30 | Loss: 0.5253 | Train Acc: 91.0% | Test Acc: 95.9% | CM: [TP:85, TN:80, FP:6, FN:1] | Progress: 76.7% | ETA: 3.4s ---
Epoch 24 Batch 1 | Loss: 0.540228 | Stats: min: -0.331, max: 0.235, mean: -0.058
Epoch 24 Batch 2 | Loss: 0.513395
Epoch 24 Batch 3 | Loss: 0.513484
Epoch 24 Batch 4 | Loss: 0.549283
Epoch 24 Batch 5 | Loss: 0.529853
Epoch 24 Batch 6 | Loss: 0.553846
Epoch 24 Batch 7 | Loss: 0.522304
Epoch 24 Batch 8 | Loss: 0.513555
Epoch 24 Batch 9 | Loss: 0.515049
Epoch 24 Batch 10 | Loss: 0.537174
Epoch 24 Batch 11 | Loss: 0.506846
Epoch 24 Batch 12 | Loss: 0.509795
Epoch 24 Batch 13 | Loss: 0.553556
--- Epoch 24/30 | Loss: 0.5276 | Train Acc: 91.0% | Test Acc: 95.3% | CM: [TP:84, TN:80, FP:6, FN:2] | Progress: 80.0% | ETA: 2.7s ---
Epoch 25 Batch 1 | Loss: 0.549930 | Stats: min: -0.096, max: 0.191, mean: 0.068
Epoch 25 Batch 2 | Loss: 0.507417
Epoch 25 Batch 3 | Loss: 0.547650
Epoch 25 Batch 4 | Loss: 0.546589
Epoch 25 Batch 5 | Loss: 0.544926
Epoch 25 Batch 6 | Loss: 0.507601
Epoch 25 Batch 7 | Loss: 0.558813
Epoch 25 Batch 8 | Loss: 0.502124
Epoch 25 Batch 9 | Loss: 0.528631
Epoch 25 Batch 10 | Loss: 0.513479
Epoch 25 Batch 11 | Loss: 0.514896
Epoch 25 Batch 12 | Loss: 0.503775
Epoch 25 Batch 13 | Loss: 0.516626
  [STABILITY] Plateau detected. Reducing Learning Rate to 0.000625
--- Epoch 25/30 | Loss: 0.5263 | Train Acc: 91.5% | Test Acc: 95.3% | CM: [TP:84, TN:80, FP:6, FN:2] | Progress: 83.3% | ETA: 2.2s ---
Epoch 26 Batch 1 | Loss: 0.532934 | Stats: min: -0.429, max: 0.209, mean: -0.046
Epoch 26 Batch 2 | Loss: 0.536324
Epoch 26 Batch 3 | Loss: 0.522212
Epoch 26 Batch 4 | Loss: 0.581091
Epoch 26 Batch 5 | Loss: 0.550512
Epoch 26 Batch 6 | Loss: 0.511071
Epoch 26 Batch 7 | Loss: 0.524196
Epoch 26 Batch 8 | Loss: 0.510294
Epoch 26 Batch 9 | Loss: 0.486867
Epoch 26 Batch 10 | Loss: 0.527251
Epoch 26 Batch 11 | Loss: 0.510759
Epoch 26 Batch 12 | Loss: 0.530976
Epoch 26 Batch 13 | Loss: 0.508879
--- Epoch 26/30 | Loss: 0.5256 | Train Acc: 92.0% | Test Acc: 95.3% | CM: [TP:84, TN:80, FP:6, FN:2] | Progress: 86.7% | ETA: 1.8s ---
Epoch 27 Batch 1 | Loss: 0.558359 | Stats: min: -0.481, max: 0.243, mean: -0.112
Epoch 27 Batch 2 | Loss: 0.501565
Epoch 27 Batch 3 | Loss: 0.560467
Epoch 27 Batch 4 | Loss: 0.547248
Epoch 27 Batch 5 | Loss: 0.509527
Epoch 27 Batch 6 | Loss: 0.528762
Epoch 27 Batch 7 | Loss: 0.501465
Epoch 27 Batch 8 | Loss: 0.497756
Epoch 27 Batch 9 | Loss: 0.514028
Epoch 27 Batch 10 | Loss: 0.528694
Epoch 27 Batch 11 | Loss: 0.550269
Epoch 27 Batch 12 | Loss: 0.525527
Epoch 27 Batch 13 | Loss: 0.508465
--- Epoch 27/30 | Loss: 0.5255 | Train Acc: 92.0% | Test Acc: 95.3% | CM: [TP:84, TN:80, FP:6, FN:2] | Progress: 90.0% | ETA: 1.3s ---
Epoch 28 Batch 1 | Loss: 0.526779 | Stats: min: -0.343, max: 0.251, mean: 0.029
Epoch 28 Batch 2 | Loss: 0.563664
Epoch 28 Batch 3 | Loss: 0.520787
Epoch 28 Batch 4 | Loss: 0.540418
Epoch 28 Batch 5 | Loss: 0.525819
Epoch 28 Batch 6 | Loss: 0.512169
Epoch 28 Batch 7 | Loss: 0.544354
Epoch 28 Batch 8 | Loss: 0.507559
Epoch 28 Batch 9 | Loss: 0.532225
Epoch 28 Batch 10 | Loss: 0.515871
Epoch 28 Batch 11 | Loss: 0.496790
Epoch 28 Batch 12 | Loss: 0.524257
Epoch 28 Batch 13 | Loss: 0.535006
  [STABILITY] Plateau detected. Reducing Learning Rate to 0.000313
--- Epoch 28/30 | Loss: 0.5266 | Train Acc: 92.5% | Test Acc: 95.3% | CM: [TP:84, TN:80, FP:6, FN:2] | Progress: 93.3% | ETA: 0.8s ---
Epoch 29 Batch 1 | Loss: 0.528855 | Stats: min: -0.393, max: 0.207, mean: -0.107
Epoch 29 Batch 2 | Loss: 0.545689
Epoch 29 Batch 3 | Loss: 0.501309
Epoch 29 Batch 4 | Loss: 0.525398
Epoch 29 Batch 5 | Loss: 0.508639
Epoch 29 Batch 6 | Loss: 0.527573
Epoch 29 Batch 7 | Loss: 0.526249
Epoch 29 Batch 8 | Loss: 0.532897
Epoch 29 Batch 9 | Loss: 0.530502
Epoch 29 Batch 10 | Loss: 0.538739
Epoch 29 Batch 11 | Loss: 0.509895
Epoch 29 Batch 12 | Loss: 0.529777
Epoch 29 Batch 13 | Loss: 0.542267
--- Epoch 29/30 | Loss: 0.5268 | Train Acc: 92.5% | Test Acc: 95.3% | CM: [TP:84, TN:80, FP:6, FN:2] | Progress: 96.7% | ETA: 0.4s ---
Epoch 30 Batch 1 | Loss: 0.522815 | Stats: min: -0.091, max: 0.263, mean: 0.086
Epoch 30 Batch 2 | Loss: 0.524606
Epoch 30 Batch 3 | Loss: 0.535306
Epoch 30 Batch 4 | Loss: 0.501738
Epoch 30 Batch 5 | Loss: 0.519724
Epoch 30 Batch 6 | Loss: 0.513504
Epoch 30 Batch 7 | Loss: 0.538818
Epoch 30 Batch 8 | Loss: 0.554814
Epoch 30 Batch 9 | Loss: 0.526403
Epoch 30 Batch 10 | Loss: 0.557822
Epoch 30 Batch 11 | Loss: 0.541635
Epoch 30 Batch 12 | Loss: 0.495030
Epoch 30 Batch 13 | Loss: 0.486907
--- Epoch 30/30 | Loss: 0.5245 | Train Acc: 92.5% | Test Acc: 95.3% | CM: [TP:84, TN:80, FP:6, FN:2] | Progress: 100.0% | ETA: 0.0s ---

Final Best Test Accuracy: 95.93%


Best Quantum Test Accuracy: 0.959
