DEBUG: Qtrainer enters train_pure_quantum_cnn. Encoding: amplitude
  Class Weights: +1 (Target): 1.00 | -1 (Rest): 1.00
Starting Training
==================================================
Epoch 1 Batch 1 | Loss: 0.803072 | Stats: min: -0.397, max: -0.306, mean: -0.360
Epoch 1 Batch 2 | Loss: 0.740055
Epoch 1 Batch 3 | Loss: 0.701430
Epoch 1 Batch 4 | Loss: 0.693616
Epoch 1 Batch 5 | Loss: 0.646647
Epoch 1 Batch 6 | Loss: 0.674905
Epoch 1 Batch 7 | Loss: 0.713250
Epoch 1 Batch 8 | Loss: 0.806862
Epoch 1 Batch 9 | Loss: 0.769945
Epoch 1 Batch 10 | Loss: 0.709140
Epoch 1 Batch 11 | Loss: 0.665271
Epoch 1 Batch 12 | Loss: 0.681971
Epoch 1 Batch 13 | Loss: 0.568613
  [STABILITY] Test accuracy improved: 0.00% -> 50.00% (via EMA). Saving best params.
--- Epoch 1/30 | Loss: 0.7058 | Train Acc: 55.0% | Test Acc: 50.0% | CM: [TP:0, TN:86, FP:0, FN:86] | Progress: 3.3% | ETA: 159.3s ---
Epoch 2 Batch 1 | Loss: 0.771017 | Stats: min: -0.470, max: -0.298, mean: -0.371
Epoch 2 Batch 2 | Loss: 0.844075
Epoch 2 Batch 3 | Loss: 0.697036
Epoch 2 Batch 4 | Loss: 0.582802
Epoch 2 Batch 5 | Loss: 0.654103
Epoch 2 Batch 6 | Loss: 0.738465
Epoch 2 Batch 7 | Loss: 0.644957
Epoch 2 Batch 8 | Loss: 0.639415
Epoch 2 Batch 9 | Loss: 0.634632
Epoch 2 Batch 10 | Loss: 0.638387
Epoch 2 Batch 11 | Loss: 0.634180
Epoch 2 Batch 12 | Loss: 0.733393
Epoch 2 Batch 13 | Loss: 0.522565
--- Epoch 2/30 | Loss: 0.6719 | Train Acc: 55.0% | Test Acc: 50.0% | CM: [TP:0, TN:86, FP:0, FN:86] | Progress: 6.7% | ETA: 75.8s ---
Epoch 3 Batch 1 | Loss: 0.630517 | Stats: min: 0.264, max: 0.381, mean: 0.319
Epoch 3 Batch 2 | Loss: 0.734605
Epoch 3 Batch 3 | Loss: 0.635763
Epoch 3 Batch 4 | Loss: 0.616002
Epoch 3 Batch 5 | Loss: 0.610352
Epoch 3 Batch 6 | Loss: 0.627598
Epoch 3 Batch 7 | Loss: 0.614521
Epoch 3 Batch 8 | Loss: 0.598228
Epoch 3 Batch 9 | Loss: 0.561242
Epoch 3 Batch 10 | Loss: 0.625127
Epoch 3 Batch 11 | Loss: 0.681269
Epoch 3 Batch 12 | Loss: 0.593765
Epoch 3 Batch 13 | Loss: 0.645265
--- Epoch 3/30 | Loss: 0.6288 | Train Acc: 55.0% | Test Acc: 50.0% | CM: [TP:0, TN:86, FP:0, FN:86] | Progress: 10.0% | ETA: 48.6s ---
Epoch 4 Batch 1 | Loss: 0.584093 | Stats: min: 0.007, max: 0.227, mean: 0.131
Epoch 4 Batch 2 | Loss: 0.593483
Epoch 4 Batch 3 | Loss: 0.619894
Epoch 4 Batch 4 | Loss: 0.611083
Epoch 4 Batch 5 | Loss: 0.566039
Epoch 4 Batch 6 | Loss: 0.575343
Epoch 4 Batch 7 | Loss: 0.636082
Epoch 4 Batch 8 | Loss: 0.560804
Epoch 4 Batch 9 | Loss: 0.577183
Epoch 4 Batch 10 | Loss: 0.545737
Epoch 4 Batch 11 | Loss: 0.596766
Epoch 4 Batch 12 | Loss: 0.580683
Epoch 4 Batch 13 | Loss: 0.564734
  [STABILITY] Plateau detected. Reducing Learning Rate to 0.010000
--- Epoch 4/30 | Loss: 0.5855 | Train Acc: 55.0% | Test Acc: 50.0% | CM: [TP:0, TN:86, FP:0, FN:86] | Progress: 13.3% | ETA: 35.6s ---
Epoch 5 Batch 1 | Loss: 0.574530 | Stats: min: -0.030, max: 0.154, mean: 0.027
Epoch 5 Batch 2 | Loss: 0.527739
Epoch 5 Batch 3 | Loss: 0.562358
Epoch 5 Batch 4 | Loss: 0.600476
Epoch 5 Batch 5 | Loss: 0.560759
Epoch 5 Batch 6 | Loss: 0.535354
Epoch 5 Batch 7 | Loss: 0.574616
Epoch 5 Batch 8 | Loss: 0.550241
Epoch 5 Batch 9 | Loss: 0.532499
Epoch 5 Batch 10 | Loss: 0.578987
Epoch 5 Batch 11 | Loss: 0.547900
Epoch 5 Batch 12 | Loss: 0.576417
Epoch 5 Batch 13 | Loss: 0.514480
--- Epoch 5/30 | Loss: 0.5566 | Train Acc: 55.0% | Test Acc: 50.0% | CM: [TP:0, TN:86, FP:0, FN:86] | Progress: 16.7% | ETA: 28.0s ---
Epoch 6 Batch 1 | Loss: 0.545313 | Stats: min: -0.261, max: -0.053, mean: -0.179
Epoch 6 Batch 2 | Loss: 0.534624
Epoch 6 Batch 3 | Loss: 0.547325
Epoch 6 Batch 4 | Loss: 0.542739
Epoch 6 Batch 5 | Loss: 0.560456
Epoch 6 Batch 6 | Loss: 0.547065
Epoch 6 Batch 7 | Loss: 0.537158
Epoch 6 Batch 8 | Loss: 0.554708
Epoch 6 Batch 9 | Loss: 0.538145
Epoch 6 Batch 10 | Loss: 0.547223
Epoch 6 Batch 11 | Loss: 0.510617
Epoch 6 Batch 12 | Loss: 0.555038
Epoch 6 Batch 13 | Loss: 0.528743
--- Epoch 6/30 | Loss: 0.5422 | Train Acc: 55.0% | Test Acc: 50.0% | CM: [TP:0, TN:86, FP:0, FN:86] | Progress: 20.0% | ETA: 22.1s ---
Epoch 7 Batch 1 | Loss: 0.510916 | Stats: min: -0.584, max: 0.055, mean: -0.231
Epoch 7 Batch 2 | Loss: 0.545181
Epoch 7 Batch 3 | Loss: 0.551541
Epoch 7 Batch 4 | Loss: 0.544589
Epoch 7 Batch 5 | Loss: 0.530290
Epoch 7 Batch 6 | Loss: 0.526904
Epoch 7 Batch 7 | Loss: 0.539627
Epoch 7 Batch 8 | Loss: 0.537759
Epoch 7 Batch 9 | Loss: 0.561170
Epoch 7 Batch 10 | Loss: 0.531601
Epoch 7 Batch 11 | Loss: 0.545798
Epoch 7 Batch 12 | Loss: 0.518714
Epoch 7 Batch 13 | Loss: 0.514924
  [STABILITY] Test accuracy improved: 50.00% -> 50.58% (via EMA). Saving best params.
--- Epoch 7/30 | Loss: 0.5353 | Train Acc: 55.5% | Test Acc: 50.6% | CM: [TP:1, TN:86, FP:0, FN:85] | Progress: 23.3% | ETA: 17.7s ---
Epoch 8 Batch 1 | Loss: 0.517150 | Stats: min: -0.413, max: 0.271, mean: -0.164
Epoch 8 Batch 2 | Loss: 0.526148
Epoch 8 Batch 3 | Loss: 0.524872
Epoch 8 Batch 4 | Loss: 0.546040
Epoch 8 Batch 5 | Loss: 0.507924
Epoch 8 Batch 6 | Loss: 0.551589
Epoch 8 Batch 7 | Loss: 0.523265
Epoch 8 Batch 8 | Loss: 0.523494
Epoch 8 Batch 9 | Loss: 0.528846
Epoch 8 Batch 10 | Loss: 0.553391
Epoch 8 Batch 11 | Loss: 0.508140
Epoch 8 Batch 12 | Loss: 0.547273
Epoch 8 Batch 13 | Loss: 0.540546
--- Epoch 8/30 | Loss: 0.5307 | Train Acc: 55.5% | Test Acc: 50.6% | CM: [TP:1, TN:86, FP:0, FN:85] | Progress: 26.7% | ETA: 15.3s ---
Epoch 9 Batch 1 | Loss: 0.493617 | Stats: min: 0.087, max: 0.248, mean: 0.152
Epoch 9 Batch 2 | Loss: 0.516439
Epoch 9 Batch 3 | Loss: 0.535579
Epoch 9 Batch 4 | Loss: 0.512540
Epoch 9 Batch 5 | Loss: 0.550096
Epoch 9 Batch 6 | Loss: 0.534910
Epoch 9 Batch 7 | Loss: 0.532173
Epoch 9 Batch 8 | Loss: 0.566284
Epoch 9 Batch 9 | Loss: 0.550520
Epoch 9 Batch 10 | Loss: 0.527995
Epoch 9 Batch 11 | Loss: 0.558578
Epoch 9 Batch 12 | Loss: 0.501669
Epoch 9 Batch 13 | Loss: 0.501551
  [STABILITY] Test accuracy improved: 50.58% -> 51.16% (via EMA). Saving best params.
--- Epoch 9/30 | Loss: 0.5294 | Train Acc: 56.0% | Test Acc: 51.2% | CM: [TP:2, TN:86, FP:0, FN:84] | Progress: 30.0% | ETA: 12.9s ---
Epoch 10 Batch 1 | Loss: 0.510668 | Stats: min: -0.173, max: 0.254, mean: 0.080
Epoch 10 Batch 2 | Loss: 0.553521
Epoch 10 Batch 3 | Loss: 0.549776
Epoch 10 Batch 4 | Loss: 0.514506
Epoch 10 Batch 5 | Loss: 0.537058
Epoch 10 Batch 6 | Loss: 0.561562
Epoch 10 Batch 7 | Loss: 0.505471
Epoch 10 Batch 8 | Loss: 0.492243
Epoch 10 Batch 9 | Loss: 0.530329
Epoch 10 Batch 10 | Loss: 0.516555
Epoch 10 Batch 11 | Loss: 0.516863
Epoch 10 Batch 12 | Loss: 0.501771
Epoch 10 Batch 13 | Loss: 0.523025
  [STABILITY] Test accuracy improved: 51.16% -> 51.74% (via EMA). Saving best params.
--- Epoch 10/30 | Loss: 0.5241 | Train Acc: 57.5% | Test Acc: 51.7% | CM: [TP:3, TN:86, FP:0, FN:83] | Progress: 33.3% | ETA: 11.1s ---
Epoch 11 Batch 1 | Loss: 0.490769 | Stats: min: -0.444, max: 0.201, mean: -0.015
Epoch 11 Batch 2 | Loss: 0.530439
Epoch 11 Batch 3 | Loss: 0.502087
Epoch 11 Batch 4 | Loss: 0.504083
Epoch 11 Batch 5 | Loss: 0.506250
Epoch 11 Batch 6 | Loss: 0.533461
Epoch 11 Batch 7 | Loss: 0.525845
Epoch 11 Batch 8 | Loss: 0.517381
Epoch 11 Batch 9 | Loss: 0.557336
Epoch 11 Batch 10 | Loss: 0.505263
Epoch 11 Batch 11 | Loss: 0.543025
Epoch 11 Batch 12 | Loss: 0.504469
Epoch 11 Batch 13 | Loss: 0.533352
  [STABILITY] Test accuracy improved: 51.74% -> 58.72% (via EMA). Saving best params.
--- Epoch 11/30 | Loss: 0.5195 | Train Acc: 62.5% | Test Acc: 58.7% | CM: [TP:15, TN:86, FP:0, FN:71] | Progress: 36.7% | ETA: 9.7s ---
Epoch 12 Batch 1 | Loss: 0.519130 | Stats: min: -0.509, max: 0.251, mean: -0.087
Epoch 12 Batch 2 | Loss: 0.519327
Epoch 12 Batch 3 | Loss: 0.515677
Epoch 12 Batch 4 | Loss: 0.507448
Epoch 12 Batch 5 | Loss: 0.527509
Epoch 12 Batch 6 | Loss: 0.550776
Epoch 12 Batch 7 | Loss: 0.528798
Epoch 12 Batch 8 | Loss: 0.490510
Epoch 12 Batch 9 | Loss: 0.529226
Epoch 12 Batch 10 | Loss: 0.487996
Epoch 12 Batch 11 | Loss: 0.530151
Epoch 12 Batch 12 | Loss: 0.529346
Epoch 12 Batch 13 | Loss: 0.486710
  [STABILITY] Test accuracy improved: 58.72% -> 71.51% (via EMA). Saving best params.
--- Epoch 12/30 | Loss: 0.5171 | Train Acc: 67.5% | Test Acc: 71.5% | CM: [TP:37, TN:86, FP:0, FN:49] | Progress: 40.0% | ETA: 8.3s ---
Epoch 13 Batch 1 | Loss: 0.533548 | Stats: min: -0.305, max: 0.251, mean: -0.018
Epoch 13 Batch 2 | Loss: 0.535284
Epoch 13 Batch 3 | Loss: 0.498287
Epoch 13 Batch 4 | Loss: 0.514992
Epoch 13 Batch 5 | Loss: 0.554782
Epoch 13 Batch 6 | Loss: 0.513805
Epoch 13 Batch 7 | Loss: 0.481684
Epoch 13 Batch 8 | Loss: 0.513030
Epoch 13 Batch 9 | Loss: 0.502722
Epoch 13 Batch 10 | Loss: 0.525149
Epoch 13 Batch 11 | Loss: 0.513192
Epoch 13 Batch 12 | Loss: 0.507330
Epoch 13 Batch 13 | Loss: 0.534850
  [STABILITY] Test accuracy improved: 71.51% -> 78.49% (via EMA). Saving best params.
--- Epoch 13/30 | Loss: 0.5176 | Train Acc: 74.0% | Test Acc: 78.5% | CM: [TP:49, TN:86, FP:0, FN:37] | Progress: 43.3% | ETA: 7.2s ---
Epoch 14 Batch 1 | Loss: 0.506578 | Stats: min: -0.427, max: 0.232, mean: -0.024
Epoch 14 Batch 2 | Loss: 0.533692
Epoch 14 Batch 3 | Loss: 0.512160
Epoch 14 Batch 4 | Loss: 0.500466
Epoch 14 Batch 5 | Loss: 0.518968
Epoch 14 Batch 6 | Loss: 0.509642
Epoch 14 Batch 7 | Loss: 0.518764
Epoch 14 Batch 8 | Loss: 0.529756
Epoch 14 Batch 9 | Loss: 0.529061
Epoch 14 Batch 10 | Loss: 0.494908
Epoch 14 Batch 11 | Loss: 0.490268
Epoch 14 Batch 12 | Loss: 0.532275
Epoch 14 Batch 13 | Loss: 0.523814
  [STABILITY] Test accuracy improved: 78.49% -> 81.40% (via EMA). Saving best params.
--- Epoch 14/30 | Loss: 0.5154 | Train Acc: 79.5% | Test Acc: 81.4% | CM: [TP:56, TN:84, FP:2, FN:30] | Progress: 46.7% | ETA: 6.4s ---
Epoch 15 Batch 1 | Loss: 0.486471 | Stats: min: 0.136, max: 0.279, mean: 0.190
Epoch 15 Batch 2 | Loss: 0.505569
Epoch 15 Batch 3 | Loss: 0.523590
Epoch 15 Batch 4 | Loss: 0.500033
Epoch 15 Batch 5 | Loss: 0.504126
Epoch 15 Batch 6 | Loss: 0.524417
Epoch 15 Batch 7 | Loss: 0.524289
Epoch 15 Batch 8 | Loss: 0.502554
Epoch 15 Batch 9 | Loss: 0.528434
Epoch 15 Batch 10 | Loss: 0.538731
Epoch 15 Batch 11 | Loss: 0.512233
Epoch 15 Batch 12 | Loss: 0.538655
Epoch 15 Batch 13 | Loss: 0.514066
  [STABILITY] Test accuracy improved: 81.40% -> 88.37% (via EMA). Saving best params.
--- Epoch 15/30 | Loss: 0.5156 | Train Acc: 83.5% | Test Acc: 88.4% | CM: [TP:71, TN:81, FP:5, FN:15] | Progress: 50.0% | ETA: 5.6s ---
Epoch 16 Batch 1 | Loss: 0.537965 | Stats: min: -0.487, max: -0.030, mean: -0.257
Epoch 16 Batch 2 | Loss: 0.511048
Epoch 16 Batch 3 | Loss: 0.506122
Epoch 16 Batch 4 | Loss: 0.556417
Epoch 16 Batch 5 | Loss: 0.521433
Epoch 16 Batch 6 | Loss: 0.492682
Epoch 16 Batch 7 | Loss: 0.525631
Epoch 16 Batch 8 | Loss: 0.487544
Epoch 16 Batch 9 | Loss: 0.525681
Epoch 16 Batch 10 | Loss: 0.493841
Epoch 16 Batch 11 | Loss: 0.529403
Epoch 16 Batch 12 | Loss: 0.518605
Epoch 16 Batch 13 | Loss: 0.465676
  [STABILITY] Test accuracy improved: 88.37% -> 90.12% (via EMA). Saving best params.
--- Epoch 16/30 | Loss: 0.5132 | Train Acc: 89.5% | Test Acc: 90.1% | CM: [TP:74, TN:81, FP:5, FN:12] | Progress: 53.3% | ETA: 4.7s ---
Epoch 17 Batch 1 | Loss: 0.537561 | Stats: min: -0.440, max: 0.165, mean: -0.021
Epoch 17 Batch 2 | Loss: 0.538525
Epoch 17 Batch 3 | Loss: 0.518910
Epoch 17 Batch 4 | Loss: 0.515570
Epoch 17 Batch 5 | Loss: 0.508827
Epoch 17 Batch 6 | Loss: 0.527671
Epoch 17 Batch 7 | Loss: 0.496496
Epoch 17 Batch 8 | Loss: 0.480283
Epoch 17 Batch 9 | Loss: 0.521413
Epoch 17 Batch 10 | Loss: 0.535454
Epoch 17 Batch 11 | Loss: 0.516117
Epoch 17 Batch 12 | Loss: 0.480718
Epoch 17 Batch 13 | Loss: 0.526647
  [STABILITY] Test accuracy improved: 90.12% -> 92.44% (via EMA). Saving best params.
--- Epoch 17/30 | Loss: 0.5157 | Train Acc: 92.5% | Test Acc: 92.4% | CM: [TP:78, TN:81, FP:5, FN:8] | Progress: 56.7% | ETA: 4.2s ---
Epoch 18 Batch 1 | Loss: 0.513068 | Stats: min: -0.246, max: 0.191, mean: -0.085
Epoch 18 Batch 2 | Loss: 0.545626
Epoch 18 Batch 3 | Loss: 0.508261
Epoch 18 Batch 4 | Loss: 0.512309
Epoch 18 Batch 5 | Loss: 0.492787
Epoch 18 Batch 6 | Loss: 0.509889
Epoch 18 Batch 7 | Loss: 0.499400
Epoch 18 Batch 8 | Loss: 0.540846
Epoch 18 Batch 9 | Loss: 0.485932
Epoch 18 Batch 10 | Loss: 0.526586
Epoch 18 Batch 11 | Loss: 0.517657
Epoch 18 Batch 12 | Loss: 0.498420
Epoch 18 Batch 13 | Loss: 0.534110
  [STABILITY] Test accuracy improved: 92.44% -> 95.35% (via EMA). Saving best params.
--- Epoch 18/30 | Loss: 0.5142 | Train Acc: 94.0% | Test Acc: 95.3% | CM: [TP:83, TN:81, FP:5, FN:3] | Progress: 60.0% | ETA: 3.7s ---
Epoch 19 Batch 1 | Loss: 0.512523 | Stats: min: -0.390, max: 0.283, mean: -0.001
Epoch 19 Batch 2 | Loss: 0.491462
Epoch 19 Batch 3 | Loss: 0.518057
Epoch 19 Batch 4 | Loss: 0.537229
Epoch 19 Batch 5 | Loss: 0.523141
Epoch 19 Batch 6 | Loss: 0.534519
Epoch 19 Batch 7 | Loss: 0.502395
Epoch 19 Batch 8 | Loss: 0.488283
Epoch 19 Batch 9 | Loss: 0.499219
Epoch 19 Batch 10 | Loss: 0.516640
Epoch 19 Batch 11 | Loss: 0.513650
Epoch 19 Batch 12 | Loss: 0.526293
Epoch 19 Batch 13 | Loss: 0.479349
--- Epoch 19/30 | Loss: 0.5110 | Train Acc: 94.5% | Test Acc: 95.3% | CM: [TP:84, TN:80, FP:6, FN:2] | Progress: 63.3% | ETA: 3.2s ---
Epoch 20 Batch 1 | Loss: 0.500022 | Stats: min: -0.535, max: 0.091, mean: -0.219
Epoch 20 Batch 2 | Loss: 0.511987
Epoch 20 Batch 3 | Loss: 0.532654
Epoch 20 Batch 4 | Loss: 0.494224
Epoch 20 Batch 5 | Loss: 0.496599
Epoch 20 Batch 6 | Loss: 0.514529
Epoch 20 Batch 7 | Loss: 0.515837
Epoch 20 Batch 8 | Loss: 0.483861
Epoch 20 Batch 9 | Loss: 0.528266
Epoch 20 Batch 10 | Loss: 0.528060
Epoch 20 Batch 11 | Loss: 0.495898
Epoch 20 Batch 12 | Loss: 0.521085
Epoch 20 Batch 13 | Loss: 0.549095
--- Epoch 20/30 | Loss: 0.5132 | Train Acc: 95.0% | Test Acc: 95.3% | CM: [TP:84, TN:80, FP:6, FN:2] | Progress: 66.7% | ETA: 2.7s ---
Epoch 21 Batch 1 | Loss: 0.494491 | Stats: min: -0.407, max: -0.062, mean: -0.226
Epoch 21 Batch 2 | Loss: 0.506129
Epoch 21 Batch 3 | Loss: 0.514146
Epoch 21 Batch 4 | Loss: 0.521554
Epoch 21 Batch 5 | Loss: 0.518370
Epoch 21 Batch 6 | Loss: 0.507455
Epoch 21 Batch 7 | Loss: 0.493902
Epoch 21 Batch 8 | Loss: 0.535336
Epoch 21 Batch 9 | Loss: 0.500548
Epoch 21 Batch 10 | Loss: 0.507410
Epoch 21 Batch 11 | Loss: 0.487737
Epoch 21 Batch 12 | Loss: 0.541745
Epoch 21 Batch 13 | Loss: 0.509312
  [STABILITY] Test accuracy improved: 95.35% -> 95.93% (via EMA). Saving best params.
--- Epoch 21/30 | Loss: 0.5106 | Train Acc: 95.5% | Test Acc: 95.9% | CM: [TP:85, TN:80, FP:6, FN:1] | Progress: 70.0% | ETA: 2.4s ---
Epoch 22 Batch 1 | Loss: 0.499551 | Stats: min: -0.336, max: 0.171, mean: -0.176
Epoch 22 Batch 2 | Loss: 0.513556
Epoch 22 Batch 3 | Loss: 0.519893
Epoch 22 Batch 4 | Loss: 0.507747
Epoch 22 Batch 5 | Loss: 0.511769
Epoch 22 Batch 6 | Loss: 0.540844
Epoch 22 Batch 7 | Loss: 0.473633
Epoch 22 Batch 8 | Loss: 0.541079
Epoch 22 Batch 9 | Loss: 0.520179
Epoch 22 Batch 10 | Loss: 0.497478
Epoch 22 Batch 11 | Loss: 0.499839
Epoch 22 Batch 12 | Loss: 0.523449
Epoch 22 Batch 13 | Loss: 0.451381
--- Epoch 22/30 | Loss: 0.5077 | Train Acc: 96.0% | Test Acc: 95.9% | CM: [TP:85, TN:80, FP:6, FN:1] | Progress: 73.3% | ETA: 2.1s ---
Epoch 23 Batch 1 | Loss: 0.527281 | Stats: min: -0.171, max: 0.155, mean: 0.059
Epoch 23 Batch 2 | Loss: 0.509297
Epoch 23 Batch 3 | Loss: 0.504243
Epoch 23 Batch 4 | Loss: 0.522292
Epoch 23 Batch 5 | Loss: 0.505563
Epoch 23 Batch 6 | Loss: 0.500031
Epoch 23 Batch 7 | Loss: 0.519764
Epoch 23 Batch 8 | Loss: 0.515266
Epoch 23 Batch 9 | Loss: 0.513763
Epoch 23 Batch 10 | Loss: 0.508716
Epoch 23 Batch 11 | Loss: 0.489048
Epoch 23 Batch 12 | Loss: 0.506352
Epoch 23 Batch 13 | Loss: 0.557009
--- Epoch 23/30 | Loss: 0.5137 | Train Acc: 96.0% | Test Acc: 95.9% | CM: [TP:85, TN:80, FP:6, FN:1] | Progress: 76.7% | ETA: 1.7s ---
Epoch 24 Batch 1 | Loss: 0.530015 | Stats: min: -0.320, max: 0.220, mean: -0.028
Epoch 24 Batch 2 | Loss: 0.521150
Epoch 24 Batch 3 | Loss: 0.508380
Epoch 24 Batch 4 | Loss: 0.515981
Epoch 24 Batch 5 | Loss: 0.495297
Epoch 24 Batch 6 | Loss: 0.498141
Epoch 24 Batch 7 | Loss: 0.558265
Epoch 24 Batch 8 | Loss: 0.492793
Epoch 24 Batch 9 | Loss: 0.504695
Epoch 24 Batch 10 | Loss: 0.528921
Epoch 24 Batch 11 | Loss: 0.474513
Epoch 24 Batch 12 | Loss: 0.472634
Epoch 24 Batch 13 | Loss: 0.558598
  [STABILITY] Test accuracy improved: 95.93% -> 96.51% (via EMA). Saving best params.
--- Epoch 24/30 | Loss: 0.5123 | Train Acc: 96.5% | Test Acc: 96.5% | CM: [TP:85, TN:81, FP:5, FN:1] | Progress: 80.0% | ETA: 1.4s ---
Epoch 25 Batch 1 | Loss: 0.505970 | Stats: min: -0.276, max: 0.160, mean: -0.053
Epoch 25 Batch 2 | Loss: 0.506047
Epoch 25 Batch 3 | Loss: 0.475577
Epoch 25 Batch 4 | Loss: 0.526569
Epoch 25 Batch 5 | Loss: 0.515598
Epoch 25 Batch 6 | Loss: 0.489964
Epoch 25 Batch 7 | Loss: 0.542872
Epoch 25 Batch 8 | Loss: 0.526893
Epoch 25 Batch 9 | Loss: 0.501944
Epoch 25 Batch 10 | Loss: 0.525930
Epoch 25 Batch 11 | Loss: 0.493639
Epoch 25 Batch 12 | Loss: 0.499931
Epoch 25 Batch 13 | Loss: 0.542630
  [STABILITY] Test accuracy improved: 96.51% -> 97.09% (via EMA). Saving best params.
--- Epoch 25/30 | Loss: 0.5118 | Train Acc: 96.5% | Test Acc: 97.1% | CM: [TP:86, TN:81, FP:5, FN:0] | Progress: 83.3% | ETA: 1.1s ---
Epoch 26 Batch 1 | Loss: 0.512487 | Stats: min: -0.377, max: 0.190, mean: -0.070
Epoch 26 Batch 2 | Loss: 0.529161
Epoch 26 Batch 3 | Loss: 0.507016
Epoch 26 Batch 4 | Loss: 0.502194
Epoch 26 Batch 5 | Loss: 0.536532
Epoch 26 Batch 6 | Loss: 0.492694
Epoch 26 Batch 7 | Loss: 0.495118
Epoch 26 Batch 8 | Loss: 0.498848
Epoch 26 Batch 9 | Loss: 0.498748
Epoch 26 Batch 10 | Loss: 0.509853
Epoch 26 Batch 11 | Loss: 0.523922
Epoch 26 Batch 12 | Loss: 0.512670
Epoch 26 Batch 13 | Loss: 0.545816
--- Epoch 26/30 | Loss: 0.5127 | Train Acc: 96.5% | Test Acc: 97.1% | CM: [TP:86, TN:81, FP:5, FN:0] | Progress: 86.7% | ETA: 0.9s ---
Epoch 27 Batch 1 | Loss: 0.480789 | Stats: min: -0.400, max: 0.160, mean: -0.051
Epoch 27 Batch 2 | Loss: 0.510626
Epoch 27 Batch 3 | Loss: 0.517770
Epoch 27 Batch 4 | Loss: 0.501489
Epoch 27 Batch 5 | Loss: 0.532487
Epoch 27 Batch 6 | Loss: 0.529620
Epoch 27 Batch 7 | Loss: 0.492626
Epoch 27 Batch 8 | Loss: 0.534331
Epoch 27 Batch 9 | Loss: 0.521517
Epoch 27 Batch 10 | Loss: 0.466371
Epoch 27 Batch 11 | Loss: 0.503749
Epoch 27 Batch 12 | Loss: 0.513429
Epoch 27 Batch 13 | Loss: 0.488217
--- Epoch 27/30 | Loss: 0.5072 | Train Acc: 96.5% | Test Acc: 97.1% | CM: [TP:86, TN:81, FP:5, FN:0] | Progress: 90.0% | ETA: 0.6s ---
Epoch 28 Batch 1 | Loss: 0.507163 | Stats: min: -0.457, max: -0.109, mean: -0.293
Epoch 28 Batch 2 | Loss: 0.500010
Epoch 28 Batch 3 | Loss: 0.537104
Epoch 28 Batch 4 | Loss: 0.504119
Epoch 28 Batch 5 | Loss: 0.507595
Epoch 28 Batch 6 | Loss: 0.486282
Epoch 28 Batch 7 | Loss: 0.528747
Epoch 28 Batch 8 | Loss: 0.503296
Epoch 28 Batch 9 | Loss: 0.527514
Epoch 28 Batch 10 | Loss: 0.544757
Epoch 28 Batch 11 | Loss: 0.485971
Epoch 28 Batch 12 | Loss: 0.487017
Epoch 28 Batch 13 | Loss: 0.515192
  [STABILITY] Plateau detected. Reducing Learning Rate to 0.005000
--- Epoch 28/30 | Loss: 0.5104 | Train Acc: 96.0% | Test Acc: 97.1% | CM: [TP:86, TN:81, FP:5, FN:0] | Progress: 93.3% | ETA: 0.4s ---
Epoch 29 Batch 1 | Loss: 0.517107 | Stats: min: -0.320, max: 0.239, mean: -0.048
Epoch 29 Batch 2 | Loss: 0.524917
Epoch 29 Batch 3 | Loss: 0.504273
Epoch 29 Batch 4 | Loss: 0.484096
Epoch 29 Batch 5 | Loss: 0.514710
Epoch 29 Batch 6 | Loss: 0.508620
Epoch 29 Batch 7 | Loss: 0.512963
Epoch 29 Batch 8 | Loss: 0.494138
Epoch 29 Batch 9 | Loss: 0.508056
Epoch 29 Batch 10 | Loss: 0.489677
Epoch 29 Batch 11 | Loss: 0.510843
Epoch 29 Batch 12 | Loss: 0.520586
Epoch 29 Batch 13 | Loss: 0.504444
--- Epoch 29/30 | Loss: 0.5073 | Train Acc: 95.5% | Test Acc: 97.1% | CM: [TP:86, TN:81, FP:5, FN:0] | Progress: 96.7% | ETA: 0.2s ---
Epoch 30 Batch 1 | Loss: 0.527182 | Stats: min: -0.460, max: 0.195, mean: -0.134
Epoch 30 Batch 2 | Loss: 0.506816
Epoch 30 Batch 3 | Loss: 0.518129
Epoch 30 Batch 4 | Loss: 0.488079
Epoch 30 Batch 5 | Loss: 0.426362
Epoch 30 Batch 6 | Loss: 0.490364
Epoch 30 Batch 7 | Loss: 0.521890
Epoch 30 Batch 8 | Loss: 0.543415
Epoch 30 Batch 9 | Loss: 0.517147
Epoch 30 Batch 10 | Loss: 0.517280
Epoch 30 Batch 11 | Loss: 0.509005
Epoch 30 Batch 12 | Loss: 0.508561
Epoch 30 Batch 13 | Loss: 0.542164
--- Epoch 30/30 | Loss: 0.5090 | Train Acc: 96.0% | Test Acc: 96.5% | CM: [TP:85, TN:81, FP:5, FN:1] | Progress: 100.0% | ETA: 0.0s ---

Final Best Test Accuracy: 97.09%


Best Quantum Test Accuracy: 0.971
