DEBUG: Qtrainer enters train_pure_quantum_cnn. Encoding: amplitude
  Class Weights: +1 (Target): 1.00 | -1 (Rest): 1.00
Starting Training
==================================================
Epoch 1 Batch 1 | Loss: 0.698107 | Stats: min: -0.245, max: -0.162, mean: -0.202
Epoch 1 Batch 2 | Loss: 0.687748
Epoch 1 Batch 3 | Loss: 0.695185
Epoch 1 Batch 4 | Loss: 0.718133
Epoch 1 Batch 5 | Loss: 0.708546
Epoch 1 Batch 6 | Loss: 0.715415
Epoch 1 Batch 7 | Loss: 0.679184
Epoch 1 Batch 8 | Loss: 0.641733
Epoch 1 Batch 9 | Loss: 0.643305
Epoch 1 Batch 10 | Loss: 0.674795
Epoch 1 Batch 11 | Loss: 0.628040
Epoch 1 Batch 12 | Loss: 0.666848
Epoch 1 Batch 13 | Loss: 0.688516
  [STABILITY] Test accuracy improved: 0.00% -> 49.42% (via EMA). Saving best params.
--- Epoch 1/30 | Loss: 0.6804 | Train Acc: 52.0% | Test Acc: 49.4% | CM: [TP:0, TN:85, FP:1, FN:86] | Progress: 3.3% | ETA: 200.0s ---
Epoch 2 Batch 1 | Loss: 0.670100 | Stats: min: 0.011, max: 0.293, mean: 0.124
Epoch 2 Batch 2 | Loss: 0.652801
Epoch 2 Batch 3 | Loss: 0.611331
Epoch 2 Batch 4 | Loss: 0.624536
Epoch 2 Batch 5 | Loss: 0.653494
Epoch 2 Batch 6 | Loss: 0.681203
Epoch 2 Batch 7 | Loss: 0.628252
Epoch 2 Batch 8 | Loss: 0.638871
Epoch 2 Batch 9 | Loss: 0.662490
Epoch 2 Batch 10 | Loss: 0.614522
Epoch 2 Batch 11 | Loss: 0.599913
Epoch 2 Batch 12 | Loss: 0.632463
Epoch 2 Batch 13 | Loss: 0.611498
--- Epoch 2/30 | Loss: 0.6370 | Train Acc: 52.0% | Test Acc: 48.8% | CM: [TP:0, TN:84, FP:2, FN:86] | Progress: 6.7% | ETA: 126.6s ---
Epoch 3 Batch 1 | Loss: 0.584578 | Stats: min: -0.110, max: 0.327, mean: 0.116
Epoch 3 Batch 2 | Loss: 0.614788
Epoch 3 Batch 3 | Loss: 0.654590
Epoch 3 Batch 4 | Loss: 0.635979
Epoch 3 Batch 5 | Loss: 0.607073
Epoch 3 Batch 6 | Loss: 0.564126
Epoch 3 Batch 7 | Loss: 0.611968
Epoch 3 Batch 8 | Loss: 0.650626
Epoch 3 Batch 9 | Loss: 0.626271
Epoch 3 Batch 10 | Loss: 0.647227
Epoch 3 Batch 11 | Loss: 0.620755
Epoch 3 Batch 12 | Loss: 0.620442
Epoch 3 Batch 13 | Loss: 0.618599
  [STABILITY] Test accuracy improved: 49.42% -> 53.49% (via EMA). Saving best params.
--- Epoch 3/30 | Loss: 0.6198 | Train Acc: 56.0% | Test Acc: 53.5% | CM: [TP:9, TN:83, FP:3, FN:77] | Progress: 10.0% | ETA: 71.2s ---
Epoch 4 Batch 1 | Loss: 0.637575 | Stats: min: -0.034, max: 0.267, mean: 0.101
Epoch 4 Batch 2 | Loss: 0.609578
Epoch 4 Batch 3 | Loss: 0.610862
Epoch 4 Batch 4 | Loss: 0.577373
Epoch 4 Batch 5 | Loss: 0.614947
Epoch 4 Batch 6 | Loss: 0.611818
Epoch 4 Batch 7 | Loss: 0.588011
Epoch 4 Batch 8 | Loss: 0.614860
Epoch 4 Batch 9 | Loss: 0.606356
Epoch 4 Batch 10 | Loss: 0.557797
Epoch 4 Batch 11 | Loss: 0.569764
Epoch 4 Batch 12 | Loss: 0.615838
Epoch 4 Batch 13 | Loss: 0.601106
  [STABILITY] Test accuracy improved: 53.49% -> 59.30% (via EMA). Saving best params.
--- Epoch 4/30 | Loss: 0.6012 | Train Acc: 62.0% | Test Acc: 59.3% | CM: [TP:22, TN:80, FP:6, FN:64] | Progress: 13.3% | ETA: 44.0s ---
Epoch 5 Batch 1 | Loss: 0.590674 | Stats: min: -0.287, max: 0.368, mean: 0.129
Epoch 5 Batch 2 | Loss: 0.565063
Epoch 5 Batch 3 | Loss: 0.597343
Epoch 5 Batch 4 | Loss: 0.600456
Epoch 5 Batch 5 | Loss: 0.627595
Epoch 5 Batch 6 | Loss: 0.587386
Epoch 5 Batch 7 | Loss: 0.614360
Epoch 5 Batch 8 | Loss: 0.568467
Epoch 5 Batch 9 | Loss: 0.573738
Epoch 5 Batch 10 | Loss: 0.557531
Epoch 5 Batch 11 | Loss: 0.609399
Epoch 5 Batch 12 | Loss: 0.592877
Epoch 5 Batch 13 | Loss: 0.646861
  [STABILITY] Test accuracy improved: 59.30% -> 63.95% (via EMA). Saving best params.
--- Epoch 5/30 | Loss: 0.5947 | Train Acc: 65.5% | Test Acc: 64.0% | CM: [TP:32, TN:78, FP:8, FN:54] | Progress: 16.7% | ETA: 50.9s ---
Epoch 6 Batch 1 | Loss: 0.649121 | Stats: min: -0.102, max: 0.345, mean: 0.083
Epoch 6 Batch 2 | Loss: 0.536933
Epoch 6 Batch 3 | Loss: 0.578630
Epoch 6 Batch 4 | Loss: 0.542776
Epoch 6 Batch 5 | Loss: 0.603035
Epoch 6 Batch 6 | Loss: 0.573056
Epoch 6 Batch 7 | Loss: 0.622844
Epoch 6 Batch 8 | Loss: 0.579598
Epoch 6 Batch 9 | Loss: 0.556433
Epoch 6 Batch 10 | Loss: 0.569858
Epoch 6 Batch 11 | Loss: 0.604865
Epoch 6 Batch 12 | Loss: 0.594281
Epoch 6 Batch 13 | Loss: 0.619733
  [STABILITY] Test accuracy improved: 63.95% -> 68.02% (via EMA). Saving best params.
--- Epoch 6/30 | Loss: 0.5870 | Train Acc: 74.5% | Test Acc: 68.0% | CM: [TP:44, TN:73, FP:13, FN:42] | Progress: 20.0% | ETA: 29.4s ---
Epoch 7 Batch 1 | Loss: 0.534112 | Stats: min: -0.349, max: 0.156, mean: -0.045
Epoch 7 Batch 2 | Loss: 0.564968
Epoch 7 Batch 3 | Loss: 0.591996
Epoch 7 Batch 4 | Loss: 0.583547
Epoch 7 Batch 5 | Loss: 0.580844
Epoch 7 Batch 6 | Loss: 0.578188
Epoch 7 Batch 7 | Loss: 0.561313
Epoch 7 Batch 8 | Loss: 0.609344
Epoch 7 Batch 9 | Loss: 0.546691
Epoch 7 Batch 10 | Loss: 0.640859
Epoch 7 Batch 11 | Loss: 0.594924
Epoch 7 Batch 12 | Loss: 0.605082
Epoch 7 Batch 13 | Loss: 0.593584
  [STABILITY] Test accuracy improved: 68.02% -> 70.35% (via EMA). Saving best params.
--- Epoch 7/30 | Loss: 0.5835 | Train Acc: 75.0% | Test Acc: 70.3% | CM: [TP:52, TN:69, FP:17, FN:34] | Progress: 23.3% | ETA: 29.8s ---
Epoch 8 Batch 1 | Loss: 0.601889 | Stats: min: -0.133, max: 0.156, mean: -0.010
Epoch 8 Batch 2 | Loss: 0.559198
Epoch 8 Batch 3 | Loss: 0.548057
Epoch 8 Batch 4 | Loss: 0.523781
Epoch 8 Batch 5 | Loss: 0.589558
Epoch 8 Batch 6 | Loss: 0.638330
Epoch 8 Batch 7 | Loss: 0.527718
Epoch 8 Batch 8 | Loss: 0.574888
Epoch 8 Batch 9 | Loss: 0.574617
Epoch 8 Batch 10 | Loss: 0.573421
Epoch 8 Batch 11 | Loss: 0.624448
Epoch 8 Batch 12 | Loss: 0.615909
Epoch 8 Batch 13 | Loss: 0.574406
  [STABILITY] Test accuracy improved: 70.35% -> 70.93% (via EMA). Saving best params.
--- Epoch 8/30 | Loss: 0.5789 | Train Acc: 76.0% | Test Acc: 70.9% | CM: [TP:53, TN:69, FP:17, FN:33] | Progress: 26.7% | ETA: 16.4s ---
Epoch 9 Batch 1 | Loss: 0.548632 | Stats: min: -0.268, max: 0.403, mean: 0.110
Epoch 9 Batch 2 | Loss: 0.573423
Epoch 9 Batch 3 | Loss: 0.581475
Epoch 9 Batch 4 | Loss: 0.594367
Epoch 9 Batch 5 | Loss: 0.576749
Epoch 9 Batch 6 | Loss: 0.555740
Epoch 9 Batch 7 | Loss: 0.564632
Epoch 9 Batch 8 | Loss: 0.599357
Epoch 9 Batch 9 | Loss: 0.609119
Epoch 9 Batch 10 | Loss: 0.605355
Epoch 9 Batch 11 | Loss: 0.544077
Epoch 9 Batch 12 | Loss: 0.600850
Epoch 9 Batch 13 | Loss: 0.554367
  [STABILITY] Test accuracy improved: 70.93% -> 73.26% (via EMA). Saving best params.
--- Epoch 9/30 | Loss: 0.5775 | Train Acc: 75.5% | Test Acc: 73.3% | CM: [TP:57, TN:69, FP:17, FN:29] | Progress: 30.0% | ETA: 13.8s ---
Epoch 10 Batch 1 | Loss: 0.549414 | Stats: min: -0.144, max: 0.382, mean: 0.154
Epoch 10 Batch 2 | Loss: 0.551178
Epoch 10 Batch 3 | Loss: 0.503474
Epoch 10 Batch 4 | Loss: 0.583494
Epoch 10 Batch 5 | Loss: 0.596160
Epoch 10 Batch 6 | Loss: 0.550548
Epoch 10 Batch 7 | Loss: 0.596693
Epoch 10 Batch 8 | Loss: 0.593055
Epoch 10 Batch 9 | Loss: 0.571295
Epoch 10 Batch 10 | Loss: 0.605227
Epoch 10 Batch 11 | Loss: 0.576453
Epoch 10 Batch 12 | Loss: 0.615107
Epoch 10 Batch 13 | Loss: 0.603922
  [STABILITY] Test accuracy improved: 73.26% -> 77.33% (via EMA). Saving best params.
--- Epoch 10/30 | Loss: 0.5766 | Train Acc: 79.5% | Test Acc: 77.3% | CM: [TP:65, TN:68, FP:18, FN:21] | Progress: 33.3% | ETA: 12.3s ---
Epoch 11 Batch 1 | Loss: 0.585527 | Stats: min: -0.105, max: 0.349, mean: 0.127
Epoch 11 Batch 2 | Loss: 0.577695
Epoch 11 Batch 3 | Loss: 0.569985
Epoch 11 Batch 4 | Loss: 0.609740
Epoch 11 Batch 5 | Loss: 0.541893
Epoch 11 Batch 6 | Loss: 0.611290
Epoch 11 Batch 7 | Loss: 0.516271
Epoch 11 Batch 8 | Loss: 0.601701
Epoch 11 Batch 9 | Loss: 0.573238
Epoch 11 Batch 10 | Loss: 0.577096
Epoch 11 Batch 11 | Loss: 0.573795
Epoch 11 Batch 12 | Loss: 0.530306
Epoch 11 Batch 13 | Loss: 0.577737
  [STABILITY] Test accuracy improved: 77.33% -> 79.07% (via EMA). Saving best params.
--- Epoch 11/30 | Loss: 0.5728 | Train Acc: 80.5% | Test Acc: 79.1% | CM: [TP:69, TN:67, FP:19, FN:17] | Progress: 36.7% | ETA: 10.9s ---
Epoch 12 Batch 1 | Loss: 0.562278 | Stats: min: -0.445, max: 0.186, mean: -0.010
Epoch 12 Batch 2 | Loss: 0.591223
Epoch 12 Batch 3 | Loss: 0.556048
Epoch 12 Batch 4 | Loss: 0.561695
Epoch 12 Batch 5 | Loss: 0.598125
Epoch 12 Batch 6 | Loss: 0.564101
Epoch 12 Batch 7 | Loss: 0.552132
Epoch 12 Batch 8 | Loss: 0.547219
Epoch 12 Batch 9 | Loss: 0.599730
Epoch 12 Batch 10 | Loss: 0.528895
Epoch 12 Batch 11 | Loss: 0.572095
Epoch 12 Batch 12 | Loss: 0.621719
Epoch 12 Batch 13 | Loss: 0.622732
  [STABILITY] Test accuracy improved: 79.07% -> 79.65% (via EMA). Saving best params.
--- Epoch 12/30 | Loss: 0.5752 | Train Acc: 79.5% | Test Acc: 79.7% | CM: [TP:71, TN:66, FP:20, FN:15] | Progress: 40.0% | ETA: 9.3s ---
Epoch 13 Batch 1 | Loss: 0.608348 | Stats: min: -0.394, max: 0.353, mean: 0.000
Epoch 13 Batch 2 | Loss: 0.556389
Epoch 13 Batch 3 | Loss: 0.518083
Epoch 13 Batch 4 | Loss: 0.571153
Epoch 13 Batch 5 | Loss: 0.528876
Epoch 13 Batch 6 | Loss: 0.625908
Epoch 13 Batch 7 | Loss: 0.529901
Epoch 13 Batch 8 | Loss: 0.552686
Epoch 13 Batch 9 | Loss: 0.633330
Epoch 13 Batch 10 | Loss: 0.596143
Epoch 13 Batch 11 | Loss: 0.588374
Epoch 13 Batch 12 | Loss: 0.583099
Epoch 13 Batch 13 | Loss: 0.544800
--- Epoch 13/30 | Loss: 0.5721 | Train Acc: 80.0% | Test Acc: 79.1% | CM: [TP:72, TN:64, FP:22, FN:14] | Progress: 43.3% | ETA: 8.1s ---
Epoch 14 Batch 1 | Loss: 0.526362 | Stats: min: -0.124, max: 0.408, mean: 0.068
Epoch 14 Batch 2 | Loss: 0.578187
Epoch 14 Batch 3 | Loss: 0.588906
Epoch 14 Batch 4 | Loss: 0.570438
Epoch 14 Batch 5 | Loss: 0.569546
Epoch 14 Batch 6 | Loss: 0.603582
Epoch 14 Batch 7 | Loss: 0.549874
Epoch 14 Batch 8 | Loss: 0.586657
Epoch 14 Batch 9 | Loss: 0.601187
Epoch 14 Batch 10 | Loss: 0.572194
Epoch 14 Batch 11 | Loss: 0.535514
Epoch 14 Batch 12 | Loss: 0.530796
Epoch 14 Batch 13 | Loss: 0.656563
--- Epoch 14/30 | Loss: 0.5746 | Train Acc: 79.0% | Test Acc: 79.1% | CM: [TP:73, TN:63, FP:23, FN:13] | Progress: 46.7% | ETA: 7.1s ---
Epoch 15 Batch 1 | Loss: 0.541128 | Stats: min: 0.095, max: 0.374, mean: 0.242
Epoch 15 Batch 2 | Loss: 0.508985
Epoch 15 Batch 3 | Loss: 0.567850
Epoch 15 Batch 4 | Loss: 0.532290
Epoch 15 Batch 5 | Loss: 0.553045
Epoch 15 Batch 6 | Loss: 0.580506
Epoch 15 Batch 7 | Loss: 0.574005
Epoch 15 Batch 8 | Loss: 0.614563
Epoch 15 Batch 9 | Loss: 0.626255
Epoch 15 Batch 10 | Loss: 0.595132
Epoch 15 Batch 11 | Loss: 0.557150
Epoch 15 Batch 12 | Loss: 0.579850
Epoch 15 Batch 13 | Loss: 0.601458
  [STABILITY] Plateau detected. Reducing Learning Rate to 0.010000
--- Epoch 15/30 | Loss: 0.5717 | Train Acc: 79.0% | Test Acc: 78.5% | CM: [TP:74, TN:61, FP:25, FN:12] | Progress: 50.0% | ETA: 6.3s ---
Epoch 16 Batch 1 | Loss: 0.547332 | Stats: min: -0.296, max: 0.030, mean: -0.091
Epoch 16 Batch 2 | Loss: 0.569259
Epoch 16 Batch 3 | Loss: 0.544370
Epoch 16 Batch 4 | Loss: 0.560667
Epoch 16 Batch 5 | Loss: 0.596067
Epoch 16 Batch 6 | Loss: 0.501183
Epoch 16 Batch 7 | Loss: 0.575687
Epoch 16 Batch 8 | Loss: 0.559459
Epoch 16 Batch 9 | Loss: 0.514047
Epoch 16 Batch 10 | Loss: 0.600640
Epoch 16 Batch 11 | Loss: 0.608936
Epoch 16 Batch 12 | Loss: 0.636779
Epoch 16 Batch 13 | Loss: 0.631368
--- Epoch 16/30 | Loss: 0.5728 | Train Acc: 78.5% | Test Acc: 79.7% | CM: [TP:76, TN:61, FP:25, FN:10] | Progress: 53.3% | ETA: 5.5s ---
Epoch 17 Batch 1 | Loss: 0.585736 | Stats: min: 0.034, max: 0.377, mean: 0.191
Epoch 17 Batch 2 | Loss: 0.571988
Epoch 17 Batch 3 | Loss: 0.531505
Epoch 17 Batch 4 | Loss: 0.606424
Epoch 17 Batch 5 | Loss: 0.528807
Epoch 17 Batch 6 | Loss: 0.570011
Epoch 17 Batch 7 | Loss: 0.568488
Epoch 17 Batch 8 | Loss: 0.576497
Epoch 17 Batch 9 | Loss: 0.525588
Epoch 17 Batch 10 | Loss: 0.595279
Epoch 17 Batch 11 | Loss: 0.569709
Epoch 17 Batch 12 | Loss: 0.579000
Epoch 17 Batch 13 | Loss: 0.558838
--- Epoch 17/30 | Loss: 0.5668 | Train Acc: 77.5% | Test Acc: 78.5% | CM: [TP:75, TN:60, FP:26, FN:11] | Progress: 56.7% | ETA: 4.8s ---
Epoch 18 Batch 1 | Loss: 0.488861 | Stats: min: -0.476, max: 0.085, mean: -0.257
Epoch 18 Batch 2 | Loss: 0.619177
Epoch 18 Batch 3 | Loss: 0.552245
Epoch 18 Batch 4 | Loss: 0.580519
Epoch 18 Batch 5 | Loss: 0.514230
Epoch 18 Batch 6 | Loss: 0.563656
Epoch 18 Batch 7 | Loss: 0.569981
Epoch 18 Batch 8 | Loss: 0.547477
Epoch 18 Batch 9 | Loss: 0.594017
Epoch 18 Batch 10 | Loss: 0.610947
Epoch 18 Batch 11 | Loss: 0.581998
Epoch 18 Batch 12 | Loss: 0.583603
Epoch 18 Batch 13 | Loss: 0.611257
  [STABILITY] Plateau detected. Reducing Learning Rate to 0.005000
--- Epoch 18/30 | Loss: 0.5706 | Train Acc: 78.0% | Test Acc: 77.9% | CM: [TP:74, TN:60, FP:26, FN:12] | Progress: 60.0% | ETA: 4.2s ---
Epoch 19 Batch 1 | Loss: 0.584375 | Stats: min: -0.387, max: 0.363, mean: 0.150
Epoch 19 Batch 2 | Loss: 0.542805
Epoch 19 Batch 3 | Loss: 0.535387
Epoch 19 Batch 4 | Loss: 0.605334
Epoch 19 Batch 5 | Loss: 0.606071
Epoch 19 Batch 6 | Loss: 0.550798
Epoch 19 Batch 7 | Loss: 0.550322
Epoch 19 Batch 8 | Loss: 0.531890
Epoch 19 Batch 9 | Loss: 0.613951
Epoch 19 Batch 10 | Loss: 0.565355
Epoch 19 Batch 11 | Loss: 0.577018
Epoch 19 Batch 12 | Loss: 0.557713
Epoch 19 Batch 13 | Loss: 0.518799
--- Epoch 19/30 | Loss: 0.5646 | Train Acc: 77.0% | Test Acc: 77.9% | CM: [TP:74, TN:60, FP:26, FN:12] | Progress: 63.3% | ETA: 3.6s ---
Epoch 20 Batch 1 | Loss: 0.525439 | Stats: min: -0.476, max: 0.214, mean: -0.110
Epoch 20 Batch 2 | Loss: 0.572849
Epoch 20 Batch 3 | Loss: 0.615541
Epoch 20 Batch 4 | Loss: 0.534181
Epoch 20 Batch 5 | Loss: 0.605043
Epoch 20 Batch 6 | Loss: 0.639273
Epoch 20 Batch 7 | Loss: 0.568558
Epoch 20 Batch 8 | Loss: 0.575824
Epoch 20 Batch 9 | Loss: 0.527459
Epoch 20 Batch 10 | Loss: 0.528990
Epoch 20 Batch 11 | Loss: 0.590188
Epoch 20 Batch 12 | Loss: 0.538615
Epoch 20 Batch 13 | Loss: 0.514488
--- Epoch 20/30 | Loss: 0.5643 | Train Acc: 76.5% | Test Acc: 77.9% | CM: [TP:74, TN:60, FP:26, FN:12] | Progress: 66.7% | ETA: 3.1s ---
Epoch 21 Batch 1 | Loss: 0.570221 | Stats: min: -0.007, max: 0.176, mean: 0.066
Epoch 21 Batch 2 | Loss: 0.580041
Epoch 21 Batch 3 | Loss: 0.555854
Epoch 21 Batch 4 | Loss: 0.556250
Epoch 21 Batch 5 | Loss: 0.581785
Epoch 21 Batch 6 | Loss: 0.598995
Epoch 21 Batch 7 | Loss: 0.537136
Epoch 21 Batch 8 | Loss: 0.559585
Epoch 21 Batch 9 | Loss: 0.548393
Epoch 21 Batch 10 | Loss: 0.548775
Epoch 21 Batch 11 | Loss: 0.564515
Epoch 21 Batch 12 | Loss: 0.619965
Epoch 21 Batch 13 | Loss: 0.510529
  [STABILITY] Plateau detected. Reducing Learning Rate to 0.002500
--- Epoch 21/30 | Loss: 0.5640 | Train Acc: 76.5% | Test Acc: 77.9% | CM: [TP:74, TN:60, FP:26, FN:12] | Progress: 70.0% | ETA: 2.7s ---
Epoch 22 Batch 1 | Loss: 0.531594 | Stats: min: -0.399, max: 0.356, mean: -0.080
Epoch 22 Batch 2 | Loss: 0.584899
Epoch 22 Batch 3 | Loss: 0.600102
Epoch 22 Batch 4 | Loss: 0.524176
Epoch 22 Batch 5 | Loss: 0.571860
Epoch 22 Batch 6 | Loss: 0.538421
Epoch 22 Batch 7 | Loss: 0.620401
Epoch 22 Batch 8 | Loss: 0.594954
Epoch 22 Batch 9 | Loss: 0.529145
Epoch 22 Batch 10 | Loss: 0.559731
Epoch 22 Batch 11 | Loss: 0.566147
Epoch 22 Batch 12 | Loss: 0.560194
Epoch 22 Batch 13 | Loss: 0.590125
--- Epoch 22/30 | Loss: 0.5671 | Train Acc: 77.0% | Test Acc: 77.9% | CM: [TP:74, TN:60, FP:26, FN:12] | Progress: 73.3% | ETA: 2.3s ---
Epoch 23 Batch 1 | Loss: 0.558173 | Stats: min: -0.237, max: 0.410, mean: 0.093
Epoch 23 Batch 2 | Loss: 0.560613
Epoch 23 Batch 3 | Loss: 0.547193
Epoch 23 Batch 4 | Loss: 0.571840
Epoch 23 Batch 5 | Loss: 0.535326
Epoch 23 Batch 6 | Loss: 0.565703
Epoch 23 Batch 7 | Loss: 0.589009
Epoch 23 Batch 8 | Loss: 0.577473
Epoch 23 Batch 9 | Loss: 0.594526
Epoch 23 Batch 10 | Loss: 0.553775
Epoch 23 Batch 11 | Loss: 0.577214
Epoch 23 Batch 12 | Loss: 0.544929
Epoch 23 Batch 13 | Loss: 0.595010
--- Epoch 23/30 | Loss: 0.5670 | Train Acc: 77.0% | Test Acc: 77.9% | CM: [TP:74, TN:60, FP:26, FN:12] | Progress: 76.7% | ETA: 1.9s ---
Epoch 24 Batch 1 | Loss: 0.589158 | Stats: min: -0.153, max: 0.423, mean: 0.094
Epoch 24 Batch 2 | Loss: 0.539029
Epoch 24 Batch 3 | Loss: 0.547287
Epoch 24 Batch 4 | Loss: 0.552090
Epoch 24 Batch 5 | Loss: 0.548213
Epoch 24 Batch 6 | Loss: 0.530335
Epoch 24 Batch 7 | Loss: 0.633787
Epoch 24 Batch 8 | Loss: 0.547807
Epoch 24 Batch 9 | Loss: 0.631542
Epoch 24 Batch 10 | Loss: 0.563881
Epoch 24 Batch 11 | Loss: 0.609051
Epoch 24 Batch 12 | Loss: 0.504759
Epoch 24 Batch 13 | Loss: 0.547512
  [STABILITY] Plateau detected. Reducing Learning Rate to 0.001250
--- Epoch 24/30 | Loss: 0.5650 | Train Acc: 77.0% | Test Acc: 77.9% | CM: [TP:74, TN:60, FP:26, FN:12] | Progress: 80.0% | ETA: 1.6s ---
Epoch 25 Batch 1 | Loss: 0.532989 | Stats: min: -0.321, max: 0.369, mean: -0.029
Epoch 25 Batch 2 | Loss: 0.607409
Epoch 25 Batch 3 | Loss: 0.539775
Epoch 25 Batch 4 | Loss: 0.544952
Epoch 25 Batch 5 | Loss: 0.551904
Epoch 25 Batch 6 | Loss: 0.533333
Epoch 25 Batch 7 | Loss: 0.610103
Epoch 25 Batch 8 | Loss: 0.544965
Epoch 25 Batch 9 | Loss: 0.584168
Epoch 25 Batch 10 | Loss: 0.543890
Epoch 25 Batch 11 | Loss: 0.613744
Epoch 25 Batch 12 | Loss: 0.591398
Epoch 25 Batch 13 | Loss: 0.545884
--- Epoch 25/30 | Loss: 0.5650 | Train Acc: 76.5% | Test Acc: 77.9% | CM: [TP:74, TN:60, FP:26, FN:12] | Progress: 83.3% | ETA: 1.2s ---
Epoch 26 Batch 1 | Loss: 0.521143 | Stats: min: -0.323, max: 0.166, mean: -0.043
Epoch 26 Batch 2 | Loss: 0.519505
Epoch 26 Batch 3 | Loss: 0.605447
Epoch 26 Batch 4 | Loss: 0.635737
Epoch 26 Batch 5 | Loss: 0.632700
Epoch 26 Batch 6 | Loss: 0.573725
Epoch 26 Batch 7 | Loss: 0.531226
Epoch 26 Batch 8 | Loss: 0.588307
Epoch 26 Batch 9 | Loss: 0.540759
Epoch 26 Batch 10 | Loss: 0.525314
Epoch 26 Batch 11 | Loss: 0.553162
Epoch 26 Batch 12 | Loss: 0.565188
Epoch 26 Batch 13 | Loss: 0.552908
--- Epoch 26/30 | Loss: 0.5650 | Train Acc: 76.5% | Test Acc: 77.9% | CM: [TP:74, TN:60, FP:26, FN:12] | Progress: 86.7% | ETA: 1.0s ---
Epoch 27 Batch 1 | Loss: 0.573451 | Stats: min: -0.182, max: 0.372, mean: 0.166
Epoch 27 Batch 2 | Loss: 0.582441
Epoch 27 Batch 3 | Loss: 0.581677
Epoch 27 Batch 4 | Loss: 0.549546
Epoch 27 Batch 5 | Loss: 0.554503
Epoch 27 Batch 6 | Loss: 0.578008
Epoch 27 Batch 7 | Loss: 0.573472
Epoch 27 Batch 8 | Loss: 0.554896
Epoch 27 Batch 9 | Loss: 0.606104
Epoch 27 Batch 10 | Loss: 0.536756
Epoch 27 Batch 11 | Loss: 0.533269
Epoch 27 Batch 12 | Loss: 0.562921
Epoch 27 Batch 13 | Loss: 0.566375
  [STABILITY] Plateau detected. Reducing Learning Rate to 0.000625
--- Epoch 27/30 | Loss: 0.5656 | Train Acc: 76.5% | Test Acc: 77.3% | CM: [TP:73, TN:60, FP:26, FN:13] | Progress: 90.0% | ETA: 0.7s ---
Epoch 28 Batch 1 | Loss: 0.538042 | Stats: min: -0.557, max: -0.036, mean: -0.238
Epoch 28 Batch 2 | Loss: 0.490820
Epoch 28 Batch 3 | Loss: 0.601559
Epoch 28 Batch 4 | Loss: 0.603365
Epoch 28 Batch 5 | Loss: 0.568953
Epoch 28 Batch 6 | Loss: 0.560675
Epoch 28 Batch 7 | Loss: 0.595900
Epoch 28 Batch 8 | Loss: 0.553767
Epoch 28 Batch 9 | Loss: 0.567174
Epoch 28 Batch 10 | Loss: 0.540199
Epoch 28 Batch 11 | Loss: 0.578740
Epoch 28 Batch 12 | Loss: 0.556880
Epoch 28 Batch 13 | Loss: 0.624059
--- Epoch 28/30 | Loss: 0.5677 | Train Acc: 76.0% | Test Acc: 77.3% | CM: [TP:73, TN:60, FP:26, FN:13] | Progress: 93.3% | ETA: 0.4s ---
Epoch 29 Batch 1 | Loss: 0.557095 | Stats: min: -0.212, max: 0.430, mean: 0.111
Epoch 29 Batch 2 | Loss: 0.560216
Epoch 29 Batch 3 | Loss: 0.597779
Epoch 29 Batch 4 | Loss: 0.551395
Epoch 29 Batch 5 | Loss: 0.515929
Epoch 29 Batch 6 | Loss: 0.545184
Epoch 29 Batch 7 | Loss: 0.602991
Epoch 29 Batch 8 | Loss: 0.612453
Epoch 29 Batch 9 | Loss: 0.549266
Epoch 29 Batch 10 | Loss: 0.566245
Epoch 29 Batch 11 | Loss: 0.544427
Epoch 29 Batch 12 | Loss: 0.572438
Epoch 29 Batch 13 | Loss: 0.583852
--- Epoch 29/30 | Loss: 0.5661 | Train Acc: 76.0% | Test Acc: 77.3% | CM: [TP:73, TN:60, FP:26, FN:13] | Progress: 96.7% | ETA: 0.2s ---
Epoch 30 Batch 1 | Loss: 0.556969 | Stats: min: -0.358, max: 0.387, mean: -0.033
Epoch 30 Batch 2 | Loss: 0.539066
Epoch 30 Batch 3 | Loss: 0.565171
Epoch 30 Batch 4 | Loss: 0.604821
Epoch 30 Batch 5 | Loss: 0.561847
Epoch 30 Batch 6 | Loss: 0.535201
Epoch 30 Batch 7 | Loss: 0.582148
Epoch 30 Batch 8 | Loss: 0.517330
Epoch 30 Batch 9 | Loss: 0.577290
Epoch 30 Batch 10 | Loss: 0.570055
Epoch 30 Batch 11 | Loss: 0.543142
Epoch 30 Batch 12 | Loss: 0.606410
Epoch 30 Batch 13 | Loss: 0.617178
  [STABILITY] Plateau detected. Reducing Learning Rate to 0.000313
--- Epoch 30/30 | Loss: 0.5674 | Train Acc: 76.0% | Test Acc: 77.9% | CM: [TP:73, TN:61, FP:25, FN:13] | Progress: 100.0% | ETA: 0.0s ---

Final Best Test Accuracy: 79.65%


Best Quantum Test Accuracy: 0.797
