DEBUG: Qtrainer enters train_pure_quantum_cnn. Encoding: feature_map
  Class Weights: +1 (Target): 1.00 | -1 (Rest): 1.00
Starting Training
==================================================
Epoch 1 Batch 1 | Loss: 0.690928 | Stats: min: 0.150, max: 0.177, mean: 0.164
Epoch 1 Batch 2 | Loss: 0.673900
Epoch 1 Batch 3 | Loss: 0.673885
Epoch 1 Batch 4 | Loss: 0.664577
Epoch 1 Batch 5 | Loss: 0.658714
Epoch 1 Batch 6 | Loss: 0.677648
Epoch 1 Batch 7 | Loss: 0.681624
Epoch 1 Batch 8 | Loss: 0.661371
Epoch 1 Batch 9 | Loss: 0.646548
Epoch 1 Batch 10 | Loss: 0.640112
Epoch 1 Batch 11 | Loss: 0.674978
Epoch 1 Batch 12 | Loss: 0.640994
Epoch 1 Batch 13 | Loss: 0.646043
  [STABILITY] Test accuracy improved: 0.00% -> 59.88% (via EMA). Saving best params.
--- Epoch 1/30 | Loss: 0.6639 | Train Acc: 58.5% | Test Acc: 59.9% | CM: [TP:85, TN:18, FP:68, FN:1] | Progress: 3.3% | ETA: 445.7s ---
Epoch 2 Batch 1 | Loss: 0.665184 | Stats: min: -0.233, max: -0.121, mean: -0.190
Epoch 2 Batch 2 | Loss: 0.681315
Epoch 2 Batch 3 | Loss: 0.661004
Epoch 2 Batch 4 | Loss: 0.641423
Epoch 2 Batch 5 | Loss: 0.651093
Epoch 2 Batch 6 | Loss: 0.621480
Epoch 2 Batch 7 | Loss: 0.623354
Epoch 2 Batch 8 | Loss: 0.606681
Epoch 2 Batch 9 | Loss: 0.619115
Epoch 2 Batch 10 | Loss: 0.662319
Epoch 2 Batch 11 | Loss: 0.626446
Epoch 2 Batch 12 | Loss: 0.650343
Epoch 2 Batch 13 | Loss: 0.609205
--- Epoch 2/30 | Loss: 0.6399 | Train Acc: 57.0% | Test Acc: 57.6% | CM: [TP:86, TN:13, FP:73, FN:0] | Progress: 6.7% | ETA: 264.8s ---
Epoch 3 Batch 1 | Loss: 0.653827 | Stats: min: -0.166, max: 0.218, mean: -0.002
Epoch 3 Batch 2 | Loss: 0.625385
Epoch 3 Batch 3 | Loss: 0.632590
Epoch 3 Batch 4 | Loss: 0.641507
Epoch 3 Batch 5 | Loss: 0.628749
Epoch 3 Batch 6 | Loss: 0.585777
Epoch 3 Batch 7 | Loss: 0.642809
Epoch 3 Batch 8 | Loss: 0.587521
Epoch 3 Batch 9 | Loss: 0.618568
Epoch 3 Batch 10 | Loss: 0.638368
Epoch 3 Batch 11 | Loss: 0.644646
Epoch 3 Batch 12 | Loss: 0.623631
Epoch 3 Batch 13 | Loss: 0.606252
  [STABILITY] Test accuracy improved: 59.88% -> 61.63% (via EMA). Saving best params.
--- Epoch 3/30 | Loss: 0.6254 | Train Acc: 60.5% | Test Acc: 61.6% | CM: [TP:86, TN:20, FP:66, FN:0] | Progress: 10.0% | ETA: 238.0s ---
Epoch 4 Batch 1 | Loss: 0.601166 | Stats: min: -0.263, max: 0.137, mean: -0.088
Epoch 4 Batch 2 | Loss: 0.640199
Epoch 4 Batch 3 | Loss: 0.624675
Epoch 4 Batch 4 | Loss: 0.611544
Epoch 4 Batch 5 | Loss: 0.632239
Epoch 4 Batch 6 | Loss: 0.618873
Epoch 4 Batch 7 | Loss: 0.629945
Epoch 4 Batch 8 | Loss: 0.631913
Epoch 4 Batch 9 | Loss: 0.647733
Epoch 4 Batch 10 | Loss: 0.624219
Epoch 4 Batch 11 | Loss: 0.632511
Epoch 4 Batch 12 | Loss: 0.574974
Epoch 4 Batch 13 | Loss: 0.719174
  [STABILITY] Test accuracy improved: 61.63% -> 65.12% (via EMA). Saving best params.
--- Epoch 4/30 | Loss: 0.6299 | Train Acc: 63.5% | Test Acc: 65.1% | CM: [TP:85, TN:27, FP:59, FN:1] | Progress: 13.3% | ETA: 143.3s ---
Epoch 5 Batch 1 | Loss: 0.596981 | Stats: min: -0.211, max: 0.024, mean: -0.124
Epoch 5 Batch 2 | Loss: 0.650801
Epoch 5 Batch 3 | Loss: 0.607784
Epoch 5 Batch 4 | Loss: 0.605423
Epoch 5 Batch 5 | Loss: 0.656464
Epoch 5 Batch 6 | Loss: 0.648682
Epoch 5 Batch 7 | Loss: 0.606190
Epoch 5 Batch 8 | Loss: 0.611667
Epoch 5 Batch 9 | Loss: 0.611370
Epoch 5 Batch 10 | Loss: 0.601195
Epoch 5 Batch 11 | Loss: 0.619511
Epoch 5 Batch 12 | Loss: 0.622004
Epoch 5 Batch 13 | Loss: 0.624062
  [STABILITY] Test accuracy improved: 65.12% -> 66.28% (via EMA). Saving best params.
--- Epoch 5/30 | Loss: 0.6202 | Train Acc: 71.5% | Test Acc: 66.3% | CM: [TP:78, TN:36, FP:50, FN:8] | Progress: 16.7% | ETA: 73.6s ---
Epoch 6 Batch 1 | Loss: 0.594415 | Stats: min: -0.220, max: 0.046, mean: -0.132
Epoch 6 Batch 2 | Loss: 0.627529
Epoch 6 Batch 3 | Loss: 0.582108
Epoch 6 Batch 4 | Loss: 0.623120
Epoch 6 Batch 5 | Loss: 0.595863
Epoch 6 Batch 6 | Loss: 0.635569
Epoch 6 Batch 7 | Loss: 0.596505
Epoch 6 Batch 8 | Loss: 0.602176
Epoch 6 Batch 9 | Loss: 0.622449
Epoch 6 Batch 10 | Loss: 0.602617
Epoch 6 Batch 11 | Loss: 0.604559
Epoch 6 Batch 12 | Loss: 0.612812
Epoch 6 Batch 13 | Loss: 0.559604
  [STABILITY] Test accuracy improved: 66.28% -> 68.60% (via EMA). Saving best params.
--- Epoch 6/30 | Loss: 0.6046 | Train Acc: 75.5% | Test Acc: 68.6% | CM: [TP:77, TN:41, FP:45, FN:9] | Progress: 20.0% | ETA: 71.3s ---
Epoch 7 Batch 1 | Loss: 0.602051 | Stats: min: -0.121, max: 0.512, mean: 0.158
Epoch 7 Batch 2 | Loss: 0.602089
Epoch 7 Batch 3 | Loss: 0.697059
Epoch 7 Batch 4 | Loss: 0.606766
Epoch 7 Batch 5 | Loss: 0.596648
Epoch 7 Batch 6 | Loss: 0.663242
Epoch 7 Batch 7 | Loss: 0.632027
Epoch 7 Batch 8 | Loss: 0.617414
Epoch 7 Batch 9 | Loss: 0.689264
Epoch 7 Batch 10 | Loss: 0.619815
Epoch 7 Batch 11 | Loss: 0.634735
Epoch 7 Batch 12 | Loss: 0.670355
Epoch 7 Batch 13 | Loss: 0.602370
  [STABILITY] Test accuracy improved: 68.60% -> 74.42% (via EMA). Saving best params.
--- Epoch 7/30 | Loss: 0.6334 | Train Acc: 80.0% | Test Acc: 74.4% | CM: [TP:71, TN:57, FP:29, FN:15] | Progress: 23.3% | ETA: 52.0s ---
Epoch 8 Batch 1 | Loss: 0.620461 | Stats: min: -0.241, max: 0.320, mean: 0.105
Epoch 8 Batch 2 | Loss: 0.603270
Epoch 8 Batch 3 | Loss: 0.615944
Epoch 8 Batch 4 | Loss: 0.661374
Epoch 8 Batch 5 | Loss: 0.601501
Epoch 8 Batch 6 | Loss: 0.616046
Epoch 8 Batch 7 | Loss: 0.596464
Epoch 8 Batch 8 | Loss: 0.628362
Epoch 8 Batch 9 | Loss: 0.627816
Epoch 8 Batch 10 | Loss: 0.602131
Epoch 8 Batch 11 | Loss: 0.596864
Epoch 8 Batch 12 | Loss: 0.618517
Epoch 8 Batch 13 | Loss: 0.523299
  [STABILITY] Test accuracy improved: 74.42% -> 76.16% (via EMA). Saving best params.
--- Epoch 8/30 | Loss: 0.6086 | Train Acc: 78.5% | Test Acc: 76.2% | CM: [TP:65, TN:66, FP:20, FN:21] | Progress: 26.7% | ETA: 40.4s ---
Epoch 9 Batch 1 | Loss: 0.618048 | Stats: min: -0.279, max: -0.026, mean: -0.154
Epoch 9 Batch 2 | Loss: 0.623744
Epoch 9 Batch 3 | Loss: 0.689524
Epoch 9 Batch 4 | Loss: 0.572698
Epoch 9 Batch 5 | Loss: 0.583980
Epoch 9 Batch 6 | Loss: 0.583132
Epoch 9 Batch 7 | Loss: 0.635188
Epoch 9 Batch 8 | Loss: 0.655820
Epoch 9 Batch 9 | Loss: 0.599410
Epoch 9 Batch 10 | Loss: 0.597452
Epoch 9 Batch 11 | Loss: 0.625303
Epoch 9 Batch 12 | Loss: 0.598655
Epoch 9 Batch 13 | Loss: 0.613429
--- Epoch 9/30 | Loss: 0.6151 | Train Acc: 77.5% | Test Acc: 76.2% | CM: [TP:52, TN:79, FP:7, FN:34] | Progress: 30.0% | ETA: 34.7s ---
Epoch 10 Batch 1 | Loss: 0.627749 | Stats: min: -0.410, max: 0.127, mean: -0.123
Epoch 10 Batch 2 | Loss: 0.632335
Epoch 10 Batch 3 | Loss: 0.604194
Epoch 10 Batch 4 | Loss: 0.607934
Epoch 10 Batch 5 | Loss: 0.655238
Epoch 10 Batch 6 | Loss: 0.608551
Epoch 10 Batch 7 | Loss: 0.591423
Epoch 10 Batch 8 | Loss: 0.604928
Epoch 10 Batch 9 | Loss: 0.641630
Epoch 10 Batch 10 | Loss: 0.562154
Epoch 10 Batch 11 | Loss: 0.628549
Epoch 10 Batch 12 | Loss: 0.569151
Epoch 10 Batch 13 | Loss: 0.671137
--- Epoch 10/30 | Loss: 0.6158 | Train Acc: 78.5% | Test Acc: 73.3% | CM: [TP:47, TN:79, FP:7, FN:39] | Progress: 33.3% | ETA: 43.3s ---
Epoch 11 Batch 1 | Loss: 0.590812 | Stats: min: -0.351, max: 0.134, mean: -0.082
Epoch 11 Batch 2 | Loss: 0.614112
Epoch 11 Batch 3 | Loss: 0.611735
Epoch 11 Batch 4 | Loss: 0.665503
Epoch 11 Batch 5 | Loss: 0.627187
Epoch 11 Batch 6 | Loss: 0.592751
Epoch 11 Batch 7 | Loss: 0.597279
Epoch 11 Batch 8 | Loss: 0.626946
Epoch 11 Batch 9 | Loss: 0.575738
Epoch 11 Batch 10 | Loss: 0.607400
Epoch 11 Batch 11 | Loss: 0.614313
Epoch 11 Batch 12 | Loss: 0.613023
Epoch 11 Batch 13 | Loss: 0.645575
  [STABILITY] Plateau detected. Reducing Learning Rate to 0.025000
--- Epoch 11/30 | Loss: 0.6140 | Train Acc: 78.5% | Test Acc: 73.3% | CM: [TP:47, TN:79, FP:7, FN:39] | Progress: 36.7% | ETA: 27.2s ---
Epoch 12 Batch 1 | Loss: 0.635254 | Stats: min: -0.271, max: 0.132, mean: -0.035
Epoch 12 Batch 2 | Loss: 0.630038
Epoch 12 Batch 3 | Loss: 0.591303
Epoch 12 Batch 4 | Loss: 0.624597
Epoch 12 Batch 5 | Loss: 0.613275
Epoch 12 Batch 6 | Loss: 0.574702
Epoch 12 Batch 7 | Loss: 0.579217
Epoch 12 Batch 8 | Loss: 0.603929
Epoch 12 Batch 9 | Loss: 0.601716
Epoch 12 Batch 10 | Loss: 0.595180
Epoch 12 Batch 11 | Loss: 0.609129
Epoch 12 Batch 12 | Loss: 0.557231
Epoch 12 Batch 13 | Loss: 0.617730
--- Epoch 12/30 | Loss: 0.6026 | Train Acc: 78.0% | Test Acc: 73.8% | CM: [TP:48, TN:79, FP:7, FN:38] | Progress: 40.0% | ETA: 21.8s ---
Epoch 13 Batch 1 | Loss: 0.600433 | Stats: min: -0.271, max: 0.330, mean: -0.035
Epoch 13 Batch 2 | Loss: 0.590622
Epoch 13 Batch 3 | Loss: 0.574836
Epoch 13 Batch 4 | Loss: 0.619876
Epoch 13 Batch 5 | Loss: 0.617140
Epoch 13 Batch 6 | Loss: 0.620807
Epoch 13 Batch 7 | Loss: 0.617731
Epoch 13 Batch 8 | Loss: 0.594787
Epoch 13 Batch 9 | Loss: 0.569689
Epoch 13 Batch 10 | Loss: 0.593360
Epoch 13 Batch 11 | Loss: 0.581415
Epoch 13 Batch 12 | Loss: 0.591631
Epoch 13 Batch 13 | Loss: 0.536418
--- Epoch 13/30 | Loss: 0.5930 | Train Acc: 78.0% | Test Acc: 74.4% | CM: [TP:50, TN:78, FP:8, FN:36] | Progress: 43.3% | ETA: 18.1s ---
Epoch 14 Batch 1 | Loss: 0.613369 | Stats: min: -0.354, max: 0.023, mean: -0.227
Epoch 14 Batch 2 | Loss: 0.584657
Epoch 14 Batch 3 | Loss: 0.627066
Epoch 14 Batch 4 | Loss: 0.611726
Epoch 14 Batch 5 | Loss: 0.583827
Epoch 14 Batch 6 | Loss: 0.547641
Epoch 14 Batch 7 | Loss: 0.603317
Epoch 14 Batch 8 | Loss: 0.599417
Epoch 14 Batch 9 | Loss: 0.620654
Epoch 14 Batch 10 | Loss: 0.541809
Epoch 14 Batch 11 | Loss: 0.614015
Epoch 14 Batch 12 | Loss: 0.614545
Epoch 14 Batch 13 | Loss: 0.547492
  [STABILITY] Plateau detected. Reducing Learning Rate to 0.012500
--- Epoch 14/30 | Loss: 0.5930 | Train Acc: 77.5% | Test Acc: 75.6% | CM: [TP:52, TN:78, FP:8, FN:34] | Progress: 46.7% | ETA: 19.0s ---
Epoch 15 Batch 1 | Loss: 0.593905 | Stats: min: -0.188, max: -0.007, mean: -0.095
Epoch 15 Batch 2 | Loss: 0.574369
Epoch 15 Batch 3 | Loss: 0.541474
Epoch 15 Batch 4 | Loss: 0.600552
Epoch 15 Batch 5 | Loss: 0.612538
Epoch 15 Batch 6 | Loss: 0.595396
Epoch 15 Batch 7 | Loss: 0.624951
Epoch 15 Batch 8 | Loss: 0.584815
Epoch 15 Batch 9 | Loss: 0.560191
Epoch 15 Batch 10 | Loss: 0.576087
Epoch 15 Batch 11 | Loss: 0.581281
Epoch 15 Batch 12 | Loss: 0.643961
Epoch 15 Batch 13 | Loss: 0.620097
--- Epoch 15/30 | Loss: 0.5930 | Train Acc: 77.5% | Test Acc: 75.0% | CM: [TP:51, TN:78, FP:8, FN:35] | Progress: 50.0% | ETA: 25.8s ---
Epoch 16 Batch 1 | Loss: 0.552884 | Stats: min: -0.185, max: 0.312, mean: 0.054
Epoch 16 Batch 2 | Loss: 0.571766
Epoch 16 Batch 3 | Loss: 0.595631
Epoch 16 Batch 4 | Loss: 0.567217
Epoch 16 Batch 5 | Loss: 0.587907
Epoch 16 Batch 6 | Loss: 0.576349
Epoch 16 Batch 7 | Loss: 0.624925
Epoch 16 Batch 8 | Loss: 0.593447
Epoch 16 Batch 9 | Loss: 0.585574
Epoch 16 Batch 10 | Loss: 0.604931
Epoch 16 Batch 11 | Loss: 0.620310
Epoch 16 Batch 12 | Loss: 0.615688
Epoch 16 Batch 13 | Loss: 0.568645
--- Epoch 16/30 | Loss: 0.5896 | Train Acc: 78.0% | Test Acc: 76.2% | CM: [TP:54, TN:77, FP:9, FN:32] | Progress: 53.3% | ETA: 17.0s ---
Epoch 17 Batch 1 | Loss: 0.589066 | Stats: min: -0.131, max: 0.337, mean: 0.070
Epoch 17 Batch 2 | Loss: 0.591996
Epoch 17 Batch 3 | Loss: 0.571064
Epoch 17 Batch 4 | Loss: 0.591647
Epoch 17 Batch 5 | Loss: 0.607133
Epoch 17 Batch 6 | Loss: 0.624299
Epoch 17 Batch 7 | Loss: 0.571529
Epoch 17 Batch 8 | Loss: 0.633503
Epoch 17 Batch 9 | Loss: 0.598529
Epoch 17 Batch 10 | Loss: 0.576857
Epoch 17 Batch 11 | Loss: 0.589462
Epoch 17 Batch 12 | Loss: 0.595979
Epoch 17 Batch 13 | Loss: 0.603067
  [STABILITY] Plateau detected. Reducing Learning Rate to 0.006250
--- Epoch 17/30 | Loss: 0.5957 | Train Acc: 78.0% | Test Acc: 75.6% | CM: [TP:53, TN:77, FP:9, FN:33] | Progress: 56.7% | ETA: 14.0s ---
Epoch 18 Batch 1 | Loss: 0.610734 | Stats: min: -0.176, max: 0.221, mean: -0.031
Epoch 18 Batch 2 | Loss: 0.598151
Epoch 18 Batch 3 | Loss: 0.559212
Epoch 18 Batch 4 | Loss: 0.634890
Epoch 18 Batch 5 | Loss: 0.597207
Epoch 18 Batch 6 | Loss: 0.528683
Epoch 18 Batch 7 | Loss: 0.588496
Epoch 18 Batch 8 | Loss: 0.642598
Epoch 18 Batch 9 | Loss: 0.559510
Epoch 18 Batch 10 | Loss: 0.623805
Epoch 18 Batch 11 | Loss: 0.610948
Epoch 18 Batch 12 | Loss: 0.568771
Epoch 18 Batch 13 | Loss: 0.535929
--- Epoch 18/30 | Loss: 0.5891 | Train Acc: 77.0% | Test Acc: 75.0% | CM: [TP:55, TN:74, FP:12, FN:31] | Progress: 60.0% | ETA: 10.5s ---
Epoch 19 Batch 1 | Loss: 0.608596 | Stats: min: -0.387, max: 0.443, mean: 0.103
Epoch 19 Batch 2 | Loss: 0.558968
Epoch 19 Batch 3 | Loss: 0.562460
Epoch 19 Batch 4 | Loss: 0.599158
Epoch 19 Batch 5 | Loss: 0.581866
Epoch 19 Batch 6 | Loss: 0.620505
Epoch 19 Batch 7 | Loss: 0.582197
Epoch 19 Batch 8 | Loss: 0.542861
Epoch 19 Batch 9 | Loss: 0.608968
Epoch 19 Batch 10 | Loss: 0.585789
Epoch 19 Batch 11 | Loss: 0.602081
Epoch 19 Batch 12 | Loss: 0.603783
Epoch 19 Batch 13 | Loss: 0.621531
--- Epoch 19/30 | Loss: 0.5907 | Train Acc: 77.5% | Test Acc: 75.0% | CM: [TP:55, TN:74, FP:12, FN:31] | Progress: 63.3% | ETA: 14.4s ---
Epoch 20 Batch 1 | Loss: 0.626826 | Stats: min: -0.272, max: 0.069, mean: -0.090
Epoch 20 Batch 2 | Loss: 0.586298
Epoch 20 Batch 3 | Loss: 0.580491
Epoch 20 Batch 4 | Loss: 0.573209
Epoch 20 Batch 5 | Loss: 0.600260
Epoch 20 Batch 6 | Loss: 0.584458
Epoch 20 Batch 7 | Loss: 0.575569
Epoch 20 Batch 8 | Loss: 0.597124
Epoch 20 Batch 9 | Loss: 0.566284
Epoch 20 Batch 10 | Loss: 0.622804
Epoch 20 Batch 11 | Loss: 0.592388
Epoch 20 Batch 12 | Loss: 0.569709
Epoch 20 Batch 13 | Loss: 0.613953
  [STABILITY] Plateau detected. Reducing Learning Rate to 0.003125
--- Epoch 20/30 | Loss: 0.5915 | Train Acc: 77.5% | Test Acc: 75.0% | CM: [TP:56, TN:73, FP:13, FN:30] | Progress: 66.7% | ETA: 8.6s ---
Epoch 21 Batch 1 | Loss: 0.571392 | Stats: min: -0.339, max: 0.290, mean: 0.037
Epoch 21 Batch 2 | Loss: 0.585955
Epoch 21 Batch 3 | Loss: 0.580599
Epoch 21 Batch 4 | Loss: 0.575893
Epoch 21 Batch 5 | Loss: 0.642865
Epoch 21 Batch 6 | Loss: 0.581989
Epoch 21 Batch 7 | Loss: 0.560542
Epoch 21 Batch 8 | Loss: 0.597979
Epoch 21 Batch 9 | Loss: 0.593933
Epoch 21 Batch 10 | Loss: 0.568352
Epoch 21 Batch 11 | Loss: 0.599456
Epoch 21 Batch 12 | Loss: 0.597684
Epoch 21 Batch 13 | Loss: 0.610144
--- Epoch 21/30 | Loss: 0.5898 | Train Acc: 78.0% | Test Acc: 74.4% | CM: [TP:56, TN:72, FP:14, FN:30] | Progress: 70.0% | ETA: 6.2s ---
Epoch 22 Batch 1 | Loss: 0.591640 | Stats: min: -0.290, max: 0.305, mean: -0.032
Epoch 22 Batch 2 | Loss: 0.602276
Epoch 22 Batch 3 | Loss: 0.600987
Epoch 22 Batch 4 | Loss: 0.604189
Epoch 22 Batch 5 | Loss: 0.568826
Epoch 22 Batch 6 | Loss: 0.587772
Epoch 22 Batch 7 | Loss: 0.599832
Epoch 22 Batch 8 | Loss: 0.612263
Epoch 22 Batch 9 | Loss: 0.588258
Epoch 22 Batch 10 | Loss: 0.567250
Epoch 22 Batch 11 | Loss: 0.587962
Epoch 22 Batch 12 | Loss: 0.557212
Epoch 22 Batch 13 | Loss: 0.587536
--- Epoch 22/30 | Loss: 0.5889 | Train Acc: 78.0% | Test Acc: 74.4% | CM: [TP:56, TN:72, FP:14, FN:30] | Progress: 73.3% | ETA: 4.9s ---
Epoch 23 Batch 1 | Loss: 0.618376 | Stats: min: -0.119, max: 0.342, mean: 0.038
Epoch 23 Batch 2 | Loss: 0.603364
Epoch 23 Batch 3 | Loss: 0.606264
Epoch 23 Batch 4 | Loss: 0.580055
Epoch 23 Batch 5 | Loss: 0.579670
Epoch 23 Batch 6 | Loss: 0.577569
Epoch 23 Batch 7 | Loss: 0.573565
Epoch 23 Batch 8 | Loss: 0.606682
Epoch 23 Batch 9 | Loss: 0.567067
Epoch 23 Batch 10 | Loss: 0.649542
Epoch 23 Batch 11 | Loss: 0.579311
Epoch 23 Batch 12 | Loss: 0.548608
Epoch 23 Batch 13 | Loss: 0.561696
  [STABILITY] Plateau detected. Reducing Learning Rate to 0.001563
--- Epoch 23/30 | Loss: 0.5886 | Train Acc: 77.5% | Test Acc: 76.2% | CM: [TP:59, TN:72, FP:14, FN:27] | Progress: 76.7% | ETA: 4.1s ---
Epoch 24 Batch 1 | Loss: 0.558808 | Stats: min: -0.221, max: 0.314, mean: 0.016
Epoch 24 Batch 2 | Loss: 0.588037
Epoch 24 Batch 3 | Loss: 0.572892
Epoch 24 Batch 4 | Loss: 0.566242
Epoch 24 Batch 5 | Loss: 0.589759
Epoch 24 Batch 6 | Loss: 0.604640
Epoch 24 Batch 7 | Loss: 0.589430
Epoch 24 Batch 8 | Loss: 0.557107
Epoch 24 Batch 9 | Loss: 0.638404
Epoch 24 Batch 10 | Loss: 0.631593
Epoch 24 Batch 11 | Loss: 0.605785
Epoch 24 Batch 12 | Loss: 0.560461
Epoch 24 Batch 13 | Loss: 0.586211
--- Epoch 24/30 | Loss: 0.5884 | Train Acc: 77.5% | Test Acc: 76.2% | CM: [TP:59, TN:72, FP:14, FN:27] | Progress: 80.0% | ETA: 3.4s ---
Epoch 25 Batch 1 | Loss: 0.573221 | Stats: min: -0.343, max: 0.092, mean: -0.115
Epoch 25 Batch 2 | Loss: 0.591597
Epoch 25 Batch 3 | Loss: 0.550653
Epoch 25 Batch 4 | Loss: 0.623384
Epoch 25 Batch 5 | Loss: 0.593371
Epoch 25 Batch 6 | Loss: 0.642680
Epoch 25 Batch 7 | Loss: 0.567758
Epoch 25 Batch 8 | Loss: 0.542953
Epoch 25 Batch 9 | Loss: 0.600886
Epoch 25 Batch 10 | Loss: 0.553466
Epoch 25 Batch 11 | Loss: 0.631820
Epoch 25 Batch 12 | Loss: 0.569876
Epoch 25 Batch 13 | Loss: 0.635989
--- Epoch 25/30 | Loss: 0.5906 | Train Acc: 77.5% | Test Acc: 75.0% | CM: [TP:59, TN:70, FP:16, FN:27] | Progress: 83.3% | ETA: 3.8s ---
Epoch 26 Batch 1 | Loss: 0.589016 | Stats: min: -0.223, max: 0.190, mean: -0.048
Epoch 26 Batch 2 | Loss: 0.616515
Epoch 26 Batch 3 | Loss: 0.625459
Epoch 26 Batch 4 | Loss: 0.549285
Epoch 26 Batch 5 | Loss: 0.602491
Epoch 26 Batch 6 | Loss: 0.584747
Epoch 26 Batch 7 | Loss: 0.597563
Epoch 26 Batch 8 | Loss: 0.563429
Epoch 26 Batch 9 | Loss: 0.563799
Epoch 26 Batch 10 | Loss: 0.585881
Epoch 26 Batch 11 | Loss: 0.616609
Epoch 26 Batch 12 | Loss: 0.583392
Epoch 26 Batch 13 | Loss: 0.552295
  [STABILITY] Plateau detected. Reducing Learning Rate to 0.000781
--- Epoch 26/30 | Loss: 0.5870 | Train Acc: 77.5% | Test Acc: 75.0% | CM: [TP:59, TN:70, FP:16, FN:27] | Progress: 86.7% | ETA: 3.0s ---
Epoch 27 Batch 1 | Loss: 0.580306 | Stats: min: -0.292, max: 0.144, mean: -0.078
Epoch 27 Batch 2 | Loss: 0.600970
Epoch 27 Batch 3 | Loss: 0.568526
Epoch 27 Batch 4 | Loss: 0.598627
Epoch 27 Batch 5 | Loss: 0.542903
Epoch 27 Batch 6 | Loss: 0.598753
Epoch 27 Batch 7 | Loss: 0.629790
Epoch 27 Batch 8 | Loss: 0.552656
Epoch 27 Batch 9 | Loss: 0.540166
Epoch 27 Batch 10 | Loss: 0.604745
Epoch 27 Batch 11 | Loss: 0.623264
Epoch 27 Batch 12 | Loss: 0.595642
Epoch 27 Batch 13 | Loss: 0.644541
--- Epoch 27/30 | Loss: 0.5908 | Train Acc: 77.5% | Test Acc: 75.6% | CM: [TP:60, TN:70, FP:16, FN:26] | Progress: 90.0% | ETA: 1.7s ---
Epoch 28 Batch 1 | Loss: 0.568069 | Stats: min: -0.047, max: 0.392, mean: 0.136
Epoch 28 Batch 2 | Loss: 0.580586
Epoch 28 Batch 3 | Loss: 0.603567
Epoch 28 Batch 4 | Loss: 0.594063
Epoch 28 Batch 5 | Loss: 0.596667
Epoch 28 Batch 6 | Loss: 0.601252
Epoch 28 Batch 7 | Loss: 0.603810
Epoch 28 Batch 8 | Loss: 0.581045
Epoch 28 Batch 9 | Loss: 0.562654
Epoch 28 Batch 10 | Loss: 0.633434
Epoch 28 Batch 11 | Loss: 0.565392
Epoch 28 Batch 12 | Loss: 0.582314
Epoch 28 Batch 13 | Loss: 0.560178
--- Epoch 28/30 | Loss: 0.5872 | Train Acc: 77.5% | Test Acc: 75.0% | CM: [TP:60, TN:69, FP:17, FN:26] | Progress: 93.3% | ETA: 1.0s ---
Epoch 29 Batch 1 | Loss: 0.581454 | Stats: min: -0.221, max: 0.254, mean: -0.035
Epoch 29 Batch 2 | Loss: 0.577716
Epoch 29 Batch 3 | Loss: 0.609317
Epoch 29 Batch 4 | Loss: 0.589757
Epoch 29 Batch 5 | Loss: 0.590605
Epoch 29 Batch 6 | Loss: 0.570185
Epoch 29 Batch 7 | Loss: 0.591616
Epoch 29 Batch 8 | Loss: 0.622448
Epoch 29 Batch 9 | Loss: 0.599706
Epoch 29 Batch 10 | Loss: 0.587212
Epoch 29 Batch 11 | Loss: 0.591423
Epoch 29 Batch 12 | Loss: 0.575311
Epoch 29 Batch 13 | Loss: 0.530429
  [STABILITY] Plateau detected. Reducing Learning Rate to 0.000391
--- Epoch 29/30 | Loss: 0.5859 | Train Acc: 77.5% | Test Acc: 75.6% | CM: [TP:61, TN:69, FP:17, FN:25] | Progress: 96.7% | ETA: 0.7s ---
Epoch 30 Batch 1 | Loss: 0.576529 | Stats: min: -0.367, max: 0.189, mean: -0.064
Epoch 30 Batch 2 | Loss: 0.565677
Epoch 30 Batch 3 | Loss: 0.610842
Epoch 30 Batch 4 | Loss: 0.619799
Epoch 30 Batch 5 | Loss: 0.644966
Epoch 30 Batch 6 | Loss: 0.600457
Epoch 30 Batch 7 | Loss: 0.580511
Epoch 30 Batch 8 | Loss: 0.553009
Epoch 30 Batch 9 | Loss: 0.581712
Epoch 30 Batch 10 | Loss: 0.580453
Epoch 30 Batch 11 | Loss: 0.552970
Epoch 30 Batch 12 | Loss: 0.608763
Epoch 30 Batch 13 | Loss: 0.554161
--- Epoch 30/30 | Loss: 0.5869 | Train Acc: 78.0% | Test Acc: 74.4% | CM: [TP:61, TN:67, FP:19, FN:25] | Progress: 100.0% | ETA: 0.0s ---

Final Best Test Accuracy: 76.16%


Best Quantum Test Accuracy: 0.762
