DEBUG: Qtrainer enters train_pure_quantum_cnn. Encoding: feature_map
  Class Weights: +1 (Target): 1.00 | -1 (Rest): 1.00
Starting Training
==================================================
Epoch 1 Batch 1 | Loss: 0.738767 | Stats: min: -0.233, max: -0.165, mean: -0.206
Epoch 1 Batch 2 | Loss: 0.758147
Epoch 1 Batch 3 | Loss: 0.711000
Epoch 1 Batch 4 | Loss: 0.706307
Epoch 1 Batch 5 | Loss: 0.701462
Epoch 1 Batch 6 | Loss: 0.684766
Epoch 1 Batch 7 | Loss: 0.667865
Epoch 1 Batch 8 | Loss: 0.656099
Epoch 1 Batch 9 | Loss: 0.664189
Epoch 1 Batch 10 | Loss: 0.650669
Epoch 1 Batch 11 | Loss: 0.642481
Epoch 1 Batch 12 | Loss: 0.659329
Epoch 1 Batch 13 | Loss: 0.652255
  [STABILITY] Test accuracy improved: 0.00% -> 47.09% (via EMA). Saving best params.
--- Epoch 1/30 | Loss: 0.6841 | Train Acc: 50.5% | Test Acc: 47.1% | CM: [TP:69, TN:12, FP:74, FN:17] | Progress: 3.3% | ETA: 417.7s ---
Epoch 2 Batch 1 | Loss: 0.645187 | Stats: min: -0.166, max: 0.134, mean: 0.022
Epoch 2 Batch 2 | Loss: 0.634897
Epoch 2 Batch 3 | Loss: 0.649585
Epoch 2 Batch 4 | Loss: 0.657627
Epoch 2 Batch 5 | Loss: 0.680228
Epoch 2 Batch 6 | Loss: 0.657952
Epoch 2 Batch 7 | Loss: 0.643517
Epoch 2 Batch 8 | Loss: 0.645128
Epoch 2 Batch 9 | Loss: 0.628276
Epoch 2 Batch 10 | Loss: 0.618038
Epoch 2 Batch 11 | Loss: 0.681496
Epoch 2 Batch 12 | Loss: 0.607442
Epoch 2 Batch 13 | Loss: 0.670107
  [STABILITY] Test accuracy improved: 47.09% -> 66.28% (via EMA). Saving best params.
--- Epoch 2/30 | Loss: 0.6477 | Train Acc: 60.0% | Test Acc: 66.3% | CM: [TP:57, TN:57, FP:29, FN:29] | Progress: 6.7% | ETA: 204.9s ---
Epoch 3 Batch 1 | Loss: 0.605436 | Stats: min: -0.098, max: 0.133, mean: 0.011
Epoch 3 Batch 2 | Loss: 0.633269
Epoch 3 Batch 3 | Loss: 0.633525
Epoch 3 Batch 4 | Loss: 0.650437
Epoch 3 Batch 5 | Loss: 0.643437
Epoch 3 Batch 6 | Loss: 0.653966
Epoch 3 Batch 7 | Loss: 0.651647
Epoch 3 Batch 8 | Loss: 0.648235
Epoch 3 Batch 9 | Loss: 0.654723
Epoch 3 Batch 10 | Loss: 0.659142
Epoch 3 Batch 11 | Loss: 0.696669
Epoch 3 Batch 12 | Loss: 0.625362
Epoch 3 Batch 13 | Loss: 0.563495
  [STABILITY] Test accuracy improved: 66.28% -> 69.77% (via EMA). Saving best params.
--- Epoch 3/30 | Loss: 0.6399 | Train Acc: 71.0% | Test Acc: 69.8% | CM: [TP:47, TN:73, FP:13, FN:39] | Progress: 10.0% | ETA: 129.7s ---
Epoch 4 Batch 1 | Loss: 0.658653 | Stats: min: -0.031, max: 0.267, mean: 0.074
Epoch 4 Batch 2 | Loss: 0.636247
Epoch 4 Batch 3 | Loss: 0.638282
Epoch 4 Batch 4 | Loss: 0.597851
Epoch 4 Batch 5 | Loss: 0.605730
Epoch 4 Batch 6 | Loss: 0.617943
Epoch 4 Batch 7 | Loss: 0.670233
Epoch 4 Batch 8 | Loss: 0.617133
Epoch 4 Batch 9 | Loss: 0.601070
Epoch 4 Batch 10 | Loss: 0.625383
Epoch 4 Batch 11 | Loss: 0.579097
Epoch 4 Batch 12 | Loss: 0.609295
Epoch 4 Batch 13 | Loss: 0.643083
--- Epoch 4/30 | Loss: 0.6231 | Train Acc: 71.5% | Test Acc: 68.0% | CM: [TP:41, TN:76, FP:10, FN:45] | Progress: 13.3% | ETA: 102.3s ---
Epoch 5 Batch 1 | Loss: 0.640597 | Stats: min: -0.315, max: 0.124, mean: -0.122
Epoch 5 Batch 2 | Loss: 0.597793
Epoch 5 Batch 3 | Loss: 0.612209
Epoch 5 Batch 4 | Loss: 0.607721
Epoch 5 Batch 5 | Loss: 0.670623
Epoch 5 Batch 6 | Loss: 0.600866
Epoch 5 Batch 7 | Loss: 0.609106
Epoch 5 Batch 8 | Loss: 0.621722
Epoch 5 Batch 9 | Loss: 0.613309
Epoch 5 Batch 10 | Loss: 0.653143
Epoch 5 Batch 11 | Loss: 0.658885
Epoch 5 Batch 12 | Loss: 0.608586
Epoch 5 Batch 13 | Loss: 0.586030
  [STABILITY] Test accuracy improved: 69.77% -> 70.93% (via EMA). Saving best params.
--- Epoch 5/30 | Loss: 0.6216 | Train Acc: 73.5% | Test Acc: 70.9% | CM: [TP:45, TN:77, FP:9, FN:41] | Progress: 16.7% | ETA: 108.1s ---
Epoch 6 Batch 1 | Loss: 0.657101 | Stats: min: -0.255, max: -0.012, mean: -0.118
Epoch 6 Batch 2 | Loss: 0.579136
Epoch 6 Batch 3 | Loss: 0.583987
Epoch 6 Batch 4 | Loss: 0.624272
Epoch 6 Batch 5 | Loss: 0.595619
Epoch 6 Batch 6 | Loss: 0.619095
Epoch 6 Batch 7 | Loss: 0.618909
Epoch 6 Batch 8 | Loss: 0.568598
Epoch 6 Batch 9 | Loss: 0.618513
Epoch 6 Batch 10 | Loss: 0.626716
Epoch 6 Batch 11 | Loss: 0.622944
Epoch 6 Batch 12 | Loss: 0.617170
Epoch 6 Batch 13 | Loss: 0.650636
  [STABILITY] Test accuracy improved: 70.93% -> 75.58% (via EMA). Saving best params.
--- Epoch 6/30 | Loss: 0.6141 | Train Acc: 77.0% | Test Acc: 75.6% | CM: [TP:54, TN:76, FP:10, FN:32] | Progress: 20.0% | ETA: 82.3s ---
Epoch 7 Batch 1 | Loss: 0.630970 | Stats: min: -0.375, max: 0.406, mean: 0.037
Epoch 7 Batch 2 | Loss: 0.551024
Epoch 7 Batch 3 | Loss: 0.674200
Epoch 7 Batch 4 | Loss: 0.647341
Epoch 7 Batch 5 | Loss: 0.574495
Epoch 7 Batch 6 | Loss: 0.613968
Epoch 7 Batch 7 | Loss: 0.572255
Epoch 7 Batch 8 | Loss: 0.586725
Epoch 7 Batch 9 | Loss: 0.601824
Epoch 7 Batch 10 | Loss: 0.599823
Epoch 7 Batch 11 | Loss: 0.611712
Epoch 7 Batch 12 | Loss: 0.696073
Epoch 7 Batch 13 | Loss: 0.722849
  [STABILITY] Test accuracy improved: 75.58% -> 80.23% (via EMA). Saving best params.
--- Epoch 7/30 | Loss: 0.6218 | Train Acc: 80.5% | Test Acc: 80.2% | CM: [TP:66, TN:72, FP:14, FN:20] | Progress: 23.3% | ETA: 57.6s ---
Epoch 8 Batch 1 | Loss: 0.567828 | Stats: min: -0.274, max: -0.057, mean: -0.188
Epoch 8 Batch 2 | Loss: 0.567871
Epoch 8 Batch 3 | Loss: 0.641392
Epoch 8 Batch 4 | Loss: 0.802499
Epoch 8 Batch 5 | Loss: 0.670789
Epoch 8 Batch 6 | Loss: 0.624417
Epoch 8 Batch 7 | Loss: 0.626310
Epoch 8 Batch 8 | Loss: 0.631763
Epoch 8 Batch 9 | Loss: 0.630709
Epoch 8 Batch 10 | Loss: 0.621820
Epoch 8 Batch 11 | Loss: 0.623262
Epoch 8 Batch 12 | Loss: 0.677931
Epoch 8 Batch 13 | Loss: 0.610654
--- Epoch 8/30 | Loss: 0.6382 | Train Acc: 78.5% | Test Acc: 77.9% | CM: [TP:61, TN:73, FP:13, FN:25] | Progress: 26.7% | ETA: 39.1s ---
Epoch 9 Batch 1 | Loss: 0.634854 | Stats: min: -0.097, max: 0.043, mean: -0.016
Epoch 9 Batch 2 | Loss: 0.644632
Epoch 9 Batch 3 | Loss: 0.655618
Epoch 9 Batch 4 | Loss: 0.586908
Epoch 9 Batch 5 | Loss: 0.655345
Epoch 9 Batch 6 | Loss: 0.658911
Epoch 9 Batch 7 | Loss: 0.598074
Epoch 9 Batch 8 | Loss: 0.643824
Epoch 9 Batch 9 | Loss: 0.599276
Epoch 9 Batch 10 | Loss: 0.622492
Epoch 9 Batch 11 | Loss: 0.591297
Epoch 9 Batch 12 | Loss: 0.597006
Epoch 9 Batch 13 | Loss: 0.602953
--- Epoch 9/30 | Loss: 0.6224 | Train Acc: 75.5% | Test Acc: 76.2% | CM: [TP:57, TN:74, FP:12, FN:29] | Progress: 30.0% | ETA: 35.9s ---
Epoch 10 Batch 1 | Loss: 0.560596 | Stats: min: -0.579, max: 0.117, mean: -0.169
Epoch 10 Batch 2 | Loss: 0.594041
Epoch 10 Batch 3 | Loss: 0.669651
Epoch 10 Batch 4 | Loss: 0.581844
Epoch 10 Batch 5 | Loss: 0.557519
Epoch 10 Batch 6 | Loss: 0.632927
Epoch 10 Batch 7 | Loss: 0.668323
Epoch 10 Batch 8 | Loss: 0.623767
Epoch 10 Batch 9 | Loss: 0.615977
Epoch 10 Batch 10 | Loss: 0.613288
Epoch 10 Batch 11 | Loss: 0.558463
Epoch 10 Batch 12 | Loss: 0.605641
Epoch 10 Batch 13 | Loss: 0.488388
  [STABILITY] Plateau detected. Reducing Learning Rate to 0.025000
--- Epoch 10/30 | Loss: 0.5977 | Train Acc: 75.0% | Test Acc: 75.0% | CM: [TP:55, TN:74, FP:12, FN:31] | Progress: 33.3% | ETA: 36.0s ---
Epoch 11 Batch 1 | Loss: 0.563448 | Stats: min: -0.189, max: 0.425, mean: 0.175
Epoch 11 Batch 2 | Loss: 0.606142
Epoch 11 Batch 3 | Loss: 0.613069
Epoch 11 Batch 4 | Loss: 0.648654
Epoch 11 Batch 5 | Loss: 0.647716
Epoch 11 Batch 6 | Loss: 0.599689
Epoch 11 Batch 7 | Loss: 0.546849
Epoch 11 Batch 8 | Loss: 0.614055
Epoch 11 Batch 9 | Loss: 0.536565
Epoch 11 Batch 10 | Loss: 0.558297
Epoch 11 Batch 11 | Loss: 0.596723
Epoch 11 Batch 12 | Loss: 0.607378
Epoch 11 Batch 13 | Loss: 0.546206
--- Epoch 11/30 | Loss: 0.5911 | Train Acc: 76.0% | Test Acc: 75.6% | CM: [TP:61, TN:69, FP:17, FN:25] | Progress: 36.7% | ETA: 36.5s ---
Epoch 12 Batch 1 | Loss: 0.563712 | Stats: min: -0.465, max: 0.003, mean: -0.224
Epoch 12 Batch 2 | Loss: 0.589704
Epoch 12 Batch 3 | Loss: 0.569524
Epoch 12 Batch 4 | Loss: 0.608324
Epoch 12 Batch 5 | Loss: 0.572011
Epoch 12 Batch 6 | Loss: 0.536690
Epoch 12 Batch 7 | Loss: 0.561181
Epoch 12 Batch 8 | Loss: 0.615480
Epoch 12 Batch 9 | Loss: 0.573598
Epoch 12 Batch 10 | Loss: 0.626780
Epoch 12 Batch 11 | Loss: 0.572678
Epoch 12 Batch 12 | Loss: 0.627524
Epoch 12 Batch 13 | Loss: 0.770208
--- Epoch 12/30 | Loss: 0.5990 | Train Acc: 76.0% | Test Acc: 76.2% | CM: [TP:66, TN:65, FP:21, FN:20] | Progress: 40.0% | ETA: 22.2s ---
Epoch 13 Batch 1 | Loss: 0.612516 | Stats: min: -0.006, max: 0.424, mean: 0.228
Epoch 13 Batch 2 | Loss: 0.670048
Epoch 13 Batch 3 | Loss: 0.607293
Epoch 13 Batch 4 | Loss: 0.531430
Epoch 13 Batch 5 | Loss: 0.569851
Epoch 13 Batch 6 | Loss: 0.608571
Epoch 13 Batch 7 | Loss: 0.621725
Epoch 13 Batch 8 | Loss: 0.570738
Epoch 13 Batch 9 | Loss: 0.602340
Epoch 13 Batch 10 | Loss: 0.577325
Epoch 13 Batch 11 | Loss: 0.562567
Epoch 13 Batch 12 | Loss: 0.644515
Epoch 13 Batch 13 | Loss: 0.587245
  [STABILITY] Plateau detected. Reducing Learning Rate to 0.012500
--- Epoch 13/30 | Loss: 0.5974 | Train Acc: 76.0% | Test Acc: 74.4% | CM: [TP:68, TN:60, FP:26, FN:18] | Progress: 43.3% | ETA: 20.5s ---
Epoch 14 Batch 1 | Loss: 0.494944 | Stats: min: -0.499, max: 0.425, mean: -0.050
Epoch 14 Batch 2 | Loss: 0.627378
Epoch 14 Batch 3 | Loss: 0.631444
Epoch 14 Batch 4 | Loss: 0.551020
Epoch 14 Batch 5 | Loss: 0.625800
Epoch 14 Batch 6 | Loss: 0.593052
Epoch 14 Batch 7 | Loss: 0.561022
Epoch 14 Batch 8 | Loss: 0.529948
Epoch 14 Batch 9 | Loss: 0.585939
Epoch 14 Batch 10 | Loss: 0.645706
Epoch 14 Batch 11 | Loss: 0.594099
Epoch 14 Batch 12 | Loss: 0.609207
Epoch 14 Batch 13 | Loss: 0.600966
--- Epoch 14/30 | Loss: 0.5885 | Train Acc: 76.5% | Test Acc: 75.0% | CM: [TP:69, TN:60, FP:26, FN:17] | Progress: 46.7% | ETA: 22.8s ---
Epoch 15 Batch 1 | Loss: 0.591029 | Stats: min: -0.325, max: 0.343, mean: 0.010
Epoch 15 Batch 2 | Loss: 0.594856
Epoch 15 Batch 3 | Loss: 0.565382
Epoch 15 Batch 4 | Loss: 0.611776
Epoch 15 Batch 5 | Loss: 0.623239
Epoch 15 Batch 6 | Loss: 0.599655
Epoch 15 Batch 7 | Loss: 0.599055
Epoch 15 Batch 8 | Loss: 0.599654
Epoch 15 Batch 9 | Loss: 0.580136
Epoch 15 Batch 10 | Loss: 0.556776
Epoch 15 Batch 11 | Loss: 0.521382
Epoch 15 Batch 12 | Loss: 0.530591
Epoch 15 Batch 13 | Loss: 0.717477
--- Epoch 15/30 | Loss: 0.5916 | Train Acc: 77.5% | Test Acc: 74.4% | CM: [TP:70, TN:58, FP:28, FN:16] | Progress: 50.0% | ETA: 14.1s ---
Epoch 16 Batch 1 | Loss: 0.531147 | Stats: min: -0.365, max: 0.370, mean: 0.053
Epoch 16 Batch 2 | Loss: 0.566548
Epoch 16 Batch 3 | Loss: 0.599964
Epoch 16 Batch 4 | Loss: 0.628484
Epoch 16 Batch 5 | Loss: 0.593687
Epoch 16 Batch 6 | Loss: 0.569775
Epoch 16 Batch 7 | Loss: 0.566482
Epoch 16 Batch 8 | Loss: 0.581986
Epoch 16 Batch 9 | Loss: 0.582810
Epoch 16 Batch 10 | Loss: 0.650121
Epoch 16 Batch 11 | Loss: 0.568024
Epoch 16 Batch 12 | Loss: 0.574001
Epoch 16 Batch 13 | Loss: 0.604925
  [STABILITY] Plateau detected. Reducing Learning Rate to 0.006250
--- Epoch 16/30 | Loss: 0.5860 | Train Acc: 77.5% | Test Acc: 75.6% | CM: [TP:70, TN:60, FP:26, FN:16] | Progress: 53.3% | ETA: 12.6s ---
Epoch 17 Batch 1 | Loss: 0.500727 | Stats: min: -0.206, max: 0.311, mean: 0.113
Epoch 17 Batch 2 | Loss: 0.571566
Epoch 17 Batch 3 | Loss: 0.568884
Epoch 17 Batch 4 | Loss: 0.592968
Epoch 17 Batch 5 | Loss: 0.646132
Epoch 17 Batch 6 | Loss: 0.655900
Epoch 17 Batch 7 | Loss: 0.558560
Epoch 17 Batch 8 | Loss: 0.628164
Epoch 17 Batch 9 | Loss: 0.497920
Epoch 17 Batch 10 | Loss: 0.599545
Epoch 17 Batch 11 | Loss: 0.584303
Epoch 17 Batch 12 | Loss: 0.565174
Epoch 17 Batch 13 | Loss: 0.682142
--- Epoch 17/30 | Loss: 0.5886 | Train Acc: 77.5% | Test Acc: 75.6% | CM: [TP:70, TN:60, FP:26, FN:16] | Progress: 56.7% | ETA: 10.9s ---
Epoch 18 Batch 1 | Loss: 0.597257 | Stats: min: -0.246, max: 0.521, mean: 0.035
Epoch 18 Batch 2 | Loss: 0.580362
Epoch 18 Batch 3 | Loss: 0.517298
Epoch 18 Batch 4 | Loss: 0.645992
Epoch 18 Batch 5 | Loss: 0.562819
Epoch 18 Batch 6 | Loss: 0.570597
Epoch 18 Batch 7 | Loss: 0.568843
Epoch 18 Batch 8 | Loss: 0.561065
Epoch 18 Batch 9 | Loss: 0.641577
Epoch 18 Batch 10 | Loss: 0.585567
Epoch 18 Batch 11 | Loss: 0.564791
Epoch 18 Batch 12 | Loss: 0.594109
Epoch 18 Batch 13 | Loss: 0.633358
--- Epoch 18/30 | Loss: 0.5864 | Train Acc: 79.0% | Test Acc: 75.6% | CM: [TP:70, TN:60, FP:26, FN:16] | Progress: 60.0% | ETA: 11.0s ---
Epoch 19 Batch 1 | Loss: 0.553243 | Stats: min: 0.118, max: 0.532, mean: 0.296
Epoch 19 Batch 2 | Loss: 0.496777
Epoch 19 Batch 3 | Loss: 0.637715
Epoch 19 Batch 4 | Loss: 0.546980
Epoch 19 Batch 5 | Loss: 0.607552
Epoch 19 Batch 6 | Loss: 0.698506
Epoch 19 Batch 7 | Loss: 0.574984
Epoch 19 Batch 8 | Loss: 0.571834
Epoch 19 Batch 9 | Loss: 0.524907
Epoch 19 Batch 10 | Loss: 0.590066
Epoch 19 Batch 11 | Loss: 0.625874
Epoch 19 Batch 12 | Loss: 0.614643
Epoch 19 Batch 13 | Loss: 0.544620
  [STABILITY] Plateau detected. Reducing Learning Rate to 0.003125
--- Epoch 19/30 | Loss: 0.5837 | Train Acc: 79.0% | Test Acc: 76.7% | CM: [TP:70, TN:62, FP:24, FN:16] | Progress: 63.3% | ETA: 10.1s ---
Epoch 20 Batch 1 | Loss: 0.663342 | Stats: min: -0.530, max: 0.511, mean: 0.047
Epoch 20 Batch 2 | Loss: 0.644042
Epoch 20 Batch 3 | Loss: 0.616636
Epoch 20 Batch 4 | Loss: 0.527050
Epoch 20 Batch 5 | Loss: 0.586848
Epoch 20 Batch 6 | Loss: 0.573496
Epoch 20 Batch 7 | Loss: 0.578397
Epoch 20 Batch 8 | Loss: 0.507969
Epoch 20 Batch 9 | Loss: 0.636645
Epoch 20 Batch 10 | Loss: 0.540693
Epoch 20 Batch 11 | Loss: 0.546670
Epoch 20 Batch 12 | Loss: 0.578338
Epoch 20 Batch 13 | Loss: 0.616972
--- Epoch 20/30 | Loss: 0.5859 | Train Acc: 80.0% | Test Acc: 77.3% | CM: [TP:70, TN:63, FP:23, FN:16] | Progress: 66.7% | ETA: 7.7s ---
Epoch 21 Batch 1 | Loss: 0.579689 | Stats: min: -0.386, max: 0.182, mean: -0.136
Epoch 21 Batch 2 | Loss: 0.638192
Epoch 21 Batch 3 | Loss: 0.567612
Epoch 21 Batch 4 | Loss: 0.615910
Epoch 21 Batch 5 | Loss: 0.620658
Epoch 21 Batch 6 | Loss: 0.535097
Epoch 21 Batch 7 | Loss: 0.617503
Epoch 21 Batch 8 | Loss: 0.585495
Epoch 21 Batch 9 | Loss: 0.594182
Epoch 21 Batch 10 | Loss: 0.589350
Epoch 21 Batch 11 | Loss: 0.595577
Epoch 21 Batch 12 | Loss: 0.511658
Epoch 21 Batch 13 | Loss: 0.498028
--- Epoch 21/30 | Loss: 0.5807 | Train Acc: 80.5% | Test Acc: 77.9% | CM: [TP:70, TN:64, FP:22, FN:16] | Progress: 70.0% | ETA: 5.9s ---
Epoch 22 Batch 1 | Loss: 0.605236 | Stats: min: -0.121, max: 0.312, mean: 0.091
Epoch 22 Batch 2 | Loss: 0.529294
Epoch 22 Batch 3 | Loss: 0.600489
Epoch 22 Batch 4 | Loss: 0.605778
Epoch 22 Batch 5 | Loss: 0.616059
Epoch 22 Batch 6 | Loss: 0.542539
Epoch 22 Batch 7 | Loss: 0.593406
Epoch 22 Batch 8 | Loss: 0.606550
Epoch 22 Batch 9 | Loss: 0.665165
Epoch 22 Batch 10 | Loss: 0.529273
Epoch 22 Batch 11 | Loss: 0.533673
Epoch 22 Batch 12 | Loss: 0.555199
Epoch 22 Batch 13 | Loss: 0.630939
  [STABILITY] Plateau detected. Reducing Learning Rate to 0.001563
--- Epoch 22/30 | Loss: 0.5857 | Train Acc: 80.0% | Test Acc: 79.1% | CM: [TP:70, TN:66, FP:20, FN:16] | Progress: 73.3% | ETA: 6.7s ---
Epoch 23 Batch 1 | Loss: 0.607029 | Stats: min: -0.117, max: 0.439, mean: 0.079
Epoch 23 Batch 2 | Loss: 0.587595
Epoch 23 Batch 3 | Loss: 0.586606
Epoch 23 Batch 4 | Loss: 0.617358
Epoch 23 Batch 5 | Loss: 0.617052
Epoch 23 Batch 6 | Loss: 0.556770
Epoch 23 Batch 7 | Loss: 0.531274
Epoch 23 Batch 8 | Loss: 0.543538
Epoch 23 Batch 9 | Loss: 0.592335
Epoch 23 Batch 10 | Loss: 0.584278
Epoch 23 Batch 11 | Loss: 0.556788
Epoch 23 Batch 12 | Loss: 0.616448
Epoch 23 Batch 13 | Loss: 0.586549
--- Epoch 23/30 | Loss: 0.5834 | Train Acc: 80.0% | Test Acc: 78.5% | CM: [TP:69, TN:66, FP:20, FN:17] | Progress: 76.7% | ETA: 4.2s ---
Epoch 24 Batch 1 | Loss: 0.623835 | Stats: min: -0.578, max: 0.252, mean: -0.137
Epoch 24 Batch 2 | Loss: 0.560126
Epoch 24 Batch 3 | Loss: 0.629457
Epoch 24 Batch 4 | Loss: 0.651916
Epoch 24 Batch 5 | Loss: 0.618225
Epoch 24 Batch 6 | Loss: 0.521016
Epoch 24 Batch 7 | Loss: 0.524388
Epoch 24 Batch 8 | Loss: 0.582700
Epoch 24 Batch 9 | Loss: 0.528763
Epoch 24 Batch 10 | Loss: 0.596302
Epoch 24 Batch 11 | Loss: 0.586865
Epoch 24 Batch 12 | Loss: 0.579379
Epoch 24 Batch 13 | Loss: 0.578555
--- Epoch 24/30 | Loss: 0.5832 | Train Acc: 80.0% | Test Acc: 77.9% | CM: [TP:68, TN:66, FP:20, FN:18] | Progress: 80.0% | ETA: 4.5s ---
Epoch 25 Batch 1 | Loss: 0.556616 | Stats: min: -0.020, max: 0.478, mean: 0.164
Epoch 25 Batch 2 | Loss: 0.592252
Epoch 25 Batch 3 | Loss: 0.581754
Epoch 25 Batch 4 | Loss: 0.583193
Epoch 25 Batch 5 | Loss: 0.573217
Epoch 25 Batch 6 | Loss: 0.594678
Epoch 25 Batch 7 | Loss: 0.609904
Epoch 25 Batch 8 | Loss: 0.594058
Epoch 25 Batch 9 | Loss: 0.541413
Epoch 25 Batch 10 | Loss: 0.599046
Epoch 25 Batch 11 | Loss: 0.545798
Epoch 25 Batch 12 | Loss: 0.598220
Epoch 25 Batch 13 | Loss: 0.642290
  [STABILITY] Plateau detected. Reducing Learning Rate to 0.000781
--- Epoch 25/30 | Loss: 0.5856 | Train Acc: 80.0% | Test Acc: 77.9% | CM: [TP:68, TN:66, FP:20, FN:18] | Progress: 83.3% | ETA: 3.5s ---
Epoch 26 Batch 1 | Loss: 0.570398 | Stats: min: -0.424, max: 0.555, mean: 0.102
Epoch 26 Batch 2 | Loss: 0.612097
Epoch 26 Batch 3 | Loss: 0.622558
Epoch 26 Batch 4 | Loss: 0.578449
Epoch 26 Batch 5 | Loss: 0.499410
Epoch 26 Batch 6 | Loss: 0.605301
Epoch 26 Batch 7 | Loss: 0.600347
Epoch 26 Batch 8 | Loss: 0.579833
Epoch 26 Batch 9 | Loss: 0.605870
Epoch 26 Batch 10 | Loss: 0.646241
Epoch 26 Batch 11 | Loss: 0.505739
Epoch 26 Batch 12 | Loss: 0.559179
Epoch 26 Batch 13 | Loss: 0.606984
--- Epoch 26/30 | Loss: 0.5840 | Train Acc: 80.5% | Test Acc: 78.5% | CM: [TP:68, TN:67, FP:19, FN:18] | Progress: 86.7% | ETA: 2.6s ---
Epoch 27 Batch 1 | Loss: 0.585097 | Stats: min: -0.364, max: 0.455, mean: -0.024
Epoch 27 Batch 2 | Loss: 0.640138
Epoch 27 Batch 3 | Loss: 0.589912
Epoch 27 Batch 4 | Loss: 0.635832
Epoch 27 Batch 5 | Loss: 0.543706
Epoch 27 Batch 6 | Loss: 0.545683
Epoch 27 Batch 7 | Loss: 0.567631
Epoch 27 Batch 8 | Loss: 0.544104
Epoch 27 Batch 9 | Loss: 0.571693
Epoch 27 Batch 10 | Loss: 0.612918
Epoch 27 Batch 11 | Loss: 0.565568
Epoch 27 Batch 12 | Loss: 0.596460
Epoch 27 Batch 13 | Loss: 0.579352
--- Epoch 27/30 | Loss: 0.5829 | Train Acc: 80.5% | Test Acc: 78.5% | CM: [TP:68, TN:67, FP:19, FN:18] | Progress: 90.0% | ETA: 2.2s ---
Epoch 28 Batch 1 | Loss: 0.567818 | Stats: min: 0.052, max: 0.229, mean: 0.123
Epoch 28 Batch 2 | Loss: 0.554148
Epoch 28 Batch 3 | Loss: 0.634305
Epoch 28 Batch 4 | Loss: 0.608061
Epoch 28 Batch 5 | Loss: 0.534244
Epoch 28 Batch 6 | Loss: 0.542705
Epoch 28 Batch 7 | Loss: 0.584052
Epoch 28 Batch 8 | Loss: 0.595085
Epoch 28 Batch 9 | Loss: 0.587187
Epoch 28 Batch 10 | Loss: 0.555215
Epoch 28 Batch 11 | Loss: 0.583646
Epoch 28 Batch 12 | Loss: 0.622910
Epoch 28 Batch 13 | Loss: 0.644594
  [STABILITY] Plateau detected. Reducing Learning Rate to 0.000391
--- Epoch 28/30 | Loss: 0.5857 | Train Acc: 81.0% | Test Acc: 78.5% | CM: [TP:68, TN:67, FP:19, FN:18] | Progress: 93.3% | ETA: 1.0s ---
Epoch 29 Batch 1 | Loss: 0.541279 | Stats: min: -0.106, max: 0.301, mean: 0.042
Epoch 29 Batch 2 | Loss: 0.584843
Epoch 29 Batch 3 | Loss: 0.572483
Epoch 29 Batch 4 | Loss: 0.595433
Epoch 29 Batch 5 | Loss: 0.580786
Epoch 29 Batch 6 | Loss: 0.568352
Epoch 29 Batch 7 | Loss: 0.598639
Epoch 29 Batch 8 | Loss: 0.588891
Epoch 29 Batch 9 | Loss: 0.570205
Epoch 29 Batch 10 | Loss: 0.546717
Epoch 29 Batch 11 | Loss: 0.622335
Epoch 29 Batch 12 | Loss: 0.624445
Epoch 29 Batch 13 | Loss: 0.586536
--- Epoch 29/30 | Loss: 0.5831 | Train Acc: 81.0% | Test Acc: 78.5% | CM: [TP:68, TN:67, FP:19, FN:18] | Progress: 96.7% | ETA: 0.5s ---
Epoch 30 Batch 1 | Loss: 0.595094 | Stats: min: -0.203, max: 0.572, mean: 0.121
Epoch 30 Batch 2 | Loss: 0.625537
Epoch 30 Batch 3 | Loss: 0.607032
Epoch 30 Batch 4 | Loss: 0.571726
Epoch 30 Batch 5 | Loss: 0.577349
Epoch 30 Batch 6 | Loss: 0.585306
Epoch 30 Batch 7 | Loss: 0.563052
Epoch 30 Batch 8 | Loss: 0.560789
Epoch 30 Batch 9 | Loss: 0.553032
Epoch 30 Batch 10 | Loss: 0.601957
Epoch 30 Batch 11 | Loss: 0.588330
Epoch 30 Batch 12 | Loss: 0.588833
Epoch 30 Batch 13 | Loss: 0.534628
--- Epoch 30/30 | Loss: 0.5810 | Train Acc: 81.0% | Test Acc: 78.5% | CM: [TP:68, TN:67, FP:19, FN:18] | Progress: 100.0% | ETA: 0.0s ---

Final Best Test Accuracy: 80.23%


Best Quantum Test Accuracy: 0.802
