DEBUG: Qtrainer enters train_pure_quantum_cnn. Encoding: amplitude
  Class Weights: +1 (Target): 1.00 | -1 (Rest): 1.00
Starting Training
==================================================
Epoch 1 Batch 1 | Loss: 0.643059 | Stats: min: 0.010, max: 0.246, mean: 0.141
Epoch 1 Batch 2 | Loss: 0.716483
Epoch 1 Batch 3 | Loss: 0.675234
Epoch 1 Batch 4 | Loss: 0.707751
Epoch 1 Batch 5 | Loss: 0.674331
Epoch 1 Batch 6 | Loss: 0.666792
Epoch 1 Batch 7 | Loss: 0.657845
Epoch 1 Batch 8 | Loss: 0.681346
Epoch 1 Batch 9 | Loss: 0.651501
Epoch 1 Batch 10 | Loss: 0.674666
Epoch 1 Batch 11 | Loss: 0.624735
Epoch 1 Batch 12 | Loss: 0.624940
Epoch 1 Batch 13 | Loss: 0.651240
  [STABILITY] Test accuracy improved: 0.00% -> 50.58% (via EMA). Saving best params.
--- Epoch 1/30 | Loss: 0.6654 | Train Acc: 54.5% | Test Acc: 50.6% | CM: [TP:84, TN:3, FP:83, FN:2] | Progress: 3.3% | ETA: 388.4s ---
Epoch 2 Batch 1 | Loss: 0.627851 | Stats: min: -0.253, max: 0.101, mean: -0.102
Epoch 2 Batch 2 | Loss: 0.643208
Epoch 2 Batch 3 | Loss: 0.661431
Epoch 2 Batch 4 | Loss: 0.608449
Epoch 2 Batch 5 | Loss: 0.637106
Epoch 2 Batch 6 | Loss: 0.612994
Epoch 2 Batch 7 | Loss: 0.631986
Epoch 2 Batch 8 | Loss: 0.607804
Epoch 2 Batch 9 | Loss: 0.644047
Epoch 2 Batch 10 | Loss: 0.693757
Epoch 2 Batch 11 | Loss: 0.580035
Epoch 2 Batch 12 | Loss: 0.623709
Epoch 2 Batch 13 | Loss: 0.687720
  [STABILITY] Test accuracy improved: 50.58% -> 55.23% (via EMA). Saving best params.
--- Epoch 2/30 | Loss: 0.6354 | Train Acc: 56.0% | Test Acc: 55.2% | CM: [TP:81, TN:14, FP:72, FN:5] | Progress: 6.7% | ETA: 185.8s ---
Epoch 3 Batch 1 | Loss: 0.581840 | Stats: min: -0.363, max: 0.218, mean: -0.055
Epoch 3 Batch 2 | Loss: 0.610092
Epoch 3 Batch 3 | Loss: 0.625923
Epoch 3 Batch 4 | Loss: 0.638975
Epoch 3 Batch 5 | Loss: 0.613304
Epoch 3 Batch 6 | Loss: 0.625435
Epoch 3 Batch 7 | Loss: 0.603813
Epoch 3 Batch 8 | Loss: 0.663576
Epoch 3 Batch 9 | Loss: 0.592710
Epoch 3 Batch 10 | Loss: 0.577045
Epoch 3 Batch 11 | Loss: 0.650002
Epoch 3 Batch 12 | Loss: 0.645904
Epoch 3 Batch 13 | Loss: 0.597148
  [STABILITY] Test accuracy improved: 55.23% -> 63.37% (via EMA). Saving best params.
--- Epoch 3/30 | Loss: 0.6174 | Train Acc: 63.5% | Test Acc: 63.4% | CM: [TP:76, TN:33, FP:53, FN:10] | Progress: 10.0% | ETA: 120.6s ---
Epoch 4 Batch 1 | Loss: 0.594112 | Stats: min: -0.107, max: 0.217, mean: 0.107
Epoch 4 Batch 2 | Loss: 0.602934
Epoch 4 Batch 3 | Loss: 0.625162
Epoch 4 Batch 4 | Loss: 0.601927
Epoch 4 Batch 5 | Loss: 0.612088
Epoch 4 Batch 6 | Loss: 0.587423
Epoch 4 Batch 7 | Loss: 0.618707
Epoch 4 Batch 8 | Loss: 0.604612
Epoch 4 Batch 9 | Loss: 0.612223
Epoch 4 Batch 10 | Loss: 0.606981
Epoch 4 Batch 11 | Loss: 0.612845
Epoch 4 Batch 12 | Loss: 0.603622
Epoch 4 Batch 13 | Loss: 0.569924
  [STABILITY] Test accuracy improved: 63.37% -> 68.02% (via EMA). Saving best params.
--- Epoch 4/30 | Loss: 0.6040 | Train Acc: 68.5% | Test Acc: 68.0% | CM: [TP:73, TN:44, FP:42, FN:13] | Progress: 13.3% | ETA: 88.6s ---
Epoch 5 Batch 1 | Loss: 0.618042 | Stats: min: -0.394, max: 0.076, mean: -0.189
Epoch 5 Batch 2 | Loss: 0.617162
Epoch 5 Batch 3 | Loss: 0.555658
Epoch 5 Batch 4 | Loss: 0.649969
Epoch 5 Batch 5 | Loss: 0.596991
Epoch 5 Batch 6 | Loss: 0.625694
Epoch 5 Batch 7 | Loss: 0.591597
Epoch 5 Batch 8 | Loss: 0.613726
Epoch 5 Batch 9 | Loss: 0.604260
Epoch 5 Batch 10 | Loss: 0.581300
Epoch 5 Batch 11 | Loss: 0.556100
Epoch 5 Batch 12 | Loss: 0.592671
Epoch 5 Batch 13 | Loss: 0.579109
--- Epoch 5/30 | Loss: 0.5986 | Train Acc: 70.0% | Test Acc: 63.4% | CM: [TP:63, TN:46, FP:40, FN:23] | Progress: 16.7% | ETA: 66.4s ---
Epoch 6 Batch 1 | Loss: 0.612595 | Stats: min: -0.045, max: 0.248, mean: 0.123
Epoch 6 Batch 2 | Loss: 0.573466
Epoch 6 Batch 3 | Loss: 0.623812
Epoch 6 Batch 4 | Loss: 0.586863
Epoch 6 Batch 5 | Loss: 0.584416
Epoch 6 Batch 6 | Loss: 0.591968
Epoch 6 Batch 7 | Loss: 0.579007
Epoch 6 Batch 8 | Loss: 0.566994
Epoch 6 Batch 9 | Loss: 0.590088
Epoch 6 Batch 10 | Loss: 0.623238
Epoch 6 Batch 11 | Loss: 0.587766
Epoch 6 Batch 12 | Loss: 0.615740
Epoch 6 Batch 13 | Loss: 0.603270
--- Epoch 6/30 | Loss: 0.5953 | Train Acc: 70.5% | Test Acc: 62.8% | CM: [TP:61, TN:47, FP:39, FN:25] | Progress: 20.0% | ETA: 54.1s ---
Epoch 7 Batch 1 | Loss: 0.588261 | Stats: min: -0.419, max: 0.328, mean: 0.038
Epoch 7 Batch 2 | Loss: 0.577450
Epoch 7 Batch 3 | Loss: 0.589519
Epoch 7 Batch 4 | Loss: 0.605527
Epoch 7 Batch 5 | Loss: 0.582831
Epoch 7 Batch 6 | Loss: 0.629158
Epoch 7 Batch 7 | Loss: 0.575891
Epoch 7 Batch 8 | Loss: 0.599405
Epoch 7 Batch 9 | Loss: 0.563516
Epoch 7 Batch 10 | Loss: 0.617924
Epoch 7 Batch 11 | Loss: 0.568326
Epoch 7 Batch 12 | Loss: 0.591003
Epoch 7 Batch 13 | Loss: 0.657931
  [STABILITY] Plateau detected. Reducing Learning Rate to 0.010000
--- Epoch 7/30 | Loss: 0.5959 | Train Acc: 70.5% | Test Acc: 62.2% | CM: [TP:58, TN:49, FP:37, FN:28] | Progress: 23.3% | ETA: 43.9s ---
Epoch 8 Batch 1 | Loss: 0.571659 | Stats: min: -0.086, max: 0.199, mean: 0.104
Epoch 8 Batch 2 | Loss: 0.588176
Epoch 8 Batch 3 | Loss: 0.551368
Epoch 8 Batch 4 | Loss: 0.628463
Epoch 8 Batch 5 | Loss: 0.594443
Epoch 8 Batch 6 | Loss: 0.536392
Epoch 8 Batch 7 | Loss: 0.571291
Epoch 8 Batch 8 | Loss: 0.640131
Epoch 8 Batch 9 | Loss: 0.575311
Epoch 8 Batch 10 | Loss: 0.551133
Epoch 8 Batch 11 | Loss: 0.619936
Epoch 8 Batch 12 | Loss: 0.653583
Epoch 8 Batch 13 | Loss: 0.553371
--- Epoch 8/30 | Loss: 0.5873 | Train Acc: 69.0% | Test Acc: 64.0% | CM: [TP:61, TN:49, FP:37, FN:25] | Progress: 26.7% | ETA: 37.2s ---
Epoch 9 Batch 1 | Loss: 0.581173 | Stats: min: 0.055, max: 0.299, mean: 0.193
Epoch 9 Batch 2 | Loss: 0.545164
Epoch 9 Batch 3 | Loss: 0.555296
Epoch 9 Batch 4 | Loss: 0.633792
Epoch 9 Batch 5 | Loss: 0.584880
Epoch 9 Batch 6 | Loss: 0.648754
Epoch 9 Batch 7 | Loss: 0.565128
Epoch 9 Batch 8 | Loss: 0.640740
Epoch 9 Batch 9 | Loss: 0.580465
Epoch 9 Batch 10 | Loss: 0.584403
Epoch 9 Batch 11 | Loss: 0.567404
Epoch 9 Batch 12 | Loss: 0.558573
Epoch 9 Batch 13 | Loss: 0.534519
--- Epoch 9/30 | Loss: 0.5831 | Train Acc: 68.5% | Test Acc: 64.0% | CM: [TP:62, TN:48, FP:38, FN:24] | Progress: 30.0% | ETA: 31.5s ---
Epoch 10 Batch 1 | Loss: 0.600007 | Stats: min: -0.254, max: 0.449, mean: 0.055
Epoch 10 Batch 2 | Loss: 0.577033
Epoch 10 Batch 3 | Loss: 0.604369
Epoch 10 Batch 4 | Loss: 0.544520
Epoch 10 Batch 5 | Loss: 0.607487
Epoch 10 Batch 6 | Loss: 0.606755
Epoch 10 Batch 7 | Loss: 0.604761
Epoch 10 Batch 8 | Loss: 0.604511
Epoch 10 Batch 9 | Loss: 0.535230
Epoch 10 Batch 10 | Loss: 0.618752
Epoch 10 Batch 11 | Loss: 0.559703
Epoch 10 Batch 12 | Loss: 0.540701
Epoch 10 Batch 13 | Loss: 0.537853
  [STABILITY] Plateau detected. Reducing Learning Rate to 0.005000
--- Epoch 10/30 | Loss: 0.5801 | Train Acc: 69.5% | Test Acc: 64.0% | CM: [TP:63, TN:47, FP:39, FN:23] | Progress: 33.3% | ETA: 26.9s ---
Epoch 11 Batch 1 | Loss: 0.568296 | Stats: min: -0.249, max: 0.201, mean: 0.059
Epoch 11 Batch 2 | Loss: 0.585277
Epoch 11 Batch 3 | Loss: 0.554344
Epoch 11 Batch 4 | Loss: 0.644429
Epoch 11 Batch 5 | Loss: 0.582591
Epoch 11 Batch 6 | Loss: 0.561496
Epoch 11 Batch 7 | Loss: 0.554416
Epoch 11 Batch 8 | Loss: 0.568572
Epoch 11 Batch 9 | Loss: 0.598008
Epoch 11 Batch 10 | Loss: 0.526620
Epoch 11 Batch 11 | Loss: 0.598965
Epoch 11 Batch 12 | Loss: 0.624349
Epoch 11 Batch 13 | Loss: 0.594321
--- Epoch 11/30 | Loss: 0.5817 | Train Acc: 71.0% | Test Acc: 64.5% | CM: [TP:64, TN:47, FP:39, FN:22] | Progress: 36.7% | ETA: 23.2s ---
Epoch 12 Batch 1 | Loss: 0.608825 | Stats: min: -0.339, max: 0.310, mean: 0.013
Epoch 12 Batch 2 | Loss: 0.541342
Epoch 12 Batch 3 | Loss: 0.573610
Epoch 12 Batch 4 | Loss: 0.604812
Epoch 12 Batch 5 | Loss: 0.560808
Epoch 12 Batch 6 | Loss: 0.595455
Epoch 12 Batch 7 | Loss: 0.562197
Epoch 12 Batch 8 | Loss: 0.583050
Epoch 12 Batch 9 | Loss: 0.550502
Epoch 12 Batch 10 | Loss: 0.604474
Epoch 12 Batch 11 | Loss: 0.593089
Epoch 12 Batch 12 | Loss: 0.580084
Epoch 12 Batch 13 | Loss: 0.559428
--- Epoch 12/30 | Loss: 0.5783 | Train Acc: 71.5% | Test Acc: 65.1% | CM: [TP:65, TN:47, FP:39, FN:21] | Progress: 40.0% | ETA: 20.1s ---
Epoch 13 Batch 1 | Loss: 0.599904 | Stats: min: -0.074, max: 0.241, mean: 0.039
Epoch 13 Batch 2 | Loss: 0.582947
Epoch 13 Batch 3 | Loss: 0.547145
Epoch 13 Batch 4 | Loss: 0.583022
Epoch 13 Batch 5 | Loss: 0.555369
Epoch 13 Batch 6 | Loss: 0.588789
Epoch 13 Batch 7 | Loss: 0.627021
Epoch 13 Batch 8 | Loss: 0.588182
Epoch 13 Batch 9 | Loss: 0.607552
Epoch 13 Batch 10 | Loss: 0.543825
Epoch 13 Batch 11 | Loss: 0.522798
Epoch 13 Batch 12 | Loss: 0.558110
Epoch 13 Batch 13 | Loss: 0.660336
  [STABILITY] Plateau detected. Reducing Learning Rate to 0.002500
--- Epoch 13/30 | Loss: 0.5819 | Train Acc: 71.5% | Test Acc: 66.3% | CM: [TP:67, TN:47, FP:39, FN:19] | Progress: 43.3% | ETA: 17.4s ---
Epoch 14 Batch 1 | Loss: 0.624607 | Stats: min: -0.050, max: 0.165, mean: 0.055
Epoch 14 Batch 2 | Loss: 0.581393
Epoch 14 Batch 3 | Loss: 0.554001
Epoch 14 Batch 4 | Loss: 0.619908
Epoch 14 Batch 5 | Loss: 0.585261
Epoch 14 Batch 6 | Loss: 0.568194
Epoch 14 Batch 7 | Loss: 0.527175
Epoch 14 Batch 8 | Loss: 0.596822
Epoch 14 Batch 9 | Loss: 0.628238
Epoch 14 Batch 10 | Loss: 0.520796
Epoch 14 Batch 11 | Loss: 0.586472
Epoch 14 Batch 12 | Loss: 0.538598
Epoch 14 Batch 13 | Loss: 0.580492
--- Epoch 14/30 | Loss: 0.5778 | Train Acc: 70.5% | Test Acc: 66.9% | CM: [TP:68, TN:47, FP:39, FN:18] | Progress: 46.7% | ETA: 15.5s ---
Epoch 15 Batch 1 | Loss: 0.595143 | Stats: min: -0.309, max: 0.317, mean: -0.081
Epoch 15 Batch 2 | Loss: 0.551586
Epoch 15 Batch 3 | Loss: 0.589865
Epoch 15 Batch 4 | Loss: 0.569449
Epoch 15 Batch 5 | Loss: 0.561306
Epoch 15 Batch 6 | Loss: 0.611291
Epoch 15 Batch 7 | Loss: 0.621804
Epoch 15 Batch 8 | Loss: 0.604202
Epoch 15 Batch 9 | Loss: 0.596416
Epoch 15 Batch 10 | Loss: 0.547556
Epoch 15 Batch 11 | Loss: 0.531978
Epoch 15 Batch 12 | Loss: 0.550516
Epoch 15 Batch 13 | Loss: 0.570630
--- Epoch 15/30 | Loss: 0.5771 | Train Acc: 70.5% | Test Acc: 66.9% | CM: [TP:68, TN:47, FP:39, FN:18] | Progress: 50.0% | ETA: 13.4s ---
Epoch 16 Batch 1 | Loss: 0.579459 | Stats: min: 0.070, max: 0.252, mean: 0.180
Epoch 16 Batch 2 | Loss: 0.594461
Epoch 16 Batch 3 | Loss: 0.562572
Epoch 16 Batch 4 | Loss: 0.546886
Epoch 16 Batch 5 | Loss: 0.549973
Epoch 16 Batch 6 | Loss: 0.643844
Epoch 16 Batch 7 | Loss: 0.562926
Epoch 16 Batch 8 | Loss: 0.588632
Epoch 16 Batch 9 | Loss: 0.556195
Epoch 16 Batch 10 | Loss: 0.590609
Epoch 16 Batch 11 | Loss: 0.593746
Epoch 16 Batch 12 | Loss: 0.577686
Epoch 16 Batch 13 | Loss: 0.536888
  [STABILITY] Plateau detected. Reducing Learning Rate to 0.001250
--- Epoch 16/30 | Loss: 0.5757 | Train Acc: 71.5% | Test Acc: 68.0% | CM: [TP:69, TN:48, FP:38, FN:17] | Progress: 53.3% | ETA: 12.1s ---
Epoch 17 Batch 1 | Loss: 0.621618 | Stats: min: -0.255, max: 0.324, mean: 0.043
Epoch 17 Batch 2 | Loss: 0.592162
Epoch 17 Batch 3 | Loss: 0.570894
Epoch 17 Batch 4 | Loss: 0.568327
Epoch 17 Batch 5 | Loss: 0.575653
Epoch 17 Batch 6 | Loss: 0.582694
Epoch 17 Batch 7 | Loss: 0.578660
Epoch 17 Batch 8 | Loss: 0.588041
Epoch 17 Batch 9 | Loss: 0.531722
Epoch 17 Batch 10 | Loss: 0.545941
Epoch 17 Batch 11 | Loss: 0.549772
Epoch 17 Batch 12 | Loss: 0.608422
Epoch 17 Batch 13 | Loss: 0.582089
--- Epoch 17/30 | Loss: 0.5766 | Train Acc: 71.5% | Test Acc: 68.0% | CM: [TP:69, TN:48, FP:38, FN:17] | Progress: 56.7% | ETA: 10.3s ---
Epoch 18 Batch 1 | Loss: 0.634803 | Stats: min: -0.145, max: 0.341, mean: 0.128
Epoch 18 Batch 2 | Loss: 0.603006
Epoch 18 Batch 3 | Loss: 0.599318
Epoch 18 Batch 4 | Loss: 0.582301
Epoch 18 Batch 5 | Loss: 0.573729
Epoch 18 Batch 6 | Loss: 0.576841
Epoch 18 Batch 7 | Loss: 0.546905
Epoch 18 Batch 8 | Loss: 0.556539
Epoch 18 Batch 9 | Loss: 0.519625
Epoch 18 Batch 10 | Loss: 0.566386
Epoch 18 Batch 11 | Loss: 0.635300
Epoch 18 Batch 12 | Loss: 0.538841
Epoch 18 Batch 13 | Loss: 0.543012
  [STABILITY] Test accuracy improved: 68.02% -> 68.60% (via EMA). Saving best params.
--- Epoch 18/30 | Loss: 0.5751 | Train Acc: 71.0% | Test Acc: 68.6% | CM: [TP:70, TN:48, FP:38, FN:16] | Progress: 60.0% | ETA: 9.0s ---
Epoch 19 Batch 1 | Loss: 0.550144 | Stats: min: -0.424, max: 0.254, mean: 0.009
Epoch 19 Batch 2 | Loss: 0.617416
Epoch 19 Batch 3 | Loss: 0.596239
Epoch 19 Batch 4 | Loss: 0.654450
Epoch 19 Batch 5 | Loss: 0.582535
Epoch 19 Batch 6 | Loss: 0.519261
Epoch 19 Batch 7 | Loss: 0.559509
Epoch 19 Batch 8 | Loss: 0.590354
Epoch 19 Batch 9 | Loss: 0.563900
Epoch 19 Batch 10 | Loss: 0.554136
Epoch 19 Batch 11 | Loss: 0.579596
Epoch 19 Batch 12 | Loss: 0.554129
Epoch 19 Batch 13 | Loss: 0.557953
--- Epoch 19/30 | Loss: 0.5754 | Train Acc: 71.0% | Test Acc: 68.6% | CM: [TP:70, TN:48, FP:38, FN:16] | Progress: 63.3% | ETA: 7.9s ---
Epoch 20 Batch 1 | Loss: 0.576097 | Stats: min: -0.301, max: 0.351, mean: -0.038
Epoch 20 Batch 2 | Loss: 0.568014
Epoch 20 Batch 3 | Loss: 0.599806
Epoch 20 Batch 4 | Loss: 0.558498
Epoch 20 Batch 5 | Loss: 0.543831
Epoch 20 Batch 6 | Loss: 0.631072
Epoch 20 Batch 7 | Loss: 0.560302
Epoch 20 Batch 8 | Loss: 0.568208
Epoch 20 Batch 9 | Loss: 0.646420
Epoch 20 Batch 10 | Loss: 0.492537
Epoch 20 Batch 11 | Loss: 0.604776
Epoch 20 Batch 12 | Loss: 0.589953
Epoch 20 Batch 13 | Loss: 0.516338
--- Epoch 20/30 | Loss: 0.5735 | Train Acc: 71.0% | Test Acc: 68.6% | CM: [TP:70, TN:48, FP:38, FN:16] | Progress: 66.7% | ETA: 6.7s ---
Epoch 21 Batch 1 | Loss: 0.598104 | Stats: min: -0.090, max: 0.457, mean: 0.114
Epoch 21 Batch 2 | Loss: 0.545235
Epoch 21 Batch 3 | Loss: 0.537607
Epoch 21 Batch 4 | Loss: 0.614159
Epoch 21 Batch 5 | Loss: 0.587569
Epoch 21 Batch 6 | Loss: 0.560126
Epoch 21 Batch 7 | Loss: 0.555352
Epoch 21 Batch 8 | Loss: 0.596643
Epoch 21 Batch 9 | Loss: 0.567512
Epoch 21 Batch 10 | Loss: 0.572006
Epoch 21 Batch 11 | Loss: 0.578340
Epoch 21 Batch 12 | Loss: 0.557790
Epoch 21 Batch 13 | Loss: 0.664009
  [STABILITY] Plateau detected. Reducing Learning Rate to 0.000625
--- Epoch 21/30 | Loss: 0.5796 | Train Acc: 71.5% | Test Acc: 68.6% | CM: [TP:70, TN:48, FP:38, FN:16] | Progress: 70.0% | ETA: 6.0s ---
Epoch 22 Batch 1 | Loss: 0.606735 | Stats: min: -0.247, max: 0.381, mean: -0.006
Epoch 22 Batch 2 | Loss: 0.596093
Epoch 22 Batch 3 | Loss: 0.599593
Epoch 22 Batch 4 | Loss: 0.589079
Epoch 22 Batch 5 | Loss: 0.552415
Epoch 22 Batch 6 | Loss: 0.528032
Epoch 22 Batch 7 | Loss: 0.572653
Epoch 22 Batch 8 | Loss: 0.569651
Epoch 22 Batch 9 | Loss: 0.545194
Epoch 22 Batch 10 | Loss: 0.545220
Epoch 22 Batch 11 | Loss: 0.584484
Epoch 22 Batch 12 | Loss: 0.634390
Epoch 22 Batch 13 | Loss: 0.538963
--- Epoch 22/30 | Loss: 0.5740 | Train Acc: 71.5% | Test Acc: 68.6% | CM: [TP:70, TN:48, FP:38, FN:16] | Progress: 73.3% | ETA: 4.8s ---
Epoch 23 Batch 1 | Loss: 0.560775 | Stats: min: -0.239, max: 0.241, mean: -0.041
Epoch 23 Batch 2 | Loss: 0.578172
Epoch 23 Batch 3 | Loss: 0.603850
Epoch 23 Batch 4 | Loss: 0.584327
Epoch 23 Batch 5 | Loss: 0.584678
Epoch 23 Batch 6 | Loss: 0.542705
Epoch 23 Batch 7 | Loss: 0.596718
Epoch 23 Batch 8 | Loss: 0.566617
Epoch 23 Batch 9 | Loss: 0.581107
Epoch 23 Batch 10 | Loss: 0.557838
Epoch 23 Batch 11 | Loss: 0.554785
Epoch 23 Batch 12 | Loss: 0.596958
Epoch 23 Batch 13 | Loss: 0.571127
--- Epoch 23/30 | Loss: 0.5754 | Train Acc: 71.5% | Test Acc: 68.6% | CM: [TP:70, TN:48, FP:38, FN:16] | Progress: 76.7% | ETA: 4.1s ---
Epoch 24 Batch 1 | Loss: 0.541303 | Stats: min: -0.433, max: 0.158, mean: -0.098
Epoch 24 Batch 2 | Loss: 0.591861
Epoch 24 Batch 3 | Loss: 0.593601
Epoch 24 Batch 4 | Loss: 0.529985
Epoch 24 Batch 5 | Loss: 0.568964
Epoch 24 Batch 6 | Loss: 0.584141
Epoch 24 Batch 7 | Loss: 0.532974
Epoch 24 Batch 8 | Loss: 0.576666
Epoch 24 Batch 9 | Loss: 0.599796
Epoch 24 Batch 10 | Loss: 0.578526
Epoch 24 Batch 11 | Loss: 0.593363
Epoch 24 Batch 12 | Loss: 0.627253
Epoch 24 Batch 13 | Loss: 0.546547
  [STABILITY] Plateau detected. Reducing Learning Rate to 0.000313
--- Epoch 24/30 | Loss: 0.5742 | Train Acc: 72.0% | Test Acc: 68.0% | CM: [TP:69, TN:48, FP:38, FN:17] | Progress: 80.0% | ETA: 3.3s ---
Epoch 25 Batch 1 | Loss: 0.581028 | Stats: min: -0.086, max: 0.178, mean: 0.042
Epoch 25 Batch 2 | Loss: 0.535540
Epoch 25 Batch 3 | Loss: 0.619121
Epoch 25 Batch 4 | Loss: 0.552154
Epoch 25 Batch 5 | Loss: 0.591039
Epoch 25 Batch 6 | Loss: 0.513777
Epoch 25 Batch 7 | Loss: 0.605490
Epoch 25 Batch 8 | Loss: 0.575888
Epoch 25 Batch 9 | Loss: 0.599978
Epoch 25 Batch 10 | Loss: 0.610113
Epoch 25 Batch 11 | Loss: 0.598957
Epoch 25 Batch 12 | Loss: 0.539225
Epoch 25 Batch 13 | Loss: 0.535328
--- Epoch 25/30 | Loss: 0.5737 | Train Acc: 72.0% | Test Acc: 68.0% | CM: [TP:69, TN:48, FP:38, FN:17] | Progress: 83.3% | ETA: 2.7s ---
Epoch 26 Batch 1 | Loss: 0.611274 | Stats: min: -0.321, max: 0.076, mean: -0.011
Epoch 26 Batch 2 | Loss: 0.552609
Epoch 26 Batch 3 | Loss: 0.571765
Epoch 26 Batch 4 | Loss: 0.567961
Epoch 26 Batch 5 | Loss: 0.505480
Epoch 26 Batch 6 | Loss: 0.552872
Epoch 26 Batch 7 | Loss: 0.595128
Epoch 26 Batch 8 | Loss: 0.551240
Epoch 26 Batch 9 | Loss: 0.608820
Epoch 26 Batch 10 | Loss: 0.596454
Epoch 26 Batch 11 | Loss: 0.604224
Epoch 26 Batch 12 | Loss: 0.585732
Epoch 26 Batch 13 | Loss: 0.574571
--- Epoch 26/30 | Loss: 0.5752 | Train Acc: 72.5% | Test Acc: 68.6% | CM: [TP:69, TN:49, FP:37, FN:17] | Progress: 86.7% | ETA: 2.1s ---
Epoch 27 Batch 1 | Loss: 0.641405 | Stats: min: -0.103, max: 0.314, mean: 0.134
Epoch 27 Batch 2 | Loss: 0.518150
Epoch 27 Batch 3 | Loss: 0.547924
Epoch 27 Batch 4 | Loss: 0.527853
Epoch 27 Batch 5 | Loss: 0.589888
Epoch 27 Batch 6 | Loss: 0.568958
Epoch 27 Batch 7 | Loss: 0.587025
Epoch 27 Batch 8 | Loss: 0.577250
Epoch 27 Batch 9 | Loss: 0.570525
Epoch 27 Batch 10 | Loss: 0.583152
Epoch 27 Batch 11 | Loss: 0.589163
Epoch 27 Batch 12 | Loss: 0.591200
Epoch 27 Batch 13 | Loss: 0.597015
  [STABILITY] Plateau detected. Reducing Learning Rate to 0.000156
--- Epoch 27/30 | Loss: 0.5761 | Train Acc: 72.5% | Test Acc: 68.0% | CM: [TP:68, TN:49, FP:37, FN:18] | Progress: 90.0% | ETA: 1.5s ---
Epoch 28 Batch 1 | Loss: 0.554014 | Stats: min: -0.254, max: 0.245, mean: 0.041
Epoch 28 Batch 2 | Loss: 0.590480
Epoch 28 Batch 3 | Loss: 0.554682
Epoch 28 Batch 4 | Loss: 0.524164
Epoch 28 Batch 5 | Loss: 0.620865
Epoch 28 Batch 6 | Loss: 0.598015
Epoch 28 Batch 7 | Loss: 0.521106
Epoch 28 Batch 8 | Loss: 0.547753
Epoch 28 Batch 9 | Loss: 0.582352
Epoch 28 Batch 10 | Loss: 0.596951
Epoch 28 Batch 11 | Loss: 0.580172
Epoch 28 Batch 12 | Loss: 0.604876
Epoch 28 Batch 13 | Loss: 0.632328
--- Epoch 28/30 | Loss: 0.5775 | Train Acc: 72.5% | Test Acc: 68.0% | CM: [TP:68, TN:49, FP:37, FN:18] | Progress: 93.3% | ETA: 0.9s ---
Epoch 29 Batch 1 | Loss: 0.570379 | Stats: min: -0.282, max: 0.036, mean: -0.116
Epoch 29 Batch 2 | Loss: 0.566666
Epoch 29 Batch 3 | Loss: 0.540698
Epoch 29 Batch 4 | Loss: 0.579517
Epoch 29 Batch 5 | Loss: 0.599729
Epoch 29 Batch 6 | Loss: 0.613968
Epoch 29 Batch 7 | Loss: 0.558626
Epoch 29 Batch 8 | Loss: 0.590340
Epoch 29 Batch 9 | Loss: 0.565299
Epoch 29 Batch 10 | Loss: 0.586115
Epoch 29 Batch 11 | Loss: 0.575593
Epoch 29 Batch 12 | Loss: 0.558314
Epoch 29 Batch 13 | Loss: 0.568300
--- Epoch 29/30 | Loss: 0.5749 | Train Acc: 72.5% | Test Acc: 68.0% | CM: [TP:68, TN:49, FP:37, FN:18] | Progress: 96.7% | ETA: 0.5s ---
Epoch 30 Batch 1 | Loss: 0.614773 | Stats: min: 0.092, max: 0.356, mean: 0.174
Epoch 30 Batch 2 | Loss: 0.537238
Epoch 30 Batch 3 | Loss: 0.598313
Epoch 30 Batch 4 | Loss: 0.591589
Epoch 30 Batch 5 | Loss: 0.588131
Epoch 30 Batch 6 | Loss: 0.567820
Epoch 30 Batch 7 | Loss: 0.536447
Epoch 30 Batch 8 | Loss: 0.548476
Epoch 30 Batch 9 | Loss: 0.577429
Epoch 30 Batch 10 | Loss: 0.552446
Epoch 30 Batch 11 | Loss: 0.607560
Epoch 30 Batch 12 | Loss: 0.563119
Epoch 30 Batch 13 | Loss: 0.614923
  [STABILITY] Plateau detected. Reducing Learning Rate to 0.000078
--- Epoch 30/30 | Loss: 0.5768 | Train Acc: 72.5% | Test Acc: 68.0% | CM: [TP:68, TN:49, FP:37, FN:18] | Progress: 100.0% | ETA: 0.0s ---

Final Best Test Accuracy: 68.60%


Best Quantum Test Accuracy: 0.686
