DEBUG: Qtrainer enters train_pure_quantum_cnn. Encoding: amplitude
  Class Weights: +1 (Target): 1.00 | -1 (Rest): 1.00
Starting Training
==================================================
Epoch 1 Batch 1 | Loss: 0.736642 | Stats: min: 0.044, max: 0.082, mean: 0.066
Epoch 1 Batch 2 | Loss: 0.702208
Epoch 1 Batch 3 | Loss: 0.676639
Epoch 1 Batch 4 | Loss: 0.639024
Epoch 1 Batch 5 | Loss: 0.646721
Epoch 1 Batch 6 | Loss: 0.621750
Epoch 1 Batch 7 | Loss: 0.616947
Epoch 1 Batch 8 | Loss: 0.653321
Epoch 1 Batch 9 | Loss: 0.638586
Epoch 1 Batch 10 | Loss: 0.666866
Epoch 1 Batch 11 | Loss: 0.642877
Epoch 1 Batch 12 | Loss: 0.635890
Epoch 1 Batch 13 | Loss: 0.651765
  [STABILITY] Test accuracy improved: 0.00% -> 53.49% (via EMA). Saving best params.
--- Epoch 1/30 | Loss: 0.6561 | Train Acc: 49.0% | Test Acc: 53.5% | CM: [TP:86, TN:6, FP:80, FN:0] | Progress: 3.3% | ETA: 262.7s ---
Epoch 2 Batch 1 | Loss: 0.622395 | Stats: min: -0.137, max: 0.167, mean: 0.056
Epoch 2 Batch 2 | Loss: 0.609473
Epoch 2 Batch 3 | Loss: 0.598195
Epoch 2 Batch 4 | Loss: 0.607297
Epoch 2 Batch 5 | Loss: 0.610267
Epoch 2 Batch 6 | Loss: 0.606665
Epoch 2 Batch 7 | Loss: 0.597062
Epoch 2 Batch 8 | Loss: 0.595264
Epoch 2 Batch 9 | Loss: 0.603347
Epoch 2 Batch 10 | Loss: 0.597660
Epoch 2 Batch 11 | Loss: 0.588004
Epoch 2 Batch 12 | Loss: 0.594088
Epoch 2 Batch 13 | Loss: 0.582332
  [STABILITY] Test accuracy improved: 53.49% -> 54.07% (via EMA). Saving best params.
--- Epoch 2/30 | Loss: 0.6009 | Train Acc: 51.0% | Test Acc: 54.1% | CM: [TP:86, TN:7, FP:79, FN:0] | Progress: 6.7% | ETA: 128.0s ---
Epoch 3 Batch 1 | Loss: 0.603314 | Stats: min: -0.026, max: 0.329, mean: 0.187
Epoch 3 Batch 2 | Loss: 0.614687
Epoch 3 Batch 3 | Loss: 0.583342
Epoch 3 Batch 4 | Loss: 0.597234
Epoch 3 Batch 5 | Loss: 0.590514
Epoch 3 Batch 6 | Loss: 0.575542
Epoch 3 Batch 7 | Loss: 0.580692
Epoch 3 Batch 8 | Loss: 0.565113
Epoch 3 Batch 9 | Loss: 0.573859
Epoch 3 Batch 10 | Loss: 0.558829
Epoch 3 Batch 11 | Loss: 0.579837
Epoch 3 Batch 12 | Loss: 0.569269
Epoch 3 Batch 13 | Loss: 0.598486
  [STABILITY] Test accuracy improved: 54.07% -> 56.40% (via EMA). Saving best params.
--- Epoch 3/30 | Loss: 0.5839 | Train Acc: 54.5% | Test Acc: 56.4% | CM: [TP:86, TN:11, FP:75, FN:0] | Progress: 10.0% | ETA: 96.7s ---
Epoch 4 Batch 1 | Loss: 0.582650 | Stats: min: -0.177, max: 0.333, mean: 0.059
Epoch 4 Batch 2 | Loss: 0.577863
Epoch 4 Batch 3 | Loss: 0.562347
Epoch 4 Batch 4 | Loss: 0.572564
Epoch 4 Batch 5 | Loss: 0.556830
Epoch 4 Batch 6 | Loss: 0.563195
Epoch 4 Batch 7 | Loss: 0.604925
Epoch 4 Batch 8 | Loss: 0.562326
Epoch 4 Batch 9 | Loss: 0.553150
Epoch 4 Batch 10 | Loss: 0.548760
Epoch 4 Batch 11 | Loss: 0.568765
Epoch 4 Batch 12 | Loss: 0.557813
Epoch 4 Batch 13 | Loss: 0.558698
  [STABILITY] Test accuracy improved: 56.40% -> 59.30% (via EMA). Saving best params.
--- Epoch 4/30 | Loss: 0.5669 | Train Acc: 59.5% | Test Acc: 59.3% | CM: [TP:86, TN:16, FP:70, FN:0] | Progress: 13.3% | ETA: 55.0s ---
Epoch 5 Batch 1 | Loss: 0.556252 | Stats: min: 0.061, max: 0.372, mean: 0.221
Epoch 5 Batch 2 | Loss: 0.563768
Epoch 5 Batch 3 | Loss: 0.531219
Epoch 5 Batch 4 | Loss: 0.559015
Epoch 5 Batch 5 | Loss: 0.578467
Epoch 5 Batch 6 | Loss: 0.536381
Epoch 5 Batch 7 | Loss: 0.547140
Epoch 5 Batch 8 | Loss: 0.540976
Epoch 5 Batch 9 | Loss: 0.590604
Epoch 5 Batch 10 | Loss: 0.561972
Epoch 5 Batch 11 | Loss: 0.575646
Epoch 5 Batch 12 | Loss: 0.595298
Epoch 5 Batch 13 | Loss: 0.542307
  [STABILITY] Test accuracy improved: 59.30% -> 65.12% (via EMA). Saving best params.
--- Epoch 5/30 | Loss: 0.5599 | Train Acc: 63.0% | Test Acc: 65.1% | CM: [TP:86, TN:26, FP:60, FN:0] | Progress: 16.7% | ETA: 36.3s ---
Epoch 6 Batch 1 | Loss: 0.550606 | Stats: min: -0.157, max: 0.329, mean: -0.033
Epoch 6 Batch 2 | Loss: 0.534559
Epoch 6 Batch 3 | Loss: 0.569078
Epoch 6 Batch 4 | Loss: 0.566145
Epoch 6 Batch 5 | Loss: 0.565665
Epoch 6 Batch 6 | Loss: 0.556073
Epoch 6 Batch 7 | Loss: 0.558686
Epoch 6 Batch 8 | Loss: 0.548321
Epoch 6 Batch 9 | Loss: 0.561122
Epoch 6 Batch 10 | Loss: 0.540839
Epoch 6 Batch 11 | Loss: 0.529239
Epoch 6 Batch 12 | Loss: 0.540454
Epoch 6 Batch 13 | Loss: 0.578232
  [STABILITY] Test accuracy improved: 65.12% -> 75.00% (via EMA). Saving best params.
--- Epoch 6/30 | Loss: 0.5538 | Train Acc: 70.0% | Test Acc: 75.0% | CM: [TP:86, TN:43, FP:43, FN:0] | Progress: 20.0% | ETA: 29.0s ---
Epoch 7 Batch 1 | Loss: 0.548622 | Stats: min: -0.276, max: 0.289, mean: -0.071
Epoch 7 Batch 2 | Loss: 0.580830
Epoch 7 Batch 3 | Loss: 0.560181
Epoch 7 Batch 4 | Loss: 0.547088
Epoch 7 Batch 5 | Loss: 0.532050
Epoch 7 Batch 6 | Loss: 0.559205
Epoch 7 Batch 7 | Loss: 0.541927
Epoch 7 Batch 8 | Loss: 0.536065
Epoch 7 Batch 9 | Loss: 0.541706
Epoch 7 Batch 10 | Loss: 0.566520
Epoch 7 Batch 11 | Loss: 0.523486
Epoch 7 Batch 12 | Loss: 0.538176
Epoch 7 Batch 13 | Loss: 0.555020
  [STABILITY] Test accuracy improved: 75.00% -> 77.33% (via EMA). Saving best params.
--- Epoch 7/30 | Loss: 0.5485 | Train Acc: 77.0% | Test Acc: 77.3% | CM: [TP:86, TN:47, FP:39, FN:0] | Progress: 23.3% | ETA: 24.2s ---
Epoch 8 Batch 1 | Loss: 0.519348 | Stats: min: -0.252, max: 0.344, mean: -0.093
Epoch 8 Batch 2 | Loss: 0.503533
Epoch 8 Batch 3 | Loss: 0.527719
Epoch 8 Batch 4 | Loss: 0.566326
Epoch 8 Batch 5 | Loss: 0.540643
Epoch 8 Batch 6 | Loss: 0.550574
Epoch 8 Batch 7 | Loss: 0.516579
Epoch 8 Batch 8 | Loss: 0.549060
Epoch 8 Batch 9 | Loss: 0.528655
Epoch 8 Batch 10 | Loss: 0.551374
Epoch 8 Batch 11 | Loss: 0.544154
Epoch 8 Batch 12 | Loss: 0.577170
Epoch 8 Batch 13 | Loss: 0.590164
  [STABILITY] Test accuracy improved: 77.33% -> 80.81% (via EMA). Saving best params.
--- Epoch 8/30 | Loss: 0.5435 | Train Acc: 78.5% | Test Acc: 80.8% | CM: [TP:86, TN:53, FP:33, FN:0] | Progress: 26.7% | ETA: 19.5s ---
Epoch 9 Batch 1 | Loss: 0.577442 | Stats: min: 0.061, max: 0.329, mean: 0.196
Epoch 9 Batch 2 | Loss: 0.550296
Epoch 9 Batch 3 | Loss: 0.518572
Epoch 9 Batch 4 | Loss: 0.536680
Epoch 9 Batch 5 | Loss: 0.557925
Epoch 9 Batch 6 | Loss: 0.514055
Epoch 9 Batch 7 | Loss: 0.560606
Epoch 9 Batch 8 | Loss: 0.526904
Epoch 9 Batch 9 | Loss: 0.509872
Epoch 9 Batch 10 | Loss: 0.528408
Epoch 9 Batch 11 | Loss: 0.533068
Epoch 9 Batch 12 | Loss: 0.536573
Epoch 9 Batch 13 | Loss: 0.518717
  [STABILITY] Test accuracy improved: 80.81% -> 84.88% (via EMA). Saving best params.
--- Epoch 9/30 | Loss: 0.5361 | Train Acc: 83.0% | Test Acc: 84.9% | CM: [TP:86, TN:60, FP:26, FN:0] | Progress: 30.0% | ETA: 16.6s ---
Epoch 10 Batch 1 | Loss: 0.538783 | Stats: min: -0.191, max: 0.484, mean: 0.166
Epoch 10 Batch 2 | Loss: 0.564945
Epoch 10 Batch 3 | Loss: 0.520437
Epoch 10 Batch 4 | Loss: 0.582313
Epoch 10 Batch 5 | Loss: 0.499586
Epoch 10 Batch 6 | Loss: 0.559813
Epoch 10 Batch 7 | Loss: 0.525971
Epoch 10 Batch 8 | Loss: 0.506371
Epoch 10 Batch 9 | Loss: 0.495822
Epoch 10 Batch 10 | Loss: 0.532416
Epoch 10 Batch 11 | Loss: 0.531736
Epoch 10 Batch 12 | Loss: 0.527748
Epoch 10 Batch 13 | Loss: 0.535937
  [STABILITY] Test accuracy improved: 84.88% -> 86.63% (via EMA). Saving best params.
--- Epoch 10/30 | Loss: 0.5325 | Train Acc: 84.0% | Test Acc: 86.6% | CM: [TP:86, TN:63, FP:23, FN:0] | Progress: 33.3% | ETA: 14.5s ---
Epoch 11 Batch 1 | Loss: 0.512867 | Stats: min: -0.235, max: 0.332, mean: 0.106
Epoch 11 Batch 2 | Loss: 0.541672
Epoch 11 Batch 3 | Loss: 0.579565
Epoch 11 Batch 4 | Loss: 0.519083
Epoch 11 Batch 5 | Loss: 0.525158
Epoch 11 Batch 6 | Loss: 0.533193
Epoch 11 Batch 7 | Loss: 0.489008
Epoch 11 Batch 8 | Loss: 0.537758
Epoch 11 Batch 9 | Loss: 0.490783
Epoch 11 Batch 10 | Loss: 0.512040
Epoch 11 Batch 11 | Loss: 0.525675
Epoch 11 Batch 12 | Loss: 0.508731
Epoch 11 Batch 13 | Loss: 0.527261
--- Epoch 11/30 | Loss: 0.5233 | Train Acc: 84.5% | Test Acc: 86.6% | CM: [TP:85, TN:64, FP:22, FN:1] | Progress: 36.7% | ETA: 12.4s ---
Epoch 12 Batch 1 | Loss: 0.520649 | Stats: min: -0.219, max: 0.211, mean: -0.031
Epoch 12 Batch 2 | Loss: 0.526023
Epoch 12 Batch 3 | Loss: 0.526331
Epoch 12 Batch 4 | Loss: 0.519820
Epoch 12 Batch 5 | Loss: 0.549706
Epoch 12 Batch 6 | Loss: 0.520500
Epoch 12 Batch 7 | Loss: 0.510307
Epoch 12 Batch 8 | Loss: 0.495428
Epoch 12 Batch 9 | Loss: 0.525855
Epoch 12 Batch 10 | Loss: 0.507060
Epoch 12 Batch 11 | Loss: 0.525624
Epoch 12 Batch 12 | Loss: 0.533941
Epoch 12 Batch 13 | Loss: 0.530121
  [STABILITY] Test accuracy improved: 86.63% -> 87.21% (via EMA). Saving best params.
--- Epoch 12/30 | Loss: 0.5224 | Train Acc: 84.0% | Test Acc: 87.2% | CM: [TP:84, TN:66, FP:20, FN:2] | Progress: 40.0% | ETA: 14.2s ---
Epoch 13 Batch 1 | Loss: 0.521373 | Stats: min: -0.191, max: 0.438, mean: 0.100
Epoch 13 Batch 2 | Loss: 0.521830
Epoch 13 Batch 3 | Loss: 0.529522
Epoch 13 Batch 4 | Loss: 0.524506
Epoch 13 Batch 5 | Loss: 0.540873
Epoch 13 Batch 6 | Loss: 0.509836
Epoch 13 Batch 7 | Loss: 0.493980
Epoch 13 Batch 8 | Loss: 0.511711
Epoch 13 Batch 9 | Loss: 0.517911
Epoch 13 Batch 10 | Loss: 0.510923
Epoch 13 Batch 11 | Loss: 0.531218
Epoch 13 Batch 12 | Loss: 0.521040
Epoch 13 Batch 13 | Loss: 0.530340
  [STABILITY] Test accuracy improved: 87.21% -> 87.79% (via EMA). Saving best params.
--- Epoch 13/30 | Loss: 0.5204 | Train Acc: 85.0% | Test Acc: 87.8% | CM: [TP:84, TN:67, FP:19, FN:2] | Progress: 43.3% | ETA: 11.4s ---
Epoch 14 Batch 1 | Loss: 0.513470 | Stats: min: -0.272, max: 0.428, mean: 0.112
Epoch 14 Batch 2 | Loss: 0.489275
Epoch 14 Batch 3 | Loss: 0.562990
Epoch 14 Batch 4 | Loss: 0.505942
Epoch 14 Batch 5 | Loss: 0.502323
Epoch 14 Batch 6 | Loss: 0.484726
Epoch 14 Batch 7 | Loss: 0.540027
Epoch 14 Batch 8 | Loss: 0.514683
Epoch 14 Batch 9 | Loss: 0.535983
Epoch 14 Batch 10 | Loss: 0.493127
Epoch 14 Batch 11 | Loss: 0.529825
Epoch 14 Batch 12 | Loss: 0.515570
Epoch 14 Batch 13 | Loss: 0.548406
  [STABILITY] Test accuracy improved: 87.79% -> 89.53% (via EMA). Saving best params.
--- Epoch 14/30 | Loss: 0.5182 | Train Acc: 87.5% | Test Acc: 89.5% | CM: [TP:84, TN:70, FP:16, FN:2] | Progress: 46.7% | ETA: 8.2s ---
Epoch 15 Batch 1 | Loss: 0.482939 | Stats: min: 0.109, max: 0.414, mean: 0.264
Epoch 15 Batch 2 | Loss: 0.543361
Epoch 15 Batch 3 | Loss: 0.520825
Epoch 15 Batch 4 | Loss: 0.537033
Epoch 15 Batch 5 | Loss: 0.505664
Epoch 15 Batch 6 | Loss: 0.484962
Epoch 15 Batch 7 | Loss: 0.528526
Epoch 15 Batch 8 | Loss: 0.516617
Epoch 15 Batch 9 | Loss: 0.508817
Epoch 15 Batch 10 | Loss: 0.530159
Epoch 15 Batch 11 | Loss: 0.499551
Epoch 15 Batch 12 | Loss: 0.525880
Epoch 15 Batch 13 | Loss: 0.506970
  [STABILITY] Test accuracy improved: 89.53% -> 90.70% (via EMA). Saving best params.
--- Epoch 15/30 | Loss: 0.5147 | Train Acc: 88.5% | Test Acc: 90.7% | CM: [TP:84, TN:72, FP:14, FN:2] | Progress: 50.0% | ETA: 7.3s ---
Epoch 16 Batch 1 | Loss: 0.532879 | Stats: min: -0.414, max: 0.015, mean: -0.218
Epoch 16 Batch 2 | Loss: 0.498291
Epoch 16 Batch 3 | Loss: 0.497832
Epoch 16 Batch 4 | Loss: 0.499277
Epoch 16 Batch 5 | Loss: 0.511193
Epoch 16 Batch 6 | Loss: 0.502791
Epoch 16 Batch 7 | Loss: 0.498263
Epoch 16 Batch 8 | Loss: 0.526580
Epoch 16 Batch 9 | Loss: 0.547871
Epoch 16 Batch 10 | Loss: 0.520637
Epoch 16 Batch 11 | Loss: 0.512849
Epoch 16 Batch 12 | Loss: 0.528425
Epoch 16 Batch 13 | Loss: 0.536380
  [STABILITY] Test accuracy improved: 90.70% -> 91.28% (via EMA). Saving best params.
--- Epoch 16/30 | Loss: 0.5164 | Train Acc: 89.5% | Test Acc: 91.3% | CM: [TP:84, TN:73, FP:13, FN:2] | Progress: 53.3% | ETA: 6.3s ---
Epoch 17 Batch 1 | Loss: 0.536629 | Stats: min: -0.271, max: 0.209, mean: -0.007
Epoch 17 Batch 2 | Loss: 0.538188
Epoch 17 Batch 3 | Loss: 0.515968
Epoch 17 Batch 4 | Loss: 0.515456
Epoch 17 Batch 5 | Loss: 0.526652
Epoch 17 Batch 6 | Loss: 0.509330
Epoch 17 Batch 7 | Loss: 0.473584
Epoch 17 Batch 8 | Loss: 0.517672
Epoch 17 Batch 9 | Loss: 0.513544
Epoch 17 Batch 10 | Loss: 0.499149
Epoch 17 Batch 11 | Loss: 0.508715
Epoch 17 Batch 12 | Loss: 0.516764
Epoch 17 Batch 13 | Loss: 0.516136
--- Epoch 17/30 | Loss: 0.5144 | Train Acc: 91.0% | Test Acc: 91.3% | CM: [TP:84, TN:73, FP:13, FN:2] | Progress: 56.7% | ETA: 5.5s ---
Epoch 18 Batch 1 | Loss: 0.526038 | Stats: min: -0.279, max: 0.268, mean: -0.051
Epoch 18 Batch 2 | Loss: 0.521346
Epoch 18 Batch 3 | Loss: 0.497865
Epoch 18 Batch 4 | Loss: 0.526036
Epoch 18 Batch 5 | Loss: 0.504522
Epoch 18 Batch 6 | Loss: 0.503411
Epoch 18 Batch 7 | Loss: 0.506358
Epoch 18 Batch 8 | Loss: 0.503212
Epoch 18 Batch 9 | Loss: 0.523443
Epoch 18 Batch 10 | Loss: 0.499660
Epoch 18 Batch 11 | Loss: 0.521936
Epoch 18 Batch 12 | Loss: 0.497125
Epoch 18 Batch 13 | Loss: 0.494027
--- Epoch 18/30 | Loss: 0.5096 | Train Acc: 91.5% | Test Acc: 91.3% | CM: [TP:83, TN:74, FP:12, FN:3] | Progress: 60.0% | ETA: 8.6s ---
Epoch 19 Batch 1 | Loss: 0.493501 | Stats: min: -0.144, max: 0.315, mean: 0.134
Epoch 19 Batch 2 | Loss: 0.500750
Epoch 19 Batch 3 | Loss: 0.486809
Epoch 19 Batch 4 | Loss: 0.489101
Epoch 19 Batch 5 | Loss: 0.520875
Epoch 19 Batch 6 | Loss: 0.534857
Epoch 19 Batch 7 | Loss: 0.488605
Epoch 19 Batch 8 | Loss: 0.532914
Epoch 19 Batch 9 | Loss: 0.506557
Epoch 19 Batch 10 | Loss: 0.526481
Epoch 19 Batch 11 | Loss: 0.499229
Epoch 19 Batch 12 | Loss: 0.514661
Epoch 19 Batch 13 | Loss: 0.525596
  [STABILITY] Test accuracy improved: 91.28% -> 93.60% (via EMA). Saving best params.
--- Epoch 19/30 | Loss: 0.5092 | Train Acc: 92.5% | Test Acc: 93.6% | CM: [TP:83, TN:78, FP:8, FN:3] | Progress: 63.3% | ETA: 8.3s ---
Epoch 20 Batch 1 | Loss: 0.508805 | Stats: min: -0.356, max: 0.287, mean: -0.035
Epoch 20 Batch 2 | Loss: 0.521016
Epoch 20 Batch 3 | Loss: 0.541669
Epoch 20 Batch 4 | Loss: 0.493567
Epoch 20 Batch 5 | Loss: 0.502240
Epoch 20 Batch 6 | Loss: 0.534336
Epoch 20 Batch 7 | Loss: 0.513231
Epoch 20 Batch 8 | Loss: 0.498521
Epoch 20 Batch 9 | Loss: 0.498121
Epoch 20 Batch 10 | Loss: 0.490430
Epoch 20 Batch 11 | Loss: 0.515585
Epoch 20 Batch 12 | Loss: 0.476355
Epoch 20 Batch 13 | Loss: 0.567921
  [STABILITY] Test accuracy improved: 93.60% -> 95.93% (via EMA). Saving best params.
--- Epoch 20/30 | Loss: 0.5124 | Train Acc: 93.5% | Test Acc: 95.9% | CM: [TP:84, TN:81, FP:5, FN:2] | Progress: 66.7% | ETA: 6.7s ---
Epoch 21 Batch 1 | Loss: 0.499936 | Stats: min: -0.272, max: -0.160, mean: -0.221
Epoch 21 Batch 2 | Loss: 0.502116
Epoch 21 Batch 3 | Loss: 0.510313
Epoch 21 Batch 4 | Loss: 0.507947
Epoch 21 Batch 5 | Loss: 0.516435
Epoch 21 Batch 6 | Loss: 0.532334
Epoch 21 Batch 7 | Loss: 0.487783
Epoch 21 Batch 8 | Loss: 0.529983
Epoch 21 Batch 9 | Loss: 0.502325
Epoch 21 Batch 10 | Loss: 0.505751
Epoch 21 Batch 11 | Loss: 0.517534
Epoch 21 Batch 12 | Loss: 0.493235
Epoch 21 Batch 13 | Loss: 0.477569
--- Epoch 21/30 | Loss: 0.5064 | Train Acc: 94.0% | Test Acc: 95.3% | CM: [TP:82, TN:82, FP:4, FN:4] | Progress: 70.0% | ETA: 3.8s ---
Epoch 22 Batch 1 | Loss: 0.484785 | Stats: min: -0.268, max: 0.318, mean: -0.091
Epoch 22 Batch 2 | Loss: 0.523669
Epoch 22 Batch 3 | Loss: 0.480158
Epoch 22 Batch 4 | Loss: 0.522893
Epoch 22 Batch 5 | Loss: 0.494515
Epoch 22 Batch 6 | Loss: 0.492189
Epoch 22 Batch 7 | Loss: 0.499846
Epoch 22 Batch 8 | Loss: 0.515636
Epoch 22 Batch 9 | Loss: 0.497307
Epoch 22 Batch 10 | Loss: 0.517312
Epoch 22 Batch 11 | Loss: 0.526594
Epoch 22 Batch 12 | Loss: 0.517633
Epoch 22 Batch 13 | Loss: 0.527443
--- Epoch 22/30 | Loss: 0.5077 | Train Acc: 94.0% | Test Acc: 95.3% | CM: [TP:82, TN:82, FP:4, FN:4] | Progress: 73.3% | ETA: 3.0s ---
Epoch 23 Batch 1 | Loss: 0.505293 | Stats: min: -0.232, max: 0.183, mean: 0.001
Epoch 23 Batch 2 | Loss: 0.514844
Epoch 23 Batch 3 | Loss: 0.512325
Epoch 23 Batch 4 | Loss: 0.532845
Epoch 23 Batch 5 | Loss: 0.493716
Epoch 23 Batch 6 | Loss: 0.500230
Epoch 23 Batch 7 | Loss: 0.529419
Epoch 23 Batch 8 | Loss: 0.514040
Epoch 23 Batch 9 | Loss: 0.513475
Epoch 23 Batch 10 | Loss: 0.478606
Epoch 23 Batch 11 | Loss: 0.520347
Epoch 23 Batch 12 | Loss: 0.538537
Epoch 23 Batch 13 | Loss: 0.495112
  [STABILITY] Plateau detected. Reducing Learning Rate to 0.010000
--- Epoch 23/30 | Loss: 0.5114 | Train Acc: 95.0% | Test Acc: 95.3% | CM: [TP:82, TN:82, FP:4, FN:4] | Progress: 76.7% | ETA: 3.7s ---
Epoch 24 Batch 1 | Loss: 0.489645 | Stats: min: -0.201, max: 0.405, mean: 0.083
Epoch 24 Batch 2 | Loss: 0.479792
Epoch 24 Batch 3 | Loss: 0.503727
Epoch 24 Batch 4 | Loss: 0.525410
Epoch 24 Batch 5 | Loss: 0.486322
Epoch 24 Batch 6 | Loss: 0.473487
Epoch 24 Batch 7 | Loss: 0.536204
Epoch 24 Batch 8 | Loss: 0.514161
Epoch 24 Batch 9 | Loss: 0.531106
Epoch 24 Batch 10 | Loss: 0.499007
Epoch 24 Batch 11 | Loss: 0.519780
Epoch 24 Batch 12 | Loss: 0.511305
Epoch 24 Batch 13 | Loss: 0.499816
--- Epoch 24/30 | Loss: 0.5054 | Train Acc: 95.0% | Test Acc: 95.9% | CM: [TP:82, TN:83, FP:3, FN:4] | Progress: 80.0% | ETA: 2.8s ---
Epoch 25 Batch 1 | Loss: 0.504218 | Stats: min: -0.273, max: 0.288, mean: -0.003
Epoch 25 Batch 2 | Loss: 0.515429
Epoch 25 Batch 3 | Loss: 0.522809
Epoch 25 Batch 4 | Loss: 0.482169
Epoch 25 Batch 5 | Loss: 0.492763
Epoch 25 Batch 6 | Loss: 0.512339
Epoch 25 Batch 7 | Loss: 0.510723
Epoch 25 Batch 8 | Loss: 0.532601
Epoch 25 Batch 9 | Loss: 0.480885
Epoch 25 Batch 10 | Loss: 0.522807
Epoch 25 Batch 11 | Loss: 0.503874
Epoch 25 Batch 12 | Loss: 0.496067
Epoch 25 Batch 13 | Loss: 0.471306
--- Epoch 25/30 | Loss: 0.5037 | Train Acc: 94.5% | Test Acc: 95.9% | CM: [TP:82, TN:83, FP:3, FN:4] | Progress: 83.3% | ETA: 1.8s ---
Epoch 26 Batch 1 | Loss: 0.493667 | Stats: min: -0.267, max: 0.345, mean: 0.008
Epoch 26 Batch 2 | Loss: 0.503467
Epoch 26 Batch 3 | Loss: 0.503298
Epoch 26 Batch 4 | Loss: 0.526134
Epoch 26 Batch 5 | Loss: 0.512399
Epoch 26 Batch 6 | Loss: 0.484344
Epoch 26 Batch 7 | Loss: 0.490603
Epoch 26 Batch 8 | Loss: 0.519565
Epoch 26 Batch 9 | Loss: 0.515351
Epoch 26 Batch 10 | Loss: 0.511654
Epoch 26 Batch 11 | Loss: 0.495952
Epoch 26 Batch 12 | Loss: 0.509265
Epoch 26 Batch 13 | Loss: 0.486257
  [STABILITY] Plateau detected. Reducing Learning Rate to 0.005000
--- Epoch 26/30 | Loss: 0.5040 | Train Acc: 95.0% | Test Acc: 95.9% | CM: [TP:82, TN:83, FP:3, FN:4] | Progress: 86.7% | ETA: 1.3s ---
Epoch 27 Batch 1 | Loss: 0.481954 | Stats: min: -0.220, max: 0.369, mean: 0.094
Epoch 27 Batch 2 | Loss: 0.510342
Epoch 27 Batch 3 | Loss: 0.526488
Epoch 27 Batch 4 | Loss: 0.491790
Epoch 27 Batch 5 | Loss: 0.501237
Epoch 27 Batch 6 | Loss: 0.506169
Epoch 27 Batch 7 | Loss: 0.491180
Epoch 27 Batch 8 | Loss: 0.491548
Epoch 27 Batch 9 | Loss: 0.506284
Epoch 27 Batch 10 | Loss: 0.484743
Epoch 27 Batch 11 | Loss: 0.507287
Epoch 27 Batch 12 | Loss: 0.525338
Epoch 27 Batch 13 | Loss: 0.523560
--- Epoch 27/30 | Loss: 0.5037 | Train Acc: 95.5% | Test Acc: 95.9% | CM: [TP:82, TN:83, FP:3, FN:4] | Progress: 90.0% | ETA: 1.2s ---
Epoch 28 Batch 1 | Loss: 0.470731 | Stats: min: -0.311, max: -0.140, mean: -0.259
Epoch 28 Batch 2 | Loss: 0.507089
Epoch 28 Batch 3 | Loss: 0.528379
Epoch 28 Batch 4 | Loss: 0.521487
Epoch 28 Batch 5 | Loss: 0.480812
Epoch 28 Batch 6 | Loss: 0.502022
Epoch 28 Batch 7 | Loss: 0.499888
Epoch 28 Batch 8 | Loss: 0.516318
Epoch 28 Batch 9 | Loss: 0.522188
Epoch 28 Batch 10 | Loss: 0.495297
Epoch 28 Batch 11 | Loss: 0.495420
Epoch 28 Batch 12 | Loss: 0.509991
Epoch 28 Batch 13 | Loss: 0.461305
--- Epoch 28/30 | Loss: 0.5008 | Train Acc: 95.0% | Test Acc: 95.9% | CM: [TP:82, TN:83, FP:3, FN:4] | Progress: 93.3% | ETA: 0.6s ---
Epoch 29 Batch 1 | Loss: 0.513564 | Stats: min: -0.224, max: 0.420, mean: 0.065
Epoch 29 Batch 2 | Loss: 0.482264
Epoch 29 Batch 3 | Loss: 0.511391
Epoch 29 Batch 4 | Loss: 0.488663
Epoch 29 Batch 5 | Loss: 0.505704
Epoch 29 Batch 6 | Loss: 0.512258
Epoch 29 Batch 7 | Loss: 0.497486
Epoch 29 Batch 8 | Loss: 0.485707
Epoch 29 Batch 9 | Loss: 0.497258
Epoch 29 Batch 10 | Loss: 0.510721
Epoch 29 Batch 11 | Loss: 0.505043
Epoch 29 Batch 12 | Loss: 0.536984
Epoch 29 Batch 13 | Loss: 0.461699
  [STABILITY] Plateau detected. Reducing Learning Rate to 0.002500
--- Epoch 29/30 | Loss: 0.5007 | Train Acc: 95.5% | Test Acc: 95.9% | CM: [TP:82, TN:83, FP:3, FN:4] | Progress: 96.7% | ETA: 0.3s ---
Epoch 30 Batch 1 | Loss: 0.496069 | Stats: min: -0.227, max: 0.480, mean: 0.039
Epoch 30 Batch 2 | Loss: 0.475029
Epoch 30 Batch 3 | Loss: 0.491207
Epoch 30 Batch 4 | Loss: 0.517808
Epoch 30 Batch 5 | Loss: 0.513541
Epoch 30 Batch 6 | Loss: 0.514308
Epoch 30 Batch 7 | Loss: 0.487663
Epoch 30 Batch 8 | Loss: 0.478959
Epoch 30 Batch 9 | Loss: 0.512811
Epoch 30 Batch 10 | Loss: 0.519977
Epoch 30 Batch 11 | Loss: 0.487851
Epoch 30 Batch 12 | Loss: 0.506913
Epoch 30 Batch 13 | Loss: 0.554510
--- Epoch 30/30 | Loss: 0.5044 | Train Acc: 95.5% | Test Acc: 95.9% | CM: [TP:82, TN:83, FP:3, FN:4] | Progress: 100.0% | ETA: 0.0s ---

Final Best Test Accuracy: 95.93%


Best Quantum Test Accuracy: 0.959
