DEBUG: Qtrainer enters train_pure_quantum_cnn. Encoding: amplitude
  Class Weights: +1 (Target): 1.00 | -1 (Rest): 1.00
Starting Training
==================================================
Epoch 1 Batch 1 | Loss: 0.672101 | Stats: min: -0.033, max: 0.157, mean: 0.035
Epoch 1 Batch 2 | Loss: 0.644688
Epoch 1 Batch 3 | Loss: 0.628222
Epoch 1 Batch 4 | Loss: 0.639563
Epoch 1 Batch 5 | Loss: 0.630121
Epoch 1 Batch 6 | Loss: 0.655868
Epoch 1 Batch 7 | Loss: 0.623159
Epoch 1 Batch 8 | Loss: 0.650923
Epoch 1 Batch 9 | Loss: 0.654259
Epoch 1 Batch 10 | Loss: 0.635441
Epoch 1 Batch 11 | Loss: 0.649376
Epoch 1 Batch 12 | Loss: 0.612121
Epoch 1 Batch 13 | Loss: 0.618876
  [STABILITY] Test accuracy improved: 0.00% -> 62.21% (via EMA). Saving best params.
--- Epoch 1/30 | Loss: 0.6396 | Train Acc: 65.5% | Test Acc: 62.2% | CM: [TP:36, TN:71, FP:15, FN:50] | Progress: 3.3% | ETA: 312.2s ---
Epoch 2 Batch 1 | Loss: 0.591060 | Stats: min: -0.214, max: 0.269, mean: 0.104
Epoch 2 Batch 2 | Loss: 0.613277
Epoch 2 Batch 3 | Loss: 0.604675
Epoch 2 Batch 4 | Loss: 0.575110
Epoch 2 Batch 5 | Loss: 0.601711
Epoch 2 Batch 6 | Loss: 0.582937
Epoch 2 Batch 7 | Loss: 0.589931
Epoch 2 Batch 8 | Loss: 0.587021
Epoch 2 Batch 9 | Loss: 0.607554
Epoch 2 Batch 10 | Loss: 0.599384
Epoch 2 Batch 11 | Loss: 0.582659
Epoch 2 Batch 12 | Loss: 0.560207
Epoch 2 Batch 13 | Loss: 0.559371
  [STABILITY] Test accuracy improved: 62.21% -> 69.77% (via EMA). Saving best params.
--- Epoch 2/30 | Loss: 0.5888 | Train Acc: 69.0% | Test Acc: 69.8% | CM: [TP:45, TN:75, FP:11, FN:41] | Progress: 6.7% | ETA: 129.5s ---
Epoch 3 Batch 1 | Loss: 0.578951 | Stats: min: -0.104, max: 0.293, mean: 0.027
Epoch 3 Batch 2 | Loss: 0.581371
Epoch 3 Batch 3 | Loss: 0.597662
Epoch 3 Batch 4 | Loss: 0.598084
Epoch 3 Batch 5 | Loss: 0.582593
Epoch 3 Batch 6 | Loss: 0.549728
Epoch 3 Batch 7 | Loss: 0.575372
Epoch 3 Batch 8 | Loss: 0.549958
Epoch 3 Batch 9 | Loss: 0.536315
Epoch 3 Batch 10 | Loss: 0.547446
Epoch 3 Batch 11 | Loss: 0.571695
Epoch 3 Batch 12 | Loss: 0.584713
Epoch 3 Batch 13 | Loss: 0.518347
  [STABILITY] Test accuracy improved: 69.77% -> 73.26% (via EMA). Saving best params.
--- Epoch 3/30 | Loss: 0.5671 | Train Acc: 74.5% | Test Acc: 73.3% | CM: [TP:49, TN:77, FP:9, FN:37] | Progress: 10.0% | ETA: 68.8s ---
Epoch 4 Batch 1 | Loss: 0.547732 | Stats: min: -0.166, max: 0.215, mean: 0.038
Epoch 4 Batch 2 | Loss: 0.539187
Epoch 4 Batch 3 | Loss: 0.571960
Epoch 4 Batch 4 | Loss: 0.538456
Epoch 4 Batch 5 | Loss: 0.552640
Epoch 4 Batch 6 | Loss: 0.583691
Epoch 4 Batch 7 | Loss: 0.536860
Epoch 4 Batch 8 | Loss: 0.561917
Epoch 4 Batch 9 | Loss: 0.542864
Epoch 4 Batch 10 | Loss: 0.558211
Epoch 4 Batch 11 | Loss: 0.581759
Epoch 4 Batch 12 | Loss: 0.572228
Epoch 4 Batch 13 | Loss: 0.563763
  [STABILITY] Test accuracy improved: 73.26% -> 77.91% (via EMA). Saving best params.
--- Epoch 4/30 | Loss: 0.5578 | Train Acc: 80.5% | Test Acc: 77.9% | CM: [TP:56, TN:78, FP:8, FN:30] | Progress: 13.3% | ETA: 64.3s ---
Epoch 5 Batch 1 | Loss: 0.559624 | Stats: min: -0.132, max: 0.368, mean: 0.093
Epoch 5 Batch 2 | Loss: 0.518691
Epoch 5 Batch 3 | Loss: 0.568118
Epoch 5 Batch 4 | Loss: 0.588162
Epoch 5 Batch 5 | Loss: 0.548425
Epoch 5 Batch 6 | Loss: 0.530550
Epoch 5 Batch 7 | Loss: 0.526101
Epoch 5 Batch 8 | Loss: 0.547765
Epoch 5 Batch 9 | Loss: 0.583142
Epoch 5 Batch 10 | Loss: 0.529690
Epoch 5 Batch 11 | Loss: 0.536057
Epoch 5 Batch 12 | Loss: 0.566331
Epoch 5 Batch 13 | Loss: 0.580735
  [STABILITY] Test accuracy improved: 77.91% -> 79.07% (via EMA). Saving best params.
--- Epoch 5/30 | Loss: 0.5526 | Train Acc: 84.0% | Test Acc: 79.1% | CM: [TP:59, TN:77, FP:9, FN:27] | Progress: 16.7% | ETA: 57.7s ---
Epoch 6 Batch 1 | Loss: 0.520026 | Stats: min: -0.065, max: 0.412, mean: 0.222
Epoch 6 Batch 2 | Loss: 0.602863
Epoch 6 Batch 3 | Loss: 0.511470
Epoch 6 Batch 4 | Loss: 0.535870
Epoch 6 Batch 5 | Loss: 0.551272
Epoch 6 Batch 6 | Loss: 0.575571
Epoch 6 Batch 7 | Loss: 0.573653
Epoch 6 Batch 8 | Loss: 0.541653
Epoch 6 Batch 9 | Loss: 0.521278
Epoch 6 Batch 10 | Loss: 0.562011
Epoch 6 Batch 11 | Loss: 0.532542
Epoch 6 Batch 12 | Loss: 0.514307
Epoch 6 Batch 13 | Loss: 0.591134
  [STABILITY] Test accuracy improved: 79.07% -> 80.23% (via EMA). Saving best params.
--- Epoch 6/30 | Loss: 0.5487 | Train Acc: 85.5% | Test Acc: 80.2% | CM: [TP:62, TN:76, FP:10, FN:24] | Progress: 20.0% | ETA: 42.6s ---
Epoch 7 Batch 1 | Loss: 0.553074 | Stats: min: -0.230, max: 0.293, mean: 0.038
Epoch 7 Batch 2 | Loss: 0.520680
Epoch 7 Batch 3 | Loss: 0.544565
Epoch 7 Batch 4 | Loss: 0.528100
Epoch 7 Batch 5 | Loss: 0.552549
Epoch 7 Batch 6 | Loss: 0.512613
Epoch 7 Batch 7 | Loss: 0.560429
Epoch 7 Batch 8 | Loss: 0.524165
Epoch 7 Batch 9 | Loss: 0.527033
Epoch 7 Batch 10 | Loss: 0.525091
Epoch 7 Batch 11 | Loss: 0.562451
Epoch 7 Batch 12 | Loss: 0.543904
Epoch 7 Batch 13 | Loss: 0.532468
  [STABILITY] Test accuracy improved: 80.23% -> 81.40% (via EMA). Saving best params.
--- Epoch 7/30 | Loss: 0.5375 | Train Acc: 88.0% | Test Acc: 81.4% | CM: [TP:65, TN:75, FP:11, FN:21] | Progress: 23.3% | ETA: 38.0s ---
Epoch 8 Batch 1 | Loss: 0.533739 | Stats: min: -0.231, max: 0.326, mean: -0.000
Epoch 8 Batch 2 | Loss: 0.506196
Epoch 8 Batch 3 | Loss: 0.550480
Epoch 8 Batch 4 | Loss: 0.541714
Epoch 8 Batch 5 | Loss: 0.558120
Epoch 8 Batch 6 | Loss: 0.506174
Epoch 8 Batch 7 | Loss: 0.573439
Epoch 8 Batch 8 | Loss: 0.531446
Epoch 8 Batch 9 | Loss: 0.495457
Epoch 8 Batch 10 | Loss: 0.495411
Epoch 8 Batch 11 | Loss: 0.546630
Epoch 8 Batch 12 | Loss: 0.522112
Epoch 8 Batch 13 | Loss: 0.550827
  [STABILITY] Test accuracy improved: 81.40% -> 83.72% (via EMA). Saving best params.
--- Epoch 8/30 | Loss: 0.5317 | Train Acc: 88.5% | Test Acc: 83.7% | CM: [TP:71, TN:73, FP:13, FN:15] | Progress: 26.7% | ETA: 30.0s ---
Epoch 9 Batch 1 | Loss: 0.524622 | Stats: min: -0.255, max: 0.475, mean: -0.024
Epoch 9 Batch 2 | Loss: 0.539769
Epoch 9 Batch 3 | Loss: 0.552321
Epoch 9 Batch 4 | Loss: 0.528183
Epoch 9 Batch 5 | Loss: 0.506840
Epoch 9 Batch 6 | Loss: 0.538144
Epoch 9 Batch 7 | Loss: 0.519748
Epoch 9 Batch 8 | Loss: 0.532538
Epoch 9 Batch 9 | Loss: 0.545674
Epoch 9 Batch 10 | Loss: 0.486894
Epoch 9 Batch 11 | Loss: 0.491756
Epoch 9 Batch 12 | Loss: 0.538079
Epoch 9 Batch 13 | Loss: 0.579982
  [STABILITY] Test accuracy improved: 83.72% -> 84.30% (via EMA). Saving best params.
--- Epoch 9/30 | Loss: 0.5296 | Train Acc: 87.5% | Test Acc: 84.3% | CM: [TP:73, TN:72, FP:14, FN:13] | Progress: 30.0% | ETA: 18.8s ---
Epoch 10 Batch 1 | Loss: 0.519585 | Stats: min: -0.201, max: 0.332, mean: 0.066
Epoch 10 Batch 2 | Loss: 0.549670
Epoch 10 Batch 3 | Loss: 0.530304
Epoch 10 Batch 4 | Loss: 0.513623
Epoch 10 Batch 5 | Loss: 0.519684
Epoch 10 Batch 6 | Loss: 0.492935
Epoch 10 Batch 7 | Loss: 0.502897
Epoch 10 Batch 8 | Loss: 0.549642
Epoch 10 Batch 9 | Loss: 0.514842
Epoch 10 Batch 10 | Loss: 0.529004
Epoch 10 Batch 11 | Loss: 0.513976
Epoch 10 Batch 12 | Loss: 0.511909
Epoch 10 Batch 13 | Loss: 0.596750
--- Epoch 10/30 | Loss: 0.5265 | Train Acc: 88.0% | Test Acc: 82.6% | CM: [TP:73, TN:69, FP:17, FN:13] | Progress: 33.3% | ETA: 14.3s ---
Epoch 11 Batch 1 | Loss: 0.487966 | Stats: min: -0.149, max: 0.354, mean: 0.166
Epoch 11 Batch 2 | Loss: 0.506784
Epoch 11 Batch 3 | Loss: 0.535548
Epoch 11 Batch 4 | Loss: 0.495323
Epoch 11 Batch 5 | Loss: 0.513006
Epoch 11 Batch 6 | Loss: 0.536376
Epoch 11 Batch 7 | Loss: 0.528693
Epoch 11 Batch 8 | Loss: 0.558207
Epoch 11 Batch 9 | Loss: 0.495784
Epoch 11 Batch 10 | Loss: 0.538658
Epoch 11 Batch 11 | Loss: 0.515719
Epoch 11 Batch 12 | Loss: 0.530130
Epoch 11 Batch 13 | Loss: 0.543245
--- Epoch 11/30 | Loss: 0.5220 | Train Acc: 88.0% | Test Acc: 82.6% | CM: [TP:75, TN:67, FP:19, FN:11] | Progress: 36.7% | ETA: 12.6s ---
Epoch 12 Batch 1 | Loss: 0.513073 | Stats: min: -0.220, max: 0.471, mean: 0.012
Epoch 12 Batch 2 | Loss: 0.549291
Epoch 12 Batch 3 | Loss: 0.535018
Epoch 12 Batch 4 | Loss: 0.500850
Epoch 12 Batch 5 | Loss: 0.511088
Epoch 12 Batch 6 | Loss: 0.506562
Epoch 12 Batch 7 | Loss: 0.541057
Epoch 12 Batch 8 | Loss: 0.534335
Epoch 12 Batch 9 | Loss: 0.519665
Epoch 12 Batch 10 | Loss: 0.523964
Epoch 12 Batch 11 | Loss: 0.505831
Epoch 12 Batch 12 | Loss: 0.468902
Epoch 12 Batch 13 | Loss: 0.524201
  [STABILITY] Plateau detected. Reducing Learning Rate to 0.010000
--- Epoch 12/30 | Loss: 0.5180 | Train Acc: 86.5% | Test Acc: 82.0% | CM: [TP:75, TN:66, FP:20, FN:11] | Progress: 40.0% | ETA: 16.8s ---
Epoch 13 Batch 1 | Loss: 0.534435 | Stats: min: -0.269, max: 0.377, mean: -0.031
Epoch 13 Batch 2 | Loss: 0.520501
Epoch 13 Batch 3 | Loss: 0.520184
Epoch 13 Batch 4 | Loss: 0.548419
Epoch 13 Batch 5 | Loss: 0.511117
Epoch 13 Batch 6 | Loss: 0.493061
Epoch 13 Batch 7 | Loss: 0.518404
Epoch 13 Batch 8 | Loss: 0.496029
Epoch 13 Batch 9 | Loss: 0.485058
Epoch 13 Batch 10 | Loss: 0.501519
Epoch 13 Batch 11 | Loss: 0.508824
Epoch 13 Batch 12 | Loss: 0.510166
Epoch 13 Batch 13 | Loss: 0.575357
--- Epoch 13/30 | Loss: 0.5172 | Train Acc: 87.0% | Test Acc: 82.6% | CM: [TP:76, TN:66, FP:20, FN:10] | Progress: 43.3% | ETA: 11.7s ---
Epoch 14 Batch 1 | Loss: 0.494928 | Stats: min: -0.296, max: 0.415, mean: 0.002
Epoch 14 Batch 2 | Loss: 0.515630
Epoch 14 Batch 3 | Loss: 0.503985
Epoch 14 Batch 4 | Loss: 0.509888
Epoch 14 Batch 5 | Loss: 0.497377
Epoch 14 Batch 6 | Loss: 0.503102
Epoch 14 Batch 7 | Loss: 0.510739
Epoch 14 Batch 8 | Loss: 0.543125
Epoch 14 Batch 9 | Loss: 0.531026
Epoch 14 Batch 10 | Loss: 0.505819
Epoch 14 Batch 11 | Loss: 0.556422
Epoch 14 Batch 12 | Loss: 0.469194
Epoch 14 Batch 13 | Loss: 0.494843
--- Epoch 14/30 | Loss: 0.5105 | Train Acc: 87.5% | Test Acc: 82.6% | CM: [TP:77, TN:65, FP:21, FN:9] | Progress: 46.7% | ETA: 8.6s ---
Epoch 15 Batch 1 | Loss: 0.516304 | Stats: min: -0.298, max: 0.385, mean: -0.065
Epoch 15 Batch 2 | Loss: 0.516667
Epoch 15 Batch 3 | Loss: 0.485354
Epoch 15 Batch 4 | Loss: 0.513599
Epoch 15 Batch 5 | Loss: 0.502634
Epoch 15 Batch 6 | Loss: 0.504603
Epoch 15 Batch 7 | Loss: 0.528163
Epoch 15 Batch 8 | Loss: 0.522975
Epoch 15 Batch 9 | Loss: 0.537077
Epoch 15 Batch 10 | Loss: 0.504911
Epoch 15 Batch 11 | Loss: 0.496030
Epoch 15 Batch 12 | Loss: 0.497933
Epoch 15 Batch 13 | Loss: 0.528022
  [STABILITY] Plateau detected. Reducing Learning Rate to 0.005000
--- Epoch 15/30 | Loss: 0.5119 | Train Acc: 87.5% | Test Acc: 82.6% | CM: [TP:77, TN:65, FP:21, FN:9] | Progress: 50.0% | ETA: 7.4s ---
Epoch 16 Batch 1 | Loss: 0.516572 | Stats: min: -0.188, max: 0.379, mean: 0.037
Epoch 16 Batch 2 | Loss: 0.538821
Epoch 16 Batch 3 | Loss: 0.498894
Epoch 16 Batch 4 | Loss: 0.505428
Epoch 16 Batch 5 | Loss: 0.493100
Epoch 16 Batch 6 | Loss: 0.518553
Epoch 16 Batch 7 | Loss: 0.516559
Epoch 16 Batch 8 | Loss: 0.484343
Epoch 16 Batch 9 | Loss: 0.495420
Epoch 16 Batch 10 | Loss: 0.499984
Epoch 16 Batch 11 | Loss: 0.511256
Epoch 16 Batch 12 | Loss: 0.522910
Epoch 16 Batch 13 | Loss: 0.539621
--- Epoch 16/30 | Loss: 0.5109 | Train Acc: 88.5% | Test Acc: 82.0% | CM: [TP:77, TN:64, FP:22, FN:9] | Progress: 53.3% | ETA: 7.5s ---
Epoch 17 Batch 1 | Loss: 0.500107 | Stats: min: -0.106, max: 0.369, mean: 0.124
Epoch 17 Batch 2 | Loss: 0.501019
Epoch 17 Batch 3 | Loss: 0.503686
Epoch 17 Batch 4 | Loss: 0.491600
Epoch 17 Batch 5 | Loss: 0.549709
Epoch 17 Batch 6 | Loss: 0.514181
Epoch 17 Batch 7 | Loss: 0.515975
Epoch 17 Batch 8 | Loss: 0.516780
Epoch 17 Batch 9 | Loss: 0.560064
Epoch 17 Batch 10 | Loss: 0.494820
Epoch 17 Batch 11 | Loss: 0.496519
Epoch 17 Batch 12 | Loss: 0.522402
Epoch 17 Batch 13 | Loss: 0.490146
--- Epoch 17/30 | Loss: 0.5121 | Train Acc: 89.0% | Test Acc: 82.0% | CM: [TP:77, TN:64, FP:22, FN:9] | Progress: 56.7% | ETA: 7.8s ---
Epoch 18 Batch 1 | Loss: 0.498904 | Stats: min: -0.112, max: 0.303, mean: 0.104
Epoch 18 Batch 2 | Loss: 0.544091
Epoch 18 Batch 3 | Loss: 0.518426
Epoch 18 Batch 4 | Loss: 0.509277
Epoch 18 Batch 5 | Loss: 0.524719
Epoch 18 Batch 6 | Loss: 0.527101
Epoch 18 Batch 7 | Loss: 0.504021
Epoch 18 Batch 8 | Loss: 0.498309
Epoch 18 Batch 9 | Loss: 0.518179
Epoch 18 Batch 10 | Loss: 0.499028
Epoch 18 Batch 11 | Loss: 0.471563
Epoch 18 Batch 12 | Loss: 0.487716
Epoch 18 Batch 13 | Loss: 0.520174
  [STABILITY] Plateau detected. Reducing Learning Rate to 0.002500
--- Epoch 18/30 | Loss: 0.5093 | Train Acc: 89.5% | Test Acc: 82.0% | CM: [TP:77, TN:64, FP:22, FN:9] | Progress: 60.0% | ETA: 9.4s ---
Epoch 19 Batch 1 | Loss: 0.502624 | Stats: min: -0.261, max: 0.346, mean: -0.009
Epoch 19 Batch 2 | Loss: 0.476145
Epoch 19 Batch 3 | Loss: 0.536969
Epoch 19 Batch 4 | Loss: 0.496890
Epoch 19 Batch 5 | Loss: 0.481940
Epoch 19 Batch 6 | Loss: 0.477349
Epoch 19 Batch 7 | Loss: 0.504730
Epoch 19 Batch 8 | Loss: 0.536433
Epoch 19 Batch 9 | Loss: 0.524957
Epoch 19 Batch 10 | Loss: 0.518622
Epoch 19 Batch 11 | Loss: 0.518667
Epoch 19 Batch 12 | Loss: 0.521851
Epoch 19 Batch 13 | Loss: 0.470988
--- Epoch 19/30 | Loss: 0.5052 | Train Acc: 89.5% | Test Acc: 82.6% | CM: [TP:77, TN:65, FP:21, FN:9] | Progress: 63.3% | ETA: 8.1s ---
Epoch 20 Batch 1 | Loss: 0.505931 | Stats: min: -0.328, max: 0.384, mean: -0.085
Epoch 20 Batch 2 | Loss: 0.510543
Epoch 20 Batch 3 | Loss: 0.498910
Epoch 20 Batch 4 | Loss: 0.504570
Epoch 20 Batch 5 | Loss: 0.542953
Epoch 20 Batch 6 | Loss: 0.487889
Epoch 20 Batch 7 | Loss: 0.479108
Epoch 20 Batch 8 | Loss: 0.520249
Epoch 20 Batch 9 | Loss: 0.514348
Epoch 20 Batch 10 | Loss: 0.507761
Epoch 20 Batch 11 | Loss: 0.521553
Epoch 20 Batch 12 | Loss: 0.482510
Epoch 20 Batch 13 | Loss: 0.523969
--- Epoch 20/30 | Loss: 0.5077 | Train Acc: 89.0% | Test Acc: 83.1% | CM: [TP:77, TN:66, FP:20, FN:9] | Progress: 66.7% | ETA: 4.5s ---
Epoch 21 Batch 1 | Loss: 0.483666 | Stats: min: -0.321, max: 0.385, mean: -0.080
Epoch 21 Batch 2 | Loss: 0.505258
Epoch 21 Batch 3 | Loss: 0.536826
Epoch 21 Batch 4 | Loss: 0.493739
Epoch 21 Batch 5 | Loss: 0.539845
Epoch 21 Batch 6 | Loss: 0.489649
Epoch 21 Batch 7 | Loss: 0.533672
Epoch 21 Batch 8 | Loss: 0.510664
Epoch 21 Batch 9 | Loss: 0.515376
Epoch 21 Batch 10 | Loss: 0.491892
Epoch 21 Batch 11 | Loss: 0.499999
Epoch 21 Batch 12 | Loss: 0.500287
Epoch 21 Batch 13 | Loss: 0.458915
  [STABILITY] Plateau detected. Reducing Learning Rate to 0.001250
--- Epoch 21/30 | Loss: 0.5046 | Train Acc: 89.0% | Test Acc: 83.1% | CM: [TP:77, TN:66, FP:20, FN:9] | Progress: 70.0% | ETA: 4.1s ---
Epoch 22 Batch 1 | Loss: 0.499502 | Stats: min: -0.291, max: 0.499, mean: -0.036
Epoch 22 Batch 2 | Loss: 0.533439
Epoch 22 Batch 3 | Loss: 0.508834
Epoch 22 Batch 4 | Loss: 0.488197
Epoch 22 Batch 5 | Loss: 0.481706
Epoch 22 Batch 6 | Loss: 0.508085
Epoch 22 Batch 7 | Loss: 0.489779
Epoch 22 Batch 8 | Loss: 0.514219
Epoch 22 Batch 9 | Loss: 0.507125
Epoch 22 Batch 10 | Loss: 0.524238
Epoch 22 Batch 11 | Loss: 0.506740
Epoch 22 Batch 12 | Loss: 0.499684
Epoch 22 Batch 13 | Loss: 0.529138
--- Epoch 22/30 | Loss: 0.5070 | Train Acc: 89.0% | Test Acc: 83.1% | CM: [TP:77, TN:66, FP:20, FN:9] | Progress: 73.3% | ETA: 2.7s ---
Epoch 23 Batch 1 | Loss: 0.518907 | Stats: min: -0.062, max: 0.455, mean: 0.135
Epoch 23 Batch 2 | Loss: 0.480336
Epoch 23 Batch 3 | Loss: 0.519514
Epoch 23 Batch 4 | Loss: 0.486890
Epoch 23 Batch 5 | Loss: 0.487518
Epoch 23 Batch 6 | Loss: 0.502466
Epoch 23 Batch 7 | Loss: 0.532079
Epoch 23 Batch 8 | Loss: 0.495337
Epoch 23 Batch 9 | Loss: 0.514171
Epoch 23 Batch 10 | Loss: 0.469747
Epoch 23 Batch 11 | Loss: 0.540395
Epoch 23 Batch 12 | Loss: 0.521980
Epoch 23 Batch 13 | Loss: 0.507695
--- Epoch 23/30 | Loss: 0.5059 | Train Acc: 89.0% | Test Acc: 83.7% | CM: [TP:78, TN:66, FP:20, FN:8] | Progress: 76.7% | ETA: 3.6s ---
Epoch 24 Batch 1 | Loss: 0.493540 | Stats: min: -0.316, max: 0.485, mean: 0.031
Epoch 24 Batch 2 | Loss: 0.536391
Epoch 24 Batch 3 | Loss: 0.485604
Epoch 24 Batch 4 | Loss: 0.542068
Epoch 24 Batch 5 | Loss: 0.493761
Epoch 24 Batch 6 | Loss: 0.543985
Epoch 24 Batch 7 | Loss: 0.519327
Epoch 24 Batch 8 | Loss: 0.500867
Epoch 24 Batch 9 | Loss: 0.480929
Epoch 24 Batch 10 | Loss: 0.496678
Epoch 24 Batch 11 | Loss: 0.522024
Epoch 24 Batch 12 | Loss: 0.484276
Epoch 24 Batch 13 | Loss: 0.448192
  [STABILITY] Plateau detected. Reducing Learning Rate to 0.000625
--- Epoch 24/30 | Loss: 0.5037 | Train Acc: 89.0% | Test Acc: 84.3% | CM: [TP:78, TN:67, FP:19, FN:8] | Progress: 80.0% | ETA: 2.0s ---
Epoch 25 Batch 1 | Loss: 0.496620 | Stats: min: -0.300, max: 0.460, mean: 0.060
Epoch 25 Batch 2 | Loss: 0.558637
Epoch 25 Batch 3 | Loss: 0.497023
Epoch 25 Batch 4 | Loss: 0.466028
Epoch 25 Batch 5 | Loss: 0.513689
Epoch 25 Batch 6 | Loss: 0.526137
Epoch 25 Batch 7 | Loss: 0.472100
Epoch 25 Batch 8 | Loss: 0.513717
Epoch 25 Batch 9 | Loss: 0.480582
Epoch 25 Batch 10 | Loss: 0.509313
Epoch 25 Batch 11 | Loss: 0.499460
Epoch 25 Batch 12 | Loss: 0.515260
Epoch 25 Batch 13 | Loss: 0.547727
--- Epoch 25/30 | Loss: 0.5074 | Train Acc: 89.0% | Test Acc: 84.3% | CM: [TP:78, TN:67, FP:19, FN:8] | Progress: 83.3% | ETA: 1.7s ---
Epoch 26 Batch 1 | Loss: 0.468818 | Stats: min: -0.333, max: 0.469, mean: 0.239
Epoch 26 Batch 2 | Loss: 0.508933
Epoch 26 Batch 3 | Loss: 0.503730
Epoch 26 Batch 4 | Loss: 0.471406
Epoch 26 Batch 5 | Loss: 0.547912
Epoch 26 Batch 6 | Loss: 0.515743
Epoch 26 Batch 7 | Loss: 0.517811
Epoch 26 Batch 8 | Loss: 0.502870
Epoch 26 Batch 9 | Loss: 0.536166
Epoch 26 Batch 10 | Loss: 0.486448
Epoch 26 Batch 11 | Loss: 0.481006
Epoch 26 Batch 12 | Loss: 0.511418
Epoch 26 Batch 13 | Loss: 0.537318
--- Epoch 26/30 | Loss: 0.5069 | Train Acc: 89.0% | Test Acc: 84.3% | CM: [TP:78, TN:67, FP:19, FN:8] | Progress: 86.7% | ETA: 1.4s ---
Epoch 27 Batch 1 | Loss: 0.522855 | Stats: min: -0.389, max: 0.361, mean: 0.050
Epoch 27 Batch 2 | Loss: 0.474778
Epoch 27 Batch 3 | Loss: 0.530312
Epoch 27 Batch 4 | Loss: 0.483842
Epoch 27 Batch 5 | Loss: 0.528282
Epoch 27 Batch 6 | Loss: 0.515979
Epoch 27 Batch 7 | Loss: 0.525596
Epoch 27 Batch 8 | Loss: 0.500367
Epoch 27 Batch 9 | Loss: 0.500583
Epoch 27 Batch 10 | Loss: 0.514036
Epoch 27 Batch 11 | Loss: 0.479884
Epoch 27 Batch 12 | Loss: 0.492281
Epoch 27 Batch 13 | Loss: 0.500432
  [STABILITY] Plateau detected. Reducing Learning Rate to 0.000313
--- Epoch 27/30 | Loss: 0.5053 | Train Acc: 89.0% | Test Acc: 84.3% | CM: [TP:78, TN:67, FP:19, FN:8] | Progress: 90.0% | ETA: 1.1s ---
Epoch 28 Batch 1 | Loss: 0.496319 | Stats: min: -0.294, max: 0.381, mean: 0.135
Epoch 28 Batch 2 | Loss: 0.495731
Epoch 28 Batch 3 | Loss: 0.518742
Epoch 28 Batch 4 | Loss: 0.499393
Epoch 28 Batch 5 | Loss: 0.469303
Epoch 28 Batch 6 | Loss: 0.531680
Epoch 28 Batch 7 | Loss: 0.544541
Epoch 28 Batch 8 | Loss: 0.501500
Epoch 28 Batch 9 | Loss: 0.479591
Epoch 28 Batch 10 | Loss: 0.509152
Epoch 28 Batch 11 | Loss: 0.488654
Epoch 28 Batch 12 | Loss: 0.522296
Epoch 28 Batch 13 | Loss: 0.524824
--- Epoch 28/30 | Loss: 0.5063 | Train Acc: 89.0% | Test Acc: 84.3% | CM: [TP:78, TN:67, FP:19, FN:8] | Progress: 93.3% | ETA: 0.9s ---
Epoch 29 Batch 1 | Loss: 0.482162 | Stats: min: -0.317, max: 0.347, mean: -0.064
Epoch 29 Batch 2 | Loss: 0.515573
Epoch 29 Batch 3 | Loss: 0.506301
Epoch 29 Batch 4 | Loss: 0.509623
Epoch 29 Batch 5 | Loss: 0.526028
Epoch 29 Batch 6 | Loss: 0.497196
Epoch 29 Batch 7 | Loss: 0.473599
Epoch 29 Batch 8 | Loss: 0.501879
Epoch 29 Batch 9 | Loss: 0.512959
Epoch 29 Batch 10 | Loss: 0.519161
Epoch 29 Batch 11 | Loss: 0.513264
Epoch 29 Batch 12 | Loss: 0.495681
Epoch 29 Batch 13 | Loss: 0.531362
--- Epoch 29/30 | Loss: 0.5065 | Train Acc: 89.0% | Test Acc: 84.3% | CM: [TP:78, TN:67, FP:19, FN:8] | Progress: 96.7% | ETA: 0.4s ---
Epoch 30 Batch 1 | Loss: 0.500524 | Stats: min: 0.018, max: 0.450, mean: 0.314
Epoch 30 Batch 2 | Loss: 0.484878
Epoch 30 Batch 3 | Loss: 0.507540
Epoch 30 Batch 4 | Loss: 0.514455
Epoch 30 Batch 5 | Loss: 0.497213
Epoch 30 Batch 6 | Loss: 0.530897
Epoch 30 Batch 7 | Loss: 0.499218
Epoch 30 Batch 8 | Loss: 0.459852
Epoch 30 Batch 9 | Loss: 0.515792
Epoch 30 Batch 10 | Loss: 0.543806
Epoch 30 Batch 11 | Loss: 0.484850
Epoch 30 Batch 12 | Loss: 0.485354
Epoch 30 Batch 13 | Loss: 0.592394
  [STABILITY] Plateau detected. Reducing Learning Rate to 0.000156
--- Epoch 30/30 | Loss: 0.5090 | Train Acc: 89.0% | Test Acc: 84.3% | CM: [TP:78, TN:67, FP:19, FN:8] | Progress: 100.0% | ETA: 0.0s ---

Final Best Test Accuracy: 84.30%


Best Quantum Test Accuracy: 0.843
