DEBUG: Qtrainer enters train_pure_quantum_cnn. Encoding: amplitude
  Class Weights: +1 (Target): 1.00 | -1 (Rest): 1.00
Starting Training
==================================================
Epoch 1 Batch 1 | Loss: 0.711508 | Stats: min: -0.139, max: -0.035, mean: -0.085
Epoch 1 Batch 2 | Loss: 0.662617
Epoch 1 Batch 3 | Loss: 0.641696
Epoch 1 Batch 4 | Loss: 0.652073
Epoch 1 Batch 5 | Loss: 0.637176
Epoch 1 Batch 6 | Loss: 0.640306
Epoch 1 Batch 7 | Loss: 0.640142
Epoch 1 Batch 8 | Loss: 0.637622
Epoch 1 Batch 9 | Loss: 0.626590
Epoch 1 Batch 10 | Loss: 0.635431
Epoch 1 Batch 11 | Loss: 0.615553
Epoch 1 Batch 12 | Loss: 0.654890
Epoch 1 Batch 13 | Loss: 0.628407
  [STABILITY] Test accuracy improved: 0.00% -> 53.49% (via EMA). Saving best params.
--- Epoch 1/30 | Loss: 0.6449 | Train Acc: 51.5% | Test Acc: 53.5% | CM: [TP:6, TN:86, FP:0, FN:80] | Progress: 3.3% | ETA: 202.0s ---
Epoch 2 Batch 1 | Loss: 0.601975 | Stats: min: -0.109, max: 0.152, mean: -0.049
Epoch 2 Batch 2 | Loss: 0.612012
Epoch 2 Batch 3 | Loss: 0.621092
Epoch 2 Batch 4 | Loss: 0.601249
Epoch 2 Batch 5 | Loss: 0.594997
Epoch 2 Batch 6 | Loss: 0.620251
Epoch 2 Batch 7 | Loss: 0.597355
Epoch 2 Batch 8 | Loss: 0.597969
Epoch 2 Batch 9 | Loss: 0.602644
Epoch 2 Batch 10 | Loss: 0.620283
Epoch 2 Batch 11 | Loss: 0.617201
Epoch 2 Batch 12 | Loss: 0.582022
Epoch 2 Batch 13 | Loss: 0.628840
  [STABILITY] Test accuracy improved: 53.49% -> 55.23% (via EMA). Saving best params.
--- Epoch 2/30 | Loss: 0.6075 | Train Acc: 52.5% | Test Acc: 55.2% | CM: [TP:9, TN:86, FP:0, FN:77] | Progress: 6.7% | ETA: 116.4s ---
Epoch 3 Batch 1 | Loss: 0.584221 | Stats: min: -0.159, max: 0.234, mean: 0.002
Epoch 3 Batch 2 | Loss: 0.598419
Epoch 3 Batch 3 | Loss: 0.581457
Epoch 3 Batch 4 | Loss: 0.584490
Epoch 3 Batch 5 | Loss: 0.608663
Epoch 3 Batch 6 | Loss: 0.608672
Epoch 3 Batch 7 | Loss: 0.581156
Epoch 3 Batch 8 | Loss: 0.576142
Epoch 3 Batch 9 | Loss: 0.619536
Epoch 3 Batch 10 | Loss: 0.573027
Epoch 3 Batch 11 | Loss: 0.610513
Epoch 3 Batch 12 | Loss: 0.608211
Epoch 3 Batch 13 | Loss: 0.594886
  [STABILITY] Test accuracy improved: 55.23% -> 56.40% (via EMA). Saving best params.
--- Epoch 3/30 | Loss: 0.5946 | Train Acc: 57.0% | Test Acc: 56.4% | CM: [TP:11, TN:86, FP:0, FN:75] | Progress: 10.0% | ETA: 62.8s ---
Epoch 4 Batch 1 | Loss: 0.594499 | Stats: min: -0.152, max: 0.217, mean: 0.052
Epoch 4 Batch 2 | Loss: 0.600068
Epoch 4 Batch 3 | Loss: 0.577217
Epoch 4 Batch 4 | Loss: 0.581538
Epoch 4 Batch 5 | Loss: 0.573509
Epoch 4 Batch 6 | Loss: 0.565665
Epoch 4 Batch 7 | Loss: 0.570680
Epoch 4 Batch 8 | Loss: 0.599703
Epoch 4 Batch 9 | Loss: 0.584102
Epoch 4 Batch 10 | Loss: 0.559318
Epoch 4 Batch 11 | Loss: 0.582352
Epoch 4 Batch 12 | Loss: 0.592711
Epoch 4 Batch 13 | Loss: 0.602045
  [STABILITY] Test accuracy improved: 56.40% -> 61.05% (via EMA). Saving best params.
--- Epoch 4/30 | Loss: 0.5833 | Train Acc: 60.5% | Test Acc: 61.0% | CM: [TP:19, TN:86, FP:0, FN:67] | Progress: 13.3% | ETA: 64.9s ---
Epoch 5 Batch 1 | Loss: 0.561529 | Stats: min: -0.259, max: 0.220, mean: -0.038
Epoch 5 Batch 2 | Loss: 0.590198
Epoch 5 Batch 3 | Loss: 0.553085
Epoch 5 Batch 4 | Loss: 0.568612
Epoch 5 Batch 5 | Loss: 0.543758
Epoch 5 Batch 6 | Loss: 0.562596
Epoch 5 Batch 7 | Loss: 0.598409
Epoch 5 Batch 8 | Loss: 0.556116
Epoch 5 Batch 9 | Loss: 0.559873
Epoch 5 Batch 10 | Loss: 0.571513
Epoch 5 Batch 11 | Loss: 0.613937
Epoch 5 Batch 12 | Loss: 0.581190
Epoch 5 Batch 13 | Loss: 0.609531
  [STABILITY] Test accuracy improved: 61.05% -> 67.44% (via EMA). Saving best params.
--- Epoch 5/30 | Loss: 0.5746 | Train Acc: 66.0% | Test Acc: 67.4% | CM: [TP:30, TN:86, FP:0, FN:56] | Progress: 16.7% | ETA: 67.2s ---
Epoch 6 Batch 1 | Loss: 0.552985 | Stats: min: -0.337, max: 0.065, mean: -0.148
Epoch 6 Batch 2 | Loss: 0.559345
Epoch 6 Batch 3 | Loss: 0.572538
Epoch 6 Batch 4 | Loss: 0.528637
Epoch 6 Batch 5 | Loss: 0.543225
Epoch 6 Batch 6 | Loss: 0.578657
Epoch 6 Batch 7 | Loss: 0.551761
Epoch 6 Batch 8 | Loss: 0.565512
Epoch 6 Batch 9 | Loss: 0.558307
Epoch 6 Batch 10 | Loss: 0.549899
Epoch 6 Batch 11 | Loss: 0.598263
Epoch 6 Batch 12 | Loss: 0.600105
Epoch 6 Batch 13 | Loss: 0.588788
  [STABILITY] Test accuracy improved: 67.44% -> 75.58% (via EMA). Saving best params.
--- Epoch 6/30 | Loss: 0.5652 | Train Acc: 74.5% | Test Acc: 75.6% | CM: [TP:45, TN:85, FP:1, FN:41] | Progress: 20.0% | ETA: 55.3s ---
Epoch 7 Batch 1 | Loss: 0.563158 | Stats: min: -0.166, max: 0.280, mean: 0.054
Epoch 7 Batch 2 | Loss: 0.559849
Epoch 7 Batch 3 | Loss: 0.558097
Epoch 7 Batch 4 | Loss: 0.583560
Epoch 7 Batch 5 | Loss: 0.586421
Epoch 7 Batch 6 | Loss: 0.546573
Epoch 7 Batch 7 | Loss: 0.572429
Epoch 7 Batch 8 | Loss: 0.539569
Epoch 7 Batch 9 | Loss: 0.563921
Epoch 7 Batch 10 | Loss: 0.547429
Epoch 7 Batch 11 | Loss: 0.549027
Epoch 7 Batch 12 | Loss: 0.532147
Epoch 7 Batch 13 | Loss: 0.536284
  [STABILITY] Test accuracy improved: 75.58% -> 80.81% (via EMA). Saving best params.
--- Epoch 7/30 | Loss: 0.5568 | Train Acc: 76.5% | Test Acc: 80.8% | CM: [TP:55, TN:84, FP:2, FN:31] | Progress: 23.3% | ETA: 44.8s ---
Epoch 8 Batch 1 | Loss: 0.576489 | Stats: min: -0.264, max: 0.268, mean: 0.041
Epoch 8 Batch 2 | Loss: 0.539411
Epoch 8 Batch 3 | Loss: 0.555661
Epoch 8 Batch 4 | Loss: 0.550334
Epoch 8 Batch 5 | Loss: 0.562371
Epoch 8 Batch 6 | Loss: 0.535795
Epoch 8 Batch 7 | Loss: 0.530860
Epoch 8 Batch 8 | Loss: 0.558556
Epoch 8 Batch 9 | Loss: 0.546696
Epoch 8 Batch 10 | Loss: 0.564352
Epoch 8 Batch 11 | Loss: 0.546669
Epoch 8 Batch 12 | Loss: 0.596379
Epoch 8 Batch 13 | Loss: 0.533611
  [STABILITY] Test accuracy improved: 80.81% -> 83.14% (via EMA). Saving best params.
--- Epoch 8/30 | Loss: 0.5536 | Train Acc: 80.0% | Test Acc: 83.1% | CM: [TP:59, TN:84, FP:2, FN:27] | Progress: 26.7% | ETA: 37.8s ---
Epoch 9 Batch 1 | Loss: 0.574029 | Stats: min: -0.036, max: 0.241, mean: 0.111
Epoch 9 Batch 2 | Loss: 0.541154
Epoch 9 Batch 3 | Loss: 0.559459
Epoch 9 Batch 4 | Loss: 0.544766
Epoch 9 Batch 5 | Loss: 0.560753
Epoch 9 Batch 6 | Loss: 0.507947
Epoch 9 Batch 7 | Loss: 0.556446
Epoch 9 Batch 8 | Loss: 0.524433
Epoch 9 Batch 9 | Loss: 0.548580
Epoch 9 Batch 10 | Loss: 0.575858
Epoch 9 Batch 11 | Loss: 0.539274
Epoch 9 Batch 12 | Loss: 0.547942
Epoch 9 Batch 13 | Loss: 0.583601
  [STABILITY] Test accuracy improved: 83.14% -> 84.88% (via EMA). Saving best params.
--- Epoch 9/30 | Loss: 0.5511 | Train Acc: 83.5% | Test Acc: 84.9% | CM: [TP:62, TN:84, FP:2, FN:24] | Progress: 30.0% | ETA: 25.4s ---
Epoch 10 Batch 1 | Loss: 0.536637 | Stats: min: -0.013, max: 0.271, mean: 0.179
Epoch 10 Batch 2 | Loss: 0.547977
Epoch 10 Batch 3 | Loss: 0.557592
Epoch 10 Batch 4 | Loss: 0.514460
Epoch 10 Batch 5 | Loss: 0.553175
Epoch 10 Batch 6 | Loss: 0.539298
Epoch 10 Batch 7 | Loss: 0.597180
Epoch 10 Batch 8 | Loss: 0.534531
Epoch 10 Batch 9 | Loss: 0.559821
Epoch 10 Batch 10 | Loss: 0.556043
Epoch 10 Batch 11 | Loss: 0.554577
Epoch 10 Batch 12 | Loss: 0.540638
Epoch 10 Batch 13 | Loss: 0.554587
  [STABILITY] Test accuracy improved: 84.88% -> 86.63% (via EMA). Saving best params.
--- Epoch 10/30 | Loss: 0.5497 | Train Acc: 85.5% | Test Acc: 86.6% | CM: [TP:65, TN:84, FP:2, FN:21] | Progress: 33.3% | ETA: 13.8s ---
Epoch 11 Batch 1 | Loss: 0.546447 | Stats: min: -0.073, max: 0.197, mean: 0.066
Epoch 11 Batch 2 | Loss: 0.516606
Epoch 11 Batch 3 | Loss: 0.545214
Epoch 11 Batch 4 | Loss: 0.552643
Epoch 11 Batch 5 | Loss: 0.607618
Epoch 11 Batch 6 | Loss: 0.533967
Epoch 11 Batch 7 | Loss: 0.585269
Epoch 11 Batch 8 | Loss: 0.560497
Epoch 11 Batch 9 | Loss: 0.549445
Epoch 11 Batch 10 | Loss: 0.531312
Epoch 11 Batch 11 | Loss: 0.562286
Epoch 11 Batch 12 | Loss: 0.539896
Epoch 11 Batch 13 | Loss: 0.532277
--- Epoch 11/30 | Loss: 0.5510 | Train Acc: 86.0% | Test Acc: 86.6% | CM: [TP:65, TN:84, FP:2, FN:21] | Progress: 36.7% | ETA: 12.0s ---
Epoch 12 Batch 1 | Loss: 0.555266 | Stats: min: -0.204, max: 0.327, mean: 0.051
Epoch 12 Batch 2 | Loss: 0.569585
Epoch 12 Batch 3 | Loss: 0.524099
Epoch 12 Batch 4 | Loss: 0.540823
Epoch 12 Batch 5 | Loss: 0.544811
Epoch 12 Batch 6 | Loss: 0.555139
Epoch 12 Batch 7 | Loss: 0.529467
Epoch 12 Batch 8 | Loss: 0.521866
Epoch 12 Batch 9 | Loss: 0.556140
Epoch 12 Batch 10 | Loss: 0.574273
Epoch 12 Batch 11 | Loss: 0.535539
Epoch 12 Batch 12 | Loss: 0.543071
Epoch 12 Batch 13 | Loss: 0.523528
--- Epoch 12/30 | Loss: 0.5441 | Train Acc: 88.0% | Test Acc: 86.6% | CM: [TP:66, TN:83, FP:3, FN:20] | Progress: 40.0% | ETA: 13.1s ---
Epoch 13 Batch 1 | Loss: 0.527106 | Stats: min: -0.287, max: 0.325, mean: 0.051
Epoch 13 Batch 2 | Loss: 0.559513
Epoch 13 Batch 3 | Loss: 0.541064
Epoch 13 Batch 4 | Loss: 0.548671
Epoch 13 Batch 5 | Loss: 0.515695
Epoch 13 Batch 6 | Loss: 0.547731
Epoch 13 Batch 7 | Loss: 0.546385
Epoch 13 Batch 8 | Loss: 0.541107
Epoch 13 Batch 9 | Loss: 0.519952
Epoch 13 Batch 10 | Loss: 0.566220
Epoch 13 Batch 11 | Loss: 0.534357
Epoch 13 Batch 12 | Loss: 0.542025
Epoch 13 Batch 13 | Loss: 0.607498
  [STABILITY] Test accuracy improved: 86.63% -> 88.37% (via EMA). Saving best params.
--- Epoch 13/30 | Loss: 0.5459 | Train Acc: 89.5% | Test Acc: 88.4% | CM: [TP:70, TN:82, FP:4, FN:16] | Progress: 43.3% | ETA: 12.1s ---
Epoch 14 Batch 1 | Loss: 0.544865 | Stats: min: -0.232, max: 0.235, mean: -0.015
Epoch 14 Batch 2 | Loss: 0.562686
Epoch 14 Batch 3 | Loss: 0.547038
Epoch 14 Batch 4 | Loss: 0.547421
Epoch 14 Batch 5 | Loss: 0.546832
Epoch 14 Batch 6 | Loss: 0.555817
Epoch 14 Batch 7 | Loss: 0.537553
Epoch 14 Batch 8 | Loss: 0.567795
Epoch 14 Batch 9 | Loss: 0.518229
Epoch 14 Batch 10 | Loss: 0.543315
Epoch 14 Batch 11 | Loss: 0.564130
Epoch 14 Batch 12 | Loss: 0.508779
Epoch 14 Batch 13 | Loss: 0.531444
  [STABILITY] Test accuracy improved: 88.37% -> 90.12% (via EMA). Saving best params.
--- Epoch 14/30 | Loss: 0.5443 | Train Acc: 91.0% | Test Acc: 90.1% | CM: [TP:73, TN:82, FP:4, FN:13] | Progress: 46.7% | ETA: 10.2s ---
Epoch 15 Batch 1 | Loss: 0.515146 | Stats: min: -0.340, max: 0.294, mean: 0.056
Epoch 15 Batch 2 | Loss: 0.553271
Epoch 15 Batch 3 | Loss: 0.513955
Epoch 15 Batch 4 | Loss: 0.533929
Epoch 15 Batch 5 | Loss: 0.554895
Epoch 15 Batch 6 | Loss: 0.591529
Epoch 15 Batch 7 | Loss: 0.545508
Epoch 15 Batch 8 | Loss: 0.528960
Epoch 15 Batch 9 | Loss: 0.532446
Epoch 15 Batch 10 | Loss: 0.536307
Epoch 15 Batch 11 | Loss: 0.547802
Epoch 15 Batch 12 | Loss: 0.517865
Epoch 15 Batch 13 | Loss: 0.570229
  [STABILITY] Test accuracy improved: 90.12% -> 90.70% (via EMA). Saving best params.
--- Epoch 15/30 | Loss: 0.5417 | Train Acc: 93.5% | Test Acc: 90.7% | CM: [TP:74, TN:82, FP:4, FN:12] | Progress: 50.0% | ETA: 7.1s ---
Epoch 16 Batch 1 | Loss: 0.557497 | Stats: min: 0.015, max: 0.198, mean: 0.076
Epoch 16 Batch 2 | Loss: 0.531027
Epoch 16 Batch 3 | Loss: 0.536486
Epoch 16 Batch 4 | Loss: 0.516768
Epoch 16 Batch 5 | Loss: 0.551355
Epoch 16 Batch 6 | Loss: 0.537138
Epoch 16 Batch 7 | Loss: 0.528709
Epoch 16 Batch 8 | Loss: 0.520970
Epoch 16 Batch 9 | Loss: 0.548256
Epoch 16 Batch 10 | Loss: 0.531836
Epoch 16 Batch 11 | Loss: 0.559202
Epoch 16 Batch 12 | Loss: 0.543667
Epoch 16 Batch 13 | Loss: 0.619917
--- Epoch 16/30 | Loss: 0.5448 | Train Acc: 94.0% | Test Acc: 90.7% | CM: [TP:74, TN:82, FP:4, FN:12] | Progress: 53.3% | ETA: 7.4s ---
Epoch 17 Batch 1 | Loss: 0.528940 | Stats: min: -0.182, max: 0.276, mean: 0.025
Epoch 17 Batch 2 | Loss: 0.560418
Epoch 17 Batch 3 | Loss: 0.549419
Epoch 17 Batch 4 | Loss: 0.559985
Epoch 17 Batch 5 | Loss: 0.540744
Epoch 17 Batch 6 | Loss: 0.568174
Epoch 17 Batch 7 | Loss: 0.509777
Epoch 17 Batch 8 | Loss: 0.511000
Epoch 17 Batch 9 | Loss: 0.538643
Epoch 17 Batch 10 | Loss: 0.581241
Epoch 17 Batch 11 | Loss: 0.521556
Epoch 17 Batch 12 | Loss: 0.520983
Epoch 17 Batch 13 | Loss: 0.522874
  [STABILITY] Test accuracy improved: 90.70% -> 91.86% (via EMA). Saving best params.
--- Epoch 17/30 | Loss: 0.5395 | Train Acc: 93.5% | Test Acc: 91.9% | CM: [TP:77, TN:81, FP:5, FN:9] | Progress: 56.7% | ETA: 7.3s ---
Epoch 18 Batch 1 | Loss: 0.551062 | Stats: min: -0.331, max: 0.122, mean: -0.064
Epoch 18 Batch 2 | Loss: 0.515727
Epoch 18 Batch 3 | Loss: 0.517345
Epoch 18 Batch 4 | Loss: 0.541448
Epoch 18 Batch 5 | Loss: 0.548668
Epoch 18 Batch 6 | Loss: 0.519675
Epoch 18 Batch 7 | Loss: 0.570802
Epoch 18 Batch 8 | Loss: 0.551885
Epoch 18 Batch 9 | Loss: 0.494964
Epoch 18 Batch 10 | Loss: 0.534082
Epoch 18 Batch 11 | Loss: 0.591967
Epoch 18 Batch 12 | Loss: 0.546347
Epoch 18 Batch 13 | Loss: 0.512171
  [STABILITY] Test accuracy improved: 91.86% -> 94.19% (via EMA). Saving best params.
--- Epoch 18/30 | Loss: 0.5382 | Train Acc: 93.5% | Test Acc: 94.2% | CM: [TP:81, TN:81, FP:5, FN:5] | Progress: 60.0% | ETA: 4.9s ---
Epoch 19 Batch 1 | Loss: 0.528623 | Stats: min: -0.251, max: 0.199, mean: -0.058
Epoch 19 Batch 2 | Loss: 0.528456
Epoch 19 Batch 3 | Loss: 0.552912
Epoch 19 Batch 4 | Loss: 0.539845
Epoch 19 Batch 5 | Loss: 0.559095
Epoch 19 Batch 6 | Loss: 0.521419
Epoch 19 Batch 7 | Loss: 0.535825
Epoch 19 Batch 8 | Loss: 0.535964
Epoch 19 Batch 9 | Loss: 0.548103
Epoch 19 Batch 10 | Loss: 0.518153
Epoch 19 Batch 11 | Loss: 0.556647
Epoch 19 Batch 12 | Loss: 0.512139
Epoch 19 Batch 13 | Loss: 0.539842
--- Epoch 19/30 | Loss: 0.5367 | Train Acc: 93.0% | Test Acc: 93.6% | CM: [TP:81, TN:80, FP:6, FN:5] | Progress: 63.3% | ETA: 4.0s ---
Epoch 20 Batch 1 | Loss: 0.521387 | Stats: min: -0.206, max: 0.320, mean: 0.124
Epoch 20 Batch 2 | Loss: 0.523292
Epoch 20 Batch 3 | Loss: 0.531381
Epoch 20 Batch 4 | Loss: 0.548443
Epoch 20 Batch 5 | Loss: 0.546309
Epoch 20 Batch 6 | Loss: 0.540279
Epoch 20 Batch 7 | Loss: 0.549897
Epoch 20 Batch 8 | Loss: 0.524213
Epoch 20 Batch 9 | Loss: 0.525964
Epoch 20 Batch 10 | Loss: 0.529923
Epoch 20 Batch 11 | Loss: 0.552999
Epoch 20 Batch 12 | Loss: 0.550651
Epoch 20 Batch 13 | Loss: 0.543713
--- Epoch 20/30 | Loss: 0.5376 | Train Acc: 92.5% | Test Acc: 93.0% | CM: [TP:82, TN:78, FP:8, FN:4] | Progress: 66.7% | ETA: 3.4s ---
Epoch 21 Batch 1 | Loss: 0.529371 | Stats: min: -0.247, max: 0.178, mean: -0.030
Epoch 21 Batch 2 | Loss: 0.554269
Epoch 21 Batch 3 | Loss: 0.522846
Epoch 21 Batch 4 | Loss: 0.519149
Epoch 21 Batch 5 | Loss: 0.525892
Epoch 21 Batch 6 | Loss: 0.539386
Epoch 21 Batch 7 | Loss: 0.520969
Epoch 21 Batch 8 | Loss: 0.544999
Epoch 21 Batch 9 | Loss: 0.532829
Epoch 21 Batch 10 | Loss: 0.549418
Epoch 21 Batch 11 | Loss: 0.569953
Epoch 21 Batch 12 | Loss: 0.523677
Epoch 21 Batch 13 | Loss: 0.553272
  [STABILITY] Plateau detected. Reducing Learning Rate to 0.010000
--- Epoch 21/30 | Loss: 0.5374 | Train Acc: 93.0% | Test Acc: 93.6% | CM: [TP:83, TN:78, FP:8, FN:3] | Progress: 70.0% | ETA: 3.0s ---
Epoch 22 Batch 1 | Loss: 0.500476 | Stats: min: -0.289, max: 0.263, mean: 0.004
Epoch 22 Batch 2 | Loss: 0.554670
Epoch 22 Batch 3 | Loss: 0.533275
Epoch 22 Batch 4 | Loss: 0.539845
Epoch 22 Batch 5 | Loss: 0.533113
Epoch 22 Batch 6 | Loss: 0.569395
Epoch 22 Batch 7 | Loss: 0.528080
Epoch 22 Batch 8 | Loss: 0.520138
Epoch 22 Batch 9 | Loss: 0.495012
Epoch 22 Batch 10 | Loss: 0.548156
Epoch 22 Batch 11 | Loss: 0.480694
Epoch 22 Batch 12 | Loss: 0.578108
Epoch 22 Batch 13 | Loss: 0.582304
--- Epoch 22/30 | Loss: 0.5356 | Train Acc: 92.0% | Test Acc: 93.6% | CM: [TP:83, TN:78, FP:8, FN:3] | Progress: 73.3% | ETA: 3.0s ---
Epoch 23 Batch 1 | Loss: 0.548025 | Stats: min: -0.266, max: 0.235, mean: -0.067
Epoch 23 Batch 2 | Loss: 0.520341
Epoch 23 Batch 3 | Loss: 0.553157
Epoch 23 Batch 4 | Loss: 0.513943
Epoch 23 Batch 5 | Loss: 0.499241
Epoch 23 Batch 6 | Loss: 0.512580
Epoch 23 Batch 7 | Loss: 0.567225
Epoch 23 Batch 8 | Loss: 0.537284
Epoch 23 Batch 9 | Loss: 0.557065
Epoch 23 Batch 10 | Loss: 0.543019
Epoch 23 Batch 11 | Loss: 0.562003
Epoch 23 Batch 12 | Loss: 0.497255
Epoch 23 Batch 13 | Loss: 0.524045
--- Epoch 23/30 | Loss: 0.5335 | Train Acc: 92.0% | Test Acc: 94.2% | CM: [TP:84, TN:78, FP:8, FN:2] | Progress: 76.7% | ETA: 2.0s ---
Epoch 24 Batch 1 | Loss: 0.503959 | Stats: min: -0.280, max: 0.292, mean: 0.085
Epoch 24 Batch 2 | Loss: 0.570535
Epoch 24 Batch 3 | Loss: 0.534381
Epoch 24 Batch 4 | Loss: 0.518535
Epoch 24 Batch 5 | Loss: 0.496164
Epoch 24 Batch 6 | Loss: 0.518798
Epoch 24 Batch 7 | Loss: 0.527341
Epoch 24 Batch 8 | Loss: 0.554717
Epoch 24 Batch 9 | Loss: 0.570461
Epoch 24 Batch 10 | Loss: 0.548582
Epoch 24 Batch 11 | Loss: 0.533788
Epoch 24 Batch 12 | Loss: 0.511165
Epoch 24 Batch 13 | Loss: 0.557690
  [STABILITY] Plateau detected. Reducing Learning Rate to 0.005000
--- Epoch 24/30 | Loss: 0.5343 | Train Acc: 92.5% | Test Acc: 94.2% | CM: [TP:84, TN:78, FP:8, FN:2] | Progress: 80.0% | ETA: 1.6s ---
Epoch 25 Batch 1 | Loss: 0.505578 | Stats: min: -0.278, max: 0.050, mean: -0.140
Epoch 25 Batch 2 | Loss: 0.515222
Epoch 25 Batch 3 | Loss: 0.519951
Epoch 25 Batch 4 | Loss: 0.552189
Epoch 25 Batch 5 | Loss: 0.568959
Epoch 25 Batch 6 | Loss: 0.533209
Epoch 25 Batch 7 | Loss: 0.518431
Epoch 25 Batch 8 | Loss: 0.552217
Epoch 25 Batch 9 | Loss: 0.501812
Epoch 25 Batch 10 | Loss: 0.541932
Epoch 25 Batch 11 | Loss: 0.540750
Epoch 25 Batch 12 | Loss: 0.546236
Epoch 25 Batch 13 | Loss: 0.516243
--- Epoch 25/30 | Loss: 0.5317 | Train Acc: 93.0% | Test Acc: 94.2% | CM: [TP:84, TN:78, FP:8, FN:2] | Progress: 83.3% | ETA: 1.3s ---
Epoch 26 Batch 1 | Loss: 0.542847 | Stats: min: -0.210, max: 0.345, mean: -0.067
Epoch 26 Batch 2 | Loss: 0.526340
Epoch 26 Batch 3 | Loss: 0.530219
Epoch 26 Batch 4 | Loss: 0.541222
Epoch 26 Batch 5 | Loss: 0.513609
Epoch 26 Batch 6 | Loss: 0.547045
Epoch 26 Batch 7 | Loss: 0.545214
Epoch 26 Batch 8 | Loss: 0.509267
Epoch 26 Batch 9 | Loss: 0.511611
Epoch 26 Batch 10 | Loss: 0.552753
Epoch 26 Batch 11 | Loss: 0.545471
Epoch 26 Batch 12 | Loss: 0.524314
Epoch 26 Batch 13 | Loss: 0.517701
--- Epoch 26/30 | Loss: 0.5314 | Train Acc: 93.5% | Test Acc: 93.6% | CM: [TP:84, TN:77, FP:9, FN:2] | Progress: 86.7% | ETA: 1.0s ---
Epoch 27 Batch 1 | Loss: 0.519216 | Stats: min: -0.159, max: 0.321, mean: 0.190
Epoch 27 Batch 2 | Loss: 0.562232
Epoch 27 Batch 3 | Loss: 0.517611
Epoch 27 Batch 4 | Loss: 0.518350
Epoch 27 Batch 5 | Loss: 0.514852
Epoch 27 Batch 6 | Loss: 0.517620
Epoch 27 Batch 7 | Loss: 0.534636
Epoch 27 Batch 8 | Loss: 0.501686
Epoch 27 Batch 9 | Loss: 0.561373
Epoch 27 Batch 10 | Loss: 0.533639
Epoch 27 Batch 11 | Loss: 0.560263
Epoch 27 Batch 12 | Loss: 0.539298
Epoch 27 Batch 13 | Loss: 0.545427
  [STABILITY] Plateau detected. Reducing Learning Rate to 0.002500
--- Epoch 27/30 | Loss: 0.5328 | Train Acc: 92.5% | Test Acc: 94.2% | CM: [TP:85, TN:77, FP:9, FN:1] | Progress: 90.0% | ETA: 0.8s ---
Epoch 28 Batch 1 | Loss: 0.534608 | Stats: min: -0.141, max: 0.369, mean: 0.159
Epoch 28 Batch 2 | Loss: 0.520687
Epoch 28 Batch 3 | Loss: 0.512379
Epoch 28 Batch 4 | Loss: 0.569597
Epoch 28 Batch 5 | Loss: 0.545748
Epoch 28 Batch 6 | Loss: 0.519508
Epoch 28 Batch 7 | Loss: 0.550306
Epoch 28 Batch 8 | Loss: 0.533924
Epoch 28 Batch 9 | Loss: 0.524943
Epoch 28 Batch 10 | Loss: 0.538375
Epoch 28 Batch 11 | Loss: 0.504782
Epoch 28 Batch 12 | Loss: 0.546765
Epoch 28 Batch 13 | Loss: 0.490173
--- Epoch 28/30 | Loss: 0.5301 | Train Acc: 92.5% | Test Acc: 93.6% | CM: [TP:85, TN:76, FP:10, FN:1] | Progress: 93.3% | ETA: 0.6s ---
Epoch 29 Batch 1 | Loss: 0.523958 | Stats: min: -0.406, max: 0.226, mean: -0.109
Epoch 29 Batch 2 | Loss: 0.531356
Epoch 29 Batch 3 | Loss: 0.544500
Epoch 29 Batch 4 | Loss: 0.512274
Epoch 29 Batch 5 | Loss: 0.536002
Epoch 29 Batch 6 | Loss: 0.563191
Epoch 29 Batch 7 | Loss: 0.518779
Epoch 29 Batch 8 | Loss: 0.523377
Epoch 29 Batch 9 | Loss: 0.517241
Epoch 29 Batch 10 | Loss: 0.544200
Epoch 29 Batch 11 | Loss: 0.535345
Epoch 29 Batch 12 | Loss: 0.533628
Epoch 29 Batch 13 | Loss: 0.523770
--- Epoch 29/30 | Loss: 0.5314 | Train Acc: 93.0% | Test Acc: 93.6% | CM: [TP:85, TN:76, FP:10, FN:1] | Progress: 96.7% | ETA: 0.3s ---
Epoch 30 Batch 1 | Loss: 0.514530 | Stats: min: -0.264, max: 0.337, mean: 0.087
Epoch 30 Batch 2 | Loss: 0.528076
Epoch 30 Batch 3 | Loss: 0.551866
Epoch 30 Batch 4 | Loss: 0.524146
Epoch 30 Batch 5 | Loss: 0.505781
Epoch 30 Batch 6 | Loss: 0.526850
Epoch 30 Batch 7 | Loss: 0.534720
Epoch 30 Batch 8 | Loss: 0.546652
Epoch 30 Batch 9 | Loss: 0.536962
Epoch 30 Batch 10 | Loss: 0.532477
Epoch 30 Batch 11 | Loss: 0.529937
Epoch 30 Batch 12 | Loss: 0.517567
Epoch 30 Batch 13 | Loss: 0.595058
  [STABILITY] Plateau detected. Reducing Learning Rate to 0.001250
--- Epoch 30/30 | Loss: 0.5342 | Train Acc: 93.0% | Test Acc: 93.6% | CM: [TP:85, TN:76, FP:10, FN:1] | Progress: 100.0% | ETA: 0.0s ---

Final Best Test Accuracy: 94.19%


Best Quantum Test Accuracy: 0.942
