DEBUG: Qtrainer enters train_pure_quantum_cnn. Encoding: amplitude
  Class Weights: +1 (Target): 1.00 | -1 (Rest): 1.00
Starting Training
==================================================
Epoch 1 Batch 1 | Loss: 0.673421 | Stats: min: -0.217, max: -0.056, mean: -0.130
Epoch 1 Batch 2 | Loss: 0.649082
Epoch 1 Batch 3 | Loss: 0.611391
Epoch 1 Batch 4 | Loss: 0.629581
Epoch 1 Batch 5 | Loss: 0.634920
Epoch 1 Batch 6 | Loss: 0.612237
Epoch 1 Batch 7 | Loss: 0.586014
Epoch 1 Batch 8 | Loss: 0.562096
Epoch 1 Batch 9 | Loss: 0.568084
Epoch 1 Batch 10 | Loss: 0.593942
Epoch 1 Batch 11 | Loss: 0.553934
Epoch 1 Batch 12 | Loss: 0.560906
Epoch 1 Batch 13 | Loss: 0.565994
  [STABILITY] Test accuracy improved: 0.00% -> 58.72% (via EMA). Saving best params.
--- Epoch 1/30 | Loss: 0.6001 | Train Acc: 62.0% | Test Acc: 58.7% | CM: [TP:15, TN:86, FP:0, FN:71] | Progress: 3.3% | ETA: 195.2s ---
Epoch 2 Batch 1 | Loss: 0.532857 | Stats: min: 0.036, max: 0.338, mean: 0.216
Epoch 2 Batch 2 | Loss: 0.525512
Epoch 2 Batch 3 | Loss: 0.521494
Epoch 2 Batch 4 | Loss: 0.570379
Epoch 2 Batch 5 | Loss: 0.537392
Epoch 2 Batch 6 | Loss: 0.485151
Epoch 2 Batch 7 | Loss: 0.556156
Epoch 2 Batch 8 | Loss: 0.521706
Epoch 2 Batch 9 | Loss: 0.544565
Epoch 2 Batch 10 | Loss: 0.534119
Epoch 2 Batch 11 | Loss: 0.510723
Epoch 2 Batch 12 | Loss: 0.548287
Epoch 2 Batch 13 | Loss: 0.454469
  [STABILITY] Test accuracy improved: 58.72% -> 77.91% (via EMA). Saving best params.
--- Epoch 2/30 | Loss: 0.5264 | Train Acc: 75.0% | Test Acc: 77.9% | CM: [TP:48, TN:86, FP:0, FN:38] | Progress: 6.7% | ETA: 96.2s ---
Epoch 3 Batch 1 | Loss: 0.468247 | Stats: min: -0.165, max: 0.394, mean: 0.233
Epoch 3 Batch 2 | Loss: 0.504104
Epoch 3 Batch 3 | Loss: 0.536824
Epoch 3 Batch 4 | Loss: 0.547756
Epoch 3 Batch 5 | Loss: 0.465749
Epoch 3 Batch 6 | Loss: 0.496769
Epoch 3 Batch 7 | Loss: 0.510851
Epoch 3 Batch 8 | Loss: 0.515191
Epoch 3 Batch 9 | Loss: 0.495914
Epoch 3 Batch 10 | Loss: 0.510421
Epoch 3 Batch 11 | Loss: 0.524637
Epoch 3 Batch 12 | Loss: 0.465074
Epoch 3 Batch 13 | Loss: 0.526725
  [STABILITY] Test accuracy improved: 77.91% -> 87.79% (via EMA). Saving best params.
--- Epoch 3/30 | Loss: 0.5053 | Train Acc: 90.0% | Test Acc: 87.8% | CM: [TP:67, TN:84, FP:2, FN:19] | Progress: 10.0% | ETA: 71.9s ---
Epoch 4 Batch 1 | Loss: 0.459165 | Stats: min: -0.227, max: 0.414, mean: 0.130
Epoch 4 Batch 2 | Loss: 0.494082
Epoch 4 Batch 3 | Loss: 0.516036
Epoch 4 Batch 4 | Loss: 0.482783
Epoch 4 Batch 5 | Loss: 0.460583
Epoch 4 Batch 6 | Loss: 0.491307
Epoch 4 Batch 7 | Loss: 0.496185
Epoch 4 Batch 8 | Loss: 0.509052
Epoch 4 Batch 9 | Loss: 0.502937
Epoch 4 Batch 10 | Loss: 0.487289
Epoch 4 Batch 11 | Loss: 0.500746
Epoch 4 Batch 12 | Loss: 0.490754
Epoch 4 Batch 13 | Loss: 0.445533
  [STABILITY] Test accuracy improved: 87.79% -> 91.28% (via EMA). Saving best params.
--- Epoch 4/30 | Loss: 0.4874 | Train Acc: 92.0% | Test Acc: 91.3% | CM: [TP:73, TN:84, FP:2, FN:13] | Progress: 13.3% | ETA: 64.4s ---
Epoch 5 Batch 1 | Loss: 0.447428 | Stats: min: -0.202, max: 0.533, mean: 0.290
Epoch 5 Batch 2 | Loss: 0.519777
Epoch 5 Batch 3 | Loss: 0.482105
Epoch 5 Batch 4 | Loss: 0.441502
Epoch 5 Batch 5 | Loss: 0.468822
Epoch 5 Batch 6 | Loss: 0.477280
Epoch 5 Batch 7 | Loss: 0.443843
Epoch 5 Batch 8 | Loss: 0.466644
Epoch 5 Batch 9 | Loss: 0.450050
Epoch 5 Batch 10 | Loss: 0.478710
Epoch 5 Batch 11 | Loss: 0.520695
Epoch 5 Batch 12 | Loss: 0.559782
Epoch 5 Batch 13 | Loss: 0.413889
  [STABILITY] Test accuracy improved: 91.28% -> 93.60% (via EMA). Saving best params.
--- Epoch 5/30 | Loss: 0.4747 | Train Acc: 92.5% | Test Acc: 93.6% | CM: [TP:79, TN:82, FP:4, FN:7] | Progress: 16.7% | ETA: 38.5s ---
Epoch 6 Batch 1 | Loss: 0.481266 | Stats: min: -0.363, max: 0.034, mean: -0.164
Epoch 6 Batch 2 | Loss: 0.478327
Epoch 6 Batch 3 | Loss: 0.465935
Epoch 6 Batch 4 | Loss: 0.439252
Epoch 6 Batch 5 | Loss: 0.479641
Epoch 6 Batch 6 | Loss: 0.469811
Epoch 6 Batch 7 | Loss: 0.478659
Epoch 6 Batch 8 | Loss: 0.498012
Epoch 6 Batch 9 | Loss: 0.469997
Epoch 6 Batch 10 | Loss: 0.443501
Epoch 6 Batch 11 | Loss: 0.455575
Epoch 6 Batch 12 | Loss: 0.442919
Epoch 6 Batch 13 | Loss: 0.477325
  [STABILITY] Test accuracy improved: 93.60% -> 94.19% (via EMA). Saving best params.
--- Epoch 6/30 | Loss: 0.4677 | Train Acc: 93.0% | Test Acc: 94.2% | CM: [TP:81, TN:81, FP:5, FN:5] | Progress: 20.0% | ETA: 33.3s ---
Epoch 7 Batch 1 | Loss: 0.473159 | Stats: min: -0.336, max: 0.403, mean: -0.164
Epoch 7 Batch 2 | Loss: 0.493531
Epoch 7 Batch 3 | Loss: 0.461163
Epoch 7 Batch 4 | Loss: 0.427977
Epoch 7 Batch 5 | Loss: 0.428171
Epoch 7 Batch 6 | Loss: 0.427645
Epoch 7 Batch 7 | Loss: 0.461153
Epoch 7 Batch 8 | Loss: 0.495904
Epoch 7 Batch 9 | Loss: 0.469875
Epoch 7 Batch 10 | Loss: 0.483064
Epoch 7 Batch 11 | Loss: 0.467881
Epoch 7 Batch 12 | Loss: 0.482224
Epoch 7 Batch 13 | Loss: 0.357993
  [STABILITY] Test accuracy improved: 94.19% -> 94.77% (via EMA). Saving best params.
--- Epoch 7/30 | Loss: 0.4561 | Train Acc: 93.0% | Test Acc: 94.8% | CM: [TP:82, TN:81, FP:5, FN:4] | Progress: 23.3% | ETA: 22.4s ---
Epoch 8 Batch 1 | Loss: 0.503645 | Stats: min: -0.451, max: 0.351, mean: -0.243
Epoch 8 Batch 2 | Loss: 0.452680
Epoch 8 Batch 3 | Loss: 0.476476
Epoch 8 Batch 4 | Loss: 0.472827
Epoch 8 Batch 5 | Loss: 0.484370
Epoch 8 Batch 6 | Loss: 0.430763
Epoch 8 Batch 7 | Loss: 0.406601
Epoch 8 Batch 8 | Loss: 0.464710
Epoch 8 Batch 9 | Loss: 0.395931
Epoch 8 Batch 10 | Loss: 0.427023
Epoch 8 Batch 11 | Loss: 0.501552
Epoch 8 Batch 12 | Loss: 0.438709
Epoch 8 Batch 13 | Loss: 0.479061
--- Epoch 8/30 | Loss: 0.4565 | Train Acc: 92.5% | Test Acc: 94.8% | CM: [TP:82, TN:81, FP:5, FN:4] | Progress: 26.7% | ETA: 17.6s ---
Epoch 9 Batch 1 | Loss: 0.455316 | Stats: min: -0.051, max: 0.519, mean: 0.335
Epoch 9 Batch 2 | Loss: 0.474645
Epoch 9 Batch 3 | Loss: 0.429345
Epoch 9 Batch 4 | Loss: 0.441849
Epoch 9 Batch 5 | Loss: 0.464105
Epoch 9 Batch 6 | Loss: 0.454344
Epoch 9 Batch 7 | Loss: 0.460839
Epoch 9 Batch 8 | Loss: 0.446884
Epoch 9 Batch 9 | Loss: 0.473836
Epoch 9 Batch 10 | Loss: 0.489413
Epoch 9 Batch 11 | Loss: 0.466282
Epoch 9 Batch 12 | Loss: 0.408774
Epoch 9 Batch 13 | Loss: 0.404356
--- Epoch 9/30 | Loss: 0.4515 | Train Acc: 93.0% | Test Acc: 94.8% | CM: [TP:82, TN:81, FP:5, FN:4] | Progress: 30.0% | ETA: 16.7s ---
Epoch 10 Batch 1 | Loss: 0.446375 | Stats: min: -0.402, max: 0.501, mean: 0.042
Epoch 10 Batch 2 | Loss: 0.458822
Epoch 10 Batch 3 | Loss: 0.509769
Epoch 10 Batch 4 | Loss: 0.469402
Epoch 10 Batch 5 | Loss: 0.433506
Epoch 10 Batch 6 | Loss: 0.455323
Epoch 10 Batch 7 | Loss: 0.426708
Epoch 10 Batch 8 | Loss: 0.461908
Epoch 10 Batch 9 | Loss: 0.405283
Epoch 10 Batch 10 | Loss: 0.420585
Epoch 10 Batch 11 | Loss: 0.454666
Epoch 10 Batch 12 | Loss: 0.452313
Epoch 10 Batch 13 | Loss: 0.440679
  [STABILITY] Plateau detected. Reducing Learning Rate to 0.010000
--- Epoch 10/30 | Loss: 0.4489 | Train Acc: 92.5% | Test Acc: 94.8% | CM: [TP:82, TN:81, FP:5, FN:4] | Progress: 33.3% | ETA: 15.0s ---
Epoch 11 Batch 1 | Loss: 0.436576 | Stats: min: -0.373, max: 0.503, mean: 0.096
Epoch 11 Batch 2 | Loss: 0.450572
Epoch 11 Batch 3 | Loss: 0.420308
Epoch 11 Batch 4 | Loss: 0.487891
Epoch 11 Batch 5 | Loss: 0.421995
Epoch 11 Batch 6 | Loss: 0.417750
Epoch 11 Batch 7 | Loss: 0.430881
Epoch 11 Batch 8 | Loss: 0.412058
Epoch 11 Batch 9 | Loss: 0.446763
Epoch 11 Batch 10 | Loss: 0.444611
Epoch 11 Batch 11 | Loss: 0.458563
Epoch 11 Batch 12 | Loss: 0.468350
Epoch 11 Batch 13 | Loss: 0.471034
--- Epoch 11/30 | Loss: 0.4436 | Train Acc: 92.5% | Test Acc: 94.8% | CM: [TP:82, TN:81, FP:5, FN:4] | Progress: 36.7% | ETA: 11.1s ---
Epoch 12 Batch 1 | Loss: 0.451589 | Stats: min: -0.397, max: 0.383, mean: -0.047
Epoch 12 Batch 2 | Loss: 0.456017
Epoch 12 Batch 3 | Loss: 0.453831
Epoch 12 Batch 4 | Loss: 0.421649
Epoch 12 Batch 5 | Loss: 0.421198
Epoch 12 Batch 6 | Loss: 0.439860
Epoch 12 Batch 7 | Loss: 0.476334
Epoch 12 Batch 8 | Loss: 0.461321
Epoch 12 Batch 9 | Loss: 0.469786
Epoch 12 Batch 10 | Loss: 0.413381
Epoch 12 Batch 11 | Loss: 0.443535
Epoch 12 Batch 12 | Loss: 0.376811
Epoch 12 Batch 13 | Loss: 0.431086
--- Epoch 12/30 | Loss: 0.4397 | Train Acc: 92.5% | Test Acc: 94.8% | CM: [TP:82, TN:81, FP:5, FN:4] | Progress: 40.0% | ETA: 12.0s ---
Epoch 13 Batch 1 | Loss: 0.442950 | Stats: min: -0.437, max: 0.422, mean: -0.079
Epoch 13 Batch 2 | Loss: 0.401257
Epoch 13 Batch 3 | Loss: 0.434745
Epoch 13 Batch 4 | Loss: 0.453039
Epoch 13 Batch 5 | Loss: 0.389081
Epoch 13 Batch 6 | Loss: 0.445521
Epoch 13 Batch 7 | Loss: 0.397622
Epoch 13 Batch 8 | Loss: 0.452847
Epoch 13 Batch 9 | Loss: 0.481223
Epoch 13 Batch 10 | Loss: 0.458943
Epoch 13 Batch 11 | Loss: 0.416263
Epoch 13 Batch 12 | Loss: 0.489694
Epoch 13 Batch 13 | Loss: 0.425298
  [STABILITY] Plateau detected. Reducing Learning Rate to 0.005000
--- Epoch 13/30 | Loss: 0.4376 | Train Acc: 92.5% | Test Acc: 94.8% | CM: [TP:82, TN:81, FP:5, FN:4] | Progress: 43.3% | ETA: 14.8s ---
Epoch 14 Batch 1 | Loss: 0.417245 | Stats: min: -0.368, max: 0.571, mean: 0.253
Epoch 14 Batch 2 | Loss: 0.429118
Epoch 14 Batch 3 | Loss: 0.425806
Epoch 14 Batch 4 | Loss: 0.447444
Epoch 14 Batch 5 | Loss: 0.449880
Epoch 14 Batch 6 | Loss: 0.404036
Epoch 14 Batch 7 | Loss: 0.475365
Epoch 14 Batch 8 | Loss: 0.422574
Epoch 14 Batch 9 | Loss: 0.396824
Epoch 14 Batch 10 | Loss: 0.421046
Epoch 14 Batch 11 | Loss: 0.516285
Epoch 14 Batch 12 | Loss: 0.410841
Epoch 14 Batch 13 | Loss: 0.471072
--- Epoch 14/30 | Loss: 0.4375 | Train Acc: 92.5% | Test Acc: 94.8% | CM: [TP:82, TN:81, FP:5, FN:4] | Progress: 46.7% | ETA: 14.2s ---
Epoch 15 Batch 1 | Loss: 0.407032 | Stats: min: 0.482, max: 0.643, mean: 0.528
Epoch 15 Batch 2 | Loss: 0.414162
Epoch 15 Batch 3 | Loss: 0.417263
Epoch 15 Batch 4 | Loss: 0.413205
Epoch 15 Batch 5 | Loss: 0.419683
Epoch 15 Batch 6 | Loss: 0.421594
Epoch 15 Batch 7 | Loss: 0.445027
Epoch 15 Batch 8 | Loss: 0.448419
Epoch 15 Batch 9 | Loss: 0.471734
Epoch 15 Batch 10 | Loss: 0.443482
Epoch 15 Batch 11 | Loss: 0.501201
Epoch 15 Batch 12 | Loss: 0.430323
Epoch 15 Batch 13 | Loss: 0.408828
  [STABILITY] Test accuracy improved: 94.77% -> 95.35% (via EMA). Saving best params.
--- Epoch 15/30 | Loss: 0.4340 | Train Acc: 92.5% | Test Acc: 95.3% | CM: [TP:83, TN:81, FP:5, FN:3] | Progress: 50.0% | ETA: 6.8s ---
Epoch 16 Batch 1 | Loss: 0.356853 | Stats: min: -0.470, max: 0.401, mean: -0.221
Epoch 16 Batch 2 | Loss: 0.438491
Epoch 16 Batch 3 | Loss: 0.494395
Epoch 16 Batch 4 | Loss: 0.474383
Epoch 16 Batch 5 | Loss: 0.552111
Epoch 16 Batch 6 | Loss: 0.348923
Epoch 16 Batch 7 | Loss: 0.393456
Epoch 16 Batch 8 | Loss: 0.439023
Epoch 16 Batch 9 | Loss: 0.403011
Epoch 16 Batch 10 | Loss: 0.442720
Epoch 16 Batch 11 | Loss: 0.460602
Epoch 16 Batch 12 | Loss: 0.435744
Epoch 16 Batch 13 | Loss: 0.391125
--- Epoch 16/30 | Loss: 0.4331 | Train Acc: 92.5% | Test Acc: 95.3% | CM: [TP:83, TN:81, FP:5, FN:3] | Progress: 53.3% | ETA: 6.2s ---
Epoch 17 Batch 1 | Loss: 0.404978 | Stats: min: -0.455, max: 0.595, mean: 0.183
Epoch 17 Batch 2 | Loss: 0.398330
Epoch 17 Batch 3 | Loss: 0.407971
Epoch 17 Batch 4 | Loss: 0.478426
Epoch 17 Batch 5 | Loss: 0.428094
Epoch 17 Batch 6 | Loss: 0.449002
Epoch 17 Batch 7 | Loss: 0.509262
Epoch 17 Batch 8 | Loss: 0.448986
Epoch 17 Batch 9 | Loss: 0.419634
Epoch 17 Batch 10 | Loss: 0.434359
Epoch 17 Batch 11 | Loss: 0.403761
Epoch 17 Batch 12 | Loss: 0.437000
Epoch 17 Batch 13 | Loss: 0.401632
--- Epoch 17/30 | Loss: 0.4324 | Train Acc: 92.5% | Test Acc: 95.3% | CM: [TP:83, TN:81, FP:5, FN:3] | Progress: 56.7% | ETA: 7.4s ---
Epoch 18 Batch 1 | Loss: 0.432251 | Stats: min: -0.425, max: 0.193, mean: -0.104
Epoch 18 Batch 2 | Loss: 0.415085
Epoch 18 Batch 3 | Loss: 0.484366
Epoch 18 Batch 4 | Loss: 0.463198
Epoch 18 Batch 5 | Loss: 0.430829
Epoch 18 Batch 6 | Loss: 0.409565
Epoch 18 Batch 7 | Loss: 0.424608
Epoch 18 Batch 8 | Loss: 0.427840
Epoch 18 Batch 9 | Loss: 0.427153
Epoch 18 Batch 10 | Loss: 0.393408
Epoch 18 Batch 11 | Loss: 0.451557
Epoch 18 Batch 12 | Loss: 0.416153
Epoch 18 Batch 13 | Loss: 0.483421
  [STABILITY] Plateau detected. Reducing Learning Rate to 0.002500
--- Epoch 18/30 | Loss: 0.4353 | Train Acc: 92.5% | Test Acc: 95.3% | CM: [TP:83, TN:81, FP:5, FN:3] | Progress: 60.0% | ETA: 4.7s ---
Epoch 19 Batch 1 | Loss: 0.420594 | Stats: min: -0.323, max: 0.482, mean: 0.066
Epoch 19 Batch 2 | Loss: 0.438207
Epoch 19 Batch 3 | Loss: 0.442190
Epoch 19 Batch 4 | Loss: 0.455226
Epoch 19 Batch 5 | Loss: 0.432876
Epoch 19 Batch 6 | Loss: 0.413948
Epoch 19 Batch 7 | Loss: 0.439898
Epoch 19 Batch 8 | Loss: 0.454544
Epoch 19 Batch 9 | Loss: 0.410243
Epoch 19 Batch 10 | Loss: 0.494162
Epoch 19 Batch 11 | Loss: 0.411601
Epoch 19 Batch 12 | Loss: 0.385173
Epoch 19 Batch 13 | Loss: 0.413444
--- Epoch 19/30 | Loss: 0.4317 | Train Acc: 92.5% | Test Acc: 95.3% | CM: [TP:83, TN:81, FP:5, FN:3] | Progress: 63.3% | ETA: 4.2s ---
Epoch 20 Batch 1 | Loss: 0.467132 | Stats: min: -0.428, max: 0.556, mean: 0.181
Epoch 20 Batch 2 | Loss: 0.384846
Epoch 20 Batch 3 | Loss: 0.439548
Epoch 20 Batch 4 | Loss: 0.480466
Epoch 20 Batch 5 | Loss: 0.483961
Epoch 20 Batch 6 | Loss: 0.409059
Epoch 20 Batch 7 | Loss: 0.407731
Epoch 20 Batch 8 | Loss: 0.473739
Epoch 20 Batch 9 | Loss: 0.419027
Epoch 20 Batch 10 | Loss: 0.422845
Epoch 20 Batch 11 | Loss: 0.398986
Epoch 20 Batch 12 | Loss: 0.416056
Epoch 20 Batch 13 | Loss: 0.393570
--- Epoch 20/30 | Loss: 0.4305 | Train Acc: 92.5% | Test Acc: 95.3% | CM: [TP:83, TN:81, FP:5, FN:3] | Progress: 66.7% | ETA: 3.1s ---
Epoch 21 Batch 1 | Loss: 0.424006 | Stats: min: -0.472, max: 0.176, mean: -0.172
Epoch 21 Batch 2 | Loss: 0.437534
Epoch 21 Batch 3 | Loss: 0.464859
Epoch 21 Batch 4 | Loss: 0.456718
Epoch 21 Batch 5 | Loss: 0.400830
Epoch 21 Batch 6 | Loss: 0.441187
Epoch 21 Batch 7 | Loss: 0.460307
Epoch 21 Batch 8 | Loss: 0.426888
Epoch 21 Batch 9 | Loss: 0.417080
Epoch 21 Batch 10 | Loss: 0.382930
Epoch 21 Batch 11 | Loss: 0.460582
Epoch 21 Batch 12 | Loss: 0.411064
Epoch 21 Batch 13 | Loss: 0.426034
  [STABILITY] Plateau detected. Reducing Learning Rate to 0.001250
--- Epoch 21/30 | Loss: 0.4315 | Train Acc: 92.5% | Test Acc: 95.3% | CM: [TP:83, TN:81, FP:5, FN:3] | Progress: 70.0% | ETA: 2.7s ---
Epoch 22 Batch 1 | Loss: 0.455182 | Stats: min: -0.411, max: 0.097, mean: -0.253
Epoch 22 Batch 2 | Loss: 0.451013
Epoch 22 Batch 3 | Loss: 0.437039
Epoch 22 Batch 4 | Loss: 0.413877
Epoch 22 Batch 5 | Loss: 0.426161
Epoch 22 Batch 6 | Loss: 0.441423
Epoch 22 Batch 7 | Loss: 0.412331
Epoch 22 Batch 8 | Loss: 0.438591
Epoch 22 Batch 9 | Loss: 0.464707
Epoch 22 Batch 10 | Loss: 0.396238
Epoch 22 Batch 11 | Loss: 0.367660
Epoch 22 Batch 12 | Loss: 0.457542
Epoch 22 Batch 13 | Loss: 0.465044
  [STABILITY] Test accuracy improved: 95.35% -> 95.93% (via EMA). Saving best params.
--- Epoch 22/30 | Loss: 0.4328 | Train Acc: 92.5% | Test Acc: 95.9% | CM: [TP:84, TN:81, FP:5, FN:2] | Progress: 73.3% | ETA: 2.3s ---
Epoch 23 Batch 1 | Loss: 0.420996 | Stats: min: -0.291, max: 0.583, mean: 0.327
Epoch 23 Batch 2 | Loss: 0.389183
Epoch 23 Batch 3 | Loss: 0.432389
Epoch 23 Batch 4 | Loss: 0.396834
Epoch 23 Batch 5 | Loss: 0.457942
Epoch 23 Batch 6 | Loss: 0.434687
Epoch 23 Batch 7 | Loss: 0.464869
Epoch 23 Batch 8 | Loss: 0.411281
Epoch 23 Batch 9 | Loss: 0.408286
Epoch 23 Batch 10 | Loss: 0.467001
Epoch 23 Batch 11 | Loss: 0.441100
Epoch 23 Batch 12 | Loss: 0.443364
Epoch 23 Batch 13 | Loss: 0.447649
--- Epoch 23/30 | Loss: 0.4320 | Train Acc: 92.5% | Test Acc: 95.9% | CM: [TP:84, TN:81, FP:5, FN:2] | Progress: 76.7% | ETA: 1.9s ---
Epoch 24 Batch 1 | Loss: 0.504913 | Stats: min: -0.437, max: 0.516, mean: 0.067
Epoch 24 Batch 2 | Loss: 0.418341
Epoch 24 Batch 3 | Loss: 0.422232
Epoch 24 Batch 4 | Loss: 0.405341
Epoch 24 Batch 5 | Loss: 0.445287
Epoch 24 Batch 6 | Loss: 0.419994
Epoch 24 Batch 7 | Loss: 0.447968
Epoch 24 Batch 8 | Loss: 0.461701
Epoch 24 Batch 9 | Loss: 0.402149
Epoch 24 Batch 10 | Loss: 0.419908
Epoch 24 Batch 11 | Loss: 0.410854
Epoch 24 Batch 12 | Loss: 0.421101
Epoch 24 Batch 13 | Loss: 0.418998
--- Epoch 24/30 | Loss: 0.4307 | Train Acc: 92.5% | Test Acc: 95.9% | CM: [TP:84, TN:81, FP:5, FN:2] | Progress: 80.0% | ETA: 1.6s ---
Epoch 25 Batch 1 | Loss: 0.454585 | Stats: min: -0.485, max: 0.285, mean: -0.084
Epoch 25 Batch 2 | Loss: 0.426229
Epoch 25 Batch 3 | Loss: 0.453813
Epoch 25 Batch 4 | Loss: 0.421683
Epoch 25 Batch 5 | Loss: 0.379748
Epoch 25 Batch 6 | Loss: 0.471549
Epoch 25 Batch 7 | Loss: 0.453207
Epoch 25 Batch 8 | Loss: 0.370666
Epoch 25 Batch 9 | Loss: 0.390336
Epoch 25 Batch 10 | Loss: 0.458013
Epoch 25 Batch 11 | Loss: 0.445434
Epoch 25 Batch 12 | Loss: 0.410141
Epoch 25 Batch 13 | Loss: 0.513613
  [STABILITY] Plateau detected. Reducing Learning Rate to 0.000625
--- Epoch 25/30 | Loss: 0.4345 | Train Acc: 92.5% | Test Acc: 95.9% | CM: [TP:84, TN:81, FP:5, FN:2] | Progress: 83.3% | ETA: 1.3s ---
Epoch 26 Batch 1 | Loss: 0.456103 | Stats: min: -0.287, max: 0.495, mean: 0.221
Epoch 26 Batch 2 | Loss: 0.395130
Epoch 26 Batch 3 | Loss: 0.388572
Epoch 26 Batch 4 | Loss: 0.460163
Epoch 26 Batch 5 | Loss: 0.416385
Epoch 26 Batch 6 | Loss: 0.441396
Epoch 26 Batch 7 | Loss: 0.433418
Epoch 26 Batch 8 | Loss: 0.445833
Epoch 26 Batch 9 | Loss: 0.456891
Epoch 26 Batch 10 | Loss: 0.374687
Epoch 26 Batch 11 | Loss: 0.458552
Epoch 26 Batch 12 | Loss: 0.432997
Epoch 26 Batch 13 | Loss: 0.453269
--- Epoch 26/30 | Loss: 0.4318 | Train Acc: 92.5% | Test Acc: 95.3% | CM: [TP:83, TN:81, FP:5, FN:3] | Progress: 86.7% | ETA: 1.0s ---
Epoch 27 Batch 1 | Loss: 0.507872 | Stats: min: -0.233, max: 0.508, mean: 0.290
Epoch 27 Batch 2 | Loss: 0.448574
Epoch 27 Batch 3 | Loss: 0.425395
Epoch 27 Batch 4 | Loss: 0.420725
Epoch 27 Batch 5 | Loss: 0.453853
Epoch 27 Batch 6 | Loss: 0.463047
Epoch 27 Batch 7 | Loss: 0.436312
Epoch 27 Batch 8 | Loss: 0.404953
Epoch 27 Batch 9 | Loss: 0.391890
Epoch 27 Batch 10 | Loss: 0.421652
Epoch 27 Batch 11 | Loss: 0.402426
Epoch 27 Batch 12 | Loss: 0.386413
Epoch 27 Batch 13 | Loss: 0.446322
--- Epoch 27/30 | Loss: 0.4315 | Train Acc: 92.0% | Test Acc: 94.8% | CM: [TP:83, TN:80, FP:6, FN:3] | Progress: 90.0% | ETA: 0.7s ---
Epoch 28 Batch 1 | Loss: 0.407401 | Stats: min: -0.384, max: -0.148, mean: -0.312
Epoch 28 Batch 2 | Loss: 0.497589
Epoch 28 Batch 3 | Loss: 0.416925
Epoch 28 Batch 4 | Loss: 0.434996
Epoch 28 Batch 5 | Loss: 0.427029
Epoch 28 Batch 6 | Loss: 0.372543
Epoch 28 Batch 7 | Loss: 0.420644
Epoch 28 Batch 8 | Loss: 0.476901
Epoch 28 Batch 9 | Loss: 0.398627
Epoch 28 Batch 10 | Loss: 0.402128
Epoch 28 Batch 11 | Loss: 0.461886
Epoch 28 Batch 12 | Loss: 0.441560
Epoch 28 Batch 13 | Loss: 0.453598
  [STABILITY] Plateau detected. Reducing Learning Rate to 0.000313
--- Epoch 28/30 | Loss: 0.4317 | Train Acc: 92.0% | Test Acc: 94.8% | CM: [TP:83, TN:80, FP:6, FN:3] | Progress: 93.3% | ETA: 0.4s ---
Epoch 29 Batch 1 | Loss: 0.458029 | Stats: min: -0.428, max: 0.617, mean: -0.090
Epoch 29 Batch 2 | Loss: 0.465056
Epoch 29 Batch 3 | Loss: 0.459918
Epoch 29 Batch 4 | Loss: 0.459940
Epoch 29 Batch 5 | Loss: 0.448884
Epoch 29 Batch 6 | Loss: 0.393643
Epoch 29 Batch 7 | Loss: 0.380809
Epoch 29 Batch 8 | Loss: 0.420095
Epoch 29 Batch 9 | Loss: 0.400369
Epoch 29 Batch 10 | Loss: 0.414746
Epoch 29 Batch 11 | Loss: 0.437551
Epoch 29 Batch 12 | Loss: 0.398688
Epoch 29 Batch 13 | Loss: 0.494726
--- Epoch 29/30 | Loss: 0.4333 | Train Acc: 92.0% | Test Acc: 94.8% | CM: [TP:83, TN:80, FP:6, FN:3] | Progress: 96.7% | ETA: 0.2s ---
Epoch 30 Batch 1 | Loss: 0.431124 | Stats: min: -0.430, max: 0.522, mean: -0.098
Epoch 30 Batch 2 | Loss: 0.400979
Epoch 30 Batch 3 | Loss: 0.371192
Epoch 30 Batch 4 | Loss: 0.386130
Epoch 30 Batch 5 | Loss: 0.465195
Epoch 30 Batch 6 | Loss: 0.474168
Epoch 30 Batch 7 | Loss: 0.427002
Epoch 30 Batch 8 | Loss: 0.441918
Epoch 30 Batch 9 | Loss: 0.440497
Epoch 30 Batch 10 | Loss: 0.434117
Epoch 30 Batch 11 | Loss: 0.429144
Epoch 30 Batch 12 | Loss: 0.443777
Epoch 30 Batch 13 | Loss: 0.478179
--- Epoch 30/30 | Loss: 0.4326 | Train Acc: 92.0% | Test Acc: 94.8% | CM: [TP:83, TN:80, FP:6, FN:3] | Progress: 100.0% | ETA: 0.0s ---

Final Best Test Accuracy: 95.93%


Best Quantum Test Accuracy: 0.959
