DEBUG: Qtrainer enters train_pure_quantum_cnn. Encoding: amplitude
  Class Weights: +1 (Target): 1.00 | -1 (Rest): 1.00
Starting Training
==================================================
Epoch 1 Batch 1 | Loss: 0.673733 | Stats: min: 0.036, max: 0.187, mean: 0.087
Epoch 1 Batch 2 | Loss: 0.653412
Epoch 1 Batch 3 | Loss: 0.624774
Epoch 1 Batch 4 | Loss: 0.625894
Epoch 1 Batch 5 | Loss: 0.638714
Epoch 1 Batch 6 | Loss: 0.611417
Epoch 1 Batch 7 | Loss: 0.588199
Epoch 1 Batch 8 | Loss: 0.584882
Epoch 1 Batch 9 | Loss: 0.595469
Epoch 1 Batch 10 | Loss: 0.635950
Epoch 1 Batch 11 | Loss: 0.603130
Epoch 1 Batch 12 | Loss: 0.593662
Epoch 1 Batch 13 | Loss: 0.555988
  [STABILITY] Test accuracy improved: 0.00% -> 72.09% (via EMA). Saving best params.
--- Epoch 1/30 | Loss: 0.6142 | Train Acc: 76.5% | Test Acc: 72.1% | CM: [TP:46, TN:78, FP:8, FN:40] | Progress: 3.3% | ETA: 285.7s ---
Epoch 2 Batch 1 | Loss: 0.582740 | Stats: min: -0.173, max: 0.235, mean: 0.000
Epoch 2 Batch 2 | Loss: 0.549752
Epoch 2 Batch 3 | Loss: 0.574528
Epoch 2 Batch 4 | Loss: 0.586147
Epoch 2 Batch 5 | Loss: 0.571231
Epoch 2 Batch 6 | Loss: 0.620030
Epoch 2 Batch 7 | Loss: 0.583546
Epoch 2 Batch 8 | Loss: 0.560087
Epoch 2 Batch 9 | Loss: 0.580930
Epoch 2 Batch 10 | Loss: 0.589373
Epoch 2 Batch 11 | Loss: 0.588570
Epoch 2 Batch 12 | Loss: 0.577821
Epoch 2 Batch 13 | Loss: 0.607058
  [STABILITY] Test accuracy improved: 72.09% -> 76.16% (via EMA). Saving best params.
--- Epoch 2/30 | Loss: 0.5824 | Train Acc: 82.0% | Test Acc: 76.2% | CM: [TP:55, TN:76, FP:10, FN:31] | Progress: 6.7% | ETA: 125.6s ---
Epoch 3 Batch 1 | Loss: 0.557640 | Stats: min: -0.327, max: 0.059, mean: -0.194
Epoch 3 Batch 2 | Loss: 0.617531
Epoch 3 Batch 3 | Loss: 0.595163
Epoch 3 Batch 4 | Loss: 0.574023
Epoch 3 Batch 5 | Loss: 0.561591
Epoch 3 Batch 6 | Loss: 0.557435
Epoch 3 Batch 7 | Loss: 0.556593
Epoch 3 Batch 8 | Loss: 0.549177
Epoch 3 Batch 9 | Loss: 0.560419
Epoch 3 Batch 10 | Loss: 0.544953
Epoch 3 Batch 11 | Loss: 0.553527
Epoch 3 Batch 12 | Loss: 0.550931
Epoch 3 Batch 13 | Loss: 0.552536
  [STABILITY] Test accuracy improved: 76.16% -> 79.07% (via EMA). Saving best params.
--- Epoch 3/30 | Loss: 0.5640 | Train Acc: 85.5% | Test Acc: 79.1% | CM: [TP:61, TN:75, FP:11, FN:25] | Progress: 10.0% | ETA: 65.4s ---
Epoch 4 Batch 1 | Loss: 0.567135 | Stats: min: -0.294, max: 0.178, mean: -0.043
Epoch 4 Batch 2 | Loss: 0.586678
Epoch 4 Batch 3 | Loss: 0.551467
Epoch 4 Batch 4 | Loss: 0.579823
Epoch 4 Batch 5 | Loss: 0.536984
Epoch 4 Batch 6 | Loss: 0.564975
Epoch 4 Batch 7 | Loss: 0.606102
Epoch 4 Batch 8 | Loss: 0.531150
Epoch 4 Batch 9 | Loss: 0.515173
Epoch 4 Batch 10 | Loss: 0.562151
Epoch 4 Batch 11 | Loss: 0.546781
Epoch 4 Batch 12 | Loss: 0.569414
Epoch 4 Batch 13 | Loss: 0.521153
  [STABILITY] Test accuracy improved: 79.07% -> 81.98% (via EMA). Saving best params.
--- Epoch 4/30 | Loss: 0.5568 | Train Acc: 89.0% | Test Acc: 82.0% | CM: [TP:67, TN:74, FP:12, FN:19] | Progress: 13.3% | ETA: 45.5s ---
Epoch 5 Batch 1 | Loss: 0.572909 | Stats: min: -0.038, max: 0.069, mean: 0.008
Epoch 5 Batch 2 | Loss: 0.516417
Epoch 5 Batch 3 | Loss: 0.555696
Epoch 5 Batch 4 | Loss: 0.557774
Epoch 5 Batch 5 | Loss: 0.551091
Epoch 5 Batch 6 | Loss: 0.549433
Epoch 5 Batch 7 | Loss: 0.562475
Epoch 5 Batch 8 | Loss: 0.531155
Epoch 5 Batch 9 | Loss: 0.561097
Epoch 5 Batch 10 | Loss: 0.605971
Epoch 5 Batch 11 | Loss: 0.562391
Epoch 5 Batch 12 | Loss: 0.537535
Epoch 5 Batch 13 | Loss: 0.547669
  [STABILITY] Test accuracy improved: 81.98% -> 83.14% (via EMA). Saving best params.
--- Epoch 5/30 | Loss: 0.5547 | Train Acc: 89.0% | Test Acc: 83.1% | CM: [TP:70, TN:73, FP:13, FN:16] | Progress: 16.7% | ETA: 35.7s ---
Epoch 6 Batch 1 | Loss: 0.554524 | Stats: min: -0.091, max: 0.283, mean: 0.065
Epoch 6 Batch 2 | Loss: 0.586576
Epoch 6 Batch 3 | Loss: 0.570748
Epoch 6 Batch 4 | Loss: 0.571616
Epoch 6 Batch 5 | Loss: 0.528197
Epoch 6 Batch 6 | Loss: 0.501809
Epoch 6 Batch 7 | Loss: 0.558272
Epoch 6 Batch 8 | Loss: 0.543369
Epoch 6 Batch 9 | Loss: 0.522979
Epoch 6 Batch 10 | Loss: 0.542668
Epoch 6 Batch 11 | Loss: 0.527591
Epoch 6 Batch 12 | Loss: 0.593531
Epoch 6 Batch 13 | Loss: 0.591408
--- Epoch 6/30 | Loss: 0.5533 | Train Acc: 88.5% | Test Acc: 83.1% | CM: [TP:71, TN:72, FP:14, FN:15] | Progress: 20.0% | ETA: 29.6s ---
Epoch 7 Batch 1 | Loss: 0.554266 | Stats: min: -0.119, max: 0.431, mean: 0.114
Epoch 7 Batch 2 | Loss: 0.538519
Epoch 7 Batch 3 | Loss: 0.542100
Epoch 7 Batch 4 | Loss: 0.554118
Epoch 7 Batch 5 | Loss: 0.560540
Epoch 7 Batch 6 | Loss: 0.551266
Epoch 7 Batch 7 | Loss: 0.565661
Epoch 7 Batch 8 | Loss: 0.516076
Epoch 7 Batch 9 | Loss: 0.516907
Epoch 7 Batch 10 | Loss: 0.551120
Epoch 7 Batch 11 | Loss: 0.559900
Epoch 7 Batch 12 | Loss: 0.557695
Epoch 7 Batch 13 | Loss: 0.540868
  [STABILITY] Test accuracy improved: 83.14% -> 84.88% (via EMA). Saving best params.
--- Epoch 7/30 | Loss: 0.5468 | Train Acc: 87.0% | Test Acc: 84.9% | CM: [TP:75, TN:71, FP:15, FN:11] | Progress: 23.3% | ETA: 32.3s ---
Epoch 8 Batch 1 | Loss: 0.504398 | Stats: min: -0.295, max: 0.167, mean: -0.074
Epoch 8 Batch 2 | Loss: 0.572935
Epoch 8 Batch 3 | Loss: 0.535807
Epoch 8 Batch 4 | Loss: 0.550074
Epoch 8 Batch 5 | Loss: 0.511502
Epoch 8 Batch 6 | Loss: 0.531522
Epoch 8 Batch 7 | Loss: 0.544270
Epoch 8 Batch 8 | Loss: 0.556044
Epoch 8 Batch 9 | Loss: 0.550701
Epoch 8 Batch 10 | Loss: 0.557130
Epoch 8 Batch 11 | Loss: 0.546692
Epoch 8 Batch 12 | Loss: 0.581622
Epoch 8 Batch 13 | Loss: 0.553163
  [STABILITY] Test accuracy improved: 84.88% -> 86.05% (via EMA). Saving best params.
--- Epoch 8/30 | Loss: 0.5458 | Train Acc: 87.0% | Test Acc: 86.0% | CM: [TP:77, TN:71, FP:15, FN:9] | Progress: 26.7% | ETA: 22.0s ---
Epoch 9 Batch 1 | Loss: 0.520768 | Stats: min: -0.321, max: 0.110, mean: -0.106
Epoch 9 Batch 2 | Loss: 0.606482
Epoch 9 Batch 3 | Loss: 0.541041
Epoch 9 Batch 4 | Loss: 0.537029
Epoch 9 Batch 5 | Loss: 0.566273
Epoch 9 Batch 6 | Loss: 0.519307
Epoch 9 Batch 7 | Loss: 0.535705
Epoch 9 Batch 8 | Loss: 0.544703
Epoch 9 Batch 9 | Loss: 0.546337
Epoch 9 Batch 10 | Loss: 0.516064
Epoch 9 Batch 11 | Loss: 0.505806
Epoch 9 Batch 12 | Loss: 0.558608
Epoch 9 Batch 13 | Loss: 0.577641
--- Epoch 9/30 | Loss: 0.5443 | Train Acc: 86.5% | Test Acc: 86.0% | CM: [TP:77, TN:71, FP:15, FN:9] | Progress: 30.0% | ETA: 24.2s ---
Epoch 10 Batch 1 | Loss: 0.564577 | Stats: min: -0.382, max: 0.249, mean: -0.074
Epoch 10 Batch 2 | Loss: 0.536697
Epoch 10 Batch 3 | Loss: 0.538070
Epoch 10 Batch 4 | Loss: 0.529818
Epoch 10 Batch 5 | Loss: 0.543848
Epoch 10 Batch 6 | Loss: 0.539246
Epoch 10 Batch 7 | Loss: 0.541309
Epoch 10 Batch 8 | Loss: 0.509215
Epoch 10 Batch 9 | Loss: 0.543132
Epoch 10 Batch 10 | Loss: 0.539986
Epoch 10 Batch 11 | Loss: 0.525213
Epoch 10 Batch 12 | Loss: 0.546169
Epoch 10 Batch 13 | Loss: 0.554148
  [STABILITY] Test accuracy improved: 86.05% -> 87.21% (via EMA). Saving best params.
--- Epoch 10/30 | Loss: 0.5393 | Train Acc: 86.5% | Test Acc: 87.2% | CM: [TP:79, TN:71, FP:15, FN:7] | Progress: 33.3% | ETA: 27.0s ---
Epoch 11 Batch 1 | Loss: 0.498148 | Stats: min: -0.217, max: 0.375, mean: 0.097
Epoch 11 Batch 2 | Loss: 0.522957
Epoch 11 Batch 3 | Loss: 0.562146
Epoch 11 Batch 4 | Loss: 0.565265
Epoch 11 Batch 5 | Loss: 0.548132
Epoch 11 Batch 6 | Loss: 0.548221
Epoch 11 Batch 7 | Loss: 0.559439
Epoch 11 Batch 8 | Loss: 0.540760
Epoch 11 Batch 9 | Loss: 0.543422
Epoch 11 Batch 10 | Loss: 0.539610
Epoch 11 Batch 11 | Loss: 0.530828
Epoch 11 Batch 12 | Loss: 0.512334
Epoch 11 Batch 13 | Loss: 0.503774
--- Epoch 11/30 | Loss: 0.5365 | Train Acc: 87.5% | Test Acc: 86.6% | CM: [TP:78, TN:71, FP:15, FN:8] | Progress: 36.7% | ETA: 21.1s ---
Epoch 12 Batch 1 | Loss: 0.553730 | Stats: min: -0.192, max: 0.493, mean: 0.093
Epoch 12 Batch 2 | Loss: 0.546391
Epoch 12 Batch 3 | Loss: 0.543298
Epoch 12 Batch 4 | Loss: 0.524540
Epoch 12 Batch 5 | Loss: 0.516297
Epoch 12 Batch 6 | Loss: 0.545477
Epoch 12 Batch 7 | Loss: 0.554275
Epoch 12 Batch 8 | Loss: 0.524547
Epoch 12 Batch 9 | Loss: 0.530511
Epoch 12 Batch 10 | Loss: 0.535056
Epoch 12 Batch 11 | Loss: 0.522464
Epoch 12 Batch 12 | Loss: 0.520138
Epoch 12 Batch 13 | Loss: 0.541158
--- Epoch 12/30 | Loss: 0.5352 | Train Acc: 87.5% | Test Acc: 87.2% | CM: [TP:79, TN:71, FP:15, FN:7] | Progress: 40.0% | ETA: 20.4s ---
Epoch 13 Batch 1 | Loss: 0.529342 | Stats: min: -0.287, max: 0.308, mean: -0.036
Epoch 13 Batch 2 | Loss: 0.533949
Epoch 13 Batch 3 | Loss: 0.505730
Epoch 13 Batch 4 | Loss: 0.499381
Epoch 13 Batch 5 | Loss: 0.543629
Epoch 13 Batch 6 | Loss: 0.549881
Epoch 13 Batch 7 | Loss: 0.536975
Epoch 13 Batch 8 | Loss: 0.533901
Epoch 13 Batch 9 | Loss: 0.555524
Epoch 13 Batch 10 | Loss: 0.522232
Epoch 13 Batch 11 | Loss: 0.547955
Epoch 13 Batch 12 | Loss: 0.560964
Epoch 13 Batch 13 | Loss: 0.526896
  [STABILITY] Test accuracy improved: 87.21% -> 87.79% (via EMA). Saving best params.
--- Epoch 13/30 | Loss: 0.5343 | Train Acc: 87.0% | Test Acc: 87.8% | CM: [TP:79, TN:72, FP:14, FN:7] | Progress: 43.3% | ETA: 17.6s ---
Epoch 14 Batch 1 | Loss: 0.534695 | Stats: min: -0.194, max: 0.274, mean: 0.003
Epoch 14 Batch 2 | Loss: 0.571797
Epoch 14 Batch 3 | Loss: 0.495805
Epoch 14 Batch 4 | Loss: 0.478333
Epoch 14 Batch 5 | Loss: 0.528905
Epoch 14 Batch 6 | Loss: 0.535258
Epoch 14 Batch 7 | Loss: 0.517078
Epoch 14 Batch 8 | Loss: 0.485884
Epoch 14 Batch 9 | Loss: 0.566639
Epoch 14 Batch 10 | Loss: 0.550982
Epoch 14 Batch 11 | Loss: 0.547243
Epoch 14 Batch 12 | Loss: 0.548599
Epoch 14 Batch 13 | Loss: 0.511782
--- Epoch 14/30 | Loss: 0.5287 | Train Acc: 87.0% | Test Acc: 87.2% | CM: [TP:78, TN:72, FP:14, FN:8] | Progress: 46.7% | ETA: 14.9s ---
Epoch 15 Batch 1 | Loss: 0.508096 | Stats: min: -0.498, max: 0.088, mean: -0.215
Epoch 15 Batch 2 | Loss: 0.509727
Epoch 15 Batch 3 | Loss: 0.558654
Epoch 15 Batch 4 | Loss: 0.538053
Epoch 15 Batch 5 | Loss: 0.524630
Epoch 15 Batch 6 | Loss: 0.523587
Epoch 15 Batch 7 | Loss: 0.522251
Epoch 15 Batch 8 | Loss: 0.532613
Epoch 15 Batch 9 | Loss: 0.545146
Epoch 15 Batch 10 | Loss: 0.521521
Epoch 15 Batch 11 | Loss: 0.555645
Epoch 15 Batch 12 | Loss: 0.513623
Epoch 15 Batch 13 | Loss: 0.505134
  [STABILITY] Test accuracy improved: 87.79% -> 89.53% (via EMA). Saving best params.
--- Epoch 15/30 | Loss: 0.5276 | Train Acc: 87.5% | Test Acc: 89.5% | CM: [TP:79, TN:75, FP:11, FN:7] | Progress: 50.0% | ETA: 13.1s ---
Epoch 16 Batch 1 | Loss: 0.521576 | Stats: min: -0.142, max: 0.307, mean: 0.032
Epoch 16 Batch 2 | Loss: 0.514951
Epoch 16 Batch 3 | Loss: 0.537086
Epoch 16 Batch 4 | Loss: 0.538616
Epoch 16 Batch 5 | Loss: 0.499798
Epoch 16 Batch 6 | Loss: 0.529461
Epoch 16 Batch 7 | Loss: 0.534921
Epoch 16 Batch 8 | Loss: 0.539642
Epoch 16 Batch 9 | Loss: 0.514106
Epoch 16 Batch 10 | Loss: 0.508111
Epoch 16 Batch 11 | Loss: 0.553705
Epoch 16 Batch 12 | Loss: 0.555318
Epoch 16 Batch 13 | Loss: 0.571136
--- Epoch 16/30 | Loss: 0.5322 | Train Acc: 87.5% | Test Acc: 89.5% | CM: [TP:81, TN:73, FP:13, FN:5] | Progress: 53.3% | ETA: 11.5s ---
Epoch 17 Batch 1 | Loss: 0.509133 | Stats: min: -0.492, max: 0.346, mean: -0.024
Epoch 17 Batch 2 | Loss: 0.521762
Epoch 17 Batch 3 | Loss: 0.515866
Epoch 17 Batch 4 | Loss: 0.535057
Epoch 17 Batch 5 | Loss: 0.475728
Epoch 17 Batch 6 | Loss: 0.588058
Epoch 17 Batch 7 | Loss: 0.560495
Epoch 17 Batch 8 | Loss: 0.568660
Epoch 17 Batch 9 | Loss: 0.561919
Epoch 17 Batch 10 | Loss: 0.553424
Epoch 17 Batch 11 | Loss: 0.507759
Epoch 17 Batch 12 | Loss: 0.502931
Epoch 17 Batch 13 | Loss: 0.516078
  [STABILITY] Test accuracy improved: 89.53% -> 90.70% (via EMA). Saving best params.
--- Epoch 17/30 | Loss: 0.5321 | Train Acc: 89.0% | Test Acc: 90.7% | CM: [TP:80, TN:76, FP:10, FN:6] | Progress: 56.7% | ETA: 10.3s ---
Epoch 18 Batch 1 | Loss: 0.493081 | Stats: min: -0.260, max: 0.355, mean: 0.057
Epoch 18 Batch 2 | Loss: 0.548109
Epoch 18 Batch 3 | Loss: 0.518556
Epoch 18 Batch 4 | Loss: 0.529727
Epoch 18 Batch 5 | Loss: 0.561456
Epoch 18 Batch 6 | Loss: 0.604399
Epoch 18 Batch 7 | Loss: 0.548044
Epoch 18 Batch 8 | Loss: 0.484263
Epoch 18 Batch 9 | Loss: 0.553606
Epoch 18 Batch 10 | Loss: 0.513471
Epoch 18 Batch 11 | Loss: 0.553637
Epoch 18 Batch 12 | Loss: 0.514391
Epoch 18 Batch 13 | Loss: 0.462085
--- Epoch 18/30 | Loss: 0.5296 | Train Acc: 88.5% | Test Acc: 90.7% | CM: [TP:80, TN:76, FP:10, FN:6] | Progress: 60.0% | ETA: 7.5s ---
Epoch 19 Batch 1 | Loss: 0.516848 | Stats: min: -0.330, max: 0.375, mean: -0.059
Epoch 19 Batch 2 | Loss: 0.523805
Epoch 19 Batch 3 | Loss: 0.504814
Epoch 19 Batch 4 | Loss: 0.524153
Epoch 19 Batch 5 | Loss: 0.520830
Epoch 19 Batch 6 | Loss: 0.534191
Epoch 19 Batch 7 | Loss: 0.529781
Epoch 19 Batch 8 | Loss: 0.497852
Epoch 19 Batch 9 | Loss: 0.511268
Epoch 19 Batch 10 | Loss: 0.499806
Epoch 19 Batch 11 | Loss: 0.560294
Epoch 19 Batch 12 | Loss: 0.565967
Epoch 19 Batch 13 | Loss: 0.562740
--- Epoch 19/30 | Loss: 0.5271 | Train Acc: 89.5% | Test Acc: 90.7% | CM: [TP:80, TN:76, FP:10, FN:6] | Progress: 63.3% | ETA: 4.0s ---
Epoch 20 Batch 1 | Loss: 0.532183 | Stats: min: -0.298, max: 0.227, mean: -0.145
Epoch 20 Batch 2 | Loss: 0.552395
Epoch 20 Batch 3 | Loss: 0.531004
Epoch 20 Batch 4 | Loss: 0.534583
Epoch 20 Batch 5 | Loss: 0.532109
Epoch 20 Batch 6 | Loss: 0.540398
Epoch 20 Batch 7 | Loss: 0.475359
Epoch 20 Batch 8 | Loss: 0.532459
Epoch 20 Batch 9 | Loss: 0.515363
Epoch 20 Batch 10 | Loss: 0.540954
Epoch 20 Batch 11 | Loss: 0.532680
Epoch 20 Batch 12 | Loss: 0.533318
Epoch 20 Batch 13 | Loss: 0.485349
  [STABILITY] Plateau detected. Reducing Learning Rate to 0.010000
--- Epoch 20/30 | Loss: 0.5260 | Train Acc: 89.5% | Test Acc: 90.7% | CM: [TP:80, TN:76, FP:10, FN:6] | Progress: 66.7% | ETA: 3.4s ---
Epoch 21 Batch 1 | Loss: 0.548144 | Stats: min: -0.344, max: 0.152, mean: -0.149
Epoch 21 Batch 2 | Loss: 0.524031
Epoch 21 Batch 3 | Loss: 0.525012
Epoch 21 Batch 4 | Loss: 0.555519
Epoch 21 Batch 5 | Loss: 0.545914
Epoch 21 Batch 6 | Loss: 0.506741
Epoch 21 Batch 7 | Loss: 0.527777
Epoch 21 Batch 8 | Loss: 0.551383
Epoch 21 Batch 9 | Loss: 0.508949
Epoch 21 Batch 10 | Loss: 0.518064
Epoch 21 Batch 11 | Loss: 0.499087
Epoch 21 Batch 12 | Loss: 0.500449
Epoch 21 Batch 13 | Loss: 0.499012
--- Epoch 21/30 | Loss: 0.5239 | Train Acc: 90.0% | Test Acc: 90.7% | CM: [TP:80, TN:76, FP:10, FN:6] | Progress: 70.0% | ETA: 3.0s ---
Epoch 22 Batch 1 | Loss: 0.540523 | Stats: min: -0.311, max: -0.024, mean: -0.173
Epoch 22 Batch 2 | Loss: 0.492847
Epoch 22 Batch 3 | Loss: 0.532596
Epoch 22 Batch 4 | Loss: 0.532294
Epoch 22 Batch 5 | Loss: 0.514966
Epoch 22 Batch 6 | Loss: 0.543436
Epoch 22 Batch 7 | Loss: 0.490449
Epoch 22 Batch 8 | Loss: 0.520392
Epoch 22 Batch 9 | Loss: 0.544420
Epoch 22 Batch 10 | Loss: 0.529944
Epoch 22 Batch 11 | Loss: 0.534237
Epoch 22 Batch 12 | Loss: 0.511851
Epoch 22 Batch 13 | Loss: 0.475544
--- Epoch 22/30 | Loss: 0.5203 | Train Acc: 90.0% | Test Acc: 90.7% | CM: [TP:80, TN:76, FP:10, FN:6] | Progress: 73.3% | ETA: 2.5s ---
Epoch 23 Batch 1 | Loss: 0.542023 | Stats: min: -0.153, max: 0.291, mean: 0.161
Epoch 23 Batch 2 | Loss: 0.565354
Epoch 23 Batch 3 | Loss: 0.504078
Epoch 23 Batch 4 | Loss: 0.529258
Epoch 23 Batch 5 | Loss: 0.571476
Epoch 23 Batch 6 | Loss: 0.506688
Epoch 23 Batch 7 | Loss: 0.490741
Epoch 23 Batch 8 | Loss: 0.495575
Epoch 23 Batch 9 | Loss: 0.502360
Epoch 23 Batch 10 | Loss: 0.516458
Epoch 23 Batch 11 | Loss: 0.522140
Epoch 23 Batch 12 | Loss: 0.517951
Epoch 23 Batch 13 | Loss: 0.512357
  [STABILITY] Plateau detected. Reducing Learning Rate to 0.005000
--- Epoch 23/30 | Loss: 0.5213 | Train Acc: 90.0% | Test Acc: 90.7% | CM: [TP:80, TN:76, FP:10, FN:6] | Progress: 76.7% | ETA: 2.1s ---
Epoch 24 Batch 1 | Loss: 0.511078 | Stats: min: -0.361, max: 0.291, mean: -0.059
Epoch 24 Batch 2 | Loss: 0.514774
Epoch 24 Batch 3 | Loss: 0.499788
Epoch 24 Batch 4 | Loss: 0.552257
Epoch 24 Batch 5 | Loss: 0.511588
Epoch 24 Batch 6 | Loss: 0.532090
Epoch 24 Batch 7 | Loss: 0.506289
Epoch 24 Batch 8 | Loss: 0.532150
Epoch 24 Batch 9 | Loss: 0.572903
Epoch 24 Batch 10 | Loss: 0.533445
Epoch 24 Batch 11 | Loss: 0.513033
Epoch 24 Batch 12 | Loss: 0.496804
Epoch 24 Batch 13 | Loss: 0.469117
--- Epoch 24/30 | Loss: 0.5189 | Train Acc: 90.5% | Test Acc: 90.1% | CM: [TP:80, TN:75, FP:11, FN:6] | Progress: 80.0% | ETA: 1.7s ---
Epoch 25 Batch 1 | Loss: 0.528305 | Stats: min: -0.410, max: 0.206, mean: 0.027
Epoch 25 Batch 2 | Loss: 0.507763
Epoch 25 Batch 3 | Loss: 0.519048
Epoch 25 Batch 4 | Loss: 0.516814
Epoch 25 Batch 5 | Loss: 0.520286
Epoch 25 Batch 6 | Loss: 0.531382
Epoch 25 Batch 7 | Loss: 0.515531
Epoch 25 Batch 8 | Loss: 0.548335
Epoch 25 Batch 9 | Loss: 0.517603
Epoch 25 Batch 10 | Loss: 0.532906
Epoch 25 Batch 11 | Loss: 0.519626
Epoch 25 Batch 12 | Loss: 0.499400
Epoch 25 Batch 13 | Loss: 0.501899
--- Epoch 25/30 | Loss: 0.5199 | Train Acc: 91.0% | Test Acc: 90.1% | CM: [TP:80, TN:75, FP:11, FN:6] | Progress: 83.3% | ETA: 1.7s ---
Epoch 26 Batch 1 | Loss: 0.482258 | Stats: min: -0.370, max: 0.379, mean: 0.059
Epoch 26 Batch 2 | Loss: 0.514134
Epoch 26 Batch 3 | Loss: 0.511816
Epoch 26 Batch 4 | Loss: 0.524496
Epoch 26 Batch 5 | Loss: 0.571969
Epoch 26 Batch 6 | Loss: 0.486189
Epoch 26 Batch 7 | Loss: 0.497711
Epoch 26 Batch 8 | Loss: 0.502686
Epoch 26 Batch 9 | Loss: 0.536690
Epoch 26 Batch 10 | Loss: 0.520914
Epoch 26 Batch 11 | Loss: 0.535246
Epoch 26 Batch 12 | Loss: 0.554381
Epoch 26 Batch 13 | Loss: 0.536224
  [STABILITY] Plateau detected. Reducing Learning Rate to 0.002500
--- Epoch 26/30 | Loss: 0.5211 | Train Acc: 91.0% | Test Acc: 90.1% | CM: [TP:80, TN:75, FP:11, FN:6] | Progress: 86.7% | ETA: 1.5s ---
Epoch 27 Batch 1 | Loss: 0.578729 | Stats: min: -0.314, max: 0.259, mean: -0.037
Epoch 27 Batch 2 | Loss: 0.552930
Epoch 27 Batch 3 | Loss: 0.520177
Epoch 27 Batch 4 | Loss: 0.495547
Epoch 27 Batch 5 | Loss: 0.491809
Epoch 27 Batch 6 | Loss: 0.509861
Epoch 27 Batch 7 | Loss: 0.523084
Epoch 27 Batch 8 | Loss: 0.537153
Epoch 27 Batch 9 | Loss: 0.523984
Epoch 27 Batch 10 | Loss: 0.522836
Epoch 27 Batch 11 | Loss: 0.520993
Epoch 27 Batch 12 | Loss: 0.496608
Epoch 27 Batch 13 | Loss: 0.457311
--- Epoch 27/30 | Loss: 0.5178 | Train Acc: 92.0% | Test Acc: 90.7% | CM: [TP:80, TN:76, FP:10, FN:6] | Progress: 90.0% | ETA: 1.0s ---
Epoch 28 Batch 1 | Loss: 0.555498 | Stats: min: -0.107, max: 0.256, mean: 0.096
Epoch 28 Batch 2 | Loss: 0.508517
Epoch 28 Batch 3 | Loss: 0.492088
Epoch 28 Batch 4 | Loss: 0.516956
Epoch 28 Batch 5 | Loss: 0.518278
Epoch 28 Batch 6 | Loss: 0.509136
Epoch 28 Batch 7 | Loss: 0.541877
Epoch 28 Batch 8 | Loss: 0.496351
Epoch 28 Batch 9 | Loss: 0.550128
Epoch 28 Batch 10 | Loss: 0.487494
Epoch 28 Batch 11 | Loss: 0.515326
Epoch 28 Batch 12 | Loss: 0.551028
Epoch 28 Batch 13 | Loss: 0.516636
  [STABILITY] Test accuracy improved: 90.70% -> 91.28% (via EMA). Saving best params.
--- Epoch 28/30 | Loss: 0.5199 | Train Acc: 92.5% | Test Acc: 91.3% | CM: [TP:80, TN:77, FP:9, FN:6] | Progress: 93.3% | ETA: 0.7s ---
Epoch 29 Batch 1 | Loss: 0.491200 | Stats: min: -0.387, max: 0.118, mean: -0.123
Epoch 29 Batch 2 | Loss: 0.484924
Epoch 29 Batch 3 | Loss: 0.541119
Epoch 29 Batch 4 | Loss: 0.525741
Epoch 29 Batch 5 | Loss: 0.512149
Epoch 29 Batch 6 | Loss: 0.507848
Epoch 29 Batch 7 | Loss: 0.536107
Epoch 29 Batch 8 | Loss: 0.538261
Epoch 29 Batch 9 | Loss: 0.528398
Epoch 29 Batch 10 | Loss: 0.518664
Epoch 29 Batch 11 | Loss: 0.525924
Epoch 29 Batch 12 | Loss: 0.523449
Epoch 29 Batch 13 | Loss: 0.532965
--- Epoch 29/30 | Loss: 0.5205 | Train Acc: 93.0% | Test Acc: 91.3% | CM: [TP:80, TN:77, FP:9, FN:6] | Progress: 96.7% | ETA: 0.3s ---
Epoch 30 Batch 1 | Loss: 0.514806 | Stats: min: -0.328, max: 0.391, mean: 0.112
Epoch 30 Batch 2 | Loss: 0.526182
Epoch 30 Batch 3 | Loss: 0.520001
Epoch 30 Batch 4 | Loss: 0.526329
Epoch 30 Batch 5 | Loss: 0.534560
Epoch 30 Batch 6 | Loss: 0.536166
Epoch 30 Batch 7 | Loss: 0.501453
Epoch 30 Batch 8 | Loss: 0.515771
Epoch 30 Batch 9 | Loss: 0.499631
Epoch 30 Batch 10 | Loss: 0.548903
Epoch 30 Batch 11 | Loss: 0.513696
Epoch 30 Batch 12 | Loss: 0.517831
Epoch 30 Batch 13 | Loss: 0.482802
--- Epoch 30/30 | Loss: 0.5183 | Train Acc: 93.5% | Test Acc: 91.3% | CM: [TP:80, TN:77, FP:9, FN:6] | Progress: 100.0% | ETA: 0.0s ---

Final Best Test Accuracy: 91.28%


Best Quantum Test Accuracy: 0.913
