DEBUG: Qtrainer enters train_pure_quantum_cnn. Encoding: amplitude
  Class Weights: +1 (Target): 1.00 | -1 (Rest): 1.00
Starting Training
==================================================
Epoch 1 Batch 1 | Loss: 0.750978 | Stats: min: -0.066, max: 0.035, mean: -0.026
Epoch 1 Batch 2 | Loss: 0.691688
Epoch 1 Batch 3 | Loss: 0.641787
Epoch 1 Batch 4 | Loss: 0.604736
Epoch 1 Batch 5 | Loss: 0.571425
Epoch 1 Batch 6 | Loss: 0.554076
Epoch 1 Batch 7 | Loss: 0.542370
Epoch 1 Batch 8 | Loss: 0.552627
Epoch 1 Batch 9 | Loss: 0.499898
Epoch 1 Batch 10 | Loss: 0.500589
Epoch 1 Batch 11 | Loss: 0.516144
Epoch 1 Batch 12 | Loss: 0.516130
Epoch 1 Batch 13 | Loss: 0.474761
  [STABILITY] Test accuracy improved: 0.00% -> 38.37% (via EMA). Saving best params.
--- Epoch 1/30 | Loss: 0.5706 | Train Acc: 37.5% | Test Acc: 38.4% | CM: [TP:38, TN:28, FP:58, FN:48] | Progress: 3.3% | ETA: 231.6s ---
Epoch 2 Batch 1 | Loss: 0.477948 | Stats: min: -0.318, max: 0.341, mean: -0.017
Epoch 2 Batch 2 | Loss: 0.474695
Epoch 2 Batch 3 | Loss: 0.473323
Epoch 2 Batch 4 | Loss: 0.471372
Epoch 2 Batch 5 | Loss: 0.460553
Epoch 2 Batch 6 | Loss: 0.463122
Epoch 2 Batch 7 | Loss: 0.461601
Epoch 2 Batch 8 | Loss: 0.454304
Epoch 2 Batch 9 | Loss: 0.452136
Epoch 2 Batch 10 | Loss: 0.453111
Epoch 2 Batch 11 | Loss: 0.427865
Epoch 2 Batch 12 | Loss: 0.468611
Epoch 2 Batch 13 | Loss: 0.425046
  [STABILITY] Test accuracy improved: 38.37% -> 75.58% (via EMA). Saving best params.
--- Epoch 2/30 | Loss: 0.4587 | Train Acc: 70.0% | Test Acc: 75.6% | CM: [TP:72, TN:58, FP:28, FN:14] | Progress: 6.7% | ETA: 98.2s ---
Epoch 3 Batch 1 | Loss: 0.431943 | Stats: min: -0.444, max: 0.345, mean: 0.006
Epoch 3 Batch 2 | Loss: 0.425075
Epoch 3 Batch 3 | Loss: 0.436565
Epoch 3 Batch 4 | Loss: 0.427822
Epoch 3 Batch 5 | Loss: 0.425105
Epoch 3 Batch 6 | Loss: 0.396386
Epoch 3 Batch 7 | Loss: 0.409154
Epoch 3 Batch 8 | Loss: 0.410195
Epoch 3 Batch 9 | Loss: 0.405025
Epoch 3 Batch 10 | Loss: 0.383608
Epoch 3 Batch 11 | Loss: 0.415157
Epoch 3 Batch 12 | Loss: 0.398342
Epoch 3 Batch 13 | Loss: 0.353899
  [STABILITY] Test accuracy improved: 75.58% -> 90.12% (via EMA). Saving best params.
--- Epoch 3/30 | Loss: 0.4091 | Train Acc: 89.5% | Test Acc: 90.1% | CM: [TP:83, TN:72, FP:14, FN:3] | Progress: 10.0% | ETA: 73.3s ---
Epoch 4 Batch 1 | Loss: 0.384162 | Stats: min: -0.401, max: 0.455, mean: 0.108
Epoch 4 Batch 2 | Loss: 0.362805
Epoch 4 Batch 3 | Loss: 0.385418
Epoch 4 Batch 4 | Loss: 0.393965
Epoch 4 Batch 5 | Loss: 0.403463
Epoch 4 Batch 6 | Loss: 0.389014
Epoch 4 Batch 7 | Loss: 0.403256
Epoch 4 Batch 8 | Loss: 0.404082
Epoch 4 Batch 9 | Loss: 0.389937
Epoch 4 Batch 10 | Loss: 0.402497
Epoch 4 Batch 11 | Loss: 0.379171
Epoch 4 Batch 12 | Loss: 0.357415
Epoch 4 Batch 13 | Loss: 0.361437
  [STABILITY] Test accuracy improved: 90.12% -> 97.09% (via EMA). Saving best params.
--- Epoch 4/30 | Loss: 0.3859 | Train Acc: 95.0% | Test Acc: 97.1% | CM: [TP:86, TN:81, FP:5, FN:0] | Progress: 13.3% | ETA: 62.8s ---
Epoch 5 Batch 1 | Loss: 0.380501 | Stats: min: -0.437, max: 0.421, mean: 0.051
Epoch 5 Batch 2 | Loss: 0.381926
Epoch 5 Batch 3 | Loss: 0.384411
Epoch 5 Batch 4 | Loss: 0.342586
Epoch 5 Batch 5 | Loss: 0.396208
Epoch 5 Batch 6 | Loss: 0.373137
Epoch 5 Batch 7 | Loss: 0.406133
Epoch 5 Batch 8 | Loss: 0.357398
Epoch 5 Batch 9 | Loss: 0.345551
Epoch 5 Batch 10 | Loss: 0.337682
Epoch 5 Batch 11 | Loss: 0.372243
Epoch 5 Batch 12 | Loss: 0.387334
Epoch 5 Batch 13 | Loss: 0.353191
  [STABILITY] Test accuracy improved: 97.09% -> 99.42% (via EMA). Saving best params.
--- Epoch 5/30 | Loss: 0.3706 | Train Acc: 99.0% | Test Acc: 99.4% | CM: [TP:86, TN:85, FP:1, FN:0] | Progress: 16.7% | ETA: 36.1s ---
Epoch 6 Batch 1 | Loss: 0.349998 | Stats: min: -0.293, max: 0.555, mean: 0.205
Epoch 6 Batch 2 | Loss: 0.351608
Epoch 6 Batch 3 | Loss: 0.362055
Epoch 6 Batch 4 | Loss: 0.375460
Epoch 6 Batch 5 | Loss: 0.358913
Epoch 6 Batch 6 | Loss: 0.354489
Epoch 6 Batch 7 | Loss: 0.351654
Epoch 6 Batch 8 | Loss: 0.386975
Epoch 6 Batch 9 | Loss: 0.357808
Epoch 6 Batch 10 | Loss: 0.355260
Epoch 6 Batch 11 | Loss: 0.344028
Epoch 6 Batch 12 | Loss: 0.335279
Epoch 6 Batch 13 | Loss: 0.374361
--- Epoch 6/30 | Loss: 0.3583 | Train Acc: 99.0% | Test Acc: 99.4% | CM: [TP:86, TN:85, FP:1, FN:0] | Progress: 20.0% | ETA: 34.1s ---
Epoch 7 Batch 1 | Loss: 0.355627 | Stats: min: -0.440, max: 0.549, mean: 0.247
Epoch 7 Batch 2 | Loss: 0.341841
Epoch 7 Batch 3 | Loss: 0.356568
Epoch 7 Batch 4 | Loss: 0.345149
Epoch 7 Batch 5 | Loss: 0.348750
Epoch 7 Batch 6 | Loss: 0.338767
Epoch 7 Batch 7 | Loss: 0.347320
Epoch 7 Batch 8 | Loss: 0.343625
Epoch 7 Batch 9 | Loss: 0.349810
Epoch 7 Batch 10 | Loss: 0.332095
Epoch 7 Batch 11 | Loss: 0.338838
Epoch 7 Batch 12 | Loss: 0.343480
Epoch 7 Batch 13 | Loss: 0.317720
--- Epoch 7/30 | Loss: 0.3430 | Train Acc: 98.5% | Test Acc: 99.4% | CM: [TP:86, TN:85, FP:1, FN:0] | Progress: 23.3% | ETA: 38.7s ---
Epoch 8 Batch 1 | Loss: 0.338753 | Stats: min: -0.527, max: 0.462, mean: -0.077
Epoch 8 Batch 2 | Loss: 0.331387
Epoch 8 Batch 3 | Loss: 0.352192
Epoch 8 Batch 4 | Loss: 0.348350
Epoch 8 Batch 5 | Loss: 0.332832
Epoch 8 Batch 6 | Loss: 0.316707
Epoch 8 Batch 7 | Loss: 0.319439
Epoch 8 Batch 8 | Loss: 0.324314
Epoch 8 Batch 9 | Loss: 0.330118
Epoch 8 Batch 10 | Loss: 0.348659
Epoch 8 Batch 11 | Loss: 0.320512
Epoch 8 Batch 12 | Loss: 0.335748
Epoch 8 Batch 13 | Loss: 0.323711
  [STABILITY] Plateau detected. Reducing Learning Rate to 0.010000
--- Epoch 8/30 | Loss: 0.3325 | Train Acc: 98.5% | Test Acc: 99.4% | CM: [TP:86, TN:85, FP:1, FN:0] | Progress: 26.7% | ETA: 22.5s ---
Epoch 9 Batch 1 | Loss: 0.315631 | Stats: min: -0.586, max: 0.603, mean: 0.062
Epoch 9 Batch 2 | Loss: 0.317355
Epoch 9 Batch 3 | Loss: 0.327006
Epoch 9 Batch 4 | Loss: 0.371012
Epoch 9 Batch 5 | Loss: 0.342977
Epoch 9 Batch 6 | Loss: 0.320398
Epoch 9 Batch 7 | Loss: 0.314607
Epoch 9 Batch 8 | Loss: 0.304780
Epoch 9 Batch 9 | Loss: 0.332299
Epoch 9 Batch 10 | Loss: 0.322772
Epoch 9 Batch 11 | Loss: 0.330096
Epoch 9 Batch 12 | Loss: 0.312797
Epoch 9 Batch 13 | Loss: 0.323887
--- Epoch 9/30 | Loss: 0.3258 | Train Acc: 98.5% | Test Acc: 99.4% | CM: [TP:85, TN:86, FP:0, FN:1] | Progress: 30.0% | ETA: 28.0s ---
Epoch 10 Batch 1 | Loss: 0.306104 | Stats: min: -0.527, max: 0.546, mean: -0.256
Epoch 10 Batch 2 | Loss: 0.329343
Epoch 10 Batch 3 | Loss: 0.341029
Epoch 10 Batch 4 | Loss: 0.315535
Epoch 10 Batch 5 | Loss: 0.342931
Epoch 10 Batch 6 | Loss: 0.306677
Epoch 10 Batch 7 | Loss: 0.310759
Epoch 10 Batch 8 | Loss: 0.329627
Epoch 10 Batch 9 | Loss: 0.323672
Epoch 10 Batch 10 | Loss: 0.355894
Epoch 10 Batch 11 | Loss: 0.300906
Epoch 10 Batch 12 | Loss: 0.300982
Epoch 10 Batch 13 | Loss: 0.308127
--- Epoch 10/30 | Loss: 0.3209 | Train Acc: 98.5% | Test Acc: 99.4% | CM: [TP:85, TN:86, FP:0, FN:1] | Progress: 33.3% | ETA: 25.6s ---
Epoch 11 Batch 1 | Loss: 0.321116 | Stats: min: -0.567, max: 0.569, mean: -0.093
Epoch 11 Batch 2 | Loss: 0.325455
Epoch 11 Batch 3 | Loss: 0.332337
Epoch 11 Batch 4 | Loss: 0.323917
Epoch 11 Batch 5 | Loss: 0.317843
Epoch 11 Batch 6 | Loss: 0.321148
Epoch 11 Batch 7 | Loss: 0.310492
Epoch 11 Batch 8 | Loss: 0.304053
Epoch 11 Batch 9 | Loss: 0.305061
Epoch 11 Batch 10 | Loss: 0.323706
Epoch 11 Batch 11 | Loss: 0.327629
Epoch 11 Batch 12 | Loss: 0.317089
Epoch 11 Batch 13 | Loss: 0.304323
  [STABILITY] Plateau detected. Reducing Learning Rate to 0.005000
--- Epoch 11/30 | Loss: 0.3180 | Train Acc: 98.5% | Test Acc: 98.8% | CM: [TP:84, TN:86, FP:0, FN:2] | Progress: 36.7% | ETA: 19.9s ---
Epoch 12 Batch 1 | Loss: 0.325136 | Stats: min: -0.594, max: 0.267, mean: -0.356
Epoch 12 Batch 2 | Loss: 0.307432
Epoch 12 Batch 3 | Loss: 0.315783
Epoch 12 Batch 4 | Loss: 0.335478
Epoch 12 Batch 5 | Loss: 0.338952
Epoch 12 Batch 6 | Loss: 0.293673
Epoch 12 Batch 7 | Loss: 0.340776
Epoch 12 Batch 8 | Loss: 0.317793
Epoch 12 Batch 9 | Loss: 0.308220
Epoch 12 Batch 10 | Loss: 0.304002
Epoch 12 Batch 11 | Loss: 0.296463
Epoch 12 Batch 12 | Loss: 0.298953
Epoch 12 Batch 13 | Loss: 0.338597
--- Epoch 12/30 | Loss: 0.3170 | Train Acc: 98.5% | Test Acc: 99.4% | CM: [TP:85, TN:86, FP:0, FN:1] | Progress: 40.0% | ETA: 11.1s ---
Epoch 13 Batch 1 | Loss: 0.320918 | Stats: min: -0.400, max: 0.476, mean: 0.083
Epoch 13 Batch 2 | Loss: 0.291815
Epoch 13 Batch 3 | Loss: 0.294476
Epoch 13 Batch 4 | Loss: 0.313506
Epoch 13 Batch 5 | Loss: 0.308929
Epoch 13 Batch 6 | Loss: 0.310625
Epoch 13 Batch 7 | Loss: 0.352355
Epoch 13 Batch 8 | Loss: 0.330938
Epoch 13 Batch 9 | Loss: 0.310460
Epoch 13 Batch 10 | Loss: 0.331127
Epoch 13 Batch 11 | Loss: 0.303477
Epoch 13 Batch 12 | Loss: 0.312277
Epoch 13 Batch 13 | Loss: 0.310281
--- Epoch 13/30 | Loss: 0.3147 | Train Acc: 98.5% | Test Acc: 99.4% | CM: [TP:85, TN:86, FP:0, FN:1] | Progress: 43.3% | ETA: 10.3s ---
Epoch 14 Batch 1 | Loss: 0.338752 | Stats: min: -0.430, max: 0.599, mean: 0.065
Epoch 14 Batch 2 | Loss: 0.321093
Epoch 14 Batch 3 | Loss: 0.292925
Epoch 14 Batch 4 | Loss: 0.309584
Epoch 14 Batch 5 | Loss: 0.329069
Epoch 14 Batch 6 | Loss: 0.335630
Epoch 14 Batch 7 | Loss: 0.303080
Epoch 14 Batch 8 | Loss: 0.298445
Epoch 14 Batch 9 | Loss: 0.312886
Epoch 14 Batch 10 | Loss: 0.305014
Epoch 14 Batch 11 | Loss: 0.297291
Epoch 14 Batch 12 | Loss: 0.338242
Epoch 14 Batch 13 | Loss: 0.272471
  [STABILITY] Test accuracy improved: 99.42% -> 100.00% (via EMA). Saving best params.
--- Epoch 14/30 | Loss: 0.3119 | Train Acc: 99.0% | Test Acc: 100.0% | CM: [TP:86, TN:86, FP:0, FN:0] | Progress: 46.7% | ETA: 10.4s ---
Epoch 15 Batch 1 | Loss: 0.317782 | Stats: min: -0.550, max: 0.545, mean: 0.240
Epoch 15 Batch 2 | Loss: 0.287994
Epoch 15 Batch 3 | Loss: 0.315973
Epoch 15 Batch 4 | Loss: 0.289608
Epoch 15 Batch 5 | Loss: 0.345664
Epoch 15 Batch 6 | Loss: 0.303958
Epoch 15 Batch 7 | Loss: 0.327110
Epoch 15 Batch 8 | Loss: 0.335164
Epoch 15 Batch 9 | Loss: 0.303951
Epoch 15 Batch 10 | Loss: 0.313916
Epoch 15 Batch 11 | Loss: 0.297483
Epoch 15 Batch 12 | Loss: 0.313675
Epoch 15 Batch 13 | Loss: 0.294692
--- Epoch 15/30 | Loss: 0.3113 | Train Acc: 99.0% | Test Acc: 100.0% | CM: [TP:86, TN:86, FP:0, FN:0] | Progress: 50.0% | ETA: 8.0s ---
Epoch 16 Batch 1 | Loss: 0.328759 | Stats: min: -0.614, max: 0.572, mean: -0.286
Epoch 16 Batch 2 | Loss: 0.311088
Epoch 16 Batch 3 | Loss: 0.299422
Epoch 16 Batch 4 | Loss: 0.304875
Epoch 16 Batch 5 | Loss: 0.302759
Epoch 16 Batch 6 | Loss: 0.317404
Epoch 16 Batch 7 | Loss: 0.325005
Epoch 16 Batch 8 | Loss: 0.298097
Epoch 16 Batch 9 | Loss: 0.298917
Epoch 16 Batch 10 | Loss: 0.313829
Epoch 16 Batch 11 | Loss: 0.311988
Epoch 16 Batch 12 | Loss: 0.300954
Epoch 16 Batch 13 | Loss: 0.336390
--- Epoch 16/30 | Loss: 0.3115 | Train Acc: 99.0% | Test Acc: 100.0% | CM: [TP:86, TN:86, FP:0, FN:0] | Progress: 53.3% | ETA: 7.0s ---
Epoch 17 Batch 1 | Loss: 0.277375 | Stats: min: -0.425, max: 0.580, mean: 0.328
Epoch 17 Batch 2 | Loss: 0.307361
Epoch 17 Batch 3 | Loss: 0.329494
Epoch 17 Batch 4 | Loss: 0.317434
Epoch 17 Batch 5 | Loss: 0.293669
Epoch 17 Batch 6 | Loss: 0.308526
Epoch 17 Batch 7 | Loss: 0.304281
Epoch 17 Batch 8 | Loss: 0.303999
Epoch 17 Batch 9 | Loss: 0.311314
Epoch 17 Batch 10 | Loss: 0.323273
Epoch 17 Batch 11 | Loss: 0.309907
Epoch 17 Batch 12 | Loss: 0.313567
Epoch 17 Batch 13 | Loss: 0.306927
  [STABILITY] Plateau detected. Reducing Learning Rate to 0.002500
--- Epoch 17/30 | Loss: 0.3082 | Train Acc: 99.0% | Test Acc: 99.4% | CM: [TP:86, TN:85, FP:1, FN:0] | Progress: 56.7% | ETA: 6.5s ---
Epoch 18 Batch 1 | Loss: 0.289658 | Stats: min: -0.281, max: 0.610, mean: 0.395
Epoch 18 Batch 2 | Loss: 0.282970
Epoch 18 Batch 3 | Loss: 0.299318
Epoch 18 Batch 4 | Loss: 0.301770
Epoch 18 Batch 5 | Loss: 0.313883
Epoch 18 Batch 6 | Loss: 0.300047
Epoch 18 Batch 7 | Loss: 0.329854
Epoch 18 Batch 8 | Loss: 0.342798
Epoch 18 Batch 9 | Loss: 0.297330
Epoch 18 Batch 10 | Loss: 0.320598
Epoch 18 Batch 11 | Loss: 0.285397
Epoch 18 Batch 12 | Loss: 0.316348
Epoch 18 Batch 13 | Loss: 0.306635
--- Epoch 18/30 | Loss: 0.3067 | Train Acc: 99.0% | Test Acc: 99.4% | CM: [TP:86, TN:85, FP:1, FN:0] | Progress: 60.0% | ETA: 5.5s ---
Epoch 19 Batch 1 | Loss: 0.279470 | Stats: min: -0.441, max: 0.582, mean: 0.177
Epoch 19 Batch 2 | Loss: 0.293900
Epoch 19 Batch 3 | Loss: 0.313329
Epoch 19 Batch 4 | Loss: 0.308814
Epoch 19 Batch 5 | Loss: 0.290102
Epoch 19 Batch 6 | Loss: 0.312147
Epoch 19 Batch 7 | Loss: 0.310645
Epoch 19 Batch 8 | Loss: 0.309116
Epoch 19 Batch 9 | Loss: 0.285324
Epoch 19 Batch 10 | Loss: 0.336865
Epoch 19 Batch 11 | Loss: 0.315868
Epoch 19 Batch 12 | Loss: 0.305585
Epoch 19 Batch 13 | Loss: 0.314499
--- Epoch 19/30 | Loss: 0.3058 | Train Acc: 99.0% | Test Acc: 99.4% | CM: [TP:86, TN:85, FP:1, FN:0] | Progress: 63.3% | ETA: 4.6s ---
Epoch 20 Batch 1 | Loss: 0.316158 | Stats: min: -0.523, max: 0.442, mean: 0.072
Epoch 20 Batch 2 | Loss: 0.310085
Epoch 20 Batch 3 | Loss: 0.307775
Epoch 20 Batch 4 | Loss: 0.318530
Epoch 20 Batch 5 | Loss: 0.340860
Epoch 20 Batch 6 | Loss: 0.306728
Epoch 20 Batch 7 | Loss: 0.289245
Epoch 20 Batch 8 | Loss: 0.291591
Epoch 20 Batch 9 | Loss: 0.297027
Epoch 20 Batch 10 | Loss: 0.292358
Epoch 20 Batch 11 | Loss: 0.298493
Epoch 20 Batch 12 | Loss: 0.295486
Epoch 20 Batch 13 | Loss: 0.273703
  [STABILITY] Plateau detected. Reducing Learning Rate to 0.001250
--- Epoch 20/30 | Loss: 0.3029 | Train Acc: 99.0% | Test Acc: 99.4% | CM: [TP:86, TN:85, FP:1, FN:0] | Progress: 66.7% | ETA: 3.8s ---
Epoch 21 Batch 1 | Loss: 0.304901 | Stats: min: -0.461, max: 0.557, mean: 0.155
Epoch 21 Batch 2 | Loss: 0.296929
Epoch 21 Batch 3 | Loss: 0.303696
Epoch 21 Batch 4 | Loss: 0.300677
Epoch 21 Batch 5 | Loss: 0.307322
Epoch 21 Batch 6 | Loss: 0.287850
Epoch 21 Batch 7 | Loss: 0.318937
Epoch 21 Batch 8 | Loss: 0.313295
Epoch 21 Batch 9 | Loss: 0.311705
Epoch 21 Batch 10 | Loss: 0.291887
Epoch 21 Batch 11 | Loss: 0.301059
Epoch 21 Batch 12 | Loss: 0.298832
Epoch 21 Batch 13 | Loss: 0.301463
--- Epoch 21/30 | Loss: 0.3030 | Train Acc: 99.0% | Test Acc: 99.4% | CM: [TP:86, TN:85, FP:1, FN:0] | Progress: 70.0% | ETA: 3.8s ---
Epoch 22 Batch 1 | Loss: 0.302331 | Stats: min: -0.505, max: 0.581, mean: 0.016
Epoch 22 Batch 2 | Loss: 0.273385
Epoch 22 Batch 3 | Loss: 0.341973
Epoch 22 Batch 4 | Loss: 0.319867
Epoch 22 Batch 5 | Loss: 0.297183
Epoch 22 Batch 6 | Loss: 0.272331
Epoch 22 Batch 7 | Loss: 0.286088
Epoch 22 Batch 8 | Loss: 0.305799
Epoch 22 Batch 9 | Loss: 0.310169
Epoch 22 Batch 10 | Loss: 0.324048
Epoch 22 Batch 11 | Loss: 0.306541
Epoch 22 Batch 12 | Loss: 0.282656
Epoch 22 Batch 13 | Loss: 0.314787
--- Epoch 22/30 | Loss: 0.3029 | Train Acc: 99.0% | Test Acc: 99.4% | CM: [TP:86, TN:85, FP:1, FN:0] | Progress: 73.3% | ETA: 3.8s ---
Epoch 23 Batch 1 | Loss: 0.296022 | Stats: min: -0.537, max: 0.610, mean: 0.066
Epoch 23 Batch 2 | Loss: 0.282274
Epoch 23 Batch 3 | Loss: 0.288766
Epoch 23 Batch 4 | Loss: 0.331615
Epoch 23 Batch 5 | Loss: 0.307923
Epoch 23 Batch 6 | Loss: 0.320746
Epoch 23 Batch 7 | Loss: 0.270043
Epoch 23 Batch 8 | Loss: 0.287654
Epoch 23 Batch 9 | Loss: 0.296648
Epoch 23 Batch 10 | Loss: 0.308591
Epoch 23 Batch 11 | Loss: 0.305746
Epoch 23 Batch 12 | Loss: 0.322320
Epoch 23 Batch 13 | Loss: 0.305393
  [STABILITY] Plateau detected. Reducing Learning Rate to 0.000625
--- Epoch 23/30 | Loss: 0.3018 | Train Acc: 99.0% | Test Acc: 99.4% | CM: [TP:86, TN:85, FP:1, FN:0] | Progress: 76.7% | ETA: 2.8s ---
Epoch 24 Batch 1 | Loss: 0.329091 | Stats: min: -0.614, max: 0.457, mean: 0.016
Epoch 24 Batch 2 | Loss: 0.316644
Epoch 24 Batch 3 | Loss: 0.285959
Epoch 24 Batch 4 | Loss: 0.303922
Epoch 24 Batch 5 | Loss: 0.299376
Epoch 24 Batch 6 | Loss: 0.268081
Epoch 24 Batch 7 | Loss: 0.290281
Epoch 24 Batch 8 | Loss: 0.294221
Epoch 24 Batch 9 | Loss: 0.297661
Epoch 24 Batch 10 | Loss: 0.336670
Epoch 24 Batch 11 | Loss: 0.301218
Epoch 24 Batch 12 | Loss: 0.288799
Epoch 24 Batch 13 | Loss: 0.303340
--- Epoch 24/30 | Loss: 0.3012 | Train Acc: 99.0% | Test Acc: 99.4% | CM: [TP:86, TN:85, FP:1, FN:0] | Progress: 80.0% | ETA: 2.6s ---
Epoch 25 Batch 1 | Loss: 0.323125 | Stats: min: -0.622, max: 0.472, mean: -0.098
Epoch 25 Batch 2 | Loss: 0.315530
Epoch 25 Batch 3 | Loss: 0.278364
Epoch 25 Batch 4 | Loss: 0.308437
Epoch 25 Batch 5 | Loss: 0.284184
Epoch 25 Batch 6 | Loss: 0.302486
Epoch 25 Batch 7 | Loss: 0.326553
Epoch 25 Batch 8 | Loss: 0.293898
Epoch 25 Batch 9 | Loss: 0.285960
Epoch 25 Batch 10 | Loss: 0.279676
Epoch 25 Batch 11 | Loss: 0.299102
Epoch 25 Batch 12 | Loss: 0.300121
Epoch 25 Batch 13 | Loss: 0.324975
--- Epoch 25/30 | Loss: 0.3017 | Train Acc: 99.0% | Test Acc: 99.4% | CM: [TP:86, TN:85, FP:1, FN:0] | Progress: 83.3% | ETA: 2.4s ---
Epoch 26 Batch 1 | Loss: 0.281981 | Stats: min: -0.601, max: 0.582, mean: 0.090
Epoch 26 Batch 2 | Loss: 0.312433
Epoch 26 Batch 3 | Loss: 0.299942
Epoch 26 Batch 4 | Loss: 0.301316
Epoch 26 Batch 5 | Loss: 0.282671
Epoch 26 Batch 6 | Loss: 0.298219
Epoch 26 Batch 7 | Loss: 0.329538
Epoch 26 Batch 8 | Loss: 0.322117
Epoch 26 Batch 9 | Loss: 0.308718
Epoch 26 Batch 10 | Loss: 0.295982
Epoch 26 Batch 11 | Loss: 0.286925
Epoch 26 Batch 12 | Loss: 0.287798
Epoch 26 Batch 13 | Loss: 0.293820
  [STABILITY] Plateau detected. Reducing Learning Rate to 0.000313
--- Epoch 26/30 | Loss: 0.3001 | Train Acc: 99.0% | Test Acc: 99.4% | CM: [TP:86, TN:85, FP:1, FN:0] | Progress: 86.7% | ETA: 2.3s ---
Epoch 27 Batch 1 | Loss: 0.288994 | Stats: min: -0.526, max: 0.516, mean: -0.114
Epoch 27 Batch 2 | Loss: 0.346079
Epoch 27 Batch 3 | Loss: 0.307759
Epoch 27 Batch 4 | Loss: 0.296085
Epoch 27 Batch 5 | Loss: 0.308778
Epoch 27 Batch 6 | Loss: 0.290493
Epoch 27 Batch 7 | Loss: 0.309125
Epoch 27 Batch 8 | Loss: 0.289798
Epoch 27 Batch 9 | Loss: 0.299758
Epoch 27 Batch 10 | Loss: 0.289835
Epoch 27 Batch 11 | Loss: 0.292008
Epoch 27 Batch 12 | Loss: 0.270466
Epoch 27 Batch 13 | Loss: 0.325157
--- Epoch 27/30 | Loss: 0.3011 | Train Acc: 99.0% | Test Acc: 99.4% | CM: [TP:86, TN:85, FP:1, FN:0] | Progress: 90.0% | ETA: 1.8s ---
Epoch 28 Batch 1 | Loss: 0.283153 | Stats: min: -0.460, max: 0.607, mean: 0.297
Epoch 28 Batch 2 | Loss: 0.303486
Epoch 28 Batch 3 | Loss: 0.309119
Epoch 28 Batch 4 | Loss: 0.299124
Epoch 28 Batch 5 | Loss: 0.292858
Epoch 28 Batch 6 | Loss: 0.273882
Epoch 28 Batch 7 | Loss: 0.310389
Epoch 28 Batch 8 | Loss: 0.298914
Epoch 28 Batch 9 | Loss: 0.308227
Epoch 28 Batch 10 | Loss: 0.305803
Epoch 28 Batch 11 | Loss: 0.319442
Epoch 28 Batch 12 | Loss: 0.297413
Epoch 28 Batch 13 | Loss: 0.293454
--- Epoch 28/30 | Loss: 0.2996 | Train Acc: 99.0% | Test Acc: 99.4% | CM: [TP:86, TN:85, FP:1, FN:0] | Progress: 93.3% | ETA: 1.1s ---
Epoch 29 Batch 1 | Loss: 0.296524 | Stats: min: -0.568, max: 0.611, mean: -0.114
Epoch 29 Batch 2 | Loss: 0.307681
Epoch 29 Batch 3 | Loss: 0.293595
Epoch 29 Batch 4 | Loss: 0.319129
Epoch 29 Batch 5 | Loss: 0.312351
Epoch 29 Batch 6 | Loss: 0.269113
Epoch 29 Batch 7 | Loss: 0.289241
Epoch 29 Batch 8 | Loss: 0.306264
Epoch 29 Batch 9 | Loss: 0.298732
Epoch 29 Batch 10 | Loss: 0.314246
Epoch 29 Batch 11 | Loss: 0.318297
Epoch 29 Batch 12 | Loss: 0.279411
Epoch 29 Batch 13 | Loss: 0.282317
  [STABILITY] Plateau detected. Reducing Learning Rate to 0.000156
--- Epoch 29/30 | Loss: 0.2990 | Train Acc: 99.0% | Test Acc: 99.4% | CM: [TP:86, TN:85, FP:1, FN:0] | Progress: 96.7% | ETA: 0.5s ---
Epoch 30 Batch 1 | Loss: 0.293034 | Stats: min: -0.524, max: 0.616, mean: 0.138
Epoch 30 Batch 2 | Loss: 0.279959
Epoch 30 Batch 3 | Loss: 0.288459
Epoch 30 Batch 4 | Loss: 0.313995
Epoch 30 Batch 5 | Loss: 0.305811
Epoch 30 Batch 6 | Loss: 0.297416
Epoch 30 Batch 7 | Loss: 0.294038
Epoch 30 Batch 8 | Loss: 0.309332
Epoch 30 Batch 9 | Loss: 0.292894
Epoch 30 Batch 10 | Loss: 0.330789
Epoch 30 Batch 11 | Loss: 0.302206
Epoch 30 Batch 12 | Loss: 0.282190
Epoch 30 Batch 13 | Loss: 0.309391
--- Epoch 30/30 | Loss: 0.3000 | Train Acc: 99.0% | Test Acc: 99.4% | CM: [TP:86, TN:85, FP:1, FN:0] | Progress: 100.0% | ETA: 0.0s ---

Final Best Test Accuracy: 100.00%


Best Quantum Test Accuracy: 1.000
