DEBUG: Qtrainer enters train_pure_quantum_cnn. Encoding: amplitude
  Class Weights: +1 (Target): 1.00 | -1 (Rest): 1.00
Starting Training
==================================================
Epoch 1 Batch 1 | Loss: 0.719008 | Stats: min: -0.005, max: 0.136, mean: 0.068
Epoch 1 Batch 2 | Loss: 0.654597
Epoch 1 Batch 3 | Loss: 0.580278
Epoch 1 Batch 4 | Loss: 0.595393
Epoch 1 Batch 5 | Loss: 0.590421
Epoch 1 Batch 6 | Loss: 0.559169
Epoch 1 Batch 7 | Loss: 0.568172
Epoch 1 Batch 8 | Loss: 0.514528
Epoch 1 Batch 9 | Loss: 0.483350
Epoch 1 Batch 10 | Loss: 0.476070
Epoch 1 Batch 11 | Loss: 0.486356
Epoch 1 Batch 12 | Loss: 0.461456
Epoch 1 Batch 13 | Loss: 0.404469
  [STABILITY] Test accuracy improved: 0.00% -> 59.88% (via EMA). Saving best params.
--- Epoch 1/30 | Loss: 0.5456 | Train Acc: 54.0% | Test Acc: 59.9% | CM: [TP:81, TN:22, FP:64, FN:5] | Progress: 3.3% | ETA: 204.0s ---
Epoch 2 Batch 1 | Loss: 0.464159 | Stats: min: -0.376, max: 0.304, mean: 0.126
Epoch 2 Batch 2 | Loss: 0.456432
Epoch 2 Batch 3 | Loss: 0.432063
Epoch 2 Batch 4 | Loss: 0.429116
Epoch 2 Batch 5 | Loss: 0.428399
Epoch 2 Batch 6 | Loss: 0.476259
Epoch 2 Batch 7 | Loss: 0.444024
Epoch 2 Batch 8 | Loss: 0.411219
Epoch 2 Batch 9 | Loss: 0.408060
Epoch 2 Batch 10 | Loss: 0.413249
Epoch 2 Batch 11 | Loss: 0.425282
Epoch 2 Batch 12 | Loss: 0.428801
Epoch 2 Batch 13 | Loss: 0.405092
  [STABILITY] Test accuracy improved: 59.88% -> 82.56% (via EMA). Saving best params.
--- Epoch 2/30 | Loss: 0.4325 | Train Acc: 85.5% | Test Acc: 82.6% | CM: [TP:82, TN:60, FP:26, FN:4] | Progress: 6.7% | ETA: 99.1s ---
Epoch 3 Batch 1 | Loss: 0.395927 | Stats: min: -0.347, max: 0.460, mean: 0.235
Epoch 3 Batch 2 | Loss: 0.410577
Epoch 3 Batch 3 | Loss: 0.424902
Epoch 3 Batch 4 | Loss: 0.381816
Epoch 3 Batch 5 | Loss: 0.434225
Epoch 3 Batch 6 | Loss: 0.385424
Epoch 3 Batch 7 | Loss: 0.376110
Epoch 3 Batch 8 | Loss: 0.405395
Epoch 3 Batch 9 | Loss: 0.365444
Epoch 3 Batch 10 | Loss: 0.397412
Epoch 3 Batch 11 | Loss: 0.378029
Epoch 3 Batch 12 | Loss: 0.383963
Epoch 3 Batch 13 | Loss: 0.411421
  [STABILITY] Test accuracy improved: 82.56% -> 95.93% (via EMA). Saving best params.
--- Epoch 3/30 | Loss: 0.3962 | Train Acc: 95.5% | Test Acc: 95.9% | CM: [TP:83, TN:82, FP:4, FN:3] | Progress: 10.0% | ETA: 63.9s ---
Epoch 4 Batch 1 | Loss: 0.366924 | Stats: min: -0.423, max: 0.470, mean: 0.108
Epoch 4 Batch 2 | Loss: 0.358355
Epoch 4 Batch 3 | Loss: 0.364341
Epoch 4 Batch 4 | Loss: 0.372454
Epoch 4 Batch 5 | Loss: 0.387496
Epoch 4 Batch 6 | Loss: 0.358574
Epoch 4 Batch 7 | Loss: 0.358778
Epoch 4 Batch 8 | Loss: 0.382740
Epoch 4 Batch 9 | Loss: 0.364029
Epoch 4 Batch 10 | Loss: 0.378969
Epoch 4 Batch 11 | Loss: 0.399595
Epoch 4 Batch 12 | Loss: 0.377048
Epoch 4 Batch 13 | Loss: 0.386267
  [STABILITY] Test accuracy improved: 95.93% -> 97.67% (via EMA). Saving best params.
--- Epoch 4/30 | Loss: 0.3735 | Train Acc: 98.0% | Test Acc: 97.7% | CM: [TP:83, TN:85, FP:1, FN:3] | Progress: 13.3% | ETA: 45.6s ---
Epoch 5 Batch 1 | Loss: 0.382873 | Stats: min: -0.339, max: 0.498, mean: 0.279
Epoch 5 Batch 2 | Loss: 0.352747
Epoch 5 Batch 3 | Loss: 0.366068
Epoch 5 Batch 4 | Loss: 0.365344
Epoch 5 Batch 5 | Loss: 0.345434
Epoch 5 Batch 6 | Loss: 0.329510
Epoch 5 Batch 7 | Loss: 0.360798
Epoch 5 Batch 8 | Loss: 0.360746
Epoch 5 Batch 9 | Loss: 0.330880
Epoch 5 Batch 10 | Loss: 0.355189
Epoch 5 Batch 11 | Loss: 0.333680
Epoch 5 Batch 12 | Loss: 0.386044
Epoch 5 Batch 13 | Loss: 0.355401
  [STABILITY] Test accuracy improved: 97.67% -> 98.84% (via EMA). Saving best params.
--- Epoch 5/30 | Loss: 0.3557 | Train Acc: 98.5% | Test Acc: 98.8% | CM: [TP:85, TN:85, FP:1, FN:1] | Progress: 16.7% | ETA: 36.3s ---
Epoch 6 Batch 1 | Loss: 0.362129 | Stats: min: -0.518, max: 0.011, mean: -0.254
Epoch 6 Batch 2 | Loss: 0.357811
Epoch 6 Batch 3 | Loss: 0.335731
Epoch 6 Batch 4 | Loss: 0.338473
Epoch 6 Batch 5 | Loss: 0.336622
Epoch 6 Batch 6 | Loss: 0.356395
Epoch 6 Batch 7 | Loss: 0.345694
Epoch 6 Batch 8 | Loss: 0.344348
Epoch 6 Batch 9 | Loss: 0.346715
Epoch 6 Batch 10 | Loss: 0.319769
Epoch 6 Batch 11 | Loss: 0.348121
Epoch 6 Batch 12 | Loss: 0.325022
Epoch 6 Batch 13 | Loss: 0.345854
--- Epoch 6/30 | Loss: 0.3433 | Train Acc: 99.0% | Test Acc: 98.8% | CM: [TP:85, TN:85, FP:1, FN:1] | Progress: 20.0% | ETA: 28.9s ---
Epoch 7 Batch 1 | Loss: 0.352774 | Stats: min: -0.487, max: 0.466, mean: -0.225
Epoch 7 Batch 2 | Loss: 0.354280
Epoch 7 Batch 3 | Loss: 0.310071
Epoch 7 Batch 4 | Loss: 0.322952
Epoch 7 Batch 5 | Loss: 0.332100
Epoch 7 Batch 6 | Loss: 0.333071
Epoch 7 Batch 7 | Loss: 0.323926
Epoch 7 Batch 8 | Loss: 0.337128
Epoch 7 Batch 9 | Loss: 0.339009
Epoch 7 Batch 10 | Loss: 0.372463
Epoch 7 Batch 11 | Loss: 0.352188
Epoch 7 Batch 12 | Loss: 0.313560
Epoch 7 Batch 13 | Loss: 0.352788
--- Epoch 7/30 | Loss: 0.3382 | Train Acc: 99.0% | Test Acc: 98.8% | CM: [TP:85, TN:85, FP:1, FN:1] | Progress: 23.3% | ETA: 24.7s ---
Epoch 8 Batch 1 | Loss: 0.309918 | Stats: min: -0.565, max: 0.351, mean: -0.335
Epoch 8 Batch 2 | Loss: 0.350891
Epoch 8 Batch 3 | Loss: 0.348234
Epoch 8 Batch 4 | Loss: 0.342933
Epoch 8 Batch 5 | Loss: 0.318859
Epoch 8 Batch 6 | Loss: 0.339103
Epoch 8 Batch 7 | Loss: 0.304048
Epoch 8 Batch 8 | Loss: 0.324439
Epoch 8 Batch 9 | Loss: 0.345997
Epoch 8 Batch 10 | Loss: 0.333831
Epoch 8 Batch 11 | Loss: 0.348744
Epoch 8 Batch 12 | Loss: 0.337607
Epoch 8 Batch 13 | Loss: 0.330643
  [STABILITY] Test accuracy improved: 98.84% -> 99.42% (via EMA). Saving best params.
--- Epoch 8/30 | Loss: 0.3335 | Train Acc: 99.5% | Test Acc: 99.4% | CM: [TP:86, TN:85, FP:1, FN:0] | Progress: 26.7% | ETA: 24.9s ---
Epoch 9 Batch 1 | Loss: 0.328057 | Stats: min: 0.292, max: 0.535, mean: 0.468
Epoch 9 Batch 2 | Loss: 0.330220
Epoch 9 Batch 3 | Loss: 0.349465
Epoch 9 Batch 4 | Loss: 0.318137
Epoch 9 Batch 5 | Loss: 0.334120
Epoch 9 Batch 6 | Loss: 0.328045
Epoch 9 Batch 7 | Loss: 0.348301
Epoch 9 Batch 8 | Loss: 0.322864
Epoch 9 Batch 9 | Loss: 0.343489
Epoch 9 Batch 10 | Loss: 0.323506
Epoch 9 Batch 11 | Loss: 0.354513
Epoch 9 Batch 12 | Loss: 0.328823
Epoch 9 Batch 13 | Loss: 0.294353
--- Epoch 9/30 | Loss: 0.3311 | Train Acc: 99.5% | Test Acc: 99.4% | CM: [TP:86, TN:85, FP:1, FN:0] | Progress: 30.0% | ETA: 17.1s ---
Epoch 10 Batch 1 | Loss: 0.330971 | Stats: min: -0.477, max: 0.527, mean: 0.090
Epoch 10 Batch 2 | Loss: 0.324706
Epoch 10 Batch 3 | Loss: 0.333126
Epoch 10 Batch 4 | Loss: 0.330876
Epoch 10 Batch 5 | Loss: 0.336674
Epoch 10 Batch 6 | Loss: 0.350384
Epoch 10 Batch 7 | Loss: 0.318581
Epoch 10 Batch 8 | Loss: 0.290421
Epoch 10 Batch 9 | Loss: 0.343680
Epoch 10 Batch 10 | Loss: 0.365291
Epoch 10 Batch 11 | Loss: 0.294112
Epoch 10 Batch 12 | Loss: 0.324398
Epoch 10 Batch 13 | Loss: 0.350047
--- Epoch 10/30 | Loss: 0.3303 | Train Acc: 99.5% | Test Acc: 99.4% | CM: [TP:86, TN:85, FP:1, FN:0] | Progress: 33.3% | ETA: 15.8s ---
Epoch 11 Batch 1 | Loss: 0.316100 | Stats: min: -0.591, max: 0.493, mean: 0.070
Epoch 11 Batch 2 | Loss: 0.313678
Epoch 11 Batch 3 | Loss: 0.345801
Epoch 11 Batch 4 | Loss: 0.328610
Epoch 11 Batch 5 | Loss: 0.327158
Epoch 11 Batch 6 | Loss: 0.334770
Epoch 11 Batch 7 | Loss: 0.337686
Epoch 11 Batch 8 | Loss: 0.324647
Epoch 11 Batch 9 | Loss: 0.325773
Epoch 11 Batch 10 | Loss: 0.314483
Epoch 11 Batch 11 | Loss: 0.331476
Epoch 11 Batch 12 | Loss: 0.327859
Epoch 11 Batch 13 | Loss: 0.310859
  [STABILITY] Plateau detected. Reducing Learning Rate to 0.010000
--- Epoch 11/30 | Loss: 0.3261 | Train Acc: 100.0% | Test Acc: 99.4% | CM: [TP:86, TN:85, FP:1, FN:0] | Progress: 36.7% | ETA: 21.2s ---
Epoch 12 Batch 1 | Loss: 0.325770 | Stats: min: -0.599, max: 0.522, mean: -0.072
Epoch 12 Batch 2 | Loss: 0.325591
Epoch 12 Batch 3 | Loss: 0.335513
Epoch 12 Batch 4 | Loss: 0.314218
Epoch 12 Batch 5 | Loss: 0.314904
Epoch 12 Batch 6 | Loss: 0.338945
Epoch 12 Batch 7 | Loss: 0.338785
Epoch 12 Batch 8 | Loss: 0.326160
Epoch 12 Batch 9 | Loss: 0.349087
Epoch 12 Batch 10 | Loss: 0.295902
Epoch 12 Batch 11 | Loss: 0.322151
Epoch 12 Batch 12 | Loss: 0.319789
Epoch 12 Batch 13 | Loss: 0.331063
--- Epoch 12/30 | Loss: 0.3260 | Train Acc: 100.0% | Test Acc: 99.4% | CM: [TP:86, TN:85, FP:1, FN:0] | Progress: 40.0% | ETA: 13.3s ---
Epoch 13 Batch 1 | Loss: 0.335329 | Stats: min: -0.530, max: 0.493, mean: -0.046
Epoch 13 Batch 2 | Loss: 0.343242
Epoch 13 Batch 3 | Loss: 0.318438
Epoch 13 Batch 4 | Loss: 0.324413
Epoch 13 Batch 5 | Loss: 0.322959
Epoch 13 Batch 6 | Loss: 0.316780
Epoch 13 Batch 7 | Loss: 0.309525
Epoch 13 Batch 8 | Loss: 0.306146
Epoch 13 Batch 9 | Loss: 0.350834
Epoch 13 Batch 10 | Loss: 0.341597
Epoch 13 Batch 11 | Loss: 0.316831
Epoch 13 Batch 12 | Loss: 0.311802
Epoch 13 Batch 13 | Loss: 0.327695
--- Epoch 13/30 | Loss: 0.3250 | Train Acc: 100.0% | Test Acc: 99.4% | CM: [TP:86, TN:85, FP:1, FN:0] | Progress: 43.3% | ETA: 9.9s ---
Epoch 14 Batch 1 | Loss: 0.317665 | Stats: min: -0.597, max: 0.487, mean: 0.037
Epoch 14 Batch 2 | Loss: 0.323937
Epoch 14 Batch 3 | Loss: 0.336878
Epoch 14 Batch 4 | Loss: 0.307170
Epoch 14 Batch 5 | Loss: 0.335580
Epoch 14 Batch 6 | Loss: 0.336232
Epoch 14 Batch 7 | Loss: 0.342062
Epoch 14 Batch 8 | Loss: 0.325688
Epoch 14 Batch 9 | Loss: 0.356404
Epoch 14 Batch 10 | Loss: 0.281738
Epoch 14 Batch 11 | Loss: 0.297389
Epoch 14 Batch 12 | Loss: 0.331478
Epoch 14 Batch 13 | Loss: 0.323982
  [STABILITY] Plateau detected. Reducing Learning Rate to 0.005000
--- Epoch 14/30 | Loss: 0.3243 | Train Acc: 100.0% | Test Acc: 99.4% | CM: [TP:86, TN:85, FP:1, FN:0] | Progress: 46.7% | ETA: 9.7s ---
Epoch 15 Batch 1 | Loss: 0.330879 | Stats: min: 0.360, max: 0.532, mean: 0.460
Epoch 15 Batch 2 | Loss: 0.303804
Epoch 15 Batch 3 | Loss: 0.346914
Epoch 15 Batch 4 | Loss: 0.309290
Epoch 15 Batch 5 | Loss: 0.305453
Epoch 15 Batch 6 | Loss: 0.313398
Epoch 15 Batch 7 | Loss: 0.302203
Epoch 15 Batch 8 | Loss: 0.338886
Epoch 15 Batch 9 | Loss: 0.340567
Epoch 15 Batch 10 | Loss: 0.319828
Epoch 15 Batch 11 | Loss: 0.343137
Epoch 15 Batch 12 | Loss: 0.349517
Epoch 15 Batch 13 | Loss: 0.305502
--- Epoch 15/30 | Loss: 0.3238 | Train Acc: 100.0% | Test Acc: 99.4% | CM: [TP:86, TN:85, FP:1, FN:0] | Progress: 50.0% | ETA: 11.3s ---
Epoch 16 Batch 1 | Loss: 0.338101 | Stats: min: -0.600, max: 0.106, mean: -0.378
Epoch 16 Batch 2 | Loss: 0.315710
Epoch 16 Batch 3 | Loss: 0.313642
Epoch 16 Batch 4 | Loss: 0.338128
Epoch 16 Batch 5 | Loss: 0.332523
Epoch 16 Batch 6 | Loss: 0.324316
Epoch 16 Batch 7 | Loss: 0.321472
Epoch 16 Batch 8 | Loss: 0.309990
Epoch 16 Batch 9 | Loss: 0.306874
Epoch 16 Batch 10 | Loss: 0.321577
Epoch 16 Batch 11 | Loss: 0.329640
Epoch 16 Batch 12 | Loss: 0.339920
Epoch 16 Batch 13 | Loss: 0.313009
--- Epoch 16/30 | Loss: 0.3235 | Train Acc: 99.5% | Test Acc: 99.4% | CM: [TP:86, TN:85, FP:1, FN:0] | Progress: 53.3% | ETA: 11.5s ---
Epoch 17 Batch 1 | Loss: 0.314906 | Stats: min: -0.633, max: 0.551, mean: 0.092
Epoch 17 Batch 2 | Loss: 0.318831
Epoch 17 Batch 3 | Loss: 0.335831
Epoch 17 Batch 4 | Loss: 0.343961
Epoch 17 Batch 5 | Loss: 0.320964
Epoch 17 Batch 6 | Loss: 0.330683
Epoch 17 Batch 7 | Loss: 0.313540
Epoch 17 Batch 8 | Loss: 0.328557
Epoch 17 Batch 9 | Loss: 0.318503
Epoch 17 Batch 10 | Loss: 0.326595
Epoch 17 Batch 11 | Loss: 0.317132
Epoch 17 Batch 12 | Loss: 0.312904
Epoch 17 Batch 13 | Loss: 0.326559
  [STABILITY] Plateau detected. Reducing Learning Rate to 0.002500
--- Epoch 17/30 | Loss: 0.3238 | Train Acc: 99.5% | Test Acc: 99.4% | CM: [TP:86, TN:85, FP:1, FN:0] | Progress: 56.7% | ETA: 7.3s ---
Epoch 18 Batch 1 | Loss: 0.318028 | Stats: min: -0.588, max: 0.548, mean: -0.301
Epoch 18 Batch 2 | Loss: 0.329310
Epoch 18 Batch 3 | Loss: 0.321503
Epoch 18 Batch 4 | Loss: 0.328639
Epoch 18 Batch 5 | Loss: 0.314580
Epoch 18 Batch 6 | Loss: 0.317468
Epoch 18 Batch 7 | Loss: 0.347478
Epoch 18 Batch 8 | Loss: 0.316306
Epoch 18 Batch 9 | Loss: 0.298795
Epoch 18 Batch 10 | Loss: 0.337757
Epoch 18 Batch 11 | Loss: 0.333578
Epoch 18 Batch 12 | Loss: 0.318436
Epoch 18 Batch 13 | Loss: 0.322713
--- Epoch 18/30 | Loss: 0.3234 | Train Acc: 99.5% | Test Acc: 99.4% | CM: [TP:86, TN:85, FP:1, FN:0] | Progress: 60.0% | ETA: 8.8s ---
Epoch 19 Batch 1 | Loss: 0.335982 | Stats: min: -0.573, max: 0.538, mean: 0.052
Epoch 19 Batch 2 | Loss: 0.310203
Epoch 19 Batch 3 | Loss: 0.309816
Epoch 19 Batch 4 | Loss: 0.309806
Epoch 19 Batch 5 | Loss: 0.331420
Epoch 19 Batch 6 | Loss: 0.343505
Epoch 19 Batch 7 | Loss: 0.328902
Epoch 19 Batch 8 | Loss: 0.321573
Epoch 19 Batch 9 | Loss: 0.336476
Epoch 19 Batch 10 | Loss: 0.326721
Epoch 19 Batch 11 | Loss: 0.292809
Epoch 19 Batch 12 | Loss: 0.330142
Epoch 19 Batch 13 | Loss: 0.328259
--- Epoch 19/30 | Loss: 0.3235 | Train Acc: 99.5% | Test Acc: 99.4% | CM: [TP:86, TN:85, FP:1, FN:0] | Progress: 63.3% | ETA: 7.3s ---
Epoch 20 Batch 1 | Loss: 0.324928 | Stats: min: -0.540, max: 0.506, mean: -0.080
Epoch 20 Batch 2 | Loss: 0.332336
Epoch 20 Batch 3 | Loss: 0.322693
Epoch 20 Batch 4 | Loss: 0.300634
Epoch 20 Batch 5 | Loss: 0.330169
Epoch 20 Batch 6 | Loss: 0.345828
Epoch 20 Batch 7 | Loss: 0.313212
Epoch 20 Batch 8 | Loss: 0.305579
Epoch 20 Batch 9 | Loss: 0.323958
Epoch 20 Batch 10 | Loss: 0.350057
Epoch 20 Batch 11 | Loss: 0.319479
Epoch 20 Batch 12 | Loss: 0.307085
Epoch 20 Batch 13 | Loss: 0.328623
  [STABILITY] Plateau detected. Reducing Learning Rate to 0.001250
--- Epoch 20/30 | Loss: 0.3234 | Train Acc: 99.5% | Test Acc: 99.4% | CM: [TP:86, TN:85, FP:1, FN:0] | Progress: 66.7% | ETA: 3.9s ---
Epoch 21 Batch 1 | Loss: 0.325069 | Stats: min: -0.588, max: -0.452, mean: -0.526
Epoch 21 Batch 2 | Loss: 0.334004
Epoch 21 Batch 3 | Loss: 0.323667
Epoch 21 Batch 4 | Loss: 0.317276
Epoch 21 Batch 5 | Loss: 0.347661
Epoch 21 Batch 6 | Loss: 0.337398
Epoch 21 Batch 7 | Loss: 0.298374
Epoch 21 Batch 8 | Loss: 0.313511
Epoch 21 Batch 9 | Loss: 0.321692
Epoch 21 Batch 10 | Loss: 0.324613
Epoch 21 Batch 11 | Loss: 0.307344
Epoch 21 Batch 12 | Loss: 0.320623
Epoch 21 Batch 13 | Loss: 0.336199
--- Epoch 21/30 | Loss: 0.3236 | Train Acc: 99.5% | Test Acc: 99.4% | CM: [TP:86, TN:85, FP:1, FN:0] | Progress: 70.0% | ETA: 3.2s ---
Epoch 22 Batch 1 | Loss: 0.291131 | Stats: min: -0.598, max: 0.539, mean: -0.312
Epoch 22 Batch 2 | Loss: 0.339123
Epoch 22 Batch 3 | Loss: 0.348186
Epoch 22 Batch 4 | Loss: 0.327567
Epoch 22 Batch 5 | Loss: 0.325023
Epoch 22 Batch 6 | Loss: 0.363569
Epoch 22 Batch 7 | Loss: 0.294337
Epoch 22 Batch 8 | Loss: 0.330006
Epoch 22 Batch 9 | Loss: 0.305155
Epoch 22 Batch 10 | Loss: 0.298583
Epoch 22 Batch 11 | Loss: 0.337384
Epoch 22 Batch 12 | Loss: 0.328036
Epoch 22 Batch 13 | Loss: 0.298980
--- Epoch 22/30 | Loss: 0.3221 | Train Acc: 99.5% | Test Acc: 99.4% | CM: [TP:86, TN:85, FP:1, FN:0] | Progress: 73.3% | ETA: 2.7s ---
Epoch 23 Batch 1 | Loss: 0.323236 | Stats: min: -0.208, max: 0.545, mean: 0.311
Epoch 23 Batch 2 | Loss: 0.333035
Epoch 23 Batch 3 | Loss: 0.290335
Epoch 23 Batch 4 | Loss: 0.358999
Epoch 23 Batch 5 | Loss: 0.305491
Epoch 23 Batch 6 | Loss: 0.321686
Epoch 23 Batch 7 | Loss: 0.326329
Epoch 23 Batch 8 | Loss: 0.338389
Epoch 23 Batch 9 | Loss: 0.307625
Epoch 23 Batch 10 | Loss: 0.305764
Epoch 23 Batch 11 | Loss: 0.328281
Epoch 23 Batch 12 | Loss: 0.329776
Epoch 23 Batch 13 | Loss: 0.337742
  [STABILITY] Plateau detected. Reducing Learning Rate to 0.000625
--- Epoch 23/30 | Loss: 0.3236 | Train Acc: 99.5% | Test Acc: 99.4% | CM: [TP:86, TN:85, FP:1, FN:0] | Progress: 76.7% | ETA: 2.6s ---
Epoch 24 Batch 1 | Loss: 0.340171 | Stats: min: -0.566, max: 0.431, mean: -0.127
Epoch 24 Batch 2 | Loss: 0.337740
Epoch 24 Batch 3 | Loss: 0.334872
Epoch 24 Batch 4 | Loss: 0.327861
Epoch 24 Batch 5 | Loss: 0.302718
Epoch 24 Batch 6 | Loss: 0.305412
Epoch 24 Batch 7 | Loss: 0.331147
Epoch 24 Batch 8 | Loss: 0.328003
Epoch 24 Batch 9 | Loss: 0.299929
Epoch 24 Batch 10 | Loss: 0.326047
Epoch 24 Batch 11 | Loss: 0.330443
Epoch 24 Batch 12 | Loss: 0.314379
Epoch 24 Batch 13 | Loss: 0.314623
--- Epoch 24/30 | Loss: 0.3226 | Train Acc: 99.5% | Test Acc: 99.4% | CM: [TP:86, TN:85, FP:1, FN:0] | Progress: 80.0% | ETA: 1.8s ---
Epoch 25 Batch 1 | Loss: 0.312281 | Stats: min: -0.558, max: 0.358, mean: -0.194
Epoch 25 Batch 2 | Loss: 0.322463
Epoch 25 Batch 3 | Loss: 0.321329
Epoch 25 Batch 4 | Loss: 0.321865
Epoch 25 Batch 5 | Loss: 0.335285
Epoch 25 Batch 6 | Loss: 0.308058
Epoch 25 Batch 7 | Loss: 0.334405
Epoch 25 Batch 8 | Loss: 0.338077
Epoch 25 Batch 9 | Loss: 0.324911
Epoch 25 Batch 10 | Loss: 0.350228
Epoch 25 Batch 11 | Loss: 0.290093
Epoch 25 Batch 12 | Loss: 0.318665
Epoch 25 Batch 13 | Loss: 0.316130
--- Epoch 25/30 | Loss: 0.3226 | Train Acc: 99.5% | Test Acc: 99.4% | CM: [TP:86, TN:85, FP:1, FN:0] | Progress: 83.3% | ETA: 1.5s ---
Epoch 26 Batch 1 | Loss: 0.304729 | Stats: min: -0.544, max: 0.554, mean: 0.106
Epoch 26 Batch 2 | Loss: 0.350444
Epoch 26 Batch 3 | Loss: 0.333044
Epoch 26 Batch 4 | Loss: 0.316888
Epoch 26 Batch 5 | Loss: 0.332595
Epoch 26 Batch 6 | Loss: 0.323273
Epoch 26 Batch 7 | Loss: 0.335509
Epoch 26 Batch 8 | Loss: 0.307791
Epoch 26 Batch 9 | Loss: 0.338019
Epoch 26 Batch 10 | Loss: 0.318159
Epoch 26 Batch 11 | Loss: 0.297610
Epoch 26 Batch 12 | Loss: 0.317158
Epoch 26 Batch 13 | Loss: 0.322147
  [STABILITY] Plateau detected. Reducing Learning Rate to 0.000313
--- Epoch 26/30 | Loss: 0.3229 | Train Acc: 99.5% | Test Acc: 99.4% | CM: [TP:86, TN:85, FP:1, FN:0] | Progress: 86.7% | ETA: 1.4s ---
Epoch 27 Batch 1 | Loss: 0.334648 | Stats: min: -0.487, max: 0.341, mean: 0.020
Epoch 27 Batch 2 | Loss: 0.331825
Epoch 27 Batch 3 | Loss: 0.301690
Epoch 27 Batch 4 | Loss: 0.325280
Epoch 27 Batch 5 | Loss: 0.292912
Epoch 27 Batch 6 | Loss: 0.362874
Epoch 27 Batch 7 | Loss: 0.322923
Epoch 27 Batch 8 | Loss: 0.326699
Epoch 27 Batch 9 | Loss: 0.294426
Epoch 27 Batch 10 | Loss: 0.329194
Epoch 27 Batch 11 | Loss: 0.313744
Epoch 27 Batch 12 | Loss: 0.341560
Epoch 27 Batch 13 | Loss: 0.314225
--- Epoch 27/30 | Loss: 0.3225 | Train Acc: 99.5% | Test Acc: 99.4% | CM: [TP:86, TN:85, FP:1, FN:0] | Progress: 90.0% | ETA: 0.8s ---
Epoch 28 Batch 1 | Loss: 0.322871 | Stats: min: -0.637, max: -0.016, mean: -0.346
Epoch 28 Batch 2 | Loss: 0.332457
Epoch 28 Batch 3 | Loss: 0.336698
Epoch 28 Batch 4 | Loss: 0.340407
Epoch 28 Batch 5 | Loss: 0.318802
Epoch 28 Batch 6 | Loss: 0.325118
Epoch 28 Batch 7 | Loss: 0.296561
Epoch 28 Batch 8 | Loss: 0.327692
Epoch 28 Batch 9 | Loss: 0.333081
Epoch 28 Batch 10 | Loss: 0.322349
Epoch 28 Batch 11 | Loss: 0.312883
Epoch 28 Batch 12 | Loss: 0.317261
Epoch 28 Batch 13 | Loss: 0.295899
--- Epoch 28/30 | Loss: 0.3217 | Train Acc: 99.5% | Test Acc: 99.4% | CM: [TP:86, TN:85, FP:1, FN:0] | Progress: 93.3% | ETA: 0.6s ---
Epoch 29 Batch 1 | Loss: 0.320518 | Stats: min: -0.511, max: 0.447, mean: -0.063
Epoch 29 Batch 2 | Loss: 0.325077
Epoch 29 Batch 3 | Loss: 0.338755
Epoch 29 Batch 4 | Loss: 0.304858
Epoch 29 Batch 5 | Loss: 0.315523
Epoch 29 Batch 6 | Loss: 0.320015
Epoch 29 Batch 7 | Loss: 0.320608
Epoch 29 Batch 8 | Loss: 0.311066
Epoch 29 Batch 9 | Loss: 0.316967
Epoch 29 Batch 10 | Loss: 0.322324
Epoch 29 Batch 11 | Loss: 0.342177
Epoch 29 Batch 12 | Loss: 0.346270
Epoch 29 Batch 13 | Loss: 0.299734
  [STABILITY] Plateau detected. Reducing Learning Rate to 0.000156
--- Epoch 29/30 | Loss: 0.3218 | Train Acc: 99.5% | Test Acc: 99.4% | CM: [TP:86, TN:85, FP:1, FN:0] | Progress: 96.7% | ETA: 0.5s ---
Epoch 30 Batch 1 | Loss: 0.310679 | Stats: min: -0.606, max: 0.546, mean: -0.180
Epoch 30 Batch 2 | Loss: 0.303994
Epoch 30 Batch 3 | Loss: 0.309518
Epoch 30 Batch 4 | Loss: 0.301597
Epoch 30 Batch 5 | Loss: 0.301071
Epoch 30 Batch 6 | Loss: 0.327453
Epoch 30 Batch 7 | Loss: 0.353134
Epoch 30 Batch 8 | Loss: 0.356350
Epoch 30 Batch 9 | Loss: 0.343538
Epoch 30 Batch 10 | Loss: 0.314623
Epoch 30 Batch 11 | Loss: 0.310451
Epoch 30 Batch 12 | Loss: 0.329355
Epoch 30 Batch 13 | Loss: 0.347334
--- Epoch 30/30 | Loss: 0.3238 | Train Acc: 99.5% | Test Acc: 99.4% | CM: [TP:86, TN:85, FP:1, FN:0] | Progress: 100.0% | ETA: 0.0s ---

Final Best Test Accuracy: 99.42%


Best Quantum Test Accuracy: 0.994
