DEBUG: Qtrainer enters train_pure_quantum_cnn. Encoding: amplitude
  Class Weights: +1 (Target): 1.00 | -1 (Rest): 1.00
Starting Training
==================================================
Epoch 1 Batch 1 | Loss: 0.683986 | Stats: min: -0.166, max: 0.047, mean: -0.050
Epoch 1 Batch 2 | Loss: 0.662041
Epoch 1 Batch 3 | Loss: 0.602543
Epoch 1 Batch 4 | Loss: 0.588548
Epoch 1 Batch 5 | Loss: 0.560343
Epoch 1 Batch 6 | Loss: 0.565372
Epoch 1 Batch 7 | Loss: 0.531974
Epoch 1 Batch 8 | Loss: 0.510981
Epoch 1 Batch 9 | Loss: 0.541320
Epoch 1 Batch 10 | Loss: 0.498316
Epoch 1 Batch 11 | Loss: 0.497255
Epoch 1 Batch 12 | Loss: 0.478533
Epoch 1 Batch 13 | Loss: 0.489888
  [STABILITY] Test accuracy improved: 0.00% -> 79.65% (via EMA). Saving best params.
--- Epoch 1/30 | Loss: 0.5547 | Train Acc: 73.5% | Test Acc: 79.7% | CM: [TP:55, TN:82, FP:4, FN:31] | Progress: 3.3% | ETA: 312.7s ---
Epoch 2 Batch 1 | Loss: 0.441367 | Stats: min: -0.381, max: -0.226, mean: -0.306
Epoch 2 Batch 2 | Loss: 0.450886
Epoch 2 Batch 3 | Loss: 0.456168
Epoch 2 Batch 4 | Loss: 0.446235
Epoch 2 Batch 5 | Loss: 0.451146
Epoch 2 Batch 6 | Loss: 0.434888
Epoch 2 Batch 7 | Loss: 0.424534
Epoch 2 Batch 8 | Loss: 0.445983
Epoch 2 Batch 9 | Loss: 0.421471
Epoch 2 Batch 10 | Loss: 0.443039
Epoch 2 Batch 11 | Loss: 0.431648
Epoch 2 Batch 12 | Loss: 0.421107
Epoch 2 Batch 13 | Loss: 0.398956
  [STABILITY] Test accuracy improved: 79.65% -> 93.02% (via EMA). Saving best params.
--- Epoch 2/30 | Loss: 0.4360 | Train Acc: 90.0% | Test Acc: 93.0% | CM: [TP:74, TN:86, FP:0, FN:12] | Progress: 6.7% | ETA: 126.4s ---
Epoch 3 Batch 1 | Loss: 0.416139 | Stats: min: -0.471, max: 0.345, mean: 0.159
Epoch 3 Batch 2 | Loss: 0.409454
Epoch 3 Batch 3 | Loss: 0.398494
Epoch 3 Batch 4 | Loss: 0.396129
Epoch 3 Batch 5 | Loss: 0.404659
Epoch 3 Batch 6 | Loss: 0.414049
Epoch 3 Batch 7 | Loss: 0.393280
Epoch 3 Batch 8 | Loss: 0.386484
Epoch 3 Batch 9 | Loss: 0.381749
Epoch 3 Batch 10 | Loss: 0.369202
Epoch 3 Batch 11 | Loss: 0.387132
Epoch 3 Batch 12 | Loss: 0.402890
Epoch 3 Batch 13 | Loss: 0.387737
  [STABILITY] Test accuracy improved: 93.02% -> 98.84% (via EMA). Saving best params.
--- Epoch 3/30 | Loss: 0.3960 | Train Acc: 96.0% | Test Acc: 98.8% | CM: [TP:84, TN:86, FP:0, FN:2] | Progress: 10.0% | ETA: 68.4s ---
Epoch 4 Batch 1 | Loss: 0.390766 | Stats: min: -0.487, max: 0.224, mean: -0.319
Epoch 4 Batch 2 | Loss: 0.374688
Epoch 4 Batch 3 | Loss: 0.375173
Epoch 4 Batch 4 | Loss: 0.358425
Epoch 4 Batch 5 | Loss: 0.383439
Epoch 4 Batch 6 | Loss: 0.364099
Epoch 4 Batch 7 | Loss: 0.383510
Epoch 4 Batch 8 | Loss: 0.366387
Epoch 4 Batch 9 | Loss: 0.396453
Epoch 4 Batch 10 | Loss: 0.342040
Epoch 4 Batch 11 | Loss: 0.368089
Epoch 4 Batch 12 | Loss: 0.353354
Epoch 4 Batch 13 | Loss: 0.360236
  [STABILITY] Test accuracy improved: 98.84% -> 99.42% (via EMA). Saving best params.
--- Epoch 4/30 | Loss: 0.3705 | Train Acc: 97.5% | Test Acc: 99.4% | CM: [TP:85, TN:86, FP:0, FN:1] | Progress: 13.3% | ETA: 49.4s ---
Epoch 5 Batch 1 | Loss: 0.347326 | Stats: min: -0.429, max: 0.400, mean: 0.179
Epoch 5 Batch 2 | Loss: 0.340082
Epoch 5 Batch 3 | Loss: 0.369075
Epoch 5 Batch 4 | Loss: 0.370340
Epoch 5 Batch 5 | Loss: 0.362897
Epoch 5 Batch 6 | Loss: 0.370759
Epoch 5 Batch 7 | Loss: 0.376091
Epoch 5 Batch 8 | Loss: 0.348881
Epoch 5 Batch 9 | Loss: 0.355473
Epoch 5 Batch 10 | Loss: 0.362400
Epoch 5 Batch 11 | Loss: 0.354138
Epoch 5 Batch 12 | Loss: 0.347235
Epoch 5 Batch 13 | Loss: 0.345105
--- Epoch 5/30 | Loss: 0.3577 | Train Acc: 98.5% | Test Acc: 99.4% | CM: [TP:85, TN:86, FP:0, FN:1] | Progress: 16.7% | ETA: 46.0s ---
Epoch 6 Batch 1 | Loss: 0.335756 | Stats: min: -0.387, max: 0.530, mean: 0.306
Epoch 6 Batch 2 | Loss: 0.333966
Epoch 6 Batch 3 | Loss: 0.327322
Epoch 6 Batch 4 | Loss: 0.345010
Epoch 6 Batch 5 | Loss: 0.359488
Epoch 6 Batch 6 | Loss: 0.353101
Epoch 6 Batch 7 | Loss: 0.367243
Epoch 6 Batch 8 | Loss: 0.349143
Epoch 6 Batch 9 | Loss: 0.367238
Epoch 6 Batch 10 | Loss: 0.348180
Epoch 6 Batch 11 | Loss: 0.355188
Epoch 6 Batch 12 | Loss: 0.367451
Epoch 6 Batch 13 | Loss: 0.366286
--- Epoch 6/30 | Loss: 0.3520 | Train Acc: 98.5% | Test Acc: 99.4% | CM: [TP:85, TN:86, FP:0, FN:1] | Progress: 20.0% | ETA: 56.6s ---
Epoch 7 Batch 1 | Loss: 0.362585 | Stats: min: -0.445, max: 0.442, mean: -0.121
Epoch 7 Batch 2 | Loss: 0.337687
Epoch 7 Batch 3 | Loss: 0.367683
Epoch 7 Batch 4 | Loss: 0.345938
Epoch 7 Batch 5 | Loss: 0.343036
Epoch 7 Batch 6 | Loss: 0.359632
Epoch 7 Batch 7 | Loss: 0.389394
Epoch 7 Batch 8 | Loss: 0.343365
Epoch 7 Batch 9 | Loss: 0.344464
Epoch 7 Batch 10 | Loss: 0.318550
Epoch 7 Batch 11 | Loss: 0.344236
Epoch 7 Batch 12 | Loss: 0.345086
Epoch 7 Batch 13 | Loss: 0.339290
  [STABILITY] Plateau detected. Reducing Learning Rate to 0.010000
--- Epoch 7/30 | Loss: 0.3493 | Train Acc: 99.5% | Test Acc: 99.4% | CM: [TP:85, TN:86, FP:0, FN:1] | Progress: 23.3% | ETA: 45.1s ---
Epoch 8 Batch 1 | Loss: 0.352308 | Stats: min: -0.417, max: 0.539, mean: 0.118
Epoch 8 Batch 2 | Loss: 0.365222
Epoch 8 Batch 3 | Loss: 0.340040
Epoch 8 Batch 4 | Loss: 0.340455
Epoch 8 Batch 5 | Loss: 0.325994
Epoch 8 Batch 6 | Loss: 0.353499
Epoch 8 Batch 7 | Loss: 0.362434
Epoch 8 Batch 8 | Loss: 0.329594
Epoch 8 Batch 9 | Loss: 0.353672
Epoch 8 Batch 10 | Loss: 0.374357
Epoch 8 Batch 11 | Loss: 0.323894
Epoch 8 Batch 12 | Loss: 0.338389
Epoch 8 Batch 13 | Loss: 0.345307
--- Epoch 8/30 | Loss: 0.3466 | Train Acc: 99.5% | Test Acc: 99.4% | CM: [TP:85, TN:86, FP:0, FN:1] | Progress: 26.7% | ETA: 24.8s ---
Epoch 9 Batch 1 | Loss: 0.351207 | Stats: min: -0.522, max: 0.548, mean: 0.098
Epoch 9 Batch 2 | Loss: 0.330756
Epoch 9 Batch 3 | Loss: 0.366652
Epoch 9 Batch 4 | Loss: 0.354910
Epoch 9 Batch 5 | Loss: 0.365615
Epoch 9 Batch 6 | Loss: 0.347465
Epoch 9 Batch 7 | Loss: 0.347796
Epoch 9 Batch 8 | Loss: 0.336525
Epoch 9 Batch 9 | Loss: 0.347009
Epoch 9 Batch 10 | Loss: 0.316383
Epoch 9 Batch 11 | Loss: 0.342583
Epoch 9 Batch 12 | Loss: 0.326833
Epoch 9 Batch 13 | Loss: 0.371907
--- Epoch 9/30 | Loss: 0.3466 | Train Acc: 99.5% | Test Acc: 99.4% | CM: [TP:85, TN:86, FP:0, FN:1] | Progress: 30.0% | ETA: 31.7s ---
Epoch 10 Batch 1 | Loss: 0.352591 | Stats: min: -0.564, max: 0.520, mean: -0.030
Epoch 10 Batch 2 | Loss: 0.333208
Epoch 10 Batch 3 | Loss: 0.332349
Epoch 10 Batch 4 | Loss: 0.366664
Epoch 10 Batch 5 | Loss: 0.338079
Epoch 10 Batch 6 | Loss: 0.315493
Epoch 10 Batch 7 | Loss: 0.343082
Epoch 10 Batch 8 | Loss: 0.346926
Epoch 10 Batch 9 | Loss: 0.336875
Epoch 10 Batch 10 | Loss: 0.379028
Epoch 10 Batch 11 | Loss: 0.351715
Epoch 10 Batch 12 | Loss: 0.349059
Epoch 10 Batch 13 | Loss: 0.314115
  [STABILITY] Plateau detected. Reducing Learning Rate to 0.005000
--- Epoch 10/30 | Loss: 0.3430 | Train Acc: 99.5% | Test Acc: 99.4% | CM: [TP:85, TN:86, FP:0, FN:1] | Progress: 33.3% | ETA: 20.1s ---
Epoch 11 Batch 1 | Loss: 0.329584 | Stats: min: -0.542, max: -0.383, mean: -0.439
Epoch 11 Batch 2 | Loss: 0.339985
Epoch 11 Batch 3 | Loss: 0.332761
Epoch 11 Batch 4 | Loss: 0.383474
Epoch 11 Batch 5 | Loss: 0.340205
Epoch 11 Batch 6 | Loss: 0.314015
Epoch 11 Batch 7 | Loss: 0.339533
Epoch 11 Batch 8 | Loss: 0.346235
Epoch 11 Batch 9 | Loss: 0.351990
Epoch 11 Batch 10 | Loss: 0.354653
Epoch 11 Batch 11 | Loss: 0.347241
Epoch 11 Batch 12 | Loss: 0.340310
Epoch 11 Batch 13 | Loss: 0.348689
--- Epoch 11/30 | Loss: 0.3437 | Train Acc: 99.5% | Test Acc: 99.4% | CM: [TP:85, TN:86, FP:0, FN:1] | Progress: 36.7% | ETA: 13.5s ---
Epoch 12 Batch 1 | Loss: 0.334573 | Stats: min: -0.546, max: 0.477, mean: -0.129
Epoch 12 Batch 2 | Loss: 0.373624
Epoch 12 Batch 3 | Loss: 0.355736
Epoch 12 Batch 4 | Loss: 0.339264
Epoch 12 Batch 5 | Loss: 0.318418
Epoch 12 Batch 6 | Loss: 0.350152
Epoch 12 Batch 7 | Loss: 0.336302
Epoch 12 Batch 8 | Loss: 0.344936
Epoch 12 Batch 9 | Loss: 0.337354
Epoch 12 Batch 10 | Loss: 0.344437
Epoch 12 Batch 11 | Loss: 0.323564
Epoch 12 Batch 12 | Loss: 0.340873
Epoch 12 Batch 13 | Loss: 0.350960
  [STABILITY] Test accuracy improved: 99.42% -> 100.00% (via EMA). Saving best params.
--- Epoch 12/30 | Loss: 0.3423 | Train Acc: 99.5% | Test Acc: 100.0% | CM: [TP:86, TN:86, FP:0, FN:0] | Progress: 40.0% | ETA: 13.4s ---
Epoch 13 Batch 1 | Loss: 0.348733 | Stats: min: -0.525, max: 0.464, mean: -0.238
Epoch 13 Batch 2 | Loss: 0.331593
Epoch 13 Batch 3 | Loss: 0.365944
Epoch 13 Batch 4 | Loss: 0.345565
Epoch 13 Batch 5 | Loss: 0.354066
Epoch 13 Batch 6 | Loss: 0.322503
Epoch 13 Batch 7 | Loss: 0.345913
Epoch 13 Batch 8 | Loss: 0.339536
Epoch 13 Batch 9 | Loss: 0.330117
Epoch 13 Batch 10 | Loss: 0.328302
Epoch 13 Batch 11 | Loss: 0.353528
Epoch 13 Batch 12 | Loss: 0.317662
Epoch 13 Batch 13 | Loss: 0.367061
--- Epoch 13/30 | Loss: 0.3423 | Train Acc: 99.5% | Test Acc: 100.0% | CM: [TP:86, TN:86, FP:0, FN:0] | Progress: 43.3% | ETA: 13.8s ---
Epoch 14 Batch 1 | Loss: 0.366884 | Stats: min: -0.511, max: 0.399, mean: -0.229
Epoch 14 Batch 2 | Loss: 0.364834
Epoch 14 Batch 3 | Loss: 0.321838
Epoch 14 Batch 4 | Loss: 0.329291
Epoch 14 Batch 5 | Loss: 0.330454
Epoch 14 Batch 6 | Loss: 0.341726
Epoch 14 Batch 7 | Loss: 0.326022
Epoch 14 Batch 8 | Loss: 0.345436
Epoch 14 Batch 9 | Loss: 0.333408
Epoch 14 Batch 10 | Loss: 0.327185
Epoch 14 Batch 11 | Loss: 0.348823
Epoch 14 Batch 12 | Loss: 0.360482
Epoch 14 Batch 13 | Loss: 0.317125
--- Epoch 14/30 | Loss: 0.3395 | Train Acc: 99.5% | Test Acc: 100.0% | CM: [TP:86, TN:86, FP:0, FN:0] | Progress: 46.7% | ETA: 8.9s ---
Epoch 15 Batch 1 | Loss: 0.329592 | Stats: min: -0.553, max: 0.499, mean: -0.114
Epoch 15 Batch 2 | Loss: 0.352729
Epoch 15 Batch 3 | Loss: 0.321927
Epoch 15 Batch 4 | Loss: 0.344650
Epoch 15 Batch 5 | Loss: 0.345053
Epoch 15 Batch 6 | Loss: 0.323253
Epoch 15 Batch 7 | Loss: 0.370333
Epoch 15 Batch 8 | Loss: 0.329843
Epoch 15 Batch 9 | Loss: 0.354316
Epoch 15 Batch 10 | Loss: 0.328730
Epoch 15 Batch 11 | Loss: 0.339332
Epoch 15 Batch 12 | Loss: 0.336217
Epoch 15 Batch 13 | Loss: 0.344973
  [STABILITY] Plateau detected. Reducing Learning Rate to 0.002500
--- Epoch 15/30 | Loss: 0.3401 | Train Acc: 99.5% | Test Acc: 100.0% | CM: [TP:86, TN:86, FP:0, FN:0] | Progress: 50.0% | ETA: 9.0s ---
Epoch 16 Batch 1 | Loss: 0.331523 | Stats: min: -0.457, max: 0.526, mean: -0.057
Epoch 16 Batch 2 | Loss: 0.311699
Epoch 16 Batch 3 | Loss: 0.349402
Epoch 16 Batch 4 | Loss: 0.333948
Epoch 16 Batch 5 | Loss: 0.327797
Epoch 16 Batch 6 | Loss: 0.370048
Epoch 16 Batch 7 | Loss: 0.333208
Epoch 16 Batch 8 | Loss: 0.362786
Epoch 16 Batch 9 | Loss: 0.330841
Epoch 16 Batch 10 | Loss: 0.352628
Epoch 16 Batch 11 | Loss: 0.322297
Epoch 16 Batch 12 | Loss: 0.348642
Epoch 16 Batch 13 | Loss: 0.325405
--- Epoch 16/30 | Loss: 0.3385 | Train Acc: 99.5% | Test Acc: 100.0% | CM: [TP:86, TN:86, FP:0, FN:0] | Progress: 53.3% | ETA: 7.0s ---
Epoch 17 Batch 1 | Loss: 0.336232 | Stats: min: -0.538, max: 0.500, mean: -0.257
Epoch 17 Batch 2 | Loss: 0.346341
Epoch 17 Batch 3 | Loss: 0.334581
Epoch 17 Batch 4 | Loss: 0.345798
Epoch 17 Batch 5 | Loss: 0.322440
Epoch 17 Batch 6 | Loss: 0.320234
Epoch 17 Batch 7 | Loss: 0.350812
Epoch 17 Batch 8 | Loss: 0.331830
Epoch 17 Batch 9 | Loss: 0.325834
Epoch 17 Batch 10 | Loss: 0.328664
Epoch 17 Batch 11 | Loss: 0.358982
Epoch 17 Batch 12 | Loss: 0.352203
Epoch 17 Batch 13 | Loss: 0.359127
--- Epoch 17/30 | Loss: 0.3395 | Train Acc: 99.5% | Test Acc: 100.0% | CM: [TP:86, TN:86, FP:0, FN:0] | Progress: 56.7% | ETA: 6.0s ---
Epoch 18 Batch 1 | Loss: 0.332341 | Stats: min: -0.555, max: 0.426, mean: -0.168
Epoch 18 Batch 2 | Loss: 0.340101
Epoch 18 Batch 3 | Loss: 0.337122
Epoch 18 Batch 4 | Loss: 0.346152
Epoch 18 Batch 5 | Loss: 0.342547
Epoch 18 Batch 6 | Loss: 0.339000
Epoch 18 Batch 7 | Loss: 0.329244
Epoch 18 Batch 8 | Loss: 0.339163
Epoch 18 Batch 9 | Loss: 0.334927
Epoch 18 Batch 10 | Loss: 0.319697
Epoch 18 Batch 11 | Loss: 0.333531
Epoch 18 Batch 12 | Loss: 0.353241
Epoch 18 Batch 13 | Loss: 0.362902
  [STABILITY] Plateau detected. Reducing Learning Rate to 0.001250
--- Epoch 18/30 | Loss: 0.3392 | Train Acc: 100.0% | Test Acc: 100.0% | CM: [TP:86, TN:86, FP:0, FN:0] | Progress: 60.0% | ETA: 4.9s ---
Epoch 19 Batch 1 | Loss: 0.336299 | Stats: min: -0.479, max: 0.556, mean: 0.213
Epoch 19 Batch 2 | Loss: 0.320055
Epoch 19 Batch 3 | Loss: 0.336438
Epoch 19 Batch 4 | Loss: 0.356408
Epoch 19 Batch 5 | Loss: 0.317885
Epoch 19 Batch 6 | Loss: 0.326066
Epoch 19 Batch 7 | Loss: 0.348824
Epoch 19 Batch 8 | Loss: 0.330821
Epoch 19 Batch 9 | Loss: 0.359301
Epoch 19 Batch 10 | Loss: 0.343279
Epoch 19 Batch 11 | Loss: 0.346410
Epoch 19 Batch 12 | Loss: 0.341315
Epoch 19 Batch 13 | Loss: 0.320026
--- Epoch 19/30 | Loss: 0.3372 | Train Acc: 100.0% | Test Acc: 100.0% | CM: [TP:86, TN:86, FP:0, FN:0] | Progress: 63.3% | ETA: 5.6s ---
Epoch 20 Batch 1 | Loss: 0.334066 | Stats: min: -0.506, max: 0.427, mean: -0.084
Epoch 20 Batch 2 | Loss: 0.338264
Epoch 20 Batch 3 | Loss: 0.332595
Epoch 20 Batch 4 | Loss: 0.337605
Epoch 20 Batch 5 | Loss: 0.355298
Epoch 20 Batch 6 | Loss: 0.349577
Epoch 20 Batch 7 | Loss: 0.346114
Epoch 20 Batch 8 | Loss: 0.314186
Epoch 20 Batch 9 | Loss: 0.305271
Epoch 20 Batch 10 | Loss: 0.361856
Epoch 20 Batch 11 | Loss: 0.356145
Epoch 20 Batch 12 | Loss: 0.329420
Epoch 20 Batch 13 | Loss: 0.320332
--- Epoch 20/30 | Loss: 0.3370 | Train Acc: 100.0% | Test Acc: 100.0% | CM: [TP:86, TN:86, FP:0, FN:0] | Progress: 66.7% | ETA: 4.6s ---
Epoch 21 Batch 1 | Loss: 0.346954 | Stats: min: -0.492, max: 0.506, mean: -0.137
Epoch 21 Batch 2 | Loss: 0.326765
Epoch 21 Batch 3 | Loss: 0.335619
Epoch 21 Batch 4 | Loss: 0.347185
Epoch 21 Batch 5 | Loss: 0.347991
Epoch 21 Batch 6 | Loss: 0.316085
Epoch 21 Batch 7 | Loss: 0.331264
Epoch 21 Batch 8 | Loss: 0.323498
Epoch 21 Batch 9 | Loss: 0.340568
Epoch 21 Batch 10 | Loss: 0.336680
Epoch 21 Batch 11 | Loss: 0.350895
Epoch 21 Batch 12 | Loss: 0.327492
Epoch 21 Batch 13 | Loss: 0.379829
  [STABILITY] Plateau detected. Reducing Learning Rate to 0.000625
--- Epoch 21/30 | Loss: 0.3393 | Train Acc: 100.0% | Test Acc: 100.0% | CM: [TP:86, TN:86, FP:0, FN:0] | Progress: 70.0% | ETA: 3.8s ---
Epoch 22 Batch 1 | Loss: 0.334535 | Stats: min: -0.522, max: 0.498, mean: 0.168
Epoch 22 Batch 2 | Loss: 0.340331
Epoch 22 Batch 3 | Loss: 0.345650
Epoch 22 Batch 4 | Loss: 0.324229
Epoch 22 Batch 5 | Loss: 0.339337
Epoch 22 Batch 6 | Loss: 0.345405
Epoch 22 Batch 7 | Loss: 0.335718
Epoch 22 Batch 8 | Loss: 0.334006
Epoch 22 Batch 9 | Loss: 0.332103
Epoch 22 Batch 10 | Loss: 0.353356
Epoch 22 Batch 11 | Loss: 0.322755
Epoch 22 Batch 12 | Loss: 0.330651
Epoch 22 Batch 13 | Loss: 0.357743
--- Epoch 22/30 | Loss: 0.3381 | Train Acc: 100.0% | Test Acc: 100.0% | CM: [TP:86, TN:86, FP:0, FN:0] | Progress: 73.3% | ETA: 2.9s ---
Epoch 23 Batch 1 | Loss: 0.370099 | Stats: min: -0.552, max: 0.515, mean: 0.036
Epoch 23 Batch 2 | Loss: 0.333749
Epoch 23 Batch 3 | Loss: 0.335151
Epoch 23 Batch 4 | Loss: 0.347898
Epoch 23 Batch 5 | Loss: 0.358389
Epoch 23 Batch 6 | Loss: 0.352366
Epoch 23 Batch 7 | Loss: 0.328553
Epoch 23 Batch 8 | Loss: 0.329369
Epoch 23 Batch 9 | Loss: 0.318545
Epoch 23 Batch 10 | Loss: 0.337655
Epoch 23 Batch 11 | Loss: 0.334367
Epoch 23 Batch 12 | Loss: 0.309889
Epoch 23 Batch 13 | Loss: 0.315115
--- Epoch 23/30 | Loss: 0.3362 | Train Acc: 100.0% | Test Acc: 100.0% | CM: [TP:86, TN:86, FP:0, FN:0] | Progress: 76.7% | ETA: 2.9s ---
Epoch 24 Batch 1 | Loss: 0.343172 | Stats: min: -0.546, max: 0.524, mean: -0.218
Epoch 24 Batch 2 | Loss: 0.334373
Epoch 24 Batch 3 | Loss: 0.360563
Epoch 24 Batch 4 | Loss: 0.341817
Epoch 24 Batch 5 | Loss: 0.324555
Epoch 24 Batch 6 | Loss: 0.331292
Epoch 24 Batch 7 | Loss: 0.328428
Epoch 24 Batch 8 | Loss: 0.331715
Epoch 24 Batch 9 | Loss: 0.335577
Epoch 24 Batch 10 | Loss: 0.326377
Epoch 24 Batch 11 | Loss: 0.349178
Epoch 24 Batch 12 | Loss: 0.343396
Epoch 24 Batch 13 | Loss: 0.324993
  [STABILITY] Plateau detected. Reducing Learning Rate to 0.000313
--- Epoch 24/30 | Loss: 0.3366 | Train Acc: 100.0% | Test Acc: 100.0% | CM: [TP:86, TN:86, FP:0, FN:0] | Progress: 80.0% | ETA: 2.0s ---
Epoch 25 Batch 1 | Loss: 0.337954 | Stats: min: -0.583, max: 0.564, mean: 0.050
Epoch 25 Batch 2 | Loss: 0.320845
Epoch 25 Batch 3 | Loss: 0.325547
Epoch 25 Batch 4 | Loss: 0.357054
Epoch 25 Batch 5 | Loss: 0.350320
Epoch 25 Batch 6 | Loss: 0.340808
Epoch 25 Batch 7 | Loss: 0.342985
Epoch 25 Batch 8 | Loss: 0.329027
Epoch 25 Batch 9 | Loss: 0.330133
Epoch 25 Batch 10 | Loss: 0.324989
Epoch 25 Batch 11 | Loss: 0.349632
Epoch 25 Batch 12 | Loss: 0.333689
Epoch 25 Batch 13 | Loss: 0.337738
--- Epoch 25/30 | Loss: 0.3370 | Train Acc: 100.0% | Test Acc: 100.0% | CM: [TP:86, TN:86, FP:0, FN:0] | Progress: 83.3% | ETA: 1.5s ---
Epoch 26 Batch 1 | Loss: 0.360958 | Stats: min: -0.500, max: 0.398, mean: -0.233
Epoch 26 Batch 2 | Loss: 0.324754
Epoch 26 Batch 3 | Loss: 0.345937
Epoch 26 Batch 4 | Loss: 0.324704
Epoch 26 Batch 5 | Loss: 0.324967
Epoch 26 Batch 6 | Loss: 0.342164
Epoch 26 Batch 7 | Loss: 0.318033
Epoch 26 Batch 8 | Loss: 0.349048
Epoch 26 Batch 9 | Loss: 0.353533
Epoch 26 Batch 10 | Loss: 0.336947
Epoch 26 Batch 11 | Loss: 0.342881
Epoch 26 Batch 12 | Loss: 0.335320
Epoch 26 Batch 13 | Loss: 0.301446
--- Epoch 26/30 | Loss: 0.3354 | Train Acc: 100.0% | Test Acc: 100.0% | CM: [TP:86, TN:86, FP:0, FN:0] | Progress: 86.7% | ETA: 1.3s ---
Epoch 27 Batch 1 | Loss: 0.341586 | Stats: min: -0.528, max: 0.450, mean: -0.078
Epoch 27 Batch 2 | Loss: 0.320268
Epoch 27 Batch 3 | Loss: 0.320092
Epoch 27 Batch 4 | Loss: 0.327902
Epoch 27 Batch 5 | Loss: 0.317164
Epoch 27 Batch 6 | Loss: 0.363969
Epoch 27 Batch 7 | Loss: 0.340044
Epoch 27 Batch 8 | Loss: 0.340795
Epoch 27 Batch 9 | Loss: 0.331410
Epoch 27 Batch 10 | Loss: 0.348006
Epoch 27 Batch 11 | Loss: 0.328838
Epoch 27 Batch 12 | Loss: 0.339927
Epoch 27 Batch 13 | Loss: 0.383886
  [STABILITY] Plateau detected. Reducing Learning Rate to 0.000156
--- Epoch 27/30 | Loss: 0.3388 | Train Acc: 100.0% | Test Acc: 100.0% | CM: [TP:86, TN:86, FP:0, FN:0] | Progress: 90.0% | ETA: 1.2s ---
Epoch 28 Batch 1 | Loss: 0.341765 | Stats: min: -0.409, max: 0.542, mean: 0.081
Epoch 28 Batch 2 | Loss: 0.323552
Epoch 28 Batch 3 | Loss: 0.350562
Epoch 28 Batch 4 | Loss: 0.340799
Epoch 28 Batch 5 | Loss: 0.339375
Epoch 28 Batch 6 | Loss: 0.354262
Epoch 28 Batch 7 | Loss: 0.355929
Epoch 28 Batch 8 | Loss: 0.328123
Epoch 28 Batch 9 | Loss: 0.340507
Epoch 28 Batch 10 | Loss: 0.317959
Epoch 28 Batch 11 | Loss: 0.326100
Epoch 28 Batch 12 | Loss: 0.336735
Epoch 28 Batch 13 | Loss: 0.306142
--- Epoch 28/30 | Loss: 0.3355 | Train Acc: 100.0% | Test Acc: 100.0% | CM: [TP:86, TN:86, FP:0, FN:0] | Progress: 93.3% | ETA: 0.6s ---
Epoch 29 Batch 1 | Loss: 0.328490 | Stats: min: -0.412, max: 0.515, mean: 0.116
Epoch 29 Batch 2 | Loss: 0.325998
Epoch 29 Batch 3 | Loss: 0.341717
Epoch 29 Batch 4 | Loss: 0.330499
Epoch 29 Batch 5 | Loss: 0.344151
Epoch 29 Batch 6 | Loss: 0.343919
Epoch 29 Batch 7 | Loss: 0.326394
Epoch 29 Batch 8 | Loss: 0.332729
Epoch 29 Batch 9 | Loss: 0.334390
Epoch 29 Batch 10 | Loss: 0.345331
Epoch 29 Batch 11 | Loss: 0.339852
Epoch 29 Batch 12 | Loss: 0.347428
Epoch 29 Batch 13 | Loss: 0.337024
--- Epoch 29/30 | Loss: 0.3368 | Train Acc: 100.0% | Test Acc: 100.0% | CM: [TP:86, TN:86, FP:0, FN:0] | Progress: 96.7% | ETA: 0.4s ---
Epoch 30 Batch 1 | Loss: 0.339267 | Stats: min: -0.460, max: 0.529, mean: 0.311
Epoch 30 Batch 2 | Loss: 0.347311
Epoch 30 Batch 3 | Loss: 0.305259
Epoch 30 Batch 4 | Loss: 0.352069
Epoch 30 Batch 5 | Loss: 0.350278
Epoch 30 Batch 6 | Loss: 0.323179
Epoch 30 Batch 7 | Loss: 0.324630
Epoch 30 Batch 8 | Loss: 0.346504
Epoch 30 Batch 9 | Loss: 0.346625
Epoch 30 Batch 10 | Loss: 0.331929
Epoch 30 Batch 11 | Loss: 0.338582
Epoch 30 Batch 12 | Loss: 0.335349
Epoch 30 Batch 13 | Loss: 0.336053
  [STABILITY] Plateau detected. Reducing Learning Rate to 0.000078
--- Epoch 30/30 | Loss: 0.3367 | Train Acc: 100.0% | Test Acc: 100.0% | CM: [TP:86, TN:86, FP:0, FN:0] | Progress: 100.0% | ETA: 0.0s ---

Final Best Test Accuracy: 100.00%


Best Quantum Test Accuracy: 1.000
