DEBUG: Qtrainer enters train_pure_quantum_cnn. Encoding: amplitude
  Class Weights: +1 (Target): 1.00 | -1 (Rest): 1.00
Starting Training
==================================================
Epoch 1 Batch 1 | Loss: 0.741031 | Stats: min: -0.123, max: 0.094, mean: -0.034
Epoch 1 Batch 2 | Loss: 0.677301
Epoch 1 Batch 3 | Loss: 0.639270
Epoch 1 Batch 4 | Loss: 0.587350
Epoch 1 Batch 5 | Loss: 0.563520
Epoch 1 Batch 6 | Loss: 0.551258
Epoch 1 Batch 7 | Loss: 0.532863
Epoch 1 Batch 8 | Loss: 0.544931
Epoch 1 Batch 9 | Loss: 0.496833
Epoch 1 Batch 10 | Loss: 0.471718
Epoch 1 Batch 11 | Loss: 0.473038
Epoch 1 Batch 12 | Loss: 0.487529
Epoch 1 Batch 13 | Loss: 0.490372
  [STABILITY] Test accuracy improved: 0.00% -> 52.33% (via EMA). Saving best params.
--- Epoch 1/30 | Loss: 0.5582 | Train Acc: 55.0% | Test Acc: 52.3% | CM: [TP:12, TN:78, FP:8, FN:74] | Progress: 3.3% | ETA: 473.8s ---
Epoch 2 Batch 1 | Loss: 0.480731 | Stats: min: -0.179, max: 0.302, mean: 0.067
Epoch 2 Batch 2 | Loss: 0.435474
Epoch 2 Batch 3 | Loss: 0.442229
Epoch 2 Batch 4 | Loss: 0.450558
Epoch 2 Batch 5 | Loss: 0.443869
Epoch 2 Batch 6 | Loss: 0.435602
Epoch 2 Batch 7 | Loss: 0.447080
Epoch 2 Batch 8 | Loss: 0.433533
Epoch 2 Batch 9 | Loss: 0.424376
Epoch 2 Batch 10 | Loss: 0.442498
Epoch 2 Batch 11 | Loss: 0.398739
Epoch 2 Batch 12 | Loss: 0.406782
Epoch 2 Batch 13 | Loss: 0.362140
  [STABILITY] Test accuracy improved: 52.33% -> 62.79% (via EMA). Saving best params.
--- Epoch 2/30 | Loss: 0.4310 | Train Acc: 71.5% | Test Acc: 62.8% | CM: [TP:25, TN:83, FP:3, FN:61] | Progress: 6.7% | ETA: 229.0s ---
Epoch 3 Batch 1 | Loss: 0.397764 | Stats: min: -0.423, max: 0.284, mean: -0.237
Epoch 3 Batch 2 | Loss: 0.363270
Epoch 3 Batch 3 | Loss: 0.373971
Epoch 3 Batch 4 | Loss: 0.381540
Epoch 3 Batch 5 | Loss: 0.387183
Epoch 3 Batch 6 | Loss: 0.362310
Epoch 3 Batch 7 | Loss: 0.354369
Epoch 3 Batch 8 | Loss: 0.362496
Epoch 3 Batch 9 | Loss: 0.348640
Epoch 3 Batch 10 | Loss: 0.393703
Epoch 3 Batch 11 | Loss: 0.391020
Epoch 3 Batch 12 | Loss: 0.399015
Epoch 3 Batch 13 | Loss: 0.362011
  [STABILITY] Test accuracy improved: 62.79% -> 70.35% (via EMA). Saving best params.
--- Epoch 3/30 | Loss: 0.3752 | Train Acc: 81.5% | Test Acc: 70.3% | CM: [TP:36, TN:85, FP:1, FN:50] | Progress: 10.0% | ETA: 142.9s ---
Epoch 4 Batch 1 | Loss: 0.356886 | Stats: min: -0.482, max: 0.428, mean: -0.115
Epoch 4 Batch 2 | Loss: 0.332197
Epoch 4 Batch 3 | Loss: 0.342213
Epoch 4 Batch 4 | Loss: 0.338534
Epoch 4 Batch 5 | Loss: 0.363125
Epoch 4 Batch 6 | Loss: 0.347755
Epoch 4 Batch 7 | Loss: 0.341066
Epoch 4 Batch 8 | Loss: 0.319757
Epoch 4 Batch 9 | Loss: 0.365145
Epoch 4 Batch 10 | Loss: 0.361140
Epoch 4 Batch 11 | Loss: 0.320750
Epoch 4 Batch 12 | Loss: 0.329360
Epoch 4 Batch 13 | Loss: 0.312916
  [STABILITY] Test accuracy improved: 70.35% -> 79.07% (via EMA). Saving best params.
--- Epoch 4/30 | Loss: 0.3408 | Train Acc: 87.5% | Test Acc: 79.1% | CM: [TP:50, TN:86, FP:0, FN:36] | Progress: 13.3% | ETA: 102.9s ---
Epoch 5 Batch 1 | Loss: 0.327298 | Stats: min: -0.232, max: 0.588, mean: 0.259
Epoch 5 Batch 2 | Loss: 0.319463
Epoch 5 Batch 3 | Loss: 0.326875
Epoch 5 Batch 4 | Loss: 0.323795
Epoch 5 Batch 5 | Loss: 0.321219
Epoch 5 Batch 6 | Loss: 0.335592
Epoch 5 Batch 7 | Loss: 0.333876
Epoch 5 Batch 8 | Loss: 0.309832
Epoch 5 Batch 9 | Loss: 0.306306
Epoch 5 Batch 10 | Loss: 0.293247
Epoch 5 Batch 11 | Loss: 0.292126
Epoch 5 Batch 12 | Loss: 0.305165
Epoch 5 Batch 13 | Loss: 0.261424
  [STABILITY] Test accuracy improved: 79.07% -> 90.12% (via EMA). Saving best params.
--- Epoch 5/30 | Loss: 0.3120 | Train Acc: 97.0% | Test Acc: 90.1% | CM: [TP:69, TN:86, FP:0, FN:17] | Progress: 16.7% | ETA: 77.8s ---
Epoch 6 Batch 1 | Loss: 0.282860 | Stats: min: -0.570, max: 0.566, mean: 0.059
Epoch 6 Batch 2 | Loss: 0.287039
Epoch 6 Batch 3 | Loss: 0.287203
Epoch 6 Batch 4 | Loss: 0.301020
Epoch 6 Batch 5 | Loss: 0.331102
Epoch 6 Batch 6 | Loss: 0.296330
Epoch 6 Batch 7 | Loss: 0.300028
Epoch 6 Batch 8 | Loss: 0.277460
Epoch 6 Batch 9 | Loss: 0.286364
Epoch 6 Batch 10 | Loss: 0.268897
Epoch 6 Batch 11 | Loss: 0.289759
Epoch 6 Batch 12 | Loss: 0.274012
Epoch 6 Batch 13 | Loss: 0.332678
  [STABILITY] Test accuracy improved: 90.12% -> 97.09% (via EMA). Saving best params.
--- Epoch 6/30 | Loss: 0.2934 | Train Acc: 99.0% | Test Acc: 97.1% | CM: [TP:81, TN:86, FP:0, FN:5] | Progress: 20.0% | ETA: 62.6s ---
Epoch 7 Batch 1 | Loss: 0.306169 | Stats: min: -0.554, max: 0.607, mean: -0.066
Epoch 7 Batch 2 | Loss: 0.285393
Epoch 7 Batch 3 | Loss: 0.267548
Epoch 7 Batch 4 | Loss: 0.277595
Epoch 7 Batch 5 | Loss: 0.266053
Epoch 7 Batch 6 | Loss: 0.258783
Epoch 7 Batch 7 | Loss: 0.266453
Epoch 7 Batch 8 | Loss: 0.281342
Epoch 7 Batch 9 | Loss: 0.298887
Epoch 7 Batch 10 | Loss: 0.288192
Epoch 7 Batch 11 | Loss: 0.269664
Epoch 7 Batch 12 | Loss: 0.285460
Epoch 7 Batch 13 | Loss: 0.306993
  [STABILITY] Test accuracy improved: 97.09% -> 98.84% (via EMA). Saving best params.
--- Epoch 7/30 | Loss: 0.2814 | Train Acc: 99.0% | Test Acc: 98.8% | CM: [TP:84, TN:86, FP:0, FN:2] | Progress: 23.3% | ETA: 52.3s ---
Epoch 8 Batch 1 | Loss: 0.246796 | Stats: min: -0.590, max: 0.593, mean: -0.047
Epoch 8 Batch 2 | Loss: 0.278181
Epoch 8 Batch 3 | Loss: 0.256490
Epoch 8 Batch 4 | Loss: 0.269113
Epoch 8 Batch 5 | Loss: 0.269335
Epoch 8 Batch 6 | Loss: 0.285323
Epoch 8 Batch 7 | Loss: 0.263734
Epoch 8 Batch 8 | Loss: 0.261520
Epoch 8 Batch 9 | Loss: 0.243343
Epoch 8 Batch 10 | Loss: 0.299827
Epoch 8 Batch 11 | Loss: 0.258527
Epoch 8 Batch 12 | Loss: 0.270276
Epoch 8 Batch 13 | Loss: 0.266806
  [STABILITY] Test accuracy improved: 98.84% -> 99.42% (via EMA). Saving best params.
--- Epoch 8/30 | Loss: 0.2669 | Train Acc: 99.5% | Test Acc: 99.4% | CM: [TP:85, TN:86, FP:0, FN:1] | Progress: 26.7% | ETA: 46.0s ---
Epoch 9 Batch 1 | Loss: 0.276103 | Stats: min: -0.639, max: 0.584, mean: -0.278
Epoch 9 Batch 2 | Loss: 0.240805
Epoch 9 Batch 3 | Loss: 0.242651
Epoch 9 Batch 4 | Loss: 0.282504
Epoch 9 Batch 5 | Loss: 0.259123
Epoch 9 Batch 6 | Loss: 0.248464
Epoch 9 Batch 7 | Loss: 0.231793
Epoch 9 Batch 8 | Loss: 0.251424
Epoch 9 Batch 9 | Loss: 0.235280
Epoch 9 Batch 10 | Loss: 0.261210
Epoch 9 Batch 11 | Loss: 0.232937
Epoch 9 Batch 12 | Loss: 0.304663
Epoch 9 Batch 13 | Loss: 0.239296
--- Epoch 9/30 | Loss: 0.2543 | Train Acc: 99.5% | Test Acc: 99.4% | CM: [TP:85, TN:86, FP:0, FN:1] | Progress: 30.0% | ETA: 39.4s ---
Epoch 10 Batch 1 | Loss: 0.240270 | Stats: min: -0.649, max: 0.682, mean: -0.102
Epoch 10 Batch 2 | Loss: 0.243924
Epoch 10 Batch 3 | Loss: 0.229442
Epoch 10 Batch 4 | Loss: 0.269316
Epoch 10 Batch 5 | Loss: 0.244707
Epoch 10 Batch 6 | Loss: 0.234975
Epoch 10 Batch 7 | Loss: 0.257709
Epoch 10 Batch 8 | Loss: 0.245620
Epoch 10 Batch 9 | Loss: 0.222110
Epoch 10 Batch 10 | Loss: 0.260057
Epoch 10 Batch 11 | Loss: 0.259033
Epoch 10 Batch 12 | Loss: 0.230324
Epoch 10 Batch 13 | Loss: 0.285279
--- Epoch 10/30 | Loss: 0.2479 | Train Acc: 99.5% | Test Acc: 98.8% | CM: [TP:85, TN:85, FP:1, FN:1] | Progress: 33.3% | ETA: 35.3s ---
Epoch 11 Batch 1 | Loss: 0.245885 | Stats: min: -0.620, max: 0.730, mean: 0.102
Epoch 11 Batch 2 | Loss: 0.254577
Epoch 11 Batch 3 | Loss: 0.238675
Epoch 11 Batch 4 | Loss: 0.217623
Epoch 11 Batch 5 | Loss: 0.251009
Epoch 11 Batch 6 | Loss: 0.255184
Epoch 11 Batch 7 | Loss: 0.225555
Epoch 11 Batch 8 | Loss: 0.277102
Epoch 11 Batch 9 | Loss: 0.219290
Epoch 11 Batch 10 | Loss: 0.240656
Epoch 11 Batch 11 | Loss: 0.239265
Epoch 11 Batch 12 | Loss: 0.242547
Epoch 11 Batch 13 | Loss: 0.218881
  [STABILITY] Plateau detected. Reducing Learning Rate to 0.010000
--- Epoch 11/30 | Loss: 0.2405 | Train Acc: 99.5% | Test Acc: 99.4% | CM: [TP:86, TN:85, FP:1, FN:0] | Progress: 36.7% | ETA: 24.9s ---
Epoch 12 Batch 1 | Loss: 0.228084 | Stats: min: -0.651, max: 0.725, mean: 0.178
Epoch 12 Batch 2 | Loss: 0.242291
Epoch 12 Batch 3 | Loss: 0.237480
Epoch 12 Batch 4 | Loss: 0.209690
Epoch 12 Batch 5 | Loss: 0.294860
Epoch 12 Batch 6 | Loss: 0.227162
Epoch 12 Batch 7 | Loss: 0.257872
Epoch 12 Batch 8 | Loss: 0.256218
Epoch 12 Batch 9 | Loss: 0.243676
Epoch 12 Batch 10 | Loss: 0.230680
Epoch 12 Batch 11 | Loss: 0.207888
Epoch 12 Batch 12 | Loss: 0.213089
Epoch 12 Batch 13 | Loss: 0.224913
--- Epoch 12/30 | Loss: 0.2365 | Train Acc: 99.5% | Test Acc: 98.8% | CM: [TP:86, TN:84, FP:2, FN:0] | Progress: 40.0% | ETA: 21.4s ---
Epoch 13 Batch 1 | Loss: 0.267493 | Stats: min: -0.624, max: 0.622, mean: -0.149
Epoch 13 Batch 2 | Loss: 0.221905
Epoch 13 Batch 3 | Loss: 0.218173
Epoch 13 Batch 4 | Loss: 0.240284
Epoch 13 Batch 5 | Loss: 0.213704
Epoch 13 Batch 6 | Loss: 0.236182
Epoch 13 Batch 7 | Loss: 0.239553
Epoch 13 Batch 8 | Loss: 0.209897
Epoch 13 Batch 9 | Loss: 0.247356
Epoch 13 Batch 10 | Loss: 0.230733
Epoch 13 Batch 11 | Loss: 0.216332
Epoch 13 Batch 12 | Loss: 0.267323
Epoch 13 Batch 13 | Loss: 0.237994
--- Epoch 13/30 | Loss: 0.2344 | Train Acc: 99.5% | Test Acc: 98.8% | CM: [TP:86, TN:84, FP:2, FN:0] | Progress: 43.3% | ETA: 18.2s ---
Epoch 14 Batch 1 | Loss: 0.208032 | Stats: min: -0.636, max: 0.763, mean: -0.066
Epoch 14 Batch 2 | Loss: 0.230938
Epoch 14 Batch 3 | Loss: 0.248560
Epoch 14 Batch 4 | Loss: 0.262868
Epoch 14 Batch 5 | Loss: 0.217955
Epoch 14 Batch 6 | Loss: 0.227304
Epoch 14 Batch 7 | Loss: 0.227580
Epoch 14 Batch 8 | Loss: 0.245193
Epoch 14 Batch 9 | Loss: 0.226462
Epoch 14 Batch 10 | Loss: 0.232370
Epoch 14 Batch 11 | Loss: 0.249955
Epoch 14 Batch 12 | Loss: 0.222002
Epoch 14 Batch 13 | Loss: 0.186749
  [STABILITY] Plateau detected. Reducing Learning Rate to 0.005000
--- Epoch 14/30 | Loss: 0.2297 | Train Acc: 99.5% | Test Acc: 98.3% | CM: [TP:86, TN:83, FP:3, FN:0] | Progress: 46.7% | ETA: 16.7s ---
Epoch 15 Batch 1 | Loss: 0.265716 | Stats: min: -0.665, max: 0.723, mean: -0.210
Epoch 15 Batch 2 | Loss: 0.207449
Epoch 15 Batch 3 | Loss: 0.205175
Epoch 15 Batch 4 | Loss: 0.207163
Epoch 15 Batch 5 | Loss: 0.244235
Epoch 15 Batch 6 | Loss: 0.258228
Epoch 15 Batch 7 | Loss: 0.233668
Epoch 15 Batch 8 | Loss: 0.249682
Epoch 15 Batch 9 | Loss: 0.229276
Epoch 15 Batch 10 | Loss: 0.204448
Epoch 15 Batch 11 | Loss: 0.207287
Epoch 15 Batch 12 | Loss: 0.233209
Epoch 15 Batch 13 | Loss: 0.246672
--- Epoch 15/30 | Loss: 0.2302 | Train Acc: 99.5% | Test Acc: 98.3% | CM: [TP:86, TN:83, FP:3, FN:0] | Progress: 50.0% | ETA: 13.9s ---
Epoch 16 Batch 1 | Loss: 0.234990 | Stats: min: -0.638, max: 0.816, mean: -0.022
Epoch 16 Batch 2 | Loss: 0.205618
Epoch 16 Batch 3 | Loss: 0.219077
Epoch 16 Batch 4 | Loss: 0.218690
Epoch 16 Batch 5 | Loss: 0.207628
Epoch 16 Batch 6 | Loss: 0.271298
Epoch 16 Batch 7 | Loss: 0.208272
Epoch 16 Batch 8 | Loss: 0.231552
Epoch 16 Batch 9 | Loss: 0.221615
Epoch 16 Batch 10 | Loss: 0.196901
Epoch 16 Batch 11 | Loss: 0.249959
Epoch 16 Batch 12 | Loss: 0.274047
Epoch 16 Batch 13 | Loss: 0.229229
--- Epoch 16/30 | Loss: 0.2284 | Train Acc: 99.5% | Test Acc: 98.3% | CM: [TP:86, TN:83, FP:3, FN:0] | Progress: 53.3% | ETA: 12.8s ---
Epoch 17 Batch 1 | Loss: 0.227634 | Stats: min: -0.613, max: 0.819, mean: -0.008
Epoch 17 Batch 2 | Loss: 0.249533
Epoch 17 Batch 3 | Loss: 0.229655
Epoch 17 Batch 4 | Loss: 0.230648
Epoch 17 Batch 5 | Loss: 0.269367
Epoch 17 Batch 6 | Loss: 0.202015
Epoch 17 Batch 7 | Loss: 0.243657
Epoch 17 Batch 8 | Loss: 0.206894
Epoch 17 Batch 9 | Loss: 0.229682
Epoch 17 Batch 10 | Loss: 0.198267
Epoch 17 Batch 11 | Loss: 0.232992
Epoch 17 Batch 12 | Loss: 0.218834
Epoch 17 Batch 13 | Loss: 0.214728
  [STABILITY] Plateau detected. Reducing Learning Rate to 0.002500
--- Epoch 17/30 | Loss: 0.2272 | Train Acc: 99.5% | Test Acc: 98.3% | CM: [TP:86, TN:83, FP:3, FN:0] | Progress: 56.7% | ETA: 11.2s ---
Epoch 18 Batch 1 | Loss: 0.239731 | Stats: min: -0.650, max: 0.555, mean: -0.070
Epoch 18 Batch 2 | Loss: 0.232190
Epoch 18 Batch 3 | Loss: 0.222063
Epoch 18 Batch 4 | Loss: 0.230859
Epoch 18 Batch 5 | Loss: 0.247756
Epoch 18 Batch 6 | Loss: 0.224045
Epoch 18 Batch 7 | Loss: 0.226657
Epoch 18 Batch 8 | Loss: 0.198980
Epoch 18 Batch 9 | Loss: 0.228560
Epoch 18 Batch 10 | Loss: 0.240570
Epoch 18 Batch 11 | Loss: 0.216786
Epoch 18 Batch 12 | Loss: 0.216199
Epoch 18 Batch 13 | Loss: 0.197935
--- Epoch 18/30 | Loss: 0.2248 | Train Acc: 99.5% | Test Acc: 98.3% | CM: [TP:86, TN:83, FP:3, FN:0] | Progress: 60.0% | ETA: 9.8s ---
Epoch 19 Batch 1 | Loss: 0.223350 | Stats: min: -0.622, max: 0.808, mean: -0.038
Epoch 19 Batch 2 | Loss: 0.226221
Epoch 19 Batch 3 | Loss: 0.235945
Epoch 19 Batch 4 | Loss: 0.205679
Epoch 19 Batch 5 | Loss: 0.267558
Epoch 19 Batch 6 | Loss: 0.209161
Epoch 19 Batch 7 | Loss: 0.238659
Epoch 19 Batch 8 | Loss: 0.257053
Epoch 19 Batch 9 | Loss: 0.185799
Epoch 19 Batch 10 | Loss: 0.199375
Epoch 19 Batch 11 | Loss: 0.248365
Epoch 19 Batch 12 | Loss: 0.197775
Epoch 19 Batch 13 | Loss: 0.240997
--- Epoch 19/30 | Loss: 0.2258 | Train Acc: 99.5% | Test Acc: 98.3% | CM: [TP:86, TN:83, FP:3, FN:0] | Progress: 63.3% | ETA: 8.2s ---
Epoch 20 Batch 1 | Loss: 0.229649 | Stats: min: -0.641, max: 0.304, mean: -0.410
Epoch 20 Batch 2 | Loss: 0.213928
Epoch 20 Batch 3 | Loss: 0.223364
Epoch 20 Batch 4 | Loss: 0.226832
Epoch 20 Batch 5 | Loss: 0.224478
Epoch 20 Batch 6 | Loss: 0.219952
Epoch 20 Batch 7 | Loss: 0.233356
Epoch 20 Batch 8 | Loss: 0.237892
Epoch 20 Batch 9 | Loss: 0.218832
Epoch 20 Batch 10 | Loss: 0.198760
Epoch 20 Batch 11 | Loss: 0.223747
Epoch 20 Batch 12 | Loss: 0.235855
Epoch 20 Batch 13 | Loss: 0.245848
  [STABILITY] Plateau detected. Reducing Learning Rate to 0.001250
--- Epoch 20/30 | Loss: 0.2256 | Train Acc: 99.5% | Test Acc: 98.3% | CM: [TP:86, TN:83, FP:3, FN:0] | Progress: 66.7% | ETA: 7.3s ---
Epoch 21 Batch 1 | Loss: 0.204190 | Stats: min: -0.610, max: 0.116, mean: -0.444
Epoch 21 Batch 2 | Loss: 0.249789
Epoch 21 Batch 3 | Loss: 0.224086
Epoch 21 Batch 4 | Loss: 0.263101
Epoch 21 Batch 5 | Loss: 0.214775
Epoch 21 Batch 6 | Loss: 0.192998
Epoch 21 Batch 7 | Loss: 0.213587
Epoch 21 Batch 8 | Loss: 0.228285
Epoch 21 Batch 9 | Loss: 0.232352
Epoch 21 Batch 10 | Loss: 0.232080
Epoch 21 Batch 11 | Loss: 0.217771
Epoch 21 Batch 12 | Loss: 0.230258
Epoch 21 Batch 13 | Loss: 0.193285
--- Epoch 21/30 | Loss: 0.2228 | Train Acc: 99.0% | Test Acc: 98.3% | CM: [TP:86, TN:83, FP:3, FN:0] | Progress: 70.0% | ETA: 6.1s ---
Epoch 22 Batch 1 | Loss: 0.245993 | Stats: min: -0.638, max: 0.752, mean: -0.308
Epoch 22 Batch 2 | Loss: 0.216103
Epoch 22 Batch 3 | Loss: 0.205133
Epoch 22 Batch 4 | Loss: 0.202025
Epoch 22 Batch 5 | Loss: 0.243400
Epoch 22 Batch 6 | Loss: 0.239491
Epoch 22 Batch 7 | Loss: 0.193270
Epoch 22 Batch 8 | Loss: 0.236776
Epoch 22 Batch 9 | Loss: 0.195323
Epoch 22 Batch 10 | Loss: 0.227290
Epoch 22 Batch 11 | Loss: 0.212891
Epoch 22 Batch 12 | Loss: 0.267732
Epoch 22 Batch 13 | Loss: 0.222361
--- Epoch 22/30 | Loss: 0.2237 | Train Acc: 99.0% | Test Acc: 98.3% | CM: [TP:86, TN:83, FP:3, FN:0] | Progress: 73.3% | ETA: 5.2s ---
Epoch 23 Batch 1 | Loss: 0.235641 | Stats: min: -0.638, max: 0.809, mean: 0.411
Epoch 23 Batch 2 | Loss: 0.216131
Epoch 23 Batch 3 | Loss: 0.248224
Epoch 23 Batch 4 | Loss: 0.198364
Epoch 23 Batch 5 | Loss: 0.238323
Epoch 23 Batch 6 | Loss: 0.195811
Epoch 23 Batch 7 | Loss: 0.239913
Epoch 23 Batch 8 | Loss: 0.200316
Epoch 23 Batch 9 | Loss: 0.233317
Epoch 23 Batch 10 | Loss: 0.217234
Epoch 23 Batch 11 | Loss: 0.227522
Epoch 23 Batch 12 | Loss: 0.246052
Epoch 23 Batch 13 | Loss: 0.192761
  [STABILITY] Plateau detected. Reducing Learning Rate to 0.000625
--- Epoch 23/30 | Loss: 0.2223 | Train Acc: 99.0% | Test Acc: 98.3% | CM: [TP:86, TN:83, FP:3, FN:0] | Progress: 76.7% | ETA: 4.5s ---
Epoch 24 Batch 1 | Loss: 0.184500 | Stats: min: -0.611, max: 0.741, mean: -0.054
Epoch 24 Batch 2 | Loss: 0.242574
Epoch 24 Batch 3 | Loss: 0.218458
Epoch 24 Batch 4 | Loss: 0.216343
Epoch 24 Batch 5 | Loss: 0.279455
Epoch 24 Batch 6 | Loss: 0.221047
Epoch 24 Batch 7 | Loss: 0.240208
Epoch 24 Batch 8 | Loss: 0.210496
Epoch 24 Batch 9 | Loss: 0.206140
Epoch 24 Batch 10 | Loss: 0.227568
Epoch 24 Batch 11 | Loss: 0.214049
Epoch 24 Batch 12 | Loss: 0.229925
Epoch 24 Batch 13 | Loss: 0.197018
--- Epoch 24/30 | Loss: 0.2221 | Train Acc: 99.0% | Test Acc: 98.3% | CM: [TP:86, TN:83, FP:3, FN:0] | Progress: 80.0% | ETA: 3.8s ---
Epoch 25 Batch 1 | Loss: 0.194522 | Stats: min: -0.630, max: 0.805, mean: 0.263
Epoch 25 Batch 2 | Loss: 0.277744
Epoch 25 Batch 3 | Loss: 0.252523
Epoch 25 Batch 4 | Loss: 0.172573
Epoch 25 Batch 5 | Loss: 0.198174
Epoch 25 Batch 6 | Loss: 0.228576
Epoch 25 Batch 7 | Loss: 0.214029
Epoch 25 Batch 8 | Loss: 0.273891
Epoch 25 Batch 9 | Loss: 0.231768
Epoch 25 Batch 10 | Loss: 0.235959
Epoch 25 Batch 11 | Loss: 0.218392
Epoch 25 Batch 12 | Loss: 0.195306
Epoch 25 Batch 13 | Loss: 0.187056
--- Epoch 25/30 | Loss: 0.2216 | Train Acc: 99.0% | Test Acc: 98.3% | CM: [TP:86, TN:83, FP:3, FN:0] | Progress: 83.3% | ETA: 2.8s ---
Epoch 26 Batch 1 | Loss: 0.205114 | Stats: min: -0.695, max: 0.772, mean: 0.094
Epoch 26 Batch 2 | Loss: 0.228453
Epoch 26 Batch 3 | Loss: 0.290581
Epoch 26 Batch 4 | Loss: 0.187642
Epoch 26 Batch 5 | Loss: 0.217606
Epoch 26 Batch 6 | Loss: 0.255868
Epoch 26 Batch 7 | Loss: 0.248624
Epoch 26 Batch 8 | Loss: 0.179808
Epoch 26 Batch 9 | Loss: 0.214311
Epoch 26 Batch 10 | Loss: 0.214671
Epoch 26 Batch 11 | Loss: 0.244270
Epoch 26 Batch 12 | Loss: 0.189949
Epoch 26 Batch 13 | Loss: 0.218292
  [STABILITY] Plateau detected. Reducing Learning Rate to 0.000313
--- Epoch 26/30 | Loss: 0.2227 | Train Acc: 99.0% | Test Acc: 98.3% | CM: [TP:86, TN:83, FP:3, FN:0] | Progress: 86.7% | ETA: 2.2s ---
Epoch 27 Batch 1 | Loss: 0.249407 | Stats: min: -0.603, max: 0.749, mean: 0.118
Epoch 27 Batch 2 | Loss: 0.250958
Epoch 27 Batch 3 | Loss: 0.209896
Epoch 27 Batch 4 | Loss: 0.242328
Epoch 27 Batch 5 | Loss: 0.226329
Epoch 27 Batch 6 | Loss: 0.194172
Epoch 27 Batch 7 | Loss: 0.229434
Epoch 27 Batch 8 | Loss: 0.200314
Epoch 27 Batch 9 | Loss: 0.196294
Epoch 27 Batch 10 | Loss: 0.208359
Epoch 27 Batch 11 | Loss: 0.265098
Epoch 27 Batch 12 | Loss: 0.219310
Epoch 27 Batch 13 | Loss: 0.182845
--- Epoch 27/30 | Loss: 0.2211 | Train Acc: 99.0% | Test Acc: 98.3% | CM: [TP:86, TN:83, FP:3, FN:0] | Progress: 90.0% | ETA: 1.7s ---
Epoch 28 Batch 1 | Loss: 0.216287 | Stats: min: -0.399, max: 0.824, mean: 0.434
Epoch 28 Batch 2 | Loss: 0.218729
Epoch 28 Batch 3 | Loss: 0.213431
Epoch 28 Batch 4 | Loss: 0.263918
Epoch 28 Batch 5 | Loss: 0.235499
Epoch 28 Batch 6 | Loss: 0.250918
Epoch 28 Batch 7 | Loss: 0.201881
Epoch 28 Batch 8 | Loss: 0.191917
Epoch 28 Batch 9 | Loss: 0.242938
Epoch 28 Batch 10 | Loss: 0.208484
Epoch 28 Batch 11 | Loss: 0.197421
Epoch 28 Batch 12 | Loss: 0.219045
Epoch 28 Batch 13 | Loss: 0.247941
--- Epoch 28/30 | Loss: 0.2237 | Train Acc: 99.0% | Test Acc: 98.3% | CM: [TP:86, TN:83, FP:3, FN:0] | Progress: 93.3% | ETA: 0.9s ---
Epoch 29 Batch 1 | Loss: 0.239707 | Stats: min: -0.619, max: 0.735, mean: -0.135
Epoch 29 Batch 2 | Loss: 0.223611
Epoch 29 Batch 3 | Loss: 0.223588
Epoch 29 Batch 4 | Loss: 0.288356
Epoch 29 Batch 5 | Loss: 0.245674
Epoch 29 Batch 6 | Loss: 0.195310
Epoch 29 Batch 7 | Loss: 0.181630
Epoch 29 Batch 8 | Loss: 0.202917
Epoch 29 Batch 9 | Loss: 0.205447
Epoch 29 Batch 10 | Loss: 0.237797
Epoch 29 Batch 11 | Loss: 0.217870
Epoch 29 Batch 12 | Loss: 0.208481
Epoch 29 Batch 13 | Loss: 0.224885
  [STABILITY] Plateau detected. Reducing Learning Rate to 0.000156
--- Epoch 29/30 | Loss: 0.2227 | Train Acc: 99.0% | Test Acc: 98.3% | CM: [TP:86, TN:83, FP:3, FN:0] | Progress: 96.7% | ETA: 0.4s ---
Epoch 30 Batch 1 | Loss: 0.225771 | Stats: min: -0.304, max: 0.822, mean: 0.504
Epoch 30 Batch 2 | Loss: 0.212400
Epoch 30 Batch 3 | Loss: 0.218083
Epoch 30 Batch 4 | Loss: 0.231596
Epoch 30 Batch 5 | Loss: 0.208510
Epoch 30 Batch 6 | Loss: 0.192764
Epoch 30 Batch 7 | Loss: 0.257772
Epoch 30 Batch 8 | Loss: 0.223084
Epoch 30 Batch 9 | Loss: 0.229548
Epoch 30 Batch 10 | Loss: 0.241377
Epoch 30 Batch 11 | Loss: 0.241539
Epoch 30 Batch 12 | Loss: 0.205871
Epoch 30 Batch 13 | Loss: 0.184494
--- Epoch 30/30 | Loss: 0.2210 | Train Acc: 99.0% | Test Acc: 98.3% | CM: [TP:86, TN:83, FP:3, FN:0] | Progress: 100.0% | ETA: 0.0s ---

Final Best Test Accuracy: 99.42%


Best Quantum Test Accuracy: 0.994
