DEBUG: Qtrainer enters train_pure_quantum_cnn. Encoding: amplitude
  Class Weights: +1 (Target): 1.00 | -1 (Rest): 1.00
Starting Training
==================================================
Epoch 1 Batch 1 | Loss: 0.696812 | Stats: min: -0.025, max: 0.105, mean: 0.059
Epoch 1 Batch 2 | Loss: 0.661750
Epoch 1 Batch 3 | Loss: 0.649510
Epoch 1 Batch 4 | Loss: 0.635377
Epoch 1 Batch 5 | Loss: 0.622023
Epoch 1 Batch 6 | Loss: 0.627066
Epoch 1 Batch 7 | Loss: 0.583105
Epoch 1 Batch 8 | Loss: 0.581034
Epoch 1 Batch 9 | Loss: 0.609228
Epoch 1 Batch 10 | Loss: 0.569704
Epoch 1 Batch 11 | Loss: 0.562989
Epoch 1 Batch 12 | Loss: 0.585216
Epoch 1 Batch 13 | Loss: 0.616015
  [STABILITY] Test accuracy improved: 0.00% -> 56.98% (via EMA). Saving best params.
--- Epoch 1/30 | Loss: 0.6154 | Train Acc: 58.5% | Test Acc: 57.0% | CM: [TP:14, TN:84, FP:2, FN:72] | Progress: 3.3% | ETA: 207.2s ---
Epoch 2 Batch 1 | Loss: 0.500494 | Stats: min: -0.354, max: 0.160, mean: -0.177
Epoch 2 Batch 2 | Loss: 0.571880
Epoch 2 Batch 3 | Loss: 0.508619
Epoch 2 Batch 4 | Loss: 0.529620
Epoch 2 Batch 5 | Loss: 0.574895
Epoch 2 Batch 6 | Loss: 0.614112
Epoch 2 Batch 7 | Loss: 0.529571
Epoch 2 Batch 8 | Loss: 0.547185
Epoch 2 Batch 9 | Loss: 0.549730
Epoch 2 Batch 10 | Loss: 0.528593
Epoch 2 Batch 11 | Loss: 0.539721
Epoch 2 Batch 12 | Loss: 0.566062
Epoch 2 Batch 13 | Loss: 0.475183
  [STABILITY] Test accuracy improved: 56.98% -> 63.95% (via EMA). Saving best params.
--- Epoch 2/30 | Loss: 0.5412 | Train Acc: 67.0% | Test Acc: 64.0% | CM: [TP:24, TN:86, FP:0, FN:62] | Progress: 6.7% | ETA: 124.1s ---
Epoch 3 Batch 1 | Loss: 0.518102 | Stats: min: -0.426, max: 0.087, mean: -0.208
Epoch 3 Batch 2 | Loss: 0.537166
Epoch 3 Batch 3 | Loss: 0.520984
Epoch 3 Batch 4 | Loss: 0.502927
Epoch 3 Batch 5 | Loss: 0.511008
Epoch 3 Batch 6 | Loss: 0.497517
Epoch 3 Batch 7 | Loss: 0.513635
Epoch 3 Batch 8 | Loss: 0.516342
Epoch 3 Batch 9 | Loss: 0.460624
Epoch 3 Batch 10 | Loss: 0.498816
Epoch 3 Batch 11 | Loss: 0.487936
Epoch 3 Batch 12 | Loss: 0.540403
Epoch 3 Batch 13 | Loss: 0.475423
  [STABILITY] Test accuracy improved: 63.95% -> 73.26% (via EMA). Saving best params.
--- Epoch 3/30 | Loss: 0.5062 | Train Acc: 76.0% | Test Acc: 73.3% | CM: [TP:40, TN:86, FP:0, FN:46] | Progress: 10.0% | ETA: 96.5s ---
Epoch 4 Batch 1 | Loss: 0.506990 | Stats: min: 0.006, max: 0.270, mean: 0.181
Epoch 4 Batch 2 | Loss: 0.486232
Epoch 4 Batch 3 | Loss: 0.541423
Epoch 4 Batch 4 | Loss: 0.467572
Epoch 4 Batch 5 | Loss: 0.452955
Epoch 4 Batch 6 | Loss: 0.513386
Epoch 4 Batch 7 | Loss: 0.491509
Epoch 4 Batch 8 | Loss: 0.434402
Epoch 4 Batch 9 | Loss: 0.436426
Epoch 4 Batch 10 | Loss: 0.474339
Epoch 4 Batch 11 | Loss: 0.527698
Epoch 4 Batch 12 | Loss: 0.460599
Epoch 4 Batch 13 | Loss: 0.502335
  [STABILITY] Test accuracy improved: 73.26% -> 80.23% (via EMA). Saving best params.
--- Epoch 4/30 | Loss: 0.4843 | Train Acc: 81.5% | Test Acc: 80.2% | CM: [TP:53, TN:85, FP:1, FN:33] | Progress: 13.3% | ETA: 77.7s ---
Epoch 5 Batch 1 | Loss: 0.435728 | Stats: min: -0.501, max: 0.223, mean: -0.206
Epoch 5 Batch 2 | Loss: 0.447673
Epoch 5 Batch 3 | Loss: 0.486142
Epoch 5 Batch 4 | Loss: 0.479602
Epoch 5 Batch 5 | Loss: 0.441086
Epoch 5 Batch 6 | Loss: 0.414719
Epoch 5 Batch 7 | Loss: 0.505758
Epoch 5 Batch 8 | Loss: 0.468062
Epoch 5 Batch 9 | Loss: 0.440747
Epoch 5 Batch 10 | Loss: 0.505694
Epoch 5 Batch 11 | Loss: 0.520382
Epoch 5 Batch 12 | Loss: 0.478392
Epoch 5 Batch 13 | Loss: 0.506724
  [STABILITY] Test accuracy improved: 80.23% -> 83.14% (via EMA). Saving best params.
--- Epoch 5/30 | Loss: 0.4716 | Train Acc: 82.5% | Test Acc: 83.1% | CM: [TP:59, TN:84, FP:2, FN:27] | Progress: 16.7% | ETA: 32.8s ---
Epoch 6 Batch 1 | Loss: 0.405949 | Stats: min: -0.617, max: 0.122, mean: -0.413
Epoch 6 Batch 2 | Loss: 0.436389
Epoch 6 Batch 3 | Loss: 0.500084
Epoch 6 Batch 4 | Loss: 0.472941
Epoch 6 Batch 5 | Loss: 0.470792
Epoch 6 Batch 6 | Loss: 0.480852
Epoch 6 Batch 7 | Loss: 0.467502
Epoch 6 Batch 8 | Loss: 0.474795
Epoch 6 Batch 9 | Loss: 0.452936
Epoch 6 Batch 10 | Loss: 0.458663
Epoch 6 Batch 11 | Loss: 0.457118
Epoch 6 Batch 12 | Loss: 0.467509
Epoch 6 Batch 13 | Loss: 0.463803
  [STABILITY] Test accuracy improved: 83.14% -> 84.30% (via EMA). Saving best params.
--- Epoch 6/30 | Loss: 0.4623 | Train Acc: 85.0% | Test Acc: 84.3% | CM: [TP:61, TN:84, FP:2, FN:25] | Progress: 20.0% | ETA: 26.2s ---
Epoch 7 Batch 1 | Loss: 0.488274 | Stats: min: -0.597, max: 0.040, mean: -0.339
Epoch 7 Batch 2 | Loss: 0.510111
Epoch 7 Batch 3 | Loss: 0.442451
Epoch 7 Batch 4 | Loss: 0.478004
Epoch 7 Batch 5 | Loss: 0.447808
Epoch 7 Batch 6 | Loss: 0.479113
Epoch 7 Batch 7 | Loss: 0.459203
Epoch 7 Batch 8 | Loss: 0.424526
Epoch 7 Batch 9 | Loss: 0.429147
Epoch 7 Batch 10 | Loss: 0.409679
Epoch 7 Batch 11 | Loss: 0.443122
Epoch 7 Batch 12 | Loss: 0.494994
Epoch 7 Batch 13 | Loss: 0.442801
  [STABILITY] Test accuracy improved: 84.30% -> 86.63% (via EMA). Saving best params.
--- Epoch 7/30 | Loss: 0.4576 | Train Acc: 86.5% | Test Acc: 86.6% | CM: [TP:65, TN:84, FP:2, FN:21] | Progress: 23.3% | ETA: 22.0s ---
Epoch 8 Batch 1 | Loss: 0.439855 | Stats: min: -0.579, max: 0.391, mean: -0.071
Epoch 8 Batch 2 | Loss: 0.407861
Epoch 8 Batch 3 | Loss: 0.489959
Epoch 8 Batch 4 | Loss: 0.529658
Epoch 8 Batch 5 | Loss: 0.451822
Epoch 8 Batch 6 | Loss: 0.427239
Epoch 8 Batch 7 | Loss: 0.484783
Epoch 8 Batch 8 | Loss: 0.474100
Epoch 8 Batch 9 | Loss: 0.444554
Epoch 8 Batch 10 | Loss: 0.435258
Epoch 8 Batch 11 | Loss: 0.433017
Epoch 8 Batch 12 | Loss: 0.418044
Epoch 8 Batch 13 | Loss: 0.438311
--- Epoch 8/30 | Loss: 0.4519 | Train Acc: 87.5% | Test Acc: 86.6% | CM: [TP:65, TN:84, FP:2, FN:21] | Progress: 26.7% | ETA: 18.2s ---
Epoch 9 Batch 1 | Loss: 0.457748 | Stats: min: 0.044, max: 0.400, mean: 0.205
Epoch 9 Batch 2 | Loss: 0.408374
Epoch 9 Batch 3 | Loss: 0.419138
Epoch 9 Batch 4 | Loss: 0.455613
Epoch 9 Batch 5 | Loss: 0.433042
Epoch 9 Batch 6 | Loss: 0.488319
Epoch 9 Batch 7 | Loss: 0.455798
Epoch 9 Batch 8 | Loss: 0.440536
Epoch 9 Batch 9 | Loss: 0.443320
Epoch 9 Batch 10 | Loss: 0.429731
Epoch 9 Batch 11 | Loss: 0.453429
Epoch 9 Batch 12 | Loss: 0.450881
Epoch 9 Batch 13 | Loss: 0.510646
  [STABILITY] Test accuracy improved: 86.63% -> 88.37% (via EMA). Saving best params.
--- Epoch 9/30 | Loss: 0.4497 | Train Acc: 87.5% | Test Acc: 88.4% | CM: [TP:68, TN:84, FP:2, FN:18] | Progress: 30.0% | ETA: 22.5s ---
Epoch 10 Batch 1 | Loss: 0.467033 | Stats: min: -0.022, max: 0.323, mean: 0.108
Epoch 10 Batch 2 | Loss: 0.445851
Epoch 10 Batch 3 | Loss: 0.434732
Epoch 10 Batch 4 | Loss: 0.433271
Epoch 10 Batch 5 | Loss: 0.439407
Epoch 10 Batch 6 | Loss: 0.477402
Epoch 10 Batch 7 | Loss: 0.434957
Epoch 10 Batch 8 | Loss: 0.448634
Epoch 10 Batch 9 | Loss: 0.441623
Epoch 10 Batch 10 | Loss: 0.403849
Epoch 10 Batch 11 | Loss: 0.432875
Epoch 10 Batch 12 | Loss: 0.474370
Epoch 10 Batch 13 | Loss: 0.450771
--- Epoch 10/30 | Loss: 0.4450 | Train Acc: 87.0% | Test Acc: 88.4% | CM: [TP:68, TN:84, FP:2, FN:18] | Progress: 33.3% | ETA: 18.8s ---
Epoch 11 Batch 1 | Loss: 0.446478 | Stats: min: -0.539, max: 0.449, mean: -0.012
Epoch 11 Batch 2 | Loss: 0.382081
Epoch 11 Batch 3 | Loss: 0.463236
Epoch 11 Batch 4 | Loss: 0.459886
Epoch 11 Batch 5 | Loss: 0.458869
Epoch 11 Batch 6 | Loss: 0.431278
Epoch 11 Batch 7 | Loss: 0.497807
Epoch 11 Batch 8 | Loss: 0.440674
Epoch 11 Batch 9 | Loss: 0.464149
Epoch 11 Batch 10 | Loss: 0.402224
Epoch 11 Batch 11 | Loss: 0.475664
Epoch 11 Batch 12 | Loss: 0.428822
Epoch 11 Batch 13 | Loss: 0.408429
--- Epoch 11/30 | Loss: 0.4430 | Train Acc: 87.0% | Test Acc: 87.8% | CM: [TP:67, TN:84, FP:2, FN:19] | Progress: 36.7% | ETA: 11.2s ---
Epoch 12 Batch 1 | Loss: 0.420487 | Stats: min: -0.549, max: 0.417, mean: -0.208
Epoch 12 Batch 2 | Loss: 0.421534
Epoch 12 Batch 3 | Loss: 0.475178
Epoch 12 Batch 4 | Loss: 0.474840
Epoch 12 Batch 5 | Loss: 0.425250
Epoch 12 Batch 6 | Loss: 0.444307
Epoch 12 Batch 7 | Loss: 0.476321
Epoch 12 Batch 8 | Loss: 0.426360
Epoch 12 Batch 9 | Loss: 0.426792
Epoch 12 Batch 10 | Loss: 0.445744
Epoch 12 Batch 11 | Loss: 0.465356
Epoch 12 Batch 12 | Loss: 0.399918
Epoch 12 Batch 13 | Loss: 0.440674
  [STABILITY] Plateau detected. Reducing Learning Rate to 0.010000
--- Epoch 12/30 | Loss: 0.4418 | Train Acc: 86.5% | Test Acc: 86.6% | CM: [TP:65, TN:84, FP:2, FN:21] | Progress: 40.0% | ETA: 9.7s ---
Epoch 13 Batch 1 | Loss: 0.429577 | Stats: min: -0.604, max: 0.228, mean: -0.115
Epoch 13 Batch 2 | Loss: 0.411662
Epoch 13 Batch 3 | Loss: 0.448379
Epoch 13 Batch 4 | Loss: 0.437200
Epoch 13 Batch 5 | Loss: 0.460672
Epoch 13 Batch 6 | Loss: 0.419788
Epoch 13 Batch 7 | Loss: 0.490383
Epoch 13 Batch 8 | Loss: 0.459247
Epoch 13 Batch 9 | Loss: 0.418450
Epoch 13 Batch 10 | Loss: 0.473860
Epoch 13 Batch 11 | Loss: 0.437631
Epoch 13 Batch 12 | Loss: 0.400648
Epoch 13 Batch 13 | Loss: 0.394214
--- Epoch 13/30 | Loss: 0.4371 | Train Acc: 86.5% | Test Acc: 86.6% | CM: [TP:65, TN:84, FP:2, FN:21] | Progress: 43.3% | ETA: 15.5s ---
Epoch 14 Batch 1 | Loss: 0.410540 | Stats: min: -0.656, max: 0.448, mean: -0.170
Epoch 14 Batch 2 | Loss: 0.420444
Epoch 14 Batch 3 | Loss: 0.396529
Epoch 14 Batch 4 | Loss: 0.477142
Epoch 14 Batch 5 | Loss: 0.453126
Epoch 14 Batch 6 | Loss: 0.420942
Epoch 14 Batch 7 | Loss: 0.450053
Epoch 14 Batch 8 | Loss: 0.431645
Epoch 14 Batch 9 | Loss: 0.432273
Epoch 14 Batch 10 | Loss: 0.540322
Epoch 14 Batch 11 | Loss: 0.391342
Epoch 14 Batch 12 | Loss: 0.447042
Epoch 14 Batch 13 | Loss: 0.388677
--- Epoch 14/30 | Loss: 0.4354 | Train Acc: 87.0% | Test Acc: 86.6% | CM: [TP:65, TN:84, FP:2, FN:21] | Progress: 46.7% | ETA: 8.2s ---
Epoch 15 Batch 1 | Loss: 0.436000 | Stats: min: -0.676, max: 0.342, mean: -0.101
Epoch 15 Batch 2 | Loss: 0.459159
Epoch 15 Batch 3 | Loss: 0.453331
Epoch 15 Batch 4 | Loss: 0.432169
Epoch 15 Batch 5 | Loss: 0.494929
Epoch 15 Batch 6 | Loss: 0.462678
Epoch 15 Batch 7 | Loss: 0.392975
Epoch 15 Batch 8 | Loss: 0.397588
Epoch 15 Batch 9 | Loss: 0.438795
Epoch 15 Batch 10 | Loss: 0.431280
Epoch 15 Batch 11 | Loss: 0.398716
Epoch 15 Batch 12 | Loss: 0.443876
Epoch 15 Batch 13 | Loss: 0.417627
  [STABILITY] Plateau detected. Reducing Learning Rate to 0.005000
--- Epoch 15/30 | Loss: 0.4353 | Train Acc: 88.5% | Test Acc: 86.6% | CM: [TP:65, TN:84, FP:2, FN:21] | Progress: 50.0% | ETA: 7.8s ---
Epoch 16 Batch 1 | Loss: 0.413037 | Stats: min: -0.627, max: 0.322, mean: -0.068
Epoch 16 Batch 2 | Loss: 0.432453
Epoch 16 Batch 3 | Loss: 0.392149
Epoch 16 Batch 4 | Loss: 0.446182
Epoch 16 Batch 5 | Loss: 0.377689
Epoch 16 Batch 6 | Loss: 0.414987
Epoch 16 Batch 7 | Loss: 0.447886
Epoch 16 Batch 8 | Loss: 0.474977
Epoch 16 Batch 9 | Loss: 0.431436
Epoch 16 Batch 10 | Loss: 0.437671
Epoch 16 Batch 11 | Loss: 0.498816
Epoch 16 Batch 12 | Loss: 0.452599
Epoch 16 Batch 13 | Loss: 0.451191
--- Epoch 16/30 | Loss: 0.4362 | Train Acc: 88.5% | Test Acc: 86.6% | CM: [TP:65, TN:84, FP:2, FN:21] | Progress: 53.3% | ETA: 5.7s ---
Epoch 17 Batch 1 | Loss: 0.421048 | Stats: min: -0.670, max: 0.363, mean: -0.310
Epoch 17 Batch 2 | Loss: 0.433681
Epoch 17 Batch 3 | Loss: 0.451695
Epoch 17 Batch 4 | Loss: 0.423128
Epoch 17 Batch 5 | Loss: 0.452023
Epoch 17 Batch 6 | Loss: 0.414915
Epoch 17 Batch 7 | Loss: 0.438427
Epoch 17 Batch 8 | Loss: 0.416647
Epoch 17 Batch 9 | Loss: 0.452084
Epoch 17 Batch 10 | Loss: 0.428980
Epoch 17 Batch 11 | Loss: 0.409459
Epoch 17 Batch 12 | Loss: 0.478516
Epoch 17 Batch 13 | Loss: 0.423110
--- Epoch 17/30 | Loss: 0.4341 | Train Acc: 89.0% | Test Acc: 88.4% | CM: [TP:68, TN:84, FP:2, FN:18] | Progress: 56.7% | ETA: 5.1s ---
Epoch 18 Batch 1 | Loss: 0.483497 | Stats: min: -0.543, max: 0.225, mean: -0.067
Epoch 18 Batch 2 | Loss: 0.397087
Epoch 18 Batch 3 | Loss: 0.434629
Epoch 18 Batch 4 | Loss: 0.463834
Epoch 18 Batch 5 | Loss: 0.441939
Epoch 18 Batch 6 | Loss: 0.446406
Epoch 18 Batch 7 | Loss: 0.412033
Epoch 18 Batch 8 | Loss: 0.441844
Epoch 18 Batch 9 | Loss: 0.487474
Epoch 18 Batch 10 | Loss: 0.426808
Epoch 18 Batch 11 | Loss: 0.398418
Epoch 18 Batch 12 | Loss: 0.380919
Epoch 18 Batch 13 | Loss: 0.426953
  [STABILITY] Plateau detected. Reducing Learning Rate to 0.002500
--- Epoch 18/30 | Loss: 0.4340 | Train Acc: 89.0% | Test Acc: 88.4% | CM: [TP:68, TN:84, FP:2, FN:18] | Progress: 60.0% | ETA: 4.5s ---
Epoch 19 Batch 1 | Loss: 0.428537 | Stats: min: -0.515, max: 0.284, mean: -0.155
Epoch 19 Batch 2 | Loss: 0.429487
Epoch 19 Batch 3 | Loss: 0.425904
Epoch 19 Batch 4 | Loss: 0.389060
Epoch 19 Batch 5 | Loss: 0.421939
Epoch 19 Batch 6 | Loss: 0.432274
Epoch 19 Batch 7 | Loss: 0.382926
Epoch 19 Batch 8 | Loss: 0.427176
Epoch 19 Batch 9 | Loss: 0.450251
Epoch 19 Batch 10 | Loss: 0.491554
Epoch 19 Batch 11 | Loss: 0.413509
Epoch 19 Batch 12 | Loss: 0.528576
Epoch 19 Batch 13 | Loss: 0.393906
--- Epoch 19/30 | Loss: 0.4319 | Train Acc: 89.0% | Test Acc: 88.4% | CM: [TP:68, TN:84, FP:2, FN:18] | Progress: 63.3% | ETA: 5.2s ---
Epoch 20 Batch 1 | Loss: 0.455578 | Stats: min: -0.476, max: 0.264, mean: -0.002
Epoch 20 Batch 2 | Loss: 0.408106
Epoch 20 Batch 3 | Loss: 0.418471
Epoch 20 Batch 4 | Loss: 0.422358
Epoch 20 Batch 5 | Loss: 0.487001
Epoch 20 Batch 6 | Loss: 0.434618
Epoch 20 Batch 7 | Loss: 0.415044
Epoch 20 Batch 8 | Loss: 0.427075
Epoch 20 Batch 9 | Loss: 0.453417
Epoch 20 Batch 10 | Loss: 0.435183
Epoch 20 Batch 11 | Loss: 0.395899
Epoch 20 Batch 12 | Loss: 0.443034
Epoch 20 Batch 13 | Loss: 0.438462
--- Epoch 20/30 | Loss: 0.4334 | Train Acc: 89.5% | Test Acc: 88.4% | CM: [TP:68, TN:84, FP:2, FN:18] | Progress: 66.7% | ETA: 6.3s ---
Epoch 21 Batch 1 | Loss: 0.400805 | Stats: min: -0.598, max: 0.264, mean: -0.231
Epoch 21 Batch 2 | Loss: 0.426945
Epoch 21 Batch 3 | Loss: 0.508606
Epoch 21 Batch 4 | Loss: 0.458838
Epoch 21 Batch 5 | Loss: 0.419523
Epoch 21 Batch 6 | Loss: 0.471677
Epoch 21 Batch 7 | Loss: 0.431199
Epoch 21 Batch 8 | Loss: 0.420937
Epoch 21 Batch 9 | Loss: 0.433355
Epoch 21 Batch 10 | Loss: 0.385904
Epoch 21 Batch 11 | Loss: 0.405576
Epoch 21 Batch 12 | Loss: 0.435966
Epoch 21 Batch 13 | Loss: 0.422736
  [STABILITY] Test accuracy improved: 88.37% -> 88.95% (via EMA). Saving best params.
--- Epoch 21/30 | Loss: 0.4325 | Train Acc: 90.0% | Test Acc: 89.0% | CM: [TP:69, TN:84, FP:2, FN:17] | Progress: 70.0% | ETA: 3.7s ---
Epoch 22 Batch 1 | Loss: 0.429689 | Stats: min: -0.536, max: 0.381, mean: -0.089
Epoch 22 Batch 2 | Loss: 0.464678
Epoch 22 Batch 3 | Loss: 0.412593
Epoch 22 Batch 4 | Loss: 0.480005
Epoch 22 Batch 5 | Loss: 0.448825
Epoch 22 Batch 6 | Loss: 0.409725
Epoch 22 Batch 7 | Loss: 0.446284
Epoch 22 Batch 8 | Loss: 0.450411
Epoch 22 Batch 9 | Loss: 0.439014
Epoch 22 Batch 10 | Loss: 0.412124
Epoch 22 Batch 11 | Loss: 0.443892
Epoch 22 Batch 12 | Loss: 0.353317
Epoch 22 Batch 13 | Loss: 0.431700
--- Epoch 22/30 | Loss: 0.4325 | Train Acc: 90.0% | Test Acc: 89.0% | CM: [TP:69, TN:84, FP:2, FN:17] | Progress: 73.3% | ETA: 2.8s ---
Epoch 23 Batch 1 | Loss: 0.397269 | Stats: min: -0.638, max: 0.350, mean: -0.216
Epoch 23 Batch 2 | Loss: 0.429003
Epoch 23 Batch 3 | Loss: 0.401958
Epoch 23 Batch 4 | Loss: 0.456645
Epoch 23 Batch 5 | Loss: 0.425162
Epoch 23 Batch 6 | Loss: 0.464547
Epoch 23 Batch 7 | Loss: 0.422464
Epoch 23 Batch 8 | Loss: 0.410316
Epoch 23 Batch 9 | Loss: 0.470705
Epoch 23 Batch 10 | Loss: 0.443570
Epoch 23 Batch 11 | Loss: 0.457753
Epoch 23 Batch 12 | Loss: 0.428053
Epoch 23 Batch 13 | Loss: 0.394916
--- Epoch 23/30 | Loss: 0.4310 | Train Acc: 90.5% | Test Acc: 89.0% | CM: [TP:69, TN:84, FP:2, FN:17] | Progress: 76.7% | ETA: 3.9s ---
Epoch 24 Batch 1 | Loss: 0.490877 | Stats: min: -0.537, max: 0.162, mean: -0.198
Epoch 24 Batch 2 | Loss: 0.425581
Epoch 24 Batch 3 | Loss: 0.445883
Epoch 24 Batch 4 | Loss: 0.457290
Epoch 24 Batch 5 | Loss: 0.462721
Epoch 24 Batch 6 | Loss: 0.374997
Epoch 24 Batch 7 | Loss: 0.445551
Epoch 24 Batch 8 | Loss: 0.413016
Epoch 24 Batch 9 | Loss: 0.447460
Epoch 24 Batch 10 | Loss: 0.380492
Epoch 24 Batch 11 | Loss: 0.445494
Epoch 24 Batch 12 | Loss: 0.378820
Epoch 24 Batch 13 | Loss: 0.467720
  [STABILITY] Plateau detected. Reducing Learning Rate to 0.001250
--- Epoch 24/30 | Loss: 0.4335 | Train Acc: 90.5% | Test Acc: 89.0% | CM: [TP:69, TN:84, FP:2, FN:17] | Progress: 80.0% | ETA: 3.2s ---
Epoch 25 Batch 1 | Loss: 0.410038 | Stats: min: -0.668, max: -0.108, mean: -0.423
Epoch 25 Batch 2 | Loss: 0.424830
Epoch 25 Batch 3 | Loss: 0.475486
Epoch 25 Batch 4 | Loss: 0.402565
Epoch 25 Batch 5 | Loss: 0.399844
Epoch 25 Batch 6 | Loss: 0.420410
Epoch 25 Batch 7 | Loss: 0.448429
Epoch 25 Batch 8 | Loss: 0.401498
Epoch 25 Batch 9 | Loss: 0.462884
Epoch 25 Batch 10 | Loss: 0.409901
Epoch 25 Batch 11 | Loss: 0.484595
Epoch 25 Batch 12 | Loss: 0.409391
Epoch 25 Batch 13 | Loss: 0.496395
  [STABILITY] Test accuracy improved: 88.95% -> 89.53% (via EMA). Saving best params.
--- Epoch 25/30 | Loss: 0.4343 | Train Acc: 90.5% | Test Acc: 89.5% | CM: [TP:70, TN:84, FP:2, FN:16] | Progress: 83.3% | ETA: 2.6s ---
Epoch 26 Batch 1 | Loss: 0.356833 | Stats: min: -0.590, max: 0.287, mean: -0.344
Epoch 26 Batch 2 | Loss: 0.435153
Epoch 26 Batch 3 | Loss: 0.413932
Epoch 26 Batch 4 | Loss: 0.455250
Epoch 26 Batch 5 | Loss: 0.430219
Epoch 26 Batch 6 | Loss: 0.457706
Epoch 26 Batch 7 | Loss: 0.448253
Epoch 26 Batch 8 | Loss: 0.471834
Epoch 26 Batch 9 | Loss: 0.427226
Epoch 26 Batch 10 | Loss: 0.397912
Epoch 26 Batch 11 | Loss: 0.427113
Epoch 26 Batch 12 | Loss: 0.447147
Epoch 26 Batch 13 | Loss: 0.453352
--- Epoch 26/30 | Loss: 0.4325 | Train Acc: 90.5% | Test Acc: 89.5% | CM: [TP:70, TN:84, FP:2, FN:16] | Progress: 86.7% | ETA: 2.0s ---
Epoch 27 Batch 1 | Loss: 0.444537 | Stats: min: -0.417, max: 0.377, mean: 0.110
Epoch 27 Batch 2 | Loss: 0.404437
Epoch 27 Batch 3 | Loss: 0.437303
Epoch 27 Batch 4 | Loss: 0.486206
Epoch 27 Batch 5 | Loss: 0.471690
Epoch 27 Batch 6 | Loss: 0.399726
Epoch 27 Batch 7 | Loss: 0.381436
Epoch 27 Batch 8 | Loss: 0.412196
Epoch 27 Batch 9 | Loss: 0.438098
Epoch 27 Batch 10 | Loss: 0.410194
Epoch 27 Batch 11 | Loss: 0.450515
Epoch 27 Batch 12 | Loss: 0.432703
Epoch 27 Batch 13 | Loss: 0.451510
--- Epoch 27/30 | Loss: 0.4324 | Train Acc: 90.0% | Test Acc: 89.5% | CM: [TP:70, TN:84, FP:2, FN:16] | Progress: 90.0% | ETA: 1.4s ---
Epoch 28 Batch 1 | Loss: 0.439105 | Stats: min: -0.686, max: 0.263, mean: -0.170
Epoch 28 Batch 2 | Loss: 0.422829
Epoch 28 Batch 3 | Loss: 0.415318
Epoch 28 Batch 4 | Loss: 0.448312
Epoch 28 Batch 5 | Loss: 0.409321
Epoch 28 Batch 6 | Loss: 0.479073
Epoch 28 Batch 7 | Loss: 0.470470
Epoch 28 Batch 8 | Loss: 0.410203
Epoch 28 Batch 9 | Loss: 0.401484
Epoch 28 Batch 10 | Loss: 0.426974
Epoch 28 Batch 11 | Loss: 0.469733
Epoch 28 Batch 12 | Loss: 0.392110
Epoch 28 Batch 13 | Loss: 0.411151
  [STABILITY] Plateau detected. Reducing Learning Rate to 0.000625
--- Epoch 28/30 | Loss: 0.4305 | Train Acc: 91.0% | Test Acc: 89.5% | CM: [TP:70, TN:84, FP:2, FN:16] | Progress: 93.3% | ETA: 0.9s ---
Epoch 29 Batch 1 | Loss: 0.451203 | Stats: min: -0.662, max: 0.342, mean: -0.412
Epoch 29 Batch 2 | Loss: 0.418066
Epoch 29 Batch 3 | Loss: 0.427764
Epoch 29 Batch 4 | Loss: 0.464890
Epoch 29 Batch 5 | Loss: 0.492807
Epoch 29 Batch 6 | Loss: 0.365318
Epoch 29 Batch 7 | Loss: 0.456677
Epoch 29 Batch 8 | Loss: 0.424219
Epoch 29 Batch 9 | Loss: 0.429958
Epoch 29 Batch 10 | Loss: 0.413193
Epoch 29 Batch 11 | Loss: 0.413991
Epoch 29 Batch 12 | Loss: 0.409880
Epoch 29 Batch 13 | Loss: 0.445073
  [STABILITY] Test accuracy improved: 89.53% -> 90.12% (via EMA). Saving best params.
--- Epoch 29/30 | Loss: 0.4318 | Train Acc: 91.5% | Test Acc: 90.1% | CM: [TP:71, TN:84, FP:2, FN:15] | Progress: 96.7% | ETA: 0.4s ---
Epoch 30 Batch 1 | Loss: 0.463341 | Stats: min: -0.625, max: 0.159, mean: -0.258
Epoch 30 Batch 2 | Loss: 0.431712
Epoch 30 Batch 3 | Loss: 0.382251
Epoch 30 Batch 4 | Loss: 0.464494
Epoch 30 Batch 5 | Loss: 0.429910
Epoch 30 Batch 6 | Loss: 0.450241
Epoch 30 Batch 7 | Loss: 0.428508
Epoch 30 Batch 8 | Loss: 0.454323
Epoch 30 Batch 9 | Loss: 0.418511
Epoch 30 Batch 10 | Loss: 0.408071
Epoch 30 Batch 11 | Loss: 0.431047
Epoch 30 Batch 12 | Loss: 0.370567
Epoch 30 Batch 13 | Loss: 0.517188
  [STABILITY] Test accuracy improved: 90.12% -> 90.70% (via EMA). Saving best params.
--- Epoch 30/30 | Loss: 0.4346 | Train Acc: 91.5% | Test Acc: 90.7% | CM: [TP:72, TN:84, FP:2, FN:14] | Progress: 100.0% | ETA: 0.0s ---

Final Best Test Accuracy: 90.70%


Best Quantum Test Accuracy: 0.907
