DEBUG: Qtrainer enters train_pure_quantum_cnn. Encoding: amplitude
  Class Weights: +1 (Target): 1.00 | -1 (Rest): 1.00
Starting Training
==================================================
Epoch 1 Batch 1 | Loss: 0.688081 | Stats: min: -0.173, max: -0.058, mean: -0.106
Epoch 1 Batch 2 | Loss: 0.692657
Epoch 1 Batch 3 | Loss: 0.665026
Epoch 1 Batch 4 | Loss: 0.651958
Epoch 1 Batch 5 | Loss: 0.662400
Epoch 1 Batch 6 | Loss: 0.639539
Epoch 1 Batch 7 | Loss: 0.635405
Epoch 1 Batch 8 | Loss: 0.615665
Epoch 1 Batch 9 | Loss: 0.611126
Epoch 1 Batch 10 | Loss: 0.619499
Epoch 1 Batch 11 | Loss: 0.595318
Epoch 1 Batch 12 | Loss: 0.616230
Epoch 1 Batch 13 | Loss: 0.619760
  [STABILITY] Test accuracy improved: 0.00% -> 63.37% (via EMA). Saving best params.
--- Epoch 1/30 | Loss: 0.6394 | Train Acc: 58.5% | Test Acc: 63.4% | CM: [TP:29, TN:80, FP:6, FN:57] | Progress: 3.3% | ETA: 332.7s ---
Epoch 2 Batch 1 | Loss: 0.608111 | Stats: min: -0.027, max: 0.193, mean: 0.068
Epoch 2 Batch 2 | Loss: 0.569752
Epoch 2 Batch 3 | Loss: 0.617845
Epoch 2 Batch 4 | Loss: 0.616515
Epoch 2 Batch 5 | Loss: 0.606698
Epoch 2 Batch 6 | Loss: 0.555992
Epoch 2 Batch 7 | Loss: 0.631196
Epoch 2 Batch 8 | Loss: 0.654813
Epoch 2 Batch 9 | Loss: 0.579854
Epoch 2 Batch 10 | Loss: 0.562982
Epoch 2 Batch 11 | Loss: 0.583009
Epoch 2 Batch 12 | Loss: 0.611682
Epoch 2 Batch 13 | Loss: 0.609303
  [STABILITY] Test accuracy improved: 63.37% -> 71.51% (via EMA). Saving best params.
--- Epoch 2/30 | Loss: 0.6006 | Train Acc: 69.0% | Test Acc: 71.5% | CM: [TP:41, TN:82, FP:4, FN:45] | Progress: 6.7% | ETA: 131.6s ---
Epoch 3 Batch 1 | Loss: 0.601280 | Stats: min: -0.278, max: 0.130, mean: -0.027
Epoch 3 Batch 2 | Loss: 0.565369
Epoch 3 Batch 3 | Loss: 0.575763
Epoch 3 Batch 4 | Loss: 0.569388
Epoch 3 Batch 5 | Loss: 0.593919
Epoch 3 Batch 6 | Loss: 0.586479
Epoch 3 Batch 7 | Loss: 0.590575
Epoch 3 Batch 8 | Loss: 0.538318
Epoch 3 Batch 9 | Loss: 0.623635
Epoch 3 Batch 10 | Loss: 0.599647
Epoch 3 Batch 11 | Loss: 0.558432
Epoch 3 Batch 12 | Loss: 0.577890
Epoch 3 Batch 13 | Loss: 0.616526
  [STABILITY] Test accuracy improved: 71.51% -> 76.16% (via EMA). Saving best params.
--- Epoch 3/30 | Loss: 0.5844 | Train Acc: 75.0% | Test Acc: 76.2% | CM: [TP:49, TN:82, FP:4, FN:37] | Progress: 10.0% | ETA: 81.2s ---
Epoch 4 Batch 1 | Loss: 0.569904 | Stats: min: -0.269, max: 0.382, mean: 0.057
Epoch 4 Batch 2 | Loss: 0.601954
Epoch 4 Batch 3 | Loss: 0.548225
Epoch 4 Batch 4 | Loss: 0.560749
Epoch 4 Batch 5 | Loss: 0.574336
Epoch 4 Batch 6 | Loss: 0.627824
Epoch 4 Batch 7 | Loss: 0.579833
Epoch 4 Batch 8 | Loss: 0.563631
Epoch 4 Batch 9 | Loss: 0.573694
Epoch 4 Batch 10 | Loss: 0.558466
Epoch 4 Batch 11 | Loss: 0.546395
Epoch 4 Batch 12 | Loss: 0.553603
Epoch 4 Batch 13 | Loss: 0.554963
  [STABILITY] Test accuracy improved: 76.16% -> 83.14% (via EMA). Saving best params.
--- Epoch 4/30 | Loss: 0.5703 | Train Acc: 80.0% | Test Acc: 83.1% | CM: [TP:61, TN:82, FP:4, FN:25] | Progress: 13.3% | ETA: 54.9s ---
Epoch 5 Batch 1 | Loss: 0.581574 | Stats: min: -0.223, max: 0.300, mean: 0.072
Epoch 5 Batch 2 | Loss: 0.552649
Epoch 5 Batch 3 | Loss: 0.567824
Epoch 5 Batch 4 | Loss: 0.552661
Epoch 5 Batch 5 | Loss: 0.563863
Epoch 5 Batch 6 | Loss: 0.583025
Epoch 5 Batch 7 | Loss: 0.551253
Epoch 5 Batch 8 | Loss: 0.583514
Epoch 5 Batch 9 | Loss: 0.527529
Epoch 5 Batch 10 | Loss: 0.577976
Epoch 5 Batch 11 | Loss: 0.542546
Epoch 5 Batch 12 | Loss: 0.578087
Epoch 5 Batch 13 | Loss: 0.584561
  [STABILITY] Test accuracy improved: 83.14% -> 89.53% (via EMA). Saving best params.
--- Epoch 5/30 | Loss: 0.5652 | Train Acc: 82.5% | Test Acc: 89.5% | CM: [TP:71, TN:83, FP:3, FN:15] | Progress: 16.7% | ETA: 43.2s ---
Epoch 6 Batch 1 | Loss: 0.565937 | Stats: min: -0.134, max: 0.193, mean: -0.019
Epoch 6 Batch 2 | Loss: 0.573338
Epoch 6 Batch 3 | Loss: 0.576669
Epoch 6 Batch 4 | Loss: 0.555820
Epoch 6 Batch 5 | Loss: 0.561719
Epoch 6 Batch 6 | Loss: 0.559714
Epoch 6 Batch 7 | Loss: 0.540309
Epoch 6 Batch 8 | Loss: 0.554193
Epoch 6 Batch 9 | Loss: 0.547744
Epoch 6 Batch 10 | Loss: 0.583802
Epoch 6 Batch 11 | Loss: 0.553087
Epoch 6 Batch 12 | Loss: 0.527705
Epoch 6 Batch 13 | Loss: 0.608306
  [STABILITY] Test accuracy improved: 89.53% -> 91.28% (via EMA). Saving best params.
--- Epoch 6/30 | Loss: 0.5622 | Train Acc: 84.0% | Test Acc: 91.3% | CM: [TP:78, TN:79, FP:7, FN:8] | Progress: 20.0% | ETA: 30.7s ---
Epoch 7 Batch 1 | Loss: 0.558825 | Stats: min: -0.262, max: 0.245, mean: 0.079
Epoch 7 Batch 2 | Loss: 0.526698
Epoch 7 Batch 3 | Loss: 0.548350
Epoch 7 Batch 4 | Loss: 0.583979
Epoch 7 Batch 5 | Loss: 0.580563
Epoch 7 Batch 6 | Loss: 0.547062
Epoch 7 Batch 7 | Loss: 0.578386
Epoch 7 Batch 8 | Loss: 0.554958
Epoch 7 Batch 9 | Loss: 0.568580
Epoch 7 Batch 10 | Loss: 0.536411
Epoch 7 Batch 11 | Loss: 0.571370
Epoch 7 Batch 12 | Loss: 0.550033
Epoch 7 Batch 13 | Loss: 0.566927
--- Epoch 7/30 | Loss: 0.5594 | Train Acc: 85.0% | Test Acc: 90.1% | CM: [TP:81, TN:74, FP:12, FN:5] | Progress: 23.3% | ETA: 26.3s ---
Epoch 8 Batch 1 | Loss: 0.547921 | Stats: min: -0.364, max: 0.176, mean: -0.159
Epoch 8 Batch 2 | Loss: 0.560914
Epoch 8 Batch 3 | Loss: 0.549030
Epoch 8 Batch 4 | Loss: 0.593385
Epoch 8 Batch 5 | Loss: 0.549898
Epoch 8 Batch 6 | Loss: 0.558058
Epoch 8 Batch 7 | Loss: 0.561440
Epoch 8 Batch 8 | Loss: 0.542563
Epoch 8 Batch 9 | Loss: 0.515652
Epoch 8 Batch 10 | Loss: 0.561269
Epoch 8 Batch 11 | Loss: 0.557636
Epoch 8 Batch 12 | Loss: 0.569175
Epoch 8 Batch 13 | Loss: 0.528284
--- Epoch 8/30 | Loss: 0.5535 | Train Acc: 86.0% | Test Acc: 89.5% | CM: [TP:82, TN:72, FP:14, FN:4] | Progress: 26.7% | ETA: 23.5s ---
Epoch 9 Batch 1 | Loss: 0.560572 | Stats: min: -0.156, max: 0.456, mean: 0.112
Epoch 9 Batch 2 | Loss: 0.535113
Epoch 9 Batch 3 | Loss: 0.548949
Epoch 9 Batch 4 | Loss: 0.549418
Epoch 9 Batch 5 | Loss: 0.550219
Epoch 9 Batch 6 | Loss: 0.571729
Epoch 9 Batch 7 | Loss: 0.526522
Epoch 9 Batch 8 | Loss: 0.509006
Epoch 9 Batch 9 | Loss: 0.569986
Epoch 9 Batch 10 | Loss: 0.565888
Epoch 9 Batch 11 | Loss: 0.533004
Epoch 9 Batch 12 | Loss: 0.564891
Epoch 9 Batch 13 | Loss: 0.580647
  [STABILITY] Plateau detected. Reducing Learning Rate to 0.010000
--- Epoch 9/30 | Loss: 0.5512 | Train Acc: 86.5% | Test Acc: 90.1% | CM: [TP:84, TN:71, FP:15, FN:2] | Progress: 30.0% | ETA: 20.5s ---
Epoch 10 Batch 1 | Loss: 0.513134 | Stats: min: -0.414, max: 0.282, mean: -0.142
Epoch 10 Batch 2 | Loss: 0.545829
Epoch 10 Batch 3 | Loss: 0.560264
Epoch 10 Batch 4 | Loss: 0.589643
Epoch 10 Batch 5 | Loss: 0.540904
Epoch 10 Batch 6 | Loss: 0.532404
Epoch 10 Batch 7 | Loss: 0.589181
Epoch 10 Batch 8 | Loss: 0.548986
Epoch 10 Batch 9 | Loss: 0.526277
Epoch 10 Batch 10 | Loss: 0.531310
Epoch 10 Batch 11 | Loss: 0.536613
Epoch 10 Batch 12 | Loss: 0.560037
Epoch 10 Batch 13 | Loss: 0.569650
--- Epoch 10/30 | Loss: 0.5496 | Train Acc: 86.5% | Test Acc: 90.1% | CM: [TP:83, TN:72, FP:14, FN:3] | Progress: 33.3% | ETA: 18.7s ---
Epoch 11 Batch 1 | Loss: 0.540426 | Stats: min: -0.086, max: 0.368, mean: 0.105
Epoch 11 Batch 2 | Loss: 0.537768
Epoch 11 Batch 3 | Loss: 0.543803
Epoch 11 Batch 4 | Loss: 0.550313
Epoch 11 Batch 5 | Loss: 0.573148
Epoch 11 Batch 6 | Loss: 0.564876
Epoch 11 Batch 7 | Loss: 0.550281
Epoch 11 Batch 8 | Loss: 0.557979
Epoch 11 Batch 9 | Loss: 0.539352
Epoch 11 Batch 10 | Loss: 0.524540
Epoch 11 Batch 11 | Loss: 0.552043
Epoch 11 Batch 12 | Loss: 0.516576
Epoch 11 Batch 13 | Loss: 0.574224
--- Epoch 11/30 | Loss: 0.5481 | Train Acc: 85.0% | Test Acc: 89.5% | CM: [TP:83, TN:71, FP:15, FN:3] | Progress: 36.7% | ETA: 19.3s ---
Epoch 12 Batch 1 | Loss: 0.579761 | Stats: min: -0.275, max: 0.240, mean: -0.065
Epoch 12 Batch 2 | Loss: 0.558525
Epoch 12 Batch 3 | Loss: 0.525929
Epoch 12 Batch 4 | Loss: 0.521215
Epoch 12 Batch 5 | Loss: 0.562873
Epoch 12 Batch 6 | Loss: 0.548775
Epoch 12 Batch 7 | Loss: 0.538917
Epoch 12 Batch 8 | Loss: 0.528876
Epoch 12 Batch 9 | Loss: 0.550459
Epoch 12 Batch 10 | Loss: 0.556884
Epoch 12 Batch 11 | Loss: 0.513469
Epoch 12 Batch 12 | Loss: 0.576283
Epoch 12 Batch 13 | Loss: 0.533129
  [STABILITY] Plateau detected. Reducing Learning Rate to 0.005000
--- Epoch 12/30 | Loss: 0.5458 | Train Acc: 85.5% | Test Acc: 89.5% | CM: [TP:83, TN:71, FP:15, FN:3] | Progress: 40.0% | ETA: 15.3s ---
Epoch 13 Batch 1 | Loss: 0.520919 | Stats: min: -0.304, max: 0.281, mean: 0.039
Epoch 13 Batch 2 | Loss: 0.540787
Epoch 13 Batch 3 | Loss: 0.514810
Epoch 13 Batch 4 | Loss: 0.555657
Epoch 13 Batch 5 | Loss: 0.550670
Epoch 13 Batch 6 | Loss: 0.556717
Epoch 13 Batch 7 | Loss: 0.550188
Epoch 13 Batch 8 | Loss: 0.562005
Epoch 13 Batch 9 | Loss: 0.535311
Epoch 13 Batch 10 | Loss: 0.542084
Epoch 13 Batch 11 | Loss: 0.554646
Epoch 13 Batch 12 | Loss: 0.577614
Epoch 13 Batch 13 | Loss: 0.500234
--- Epoch 13/30 | Loss: 0.5432 | Train Acc: 86.0% | Test Acc: 89.5% | CM: [TP:83, TN:71, FP:15, FN:3] | Progress: 43.3% | ETA: 15.1s ---
Epoch 14 Batch 1 | Loss: 0.538278 | Stats: min: -0.275, max: 0.387, mean: 0.025
Epoch 14 Batch 2 | Loss: 0.520154
Epoch 14 Batch 3 | Loss: 0.547687
Epoch 14 Batch 4 | Loss: 0.531724
Epoch 14 Batch 5 | Loss: 0.545340
Epoch 14 Batch 6 | Loss: 0.554242
Epoch 14 Batch 7 | Loss: 0.544934
Epoch 14 Batch 8 | Loss: 0.524352
Epoch 14 Batch 9 | Loss: 0.532830
Epoch 14 Batch 10 | Loss: 0.577746
Epoch 14 Batch 11 | Loss: 0.581170
Epoch 14 Batch 12 | Loss: 0.536770
Epoch 14 Batch 13 | Loss: 0.538013
--- Epoch 14/30 | Loss: 0.5441 | Train Acc: 86.0% | Test Acc: 89.5% | CM: [TP:83, TN:71, FP:15, FN:3] | Progress: 46.7% | ETA: 12.3s ---
Epoch 15 Batch 1 | Loss: 0.534279 | Stats: min: -0.297, max: 0.393, mean: 0.105
Epoch 15 Batch 2 | Loss: 0.575285
Epoch 15 Batch 3 | Loss: 0.523971
Epoch 15 Batch 4 | Loss: 0.552356
Epoch 15 Batch 5 | Loss: 0.550323
Epoch 15 Batch 6 | Loss: 0.551855
Epoch 15 Batch 7 | Loss: 0.537851
Epoch 15 Batch 8 | Loss: 0.542242
Epoch 15 Batch 9 | Loss: 0.537738
Epoch 15 Batch 10 | Loss: 0.527906
Epoch 15 Batch 11 | Loss: 0.555116
Epoch 15 Batch 12 | Loss: 0.544056
Epoch 15 Batch 13 | Loss: 0.529214
  [STABILITY] Plateau detected. Reducing Learning Rate to 0.002500
--- Epoch 15/30 | Loss: 0.5432 | Train Acc: 86.0% | Test Acc: 90.1% | CM: [TP:83, TN:72, FP:14, FN:3] | Progress: 50.0% | ETA: 9.8s ---
Epoch 16 Batch 1 | Loss: 0.563171 | Stats: min: -0.310, max: 0.250, mean: -0.058
Epoch 16 Batch 2 | Loss: 0.537125
Epoch 16 Batch 3 | Loss: 0.551748
Epoch 16 Batch 4 | Loss: 0.523877
Epoch 16 Batch 5 | Loss: 0.549897
Epoch 16 Batch 6 | Loss: 0.500370
Epoch 16 Batch 7 | Loss: 0.520717
Epoch 16 Batch 8 | Loss: 0.519836
Epoch 16 Batch 9 | Loss: 0.610542
Epoch 16 Batch 10 | Loss: 0.550312
Epoch 16 Batch 11 | Loss: 0.557613
Epoch 16 Batch 12 | Loss: 0.552771
Epoch 16 Batch 13 | Loss: 0.498800
--- Epoch 16/30 | Loss: 0.5413 | Train Acc: 86.0% | Test Acc: 90.1% | CM: [TP:83, TN:72, FP:14, FN:3] | Progress: 53.3% | ETA: 6.7s ---
Epoch 17 Batch 1 | Loss: 0.531087 | Stats: min: -0.253, max: 0.383, mean: 0.101
Epoch 17 Batch 2 | Loss: 0.549261
Epoch 17 Batch 3 | Loss: 0.545469
Epoch 17 Batch 4 | Loss: 0.525188
Epoch 17 Batch 5 | Loss: 0.547502
Epoch 17 Batch 6 | Loss: 0.550086
Epoch 17 Batch 7 | Loss: 0.546939
Epoch 17 Batch 8 | Loss: 0.559244
Epoch 17 Batch 9 | Loss: 0.554085
Epoch 17 Batch 10 | Loss: 0.529054
Epoch 17 Batch 11 | Loss: 0.537202
Epoch 17 Batch 12 | Loss: 0.542826
Epoch 17 Batch 13 | Loss: 0.531410
--- Epoch 17/30 | Loss: 0.5423 | Train Acc: 86.0% | Test Acc: 90.1% | CM: [TP:83, TN:72, FP:14, FN:3] | Progress: 56.7% | ETA: 6.7s ---
Epoch 18 Batch 1 | Loss: 0.526520 | Stats: min: -0.147, max: 0.268, mean: 0.138
Epoch 18 Batch 2 | Loss: 0.561519
Epoch 18 Batch 3 | Loss: 0.537115
Epoch 18 Batch 4 | Loss: 0.545177
Epoch 18 Batch 5 | Loss: 0.530476
Epoch 18 Batch 6 | Loss: 0.545210
Epoch 18 Batch 7 | Loss: 0.562014
Epoch 18 Batch 8 | Loss: 0.564310
Epoch 18 Batch 9 | Loss: 0.542271
Epoch 18 Batch 10 | Loss: 0.526210
Epoch 18 Batch 11 | Loss: 0.523310
Epoch 18 Batch 12 | Loss: 0.565515
Epoch 18 Batch 13 | Loss: 0.504583
  [STABILITY] Plateau detected. Reducing Learning Rate to 0.001250
--- Epoch 18/30 | Loss: 0.5411 | Train Acc: 86.0% | Test Acc: 90.1% | CM: [TP:83, TN:72, FP:14, FN:3] | Progress: 60.0% | ETA: 5.6s ---
Epoch 19 Batch 1 | Loss: 0.550250 | Stats: min: -0.258, max: 0.263, mean: 0.022
Epoch 19 Batch 2 | Loss: 0.552337
Epoch 19 Batch 3 | Loss: 0.538300
Epoch 19 Batch 4 | Loss: 0.521596
Epoch 19 Batch 5 | Loss: 0.570715
Epoch 19 Batch 6 | Loss: 0.550279
Epoch 19 Batch 7 | Loss: 0.507716
Epoch 19 Batch 8 | Loss: 0.519481
Epoch 19 Batch 9 | Loss: 0.500215
Epoch 19 Batch 10 | Loss: 0.558980
Epoch 19 Batch 11 | Loss: 0.546306
Epoch 19 Batch 12 | Loss: 0.572268
Epoch 19 Batch 13 | Loss: 0.583634
--- Epoch 19/30 | Loss: 0.5440 | Train Acc: 86.0% | Test Acc: 90.1% | CM: [TP:83, TN:72, FP:14, FN:3] | Progress: 63.3% | ETA: 7.1s ---
Epoch 20 Batch 1 | Loss: 0.513949 | Stats: min: -0.387, max: 0.265, mean: 0.000
Epoch 20 Batch 2 | Loss: 0.556803
Epoch 20 Batch 3 | Loss: 0.523737
Epoch 20 Batch 4 | Loss: 0.525561
Epoch 20 Batch 5 | Loss: 0.540342
Epoch 20 Batch 6 | Loss: 0.554889
Epoch 20 Batch 7 | Loss: 0.556263
Epoch 20 Batch 8 | Loss: 0.532726
Epoch 20 Batch 9 | Loss: 0.566167
Epoch 20 Batch 10 | Loss: 0.546846
Epoch 20 Batch 11 | Loss: 0.546837
Epoch 20 Batch 12 | Loss: 0.559411
Epoch 20 Batch 13 | Loss: 0.504522
--- Epoch 20/30 | Loss: 0.5406 | Train Acc: 86.5% | Test Acc: 90.1% | CM: [TP:83, TN:72, FP:14, FN:3] | Progress: 66.7% | ETA: 5.6s ---
Epoch 21 Batch 1 | Loss: 0.533393 | Stats: min: -0.139, max: 0.325, mean: 0.111
Epoch 21 Batch 2 | Loss: 0.542796
Epoch 21 Batch 3 | Loss: 0.520123
Epoch 21 Batch 4 | Loss: 0.528326
Epoch 21 Batch 5 | Loss: 0.537442
Epoch 21 Batch 6 | Loss: 0.570282
Epoch 21 Batch 7 | Loss: 0.577788
Epoch 21 Batch 8 | Loss: 0.516030
Epoch 21 Batch 9 | Loss: 0.562130
Epoch 21 Batch 10 | Loss: 0.523277
Epoch 21 Batch 11 | Loss: 0.531249
Epoch 21 Batch 12 | Loss: 0.555192
Epoch 21 Batch 13 | Loss: 0.553261
  [STABILITY] Plateau detected. Reducing Learning Rate to 0.000625
--- Epoch 21/30 | Loss: 0.5424 | Train Acc: 86.5% | Test Acc: 90.1% | CM: [TP:83, TN:72, FP:14, FN:3] | Progress: 70.0% | ETA: 3.3s ---
Epoch 22 Batch 1 | Loss: 0.565529 | Stats: min: -0.149, max: 0.252, mean: 0.086
Epoch 22 Batch 2 | Loss: 0.550798
Epoch 22 Batch 3 | Loss: 0.495921
Epoch 22 Batch 4 | Loss: 0.567955
Epoch 22 Batch 5 | Loss: 0.556033
Epoch 22 Batch 6 | Loss: 0.541052
Epoch 22 Batch 7 | Loss: 0.521540
Epoch 22 Batch 8 | Loss: 0.529793
Epoch 22 Batch 9 | Loss: 0.550882
Epoch 22 Batch 10 | Loss: 0.566060
Epoch 22 Batch 11 | Loss: 0.553388
Epoch 22 Batch 12 | Loss: 0.505555
Epoch 22 Batch 13 | Loss: 0.538132
--- Epoch 22/30 | Loss: 0.5417 | Train Acc: 86.5% | Test Acc: 90.1% | CM: [TP:83, TN:72, FP:14, FN:3] | Progress: 73.3% | ETA: 2.7s ---
Epoch 23 Batch 1 | Loss: 0.516889 | Stats: min: -0.254, max: 0.284, mean: 0.001
Epoch 23 Batch 2 | Loss: 0.549688
Epoch 23 Batch 3 | Loss: 0.532957
Epoch 23 Batch 4 | Loss: 0.557200
Epoch 23 Batch 5 | Loss: 0.544591
Epoch 23 Batch 6 | Loss: 0.527307
Epoch 23 Batch 7 | Loss: 0.539702
Epoch 23 Batch 8 | Loss: 0.517040
Epoch 23 Batch 9 | Loss: 0.542864
Epoch 23 Batch 10 | Loss: 0.568444
Epoch 23 Batch 11 | Loss: 0.539352
Epoch 23 Batch 12 | Loss: 0.549637
Epoch 23 Batch 13 | Loss: 0.575684
--- Epoch 23/30 | Loss: 0.5432 | Train Acc: 86.5% | Test Acc: 90.7% | CM: [TP:83, TN:73, FP:13, FN:3] | Progress: 76.7% | ETA: 2.2s ---
Epoch 24 Batch 1 | Loss: 0.534519 | Stats: min: -0.139, max: 0.241, mean: 0.080
Epoch 24 Batch 2 | Loss: 0.527267
Epoch 24 Batch 3 | Loss: 0.536120
Epoch 24 Batch 4 | Loss: 0.557416
Epoch 24 Batch 5 | Loss: 0.540140
Epoch 24 Batch 6 | Loss: 0.544298
Epoch 24 Batch 7 | Loss: 0.548697
Epoch 24 Batch 8 | Loss: 0.538348
Epoch 24 Batch 9 | Loss: 0.529146
Epoch 24 Batch 10 | Loss: 0.559872
Epoch 24 Batch 11 | Loss: 0.512074
Epoch 24 Batch 12 | Loss: 0.592053
Epoch 24 Batch 13 | Loss: 0.499870
  [STABILITY] Plateau detected. Reducing Learning Rate to 0.000313
--- Epoch 24/30 | Loss: 0.5400 | Train Acc: 86.5% | Test Acc: 90.7% | CM: [TP:83, TN:73, FP:13, FN:3] | Progress: 80.0% | ETA: 2.0s ---
Epoch 25 Batch 1 | Loss: 0.532829 | Stats: min: -0.280, max: 0.260, mean: -0.007
Epoch 25 Batch 2 | Loss: 0.518268
Epoch 25 Batch 3 | Loss: 0.538610
Epoch 25 Batch 4 | Loss: 0.541964
Epoch 25 Batch 5 | Loss: 0.520617
Epoch 25 Batch 6 | Loss: 0.529715
Epoch 25 Batch 7 | Loss: 0.553716
Epoch 25 Batch 8 | Loss: 0.538284
Epoch 25 Batch 9 | Loss: 0.542460
Epoch 25 Batch 10 | Loss: 0.563897
Epoch 25 Batch 11 | Loss: 0.527507
Epoch 25 Batch 12 | Loss: 0.565912
Epoch 25 Batch 13 | Loss: 0.597856
--- Epoch 25/30 | Loss: 0.5440 | Train Acc: 86.5% | Test Acc: 90.7% | CM: [TP:83, TN:73, FP:13, FN:3] | Progress: 83.3% | ETA: 2.1s ---
Epoch 26 Batch 1 | Loss: 0.527572 | Stats: min: -0.191, max: 0.301, mean: 0.026
Epoch 26 Batch 2 | Loss: 0.515742
Epoch 26 Batch 3 | Loss: 0.539297
Epoch 26 Batch 4 | Loss: 0.575764
Epoch 26 Batch 5 | Loss: 0.559543
Epoch 26 Batch 6 | Loss: 0.561783
Epoch 26 Batch 7 | Loss: 0.564317
Epoch 26 Batch 8 | Loss: 0.498687
Epoch 26 Batch 9 | Loss: 0.533977
Epoch 26 Batch 10 | Loss: 0.575788
Epoch 26 Batch 11 | Loss: 0.529649
Epoch 26 Batch 12 | Loss: 0.528664
Epoch 26 Batch 13 | Loss: 0.516950
--- Epoch 26/30 | Loss: 0.5406 | Train Acc: 86.0% | Test Acc: 90.7% | CM: [TP:83, TN:73, FP:13, FN:3] | Progress: 86.7% | ETA: 1.2s ---
Epoch 27 Batch 1 | Loss: 0.537011 | Stats: min: -0.375, max: 0.223, mean: -0.083
Epoch 27 Batch 2 | Loss: 0.555500
Epoch 27 Batch 3 | Loss: 0.544118
Epoch 27 Batch 4 | Loss: 0.520090
Epoch 27 Batch 5 | Loss: 0.546605
Epoch 27 Batch 6 | Loss: 0.521230
Epoch 27 Batch 7 | Loss: 0.546248
Epoch 27 Batch 8 | Loss: 0.556337
Epoch 27 Batch 9 | Loss: 0.519276
Epoch 27 Batch 10 | Loss: 0.499352
Epoch 27 Batch 11 | Loss: 0.574270
Epoch 27 Batch 12 | Loss: 0.559014
Epoch 27 Batch 13 | Loss: 0.584642
  [STABILITY] Plateau detected. Reducing Learning Rate to 0.000156
--- Epoch 27/30 | Loss: 0.5434 | Train Acc: 86.5% | Test Acc: 90.1% | CM: [TP:82, TN:73, FP:13, FN:4] | Progress: 90.0% | ETA: 1.1s ---
Epoch 28 Batch 1 | Loss: 0.531571 | Stats: min: -0.255, max: 0.307, mean: 0.175
Epoch 28 Batch 2 | Loss: 0.538135
Epoch 28 Batch 3 | Loss: 0.569117
Epoch 28 Batch 4 | Loss: 0.533318
Epoch 28 Batch 5 | Loss: 0.534503
Epoch 28 Batch 6 | Loss: 0.522448
Epoch 28 Batch 7 | Loss: 0.527606
Epoch 28 Batch 8 | Loss: 0.576523
Epoch 28 Batch 9 | Loss: 0.574228
Epoch 28 Batch 10 | Loss: 0.545851
Epoch 28 Batch 11 | Loss: 0.532838
Epoch 28 Batch 12 | Loss: 0.515539
Epoch 28 Batch 13 | Loss: 0.534885
--- Epoch 28/30 | Loss: 0.5413 | Train Acc: 86.5% | Test Acc: 90.1% | CM: [TP:82, TN:73, FP:13, FN:4] | Progress: 93.3% | ETA: 0.7s ---
Epoch 29 Batch 1 | Loss: 0.522973 | Stats: min: -0.181, max: 0.249, mean: 0.042
Epoch 29 Batch 2 | Loss: 0.495320
Epoch 29 Batch 3 | Loss: 0.558205
Epoch 29 Batch 4 | Loss: 0.545155
Epoch 29 Batch 5 | Loss: 0.538879
Epoch 29 Batch 6 | Loss: 0.539126
Epoch 29 Batch 7 | Loss: 0.568387
Epoch 29 Batch 8 | Loss: 0.557037
Epoch 29 Batch 9 | Loss: 0.550917
Epoch 29 Batch 10 | Loss: 0.547794
Epoch 29 Batch 11 | Loss: 0.515906
Epoch 29 Batch 12 | Loss: 0.543608
Epoch 29 Batch 13 | Loss: 0.573473
--- Epoch 29/30 | Loss: 0.5428 | Train Acc: 86.5% | Test Acc: 90.1% | CM: [TP:82, TN:73, FP:13, FN:4] | Progress: 96.7% | ETA: 0.3s ---
Epoch 30 Batch 1 | Loss: 0.539437 | Stats: min: -0.249, max: 0.262, mean: 0.034
Epoch 30 Batch 2 | Loss: 0.579650
Epoch 30 Batch 3 | Loss: 0.509624
Epoch 30 Batch 4 | Loss: 0.573966
Epoch 30 Batch 5 | Loss: 0.517050
Epoch 30 Batch 6 | Loss: 0.563740
Epoch 30 Batch 7 | Loss: 0.545554
Epoch 30 Batch 8 | Loss: 0.544409
Epoch 30 Batch 9 | Loss: 0.523374
Epoch 30 Batch 10 | Loss: 0.536713
Epoch 30 Batch 11 | Loss: 0.537390
Epoch 30 Batch 12 | Loss: 0.528913
Epoch 30 Batch 13 | Loss: 0.537879
  [STABILITY] Plateau detected. Reducing Learning Rate to 0.000078
--- Epoch 30/30 | Loss: 0.5414 | Train Acc: 86.5% | Test Acc: 90.1% | CM: [TP:82, TN:73, FP:13, FN:4] | Progress: 100.0% | ETA: 0.0s ---

Final Best Test Accuracy: 91.28%


Best Quantum Test Accuracy: 0.913
