DEBUG: Qtrainer enters train_pure_quantum_cnn. Encoding: amplitude
  Class Weights: +1 (Target): 1.00 | -1 (Rest): 1.00
Starting Training
==================================================
Epoch 1 Batch 1 | Loss: 0.676347 | Stats: min: -0.027, max: 0.145, mean: 0.047
Epoch 1 Batch 2 | Loss: 0.665139
Epoch 1 Batch 3 | Loss: 0.635958
Epoch 1 Batch 4 | Loss: 0.644689
Epoch 1 Batch 5 | Loss: 0.638553
Epoch 1 Batch 6 | Loss: 0.631695
Epoch 1 Batch 7 | Loss: 0.599185
Epoch 1 Batch 8 | Loss: 0.603603
Epoch 1 Batch 9 | Loss: 0.631379
Epoch 1 Batch 10 | Loss: 0.648787
Epoch 1 Batch 11 | Loss: 0.632754
Epoch 1 Batch 12 | Loss: 0.601794
Epoch 1 Batch 13 | Loss: 0.580291
  [STABILITY] Test accuracy improved: 0.00% -> 66.28% (via EMA). Saving best params.
--- Epoch 1/30 | Loss: 0.6300 | Train Acc: 68.0% | Test Acc: 66.3% | CM: [TP:32, TN:82, FP:4, FN:54] | Progress: 3.3% | ETA: 302.0s ---
Epoch 2 Batch 1 | Loss: 0.595053 | Stats: min: -0.152, max: 0.199, mean: 0.008
Epoch 2 Batch 2 | Loss: 0.574081
Epoch 2 Batch 3 | Loss: 0.593038
Epoch 2 Batch 4 | Loss: 0.609888
Epoch 2 Batch 5 | Loss: 0.603360
Epoch 2 Batch 6 | Loss: 0.625292
Epoch 2 Batch 7 | Loss: 0.600945
Epoch 2 Batch 8 | Loss: 0.571187
Epoch 2 Batch 9 | Loss: 0.585413
Epoch 2 Batch 10 | Loss: 0.598036
Epoch 2 Batch 11 | Loss: 0.603854
Epoch 2 Batch 12 | Loss: 0.592167
Epoch 2 Batch 13 | Loss: 0.614490
  [STABILITY] Test accuracy improved: 66.28% -> 70.35% (via EMA). Saving best params.
--- Epoch 2/30 | Loss: 0.5974 | Train Acc: 71.5% | Test Acc: 70.3% | CM: [TP:40, TN:81, FP:5, FN:46] | Progress: 6.7% | ETA: 128.8s ---
Epoch 3 Batch 1 | Loss: 0.570243 | Stats: min: -0.240, max: 0.121, mean: -0.127
Epoch 3 Batch 2 | Loss: 0.624062
Epoch 3 Batch 3 | Loss: 0.606782
Epoch 3 Batch 4 | Loss: 0.579909
Epoch 3 Batch 5 | Loss: 0.562684
Epoch 3 Batch 6 | Loss: 0.567963
Epoch 3 Batch 7 | Loss: 0.567422
Epoch 3 Batch 8 | Loss: 0.570635
Epoch 3 Batch 9 | Loss: 0.571521
Epoch 3 Batch 10 | Loss: 0.547906
Epoch 3 Batch 11 | Loss: 0.571655
Epoch 3 Batch 12 | Loss: 0.564921
Epoch 3 Batch 13 | Loss: 0.567348
  [STABILITY] Test accuracy improved: 70.35% -> 73.84% (via EMA). Saving best params.
--- Epoch 3/30 | Loss: 0.5748 | Train Acc: 76.5% | Test Acc: 73.8% | CM: [TP:44, TN:83, FP:3, FN:42] | Progress: 10.0% | ETA: 79.6s ---
Epoch 4 Batch 1 | Loss: 0.569841 | Stats: min: -0.234, max: 0.187, mean: -0.033
Epoch 4 Batch 2 | Loss: 0.585019
Epoch 4 Batch 3 | Loss: 0.551583
Epoch 4 Batch 4 | Loss: 0.585417
Epoch 4 Batch 5 | Loss: 0.551559
Epoch 4 Batch 6 | Loss: 0.578411
Epoch 4 Batch 7 | Loss: 0.606317
Epoch 4 Batch 8 | Loss: 0.537267
Epoch 4 Batch 9 | Loss: 0.530442
Epoch 4 Batch 10 | Loss: 0.568343
Epoch 4 Batch 11 | Loss: 0.558330
Epoch 4 Batch 12 | Loss: 0.577017
Epoch 4 Batch 13 | Loss: 0.522931
  [STABILITY] Test accuracy improved: 73.84% -> 78.49% (via EMA). Saving best params.
--- Epoch 4/30 | Loss: 0.5633 | Train Acc: 82.5% | Test Acc: 78.5% | CM: [TP:53, TN:82, FP:4, FN:33] | Progress: 13.3% | ETA: 55.9s ---
Epoch 5 Batch 1 | Loss: 0.571489 | Stats: min: -0.063, max: 0.067, mean: 0.009
Epoch 5 Batch 2 | Loss: 0.533506
Epoch 5 Batch 3 | Loss: 0.567083
Epoch 5 Batch 4 | Loss: 0.551327
Epoch 5 Batch 5 | Loss: 0.557403
Epoch 5 Batch 6 | Loss: 0.552595
Epoch 5 Batch 7 | Loss: 0.567349
Epoch 5 Batch 8 | Loss: 0.541715
Epoch 5 Batch 9 | Loss: 0.573491
Epoch 5 Batch 10 | Loss: 0.594531
Epoch 5 Batch 11 | Loss: 0.564635
Epoch 5 Batch 12 | Loss: 0.542097
Epoch 5 Batch 13 | Loss: 0.554392
  [STABILITY] Test accuracy improved: 78.49% -> 81.40% (via EMA). Saving best params.
--- Epoch 5/30 | Loss: 0.5594 | Train Acc: 87.0% | Test Acc: 81.4% | CM: [TP:58, TN:82, FP:4, FN:28] | Progress: 16.7% | ETA: 37.1s ---
Epoch 6 Batch 1 | Loss: 0.553315 | Stats: min: -0.152, max: 0.224, mean: 0.055
Epoch 6 Batch 2 | Loss: 0.581798
Epoch 6 Batch 3 | Loss: 0.568501
Epoch 6 Batch 4 | Loss: 0.573938
Epoch 6 Batch 5 | Loss: 0.531401
Epoch 6 Batch 6 | Loss: 0.527021
Epoch 6 Batch 7 | Loss: 0.556867
Epoch 6 Batch 8 | Loss: 0.556149
Epoch 6 Batch 9 | Loss: 0.532720
Epoch 6 Batch 10 | Loss: 0.540031
Epoch 6 Batch 11 | Loss: 0.545507
Epoch 6 Batch 12 | Loss: 0.592991
Epoch 6 Batch 13 | Loss: 0.615649
  [STABILITY] Test accuracy improved: 81.40% -> 83.14% (via EMA). Saving best params.
--- Epoch 6/30 | Loss: 0.5597 | Train Acc: 88.5% | Test Acc: 83.1% | CM: [TP:63, TN:80, FP:6, FN:23] | Progress: 20.0% | ETA: 29.4s ---
Epoch 7 Batch 1 | Loss: 0.556787 | Stats: min: -0.120, max: 0.398, mean: 0.096
Epoch 7 Batch 2 | Loss: 0.541740
Epoch 7 Batch 3 | Loss: 0.543586
Epoch 7 Batch 4 | Loss: 0.562740
Epoch 7 Batch 5 | Loss: 0.550544
Epoch 7 Batch 6 | Loss: 0.555913
Epoch 7 Batch 7 | Loss: 0.572271
Epoch 7 Batch 8 | Loss: 0.508621
Epoch 7 Batch 9 | Loss: 0.530356
Epoch 7 Batch 10 | Loss: 0.554664
Epoch 7 Batch 11 | Loss: 0.566805
Epoch 7 Batch 12 | Loss: 0.560408
Epoch 7 Batch 13 | Loss: 0.543945
--- Epoch 7/30 | Loss: 0.5499 | Train Acc: 89.0% | Test Acc: 83.1% | CM: [TP:64, TN:79, FP:7, FN:22] | Progress: 23.3% | ETA: 24.8s ---
Epoch 8 Batch 1 | Loss: 0.511951 | Stats: min: -0.276, max: 0.200, mean: -0.072
Epoch 8 Batch 2 | Loss: 0.560842
Epoch 8 Batch 3 | Loss: 0.544192
Epoch 8 Batch 4 | Loss: 0.545551
Epoch 8 Batch 5 | Loss: 0.511434
Epoch 8 Batch 6 | Loss: 0.539382
Epoch 8 Batch 7 | Loss: 0.545137
Epoch 8 Batch 8 | Loss: 0.556644
Epoch 8 Batch 9 | Loss: 0.550592
Epoch 8 Batch 10 | Loss: 0.555946
Epoch 8 Batch 11 | Loss: 0.541855
Epoch 8 Batch 12 | Loss: 0.578823
Epoch 8 Batch 13 | Loss: 0.543890
  [STABILITY] Test accuracy improved: 83.14% -> 86.05% (via EMA). Saving best params.
--- Epoch 8/30 | Loss: 0.5451 | Train Acc: 90.5% | Test Acc: 86.0% | CM: [TP:69, TN:79, FP:7, FN:17] | Progress: 26.7% | ETA: 22.0s ---
Epoch 9 Batch 1 | Loss: 0.524631 | Stats: min: -0.295, max: 0.126, mean: -0.093
Epoch 9 Batch 2 | Loss: 0.597764
Epoch 9 Batch 3 | Loss: 0.542127
Epoch 9 Batch 4 | Loss: 0.533857
Epoch 9 Batch 5 | Loss: 0.564588
Epoch 9 Batch 6 | Loss: 0.509280
Epoch 9 Batch 7 | Loss: 0.532831
Epoch 9 Batch 8 | Loss: 0.545262
Epoch 9 Batch 9 | Loss: 0.549164
Epoch 9 Batch 10 | Loss: 0.521560
Epoch 9 Batch 11 | Loss: 0.508933
Epoch 9 Batch 12 | Loss: 0.551793
Epoch 9 Batch 13 | Loss: 0.580057
  [STABILITY] Test accuracy improved: 86.05% -> 87.79% (via EMA). Saving best params.
--- Epoch 9/30 | Loss: 0.5432 | Train Acc: 91.5% | Test Acc: 87.8% | CM: [TP:73, TN:78, FP:8, FN:13] | Progress: 30.0% | ETA: 25.2s ---
Epoch 10 Batch 1 | Loss: 0.559106 | Stats: min: -0.397, max: 0.285, mean: -0.067
Epoch 10 Batch 2 | Loss: 0.544347
Epoch 10 Batch 3 | Loss: 0.533055
Epoch 10 Batch 4 | Loss: 0.532073
Epoch 10 Batch 5 | Loss: 0.539964
Epoch 10 Batch 6 | Loss: 0.542087
Epoch 10 Batch 7 | Loss: 0.542438
Epoch 10 Batch 8 | Loss: 0.513365
Epoch 10 Batch 9 | Loss: 0.534957
Epoch 10 Batch 10 | Loss: 0.541049
Epoch 10 Batch 11 | Loss: 0.532320
Epoch 10 Batch 12 | Loss: 0.541628
Epoch 10 Batch 13 | Loss: 0.534376
  [STABILITY] Test accuracy improved: 87.79% -> 89.53% (via EMA). Saving best params.
--- Epoch 10/30 | Loss: 0.5378 | Train Acc: 91.0% | Test Acc: 89.5% | CM: [TP:76, TN:78, FP:8, FN:10] | Progress: 33.3% | ETA: 22.0s ---
Epoch 11 Batch 1 | Loss: 0.499690 | Stats: min: -0.259, max: 0.339, mean: 0.049
Epoch 11 Batch 2 | Loss: 0.528062
Epoch 11 Batch 3 | Loss: 0.545020
Epoch 11 Batch 4 | Loss: 0.557331
Epoch 11 Batch 5 | Loss: 0.546576
Epoch 11 Batch 6 | Loss: 0.540667
Epoch 11 Batch 7 | Loss: 0.552604
Epoch 11 Batch 8 | Loss: 0.532317
Epoch 11 Batch 9 | Loss: 0.556371
Epoch 11 Batch 10 | Loss: 0.548610
Epoch 11 Batch 11 | Loss: 0.550934
Epoch 11 Batch 12 | Loss: 0.521718
Epoch 11 Batch 13 | Loss: 0.504997
--- Epoch 11/30 | Loss: 0.5373 | Train Acc: 90.0% | Test Acc: 89.5% | CM: [TP:77, TN:77, FP:9, FN:9] | Progress: 36.7% | ETA: 16.0s ---
Epoch 12 Batch 1 | Loss: 0.551797 | Stats: min: -0.160, max: 0.494, mean: 0.114
Epoch 12 Batch 2 | Loss: 0.545044
Epoch 12 Batch 3 | Loss: 0.549213
Epoch 12 Batch 4 | Loss: 0.523861
Epoch 12 Batch 5 | Loss: 0.512978
Epoch 12 Batch 6 | Loss: 0.546473
Epoch 12 Batch 7 | Loss: 0.555408
Epoch 12 Batch 8 | Loss: 0.523297
Epoch 12 Batch 9 | Loss: 0.536162
Epoch 12 Batch 10 | Loss: 0.540370
Epoch 12 Batch 11 | Loss: 0.527598
Epoch 12 Batch 12 | Loss: 0.528572
Epoch 12 Batch 13 | Loss: 0.540090
  [STABILITY] Test accuracy improved: 89.53% -> 90.12% (via EMA). Saving best params.
--- Epoch 12/30 | Loss: 0.5370 | Train Acc: 91.0% | Test Acc: 90.1% | CM: [TP:78, TN:77, FP:9, FN:8] | Progress: 40.0% | ETA: 12.2s ---
Epoch 13 Batch 1 | Loss: 0.531007 | Stats: min: -0.300, max: 0.289, mean: -0.026
Epoch 13 Batch 2 | Loss: 0.527798
Epoch 13 Batch 3 | Loss: 0.512415
Epoch 13 Batch 4 | Loss: 0.501640
Epoch 13 Batch 5 | Loss: 0.540940
Epoch 13 Batch 6 | Loss: 0.546094
Epoch 13 Batch 7 | Loss: 0.547377
Epoch 13 Batch 8 | Loss: 0.539681
Epoch 13 Batch 9 | Loss: 0.567843
Epoch 13 Batch 10 | Loss: 0.526108
Epoch 13 Batch 11 | Loss: 0.544084
Epoch 13 Batch 12 | Loss: 0.562131
Epoch 13 Batch 13 | Loss: 0.529778
--- Epoch 13/30 | Loss: 0.5367 | Train Acc: 91.0% | Test Acc: 89.5% | CM: [TP:78, TN:76, FP:10, FN:8] | Progress: 43.3% | ETA: 13.8s ---
Epoch 14 Batch 1 | Loss: 0.532670 | Stats: min: -0.201, max: 0.235, mean: -0.033
Epoch 14 Batch 2 | Loss: 0.563617
Epoch 14 Batch 3 | Loss: 0.496655
Epoch 14 Batch 4 | Loss: 0.491629
Epoch 14 Batch 5 | Loss: 0.539390
Epoch 14 Batch 6 | Loss: 0.533072
Epoch 14 Batch 7 | Loss: 0.519838
Epoch 14 Batch 8 | Loss: 0.488847
Epoch 14 Batch 9 | Loss: 0.568546
Epoch 14 Batch 10 | Loss: 0.553032
Epoch 14 Batch 11 | Loss: 0.551104
Epoch 14 Batch 12 | Loss: 0.558673
Epoch 14 Batch 13 | Loss: 0.516238
--- Epoch 14/30 | Loss: 0.5318 | Train Acc: 91.0% | Test Acc: 89.0% | CM: [TP:77, TN:76, FP:10, FN:9] | Progress: 46.7% | ETA: 10.5s ---
Epoch 15 Batch 1 | Loss: 0.502343 | Stats: min: -0.521, max: 0.104, mean: -0.226
Epoch 15 Batch 2 | Loss: 0.525053
Epoch 15 Batch 3 | Loss: 0.560721
Epoch 15 Batch 4 | Loss: 0.526741
Epoch 15 Batch 5 | Loss: 0.526575
Epoch 15 Batch 6 | Loss: 0.521223
Epoch 15 Batch 7 | Loss: 0.518904
Epoch 15 Batch 8 | Loss: 0.537595
Epoch 15 Batch 9 | Loss: 0.543508
Epoch 15 Batch 10 | Loss: 0.531647
Epoch 15 Batch 11 | Loss: 0.560402
Epoch 15 Batch 12 | Loss: 0.524077
Epoch 15 Batch 13 | Loss: 0.523108
  [STABILITY] Plateau detected. Reducing Learning Rate to 0.010000
--- Epoch 15/30 | Loss: 0.5309 | Train Acc: 91.0% | Test Acc: 89.0% | CM: [TP:76, TN:77, FP:9, FN:10] | Progress: 50.0% | ETA: 8.9s ---
Epoch 16 Batch 1 | Loss: 0.520773 | Stats: min: -0.225, max: 0.150, mean: -0.056
Epoch 16 Batch 2 | Loss: 0.508339
Epoch 16 Batch 3 | Loss: 0.539341
Epoch 16 Batch 4 | Loss: 0.537117
Epoch 16 Batch 5 | Loss: 0.505685
Epoch 16 Batch 6 | Loss: 0.520041
Epoch 16 Batch 7 | Loss: 0.523134
Epoch 16 Batch 8 | Loss: 0.549814
Epoch 16 Batch 9 | Loss: 0.517560
Epoch 16 Batch 10 | Loss: 0.512295
Epoch 16 Batch 11 | Loss: 0.557014
Epoch 16 Batch 12 | Loss: 0.550349
Epoch 16 Batch 13 | Loss: 0.570395
--- Epoch 16/30 | Loss: 0.5317 | Train Acc: 91.0% | Test Acc: 89.0% | CM: [TP:77, TN:76, FP:10, FN:9] | Progress: 53.3% | ETA: 8.8s ---
Epoch 17 Batch 1 | Loss: 0.513418 | Stats: min: -0.511, max: 0.356, mean: -0.015
Epoch 17 Batch 2 | Loss: 0.522101
Epoch 17 Batch 3 | Loss: 0.515021
Epoch 17 Batch 4 | Loss: 0.540196
Epoch 17 Batch 5 | Loss: 0.480418
Epoch 17 Batch 6 | Loss: 0.585637
Epoch 17 Batch 7 | Loss: 0.549347
Epoch 17 Batch 8 | Loss: 0.558536
Epoch 17 Batch 9 | Loss: 0.552592
Epoch 17 Batch 10 | Loss: 0.566217
Epoch 17 Batch 11 | Loss: 0.519792
Epoch 17 Batch 12 | Loss: 0.515268
Epoch 17 Batch 13 | Loss: 0.505258
--- Epoch 17/30 | Loss: 0.5326 | Train Acc: 90.5% | Test Acc: 89.5% | CM: [TP:77, TN:77, FP:9, FN:9] | Progress: 56.7% | ETA: 7.1s ---
Epoch 18 Batch 1 | Loss: 0.516221 | Stats: min: -0.404, max: 0.243, mean: -0.066
Epoch 18 Batch 2 | Loss: 0.537096
Epoch 18 Batch 3 | Loss: 0.518802
Epoch 18 Batch 4 | Loss: 0.521294
Epoch 18 Batch 5 | Loss: 0.532536
Epoch 18 Batch 6 | Loss: 0.593014
Epoch 18 Batch 7 | Loss: 0.547528
Epoch 18 Batch 8 | Loss: 0.495261
Epoch 18 Batch 9 | Loss: 0.548201
Epoch 18 Batch 10 | Loss: 0.508557
Epoch 18 Batch 11 | Loss: 0.557066
Epoch 18 Batch 12 | Loss: 0.520283
Epoch 18 Batch 13 | Loss: 0.470575
  [STABILITY] Plateau detected. Reducing Learning Rate to 0.005000
--- Epoch 18/30 | Loss: 0.5282 | Train Acc: 90.5% | Test Acc: 90.1% | CM: [TP:77, TN:78, FP:8, FN:9] | Progress: 60.0% | ETA: 7.1s ---
Epoch 19 Batch 1 | Loss: 0.509375 | Stats: min: -0.300, max: 0.324, mean: -0.052
Epoch 19 Batch 2 | Loss: 0.513695
Epoch 19 Batch 3 | Loss: 0.516686
Epoch 19 Batch 4 | Loss: 0.537049
Epoch 19 Batch 5 | Loss: 0.535220
Epoch 19 Batch 6 | Loss: 0.534690
Epoch 19 Batch 7 | Loss: 0.522862
Epoch 19 Batch 8 | Loss: 0.496235
Epoch 19 Batch 9 | Loss: 0.516881
Epoch 19 Batch 10 | Loss: 0.506630
Epoch 19 Batch 11 | Loss: 0.558297
Epoch 19 Batch 12 | Loss: 0.554855
Epoch 19 Batch 13 | Loss: 0.556551
--- Epoch 19/30 | Loss: 0.5276 | Train Acc: 90.5% | Test Acc: 90.1% | CM: [TP:77, TN:78, FP:8, FN:9] | Progress: 63.3% | ETA: 5.9s ---
Epoch 20 Batch 1 | Loss: 0.537736 | Stats: min: -0.265, max: 0.205, mean: -0.136
Epoch 20 Batch 2 | Loss: 0.545513
Epoch 20 Batch 3 | Loss: 0.535206
Epoch 20 Batch 4 | Loss: 0.543575
Epoch 20 Batch 5 | Loss: 0.534488
Epoch 20 Batch 6 | Loss: 0.542371
Epoch 20 Batch 7 | Loss: 0.470689
Epoch 20 Batch 8 | Loss: 0.522981
Epoch 20 Batch 9 | Loss: 0.505905
Epoch 20 Batch 10 | Loss: 0.540181
Epoch 20 Batch 11 | Loss: 0.523249
Epoch 20 Batch 12 | Loss: 0.534499
Epoch 20 Batch 13 | Loss: 0.493207
--- Epoch 20/30 | Loss: 0.5254 | Train Acc: 91.0% | Test Acc: 89.5% | CM: [TP:76, TN:78, FP:8, FN:10] | Progress: 66.7% | ETA: 5.0s ---
Epoch 21 Batch 1 | Loss: 0.560718 | Stats: min: -0.316, max: 0.042, mean: -0.159
Epoch 21 Batch 2 | Loss: 0.512188
Epoch 21 Batch 3 | Loss: 0.523671
Epoch 21 Batch 4 | Loss: 0.548373
Epoch 21 Batch 5 | Loss: 0.546398
Epoch 21 Batch 6 | Loss: 0.513125
Epoch 21 Batch 7 | Loss: 0.523983
Epoch 21 Batch 8 | Loss: 0.548463
Epoch 21 Batch 9 | Loss: 0.509008
Epoch 21 Batch 10 | Loss: 0.530506
Epoch 21 Batch 11 | Loss: 0.497105
Epoch 21 Batch 12 | Loss: 0.503049
Epoch 21 Batch 13 | Loss: 0.509572
  [STABILITY] Plateau detected. Reducing Learning Rate to 0.002500
--- Epoch 21/30 | Loss: 0.5251 | Train Acc: 91.5% | Test Acc: 89.5% | CM: [TP:76, TN:78, FP:8, FN:10] | Progress: 70.0% | ETA: 3.7s ---
Epoch 22 Batch 1 | Loss: 0.530538 | Stats: min: -0.350, max: -0.022, mean: -0.210
Epoch 22 Batch 2 | Loss: 0.493634
Epoch 22 Batch 3 | Loss: 0.546531
Epoch 22 Batch 4 | Loss: 0.529853
Epoch 22 Batch 5 | Loss: 0.517628
Epoch 22 Batch 6 | Loss: 0.555368
Epoch 22 Batch 7 | Loss: 0.497633
Epoch 22 Batch 8 | Loss: 0.515833
Epoch 22 Batch 9 | Loss: 0.549273
Epoch 22 Batch 10 | Loss: 0.537333
Epoch 22 Batch 11 | Loss: 0.541348
Epoch 22 Batch 12 | Loss: 0.502395
Epoch 22 Batch 13 | Loss: 0.487583
--- Epoch 22/30 | Loss: 0.5235 | Train Acc: 92.0% | Test Acc: 90.1% | CM: [TP:76, TN:79, FP:7, FN:10] | Progress: 73.3% | ETA: 2.7s ---
Epoch 23 Batch 1 | Loss: 0.537162 | Stats: min: -0.282, max: 0.325, mean: 0.120
Epoch 23 Batch 2 | Loss: 0.566317
Epoch 23 Batch 3 | Loss: 0.511043
Epoch 23 Batch 4 | Loss: 0.528321
Epoch 23 Batch 5 | Loss: 0.579064
Epoch 23 Batch 6 | Loss: 0.505759
Epoch 23 Batch 7 | Loss: 0.492869
Epoch 23 Batch 8 | Loss: 0.502419
Epoch 23 Batch 9 | Loss: 0.507723
Epoch 23 Batch 10 | Loss: 0.531805
Epoch 23 Batch 11 | Loss: 0.521545
Epoch 23 Batch 12 | Loss: 0.516758
Epoch 23 Batch 13 | Loss: 0.518808
--- Epoch 23/30 | Loss: 0.5246 | Train Acc: 92.0% | Test Acc: 90.1% | CM: [TP:76, TN:79, FP:7, FN:10] | Progress: 76.7% | ETA: 2.3s ---
Epoch 24 Batch 1 | Loss: 0.516952 | Stats: min: -0.419, max: 0.279, mean: -0.082
Epoch 24 Batch 2 | Loss: 0.515376
Epoch 24 Batch 3 | Loss: 0.508627
Epoch 24 Batch 4 | Loss: 0.556751
Epoch 24 Batch 5 | Loss: 0.516753
Epoch 24 Batch 6 | Loss: 0.535378
Epoch 24 Batch 7 | Loss: 0.506301
Epoch 24 Batch 8 | Loss: 0.533734
Epoch 24 Batch 9 | Loss: 0.573230
Epoch 24 Batch 10 | Loss: 0.532067
Epoch 24 Batch 11 | Loss: 0.522140
Epoch 24 Batch 12 | Loss: 0.501200
Epoch 24 Batch 13 | Loss: 0.481315
  [STABILITY] Plateau detected. Reducing Learning Rate to 0.001250
--- Epoch 24/30 | Loss: 0.5231 | Train Acc: 92.0% | Test Acc: 90.1% | CM: [TP:76, TN:79, FP:7, FN:10] | Progress: 80.0% | ETA: 1.9s ---
Epoch 25 Batch 1 | Loss: 0.533207 | Stats: min: -0.426, max: 0.134, mean: -0.011
Epoch 25 Batch 2 | Loss: 0.503410
Epoch 25 Batch 3 | Loss: 0.518812
Epoch 25 Batch 4 | Loss: 0.529708
Epoch 25 Batch 5 | Loss: 0.520108
Epoch 25 Batch 6 | Loss: 0.530249
Epoch 25 Batch 7 | Loss: 0.527428
Epoch 25 Batch 8 | Loss: 0.550044
Epoch 25 Batch 9 | Loss: 0.525575
Epoch 25 Batch 10 | Loss: 0.542649
Epoch 25 Batch 11 | Loss: 0.522234
Epoch 25 Batch 12 | Loss: 0.501209
Epoch 25 Batch 13 | Loss: 0.503720
  [STABILITY] Test accuracy improved: 90.12% -> 90.70% (via EMA). Saving best params.
--- Epoch 25/30 | Loss: 0.5237 | Train Acc: 92.0% | Test Acc: 90.7% | CM: [TP:77, TN:79, FP:7, FN:9] | Progress: 83.3% | ETA: 1.5s ---
Epoch 26 Batch 1 | Loss: 0.496661 | Stats: min: -0.376, max: 0.346, mean: 0.016
Epoch 26 Batch 2 | Loss: 0.519012
Epoch 26 Batch 3 | Loss: 0.515641
Epoch 26 Batch 4 | Loss: 0.525096
Epoch 26 Batch 5 | Loss: 0.568710
Epoch 26 Batch 6 | Loss: 0.486909
Epoch 26 Batch 7 | Loss: 0.500150
Epoch 26 Batch 8 | Loss: 0.514581
Epoch 26 Batch 9 | Loss: 0.528475
Epoch 26 Batch 10 | Loss: 0.530588
Epoch 26 Batch 11 | Loss: 0.537547
Epoch 26 Batch 12 | Loss: 0.559459
Epoch 26 Batch 13 | Loss: 0.549493
--- Epoch 26/30 | Loss: 0.5256 | Train Acc: 92.0% | Test Acc: 90.7% | CM: [TP:77, TN:79, FP:7, FN:9] | Progress: 86.7% | ETA: 1.2s ---
Epoch 27 Batch 1 | Loss: 0.576903 | Stats: min: -0.317, max: 0.292, mean: -0.026
Epoch 27 Batch 2 | Loss: 0.550729
Epoch 27 Batch 3 | Loss: 0.522132
Epoch 27 Batch 4 | Loss: 0.512634
Epoch 27 Batch 5 | Loss: 0.500563
Epoch 27 Batch 6 | Loss: 0.516596
Epoch 27 Batch 7 | Loss: 0.521002
Epoch 27 Batch 8 | Loss: 0.536021
Epoch 27 Batch 9 | Loss: 0.533177
Epoch 27 Batch 10 | Loss: 0.528873
Epoch 27 Batch 11 | Loss: 0.520822
Epoch 27 Batch 12 | Loss: 0.501081
Epoch 27 Batch 13 | Loss: 0.467273
--- Epoch 27/30 | Loss: 0.5221 | Train Acc: 92.0% | Test Acc: 90.7% | CM: [TP:77, TN:79, FP:7, FN:9] | Progress: 90.0% | ETA: 0.8s ---
Epoch 28 Batch 1 | Loss: 0.564228 | Stats: min: -0.160, max: 0.242, mean: 0.090
Epoch 28 Batch 2 | Loss: 0.520583
Epoch 28 Batch 3 | Loss: 0.497502
Epoch 28 Batch 4 | Loss: 0.515334
Epoch 28 Batch 5 | Loss: 0.512206
Epoch 28 Batch 6 | Loss: 0.513779
Epoch 28 Batch 7 | Loss: 0.538449
Epoch 28 Batch 8 | Loss: 0.505728
Epoch 28 Batch 9 | Loss: 0.547128
Epoch 28 Batch 10 | Loss: 0.511756
Epoch 28 Batch 11 | Loss: 0.515627
Epoch 28 Batch 12 | Loss: 0.553444
Epoch 28 Batch 13 | Loss: 0.517430
  [STABILITY] Plateau detected. Reducing Learning Rate to 0.000625
--- Epoch 28/30 | Loss: 0.5241 | Train Acc: 92.0% | Test Acc: 90.7% | CM: [TP:77, TN:79, FP:7, FN:9] | Progress: 93.3% | ETA: 0.5s ---
Epoch 29 Batch 1 | Loss: 0.513793 | Stats: min: -0.359, max: 0.115, mean: -0.137
Epoch 29 Batch 2 | Loss: 0.491192
Epoch 29 Batch 3 | Loss: 0.538258
Epoch 29 Batch 4 | Loss: 0.525622
Epoch 29 Batch 5 | Loss: 0.511320
Epoch 29 Batch 6 | Loss: 0.513619
Epoch 29 Batch 7 | Loss: 0.542504
Epoch 29 Batch 8 | Loss: 0.544192
Epoch 29 Batch 9 | Loss: 0.525074
Epoch 29 Batch 10 | Loss: 0.524575
Epoch 29 Batch 11 | Loss: 0.525463
Epoch 29 Batch 12 | Loss: 0.529174
Epoch 29 Batch 13 | Loss: 0.537031
  [STABILITY] Test accuracy improved: 90.70% -> 91.28% (via EMA). Saving best params.
--- Epoch 29/30 | Loss: 0.5248 | Train Acc: 92.0% | Test Acc: 91.3% | CM: [TP:78, TN:79, FP:7, FN:8] | Progress: 96.7% | ETA: 0.3s ---
Epoch 30 Batch 1 | Loss: 0.514216 | Stats: min: -0.370, max: 0.347, mean: 0.100
Epoch 30 Batch 2 | Loss: 0.526853
Epoch 30 Batch 3 | Loss: 0.520693
Epoch 30 Batch 4 | Loss: 0.523381
Epoch 30 Batch 5 | Loss: 0.531730
Epoch 30 Batch 6 | Loss: 0.546262
Epoch 30 Batch 7 | Loss: 0.508713
Epoch 30 Batch 8 | Loss: 0.524604
Epoch 30 Batch 9 | Loss: 0.506917
Epoch 30 Batch 10 | Loss: 0.555870
Epoch 30 Batch 11 | Loss: 0.518827
Epoch 30 Batch 12 | Loss: 0.528323
Epoch 30 Batch 13 | Loss: 0.488942
--- Epoch 30/30 | Loss: 0.5227 | Train Acc: 92.0% | Test Acc: 91.3% | CM: [TP:78, TN:79, FP:7, FN:8] | Progress: 100.0% | ETA: 0.0s ---

Final Best Test Accuracy: 91.28%


Best Quantum Test Accuracy: 0.913
