DEBUG: Qtrainer enters train_pure_quantum_cnn. Encoding: amplitude
  Class Weights: +1 (Target): 1.00 | -1 (Rest): 1.00
Starting Training
==================================================
Epoch 1 Batch 1 | Loss: 0.672633 | Stats: min: -0.148, max: -0.034, mean: -0.083
Epoch 1 Batch 2 | Loss: 0.705088
Epoch 1 Batch 3 | Loss: 0.658527
Epoch 1 Batch 4 | Loss: 0.651979
Epoch 1 Batch 5 | Loss: 0.650675
Epoch 1 Batch 6 | Loss: 0.620015
Epoch 1 Batch 7 | Loss: 0.629063
Epoch 1 Batch 8 | Loss: 0.628175
Epoch 1 Batch 9 | Loss: 0.595685
Epoch 1 Batch 10 | Loss: 0.597430
Epoch 1 Batch 11 | Loss: 0.609164
Epoch 1 Batch 12 | Loss: 0.560705
Epoch 1 Batch 13 | Loss: 0.614169
  [STABILITY] Test accuracy improved: 0.00% -> 65.70% (via EMA). Saving best params.
--- Epoch 1/30 | Loss: 0.6303 | Train Acc: 60.5% | Test Acc: 65.7% | CM: [TP:39, TN:74, FP:12, FN:47] | Progress: 3.3% | ETA: 301.4s ---
Epoch 2 Batch 1 | Loss: 0.619581 | Stats: min: -0.108, max: 0.093, mean: -0.026
Epoch 2 Batch 2 | Loss: 0.590039
Epoch 2 Batch 3 | Loss: 0.597109
Epoch 2 Batch 4 | Loss: 0.561788
Epoch 2 Batch 5 | Loss: 0.568338
Epoch 2 Batch 6 | Loss: 0.594091
Epoch 2 Batch 7 | Loss: 0.578082
Epoch 2 Batch 8 | Loss: 0.618680
Epoch 2 Batch 9 | Loss: 0.592439
Epoch 2 Batch 10 | Loss: 0.596793
Epoch 2 Batch 11 | Loss: 0.581785
Epoch 2 Batch 12 | Loss: 0.551909
Epoch 2 Batch 13 | Loss: 0.623234
  [STABILITY] Test accuracy improved: 65.70% -> 77.91% (via EMA). Saving best params.
--- Epoch 2/30 | Loss: 0.5903 | Train Acc: 74.5% | Test Acc: 77.9% | CM: [TP:58, TN:76, FP:10, FN:28] | Progress: 6.7% | ETA: 105.3s ---
Epoch 3 Batch 1 | Loss: 0.581597 | Stats: min: -0.219, max: 0.165, mean: 0.055
Epoch 3 Batch 2 | Loss: 0.591819
Epoch 3 Batch 3 | Loss: 0.552985
Epoch 3 Batch 4 | Loss: 0.572447
Epoch 3 Batch 5 | Loss: 0.593520
Epoch 3 Batch 6 | Loss: 0.543054
Epoch 3 Batch 7 | Loss: 0.595970
Epoch 3 Batch 8 | Loss: 0.541000
Epoch 3 Batch 9 | Loss: 0.549684
Epoch 3 Batch 10 | Loss: 0.570772
Epoch 3 Batch 11 | Loss: 0.547180
Epoch 3 Batch 12 | Loss: 0.567887
Epoch 3 Batch 13 | Loss: 0.602557
  [STABILITY] Test accuracy improved: 77.91% -> 81.40% (via EMA). Saving best params.
--- Epoch 3/30 | Loss: 0.5700 | Train Acc: 82.5% | Test Acc: 81.4% | CM: [TP:69, TN:71, FP:15, FN:17] | Progress: 10.0% | ETA: 84.2s ---
Epoch 4 Batch 1 | Loss: 0.553210 | Stats: min: -0.208, max: 0.360, mean: 0.010
Epoch 4 Batch 2 | Loss: 0.490630
Epoch 4 Batch 3 | Loss: 0.567164
Epoch 4 Batch 4 | Loss: 0.530135
Epoch 4 Batch 5 | Loss: 0.567396
Epoch 4 Batch 6 | Loss: 0.572648
Epoch 4 Batch 7 | Loss: 0.576982
Epoch 4 Batch 8 | Loss: 0.559379
Epoch 4 Batch 9 | Loss: 0.576324
Epoch 4 Batch 10 | Loss: 0.570966
Epoch 4 Batch 11 | Loss: 0.584173
Epoch 4 Batch 12 | Loss: 0.569834
Epoch 4 Batch 13 | Loss: 0.479770
  [STABILITY] Test accuracy improved: 81.40% -> 84.30% (via EMA). Saving best params.
--- Epoch 4/30 | Loss: 0.5537 | Train Acc: 85.0% | Test Acc: 84.3% | CM: [TP:76, TN:69, FP:17, FN:10] | Progress: 13.3% | ETA: 60.8s ---
Epoch 5 Batch 1 | Loss: 0.516494 | Stats: min: -0.291, max: 0.443, mean: 0.195
Epoch 5 Batch 2 | Loss: 0.517903
Epoch 5 Batch 3 | Loss: 0.586686
Epoch 5 Batch 4 | Loss: 0.591312
Epoch 5 Batch 5 | Loss: 0.568486
Epoch 5 Batch 6 | Loss: 0.572144
Epoch 5 Batch 7 | Loss: 0.573287
Epoch 5 Batch 8 | Loss: 0.547092
Epoch 5 Batch 9 | Loss: 0.557219
Epoch 5 Batch 10 | Loss: 0.522905
Epoch 5 Batch 11 | Loss: 0.523203
Epoch 5 Batch 12 | Loss: 0.573183
Epoch 5 Batch 13 | Loss: 0.525172
  [STABILITY] Test accuracy improved: 84.30% -> 85.47% (via EMA). Saving best params.
--- Epoch 5/30 | Loss: 0.5519 | Train Acc: 86.0% | Test Acc: 85.5% | CM: [TP:80, TN:67, FP:19, FN:6] | Progress: 16.7% | ETA: 48.9s ---
Epoch 6 Batch 1 | Loss: 0.564522 | Stats: min: -0.104, max: 0.191, mean: 0.052
Epoch 6 Batch 2 | Loss: 0.502884
Epoch 6 Batch 3 | Loss: 0.571147
Epoch 6 Batch 4 | Loss: 0.515716
Epoch 6 Batch 5 | Loss: 0.576125
Epoch 6 Batch 6 | Loss: 0.522296
Epoch 6 Batch 7 | Loss: 0.538155
Epoch 6 Batch 8 | Loss: 0.529512
Epoch 6 Batch 9 | Loss: 0.553279
Epoch 6 Batch 10 | Loss: 0.559678
Epoch 6 Batch 11 | Loss: 0.559054
Epoch 6 Batch 12 | Loss: 0.560023
Epoch 6 Batch 13 | Loss: 0.577838
--- Epoch 6/30 | Loss: 0.5485 | Train Acc: 86.0% | Test Acc: 85.5% | CM: [TP:83, TN:64, FP:22, FN:3] | Progress: 20.0% | ETA: 32.6s ---
Epoch 7 Batch 1 | Loss: 0.527838 | Stats: min: -0.380, max: 0.355, mean: -0.134
Epoch 7 Batch 2 | Loss: 0.546392
Epoch 7 Batch 3 | Loss: 0.541764
Epoch 7 Batch 4 | Loss: 0.621606
Epoch 7 Batch 5 | Loss: 0.549964
Epoch 7 Batch 6 | Loss: 0.506280
Epoch 7 Batch 7 | Loss: 0.559986
Epoch 7 Batch 8 | Loss: 0.535482
Epoch 7 Batch 9 | Loss: 0.545814
Epoch 7 Batch 10 | Loss: 0.537012
Epoch 7 Batch 11 | Loss: 0.580363
Epoch 7 Batch 12 | Loss: 0.522266
Epoch 7 Batch 13 | Loss: 0.510366
  [STABILITY] Test accuracy improved: 85.47% -> 86.05% (via EMA). Saving best params.
--- Epoch 7/30 | Loss: 0.5450 | Train Acc: 86.0% | Test Acc: 86.0% | CM: [TP:83, TN:65, FP:21, FN:3] | Progress: 23.3% | ETA: 28.2s ---
Epoch 8 Batch 1 | Loss: 0.578715 | Stats: min: 0.041, max: 0.219, mean: 0.115
Epoch 8 Batch 2 | Loss: 0.571552
Epoch 8 Batch 3 | Loss: 0.505609
Epoch 8 Batch 4 | Loss: 0.553439
Epoch 8 Batch 5 | Loss: 0.536195
Epoch 8 Batch 6 | Loss: 0.532364
Epoch 8 Batch 7 | Loss: 0.543872
Epoch 8 Batch 8 | Loss: 0.562671
Epoch 8 Batch 9 | Loss: 0.544236
Epoch 8 Batch 10 | Loss: 0.504013
Epoch 8 Batch 11 | Loss: 0.532291
Epoch 8 Batch 12 | Loss: 0.540655
Epoch 8 Batch 13 | Loss: 0.500494
--- Epoch 8/30 | Loss: 0.5389 | Train Acc: 85.0% | Test Acc: 86.0% | CM: [TP:84, TN:64, FP:22, FN:2] | Progress: 26.7% | ETA: 36.3s ---
Epoch 9 Batch 1 | Loss: 0.557398 | Stats: min: -0.124, max: 0.282, mean: 0.137
Epoch 9 Batch 2 | Loss: 0.566283
Epoch 9 Batch 3 | Loss: 0.548131
Epoch 9 Batch 4 | Loss: 0.522493
Epoch 9 Batch 5 | Loss: 0.528567
Epoch 9 Batch 6 | Loss: 0.528836
Epoch 9 Batch 7 | Loss: 0.545777
Epoch 9 Batch 8 | Loss: 0.544740
Epoch 9 Batch 9 | Loss: 0.547793
Epoch 9 Batch 10 | Loss: 0.542008
Epoch 9 Batch 11 | Loss: 0.520501
Epoch 9 Batch 12 | Loss: 0.510800
Epoch 9 Batch 13 | Loss: 0.563461
  [STABILITY] Test accuracy improved: 86.05% -> 86.63% (via EMA). Saving best params.
--- Epoch 9/30 | Loss: 0.5405 | Train Acc: 85.0% | Test Acc: 86.6% | CM: [TP:85, TN:64, FP:22, FN:1] | Progress: 30.0% | ETA: 31.3s ---
Epoch 10 Batch 1 | Loss: 0.512364 | Stats: min: -0.064, max: 0.267, mean: 0.071
Epoch 10 Batch 2 | Loss: 0.543032
Epoch 10 Batch 3 | Loss: 0.527944
Epoch 10 Batch 4 | Loss: 0.518727
Epoch 10 Batch 5 | Loss: 0.514944
Epoch 10 Batch 6 | Loss: 0.562055
Epoch 10 Batch 7 | Loss: 0.574947
Epoch 10 Batch 8 | Loss: 0.502918
Epoch 10 Batch 9 | Loss: 0.570273
Epoch 10 Batch 10 | Loss: 0.546519
Epoch 10 Batch 11 | Loss: 0.507382
Epoch 10 Batch 12 | Loss: 0.542695
Epoch 10 Batch 13 | Loss: 0.528887
--- Epoch 10/30 | Loss: 0.5348 | Train Acc: 85.0% | Test Acc: 84.9% | CM: [TP:85, TN:61, FP:25, FN:1] | Progress: 33.3% | ETA: 15.7s ---
Epoch 11 Batch 1 | Loss: 0.556575 | Stats: min: -0.436, max: -0.010, mean: -0.204
Epoch 11 Batch 2 | Loss: 0.524872
Epoch 11 Batch 3 | Loss: 0.560215
Epoch 11 Batch 4 | Loss: 0.595794
Epoch 11 Batch 5 | Loss: 0.498666
Epoch 11 Batch 6 | Loss: 0.546840
Epoch 11 Batch 7 | Loss: 0.583218
Epoch 11 Batch 8 | Loss: 0.483839
Epoch 11 Batch 9 | Loss: 0.545850
Epoch 11 Batch 10 | Loss: 0.572835
Epoch 11 Batch 11 | Loss: 0.515084
Epoch 11 Batch 12 | Loss: 0.519223
Epoch 11 Batch 13 | Loss: 0.557421
--- Epoch 11/30 | Loss: 0.5431 | Train Acc: 85.5% | Test Acc: 86.0% | CM: [TP:85, TN:63, FP:23, FN:1] | Progress: 36.7% | ETA: 13.8s ---
Epoch 12 Batch 1 | Loss: 0.543121 | Stats: min: -0.062, max: 0.287, mean: 0.059
Epoch 12 Batch 2 | Loss: 0.573586
Epoch 12 Batch 3 | Loss: 0.548347
Epoch 12 Batch 4 | Loss: 0.509872
Epoch 12 Batch 5 | Loss: 0.542036
Epoch 12 Batch 6 | Loss: 0.587893
Epoch 12 Batch 7 | Loss: 0.529060
Epoch 12 Batch 8 | Loss: 0.514304
Epoch 12 Batch 9 | Loss: 0.538456
Epoch 12 Batch 10 | Loss: 0.494024
Epoch 12 Batch 11 | Loss: 0.554742
Epoch 12 Batch 12 | Loss: 0.525449
Epoch 12 Batch 13 | Loss: 0.494491
  [STABILITY] Plateau detected. Reducing Learning Rate to 0.010000
--- Epoch 12/30 | Loss: 0.5350 | Train Acc: 85.5% | Test Acc: 86.0% | CM: [TP:85, TN:63, FP:23, FN:1] | Progress: 40.0% | ETA: 13.6s ---
Epoch 13 Batch 1 | Loss: 0.548753 | Stats: min: -0.277, max: 0.187, mean: -0.073
Epoch 13 Batch 2 | Loss: 0.572496
Epoch 13 Batch 3 | Loss: 0.491704
Epoch 13 Batch 4 | Loss: 0.473397
Epoch 13 Batch 5 | Loss: 0.518480
Epoch 13 Batch 6 | Loss: 0.528084
Epoch 13 Batch 7 | Loss: 0.517136
Epoch 13 Batch 8 | Loss: 0.492540
Epoch 13 Batch 9 | Loss: 0.554031
Epoch 13 Batch 10 | Loss: 0.589848
Epoch 13 Batch 11 | Loss: 0.545276
Epoch 13 Batch 12 | Loss: 0.505177
Epoch 13 Batch 13 | Loss: 0.610086
--- Epoch 13/30 | Loss: 0.5344 | Train Acc: 86.0% | Test Acc: 86.0% | CM: [TP:85, TN:63, FP:23, FN:1] | Progress: 43.3% | ETA: 10.7s ---
Epoch 14 Batch 1 | Loss: 0.521254 | Stats: min: -0.355, max: 0.262, mean: -0.138
Epoch 14 Batch 2 | Loss: 0.535394
Epoch 14 Batch 3 | Loss: 0.525254
Epoch 14 Batch 4 | Loss: 0.562932
Epoch 14 Batch 5 | Loss: 0.515909
Epoch 14 Batch 6 | Loss: 0.525914
Epoch 14 Batch 7 | Loss: 0.472366
Epoch 14 Batch 8 | Loss: 0.511654
Epoch 14 Batch 9 | Loss: 0.553691
Epoch 14 Batch 10 | Loss: 0.503538
Epoch 14 Batch 11 | Loss: 0.531415
Epoch 14 Batch 12 | Loss: 0.561442
Epoch 14 Batch 13 | Loss: 0.544280
--- Epoch 14/30 | Loss: 0.5281 | Train Acc: 86.5% | Test Acc: 86.0% | CM: [TP:85, TN:63, FP:23, FN:1] | Progress: 46.7% | ETA: 12.1s ---
Epoch 15 Batch 1 | Loss: 0.483586 | Stats: min: -0.555, max: 0.371, mean: -0.040
Epoch 15 Batch 2 | Loss: 0.591914
Epoch 15 Batch 3 | Loss: 0.539358
Epoch 15 Batch 4 | Loss: 0.525863
Epoch 15 Batch 5 | Loss: 0.508991
Epoch 15 Batch 6 | Loss: 0.532224
Epoch 15 Batch 7 | Loss: 0.519792
Epoch 15 Batch 8 | Loss: 0.539612
Epoch 15 Batch 9 | Loss: 0.490532
Epoch 15 Batch 10 | Loss: 0.540926
Epoch 15 Batch 11 | Loss: 0.560939
Epoch 15 Batch 12 | Loss: 0.495631
Epoch 15 Batch 13 | Loss: 0.508510
  [STABILITY] Plateau detected. Reducing Learning Rate to 0.005000
--- Epoch 15/30 | Loss: 0.5260 | Train Acc: 86.0% | Test Acc: 86.0% | CM: [TP:85, TN:63, FP:23, FN:1] | Progress: 50.0% | ETA: 9.6s ---
Epoch 16 Batch 1 | Loss: 0.518734 | Stats: min: -0.478, max: 0.197, mean: -0.152
Epoch 16 Batch 2 | Loss: 0.511769
Epoch 16 Batch 3 | Loss: 0.525103
Epoch 16 Batch 4 | Loss: 0.532945
Epoch 16 Batch 5 | Loss: 0.506097
Epoch 16 Batch 6 | Loss: 0.518773
Epoch 16 Batch 7 | Loss: 0.530092
Epoch 16 Batch 8 | Loss: 0.516191
Epoch 16 Batch 9 | Loss: 0.539518
Epoch 16 Batch 10 | Loss: 0.555713
Epoch 16 Batch 11 | Loss: 0.507494
Epoch 16 Batch 12 | Loss: 0.549222
Epoch 16 Batch 13 | Loss: 0.503977
--- Epoch 16/30 | Loss: 0.5243 | Train Acc: 87.0% | Test Acc: 85.5% | CM: [TP:84, TN:63, FP:23, FN:2] | Progress: 53.3% | ETA: 8.5s ---
Epoch 17 Batch 1 | Loss: 0.513578 | Stats: min: -0.436, max: 0.140, mean: -0.169
Epoch 17 Batch 2 | Loss: 0.530271
Epoch 17 Batch 3 | Loss: 0.510134
Epoch 17 Batch 4 | Loss: 0.532383
Epoch 17 Batch 5 | Loss: 0.577263
Epoch 17 Batch 6 | Loss: 0.518300
Epoch 17 Batch 7 | Loss: 0.510577
Epoch 17 Batch 8 | Loss: 0.483911
Epoch 17 Batch 9 | Loss: 0.539314
Epoch 17 Batch 10 | Loss: 0.531108
Epoch 17 Batch 11 | Loss: 0.514377
Epoch 17 Batch 12 | Loss: 0.553187
Epoch 17 Batch 13 | Loss: 0.487178
--- Epoch 17/30 | Loss: 0.5232 | Train Acc: 87.5% | Test Acc: 84.9% | CM: [TP:83, TN:63, FP:23, FN:3] | Progress: 56.7% | ETA: 7.8s ---
Epoch 18 Batch 1 | Loss: 0.496364 | Stats: min: -0.304, max: 0.295, mean: -0.057
Epoch 18 Batch 2 | Loss: 0.539423
Epoch 18 Batch 3 | Loss: 0.544865
Epoch 18 Batch 4 | Loss: 0.526740
Epoch 18 Batch 5 | Loss: 0.537916
Epoch 18 Batch 6 | Loss: 0.516378
Epoch 18 Batch 7 | Loss: 0.534859
Epoch 18 Batch 8 | Loss: 0.552873
Epoch 18 Batch 9 | Loss: 0.495080
Epoch 18 Batch 10 | Loss: 0.524478
Epoch 18 Batch 11 | Loss: 0.524256
Epoch 18 Batch 12 | Loss: 0.503579
Epoch 18 Batch 13 | Loss: 0.515148
  [STABILITY] Plateau detected. Reducing Learning Rate to 0.002500
--- Epoch 18/30 | Loss: 0.5240 | Train Acc: 88.5% | Test Acc: 85.5% | CM: [TP:82, TN:65, FP:21, FN:4] | Progress: 60.0% | ETA: 5.5s ---
Epoch 19 Batch 1 | Loss: 0.561878 | Stats: min: 0.004, max: 0.170, mean: 0.090
Epoch 19 Batch 2 | Loss: 0.505116
Epoch 19 Batch 3 | Loss: 0.516192
Epoch 19 Batch 4 | Loss: 0.519369
Epoch 19 Batch 5 | Loss: 0.523688
Epoch 19 Batch 6 | Loss: 0.495239
Epoch 19 Batch 7 | Loss: 0.549930
Epoch 19 Batch 8 | Loss: 0.553530
Epoch 19 Batch 9 | Loss: 0.527944
Epoch 19 Batch 10 | Loss: 0.486760
Epoch 19 Batch 11 | Loss: 0.515789
Epoch 19 Batch 12 | Loss: 0.527214
Epoch 19 Batch 13 | Loss: 0.538184
--- Epoch 19/30 | Loss: 0.5247 | Train Acc: 88.5% | Test Acc: 85.5% | CM: [TP:82, TN:65, FP:21, FN:4] | Progress: 63.3% | ETA: 4.8s ---
Epoch 20 Batch 1 | Loss: 0.523085 | Stats: min: -0.391, max: 0.256, mean: -0.116
Epoch 20 Batch 2 | Loss: 0.543485
Epoch 20 Batch 3 | Loss: 0.487223
Epoch 20 Batch 4 | Loss: 0.505252
Epoch 20 Batch 5 | Loss: 0.512378
Epoch 20 Batch 6 | Loss: 0.542428
Epoch 20 Batch 7 | Loss: 0.518241
Epoch 20 Batch 8 | Loss: 0.524007
Epoch 20 Batch 9 | Loss: 0.518750
Epoch 20 Batch 10 | Loss: 0.516976
Epoch 20 Batch 11 | Loss: 0.536484
Epoch 20 Batch 12 | Loss: 0.554674
Epoch 20 Batch 13 | Loss: 0.536984
--- Epoch 20/30 | Loss: 0.5246 | Train Acc: 89.0% | Test Acc: 85.5% | CM: [TP:82, TN:65, FP:21, FN:4] | Progress: 66.7% | ETA: 5.5s ---
Epoch 21 Batch 1 | Loss: 0.512652 | Stats: min: -0.454, max: 0.042, mean: -0.246
Epoch 21 Batch 2 | Loss: 0.480327
Epoch 21 Batch 3 | Loss: 0.511880
Epoch 21 Batch 4 | Loss: 0.545291
Epoch 21 Batch 5 | Loss: 0.512492
Epoch 21 Batch 6 | Loss: 0.547885
Epoch 21 Batch 7 | Loss: 0.540099
Epoch 21 Batch 8 | Loss: 0.524732
Epoch 21 Batch 9 | Loss: 0.513873
Epoch 21 Batch 10 | Loss: 0.556632
Epoch 21 Batch 11 | Loss: 0.505048
Epoch 21 Batch 12 | Loss: 0.533961
Epoch 21 Batch 13 | Loss: 0.544807
  [STABILITY] Plateau detected. Reducing Learning Rate to 0.001250
--- Epoch 21/30 | Loss: 0.5254 | Train Acc: 89.0% | Test Acc: 85.5% | CM: [TP:82, TN:65, FP:21, FN:4] | Progress: 70.0% | ETA: 5.8s ---
Epoch 22 Batch 1 | Loss: 0.523086 | Stats: min: -0.442, max: 0.196, mean: -0.004
Epoch 22 Batch 2 | Loss: 0.512959
Epoch 22 Batch 3 | Loss: 0.476888
Epoch 22 Batch 4 | Loss: 0.512629
Epoch 22 Batch 5 | Loss: 0.541753
Epoch 22 Batch 6 | Loss: 0.556584
Epoch 22 Batch 7 | Loss: 0.510626
Epoch 22 Batch 8 | Loss: 0.555054
Epoch 22 Batch 9 | Loss: 0.540566
Epoch 22 Batch 10 | Loss: 0.512412
Epoch 22 Batch 11 | Loss: 0.516468
Epoch 22 Batch 12 | Loss: 0.509679
Epoch 22 Batch 13 | Loss: 0.562847
--- Epoch 22/30 | Loss: 0.5255 | Train Acc: 89.0% | Test Acc: 85.5% | CM: [TP:82, TN:65, FP:21, FN:4] | Progress: 73.3% | ETA: 3.8s ---
Epoch 23 Batch 1 | Loss: 0.495427 | Stats: min: -0.268, max: 0.203, mean: 0.021
Epoch 23 Batch 2 | Loss: 0.545567
Epoch 23 Batch 3 | Loss: 0.496871
Epoch 23 Batch 4 | Loss: 0.506118
Epoch 23 Batch 5 | Loss: 0.562448
Epoch 23 Batch 6 | Loss: 0.478659
Epoch 23 Batch 7 | Loss: 0.533219
Epoch 23 Batch 8 | Loss: 0.526532
Epoch 23 Batch 9 | Loss: 0.550222
Epoch 23 Batch 10 | Loss: 0.530986
Epoch 23 Batch 11 | Loss: 0.517539
Epoch 23 Batch 12 | Loss: 0.538046
Epoch 23 Batch 13 | Loss: 0.533280
--- Epoch 23/30 | Loss: 0.5242 | Train Acc: 88.5% | Test Acc: 86.0% | CM: [TP:82, TN:66, FP:20, FN:4] | Progress: 76.7% | ETA: 3.3s ---
Epoch 24 Batch 1 | Loss: 0.544768 | Stats: min: -0.494, max: 0.152, mean: -0.164
Epoch 24 Batch 2 | Loss: 0.487481
Epoch 24 Batch 3 | Loss: 0.523232
Epoch 24 Batch 4 | Loss: 0.556681
Epoch 24 Batch 5 | Loss: 0.518639
Epoch 24 Batch 6 | Loss: 0.531040
Epoch 24 Batch 7 | Loss: 0.514220
Epoch 24 Batch 8 | Loss: 0.511251
Epoch 24 Batch 9 | Loss: 0.524925
Epoch 24 Batch 10 | Loss: 0.514017
Epoch 24 Batch 11 | Loss: 0.490394
Epoch 24 Batch 12 | Loss: 0.552970
Epoch 24 Batch 13 | Loss: 0.555104
  [STABILITY] Plateau detected. Reducing Learning Rate to 0.000625
--- Epoch 24/30 | Loss: 0.5250 | Train Acc: 88.5% | Test Acc: 86.0% | CM: [TP:81, TN:67, FP:19, FN:5] | Progress: 80.0% | ETA: 2.7s ---
Epoch 25 Batch 1 | Loss: 0.526376 | Stats: min: -0.434, max: 0.302, mean: -0.014
Epoch 25 Batch 2 | Loss: 0.505485
Epoch 25 Batch 3 | Loss: 0.512599
Epoch 25 Batch 4 | Loss: 0.512082
Epoch 25 Batch 5 | Loss: 0.515444
Epoch 25 Batch 6 | Loss: 0.565179
Epoch 25 Batch 7 | Loss: 0.506013
Epoch 25 Batch 8 | Loss: 0.507515
Epoch 25 Batch 9 | Loss: 0.542951
Epoch 25 Batch 10 | Loss: 0.534028
Epoch 25 Batch 11 | Loss: 0.535993
Epoch 25 Batch 12 | Loss: 0.519276
Epoch 25 Batch 13 | Loss: 0.521801
  [STABILITY] Test accuracy improved: 86.63% -> 87.21% (via EMA). Saving best params.
--- Epoch 25/30 | Loss: 0.5234 | Train Acc: 89.5% | Test Acc: 87.2% | CM: [TP:81, TN:69, FP:17, FN:5] | Progress: 83.3% | ETA: 1.9s ---
Epoch 26 Batch 1 | Loss: 0.537631 | Stats: min: -0.495, max: 0.414, mean: -0.125
Epoch 26 Batch 2 | Loss: 0.497891
Epoch 26 Batch 3 | Loss: 0.538372
Epoch 26 Batch 4 | Loss: 0.541572
Epoch 26 Batch 5 | Loss: 0.527747
Epoch 26 Batch 6 | Loss: 0.525814
Epoch 26 Batch 7 | Loss: 0.502216
Epoch 26 Batch 8 | Loss: 0.530746
Epoch 26 Batch 9 | Loss: 0.547406
Epoch 26 Batch 10 | Loss: 0.493133
Epoch 26 Batch 11 | Loss: 0.528421
Epoch 26 Batch 12 | Loss: 0.517701
Epoch 26 Batch 13 | Loss: 0.508393
--- Epoch 26/30 | Loss: 0.5228 | Train Acc: 89.5% | Test Acc: 87.2% | CM: [TP:80, TN:70, FP:16, FN:6] | Progress: 86.7% | ETA: 1.2s ---
Epoch 27 Batch 1 | Loss: 0.510949 | Stats: min: -0.377, max: 0.467, mean: -0.090
Epoch 27 Batch 2 | Loss: 0.514658
Epoch 27 Batch 3 | Loss: 0.477256
Epoch 27 Batch 4 | Loss: 0.528822
Epoch 27 Batch 5 | Loss: 0.512019
Epoch 27 Batch 6 | Loss: 0.550383
Epoch 27 Batch 7 | Loss: 0.518838
Epoch 27 Batch 8 | Loss: 0.508228
Epoch 27 Batch 9 | Loss: 0.532795
Epoch 27 Batch 10 | Loss: 0.549233
Epoch 27 Batch 11 | Loss: 0.560235
Epoch 27 Batch 12 | Loss: 0.515420
Epoch 27 Batch 13 | Loss: 0.528640
--- Epoch 27/30 | Loss: 0.5237 | Train Acc: 89.5% | Test Acc: 86.6% | CM: [TP:79, TN:70, FP:16, FN:7] | Progress: 90.0% | ETA: 1.1s ---
Epoch 28 Batch 1 | Loss: 0.512688 | Stats: min: -0.447, max: 0.222, mean: -0.084
Epoch 28 Batch 2 | Loss: 0.572843
Epoch 28 Batch 3 | Loss: 0.496349
Epoch 28 Batch 4 | Loss: 0.502251
Epoch 28 Batch 5 | Loss: 0.522478
Epoch 28 Batch 6 | Loss: 0.529869
Epoch 28 Batch 7 | Loss: 0.523015
Epoch 28 Batch 8 | Loss: 0.565516
Epoch 28 Batch 9 | Loss: 0.515743
Epoch 28 Batch 10 | Loss: 0.549465
Epoch 28 Batch 11 | Loss: 0.478442
Epoch 28 Batch 12 | Loss: 0.527305
Epoch 28 Batch 13 | Loss: 0.490505
  [STABILITY] Plateau detected. Reducing Learning Rate to 0.000313
--- Epoch 28/30 | Loss: 0.5220 | Train Acc: 89.5% | Test Acc: 86.6% | CM: [TP:79, TN:70, FP:16, FN:7] | Progress: 93.3% | ETA: 0.9s ---
Epoch 29 Batch 1 | Loss: 0.555336 | Stats: min: -0.198, max: 0.179, mean: 0.001
Epoch 29 Batch 2 | Loss: 0.503217
Epoch 29 Batch 3 | Loss: 0.524169
Epoch 29 Batch 4 | Loss: 0.535610
Epoch 29 Batch 5 | Loss: 0.562887
Epoch 29 Batch 6 | Loss: 0.515553
Epoch 29 Batch 7 | Loss: 0.510745
Epoch 29 Batch 8 | Loss: 0.540032
Epoch 29 Batch 9 | Loss: 0.507410
Epoch 29 Batch 10 | Loss: 0.480748
Epoch 29 Batch 11 | Loss: 0.520774
Epoch 29 Batch 12 | Loss: 0.523200
Epoch 29 Batch 13 | Loss: 0.524641
--- Epoch 29/30 | Loss: 0.5234 | Train Acc: 89.5% | Test Acc: 86.6% | CM: [TP:79, TN:70, FP:16, FN:7] | Progress: 96.7% | ETA: 0.4s ---
Epoch 30 Batch 1 | Loss: 0.482349 | Stats: min: -0.192, max: 0.306, mean: 0.174
Epoch 30 Batch 2 | Loss: 0.539026
Epoch 30 Batch 3 | Loss: 0.520929
Epoch 30 Batch 4 | Loss: 0.514296
Epoch 30 Batch 5 | Loss: 0.541439
Epoch 30 Batch 6 | Loss: 0.524408
Epoch 30 Batch 7 | Loss: 0.532565
Epoch 30 Batch 8 | Loss: 0.536275
Epoch 30 Batch 9 | Loss: 0.548875
Epoch 30 Batch 10 | Loss: 0.509745
Epoch 30 Batch 11 | Loss: 0.529543
Epoch 30 Batch 12 | Loss: 0.483651
Epoch 30 Batch 13 | Loss: 0.559758
--- Epoch 30/30 | Loss: 0.5248 | Train Acc: 89.5% | Test Acc: 86.0% | CM: [TP:78, TN:70, FP:16, FN:8] | Progress: 100.0% | ETA: 0.0s ---

Final Best Test Accuracy: 87.21%


Best Quantum Test Accuracy: 0.872
