DEBUG: Qtrainer enters train_pure_quantum_cnn. Encoding: amplitude
  Class Weights: +1 (Target): 1.00 | -1 (Rest): 1.00
Starting Training
==================================================
Epoch 1 Batch 1 | Loss: 0.676272 | Stats: min: -0.014, max: 0.120, mean: 0.064
Epoch 1 Batch 2 | Loss: 0.649798
Epoch 1 Batch 3 | Loss: 0.641900
Epoch 1 Batch 4 | Loss: 0.630349
Epoch 1 Batch 5 | Loss: 0.650151
Epoch 1 Batch 6 | Loss: 0.631197
Epoch 1 Batch 7 | Loss: 0.621558
Epoch 1 Batch 8 | Loss: 0.596894
Epoch 1 Batch 9 | Loss: 0.606905
Epoch 1 Batch 10 | Loss: 0.653154
Epoch 1 Batch 11 | Loss: 0.634247
Epoch 1 Batch 12 | Loss: 0.625642
Epoch 1 Batch 13 | Loss: 0.663217
  [STABILITY] Test accuracy improved: 0.00% -> 59.88% (via EMA). Saving best params.
--- Epoch 1/30 | Loss: 0.6370 | Train Acc: 64.5% | Test Acc: 59.9% | CM: [TP:82, TN:21, FP:65, FN:4] | Progress: 3.3% | ETA: 366.4s ---
Epoch 2 Batch 1 | Loss: 0.584452 | Stats: min: -0.082, max: 0.211, mean: 0.099
Epoch 2 Batch 2 | Loss: 0.589636
Epoch 2 Batch 3 | Loss: 0.602113
Epoch 2 Batch 4 | Loss: 0.607230
Epoch 2 Batch 5 | Loss: 0.599871
Epoch 2 Batch 6 | Loss: 0.575637
Epoch 2 Batch 7 | Loss: 0.611248
Epoch 2 Batch 8 | Loss: 0.591316
Epoch 2 Batch 9 | Loss: 0.584132
Epoch 2 Batch 10 | Loss: 0.616132
Epoch 2 Batch 11 | Loss: 0.563952
Epoch 2 Batch 12 | Loss: 0.585688
Epoch 2 Batch 13 | Loss: 0.583502
  [STABILITY] Test accuracy improved: 59.88% -> 67.44% (via EMA). Saving best params.
--- Epoch 2/30 | Loss: 0.5919 | Train Acc: 70.0% | Test Acc: 67.4% | CM: [TP:81, TN:35, FP:51, FN:5] | Progress: 6.7% | ETA: 180.9s ---
Epoch 3 Batch 1 | Loss: 0.571619 | Stats: min: -0.059, max: 0.224, mean: 0.110
Epoch 3 Batch 2 | Loss: 0.568726
Epoch 3 Batch 3 | Loss: 0.583513
Epoch 3 Batch 4 | Loss: 0.600282
Epoch 3 Batch 5 | Loss: 0.581577
Epoch 3 Batch 6 | Loss: 0.577303
Epoch 3 Batch 7 | Loss: 0.558821
Epoch 3 Batch 8 | Loss: 0.590202
Epoch 3 Batch 9 | Loss: 0.563659
Epoch 3 Batch 10 | Loss: 0.580227
Epoch 3 Batch 11 | Loss: 0.589087
Epoch 3 Batch 12 | Loss: 0.570606
Epoch 3 Batch 13 | Loss: 0.576137
  [STABILITY] Test accuracy improved: 67.44% -> 72.09% (via EMA). Saving best params.
--- Epoch 3/30 | Loss: 0.5778 | Train Acc: 76.0% | Test Acc: 72.1% | CM: [TP:81, TN:43, FP:43, FN:5] | Progress: 10.0% | ETA: 69.9s ---
Epoch 4 Batch 1 | Loss: 0.546385 | Stats: min: -0.213, max: 0.335, mean: 0.090
Epoch 4 Batch 2 | Loss: 0.571767
Epoch 4 Batch 3 | Loss: 0.582318
Epoch 4 Batch 4 | Loss: 0.573900
Epoch 4 Batch 5 | Loss: 0.543206
Epoch 4 Batch 6 | Loss: 0.582652
Epoch 4 Batch 7 | Loss: 0.550926
Epoch 4 Batch 8 | Loss: 0.585839
Epoch 4 Batch 9 | Loss: 0.597173
Epoch 4 Batch 10 | Loss: 0.561224
Epoch 4 Batch 11 | Loss: 0.563763
Epoch 4 Batch 12 | Loss: 0.565972
Epoch 4 Batch 13 | Loss: 0.563410
  [STABILITY] Test accuracy improved: 72.09% -> 76.74% (via EMA). Saving best params.
--- Epoch 4/30 | Loss: 0.5683 | Train Acc: 80.5% | Test Acc: 76.7% | CM: [TP:80, TN:52, FP:34, FN:6] | Progress: 13.3% | ETA: 50.3s ---
Epoch 5 Batch 1 | Loss: 0.551082 | Stats: min: -0.363, max: 0.336, mean: 0.105
Epoch 5 Batch 2 | Loss: 0.569031
Epoch 5 Batch 3 | Loss: 0.560471
Epoch 5 Batch 4 | Loss: 0.544017
Epoch 5 Batch 5 | Loss: 0.555629
Epoch 5 Batch 6 | Loss: 0.537880
Epoch 5 Batch 7 | Loss: 0.571861
Epoch 5 Batch 8 | Loss: 0.557926
Epoch 5 Batch 9 | Loss: 0.544239
Epoch 5 Batch 10 | Loss: 0.562577
Epoch 5 Batch 11 | Loss: 0.590958
Epoch 5 Batch 12 | Loss: 0.607835
Epoch 5 Batch 13 | Loss: 0.579247
  [STABILITY] Test accuracy improved: 76.74% -> 81.40% (via EMA). Saving best params.
--- Epoch 5/30 | Loss: 0.5641 | Train Acc: 81.0% | Test Acc: 81.4% | CM: [TP:82, TN:58, FP:28, FN:4] | Progress: 16.7% | ETA: 36.8s ---
Epoch 6 Batch 1 | Loss: 0.559500 | Stats: min: -0.329, max: 0.134, mean: -0.059
Epoch 6 Batch 2 | Loss: 0.548887
Epoch 6 Batch 3 | Loss: 0.569385
Epoch 6 Batch 4 | Loss: 0.542964
Epoch 6 Batch 5 | Loss: 0.554334
Epoch 6 Batch 6 | Loss: 0.558003
Epoch 6 Batch 7 | Loss: 0.553404
Epoch 6 Batch 8 | Loss: 0.585309
Epoch 6 Batch 9 | Loss: 0.579152
Epoch 6 Batch 10 | Loss: 0.545004
Epoch 6 Batch 11 | Loss: 0.530811
Epoch 6 Batch 12 | Loss: 0.584249
Epoch 6 Batch 13 | Loss: 0.559282
  [STABILITY] Test accuracy improved: 81.40% -> 84.30% (via EMA). Saving best params.
--- Epoch 6/30 | Loss: 0.5593 | Train Acc: 85.5% | Test Acc: 84.3% | CM: [TP:81, TN:64, FP:22, FN:5] | Progress: 20.0% | ETA: 34.7s ---
Epoch 7 Batch 1 | Loss: 0.566280 | Stats: min: -0.292, max: 0.099, mean: -0.115
Epoch 7 Batch 2 | Loss: 0.572333
Epoch 7 Batch 3 | Loss: 0.545906
Epoch 7 Batch 4 | Loss: 0.556541
Epoch 7 Batch 5 | Loss: 0.563787
Epoch 7 Batch 6 | Loss: 0.551507
Epoch 7 Batch 7 | Loss: 0.556099
Epoch 7 Batch 8 | Loss: 0.538937
Epoch 7 Batch 9 | Loss: 0.573528
Epoch 7 Batch 10 | Loss: 0.572922
Epoch 7 Batch 11 | Loss: 0.558071
Epoch 7 Batch 12 | Loss: 0.575364
Epoch 7 Batch 13 | Loss: 0.492323
  [STABILITY] Test accuracy improved: 84.30% -> 86.05% (via EMA). Saving best params.
--- Epoch 7/30 | Loss: 0.5557 | Train Acc: 87.5% | Test Acc: 86.0% | CM: [TP:81, TN:67, FP:19, FN:5] | Progress: 23.3% | ETA: 34.7s ---
Epoch 8 Batch 1 | Loss: 0.581439 | Stats: min: -0.350, max: 0.157, mean: -0.159
Epoch 8 Batch 2 | Loss: 0.542868
Epoch 8 Batch 3 | Loss: 0.568538
Epoch 8 Batch 4 | Loss: 0.543784
Epoch 8 Batch 5 | Loss: 0.529855
Epoch 8 Batch 6 | Loss: 0.546902
Epoch 8 Batch 7 | Loss: 0.527107
Epoch 8 Batch 8 | Loss: 0.555949
Epoch 8 Batch 9 | Loss: 0.512248
Epoch 8 Batch 10 | Loss: 0.579022
Epoch 8 Batch 11 | Loss: 0.597297
Epoch 8 Batch 12 | Loss: 0.565638
Epoch 8 Batch 13 | Loss: 0.606122
  [STABILITY] Test accuracy improved: 86.05% -> 88.95% (via EMA). Saving best params.
--- Epoch 8/30 | Loss: 0.5582 | Train Acc: 88.0% | Test Acc: 89.0% | CM: [TP:81, TN:72, FP:14, FN:5] | Progress: 26.7% | ETA: 23.2s ---
Epoch 9 Batch 1 | Loss: 0.562109 | Stats: min: -0.128, max: 0.207, mean: 0.056
Epoch 9 Batch 2 | Loss: 0.569066
Epoch 9 Batch 3 | Loss: 0.504906
Epoch 9 Batch 4 | Loss: 0.545287
Epoch 9 Batch 5 | Loss: 0.584012
Epoch 9 Batch 6 | Loss: 0.547653
Epoch 9 Batch 7 | Loss: 0.582506
Epoch 9 Batch 8 | Loss: 0.550711
Epoch 9 Batch 9 | Loss: 0.565864
Epoch 9 Batch 10 | Loss: 0.565848
Epoch 9 Batch 11 | Loss: 0.574470
Epoch 9 Batch 12 | Loss: 0.529021
Epoch 9 Batch 13 | Loss: 0.559530
  [STABILITY] Test accuracy improved: 88.95% -> 90.12% (via EMA). Saving best params.
--- Epoch 9/30 | Loss: 0.5570 | Train Acc: 90.0% | Test Acc: 90.1% | CM: [TP:81, TN:74, FP:12, FN:5] | Progress: 30.0% | ETA: 17.9s ---
Epoch 10 Batch 1 | Loss: 0.577996 | Stats: min: -0.149, max: 0.124, mean: -0.032
Epoch 10 Batch 2 | Loss: 0.551377
Epoch 10 Batch 3 | Loss: 0.578142
Epoch 10 Batch 4 | Loss: 0.569792
Epoch 10 Batch 5 | Loss: 0.544007
Epoch 10 Batch 6 | Loss: 0.554533
Epoch 10 Batch 7 | Loss: 0.538784
Epoch 10 Batch 8 | Loss: 0.566750
Epoch 10 Batch 9 | Loss: 0.502659
Epoch 10 Batch 10 | Loss: 0.555936
Epoch 10 Batch 11 | Loss: 0.557124
Epoch 10 Batch 12 | Loss: 0.532855
Epoch 10 Batch 13 | Loss: 0.562557
  [STABILITY] Test accuracy improved: 90.12% -> 90.70% (via EMA). Saving best params.
--- Epoch 10/30 | Loss: 0.5533 | Train Acc: 91.0% | Test Acc: 90.7% | CM: [TP:81, TN:75, FP:11, FN:5] | Progress: 33.3% | ETA: 15.3s ---
Epoch 11 Batch 1 | Loss: 0.549689 | Stats: min: -0.206, max: 0.246, mean: 0.034
Epoch 11 Batch 2 | Loss: 0.561087
Epoch 11 Batch 3 | Loss: 0.512395
Epoch 11 Batch 4 | Loss: 0.562498
Epoch 11 Batch 5 | Loss: 0.528714
Epoch 11 Batch 6 | Loss: 0.543935
Epoch 11 Batch 7 | Loss: 0.555839
Epoch 11 Batch 8 | Loss: 0.551203
Epoch 11 Batch 9 | Loss: 0.549103
Epoch 11 Batch 10 | Loss: 0.562423
Epoch 11 Batch 11 | Loss: 0.560553
Epoch 11 Batch 12 | Loss: 0.563352
Epoch 11 Batch 13 | Loss: 0.533178
--- Epoch 11/30 | Loss: 0.5488 | Train Acc: 91.5% | Test Acc: 90.7% | CM: [TP:81, TN:75, FP:11, FN:5] | Progress: 36.7% | ETA: 13.7s ---
Epoch 12 Batch 1 | Loss: 0.541118 | Stats: min: -0.269, max: 0.248, mean: -0.014
Epoch 12 Batch 2 | Loss: 0.562197
Epoch 12 Batch 3 | Loss: 0.565989
Epoch 12 Batch 4 | Loss: 0.545035
Epoch 12 Batch 5 | Loss: 0.532599
Epoch 12 Batch 6 | Loss: 0.535135
Epoch 12 Batch 7 | Loss: 0.544743
Epoch 12 Batch 8 | Loss: 0.551348
Epoch 12 Batch 9 | Loss: 0.530035
Epoch 12 Batch 10 | Loss: 0.533646
Epoch 12 Batch 11 | Loss: 0.592961
Epoch 12 Batch 12 | Loss: 0.534380
Epoch 12 Batch 13 | Loss: 0.522098
  [STABILITY] Test accuracy improved: 90.70% -> 91.28% (via EMA). Saving best params.
--- Epoch 12/30 | Loss: 0.5455 | Train Acc: 91.5% | Test Acc: 91.3% | CM: [TP:81, TN:76, FP:10, FN:5] | Progress: 40.0% | ETA: 12.5s ---
Epoch 13 Batch 1 | Loss: 0.558055 | Stats: min: -0.204, max: 0.324, mean: -0.004
Epoch 13 Batch 2 | Loss: 0.532995
Epoch 13 Batch 3 | Loss: 0.537339
Epoch 13 Batch 4 | Loss: 0.528483
Epoch 13 Batch 5 | Loss: 0.513838
Epoch 13 Batch 6 | Loss: 0.558231
Epoch 13 Batch 7 | Loss: 0.496287
Epoch 13 Batch 8 | Loss: 0.560603
Epoch 13 Batch 9 | Loss: 0.548409
Epoch 13 Batch 10 | Loss: 0.568757
Epoch 13 Batch 11 | Loss: 0.540446
Epoch 13 Batch 12 | Loss: 0.592302
Epoch 13 Batch 13 | Loss: 0.539534
  [STABILITY] Test accuracy improved: 91.28% -> 91.86% (via EMA). Saving best params.
--- Epoch 13/30 | Loss: 0.5443 | Train Acc: 92.5% | Test Acc: 91.9% | CM: [TP:81, TN:77, FP:9, FN:5] | Progress: 43.3% | ETA: 9.6s ---
Epoch 14 Batch 1 | Loss: 0.532676 | Stats: min: -0.242, max: 0.363, mean: 0.104
Epoch 14 Batch 2 | Loss: 0.526674
Epoch 14 Batch 3 | Loss: 0.544808
Epoch 14 Batch 4 | Loss: 0.546624
Epoch 14 Batch 5 | Loss: 0.559090
Epoch 14 Batch 6 | Loss: 0.510802
Epoch 14 Batch 7 | Loss: 0.559596
Epoch 14 Batch 8 | Loss: 0.555530
Epoch 14 Batch 9 | Loss: 0.531770
Epoch 14 Batch 10 | Loss: 0.555341
Epoch 14 Batch 11 | Loss: 0.542965
Epoch 14 Batch 12 | Loss: 0.542946
Epoch 14 Batch 13 | Loss: 0.551326
--- Epoch 14/30 | Loss: 0.5431 | Train Acc: 92.0% | Test Acc: 91.9% | CM: [TP:81, TN:77, FP:9, FN:5] | Progress: 46.7% | ETA: 10.4s ---
Epoch 15 Batch 1 | Loss: 0.502445 | Stats: min: 0.200, max: 0.296, mean: 0.257
Epoch 15 Batch 2 | Loss: 0.529231
Epoch 15 Batch 3 | Loss: 0.534068
Epoch 15 Batch 4 | Loss: 0.529749
Epoch 15 Batch 5 | Loss: 0.536411
Epoch 15 Batch 6 | Loss: 0.532367
Epoch 15 Batch 7 | Loss: 0.535123
Epoch 15 Batch 8 | Loss: 0.555200
Epoch 15 Batch 9 | Loss: 0.558751
Epoch 15 Batch 10 | Loss: 0.577443
Epoch 15 Batch 11 | Loss: 0.533182
Epoch 15 Batch 12 | Loss: 0.590279
Epoch 15 Batch 13 | Loss: 0.515432
--- Epoch 15/30 | Loss: 0.5407 | Train Acc: 91.5% | Test Acc: 91.9% | CM: [TP:81, TN:77, FP:9, FN:5] | Progress: 50.0% | ETA: 9.5s ---
Epoch 16 Batch 1 | Loss: 0.526962 | Stats: min: -0.274, max: 0.262, mean: -0.070
Epoch 16 Batch 2 | Loss: 0.537228
Epoch 16 Batch 3 | Loss: 0.550536
Epoch 16 Batch 4 | Loss: 0.592314
Epoch 16 Batch 5 | Loss: 0.571553
Epoch 16 Batch 6 | Loss: 0.501867
Epoch 16 Batch 7 | Loss: 0.504384
Epoch 16 Batch 8 | Loss: 0.560606
Epoch 16 Batch 9 | Loss: 0.502036
Epoch 16 Batch 10 | Loss: 0.553340
Epoch 16 Batch 11 | Loss: 0.534856
Epoch 16 Batch 12 | Loss: 0.561875
Epoch 16 Batch 13 | Loss: 0.521825
  [STABILITY] Plateau detected. Reducing Learning Rate to 0.010000
--- Epoch 16/30 | Loss: 0.5400 | Train Acc: 91.0% | Test Acc: 91.3% | CM: [TP:81, TN:76, FP:10, FN:5] | Progress: 53.3% | ETA: 6.6s ---
Epoch 17 Batch 1 | Loss: 0.563038 | Stats: min: -0.362, max: 0.291, mean: -0.038
Epoch 17 Batch 2 | Loss: 0.552793
Epoch 17 Batch 3 | Loss: 0.540628
Epoch 17 Batch 4 | Loss: 0.532708
Epoch 17 Batch 5 | Loss: 0.505484
Epoch 17 Batch 6 | Loss: 0.544271
Epoch 17 Batch 7 | Loss: 0.584657
Epoch 17 Batch 8 | Loss: 0.517828
Epoch 17 Batch 9 | Loss: 0.520248
Epoch 17 Batch 10 | Loss: 0.568977
Epoch 17 Batch 11 | Loss: 0.542217
Epoch 17 Batch 12 | Loss: 0.529004
Epoch 17 Batch 13 | Loss: 0.517985
--- Epoch 17/30 | Loss: 0.5400 | Train Acc: 91.5% | Test Acc: 91.9% | CM: [TP:81, TN:77, FP:9, FN:5] | Progress: 56.7% | ETA: 5.5s ---
Epoch 18 Batch 1 | Loss: 0.510163 | Stats: min: -0.242, max: 0.093, mean: -0.092
Epoch 18 Batch 2 | Loss: 0.562051
Epoch 18 Batch 3 | Loss: 0.555051
Epoch 18 Batch 4 | Loss: 0.568695
Epoch 18 Batch 5 | Loss: 0.562180
Epoch 18 Batch 6 | Loss: 0.518826
Epoch 18 Batch 7 | Loss: 0.521915
Epoch 18 Batch 8 | Loss: 0.524808
Epoch 18 Batch 9 | Loss: 0.550017
Epoch 18 Batch 10 | Loss: 0.511769
Epoch 18 Batch 11 | Loss: 0.543925
Epoch 18 Batch 12 | Loss: 0.538001
Epoch 18 Batch 13 | Loss: 0.549802
--- Epoch 18/30 | Loss: 0.5398 | Train Acc: 91.5% | Test Acc: 91.9% | CM: [TP:81, TN:77, FP:9, FN:5] | Progress: 60.0% | ETA: 5.4s ---
Epoch 19 Batch 1 | Loss: 0.498706 | Stats: min: -0.251, max: 0.238, mean: 0.028
Epoch 19 Batch 2 | Loss: 0.549261
Epoch 19 Batch 3 | Loss: 0.527983
Epoch 19 Batch 4 | Loss: 0.528093
Epoch 19 Batch 5 | Loss: 0.554768
Epoch 19 Batch 6 | Loss: 0.509703
Epoch 19 Batch 7 | Loss: 0.560825
Epoch 19 Batch 8 | Loss: 0.543576
Epoch 19 Batch 9 | Loss: 0.519589
Epoch 19 Batch 10 | Loss: 0.579461
Epoch 19 Batch 11 | Loss: 0.557162
Epoch 19 Batch 12 | Loss: 0.517453
Epoch 19 Batch 13 | Loss: 0.540460
  [STABILITY] Plateau detected. Reducing Learning Rate to 0.005000
--- Epoch 19/30 | Loss: 0.5375 | Train Acc: 91.5% | Test Acc: 91.9% | CM: [TP:81, TN:77, FP:9, FN:5] | Progress: 63.3% | ETA: 5.5s ---
Epoch 20 Batch 1 | Loss: 0.537058 | Stats: min: -0.324, max: 0.366, mean: -0.022
Epoch 20 Batch 2 | Loss: 0.526677
Epoch 20 Batch 3 | Loss: 0.557418
Epoch 20 Batch 4 | Loss: 0.532986
Epoch 20 Batch 5 | Loss: 0.556798
Epoch 20 Batch 6 | Loss: 0.530154
Epoch 20 Batch 7 | Loss: 0.514406
Epoch 20 Batch 8 | Loss: 0.573850
Epoch 20 Batch 9 | Loss: 0.514970
Epoch 20 Batch 10 | Loss: 0.529943
Epoch 20 Batch 11 | Loss: 0.538878
Epoch 20 Batch 12 | Loss: 0.522271
Epoch 20 Batch 13 | Loss: 0.520544
--- Epoch 20/30 | Loss: 0.5351 | Train Acc: 92.0% | Test Acc: 91.9% | CM: [TP:81, TN:77, FP:9, FN:5] | Progress: 66.7% | ETA: 5.7s ---
Epoch 21 Batch 1 | Loss: 0.531586 | Stats: min: -0.384, max: 0.209, mean: -0.118
Epoch 21 Batch 2 | Loss: 0.565147
Epoch 21 Batch 3 | Loss: 0.539472
Epoch 21 Batch 4 | Loss: 0.561569
Epoch 21 Batch 5 | Loss: 0.493277
Epoch 21 Batch 6 | Loss: 0.562950
Epoch 21 Batch 7 | Loss: 0.545530
Epoch 21 Batch 8 | Loss: 0.525674
Epoch 21 Batch 9 | Loss: 0.541519
Epoch 21 Batch 10 | Loss: 0.524540
Epoch 21 Batch 11 | Loss: 0.495736
Epoch 21 Batch 12 | Loss: 0.548656
Epoch 21 Batch 13 | Loss: 0.502339
--- Epoch 21/30 | Loss: 0.5337 | Train Acc: 92.5% | Test Acc: 91.9% | CM: [TP:81, TN:77, FP:9, FN:5] | Progress: 70.0% | ETA: 4.4s ---
Epoch 22 Batch 1 | Loss: 0.540144 | Stats: min: -0.236, max: 0.231, mean: -0.098
Epoch 22 Batch 2 | Loss: 0.525438
Epoch 22 Batch 3 | Loss: 0.546330
Epoch 22 Batch 4 | Loss: 0.560542
Epoch 22 Batch 5 | Loss: 0.529732
Epoch 22 Batch 6 | Loss: 0.538693
Epoch 22 Batch 7 | Loss: 0.553444
Epoch 22 Batch 8 | Loss: 0.539174
Epoch 22 Batch 9 | Loss: 0.510098
Epoch 22 Batch 10 | Loss: 0.520551
Epoch 22 Batch 11 | Loss: 0.486099
Epoch 22 Batch 12 | Loss: 0.563143
Epoch 22 Batch 13 | Loss: 0.550123
  [STABILITY] Plateau detected. Reducing Learning Rate to 0.002500
--- Epoch 22/30 | Loss: 0.5357 | Train Acc: 92.0% | Test Acc: 90.7% | CM: [TP:81, TN:75, FP:11, FN:5] | Progress: 73.3% | ETA: 3.5s ---
Epoch 23 Batch 1 | Loss: 0.523945 | Stats: min: -0.237, max: 0.256, mean: 0.091
Epoch 23 Batch 2 | Loss: 0.497049
Epoch 23 Batch 3 | Loss: 0.516910
Epoch 23 Batch 4 | Loss: 0.480505
Epoch 23 Batch 5 | Loss: 0.568194
Epoch 23 Batch 6 | Loss: 0.560863
Epoch 23 Batch 7 | Loss: 0.552781
Epoch 23 Batch 8 | Loss: 0.568244
Epoch 23 Batch 9 | Loss: 0.530352
Epoch 23 Batch 10 | Loss: 0.561084
Epoch 23 Batch 11 | Loss: 0.506588
Epoch 23 Batch 12 | Loss: 0.527462
Epoch 23 Batch 13 | Loss: 0.571713
--- Epoch 23/30 | Loss: 0.5358 | Train Acc: 92.0% | Test Acc: 90.7% | CM: [TP:81, TN:75, FP:11, FN:5] | Progress: 76.7% | ETA: 3.0s ---
Epoch 24 Batch 1 | Loss: 0.561172 | Stats: min: -0.255, max: 0.353, mean: 0.021
Epoch 24 Batch 2 | Loss: 0.512841
Epoch 24 Batch 3 | Loss: 0.533415
Epoch 24 Batch 4 | Loss: 0.511571
Epoch 24 Batch 5 | Loss: 0.543909
Epoch 24 Batch 6 | Loss: 0.517780
Epoch 24 Batch 7 | Loss: 0.507445
Epoch 24 Batch 8 | Loss: 0.537699
Epoch 24 Batch 9 | Loss: 0.554584
Epoch 24 Batch 10 | Loss: 0.548927
Epoch 24 Batch 11 | Loss: 0.531148
Epoch 24 Batch 12 | Loss: 0.543851
Epoch 24 Batch 13 | Loss: 0.547710
--- Epoch 24/30 | Loss: 0.5348 | Train Acc: 92.5% | Test Acc: 90.7% | CM: [TP:81, TN:75, FP:11, FN:5] | Progress: 80.0% | ETA: 2.7s ---
Epoch 25 Batch 1 | Loss: 0.568072 | Stats: min: -0.271, max: 0.122, mean: -0.105
Epoch 25 Batch 2 | Loss: 0.543306
Epoch 25 Batch 3 | Loss: 0.548698
Epoch 25 Batch 4 | Loss: 0.547136
Epoch 25 Batch 5 | Loss: 0.496213
Epoch 25 Batch 6 | Loss: 0.558922
Epoch 25 Batch 7 | Loss: 0.546195
Epoch 25 Batch 8 | Loss: 0.515222
Epoch 25 Batch 9 | Loss: 0.498208
Epoch 25 Batch 10 | Loss: 0.543344
Epoch 25 Batch 11 | Loss: 0.529047
Epoch 25 Batch 12 | Loss: 0.510500
Epoch 25 Batch 13 | Loss: 0.544348
  [STABILITY] Plateau detected. Reducing Learning Rate to 0.001250
--- Epoch 25/30 | Loss: 0.5346 | Train Acc: 93.0% | Test Acc: 90.7% | CM: [TP:81, TN:75, FP:11, FN:5] | Progress: 83.3% | ETA: 2.0s ---
Epoch 26 Batch 1 | Loss: 0.549353 | Stats: min: -0.217, max: 0.217, mean: -0.012
Epoch 26 Batch 2 | Loss: 0.513741
Epoch 26 Batch 3 | Loss: 0.498160
Epoch 26 Batch 4 | Loss: 0.529022
Epoch 26 Batch 5 | Loss: 0.525984
Epoch 26 Batch 6 | Loss: 0.586076
Epoch 26 Batch 7 | Loss: 0.537538
Epoch 26 Batch 8 | Loss: 0.517536
Epoch 26 Batch 9 | Loss: 0.542915
Epoch 26 Batch 10 | Loss: 0.503285
Epoch 26 Batch 11 | Loss: 0.557352
Epoch 26 Batch 12 | Loss: 0.526950
Epoch 26 Batch 13 | Loss: 0.572987
--- Epoch 26/30 | Loss: 0.5355 | Train Acc: 93.5% | Test Acc: 90.7% | CM: [TP:81, TN:75, FP:11, FN:5] | Progress: 86.7% | ETA: 1.3s ---
Epoch 27 Batch 1 | Loss: 0.554569 | Stats: min: -0.141, max: 0.419, mean: 0.117
Epoch 27 Batch 2 | Loss: 0.545332
Epoch 27 Batch 3 | Loss: 0.551333
Epoch 27 Batch 4 | Loss: 0.519504
Epoch 27 Batch 5 | Loss: 0.531680
Epoch 27 Batch 6 | Loss: 0.553749
Epoch 27 Batch 7 | Loss: 0.559361
Epoch 27 Batch 8 | Loss: 0.511924
Epoch 27 Batch 9 | Loss: 0.522595
Epoch 27 Batch 10 | Loss: 0.521078
Epoch 27 Batch 11 | Loss: 0.500350
Epoch 27 Batch 12 | Loss: 0.538371
Epoch 27 Batch 13 | Loss: 0.524856
--- Epoch 27/30 | Loss: 0.5334 | Train Acc: 93.5% | Test Acc: 90.7% | CM: [TP:81, TN:75, FP:11, FN:5] | Progress: 90.0% | ETA: 1.3s ---
Epoch 28 Batch 1 | Loss: 0.507748 | Stats: min: -0.308, max: -0.214, mean: -0.253
Epoch 28 Batch 2 | Loss: 0.555238
Epoch 28 Batch 3 | Loss: 0.523808
Epoch 28 Batch 4 | Loss: 0.530614
Epoch 28 Batch 5 | Loss: 0.573275
Epoch 28 Batch 6 | Loss: 0.515601
Epoch 28 Batch 7 | Loss: 0.559621
Epoch 28 Batch 8 | Loss: 0.535197
Epoch 28 Batch 9 | Loss: 0.505306
Epoch 28 Batch 10 | Loss: 0.505806
Epoch 28 Batch 11 | Loss: 0.555238
Epoch 28 Batch 12 | Loss: 0.533221
Epoch 28 Batch 13 | Loss: 0.537032
  [STABILITY] Plateau detected. Reducing Learning Rate to 0.000625
--- Epoch 28/30 | Loss: 0.5337 | Train Acc: 93.5% | Test Acc: 90.7% | CM: [TP:81, TN:75, FP:11, FN:5] | Progress: 93.3% | ETA: 0.8s ---
Epoch 29 Batch 1 | Loss: 0.544390 | Stats: min: -0.317, max: 0.388, mean: -0.065
Epoch 29 Batch 2 | Loss: 0.546424
Epoch 29 Batch 3 | Loss: 0.541340
Epoch 29 Batch 4 | Loss: 0.537286
Epoch 29 Batch 5 | Loss: 0.531529
Epoch 29 Batch 6 | Loss: 0.500940
Epoch 29 Batch 7 | Loss: 0.530905
Epoch 29 Batch 8 | Loss: 0.517637
Epoch 29 Batch 9 | Loss: 0.517803
Epoch 29 Batch 10 | Loss: 0.510375
Epoch 29 Batch 11 | Loss: 0.532892
Epoch 29 Batch 12 | Loss: 0.561490
Epoch 29 Batch 13 | Loss: 0.593718
--- Epoch 29/30 | Loss: 0.5359 | Train Acc: 93.5% | Test Acc: 90.7% | CM: [TP:81, TN:75, FP:11, FN:5] | Progress: 96.7% | ETA: 0.4s ---
Epoch 30 Batch 1 | Loss: 0.557476 | Stats: min: -0.281, max: 0.141, mean: -0.029
Epoch 30 Batch 2 | Loss: 0.499468
Epoch 30 Batch 3 | Loss: 0.524628
Epoch 30 Batch 4 | Loss: 0.509915
Epoch 30 Batch 5 | Loss: 0.551620
Epoch 30 Batch 6 | Loss: 0.539807
Epoch 30 Batch 7 | Loss: 0.561797
Epoch 30 Batch 8 | Loss: 0.515991
Epoch 30 Batch 9 | Loss: 0.511356
Epoch 30 Batch 10 | Loss: 0.539617
Epoch 30 Batch 11 | Loss: 0.517746
Epoch 30 Batch 12 | Loss: 0.556470
Epoch 30 Batch 13 | Loss: 0.567078
--- Epoch 30/30 | Loss: 0.5348 | Train Acc: 93.5% | Test Acc: 90.7% | CM: [TP:81, TN:75, FP:11, FN:5] | Progress: 100.0% | ETA: 0.0s ---

Final Best Test Accuracy: 91.86%


Best Quantum Test Accuracy: 0.919
