DEBUG: Qtrainer enters train_pure_quantum_cnn. Encoding: amplitude
  Class Weights: +1 (Target): 1.00 | -1 (Rest): 1.00
Starting Training
==================================================
Epoch 1 Batch 1 | Loss: 0.704579 | Stats: min: -0.194, max: -0.060, mean: -0.111
Epoch 1 Batch 2 | Loss: 0.661624
Epoch 1 Batch 3 | Loss: 0.657521
Epoch 1 Batch 4 | Loss: 0.643715
Epoch 1 Batch 5 | Loss: 0.642443
Epoch 1 Batch 6 | Loss: 0.632951
Epoch 1 Batch 7 | Loss: 0.619620
Epoch 1 Batch 8 | Loss: 0.629221
Epoch 1 Batch 9 | Loss: 0.642543
Epoch 1 Batch 10 | Loss: 0.628362
Epoch 1 Batch 11 | Loss: 0.613702
Epoch 1 Batch 12 | Loss: 0.603014
Epoch 1 Batch 13 | Loss: 0.608293
  [STABILITY] Test accuracy improved: 0.00% -> 55.23% (via EMA). Saving best params.
--- Epoch 1/30 | Loss: 0.6375 | Train Acc: 52.5% | Test Acc: 55.2% | CM: [TP:12, TN:83, FP:3, FN:74] | Progress: 3.3% | ETA: 206.0s ---
Epoch 2 Batch 1 | Loss: 0.574769 | Stats: min: -0.127, max: 0.181, mean: 0.053
Epoch 2 Batch 2 | Loss: 0.582733
Epoch 2 Batch 3 | Loss: 0.596479
Epoch 2 Batch 4 | Loss: 0.604353
Epoch 2 Batch 5 | Loss: 0.625539
Epoch 2 Batch 6 | Loss: 0.589694
Epoch 2 Batch 7 | Loss: 0.604327
Epoch 2 Batch 8 | Loss: 0.583493
Epoch 2 Batch 9 | Loss: 0.595035
Epoch 2 Batch 10 | Loss: 0.592803
Epoch 2 Batch 11 | Loss: 0.595906
Epoch 2 Batch 12 | Loss: 0.591941
Epoch 2 Batch 13 | Loss: 0.626773
  [STABILITY] Test accuracy improved: 55.23% -> 59.30% (via EMA). Saving best params.
--- Epoch 2/30 | Loss: 0.5972 | Train Acc: 57.0% | Test Acc: 59.3% | CM: [TP:17, TN:85, FP:1, FN:69] | Progress: 6.7% | ETA: 124.2s ---
Epoch 3 Batch 1 | Loss: 0.570053 | Stats: min: -0.150, max: 0.335, mean: 0.007
Epoch 3 Batch 2 | Loss: 0.573458
Epoch 3 Batch 3 | Loss: 0.566678
Epoch 3 Batch 4 | Loss: 0.574930
Epoch 3 Batch 5 | Loss: 0.586448
Epoch 3 Batch 6 | Loss: 0.603023
Epoch 3 Batch 7 | Loss: 0.573001
Epoch 3 Batch 8 | Loss: 0.595229
Epoch 3 Batch 9 | Loss: 0.575958
Epoch 3 Batch 10 | Loss: 0.599506
Epoch 3 Batch 11 | Loss: 0.600374
Epoch 3 Batch 12 | Loss: 0.566331
Epoch 3 Batch 13 | Loss: 0.617232
  [STABILITY] Test accuracy improved: 59.30% -> 62.21% (via EMA). Saving best params.
--- Epoch 3/30 | Loss: 0.5848 | Train Acc: 64.5% | Test Acc: 62.2% | CM: [TP:24, TN:83, FP:3, FN:62] | Progress: 10.0% | ETA: 61.8s ---
Epoch 4 Batch 1 | Loss: 0.576323 | Stats: min: -0.089, max: 0.178, mean: 0.065
Epoch 4 Batch 2 | Loss: 0.586889
Epoch 4 Batch 3 | Loss: 0.555772
Epoch 4 Batch 4 | Loss: 0.557022
Epoch 4 Batch 5 | Loss: 0.582371
Epoch 4 Batch 6 | Loss: 0.586515
Epoch 4 Batch 7 | Loss: 0.592245
Epoch 4 Batch 8 | Loss: 0.606003
Epoch 4 Batch 9 | Loss: 0.552860
Epoch 4 Batch 10 | Loss: 0.583100
Epoch 4 Batch 11 | Loss: 0.559705
Epoch 4 Batch 12 | Loss: 0.563185
Epoch 4 Batch 13 | Loss: 0.566176
  [STABILITY] Test accuracy improved: 62.21% -> 70.35% (via EMA). Saving best params.
--- Epoch 4/30 | Loss: 0.5745 | Train Acc: 71.0% | Test Acc: 70.3% | CM: [TP:38, TN:83, FP:3, FN:48] | Progress: 13.3% | ETA: 43.6s ---
Epoch 5 Batch 1 | Loss: 0.605687 | Stats: min: -0.217, max: 0.075, mean: -0.085
Epoch 5 Batch 2 | Loss: 0.535581
Epoch 5 Batch 3 | Loss: 0.566811
Epoch 5 Batch 4 | Loss: 0.552366
Epoch 5 Batch 5 | Loss: 0.605179
Epoch 5 Batch 6 | Loss: 0.595538
Epoch 5 Batch 7 | Loss: 0.550799
Epoch 5 Batch 8 | Loss: 0.537612
Epoch 5 Batch 9 | Loss: 0.588275
Epoch 5 Batch 10 | Loss: 0.555201
Epoch 5 Batch 11 | Loss: 0.588033
Epoch 5 Batch 12 | Loss: 0.561477
Epoch 5 Batch 13 | Loss: 0.544789
  [STABILITY] Test accuracy improved: 70.35% -> 76.16% (via EMA). Saving best params.
--- Epoch 5/30 | Loss: 0.5683 | Train Acc: 77.5% | Test Acc: 76.2% | CM: [TP:47, TN:84, FP:2, FN:39] | Progress: 16.7% | ETA: 31.8s ---
Epoch 6 Batch 1 | Loss: 0.573212 | Stats: min: -0.340, max: 0.032, mean: -0.120
Epoch 6 Batch 2 | Loss: 0.556621
Epoch 6 Batch 3 | Loss: 0.522977
Epoch 6 Batch 4 | Loss: 0.586392
Epoch 6 Batch 5 | Loss: 0.534202
Epoch 6 Batch 6 | Loss: 0.564052
Epoch 6 Batch 7 | Loss: 0.561105
Epoch 6 Batch 8 | Loss: 0.561379
Epoch 6 Batch 9 | Loss: 0.580797
Epoch 6 Batch 10 | Loss: 0.561239
Epoch 6 Batch 11 | Loss: 0.578728
Epoch 6 Batch 12 | Loss: 0.569279
Epoch 6 Batch 13 | Loss: 0.556694
  [STABILITY] Test accuracy improved: 76.16% -> 78.49% (via EMA). Saving best params.
--- Epoch 6/30 | Loss: 0.5621 | Train Acc: 82.0% | Test Acc: 78.5% | CM: [TP:52, TN:83, FP:3, FN:34] | Progress: 20.0% | ETA: 31.2s ---
Epoch 7 Batch 1 | Loss: 0.565966 | Stats: min: -0.330, max: 0.195, mean: -0.074
Epoch 7 Batch 2 | Loss: 0.528310
Epoch 7 Batch 3 | Loss: 0.568687
Epoch 7 Batch 4 | Loss: 0.563322
Epoch 7 Batch 5 | Loss: 0.531336
Epoch 7 Batch 6 | Loss: 0.538787
Epoch 7 Batch 7 | Loss: 0.571937
Epoch 7 Batch 8 | Loss: 0.584520
Epoch 7 Batch 9 | Loss: 0.594584
Epoch 7 Batch 10 | Loss: 0.526055
Epoch 7 Batch 11 | Loss: 0.572194
Epoch 7 Batch 12 | Loss: 0.541550
Epoch 7 Batch 13 | Loss: 0.585770
  [STABILITY] Test accuracy improved: 78.49% -> 81.40% (via EMA). Saving best params.
--- Epoch 7/30 | Loss: 0.5595 | Train Acc: 81.0% | Test Acc: 81.4% | CM: [TP:56, TN:84, FP:2, FN:30] | Progress: 23.3% | ETA: 21.2s ---
Epoch 8 Batch 1 | Loss: 0.561490 | Stats: min: -0.351, max: 0.300, mean: -0.019
Epoch 8 Batch 2 | Loss: 0.566658
Epoch 8 Batch 3 | Loss: 0.563960
Epoch 8 Batch 4 | Loss: 0.608042
Epoch 8 Batch 5 | Loss: 0.542168
Epoch 8 Batch 6 | Loss: 0.528344
Epoch 8 Batch 7 | Loss: 0.554893
Epoch 8 Batch 8 | Loss: 0.527137
Epoch 8 Batch 9 | Loss: 0.530472
Epoch 8 Batch 10 | Loss: 0.530162
Epoch 8 Batch 11 | Loss: 0.549458
Epoch 8 Batch 12 | Loss: 0.564453
Epoch 8 Batch 13 | Loss: 0.576939
  [STABILITY] Test accuracy improved: 81.40% -> 82.56% (via EMA). Saving best params.
--- Epoch 8/30 | Loss: 0.5542 | Train Acc: 83.5% | Test Acc: 82.6% | CM: [TP:59, TN:83, FP:3, FN:27] | Progress: 26.7% | ETA: 16.8s ---
Epoch 9 Batch 1 | Loss: 0.557486 | Stats: min: -0.203, max: 0.320, mean: 0.098
Epoch 9 Batch 2 | Loss: 0.539004
Epoch 9 Batch 3 | Loss: 0.541886
Epoch 9 Batch 4 | Loss: 0.547772
Epoch 9 Batch 5 | Loss: 0.548937
Epoch 9 Batch 6 | Loss: 0.557324
Epoch 9 Batch 7 | Loss: 0.543094
Epoch 9 Batch 8 | Loss: 0.538798
Epoch 9 Batch 9 | Loss: 0.576833
Epoch 9 Batch 10 | Loss: 0.533436
Epoch 9 Batch 11 | Loss: 0.571050
Epoch 9 Batch 12 | Loss: 0.533568
Epoch 9 Batch 13 | Loss: 0.529329
  [STABILITY] Test accuracy improved: 82.56% -> 84.88% (via EMA). Saving best params.
--- Epoch 9/30 | Loss: 0.5476 | Train Acc: 85.0% | Test Acc: 84.9% | CM: [TP:63, TN:83, FP:3, FN:23] | Progress: 30.0% | ETA: 14.6s ---
Epoch 10 Batch 1 | Loss: 0.546564 | Stats: min: -0.427, max: 0.208, mean: -0.055
Epoch 10 Batch 2 | Loss: 0.542425
Epoch 10 Batch 3 | Loss: 0.545076
Epoch 10 Batch 4 | Loss: 0.538826
Epoch 10 Batch 5 | Loss: 0.581848
Epoch 10 Batch 6 | Loss: 0.552221
Epoch 10 Batch 7 | Loss: 0.516522
Epoch 10 Batch 8 | Loss: 0.536036
Epoch 10 Batch 9 | Loss: 0.549525
Epoch 10 Batch 10 | Loss: 0.536246
Epoch 10 Batch 11 | Loss: 0.530443
Epoch 10 Batch 12 | Loss: 0.540375
Epoch 10 Batch 13 | Loss: 0.555321
  [STABILITY] Test accuracy improved: 84.88% -> 86.05% (via EMA). Saving best params.
--- Epoch 10/30 | Loss: 0.5440 | Train Acc: 85.0% | Test Acc: 86.0% | CM: [TP:65, TN:83, FP:3, FN:21] | Progress: 33.3% | ETA: 13.3s ---
Epoch 11 Batch 1 | Loss: 0.509944 | Stats: min: -0.293, max: 0.246, mean: 0.068
Epoch 11 Batch 2 | Loss: 0.519217
Epoch 11 Batch 3 | Loss: 0.533949
Epoch 11 Batch 4 | Loss: 0.559513
Epoch 11 Batch 5 | Loss: 0.545053
Epoch 11 Batch 6 | Loss: 0.544808
Epoch 11 Batch 7 | Loss: 0.524311
Epoch 11 Batch 8 | Loss: 0.540009
Epoch 11 Batch 9 | Loss: 0.559991
Epoch 11 Batch 10 | Loss: 0.549810
Epoch 11 Batch 11 | Loss: 0.535846
Epoch 11 Batch 12 | Loss: 0.536508
Epoch 11 Batch 13 | Loss: 0.582920
  [STABILITY] Test accuracy improved: 86.05% -> 88.37% (via EMA). Saving best params.
--- Epoch 11/30 | Loss: 0.5417 | Train Acc: 86.0% | Test Acc: 88.4% | CM: [TP:68, TN:84, FP:2, FN:18] | Progress: 36.7% | ETA: 10.8s ---
Epoch 12 Batch 1 | Loss: 0.526014 | Stats: min: -0.382, max: 0.069, mean: -0.082
Epoch 12 Batch 2 | Loss: 0.527772
Epoch 12 Batch 3 | Loss: 0.553460
Epoch 12 Batch 4 | Loss: 0.565488
Epoch 12 Batch 5 | Loss: 0.530716
Epoch 12 Batch 6 | Loss: 0.539806
Epoch 12 Batch 7 | Loss: 0.552426
Epoch 12 Batch 8 | Loss: 0.516010
Epoch 12 Batch 9 | Loss: 0.549272
Epoch 12 Batch 10 | Loss: 0.518169
Epoch 12 Batch 11 | Loss: 0.530340
Epoch 12 Batch 12 | Loss: 0.545857
Epoch 12 Batch 13 | Loss: 0.552150
--- Epoch 12/30 | Loss: 0.5390 | Train Acc: 87.0% | Test Acc: 88.4% | CM: [TP:68, TN:84, FP:2, FN:18] | Progress: 40.0% | ETA: 8.8s ---
Epoch 13 Batch 1 | Loss: 0.520437 | Stats: min: -0.144, max: 0.407, mean: 0.125
Epoch 13 Batch 2 | Loss: 0.562086
Epoch 13 Batch 3 | Loss: 0.528810
Epoch 13 Batch 4 | Loss: 0.514108
Epoch 13 Batch 5 | Loss: 0.545508
Epoch 13 Batch 6 | Loss: 0.560274
Epoch 13 Batch 7 | Loss: 0.521496
Epoch 13 Batch 8 | Loss: 0.523175
Epoch 13 Batch 9 | Loss: 0.537640
Epoch 13 Batch 10 | Loss: 0.521076
Epoch 13 Batch 11 | Loss: 0.511773
Epoch 13 Batch 12 | Loss: 0.578633
Epoch 13 Batch 13 | Loss: 0.550912
  [STABILITY] Test accuracy improved: 88.37% -> 90.70% (via EMA). Saving best params.
--- Epoch 13/30 | Loss: 0.5366 | Train Acc: 87.5% | Test Acc: 90.7% | CM: [TP:72, TN:84, FP:2, FN:14] | Progress: 43.3% | ETA: 7.1s ---
Epoch 14 Batch 1 | Loss: 0.495335 | Stats: min: -0.210, max: 0.329, mean: 0.109
Epoch 14 Batch 2 | Loss: 0.543696
Epoch 14 Batch 3 | Loss: 0.548783
Epoch 14 Batch 4 | Loss: 0.504346
Epoch 14 Batch 5 | Loss: 0.559175
Epoch 14 Batch 6 | Loss: 0.537310
Epoch 14 Batch 7 | Loss: 0.541140
Epoch 14 Batch 8 | Loss: 0.527761
Epoch 14 Batch 9 | Loss: 0.501895
Epoch 14 Batch 10 | Loss: 0.529042
Epoch 14 Batch 11 | Loss: 0.548384
Epoch 14 Batch 12 | Loss: 0.556637
Epoch 14 Batch 13 | Loss: 0.561176
  [STABILITY] Test accuracy improved: 90.70% -> 91.86% (via EMA). Saving best params.
--- Epoch 14/30 | Loss: 0.5350 | Train Acc: 89.0% | Test Acc: 91.9% | CM: [TP:75, TN:83, FP:3, FN:11] | Progress: 46.7% | ETA: 5.4s ---
Epoch 15 Batch 1 | Loss: 0.543064 | Stats: min: -0.272, max: 0.187, mean: -0.033
Epoch 15 Batch 2 | Loss: 0.534546
Epoch 15 Batch 3 | Loss: 0.501005
Epoch 15 Batch 4 | Loss: 0.530520
Epoch 15 Batch 5 | Loss: 0.544143
Epoch 15 Batch 6 | Loss: 0.535997
Epoch 15 Batch 7 | Loss: 0.503716
Epoch 15 Batch 8 | Loss: 0.510642
Epoch 15 Batch 9 | Loss: 0.550928
Epoch 15 Batch 10 | Loss: 0.565482
Epoch 15 Batch 11 | Loss: 0.538771
Epoch 15 Batch 12 | Loss: 0.518130
Epoch 15 Batch 13 | Loss: 0.589467
  [STABILITY] Test accuracy improved: 91.86% -> 93.60% (via EMA). Saving best params.
--- Epoch 15/30 | Loss: 0.5359 | Train Acc: 91.0% | Test Acc: 93.6% | CM: [TP:80, TN:81, FP:5, FN:6] | Progress: 50.0% | ETA: 4.1s ---
Epoch 16 Batch 1 | Loss: 0.520866 | Stats: min: -0.208, max: 0.301, mean: 0.051
Epoch 16 Batch 2 | Loss: 0.511892
Epoch 16 Batch 3 | Loss: 0.554010
Epoch 16 Batch 4 | Loss: 0.516442
Epoch 16 Batch 5 | Loss: 0.517371
Epoch 16 Batch 6 | Loss: 0.558364
Epoch 16 Batch 7 | Loss: 0.516801
Epoch 16 Batch 8 | Loss: 0.540242
Epoch 16 Batch 9 | Loss: 0.535696
Epoch 16 Batch 10 | Loss: 0.563689
Epoch 16 Batch 11 | Loss: 0.528027
Epoch 16 Batch 12 | Loss: 0.520401
Epoch 16 Batch 13 | Loss: 0.551362
--- Epoch 16/30 | Loss: 0.5335 | Train Acc: 92.0% | Test Acc: 92.4% | CM: [TP:80, TN:79, FP:7, FN:6] | Progress: 53.3% | ETA: 3.6s ---
Epoch 17 Batch 1 | Loss: 0.535923 | Stats: min: -0.215, max: 0.277, mean: 0.071
Epoch 17 Batch 2 | Loss: 0.510059
Epoch 17 Batch 3 | Loss: 0.560707
Epoch 17 Batch 4 | Loss: 0.517076
Epoch 17 Batch 5 | Loss: 0.549500
Epoch 17 Batch 6 | Loss: 0.562557
Epoch 17 Batch 7 | Loss: 0.534038
Epoch 17 Batch 8 | Loss: 0.511045
Epoch 17 Batch 9 | Loss: 0.513811
Epoch 17 Batch 10 | Loss: 0.557843
Epoch 17 Batch 11 | Loss: 0.535255
Epoch 17 Batch 12 | Loss: 0.503859
Epoch 17 Batch 13 | Loss: 0.531293
  [STABILITY] Test accuracy improved: 93.60% -> 94.77% (via EMA). Saving best params.
--- Epoch 17/30 | Loss: 0.5325 | Train Acc: 92.0% | Test Acc: 94.8% | CM: [TP:82, TN:81, FP:5, FN:4] | Progress: 56.7% | ETA: 3.1s ---
Epoch 18 Batch 1 | Loss: 0.517932 | Stats: min: -0.367, max: 0.417, mean: 0.020
Epoch 18 Batch 2 | Loss: 0.532386
Epoch 18 Batch 3 | Loss: 0.521611
Epoch 18 Batch 4 | Loss: 0.537159
Epoch 18 Batch 5 | Loss: 0.515690
Epoch 18 Batch 6 | Loss: 0.549275
Epoch 18 Batch 7 | Loss: 0.566107
Epoch 18 Batch 8 | Loss: 0.522255
Epoch 18 Batch 9 | Loss: 0.556942
Epoch 18 Batch 10 | Loss: 0.510718
Epoch 18 Batch 11 | Loss: 0.512187
Epoch 18 Batch 12 | Loss: 0.546757
Epoch 18 Batch 13 | Loss: 0.547270
  [STABILITY] Test accuracy improved: 94.77% -> 95.35% (via EMA). Saving best params.
--- Epoch 18/30 | Loss: 0.5336 | Train Acc: 92.0% | Test Acc: 95.3% | CM: [TP:83, TN:81, FP:5, FN:3] | Progress: 60.0% | ETA: 2.7s ---
Epoch 19 Batch 1 | Loss: 0.493159 | Stats: min: -0.185, max: 0.388, mean: 0.081
Epoch 19 Batch 2 | Loss: 0.518119
Epoch 19 Batch 3 | Loss: 0.533641
Epoch 19 Batch 4 | Loss: 0.486407
Epoch 19 Batch 5 | Loss: 0.540958
Epoch 19 Batch 6 | Loss: 0.582584
Epoch 19 Batch 7 | Loss: 0.548874
Epoch 19 Batch 8 | Loss: 0.542149
Epoch 19 Batch 9 | Loss: 0.530034
Epoch 19 Batch 10 | Loss: 0.526313
Epoch 19 Batch 11 | Loss: 0.556735
Epoch 19 Batch 12 | Loss: 0.575785
Epoch 19 Batch 13 | Loss: 0.523007
--- Epoch 19/30 | Loss: 0.5352 | Train Acc: 93.0% | Test Acc: 94.8% | CM: [TP:83, TN:80, FP:6, FN:3] | Progress: 63.3% | ETA: 2.4s ---
Epoch 20 Batch 1 | Loss: 0.532708 | Stats: min: -0.434, max: 0.284, mean: 0.031
Epoch 20 Batch 2 | Loss: 0.517900
Epoch 20 Batch 3 | Loss: 0.557270
Epoch 20 Batch 4 | Loss: 0.529236
Epoch 20 Batch 5 | Loss: 0.534837
Epoch 20 Batch 6 | Loss: 0.524253
Epoch 20 Batch 7 | Loss: 0.531078
Epoch 20 Batch 8 | Loss: 0.513513
Epoch 20 Batch 9 | Loss: 0.556914
Epoch 20 Batch 10 | Loss: 0.517189
Epoch 20 Batch 11 | Loss: 0.539560
Epoch 20 Batch 12 | Loss: 0.551649
Epoch 20 Batch 13 | Loss: 0.548943
  [STABILITY] Test accuracy improved: 95.35% -> 95.93% (via EMA). Saving best params.
--- Epoch 20/30 | Loss: 0.5350 | Train Acc: 93.0% | Test Acc: 95.9% | CM: [TP:84, TN:81, FP:5, FN:2] | Progress: 66.7% | ETA: 2.3s ---
Epoch 21 Batch 1 | Loss: 0.502876 | Stats: min: -0.131, max: 0.187, mean: 0.029
Epoch 21 Batch 2 | Loss: 0.523015
Epoch 21 Batch 3 | Loss: 0.545584
Epoch 21 Batch 4 | Loss: 0.555724
Epoch 21 Batch 5 | Loss: 0.516926
Epoch 21 Batch 6 | Loss: 0.540943
Epoch 21 Batch 7 | Loss: 0.569584
Epoch 21 Batch 8 | Loss: 0.513094
Epoch 21 Batch 9 | Loss: 0.568999
Epoch 21 Batch 10 | Loss: 0.522301
Epoch 21 Batch 11 | Loss: 0.514482
Epoch 21 Batch 12 | Loss: 0.549251
Epoch 21 Batch 13 | Loss: 0.515712
--- Epoch 21/30 | Loss: 0.5337 | Train Acc: 93.0% | Test Acc: 95.9% | CM: [TP:84, TN:81, FP:5, FN:2] | Progress: 70.0% | ETA: 2.1s ---
Epoch 22 Batch 1 | Loss: 0.562160 | Stats: min: -0.284, max: 0.308, mean: 0.047
Epoch 22 Batch 2 | Loss: 0.524946
Epoch 22 Batch 3 | Loss: 0.522631
Epoch 22 Batch 4 | Loss: 0.536011
Epoch 22 Batch 5 | Loss: 0.528039
Epoch 22 Batch 6 | Loss: 0.515514
Epoch 22 Batch 7 | Loss: 0.556312
Epoch 22 Batch 8 | Loss: 0.523538
Epoch 22 Batch 9 | Loss: 0.566867
Epoch 22 Batch 10 | Loss: 0.522932
Epoch 22 Batch 11 | Loss: 0.498792
Epoch 22 Batch 12 | Loss: 0.540539
Epoch 22 Batch 13 | Loss: 0.503450
--- Epoch 22/30 | Loss: 0.5309 | Train Acc: 93.0% | Test Acc: 95.9% | CM: [TP:84, TN:81, FP:5, FN:2] | Progress: 73.3% | ETA: 2.1s ---
Epoch 23 Batch 1 | Loss: 0.579540 | Stats: min: -0.357, max: 0.300, mean: -0.065
Epoch 23 Batch 2 | Loss: 0.535083
Epoch 23 Batch 3 | Loss: 0.563103
Epoch 23 Batch 4 | Loss: 0.520400
Epoch 23 Batch 5 | Loss: 0.512697
Epoch 23 Batch 6 | Loss: 0.530870
Epoch 23 Batch 7 | Loss: 0.518032
Epoch 23 Batch 8 | Loss: 0.511650
Epoch 23 Batch 9 | Loss: 0.520050
Epoch 23 Batch 10 | Loss: 0.522983
Epoch 23 Batch 11 | Loss: 0.516333
Epoch 23 Batch 12 | Loss: 0.546622
Epoch 23 Batch 13 | Loss: 0.513861
  [STABILITY] Plateau detected. Reducing Learning Rate to 0.010000
--- Epoch 23/30 | Loss: 0.5301 | Train Acc: 93.0% | Test Acc: 95.9% | CM: [TP:84, TN:81, FP:5, FN:2] | Progress: 76.7% | ETA: 1.8s ---
Epoch 24 Batch 1 | Loss: 0.536706 | Stats: min: -0.313, max: 0.149, mean: -0.132
Epoch 24 Batch 2 | Loss: 0.528430
Epoch 24 Batch 3 | Loss: 0.524813
Epoch 24 Batch 4 | Loss: 0.546859
Epoch 24 Batch 5 | Loss: 0.544189
Epoch 24 Batch 6 | Loss: 0.516789
Epoch 24 Batch 7 | Loss: 0.526222
Epoch 24 Batch 8 | Loss: 0.525242
Epoch 24 Batch 9 | Loss: 0.509315
Epoch 24 Batch 10 | Loss: 0.544534
Epoch 24 Batch 11 | Loss: 0.526178
Epoch 24 Batch 12 | Loss: 0.538003
Epoch 24 Batch 13 | Loss: 0.533031
--- Epoch 24/30 | Loss: 0.5308 | Train Acc: 93.0% | Test Acc: 95.9% | CM: [TP:85, TN:80, FP:6, FN:1] | Progress: 80.0% | ETA: 1.4s ---
Epoch 25 Batch 1 | Loss: 0.499218 | Stats: min: -0.365, max: 0.316, mean: 0.092
Epoch 25 Batch 2 | Loss: 0.537446
Epoch 25 Batch 3 | Loss: 0.519014
Epoch 25 Batch 4 | Loss: 0.518173
Epoch 25 Batch 5 | Loss: 0.541031
Epoch 25 Batch 6 | Loss: 0.535294
Epoch 25 Batch 7 | Loss: 0.522391
Epoch 25 Batch 8 | Loss: 0.534715
Epoch 25 Batch 9 | Loss: 0.565804
Epoch 25 Batch 10 | Loss: 0.551131
Epoch 25 Batch 11 | Loss: 0.509304
Epoch 25 Batch 12 | Loss: 0.526175
Epoch 25 Batch 13 | Loss: 0.545313
--- Epoch 25/30 | Loss: 0.5312 | Train Acc: 93.0% | Test Acc: 95.9% | CM: [TP:85, TN:80, FP:6, FN:1] | Progress: 83.3% | ETA: 1.2s ---
Epoch 26 Batch 1 | Loss: 0.484049 | Stats: min: -0.344, max: 0.420, mean: 0.073
Epoch 26 Batch 2 | Loss: 0.571689
Epoch 26 Batch 3 | Loss: 0.528704
Epoch 26 Batch 4 | Loss: 0.504470
Epoch 26 Batch 5 | Loss: 0.485272
Epoch 26 Batch 6 | Loss: 0.525138
Epoch 26 Batch 7 | Loss: 0.565964
Epoch 26 Batch 8 | Loss: 0.527915
Epoch 26 Batch 9 | Loss: 0.532383
Epoch 26 Batch 10 | Loss: 0.546831
Epoch 26 Batch 11 | Loss: 0.528993
Epoch 26 Batch 12 | Loss: 0.546323
Epoch 26 Batch 13 | Loss: 0.540226
  [STABILITY] Plateau detected. Reducing Learning Rate to 0.005000
--- Epoch 26/30 | Loss: 0.5298 | Train Acc: 93.0% | Test Acc: 95.9% | CM: [TP:85, TN:80, FP:6, FN:1] | Progress: 86.7% | ETA: 1.0s ---
Epoch 27 Batch 1 | Loss: 0.547632 | Stats: min: -0.315, max: 0.292, mean: -0.001
Epoch 27 Batch 2 | Loss: 0.559070
Epoch 27 Batch 3 | Loss: 0.514803
Epoch 27 Batch 4 | Loss: 0.560336
Epoch 27 Batch 5 | Loss: 0.521352
Epoch 27 Batch 6 | Loss: 0.496608
Epoch 27 Batch 7 | Loss: 0.512606
Epoch 27 Batch 8 | Loss: 0.526792
Epoch 27 Batch 9 | Loss: 0.525441
Epoch 27 Batch 10 | Loss: 0.514480
Epoch 27 Batch 11 | Loss: 0.520981
Epoch 27 Batch 12 | Loss: 0.542333
Epoch 27 Batch 13 | Loss: 0.550686
--- Epoch 27/30 | Loss: 0.5302 | Train Acc: 93.0% | Test Acc: 95.9% | CM: [TP:85, TN:80, FP:6, FN:1] | Progress: 90.0% | ETA: 0.7s ---
Epoch 28 Batch 1 | Loss: 0.555933 | Stats: min: -0.355, max: 0.085, mean: -0.099
Epoch 28 Batch 2 | Loss: 0.509579
Epoch 28 Batch 3 | Loss: 0.529183
Epoch 28 Batch 4 | Loss: 0.526844
Epoch 28 Batch 5 | Loss: 0.545374
Epoch 28 Batch 6 | Loss: 0.513133
Epoch 28 Batch 7 | Loss: 0.540259
Epoch 28 Batch 8 | Loss: 0.539049
Epoch 28 Batch 9 | Loss: 0.535241
Epoch 28 Batch 10 | Loss: 0.544652
Epoch 28 Batch 11 | Loss: 0.546950
Epoch 28 Batch 12 | Loss: 0.496495
Epoch 28 Batch 13 | Loss: 0.486894
--- Epoch 28/30 | Loss: 0.5284 | Train Acc: 92.0% | Test Acc: 95.9% | CM: [TP:85, TN:80, FP:6, FN:1] | Progress: 93.3% | ETA: 0.3s ---
Epoch 29 Batch 1 | Loss: 0.515589 | Stats: min: -0.224, max: 0.181, mean: -0.008
Epoch 29 Batch 2 | Loss: 0.519649
Epoch 29 Batch 3 | Loss: 0.529713
Epoch 29 Batch 4 | Loss: 0.513645
Epoch 29 Batch 5 | Loss: 0.518156
Epoch 29 Batch 6 | Loss: 0.555127
Epoch 29 Batch 7 | Loss: 0.531193
Epoch 29 Batch 8 | Loss: 0.522728
Epoch 29 Batch 9 | Loss: 0.496164
Epoch 29 Batch 10 | Loss: 0.536407
Epoch 29 Batch 11 | Loss: 0.559587
Epoch 29 Batch 12 | Loss: 0.570887
Epoch 29 Batch 13 | Loss: 0.502044
  [STABILITY] Plateau detected. Reducing Learning Rate to 0.002500
--- Epoch 29/30 | Loss: 0.5285 | Train Acc: 92.0% | Test Acc: 95.9% | CM: [TP:85, TN:80, FP:6, FN:1] | Progress: 96.7% | ETA: 0.2s ---
Epoch 30 Batch 1 | Loss: 0.523445 | Stats: min: -0.187, max: 0.311, mean: 0.072
Epoch 30 Batch 2 | Loss: 0.517236
Epoch 30 Batch 3 | Loss: 0.556023
Epoch 30 Batch 4 | Loss: 0.533687
Epoch 30 Batch 5 | Loss: 0.510023
Epoch 30 Batch 6 | Loss: 0.524547
Epoch 30 Batch 7 | Loss: 0.537560
Epoch 30 Batch 8 | Loss: 0.496416
Epoch 30 Batch 9 | Loss: 0.545127
Epoch 30 Batch 10 | Loss: 0.539230
Epoch 30 Batch 11 | Loss: 0.523854
Epoch 30 Batch 12 | Loss: 0.534949
Epoch 30 Batch 13 | Loss: 0.543023
--- Epoch 30/30 | Loss: 0.5296 | Train Acc: 92.0% | Test Acc: 95.9% | CM: [TP:85, TN:80, FP:6, FN:1] | Progress: 100.0% | ETA: 0.0s ---

Final Best Test Accuracy: 95.93%


Best Quantum Test Accuracy: 0.959
