DEBUG: Qtrainer enters train_pure_quantum_cnn. Encoding: amplitude
  Class Weights: +1 (Target): 1.00 | -1 (Rest): 1.00
Starting Training
==================================================
Epoch 1 Batch 1 | Loss: 0.767912 | Stats: min: -0.311, max: -0.146, mean: -0.219
Epoch 1 Batch 2 | Loss: 0.759249
Epoch 1 Batch 3 | Loss: 0.713120
Epoch 1 Batch 4 | Loss: 0.671587
Epoch 1 Batch 5 | Loss: 0.641398
Epoch 1 Batch 6 | Loss: 0.654084
Epoch 1 Batch 7 | Loss: 0.668123
Epoch 1 Batch 8 | Loss: 0.643480
Epoch 1 Batch 9 | Loss: 0.619455
Epoch 1 Batch 10 | Loss: 0.628785
Epoch 1 Batch 11 | Loss: 0.625476
Epoch 1 Batch 12 | Loss: 0.587449
Epoch 1 Batch 13 | Loss: 0.612075
  [STABILITY] Test accuracy improved: 0.00% -> 50.00% (via EMA). Saving best params.
--- Epoch 1/30 | Loss: 0.6609 | Train Acc: 53.0% | Test Acc: 50.0% | CM: [TP:0, TN:86, FP:0, FN:86] | Progress: 3.3% | ETA: 120.3s ---
Epoch 2 Batch 1 | Loss: 0.569143 | Stats: min: -0.086, max: 0.279, mean: 0.097
Epoch 2 Batch 2 | Loss: 0.586750
Epoch 2 Batch 3 | Loss: 0.575246
Epoch 2 Batch 4 | Loss: 0.588186
Epoch 2 Batch 5 | Loss: 0.558105
Epoch 2 Batch 6 | Loss: 0.538759
Epoch 2 Batch 7 | Loss: 0.573839
Epoch 2 Batch 8 | Loss: 0.520024
Epoch 2 Batch 9 | Loss: 0.564793
Epoch 2 Batch 10 | Loss: 0.587415
Epoch 2 Batch 11 | Loss: 0.503335
Epoch 2 Batch 12 | Loss: 0.500234
Epoch 2 Batch 13 | Loss: 0.612774
  [STABILITY] Test accuracy improved: 50.00% -> 50.58% (via EMA). Saving best params.
--- Epoch 2/30 | Loss: 0.5599 | Train Acc: 53.0% | Test Acc: 50.6% | CM: [TP:1, TN:86, FP:0, FN:85] | Progress: 6.7% | ETA: 55.8s ---
Epoch 3 Batch 1 | Loss: 0.528989 | Stats: min: -0.305, max: 0.412, mean: 0.056
Epoch 3 Batch 2 | Loss: 0.495894
Epoch 3 Batch 3 | Loss: 0.547189
Epoch 3 Batch 4 | Loss: 0.522016
Epoch 3 Batch 5 | Loss: 0.548533
Epoch 3 Batch 6 | Loss: 0.563292
Epoch 3 Batch 7 | Loss: 0.509279
Epoch 3 Batch 8 | Loss: 0.527738
Epoch 3 Batch 9 | Loss: 0.541909
Epoch 3 Batch 10 | Loss: 0.478487
Epoch 3 Batch 11 | Loss: 0.511362
Epoch 3 Batch 12 | Loss: 0.482685
Epoch 3 Batch 13 | Loss: 0.451072
--- Epoch 3/30 | Loss: 0.5160 | Train Acc: 53.0% | Test Acc: 50.6% | CM: [TP:1, TN:86, FP:0, FN:85] | Progress: 10.0% | ETA: 34.3s ---
Epoch 4 Batch 1 | Loss: 0.515526 | Stats: min: -0.394, max: 0.488, mean: -0.046
Epoch 4 Batch 2 | Loss: 0.553133
Epoch 4 Batch 3 | Loss: 0.462506
Epoch 4 Batch 4 | Loss: 0.526300
Epoch 4 Batch 5 | Loss: 0.456758
Epoch 4 Batch 6 | Loss: 0.492861
Epoch 4 Batch 7 | Loss: 0.436447
Epoch 4 Batch 8 | Loss: 0.546984
Epoch 4 Batch 9 | Loss: 0.473533
Epoch 4 Batch 10 | Loss: 0.497178
Epoch 4 Batch 11 | Loss: 0.552920
Epoch 4 Batch 12 | Loss: 0.463902
Epoch 4 Batch 13 | Loss: 0.534905
  [STABILITY] Test accuracy improved: 50.58% -> 61.63% (via EMA). Saving best params.
--- Epoch 4/30 | Loss: 0.5010 | Train Acc: 63.0% | Test Acc: 61.6% | CM: [TP:20, TN:86, FP:0, FN:66] | Progress: 13.3% | ETA: 27.0s ---
Epoch 5 Batch 1 | Loss: 0.502908 | Stats: min: -0.247, max: 0.647, mean: 0.167
Epoch 5 Batch 2 | Loss: 0.518022
Epoch 5 Batch 3 | Loss: 0.508205
Epoch 5 Batch 4 | Loss: 0.435451
Epoch 5 Batch 5 | Loss: 0.466132
Epoch 5 Batch 6 | Loss: 0.461687
Epoch 5 Batch 7 | Loss: 0.522155
Epoch 5 Batch 8 | Loss: 0.455138
Epoch 5 Batch 9 | Loss: 0.535350
Epoch 5 Batch 10 | Loss: 0.490499
Epoch 5 Batch 11 | Loss: 0.458009
Epoch 5 Batch 12 | Loss: 0.458121
Epoch 5 Batch 13 | Loss: 0.526279
  [STABILITY] Test accuracy improved: 61.63% -> 79.65% (via EMA). Saving best params.
--- Epoch 5/30 | Loss: 0.4875 | Train Acc: 81.5% | Test Acc: 79.7% | CM: [TP:53, TN:84, FP:2, FN:33] | Progress: 16.7% | ETA: 19.0s ---
Epoch 6 Batch 1 | Loss: 0.515400 | Stats: min: -0.449, max: 0.656, mean: 0.077
Epoch 6 Batch 2 | Loss: 0.473670
Epoch 6 Batch 3 | Loss: 0.433429
Epoch 6 Batch 4 | Loss: 0.431715
Epoch 6 Batch 5 | Loss: 0.471449
Epoch 6 Batch 6 | Loss: 0.463557
Epoch 6 Batch 7 | Loss: 0.502007
Epoch 6 Batch 8 | Loss: 0.477365
Epoch 6 Batch 9 | Loss: 0.530689
Epoch 6 Batch 10 | Loss: 0.479309
Epoch 6 Batch 11 | Loss: 0.443163
Epoch 6 Batch 12 | Loss: 0.481958
Epoch 6 Batch 13 | Loss: 0.531738
  [STABILITY] Test accuracy improved: 79.65% -> 85.47% (via EMA). Saving best params.
--- Epoch 6/30 | Loss: 0.4797 | Train Acc: 85.0% | Test Acc: 85.5% | CM: [TP:65, TN:82, FP:4, FN:21] | Progress: 20.0% | ETA: 24.4s ---
Epoch 7 Batch 1 | Loss: 0.456180 | Stats: min: -0.400, max: 0.615, mean: -0.017
Epoch 7 Batch 2 | Loss: 0.490021
Epoch 7 Batch 3 | Loss: 0.470149
Epoch 7 Batch 4 | Loss: 0.453935
Epoch 7 Batch 5 | Loss: 0.450022
Epoch 7 Batch 6 | Loss: 0.519782
Epoch 7 Batch 7 | Loss: 0.515622
Epoch 7 Batch 8 | Loss: 0.452888
Epoch 7 Batch 9 | Loss: 0.442306
Epoch 7 Batch 10 | Loss: 0.420876
Epoch 7 Batch 11 | Loss: 0.503571
Epoch 7 Batch 12 | Loss: 0.467395
Epoch 7 Batch 13 | Loss: 0.429883
  [STABILITY] Test accuracy improved: 85.47% -> 87.21% (via EMA). Saving best params.
--- Epoch 7/30 | Loss: 0.4671 | Train Acc: 84.5% | Test Acc: 87.2% | CM: [TP:70, TN:80, FP:6, FN:16] | Progress: 23.3% | ETA: 16.4s ---
Epoch 8 Batch 1 | Loss: 0.522492 | Stats: min: -0.500, max: -0.080, mean: -0.211
Epoch 8 Batch 2 | Loss: 0.498415
Epoch 8 Batch 3 | Loss: 0.475760
Epoch 8 Batch 4 | Loss: 0.424006
Epoch 8 Batch 5 | Loss: 0.460984
Epoch 8 Batch 6 | Loss: 0.487924
Epoch 8 Batch 7 | Loss: 0.487655
Epoch 8 Batch 8 | Loss: 0.497465
Epoch 8 Batch 9 | Loss: 0.499657
Epoch 8 Batch 10 | Loss: 0.369780
Epoch 8 Batch 11 | Loss: 0.431891
Epoch 8 Batch 12 | Loss: 0.457953
Epoch 8 Batch 13 | Loss: 0.399866
  [STABILITY] Test accuracy improved: 87.21% -> 90.12% (via EMA). Saving best params.
--- Epoch 8/30 | Loss: 0.4626 | Train Acc: 85.5% | Test Acc: 90.1% | CM: [TP:75, TN:80, FP:6, FN:11] | Progress: 26.7% | ETA: 20.0s ---
Epoch 9 Batch 1 | Loss: 0.439110 | Stats: min: -0.029, max: 0.578, mean: 0.414
Epoch 9 Batch 2 | Loss: 0.448185
Epoch 9 Batch 3 | Loss: 0.452138
Epoch 9 Batch 4 | Loss: 0.471869
Epoch 9 Batch 5 | Loss: 0.457421
Epoch 9 Batch 6 | Loss: 0.367290
Epoch 9 Batch 7 | Loss: 0.472316
Epoch 9 Batch 8 | Loss: 0.488044
Epoch 9 Batch 9 | Loss: 0.511075
Epoch 9 Batch 10 | Loss: 0.479993
Epoch 9 Batch 11 | Loss: 0.517278
Epoch 9 Batch 12 | Loss: 0.434250
Epoch 9 Batch 13 | Loss: 0.501766
--- Epoch 9/30 | Loss: 0.4647 | Train Acc: 86.5% | Test Acc: 89.5% | CM: [TP:78, TN:76, FP:10, FN:8] | Progress: 30.0% | ETA: 12.7s ---
Epoch 10 Batch 1 | Loss: 0.455409 | Stats: min: -0.285, max: 0.511, mean: 0.137
Epoch 10 Batch 2 | Loss: 0.448588
Epoch 10 Batch 3 | Loss: 0.416840
Epoch 10 Batch 4 | Loss: 0.511451
Epoch 10 Batch 5 | Loss: 0.462817
Epoch 10 Batch 6 | Loss: 0.474578
Epoch 10 Batch 7 | Loss: 0.450340
Epoch 10 Batch 8 | Loss: 0.458856
Epoch 10 Batch 9 | Loss: 0.447170
Epoch 10 Batch 10 | Loss: 0.526628
Epoch 10 Batch 11 | Loss: 0.450668
Epoch 10 Batch 12 | Loss: 0.421022
Epoch 10 Batch 13 | Loss: 0.410745
--- Epoch 10/30 | Loss: 0.4565 | Train Acc: 87.0% | Test Acc: 89.5% | CM: [TP:79, TN:75, FP:11, FN:7] | Progress: 33.3% | ETA: 11.5s ---
Epoch 11 Batch 1 | Loss: 0.451849 | Stats: min: -0.318, max: 0.488, mean: -0.018
Epoch 11 Batch 2 | Loss: 0.480014
Epoch 11 Batch 3 | Loss: 0.447834
Epoch 11 Batch 4 | Loss: 0.421352
Epoch 11 Batch 5 | Loss: 0.446047
Epoch 11 Batch 6 | Loss: 0.415278
Epoch 11 Batch 7 | Loss: 0.456811
Epoch 11 Batch 8 | Loss: 0.492125
Epoch 11 Batch 9 | Loss: 0.456607
Epoch 11 Batch 10 | Loss: 0.443244
Epoch 11 Batch 11 | Loss: 0.498526
Epoch 11 Batch 12 | Loss: 0.495412
Epoch 11 Batch 13 | Loss: 0.426501
  [STABILITY] Test accuracy improved: 90.12% -> 91.28% (via EMA). Saving best params.
--- Epoch 11/30 | Loss: 0.4563 | Train Acc: 87.0% | Test Acc: 91.3% | CM: [TP:81, TN:76, FP:10, FN:5] | Progress: 36.7% | ETA: 7.2s ---
Epoch 12 Batch 1 | Loss: 0.429619 | Stats: min: -0.063, max: 0.611, mean: 0.175
Epoch 12 Batch 2 | Loss: 0.441358
Epoch 12 Batch 3 | Loss: 0.475011
Epoch 12 Batch 4 | Loss: 0.451200
Epoch 12 Batch 5 | Loss: 0.512510
Epoch 12 Batch 6 | Loss: 0.443484
Epoch 12 Batch 7 | Loss: 0.458355
Epoch 12 Batch 8 | Loss: 0.449834
Epoch 12 Batch 9 | Loss: 0.450630
Epoch 12 Batch 10 | Loss: 0.453729
Epoch 12 Batch 11 | Loss: 0.487815
Epoch 12 Batch 12 | Loss: 0.433279
Epoch 12 Batch 13 | Loss: 0.360089
--- Epoch 12/30 | Loss: 0.4498 | Train Acc: 87.0% | Test Acc: 91.3% | CM: [TP:82, TN:75, FP:11, FN:4] | Progress: 40.0% | ETA: 9.2s ---
Epoch 13 Batch 1 | Loss: 0.450257 | Stats: min: -0.519, max: 0.445, mean: -0.174
Epoch 13 Batch 2 | Loss: 0.466915
Epoch 13 Batch 3 | Loss: 0.417041
Epoch 13 Batch 4 | Loss: 0.436138
Epoch 13 Batch 5 | Loss: 0.480118
Epoch 13 Batch 6 | Loss: 0.446885
Epoch 13 Batch 7 | Loss: 0.422635
Epoch 13 Batch 8 | Loss: 0.438561
Epoch 13 Batch 9 | Loss: 0.449828
Epoch 13 Batch 10 | Loss: 0.438622
Epoch 13 Batch 11 | Loss: 0.464944
Epoch 13 Batch 12 | Loss: 0.434223
Epoch 13 Batch 13 | Loss: 0.622817
--- Epoch 13/30 | Loss: 0.4592 | Train Acc: 86.5% | Test Acc: 90.7% | CM: [TP:82, TN:74, FP:12, FN:4] | Progress: 43.3% | ETA: 5.4s ---
Epoch 14 Batch 1 | Loss: 0.457625 | Stats: min: -0.447, max: 0.198, mean: -0.221
Epoch 14 Batch 2 | Loss: 0.451026
Epoch 14 Batch 3 | Loss: 0.398496
Epoch 14 Batch 4 | Loss: 0.457950
Epoch 14 Batch 5 | Loss: 0.430628
Epoch 14 Batch 6 | Loss: 0.423688
Epoch 14 Batch 7 | Loss: 0.474417
Epoch 14 Batch 8 | Loss: 0.442190
Epoch 14 Batch 9 | Loss: 0.488019
Epoch 14 Batch 10 | Loss: 0.435151
Epoch 14 Batch 11 | Loss: 0.415133
Epoch 14 Batch 12 | Loss: 0.450820
Epoch 14 Batch 13 | Loss: 0.617980
  [STABILITY] Plateau detected. Reducing Learning Rate to 0.010000
--- Epoch 14/30 | Loss: 0.4572 | Train Acc: 87.5% | Test Acc: 90.7% | CM: [TP:82, TN:74, FP:12, FN:4] | Progress: 46.7% | ETA: 4.3s ---
Epoch 15 Batch 1 | Loss: 0.460205 | Stats: min: -0.434, max: 0.546, mean: -0.016
Epoch 15 Batch 2 | Loss: 0.425343
Epoch 15 Batch 3 | Loss: 0.408153
Epoch 15 Batch 4 | Loss: 0.467436
Epoch 15 Batch 5 | Loss: 0.511433
Epoch 15 Batch 6 | Loss: 0.492942
Epoch 15 Batch 7 | Loss: 0.419936
Epoch 15 Batch 8 | Loss: 0.458230
Epoch 15 Batch 9 | Loss: 0.437961
Epoch 15 Batch 10 | Loss: 0.448253
Epoch 15 Batch 11 | Loss: 0.413304
Epoch 15 Batch 12 | Loss: 0.417588
Epoch 15 Batch 13 | Loss: 0.471386
--- Epoch 15/30 | Loss: 0.4486 | Train Acc: 87.0% | Test Acc: 90.1% | CM: [TP:82, TN:73, FP:13, FN:4] | Progress: 50.0% | ETA: 4.3s ---
Epoch 16 Batch 1 | Loss: 0.467368 | Stats: min: -0.322, max: 0.366, mean: 0.100
Epoch 16 Batch 2 | Loss: 0.435732
Epoch 16 Batch 3 | Loss: 0.418131
Epoch 16 Batch 4 | Loss: 0.419851
Epoch 16 Batch 5 | Loss: 0.426535
Epoch 16 Batch 6 | Loss: 0.406051
Epoch 16 Batch 7 | Loss: 0.484624
Epoch 16 Batch 8 | Loss: 0.468120
Epoch 16 Batch 9 | Loss: 0.501023
Epoch 16 Batch 10 | Loss: 0.427632
Epoch 16 Batch 11 | Loss: 0.439741
Epoch 16 Batch 12 | Loss: 0.454348
Epoch 16 Batch 13 | Loss: 0.478812
--- Epoch 16/30 | Loss: 0.4483 | Train Acc: 87.0% | Test Acc: 89.5% | CM: [TP:82, TN:72, FP:14, FN:4] | Progress: 53.3% | ETA: 3.3s ---
Epoch 17 Batch 1 | Loss: 0.468699 | Stats: min: -0.540, max: 0.445, mean: -0.063
Epoch 17 Batch 2 | Loss: 0.454597
Epoch 17 Batch 3 | Loss: 0.450007
Epoch 17 Batch 4 | Loss: 0.490853
Epoch 17 Batch 5 | Loss: 0.445137
Epoch 17 Batch 6 | Loss: 0.503497
Epoch 17 Batch 7 | Loss: 0.461787
Epoch 17 Batch 8 | Loss: 0.419848
Epoch 17 Batch 9 | Loss: 0.423270
Epoch 17 Batch 10 | Loss: 0.398302
Epoch 17 Batch 11 | Loss: 0.395958
Epoch 17 Batch 12 | Loss: 0.461853
Epoch 17 Batch 13 | Loss: 0.445196
  [STABILITY] Plateau detected. Reducing Learning Rate to 0.005000
--- Epoch 17/30 | Loss: 0.4476 | Train Acc: 87.5% | Test Acc: 90.1% | CM: [TP:82, TN:73, FP:13, FN:4] | Progress: 56.7% | ETA: 2.9s ---
Epoch 18 Batch 1 | Loss: 0.432736 | Stats: min: -0.367, max: 0.565, mean: 0.301
Epoch 18 Batch 2 | Loss: 0.421590
Epoch 18 Batch 3 | Loss: 0.476194
Epoch 18 Batch 4 | Loss: 0.433603
Epoch 18 Batch 5 | Loss: 0.461997
Epoch 18 Batch 6 | Loss: 0.481275
Epoch 18 Batch 7 | Loss: 0.455247
Epoch 18 Batch 8 | Loss: 0.494911
Epoch 18 Batch 9 | Loss: 0.399491
Epoch 18 Batch 10 | Loss: 0.423890
Epoch 18 Batch 11 | Loss: 0.418680
Epoch 18 Batch 12 | Loss: 0.418985
Epoch 18 Batch 13 | Loss: 0.493971
--- Epoch 18/30 | Loss: 0.4471 | Train Acc: 88.0% | Test Acc: 89.5% | CM: [TP:82, TN:72, FP:14, FN:4] | Progress: 60.0% | ETA: 2.5s ---
Epoch 19 Batch 1 | Loss: 0.391868 | Stats: min: -0.319, max: 0.574, mean: 0.364
Epoch 19 Batch 2 | Loss: 0.480490
Epoch 19 Batch 3 | Loss: 0.466091
Epoch 19 Batch 4 | Loss: 0.399092
Epoch 19 Batch 5 | Loss: 0.467872
Epoch 19 Batch 6 | Loss: 0.459073
Epoch 19 Batch 7 | Loss: 0.405111
Epoch 19 Batch 8 | Loss: 0.433221
Epoch 19 Batch 9 | Loss: 0.416388
Epoch 19 Batch 10 | Loss: 0.493995
Epoch 19 Batch 11 | Loss: 0.419147
Epoch 19 Batch 12 | Loss: 0.484338
Epoch 19 Batch 13 | Loss: 0.492508
--- Epoch 19/30 | Loss: 0.4469 | Train Acc: 89.0% | Test Acc: 89.5% | CM: [TP:82, TN:72, FP:14, FN:4] | Progress: 63.3% | ETA: 2.3s ---
Epoch 20 Batch 1 | Loss: 0.473126 | Stats: min: -0.311, max: 0.336, mean: -0.042
Epoch 20 Batch 2 | Loss: 0.448653
Epoch 20 Batch 3 | Loss: 0.458348
Epoch 20 Batch 4 | Loss: 0.498974
Epoch 20 Batch 5 | Loss: 0.387480
Epoch 20 Batch 6 | Loss: 0.404820
Epoch 20 Batch 7 | Loss: 0.436842
Epoch 20 Batch 8 | Loss: 0.454774
Epoch 20 Batch 9 | Loss: 0.455876
Epoch 20 Batch 10 | Loss: 0.445163
Epoch 20 Batch 11 | Loss: 0.370670
Epoch 20 Batch 12 | Loss: 0.452331
Epoch 20 Batch 13 | Loss: 0.537240
  [STABILITY] Plateau detected. Reducing Learning Rate to 0.002500
--- Epoch 20/30 | Loss: 0.4480 | Train Acc: 89.0% | Test Acc: 89.5% | CM: [TP:82, TN:72, FP:14, FN:4] | Progress: 66.7% | ETA: 1.9s ---
Epoch 21 Batch 1 | Loss: 0.502471 | Stats: min: -0.472, max: 0.303, mean: -0.023
Epoch 21 Batch 2 | Loss: 0.478649
Epoch 21 Batch 3 | Loss: 0.485033
Epoch 21 Batch 4 | Loss: 0.424663
Epoch 21 Batch 5 | Loss: 0.453718
Epoch 21 Batch 6 | Loss: 0.446599
Epoch 21 Batch 7 | Loss: 0.383779
Epoch 21 Batch 8 | Loss: 0.413350
Epoch 21 Batch 9 | Loss: 0.413723
Epoch 21 Batch 10 | Loss: 0.403237
Epoch 21 Batch 11 | Loss: 0.443003
Epoch 21 Batch 12 | Loss: 0.447701
Epoch 21 Batch 13 | Loss: 0.510250
--- Epoch 21/30 | Loss: 0.4466 | Train Acc: 90.0% | Test Acc: 89.5% | CM: [TP:82, TN:72, FP:14, FN:4] | Progress: 70.0% | ETA: 2.0s ---
Epoch 22 Batch 1 | Loss: 0.406112 | Stats: min: -0.186, max: 0.558, mean: 0.225
Epoch 22 Batch 2 | Loss: 0.447946
Epoch 22 Batch 3 | Loss: 0.456844
Epoch 22 Batch 4 | Loss: 0.418842
Epoch 22 Batch 5 | Loss: 0.402432
Epoch 22 Batch 6 | Loss: 0.437312
Epoch 22 Batch 7 | Loss: 0.452815
Epoch 22 Batch 8 | Loss: 0.472421
Epoch 22 Batch 9 | Loss: 0.463427
Epoch 22 Batch 10 | Loss: 0.481925
Epoch 22 Batch 11 | Loss: 0.452659
Epoch 22 Batch 12 | Loss: 0.427514
Epoch 22 Batch 13 | Loss: 0.443851
--- Epoch 22/30 | Loss: 0.4434 | Train Acc: 89.5% | Test Acc: 89.0% | CM: [TP:82, TN:71, FP:15, FN:4] | Progress: 73.3% | ETA: 1.5s ---
Epoch 23 Batch 1 | Loss: 0.413573 | Stats: min: -0.193, max: 0.493, mean: 0.123
Epoch 23 Batch 2 | Loss: 0.450252
Epoch 23 Batch 3 | Loss: 0.430223
Epoch 23 Batch 4 | Loss: 0.464371
Epoch 23 Batch 5 | Loss: 0.440711
Epoch 23 Batch 6 | Loss: 0.464467
Epoch 23 Batch 7 | Loss: 0.428171
Epoch 23 Batch 8 | Loss: 0.451962
Epoch 23 Batch 9 | Loss: 0.454559
Epoch 23 Batch 10 | Loss: 0.450759
Epoch 23 Batch 11 | Loss: 0.435065
Epoch 23 Batch 12 | Loss: 0.452539
Epoch 23 Batch 13 | Loss: 0.403693
  [STABILITY] Plateau detected. Reducing Learning Rate to 0.001250
--- Epoch 23/30 | Loss: 0.4416 | Train Acc: 89.5% | Test Acc: 89.0% | CM: [TP:82, TN:71, FP:15, FN:4] | Progress: 76.7% | ETA: 1.6s ---
Epoch 24 Batch 1 | Loss: 0.468718 | Stats: min: 0.084, max: 0.523, mean: 0.369
Epoch 24 Batch 2 | Loss: 0.435006
Epoch 24 Batch 3 | Loss: 0.388004
Epoch 24 Batch 4 | Loss: 0.403086
Epoch 24 Batch 5 | Loss: 0.480027
Epoch 24 Batch 6 | Loss: 0.431371
Epoch 24 Batch 7 | Loss: 0.481874
Epoch 24 Batch 8 | Loss: 0.493680
Epoch 24 Batch 9 | Loss: 0.426117
Epoch 24 Batch 10 | Loss: 0.391357
Epoch 24 Batch 11 | Loss: 0.445222
Epoch 24 Batch 12 | Loss: 0.471428
Epoch 24 Batch 13 | Loss: 0.438370
--- Epoch 24/30 | Loss: 0.4426 | Train Acc: 90.0% | Test Acc: 89.0% | CM: [TP:82, TN:71, FP:15, FN:4] | Progress: 80.0% | ETA: 1.1s ---
Epoch 25 Batch 1 | Loss: 0.406629 | Stats: min: -0.398, max: 0.601, mean: 0.024
Epoch 25 Batch 2 | Loss: 0.435406
Epoch 25 Batch 3 | Loss: 0.471623
Epoch 25 Batch 4 | Loss: 0.456101
Epoch 25 Batch 5 | Loss: 0.418689
Epoch 25 Batch 6 | Loss: 0.445976
Epoch 25 Batch 7 | Loss: 0.402936
Epoch 25 Batch 8 | Loss: 0.459788
Epoch 25 Batch 9 | Loss: 0.487780
Epoch 25 Batch 10 | Loss: 0.422648
Epoch 25 Batch 11 | Loss: 0.425704
Epoch 25 Batch 12 | Loss: 0.464712
Epoch 25 Batch 13 | Loss: 0.473183
--- Epoch 25/30 | Loss: 0.4439 | Train Acc: 90.0% | Test Acc: 89.0% | CM: [TP:82, TN:71, FP:15, FN:4] | Progress: 83.3% | ETA: 0.9s ---
Epoch 26 Batch 1 | Loss: 0.515629 | Stats: min: -0.454, max: 0.602, mean: 0.037
Epoch 26 Batch 2 | Loss: 0.447892
Epoch 26 Batch 3 | Loss: 0.403197
Epoch 26 Batch 4 | Loss: 0.425550
Epoch 26 Batch 5 | Loss: 0.500995
Epoch 26 Batch 6 | Loss: 0.420022
Epoch 26 Batch 7 | Loss: 0.413428
Epoch 26 Batch 8 | Loss: 0.423975
Epoch 26 Batch 9 | Loss: 0.425805
Epoch 26 Batch 10 | Loss: 0.478554
Epoch 26 Batch 11 | Loss: 0.461166
Epoch 26 Batch 12 | Loss: 0.388452
Epoch 26 Batch 13 | Loss: 0.458312
  [STABILITY] Plateau detected. Reducing Learning Rate to 0.000625
--- Epoch 26/30 | Loss: 0.4433 | Train Acc: 90.0% | Test Acc: 89.5% | CM: [TP:82, TN:72, FP:14, FN:4] | Progress: 86.7% | ETA: 0.6s ---
Epoch 27 Batch 1 | Loss: 0.409708 | Stats: min: -0.496, max: 0.490, mean: -0.046
Epoch 27 Batch 2 | Loss: 0.426118
Epoch 27 Batch 3 | Loss: 0.430485
Epoch 27 Batch 4 | Loss: 0.403242
Epoch 27 Batch 5 | Loss: 0.529518
Epoch 27 Batch 6 | Loss: 0.446324
Epoch 27 Batch 7 | Loss: 0.435694
Epoch 27 Batch 8 | Loss: 0.468661
Epoch 27 Batch 9 | Loss: 0.372717
Epoch 27 Batch 10 | Loss: 0.400288
Epoch 27 Batch 11 | Loss: 0.539990
Epoch 27 Batch 12 | Loss: 0.450553
Epoch 27 Batch 13 | Loss: 0.436466
--- Epoch 27/30 | Loss: 0.4423 | Train Acc: 89.5% | Test Acc: 89.5% | CM: [TP:81, TN:73, FP:13, FN:5] | Progress: 90.0% | ETA: 0.4s ---
Epoch 28 Batch 1 | Loss: 0.455706 | Stats: min: -0.326, max: 0.433, mean: -0.113
Epoch 28 Batch 2 | Loss: 0.457836
Epoch 28 Batch 3 | Loss: 0.447327
Epoch 28 Batch 4 | Loss: 0.488286
Epoch 28 Batch 5 | Loss: 0.395321
Epoch 28 Batch 6 | Loss: 0.495929
Epoch 28 Batch 7 | Loss: 0.416762
Epoch 28 Batch 8 | Loss: 0.381237
Epoch 28 Batch 9 | Loss: 0.437435
Epoch 28 Batch 10 | Loss: 0.420251
Epoch 28 Batch 11 | Loss: 0.423640
Epoch 28 Batch 12 | Loss: 0.491018
Epoch 28 Batch 13 | Loss: 0.439508
--- Epoch 28/30 | Loss: 0.4423 | Train Acc: 89.0% | Test Acc: 89.5% | CM: [TP:81, TN:73, FP:13, FN:5] | Progress: 93.3% | ETA: 0.3s ---
Epoch 29 Batch 1 | Loss: 0.460054 | Stats: min: -0.327, max: 0.537, mean: 0.193
Epoch 29 Batch 2 | Loss: 0.459494
Epoch 29 Batch 3 | Loss: 0.424693
Epoch 29 Batch 4 | Loss: 0.472154
Epoch 29 Batch 5 | Loss: 0.458460
Epoch 29 Batch 6 | Loss: 0.417615
Epoch 29 Batch 7 | Loss: 0.439252
Epoch 29 Batch 8 | Loss: 0.450213
Epoch 29 Batch 9 | Loss: 0.418173
Epoch 29 Batch 10 | Loss: 0.435018
Epoch 29 Batch 11 | Loss: 0.424253
Epoch 29 Batch 12 | Loss: 0.465095
Epoch 29 Batch 13 | Loss: 0.407850
  [STABILITY] Plateau detected. Reducing Learning Rate to 0.000313
--- Epoch 29/30 | Loss: 0.4409 | Train Acc: 89.0% | Test Acc: 89.5% | CM: [TP:81, TN:73, FP:13, FN:5] | Progress: 96.7% | ETA: 0.1s ---
Epoch 30 Batch 1 | Loss: 0.427520 | Stats: min: -0.307, max: 0.672, mean: 0.193
Epoch 30 Batch 2 | Loss: 0.484921
Epoch 30 Batch 3 | Loss: 0.427023
Epoch 30 Batch 4 | Loss: 0.409473
Epoch 30 Batch 5 | Loss: 0.470881
Epoch 30 Batch 6 | Loss: 0.437666
Epoch 30 Batch 7 | Loss: 0.430038
Epoch 30 Batch 8 | Loss: 0.438572
Epoch 30 Batch 9 | Loss: 0.428002
Epoch 30 Batch 10 | Loss: 0.412760
Epoch 30 Batch 11 | Loss: 0.498141
Epoch 30 Batch 12 | Loss: 0.415968
Epoch 30 Batch 13 | Loss: 0.498493
--- Epoch 30/30 | Loss: 0.4446 | Train Acc: 89.5% | Test Acc: 89.5% | CM: [TP:81, TN:73, FP:13, FN:5] | Progress: 100.0% | ETA: 0.0s ---

Final Best Test Accuracy: 91.28%


Best Quantum Test Accuracy: 0.913
