DEBUG: Qtrainer enters train_pure_quantum_cnn. Encoding: amplitude
  Class Weights: +1 (Target): 1.00 | -1 (Rest): 1.00
Starting Training
==================================================
Epoch 1 Batch 1 | Loss: 0.720362 | Stats: min: 0.019, max: 0.107, mean: 0.064
Epoch 1 Batch 2 | Loss: 0.695061
Epoch 1 Batch 3 | Loss: 0.663095
Epoch 1 Batch 4 | Loss: 0.665999
Epoch 1 Batch 5 | Loss: 0.640643
Epoch 1 Batch 6 | Loss: 0.598948
Epoch 1 Batch 7 | Loss: 0.630029
Epoch 1 Batch 8 | Loss: 0.646981
Epoch 1 Batch 9 | Loss: 0.608713
Epoch 1 Batch 10 | Loss: 0.622810
Epoch 1 Batch 11 | Loss: 0.641348
Epoch 1 Batch 12 | Loss: 0.630859
Epoch 1 Batch 13 | Loss: 0.600071
  [STABILITY] Test accuracy improved: 0.00% -> 46.51% (via EMA). Saving best params.
--- Epoch 1/30 | Loss: 0.6435 | Train Acc: 59.5% | Test Acc: 46.5% | CM: [TP:49, TN:31, FP:55, FN:37] | Progress: 3.3% | ETA: 197.7s ---
Epoch 2 Batch 1 | Loss: 0.611510 | Stats: min: -0.103, max: 0.205, mean: 0.032
Epoch 2 Batch 2 | Loss: 0.611378
Epoch 2 Batch 3 | Loss: 0.616939
Epoch 2 Batch 4 | Loss: 0.613074
Epoch 2 Batch 5 | Loss: 0.572781
Epoch 2 Batch 6 | Loss: 0.614549
Epoch 2 Batch 7 | Loss: 0.579541
Epoch 2 Batch 8 | Loss: 0.599389
Epoch 2 Batch 9 | Loss: 0.580204
Epoch 2 Batch 10 | Loss: 0.606886
Epoch 2 Batch 11 | Loss: 0.616960
Epoch 2 Batch 12 | Loss: 0.570775
Epoch 2 Batch 13 | Loss: 0.620041
  [STABILITY] Test accuracy improved: 46.51% -> 66.86% (via EMA). Saving best params.
--- Epoch 2/30 | Loss: 0.6011 | Train Acc: 71.0% | Test Acc: 66.9% | CM: [TP:63, TN:52, FP:34, FN:23] | Progress: 6.7% | ETA: 94.4s ---
Epoch 3 Batch 1 | Loss: 0.562535 | Stats: min: -0.204, max: 0.211, mean: -0.016
Epoch 3 Batch 2 | Loss: 0.579093
Epoch 3 Batch 3 | Loss: 0.558831
Epoch 3 Batch 4 | Loss: 0.582193
Epoch 3 Batch 5 | Loss: 0.584398
Epoch 3 Batch 6 | Loss: 0.597469
Epoch 3 Batch 7 | Loss: 0.568792
Epoch 3 Batch 8 | Loss: 0.562132
Epoch 3 Batch 9 | Loss: 0.609311
Epoch 3 Batch 10 | Loss: 0.569695
Epoch 3 Batch 11 | Loss: 0.608581
Epoch 3 Batch 12 | Loss: 0.597479
Epoch 3 Batch 13 | Loss: 0.565215
  [STABILITY] Test accuracy improved: 66.86% -> 76.16% (via EMA). Saving best params.
--- Epoch 3/30 | Loss: 0.5804 | Train Acc: 82.0% | Test Acc: 76.2% | CM: [TP:70, TN:61, FP:25, FN:16] | Progress: 10.0% | ETA: 64.0s ---
Epoch 4 Batch 1 | Loss: 0.579301 | Stats: min: -0.045, max: 0.161, mean: 0.071
Epoch 4 Batch 2 | Loss: 0.610279
Epoch 4 Batch 3 | Loss: 0.556505
Epoch 4 Batch 4 | Loss: 0.562100
Epoch 4 Batch 5 | Loss: 0.555166
Epoch 4 Batch 6 | Loss: 0.551702
Epoch 4 Batch 7 | Loss: 0.558424
Epoch 4 Batch 8 | Loss: 0.601689
Epoch 4 Batch 9 | Loss: 0.569214
Epoch 4 Batch 10 | Loss: 0.541133
Epoch 4 Batch 11 | Loss: 0.574431
Epoch 4 Batch 12 | Loss: 0.591415
Epoch 4 Batch 13 | Loss: 0.560331
  [STABILITY] Test accuracy improved: 76.16% -> 84.88% (via EMA). Saving best params.
--- Epoch 4/30 | Loss: 0.5701 | Train Acc: 84.5% | Test Acc: 84.9% | CM: [TP:78, TN:68, FP:18, FN:8] | Progress: 13.3% | ETA: 64.5s ---
Epoch 5 Batch 1 | Loss: 0.531883 | Stats: min: -0.370, max: 0.356, mean: -0.051
Epoch 5 Batch 2 | Loss: 0.594782
Epoch 5 Batch 3 | Loss: 0.550836
Epoch 5 Batch 4 | Loss: 0.556130
Epoch 5 Batch 5 | Loss: 0.530019
Epoch 5 Batch 6 | Loss: 0.539732
Epoch 5 Batch 7 | Loss: 0.590910
Epoch 5 Batch 8 | Loss: 0.546360
Epoch 5 Batch 9 | Loss: 0.534203
Epoch 5 Batch 10 | Loss: 0.564662
Epoch 5 Batch 11 | Loss: 0.618448
Epoch 5 Batch 12 | Loss: 0.575829
Epoch 5 Batch 13 | Loss: 0.608324
  [STABILITY] Test accuracy improved: 84.88% -> 88.95% (via EMA). Saving best params.
--- Epoch 5/30 | Loss: 0.5648 | Train Acc: 85.5% | Test Acc: 89.0% | CM: [TP:77, TN:76, FP:10, FN:9] | Progress: 16.7% | ETA: 59.4s ---
Epoch 6 Batch 1 | Loss: 0.534310 | Stats: min: -0.406, max: 0.025, mean: -0.191
Epoch 6 Batch 2 | Loss: 0.558839
Epoch 6 Batch 3 | Loss: 0.558730
Epoch 6 Batch 4 | Loss: 0.517396
Epoch 6 Batch 5 | Loss: 0.524074
Epoch 6 Batch 6 | Loss: 0.569283
Epoch 6 Batch 7 | Loss: 0.551171
Epoch 6 Batch 8 | Loss: 0.562328
Epoch 6 Batch 9 | Loss: 0.541098
Epoch 6 Batch 10 | Loss: 0.530921
Epoch 6 Batch 11 | Loss: 0.592808
Epoch 6 Batch 12 | Loss: 0.588540
Epoch 6 Batch 13 | Loss: 0.549471
--- Epoch 6/30 | Loss: 0.5522 | Train Acc: 86.5% | Test Acc: 88.4% | CM: [TP:77, TN:75, FP:11, FN:9] | Progress: 20.0% | ETA: 35.1s ---
Epoch 7 Batch 1 | Loss: 0.553157 | Stats: min: -0.241, max: 0.157, mean: -0.024
Epoch 7 Batch 2 | Loss: 0.559335
Epoch 7 Batch 3 | Loss: 0.554839
Epoch 7 Batch 4 | Loss: 0.584558
Epoch 7 Batch 5 | Loss: 0.574429
Epoch 7 Batch 6 | Loss: 0.537162
Epoch 7 Batch 7 | Loss: 0.557481
Epoch 7 Batch 8 | Loss: 0.536256
Epoch 7 Batch 9 | Loss: 0.548863
Epoch 7 Batch 10 | Loss: 0.523506
Epoch 7 Batch 11 | Loss: 0.544809
Epoch 7 Batch 12 | Loss: 0.526402
Epoch 7 Batch 13 | Loss: 0.528456
--- Epoch 7/30 | Loss: 0.5484 | Train Acc: 86.0% | Test Acc: 89.0% | CM: [TP:77, TN:76, FP:10, FN:9] | Progress: 23.3% | ETA: 28.9s ---
Epoch 8 Batch 1 | Loss: 0.567443 | Stats: min: -0.266, max: 0.265, mean: 0.042
Epoch 8 Batch 2 | Loss: 0.539056
Epoch 8 Batch 3 | Loss: 0.542609
Epoch 8 Batch 4 | Loss: 0.557599
Epoch 8 Batch 5 | Loss: 0.539352
Epoch 8 Batch 6 | Loss: 0.522476
Epoch 8 Batch 7 | Loss: 0.517544
Epoch 8 Batch 8 | Loss: 0.537867
Epoch 8 Batch 9 | Loss: 0.553773
Epoch 8 Batch 10 | Loss: 0.561890
Epoch 8 Batch 11 | Loss: 0.527615
Epoch 8 Batch 12 | Loss: 0.571774
Epoch 8 Batch 13 | Loss: 0.541284
  [STABILITY] Plateau detected. Reducing Learning Rate to 0.010000
--- Epoch 8/30 | Loss: 0.5446 | Train Acc: 86.0% | Test Acc: 88.4% | CM: [TP:77, TN:75, FP:11, FN:9] | Progress: 26.7% | ETA: 24.9s ---
Epoch 9 Batch 1 | Loss: 0.567923 | Stats: min: -0.119, max: 0.247, mean: 0.118
Epoch 9 Batch 2 | Loss: 0.513124
Epoch 9 Batch 3 | Loss: 0.523568
Epoch 9 Batch 4 | Loss: 0.529173
Epoch 9 Batch 5 | Loss: 0.566617
Epoch 9 Batch 6 | Loss: 0.512445
Epoch 9 Batch 7 | Loss: 0.553195
Epoch 9 Batch 8 | Loss: 0.514581
Epoch 9 Batch 9 | Loss: 0.552230
Epoch 9 Batch 10 | Loss: 0.558620
Epoch 9 Batch 11 | Loss: 0.526498
Epoch 9 Batch 12 | Loss: 0.546432
Epoch 9 Batch 13 | Loss: 0.574370
  [STABILITY] Test accuracy improved: 88.95% -> 89.53% (via EMA). Saving best params.
--- Epoch 9/30 | Loss: 0.5414 | Train Acc: 86.5% | Test Acc: 89.5% | CM: [TP:77, TN:77, FP:9, FN:9] | Progress: 30.0% | ETA: 26.7s ---
Epoch 10 Batch 1 | Loss: 0.517935 | Stats: min: 0.055, max: 0.291, mean: 0.178
Epoch 10 Batch 2 | Loss: 0.548081
Epoch 10 Batch 3 | Loss: 0.557224
Epoch 10 Batch 4 | Loss: 0.529092
Epoch 10 Batch 5 | Loss: 0.531783
Epoch 10 Batch 6 | Loss: 0.528554
Epoch 10 Batch 7 | Loss: 0.567864
Epoch 10 Batch 8 | Loss: 0.539473
Epoch 10 Batch 9 | Loss: 0.548449
Epoch 10 Batch 10 | Loss: 0.528531
Epoch 10 Batch 11 | Loss: 0.539461
Epoch 10 Batch 12 | Loss: 0.531450
Epoch 10 Batch 13 | Loss: 0.552189
  [STABILITY] Test accuracy improved: 89.53% -> 90.12% (via EMA). Saving best params.
--- Epoch 10/30 | Loss: 0.5400 | Train Acc: 86.5% | Test Acc: 90.1% | CM: [TP:78, TN:77, FP:9, FN:8] | Progress: 33.3% | ETA: 27.1s ---
Epoch 11 Batch 1 | Loss: 0.553224 | Stats: min: -0.001, max: 0.200, mean: 0.106
Epoch 11 Batch 2 | Loss: 0.507461
Epoch 11 Batch 3 | Loss: 0.541750
Epoch 11 Batch 4 | Loss: 0.554143
Epoch 11 Batch 5 | Loss: 0.581213
Epoch 11 Batch 6 | Loss: 0.516726
Epoch 11 Batch 7 | Loss: 0.560727
Epoch 11 Batch 8 | Loss: 0.534199
Epoch 11 Batch 9 | Loss: 0.515660
Epoch 11 Batch 10 | Loss: 0.515744
Epoch 11 Batch 11 | Loss: 0.543475
Epoch 11 Batch 12 | Loss: 0.544906
Epoch 11 Batch 13 | Loss: 0.534482
  [STABILITY] Test accuracy improved: 90.12% -> 90.70% (via EMA). Saving best params.
--- Epoch 11/30 | Loss: 0.5387 | Train Acc: 88.0% | Test Acc: 90.7% | CM: [TP:78, TN:78, FP:8, FN:8] | Progress: 36.7% | ETA: 23.4s ---
Epoch 12 Batch 1 | Loss: 0.548773 | Stats: min: -0.249, max: 0.283, mean: 0.023
Epoch 12 Batch 2 | Loss: 0.572957
Epoch 12 Batch 3 | Loss: 0.502290
Epoch 12 Batch 4 | Loss: 0.535355
Epoch 12 Batch 5 | Loss: 0.544946
Epoch 12 Batch 6 | Loss: 0.537485
Epoch 12 Batch 7 | Loss: 0.498546
Epoch 12 Batch 8 | Loss: 0.527408
Epoch 12 Batch 9 | Loss: 0.554781
Epoch 12 Batch 10 | Loss: 0.564532
Epoch 12 Batch 11 | Loss: 0.533632
Epoch 12 Batch 12 | Loss: 0.523010
Epoch 12 Batch 13 | Loss: 0.514273
--- Epoch 12/30 | Loss: 0.5352 | Train Acc: 87.5% | Test Acc: 90.7% | CM: [TP:79, TN:77, FP:9, FN:7] | Progress: 40.0% | ETA: 20.3s ---
Epoch 13 Batch 1 | Loss: 0.520165 | Stats: min: -0.356, max: 0.338, mean: 0.021
Epoch 13 Batch 2 | Loss: 0.570333
Epoch 13 Batch 3 | Loss: 0.536493
Epoch 13 Batch 4 | Loss: 0.538212
Epoch 13 Batch 5 | Loss: 0.500246
Epoch 13 Batch 6 | Loss: 0.517550
Epoch 13 Batch 7 | Loss: 0.521939
Epoch 13 Batch 8 | Loss: 0.534018
Epoch 13 Batch 9 | Loss: 0.512462
Epoch 13 Batch 10 | Loss: 0.563074
Epoch 13 Batch 11 | Loss: 0.540560
Epoch 13 Batch 12 | Loss: 0.539233
Epoch 13 Batch 13 | Loss: 0.595870
--- Epoch 13/30 | Loss: 0.5377 | Train Acc: 88.0% | Test Acc: 90.7% | CM: [TP:79, TN:77, FP:9, FN:7] | Progress: 43.3% | ETA: 17.8s ---
Epoch 14 Batch 1 | Loss: 0.525545 | Stats: min: -0.273, max: 0.210, mean: -0.035
Epoch 14 Batch 2 | Loss: 0.542285
Epoch 14 Batch 3 | Loss: 0.542777
Epoch 14 Batch 4 | Loss: 0.545835
Epoch 14 Batch 5 | Loss: 0.543636
Epoch 14 Batch 6 | Loss: 0.546328
Epoch 14 Batch 7 | Loss: 0.521661
Epoch 14 Batch 8 | Loss: 0.557828
Epoch 14 Batch 9 | Loss: 0.502508
Epoch 14 Batch 10 | Loss: 0.550381
Epoch 14 Batch 11 | Loss: 0.544349
Epoch 14 Batch 12 | Loss: 0.527863
Epoch 14 Batch 13 | Loss: 0.529083
  [STABILITY] Plateau detected. Reducing Learning Rate to 0.005000
--- Epoch 14/30 | Loss: 0.5369 | Train Acc: 87.5% | Test Acc: 90.7% | CM: [TP:79, TN:77, FP:9, FN:7] | Progress: 46.7% | ETA: 15.7s ---
Epoch 15 Batch 1 | Loss: 0.510558 | Stats: min: -0.402, max: 0.233, mean: -0.001
Epoch 15 Batch 2 | Loss: 0.571622
Epoch 15 Batch 3 | Loss: 0.514285
Epoch 15 Batch 4 | Loss: 0.530074
Epoch 15 Batch 5 | Loss: 0.553605
Epoch 15 Batch 6 | Loss: 0.572310
Epoch 15 Batch 7 | Loss: 0.523646
Epoch 15 Batch 8 | Loss: 0.505538
Epoch 15 Batch 9 | Loss: 0.536231
Epoch 15 Batch 10 | Loss: 0.529947
Epoch 15 Batch 11 | Loss: 0.540000
Epoch 15 Batch 12 | Loss: 0.511555
Epoch 15 Batch 13 | Loss: 0.558867
  [STABILITY] Test accuracy improved: 90.70% -> 91.86% (via EMA). Saving best params.
--- Epoch 15/30 | Loss: 0.5352 | Train Acc: 87.5% | Test Acc: 91.9% | CM: [TP:81, TN:77, FP:9, FN:5] | Progress: 50.0% | ETA: 13.7s ---
Epoch 16 Batch 1 | Loss: 0.548688 | Stats: min: -0.052, max: 0.186, mean: 0.070
Epoch 16 Batch 2 | Loss: 0.534756
Epoch 16 Batch 3 | Loss: 0.530256
Epoch 16 Batch 4 | Loss: 0.492142
Epoch 16 Batch 5 | Loss: 0.548245
Epoch 16 Batch 6 | Loss: 0.533126
Epoch 16 Batch 7 | Loss: 0.516321
Epoch 16 Batch 8 | Loss: 0.528049
Epoch 16 Batch 9 | Loss: 0.543918
Epoch 16 Batch 10 | Loss: 0.521509
Epoch 16 Batch 11 | Loss: 0.542265
Epoch 16 Batch 12 | Loss: 0.535417
Epoch 16 Batch 13 | Loss: 0.605508
--- Epoch 16/30 | Loss: 0.5369 | Train Acc: 87.5% | Test Acc: 91.3% | CM: [TP:81, TN:76, FP:10, FN:5] | Progress: 53.3% | ETA: 12.4s ---
Epoch 17 Batch 1 | Loss: 0.511004 | Stats: min: -0.274, max: 0.174, mean: -0.046
Epoch 17 Batch 2 | Loss: 0.560609
Epoch 17 Batch 3 | Loss: 0.549628
Epoch 17 Batch 4 | Loss: 0.534438
Epoch 17 Batch 5 | Loss: 0.541599
Epoch 17 Batch 6 | Loss: 0.546271
Epoch 17 Batch 7 | Loss: 0.514283
Epoch 17 Batch 8 | Loss: 0.513690
Epoch 17 Batch 9 | Loss: 0.536995
Epoch 17 Batch 10 | Loss: 0.564747
Epoch 17 Batch 11 | Loss: 0.509315
Epoch 17 Batch 12 | Loss: 0.511460
Epoch 17 Batch 13 | Loss: 0.530137
  [STABILITY] Test accuracy improved: 91.86% -> 92.44% (via EMA). Saving best params.
--- Epoch 17/30 | Loss: 0.5326 | Train Acc: 88.5% | Test Acc: 92.4% | CM: [TP:83, TN:76, FP:10, FN:3] | Progress: 56.7% | ETA: 10.5s ---
Epoch 18 Batch 1 | Loss: 0.560859 | Stats: min: -0.337, max: 0.089, mean: -0.089
Epoch 18 Batch 2 | Loss: 0.494700
Epoch 18 Batch 3 | Loss: 0.519973
Epoch 18 Batch 4 | Loss: 0.549325
Epoch 18 Batch 5 | Loss: 0.540618
Epoch 18 Batch 6 | Loss: 0.514347
Epoch 18 Batch 7 | Loss: 0.563250
Epoch 18 Batch 8 | Loss: 0.535584
Epoch 18 Batch 9 | Loss: 0.493173
Epoch 18 Batch 10 | Loss: 0.533206
Epoch 18 Batch 11 | Loss: 0.558610
Epoch 18 Batch 12 | Loss: 0.539827
Epoch 18 Batch 13 | Loss: 0.513775
--- Epoch 18/30 | Loss: 0.5321 | Train Acc: 89.0% | Test Acc: 92.4% | CM: [TP:83, TN:76, FP:10, FN:3] | Progress: 60.0% | ETA: 9.2s ---
Epoch 19 Batch 1 | Loss: 0.523652 | Stats: min: -0.329, max: 0.122, mean: -0.096
Epoch 19 Batch 2 | Loss: 0.524174
Epoch 19 Batch 3 | Loss: 0.538037
Epoch 19 Batch 4 | Loss: 0.536535
Epoch 19 Batch 5 | Loss: 0.554932
Epoch 19 Batch 6 | Loss: 0.510261
Epoch 19 Batch 7 | Loss: 0.530632
Epoch 19 Batch 8 | Loss: 0.546635
Epoch 19 Batch 9 | Loss: 0.548108
Epoch 19 Batch 10 | Loss: 0.511486
Epoch 19 Batch 11 | Loss: 0.551683
Epoch 19 Batch 12 | Loss: 0.503823
Epoch 19 Batch 13 | Loss: 0.546532
--- Epoch 19/30 | Loss: 0.5328 | Train Acc: 89.5% | Test Acc: 92.4% | CM: [TP:83, TN:76, FP:10, FN:3] | Progress: 63.3% | ETA: 7.9s ---
Epoch 20 Batch 1 | Loss: 0.516824 | Stats: min: -0.304, max: 0.329, mean: 0.077
Epoch 20 Batch 2 | Loss: 0.502542
Epoch 20 Batch 3 | Loss: 0.519940
Epoch 20 Batch 4 | Loss: 0.541074
Epoch 20 Batch 5 | Loss: 0.550516
Epoch 20 Batch 6 | Loss: 0.556200
Epoch 20 Batch 7 | Loss: 0.532121
Epoch 20 Batch 8 | Loss: 0.495631
Epoch 20 Batch 9 | Loss: 0.534545
Epoch 20 Batch 10 | Loss: 0.534245
Epoch 20 Batch 11 | Loss: 0.550431
Epoch 20 Batch 12 | Loss: 0.546656
Epoch 20 Batch 13 | Loss: 0.541484
  [STABILITY] Plateau detected. Reducing Learning Rate to 0.002500
--- Epoch 20/30 | Loss: 0.5325 | Train Acc: 89.5% | Test Acc: 92.4% | CM: [TP:83, TN:76, FP:10, FN:3] | Progress: 66.7% | ETA: 7.0s ---
Epoch 21 Batch 1 | Loss: 0.525581 | Stats: min: -0.259, max: 0.203, mean: -0.013
Epoch 21 Batch 2 | Loss: 0.552210
Epoch 21 Batch 3 | Loss: 0.513297
Epoch 21 Batch 4 | Loss: 0.520449
Epoch 21 Batch 5 | Loss: 0.513895
Epoch 21 Batch 6 | Loss: 0.543463
Epoch 21 Batch 7 | Loss: 0.514191
Epoch 21 Batch 8 | Loss: 0.528658
Epoch 21 Batch 9 | Loss: 0.542336
Epoch 21 Batch 10 | Loss: 0.534216
Epoch 21 Batch 11 | Loss: 0.566192
Epoch 21 Batch 12 | Loss: 0.519455
Epoch 21 Batch 13 | Loss: 0.537893
  [STABILITY] Test accuracy improved: 92.44% -> 93.02% (via EMA). Saving best params.
--- Epoch 21/30 | Loss: 0.5317 | Train Acc: 89.5% | Test Acc: 93.0% | CM: [TP:84, TN:76, FP:10, FN:2] | Progress: 70.0% | ETA: 5.9s ---
Epoch 22 Batch 1 | Loss: 0.507534 | Stats: min: -0.393, max: 0.337, mean: -0.022
Epoch 22 Batch 2 | Loss: 0.556143
Epoch 22 Batch 3 | Loss: 0.545840
Epoch 22 Batch 4 | Loss: 0.537969
Epoch 22 Batch 5 | Loss: 0.529883
Epoch 22 Batch 6 | Loss: 0.552730
Epoch 22 Batch 7 | Loss: 0.536923
Epoch 22 Batch 8 | Loss: 0.519595
Epoch 22 Batch 9 | Loss: 0.479537
Epoch 22 Batch 10 | Loss: 0.546533
Epoch 22 Batch 11 | Loss: 0.484584
Epoch 22 Batch 12 | Loss: 0.548435
Epoch 22 Batch 13 | Loss: 0.580357
--- Epoch 22/30 | Loss: 0.5328 | Train Acc: 89.5% | Test Acc: 93.0% | CM: [TP:84, TN:76, FP:10, FN:2] | Progress: 73.3% | ETA: 4.9s ---
Epoch 23 Batch 1 | Loss: 0.540448 | Stats: min: -0.297, max: 0.321, mean: -0.021
Epoch 23 Batch 2 | Loss: 0.515725
Epoch 23 Batch 3 | Loss: 0.546959
Epoch 23 Batch 4 | Loss: 0.516832
Epoch 23 Batch 5 | Loss: 0.501474
Epoch 23 Batch 6 | Loss: 0.516602
Epoch 23 Batch 7 | Loss: 0.553121
Epoch 23 Batch 8 | Loss: 0.541021
Epoch 23 Batch 9 | Loss: 0.550091
Epoch 23 Batch 10 | Loss: 0.550747
Epoch 23 Batch 11 | Loss: 0.563600
Epoch 23 Batch 12 | Loss: 0.489987
Epoch 23 Batch 13 | Loss: 0.506885
--- Epoch 23/30 | Loss: 0.5303 | Train Acc: 89.5% | Test Acc: 93.0% | CM: [TP:84, TN:76, FP:10, FN:2] | Progress: 76.7% | ETA: 4.1s ---
Epoch 24 Batch 1 | Loss: 0.510101 | Stats: min: -0.359, max: 0.288, mean: 0.037
Epoch 24 Batch 2 | Loss: 0.562847
Epoch 24 Batch 3 | Loss: 0.534255
Epoch 24 Batch 4 | Loss: 0.508434
Epoch 24 Batch 5 | Loss: 0.501195
Epoch 24 Batch 6 | Loss: 0.514997
Epoch 24 Batch 7 | Loss: 0.553123
Epoch 24 Batch 8 | Loss: 0.563478
Epoch 24 Batch 9 | Loss: 0.533986
Epoch 24 Batch 10 | Loss: 0.552314
Epoch 24 Batch 11 | Loss: 0.526281
Epoch 24 Batch 12 | Loss: 0.498930
Epoch 24 Batch 13 | Loss: 0.560219
  [STABILITY] Plateau detected. Reducing Learning Rate to 0.001250
--- Epoch 24/30 | Loss: 0.5323 | Train Acc: 89.5% | Test Acc: 93.0% | CM: [TP:84, TN:76, FP:10, FN:2] | Progress: 80.0% | ETA: 3.5s ---
Epoch 25 Batch 1 | Loss: 0.511805 | Stats: min: -0.372, max: -0.080, mean: -0.235
Epoch 25 Batch 2 | Loss: 0.510252
Epoch 25 Batch 3 | Loss: 0.523038
Epoch 25 Batch 4 | Loss: 0.535226
Epoch 25 Batch 5 | Loss: 0.554922
Epoch 25 Batch 6 | Loss: 0.532661
Epoch 25 Batch 7 | Loss: 0.521878
Epoch 25 Batch 8 | Loss: 0.541639
Epoch 25 Batch 9 | Loss: 0.494830
Epoch 25 Batch 10 | Loss: 0.545106
Epoch 25 Batch 11 | Loss: 0.544533
Epoch 25 Batch 12 | Loss: 0.550162
Epoch 25 Batch 13 | Loss: 0.536286
--- Epoch 25/30 | Loss: 0.5309 | Train Acc: 89.5% | Test Acc: 93.0% | CM: [TP:84, TN:76, FP:10, FN:2] | Progress: 83.3% | ETA: 2.7s ---
Epoch 26 Batch 1 | Loss: 0.532229 | Stats: min: -0.230, max: 0.386, mean: -0.046
Epoch 26 Batch 2 | Loss: 0.516311
Epoch 26 Batch 3 | Loss: 0.517848
Epoch 26 Batch 4 | Loss: 0.551588
Epoch 26 Batch 5 | Loss: 0.529728
Epoch 26 Batch 6 | Loss: 0.551335
Epoch 26 Batch 7 | Loss: 0.529858
Epoch 26 Batch 8 | Loss: 0.513142
Epoch 26 Batch 9 | Loss: 0.516225
Epoch 26 Batch 10 | Loss: 0.548563
Epoch 26 Batch 11 | Loss: 0.543465
Epoch 26 Batch 12 | Loss: 0.521655
Epoch 26 Batch 13 | Loss: 0.514838
--- Epoch 26/30 | Loss: 0.5298 | Train Acc: 89.5% | Test Acc: 93.0% | CM: [TP:84, TN:76, FP:10, FN:2] | Progress: 86.7% | ETA: 2.1s ---
Epoch 27 Batch 1 | Loss: 0.517660 | Stats: min: -0.211, max: 0.290, mean: 0.155
Epoch 27 Batch 2 | Loss: 0.571356
Epoch 27 Batch 3 | Loss: 0.520629
Epoch 27 Batch 4 | Loss: 0.521472
Epoch 27 Batch 5 | Loss: 0.510906
Epoch 27 Batch 6 | Loss: 0.509452
Epoch 27 Batch 7 | Loss: 0.526791
Epoch 27 Batch 8 | Loss: 0.504206
Epoch 27 Batch 9 | Loss: 0.556784
Epoch 27 Batch 10 | Loss: 0.529228
Epoch 27 Batch 11 | Loss: 0.549204
Epoch 27 Batch 12 | Loss: 0.542687
Epoch 27 Batch 13 | Loss: 0.544148
  [STABILITY] Plateau detected. Reducing Learning Rate to 0.000625
--- Epoch 27/30 | Loss: 0.5311 | Train Acc: 89.5% | Test Acc: 93.0% | CM: [TP:84, TN:76, FP:10, FN:2] | Progress: 90.0% | ETA: 1.5s ---
Epoch 28 Batch 1 | Loss: 0.516645 | Stats: min: -0.183, max: 0.324, mean: 0.131
Epoch 28 Batch 2 | Loss: 0.533651
Epoch 28 Batch 3 | Loss: 0.512716
Epoch 28 Batch 4 | Loss: 0.582748
Epoch 28 Batch 5 | Loss: 0.554466
Epoch 28 Batch 6 | Loss: 0.520834
Epoch 28 Batch 7 | Loss: 0.539071
Epoch 28 Batch 8 | Loss: 0.530227
Epoch 28 Batch 9 | Loss: 0.519611
Epoch 28 Batch 10 | Loss: 0.523478
Epoch 28 Batch 11 | Loss: 0.506212
Epoch 28 Batch 12 | Loss: 0.533621
Epoch 28 Batch 13 | Loss: 0.510172
--- Epoch 28/30 | Loss: 0.5295 | Train Acc: 89.5% | Test Acc: 93.0% | CM: [TP:84, TN:76, FP:10, FN:2] | Progress: 93.3% | ETA: 1.0s ---
Epoch 29 Batch 1 | Loss: 0.511089 | Stats: min: -0.415, max: 0.207, mean: -0.137
Epoch 29 Batch 2 | Loss: 0.533833
Epoch 29 Batch 3 | Loss: 0.538775
Epoch 29 Batch 4 | Loss: 0.501620
Epoch 29 Batch 5 | Loss: 0.542526
Epoch 29 Batch 6 | Loss: 0.572674
Epoch 29 Batch 7 | Loss: 0.516657
Epoch 29 Batch 8 | Loss: 0.515680
Epoch 29 Batch 9 | Loss: 0.526631
Epoch 29 Batch 10 | Loss: 0.552073
Epoch 29 Batch 11 | Loss: 0.528046
Epoch 29 Batch 12 | Loss: 0.523355
Epoch 29 Batch 13 | Loss: 0.531822
  [STABILITY] Test accuracy improved: 93.02% -> 93.60% (via EMA). Saving best params.
--- Epoch 29/30 | Loss: 0.5304 | Train Acc: 89.5% | Test Acc: 93.6% | CM: [TP:85, TN:76, FP:10, FN:1] | Progress: 96.7% | ETA: 0.5s ---
Epoch 30 Batch 1 | Loss: 0.509343 | Stats: min: -0.245, max: 0.373, mean: 0.109
Epoch 30 Batch 2 | Loss: 0.509051
Epoch 30 Batch 3 | Loss: 0.552610
Epoch 30 Batch 4 | Loss: 0.535026
Epoch 30 Batch 5 | Loss: 0.488856
Epoch 30 Batch 6 | Loss: 0.517911
Epoch 30 Batch 7 | Loss: 0.535354
Epoch 30 Batch 8 | Loss: 0.550641
Epoch 30 Batch 9 | Loss: 0.543000
Epoch 30 Batch 10 | Loss: 0.556628
Epoch 30 Batch 11 | Loss: 0.506371
Epoch 30 Batch 12 | Loss: 0.531104
Epoch 30 Batch 13 | Loss: 0.588962
--- Epoch 30/30 | Loss: 0.5327 | Train Acc: 89.5% | Test Acc: 93.6% | CM: [TP:85, TN:76, FP:10, FN:1] | Progress: 100.0% | ETA: 0.0s ---

Final Best Test Accuracy: 93.60%


Best Quantum Test Accuracy: 0.936
