DEBUG: Qtrainer enters train_pure_quantum_cnn. Encoding: amplitude
  Class Weights: +1 (Target): 1.00 | -1 (Rest): 1.00
Starting Training
==================================================
Epoch 1 Batch 1 | Loss: 0.779095 | Stats: min: -0.248, max: 0.005, mean: -0.111
Epoch 1 Batch 2 | Loss: 0.667092
Epoch 1 Batch 3 | Loss: 0.664716
Epoch 1 Batch 4 | Loss: 0.640887
Epoch 1 Batch 5 | Loss: 0.623995
Epoch 1 Batch 6 | Loss: 0.630115
Epoch 1 Batch 7 | Loss: 0.591133
Epoch 1 Batch 8 | Loss: 0.618912
Epoch 1 Batch 9 | Loss: 0.678175
Epoch 1 Batch 10 | Loss: 0.660819
Epoch 1 Batch 11 | Loss: 0.647136
Epoch 1 Batch 12 | Loss: 0.534542
Epoch 1 Batch 13 | Loss: 0.600013
  [STABILITY] Test accuracy improved: 0.00% -> 50.00% (via EMA). Saving best params.
--- Epoch 1/30 | Loss: 0.6413 | Train Acc: 50.0% | Test Acc: 50.0% | CM: [TP:0, TN:86, FP:0, FN:86] | Progress: 3.3% | ETA: 384.0s ---
Epoch 2 Batch 1 | Loss: 0.593400 | Stats: min: -0.166, max: 0.279, mean: 0.073
Epoch 2 Batch 2 | Loss: 0.591911
Epoch 2 Batch 3 | Loss: 0.520226
Epoch 2 Batch 4 | Loss: 0.568290
Epoch 2 Batch 5 | Loss: 0.547574
Epoch 2 Batch 6 | Loss: 0.553982
Epoch 2 Batch 7 | Loss: 0.541774
Epoch 2 Batch 8 | Loss: 0.541525
Epoch 2 Batch 9 | Loss: 0.547631
Epoch 2 Batch 10 | Loss: 0.537405
Epoch 2 Batch 11 | Loss: 0.535898
Epoch 2 Batch 12 | Loss: 0.524534
Epoch 2 Batch 13 | Loss: 0.517582
  [STABILITY] Test accuracy improved: 50.00% -> 50.58% (via EMA). Saving best params.
--- Epoch 2/30 | Loss: 0.5478 | Train Acc: 51.5% | Test Acc: 50.6% | CM: [TP:1, TN:86, FP:0, FN:85] | Progress: 6.7% | ETA: 180.1s ---
Epoch 3 Batch 1 | Loss: 0.514350 | Stats: min: -0.330, max: 0.344, mean: -0.086
Epoch 3 Batch 2 | Loss: 0.529930
Epoch 3 Batch 3 | Loss: 0.563779
Epoch 3 Batch 4 | Loss: 0.526536
Epoch 3 Batch 5 | Loss: 0.512227
Epoch 3 Batch 6 | Loss: 0.501753
Epoch 3 Batch 7 | Loss: 0.496188
Epoch 3 Batch 8 | Loss: 0.514075
Epoch 3 Batch 9 | Loss: 0.510936
Epoch 3 Batch 10 | Loss: 0.492318
Epoch 3 Batch 11 | Loss: 0.526657
Epoch 3 Batch 12 | Loss: 0.468489
Epoch 3 Batch 13 | Loss: 0.528105
  [STABILITY] Test accuracy improved: 50.58% -> 53.49% (via EMA). Saving best params.
--- Epoch 3/30 | Loss: 0.5143 | Train Acc: 54.5% | Test Acc: 53.5% | CM: [TP:8, TN:84, FP:2, FN:78] | Progress: 10.0% | ETA: 115.4s ---
Epoch 4 Batch 1 | Loss: 0.507076 | Stats: min: -0.422, max: 0.447, mean: 0.030
Epoch 4 Batch 2 | Loss: 0.487850
Epoch 4 Batch 3 | Loss: 0.531881
Epoch 4 Batch 4 | Loss: 0.491562
Epoch 4 Batch 5 | Loss: 0.450852
Epoch 4 Batch 6 | Loss: 0.504196
Epoch 4 Batch 7 | Loss: 0.494711
Epoch 4 Batch 8 | Loss: 0.440142
Epoch 4 Batch 9 | Loss: 0.466532
Epoch 4 Batch 10 | Loss: 0.462920
Epoch 4 Batch 11 | Loss: 0.477664
Epoch 4 Batch 12 | Loss: 0.498332
Epoch 4 Batch 13 | Loss: 0.480313
  [STABILITY] Test accuracy improved: 53.49% -> 62.79% (via EMA). Saving best params.
--- Epoch 4/30 | Loss: 0.4842 | Train Acc: 62.0% | Test Acc: 62.8% | CM: [TP:24, TN:84, FP:2, FN:62] | Progress: 13.3% | ETA: 85.1s ---
Epoch 5 Batch 1 | Loss: 0.451432 | Stats: min: -0.123, max: 0.447, mean: 0.181
Epoch 5 Batch 2 | Loss: 0.451916
Epoch 5 Batch 3 | Loss: 0.456743
Epoch 5 Batch 4 | Loss: 0.451311
Epoch 5 Batch 5 | Loss: 0.508508
Epoch 5 Batch 6 | Loss: 0.420180
Epoch 5 Batch 7 | Loss: 0.431388
Epoch 5 Batch 8 | Loss: 0.405078
Epoch 5 Batch 9 | Loss: 0.521248
Epoch 5 Batch 10 | Loss: 0.507797
Epoch 5 Batch 11 | Loss: 0.499207
Epoch 5 Batch 12 | Loss: 0.476140
Epoch 5 Batch 13 | Loss: 0.422761
  [STABILITY] Test accuracy improved: 62.79% -> 70.35% (via EMA). Saving best params.
--- Epoch 5/30 | Loss: 0.4618 | Train Acc: 70.0% | Test Acc: 70.3% | CM: [TP:38, TN:83, FP:3, FN:48] | Progress: 16.7% | ETA: 64.4s ---
Epoch 6 Batch 1 | Loss: 0.478935 | Stats: min: -0.403, max: 0.476, mean: 0.099
Epoch 6 Batch 2 | Loss: 0.457219
Epoch 6 Batch 3 | Loss: 0.448239
Epoch 6 Batch 4 | Loss: 0.455773
Epoch 6 Batch 5 | Loss: 0.464849
Epoch 6 Batch 6 | Loss: 0.454079
Epoch 6 Batch 7 | Loss: 0.427433
Epoch 6 Batch 8 | Loss: 0.451598
Epoch 6 Batch 9 | Loss: 0.421887
Epoch 6 Batch 10 | Loss: 0.454656
Epoch 6 Batch 11 | Loss: 0.462887
Epoch 6 Batch 12 | Loss: 0.494767
Epoch 6 Batch 13 | Loss: 0.570226
  [STABILITY] Test accuracy improved: 70.35% -> 79.65% (via EMA). Saving best params.
--- Epoch 6/30 | Loss: 0.4648 | Train Acc: 80.0% | Test Acc: 79.7% | CM: [TP:54, TN:83, FP:3, FN:32] | Progress: 20.0% | ETA: 47.1s ---
Epoch 7 Batch 1 | Loss: 0.488337 | Stats: min: -0.228, max: 0.655, mean: 0.138
Epoch 7 Batch 2 | Loss: 0.452521
Epoch 7 Batch 3 | Loss: 0.448465
Epoch 7 Batch 4 | Loss: 0.450402
Epoch 7 Batch 5 | Loss: 0.455164
Epoch 7 Batch 6 | Loss: 0.429458
Epoch 7 Batch 7 | Loss: 0.447725
Epoch 7 Batch 8 | Loss: 0.430787
Epoch 7 Batch 9 | Loss: 0.468161
Epoch 7 Batch 10 | Loss: 0.483024
Epoch 7 Batch 11 | Loss: 0.426235
Epoch 7 Batch 12 | Loss: 0.411858
Epoch 7 Batch 13 | Loss: 0.428362
  [STABILITY] Test accuracy improved: 79.65% -> 87.79% (via EMA). Saving best params.
--- Epoch 7/30 | Loss: 0.4477 | Train Acc: 86.5% | Test Acc: 87.8% | CM: [TP:68, TN:83, FP:3, FN:18] | Progress: 23.3% | ETA: 29.8s ---
Epoch 8 Batch 1 | Loss: 0.438765 | Stats: min: -0.510, max: 0.528, mean: -0.073
Epoch 8 Batch 2 | Loss: 0.430832
Epoch 8 Batch 3 | Loss: 0.518951
Epoch 8 Batch 4 | Loss: 0.447998
Epoch 8 Batch 5 | Loss: 0.425897
Epoch 8 Batch 6 | Loss: 0.429424
Epoch 8 Batch 7 | Loss: 0.429711
Epoch 8 Batch 8 | Loss: 0.434475
Epoch 8 Batch 9 | Loss: 0.476151
Epoch 8 Batch 10 | Loss: 0.411963
Epoch 8 Batch 11 | Loss: 0.455057
Epoch 8 Batch 12 | Loss: 0.422444
Epoch 8 Batch 13 | Loss: 0.476052
  [STABILITY] Test accuracy improved: 87.79% -> 89.53% (via EMA). Saving best params.
--- Epoch 8/30 | Loss: 0.4460 | Train Acc: 88.5% | Test Acc: 89.5% | CM: [TP:71, TN:83, FP:3, FN:15] | Progress: 26.7% | ETA: 18.9s ---
Epoch 9 Batch 1 | Loss: 0.447739 | Stats: min: -0.477, max: 0.426, mean: -0.075
Epoch 9 Batch 2 | Loss: 0.515706
Epoch 9 Batch 3 | Loss: 0.445629
Epoch 9 Batch 4 | Loss: 0.395651
Epoch 9 Batch 5 | Loss: 0.407060
Epoch 9 Batch 6 | Loss: 0.416690
Epoch 9 Batch 7 | Loss: 0.470690
Epoch 9 Batch 8 | Loss: 0.462016
Epoch 9 Batch 9 | Loss: 0.440451
Epoch 9 Batch 10 | Loss: 0.449398
Epoch 9 Batch 11 | Loss: 0.405863
Epoch 9 Batch 12 | Loss: 0.411365
Epoch 9 Batch 13 | Loss: 0.452372
--- Epoch 9/30 | Loss: 0.4400 | Train Acc: 89.0% | Test Acc: 89.5% | CM: [TP:72, TN:82, FP:4, FN:14] | Progress: 30.0% | ETA: 17.1s ---
Epoch 10 Batch 1 | Loss: 0.449290 | Stats: min: -0.531, max: 0.384, mean: -0.121
Epoch 10 Batch 2 | Loss: 0.452945
Epoch 10 Batch 3 | Loss: 0.418039
Epoch 10 Batch 4 | Loss: 0.472818
Epoch 10 Batch 5 | Loss: 0.450177
Epoch 10 Batch 6 | Loss: 0.410068
Epoch 10 Batch 7 | Loss: 0.430545
Epoch 10 Batch 8 | Loss: 0.399010
Epoch 10 Batch 9 | Loss: 0.400377
Epoch 10 Batch 10 | Loss: 0.427094
Epoch 10 Batch 11 | Loss: 0.425720
Epoch 10 Batch 12 | Loss: 0.473386
Epoch 10 Batch 13 | Loss: 0.460352
  [STABILITY] Test accuracy improved: 89.53% -> 90.12% (via EMA). Saving best params.
--- Epoch 10/30 | Loss: 0.4361 | Train Acc: 90.0% | Test Acc: 90.1% | CM: [TP:73, TN:82, FP:4, FN:13] | Progress: 33.3% | ETA: 13.0s ---
Epoch 11 Batch 1 | Loss: 0.354262 | Stats: min: -0.275, max: 0.646, mean: 0.234
Epoch 11 Batch 2 | Loss: 0.436840
Epoch 11 Batch 3 | Loss: 0.438287
Epoch 11 Batch 4 | Loss: 0.414818
Epoch 11 Batch 5 | Loss: 0.485740
Epoch 11 Batch 6 | Loss: 0.400961
Epoch 11 Batch 7 | Loss: 0.457607
Epoch 11 Batch 8 | Loss: 0.432518
Epoch 11 Batch 9 | Loss: 0.463094
Epoch 11 Batch 10 | Loss: 0.439473
Epoch 11 Batch 11 | Loss: 0.489116
Epoch 11 Batch 12 | Loss: 0.429283
Epoch 11 Batch 13 | Loss: 0.399670
  [STABILITY] Test accuracy improved: 90.12% -> 91.86% (via EMA). Saving best params.
--- Epoch 11/30 | Loss: 0.4340 | Train Acc: 90.0% | Test Acc: 91.9% | CM: [TP:76, TN:82, FP:4, FN:10] | Progress: 36.7% | ETA: 11.6s ---
Epoch 12 Batch 1 | Loss: 0.438424 | Stats: min: -0.246, max: 0.541, mean: 0.192
Epoch 12 Batch 2 | Loss: 0.395615
Epoch 12 Batch 3 | Loss: 0.424172
Epoch 12 Batch 4 | Loss: 0.417937
Epoch 12 Batch 5 | Loss: 0.393896
Epoch 12 Batch 6 | Loss: 0.402978
Epoch 12 Batch 7 | Loss: 0.458480
Epoch 12 Batch 8 | Loss: 0.478341
Epoch 12 Batch 9 | Loss: 0.464087
Epoch 12 Batch 10 | Loss: 0.489341
Epoch 12 Batch 11 | Loss: 0.435322
Epoch 12 Batch 12 | Loss: 0.404640
Epoch 12 Batch 13 | Loss: 0.364657
  [STABILITY] Test accuracy improved: 91.86% -> 93.60% (via EMA). Saving best params.
--- Epoch 12/30 | Loss: 0.4283 | Train Acc: 92.5% | Test Acc: 93.6% | CM: [TP:80, TN:81, FP:5, FN:6] | Progress: 40.0% | ETA: 9.9s ---
Epoch 13 Batch 1 | Loss: 0.488131 | Stats: min: -0.402, max: 0.583, mean: 0.066
Epoch 13 Batch 2 | Loss: 0.408121
Epoch 13 Batch 3 | Loss: 0.420547
Epoch 13 Batch 4 | Loss: 0.418762
Epoch 13 Batch 5 | Loss: 0.439973
Epoch 13 Batch 6 | Loss: 0.431501
Epoch 13 Batch 7 | Loss: 0.440540
Epoch 13 Batch 8 | Loss: 0.441171
Epoch 13 Batch 9 | Loss: 0.440317
Epoch 13 Batch 10 | Loss: 0.432036
Epoch 13 Batch 11 | Loss: 0.366686
Epoch 13 Batch 12 | Loss: 0.427898
Epoch 13 Batch 13 | Loss: 0.418785
--- Epoch 13/30 | Loss: 0.4288 | Train Acc: 92.0% | Test Acc: 93.6% | CM: [TP:80, TN:81, FP:5, FN:6] | Progress: 43.3% | ETA: 10.2s ---
Epoch 14 Batch 1 | Loss: 0.459980 | Stats: min: -0.371, max: 0.566, mean: 0.107
Epoch 14 Batch 2 | Loss: 0.495732
Epoch 14 Batch 3 | Loss: 0.355739
Epoch 14 Batch 4 | Loss: 0.398015
Epoch 14 Batch 5 | Loss: 0.412641
Epoch 14 Batch 6 | Loss: 0.442938
Epoch 14 Batch 7 | Loss: 0.377016
Epoch 14 Batch 8 | Loss: 0.386793
Epoch 14 Batch 9 | Loss: 0.492555
Epoch 14 Batch 10 | Loss: 0.425127
Epoch 14 Batch 11 | Loss: 0.426194
Epoch 14 Batch 12 | Loss: 0.470547
Epoch 14 Batch 13 | Loss: 0.366535
--- Epoch 14/30 | Loss: 0.4238 | Train Acc: 91.5% | Test Acc: 93.6% | CM: [TP:81, TN:80, FP:6, FN:5] | Progress: 46.7% | ETA: 10.9s ---
Epoch 15 Batch 1 | Loss: 0.424313 | Stats: min: -0.662, max: 0.359, mean: -0.325
Epoch 15 Batch 2 | Loss: 0.379877
Epoch 15 Batch 3 | Loss: 0.490421
Epoch 15 Batch 4 | Loss: 0.430926
Epoch 15 Batch 5 | Loss: 0.360313
Epoch 15 Batch 6 | Loss: 0.450900
Epoch 15 Batch 7 | Loss: 0.415534
Epoch 15 Batch 8 | Loss: 0.370811
Epoch 15 Batch 9 | Loss: 0.504038
Epoch 15 Batch 10 | Loss: 0.418257
Epoch 15 Batch 11 | Loss: 0.404074
Epoch 15 Batch 12 | Loss: 0.398075
Epoch 15 Batch 13 | Loss: 0.443013
  [STABILITY] Plateau detected. Reducing Learning Rate to 0.010000
--- Epoch 15/30 | Loss: 0.4224 | Train Acc: 90.0% | Test Acc: 93.0% | CM: [TP:81, TN:79, FP:7, FN:5] | Progress: 50.0% | ETA: 6.7s ---
Epoch 16 Batch 1 | Loss: 0.433815 | Stats: min: -0.523, max: 0.344, mean: -0.134
Epoch 16 Batch 2 | Loss: 0.374211
Epoch 16 Batch 3 | Loss: 0.397155
Epoch 16 Batch 4 | Loss: 0.403441
Epoch 16 Batch 5 | Loss: 0.439887
Epoch 16 Batch 6 | Loss: 0.429617
Epoch 16 Batch 7 | Loss: 0.433431
Epoch 16 Batch 8 | Loss: 0.411822
Epoch 16 Batch 9 | Loss: 0.395724
Epoch 16 Batch 10 | Loss: 0.375454
Epoch 16 Batch 11 | Loss: 0.485166
Epoch 16 Batch 12 | Loss: 0.447894
Epoch 16 Batch 13 | Loss: 0.405034
--- Epoch 16/30 | Loss: 0.4179 | Train Acc: 90.5% | Test Acc: 93.0% | CM: [TP:81, TN:79, FP:7, FN:5] | Progress: 53.3% | ETA: 5.7s ---
Epoch 17 Batch 1 | Loss: 0.425573 | Stats: min: -0.448, max: 0.614, mean: 0.112
Epoch 17 Batch 2 | Loss: 0.417426
Epoch 17 Batch 3 | Loss: 0.395275
Epoch 17 Batch 4 | Loss: 0.414059
Epoch 17 Batch 5 | Loss: 0.388865
Epoch 17 Batch 6 | Loss: 0.492639
Epoch 17 Batch 7 | Loss: 0.437910
Epoch 17 Batch 8 | Loss: 0.447048
Epoch 17 Batch 9 | Loss: 0.457036
Epoch 17 Batch 10 | Loss: 0.468260
Epoch 17 Batch 11 | Loss: 0.344857
Epoch 17 Batch 12 | Loss: 0.360404
Epoch 17 Batch 13 | Loss: 0.403413
--- Epoch 17/30 | Loss: 0.4194 | Train Acc: 90.0% | Test Acc: 93.0% | CM: [TP:81, TN:79, FP:7, FN:5] | Progress: 56.7% | ETA: 5.0s ---
Epoch 18 Batch 1 | Loss: 0.383391 | Stats: min: -0.572, max: 0.435, mean: 0.004
Epoch 18 Batch 2 | Loss: 0.435855
Epoch 18 Batch 3 | Loss: 0.409389
Epoch 18 Batch 4 | Loss: 0.445168
Epoch 18 Batch 5 | Loss: 0.408251
Epoch 18 Batch 6 | Loss: 0.456517
Epoch 18 Batch 7 | Loss: 0.459988
Epoch 18 Batch 8 | Loss: 0.396294
Epoch 18 Batch 9 | Loss: 0.454470
Epoch 18 Batch 10 | Loss: 0.351714
Epoch 18 Batch 11 | Loss: 0.445089
Epoch 18 Batch 12 | Loss: 0.426521
Epoch 18 Batch 13 | Loss: 0.365527
  [STABILITY] Plateau detected. Reducing Learning Rate to 0.005000
--- Epoch 18/30 | Loss: 0.4183 | Train Acc: 90.0% | Test Acc: 92.4% | CM: [TP:81, TN:78, FP:8, FN:5] | Progress: 60.0% | ETA: 5.6s ---
Epoch 19 Batch 1 | Loss: 0.413879 | Stats: min: -0.169, max: 0.585, mean: 0.165
Epoch 19 Batch 2 | Loss: 0.353762
Epoch 19 Batch 3 | Loss: 0.441513
Epoch 19 Batch 4 | Loss: 0.385225
Epoch 19 Batch 5 | Loss: 0.401957
Epoch 19 Batch 6 | Loss: 0.411165
Epoch 19 Batch 7 | Loss: 0.416430
Epoch 19 Batch 8 | Loss: 0.406050
Epoch 19 Batch 9 | Loss: 0.396829
Epoch 19 Batch 10 | Loss: 0.442458
Epoch 19 Batch 11 | Loss: 0.463090
Epoch 19 Batch 12 | Loss: 0.433350
Epoch 19 Batch 13 | Loss: 0.396266
--- Epoch 19/30 | Loss: 0.4125 | Train Acc: 90.0% | Test Acc: 92.4% | CM: [TP:81, TN:78, FP:8, FN:5] | Progress: 63.3% | ETA: 3.7s ---
Epoch 20 Batch 1 | Loss: 0.398348 | Stats: min: -0.622, max: 0.578, mean: -0.113
Epoch 20 Batch 2 | Loss: 0.452595
Epoch 20 Batch 3 | Loss: 0.406444
Epoch 20 Batch 4 | Loss: 0.391441
Epoch 20 Batch 5 | Loss: 0.413319
Epoch 20 Batch 6 | Loss: 0.445140
Epoch 20 Batch 7 | Loss: 0.361671
Epoch 20 Batch 8 | Loss: 0.396739
Epoch 20 Batch 9 | Loss: 0.406334
Epoch 20 Batch 10 | Loss: 0.435859
Epoch 20 Batch 11 | Loss: 0.409249
Epoch 20 Batch 12 | Loss: 0.458274
Epoch 20 Batch 13 | Loss: 0.384357
--- Epoch 20/30 | Loss: 0.4123 | Train Acc: 90.5% | Test Acc: 93.0% | CM: [TP:81, TN:79, FP:7, FN:5] | Progress: 66.7% | ETA: 3.1s ---
Epoch 21 Batch 1 | Loss: 0.524244 | Stats: min: -0.497, max: 0.272, mean: -0.094
Epoch 21 Batch 2 | Loss: 0.346173
Epoch 21 Batch 3 | Loss: 0.405240
Epoch 21 Batch 4 | Loss: 0.396949
Epoch 21 Batch 5 | Loss: 0.417291
Epoch 21 Batch 6 | Loss: 0.409224
Epoch 21 Batch 7 | Loss: 0.414645
Epoch 21 Batch 8 | Loss: 0.453099
Epoch 21 Batch 9 | Loss: 0.369009
Epoch 21 Batch 10 | Loss: 0.387253
Epoch 21 Batch 11 | Loss: 0.397623
Epoch 21 Batch 12 | Loss: 0.430799
Epoch 21 Batch 13 | Loss: 0.396432
  [STABILITY] Plateau detected. Reducing Learning Rate to 0.002500
--- Epoch 21/30 | Loss: 0.4114 | Train Acc: 90.5% | Test Acc: 93.6% | CM: [TP:82, TN:79, FP:7, FN:4] | Progress: 70.0% | ETA: 3.4s ---
Epoch 22 Batch 1 | Loss: 0.383753 | Stats: min: -0.681, max: 0.155, mean: -0.416
Epoch 22 Batch 2 | Loss: 0.387044
Epoch 22 Batch 3 | Loss: 0.424965
Epoch 22 Batch 4 | Loss: 0.406247
Epoch 22 Batch 5 | Loss: 0.383382
Epoch 22 Batch 6 | Loss: 0.452492
Epoch 22 Batch 7 | Loss: 0.333862
Epoch 22 Batch 8 | Loss: 0.416137
Epoch 22 Batch 9 | Loss: 0.452748
Epoch 22 Batch 10 | Loss: 0.412362
Epoch 22 Batch 11 | Loss: 0.445221
Epoch 22 Batch 12 | Loss: 0.459477
Epoch 22 Batch 13 | Loss: 0.357420
--- Epoch 22/30 | Loss: 0.4089 | Train Acc: 90.5% | Test Acc: 93.0% | CM: [TP:81, TN:79, FP:7, FN:5] | Progress: 73.3% | ETA: 2.3s ---
Epoch 23 Batch 1 | Loss: 0.451610 | Stats: min: -0.379, max: 0.522, mean: 0.201
Epoch 23 Batch 2 | Loss: 0.424228
Epoch 23 Batch 3 | Loss: 0.396474
Epoch 23 Batch 4 | Loss: 0.410280
Epoch 23 Batch 5 | Loss: 0.477061
Epoch 23 Batch 6 | Loss: 0.402487
Epoch 23 Batch 7 | Loss: 0.408538
Epoch 23 Batch 8 | Loss: 0.350725
Epoch 23 Batch 9 | Loss: 0.380425
Epoch 23 Batch 10 | Loss: 0.407883
Epoch 23 Batch 11 | Loss: 0.404401
Epoch 23 Batch 12 | Loss: 0.381493
Epoch 23 Batch 13 | Loss: 0.473484
--- Epoch 23/30 | Loss: 0.4130 | Train Acc: 90.5% | Test Acc: 93.0% | CM: [TP:81, TN:79, FP:7, FN:5] | Progress: 76.7% | ETA: 2.4s ---
Epoch 24 Batch 1 | Loss: 0.368429 | Stats: min: -0.668, max: 0.433, mean: -0.157
Epoch 24 Batch 2 | Loss: 0.423244
Epoch 24 Batch 3 | Loss: 0.327034
Epoch 24 Batch 4 | Loss: 0.427307
Epoch 24 Batch 5 | Loss: 0.403293
Epoch 24 Batch 6 | Loss: 0.472906
Epoch 24 Batch 7 | Loss: 0.354095
Epoch 24 Batch 8 | Loss: 0.460674
Epoch 24 Batch 9 | Loss: 0.477848
Epoch 24 Batch 10 | Loss: 0.417297
Epoch 24 Batch 11 | Loss: 0.448018
Epoch 24 Batch 12 | Loss: 0.381485
Epoch 24 Batch 13 | Loss: 0.328514
  [STABILITY] Plateau detected. Reducing Learning Rate to 0.001250
--- Epoch 24/30 | Loss: 0.4069 | Train Acc: 90.5% | Test Acc: 93.0% | CM: [TP:81, TN:79, FP:7, FN:5] | Progress: 80.0% | ETA: 2.7s ---
Epoch 25 Batch 1 | Loss: 0.398488 | Stats: min: -0.549, max: 0.594, mean: 0.006
Epoch 25 Batch 2 | Loss: 0.385696
Epoch 25 Batch 3 | Loss: 0.372889
Epoch 25 Batch 4 | Loss: 0.404049
Epoch 25 Batch 5 | Loss: 0.439718
Epoch 25 Batch 6 | Loss: 0.405910
Epoch 25 Batch 7 | Loss: 0.364627
Epoch 25 Batch 8 | Loss: 0.488581
Epoch 25 Batch 9 | Loss: 0.378288
Epoch 25 Batch 10 | Loss: 0.437586
Epoch 25 Batch 11 | Loss: 0.418993
Epoch 25 Batch 12 | Loss: 0.413182
Epoch 25 Batch 13 | Loss: 0.428314
--- Epoch 25/30 | Loss: 0.4105 | Train Acc: 90.5% | Test Acc: 93.0% | CM: [TP:81, TN:79, FP:7, FN:5] | Progress: 83.3% | ETA: 1.8s ---
Epoch 26 Batch 1 | Loss: 0.376932 | Stats: min: -0.628, max: 0.663, mean: -0.014
Epoch 26 Batch 2 | Loss: 0.438120
Epoch 26 Batch 3 | Loss: 0.404987
Epoch 26 Batch 4 | Loss: 0.361555
Epoch 26 Batch 5 | Loss: 0.484052
Epoch 26 Batch 6 | Loss: 0.357098
Epoch 26 Batch 7 | Loss: 0.379272
Epoch 26 Batch 8 | Loss: 0.422371
Epoch 26 Batch 9 | Loss: 0.386923
Epoch 26 Batch 10 | Loss: 0.381192
Epoch 26 Batch 11 | Loss: 0.434224
Epoch 26 Batch 12 | Loss: 0.465438
Epoch 26 Batch 13 | Loss: 0.460377
--- Epoch 26/30 | Loss: 0.4117 | Train Acc: 90.5% | Test Acc: 93.0% | CM: [TP:81, TN:79, FP:7, FN:5] | Progress: 86.7% | ETA: 1.9s ---
Epoch 27 Batch 1 | Loss: 0.465786 | Stats: min: -0.444, max: 0.576, mean: 0.135
Epoch 27 Batch 2 | Loss: 0.438100
Epoch 27 Batch 3 | Loss: 0.441022
Epoch 27 Batch 4 | Loss: 0.448568
Epoch 27 Batch 5 | Loss: 0.351093
Epoch 27 Batch 6 | Loss: 0.363935
Epoch 27 Batch 7 | Loss: 0.408885
Epoch 27 Batch 8 | Loss: 0.412728
Epoch 27 Batch 9 | Loss: 0.414582
Epoch 27 Batch 10 | Loss: 0.391010
Epoch 27 Batch 11 | Loss: 0.432012
Epoch 27 Batch 12 | Loss: 0.386250
Epoch 27 Batch 13 | Loss: 0.326707
  [STABILITY] Plateau detected. Reducing Learning Rate to 0.000625
--- Epoch 27/30 | Loss: 0.4062 | Train Acc: 90.0% | Test Acc: 93.0% | CM: [TP:81, TN:79, FP:7, FN:5] | Progress: 90.0% | ETA: 1.4s ---
Epoch 28 Batch 1 | Loss: 0.443205 | Stats: min: -0.069, max: 0.540, mean: 0.258
Epoch 28 Batch 2 | Loss: 0.446069
Epoch 28 Batch 3 | Loss: 0.336435
Epoch 28 Batch 4 | Loss: 0.418051
Epoch 28 Batch 5 | Loss: 0.368133
Epoch 28 Batch 6 | Loss: 0.388370
Epoch 28 Batch 7 | Loss: 0.420262
Epoch 28 Batch 8 | Loss: 0.373728
Epoch 28 Batch 9 | Loss: 0.445741
Epoch 28 Batch 10 | Loss: 0.430026
Epoch 28 Batch 11 | Loss: 0.382791
Epoch 28 Batch 12 | Loss: 0.457490
Epoch 28 Batch 13 | Loss: 0.412996
--- Epoch 28/30 | Loss: 0.4095 | Train Acc: 90.5% | Test Acc: 93.0% | CM: [TP:81, TN:79, FP:7, FN:5] | Progress: 93.3% | ETA: 0.9s ---
Epoch 29 Batch 1 | Loss: 0.424305 | Stats: min: -0.515, max: 0.343, mean: -0.207
Epoch 29 Batch 2 | Loss: 0.381944
Epoch 29 Batch 3 | Loss: 0.398299
Epoch 29 Batch 4 | Loss: 0.429166
Epoch 29 Batch 5 | Loss: 0.457093
Epoch 29 Batch 6 | Loss: 0.373399
Epoch 29 Batch 7 | Loss: 0.488232
Epoch 29 Batch 8 | Loss: 0.395947
Epoch 29 Batch 9 | Loss: 0.344859
Epoch 29 Batch 10 | Loss: 0.399901
Epoch 29 Batch 11 | Loss: 0.399909
Epoch 29 Batch 12 | Loss: 0.411652
Epoch 29 Batch 13 | Loss: 0.421301
--- Epoch 29/30 | Loss: 0.4097 | Train Acc: 90.5% | Test Acc: 93.0% | CM: [TP:81, TN:79, FP:7, FN:5] | Progress: 96.7% | ETA: 0.4s ---
Epoch 30 Batch 1 | Loss: 0.414538 | Stats: min: -0.547, max: 0.585, mean: 0.148
Epoch 30 Batch 2 | Loss: 0.385449
Epoch 30 Batch 3 | Loss: 0.390116
Epoch 30 Batch 4 | Loss: 0.442368
Epoch 30 Batch 5 | Loss: 0.393540
Epoch 30 Batch 6 | Loss: 0.460330
Epoch 30 Batch 7 | Loss: 0.402542
Epoch 30 Batch 8 | Loss: 0.426071
Epoch 30 Batch 9 | Loss: 0.391733
Epoch 30 Batch 10 | Loss: 0.433752
Epoch 30 Batch 11 | Loss: 0.378003
Epoch 30 Batch 12 | Loss: 0.420643
Epoch 30 Batch 13 | Loss: 0.346897
  [STABILITY] Plateau detected. Reducing Learning Rate to 0.000313
--- Epoch 30/30 | Loss: 0.4066 | Train Acc: 90.5% | Test Acc: 93.0% | CM: [TP:81, TN:79, FP:7, FN:5] | Progress: 100.0% | ETA: 0.0s ---

Final Best Test Accuracy: 93.60%


Best Quantum Test Accuracy: 0.936
