DEBUG: Qtrainer enters train_pure_quantum_cnn. Encoding: amplitude
  Class Weights: +1 (Target): 1.00 | -1 (Rest): 1.00
Starting Training
==================================================
Epoch 1 Batch 1 | Loss: 0.655189 | Stats: min: -0.195, max: 0.003, mean: -0.137
Epoch 1 Batch 2 | Loss: 0.657353
Epoch 1 Batch 3 | Loss: 0.625233
Epoch 1 Batch 4 | Loss: 0.629592
Epoch 1 Batch 5 | Loss: 0.615931
Epoch 1 Batch 6 | Loss: 0.576186
Epoch 1 Batch 7 | Loss: 0.613678
Epoch 1 Batch 8 | Loss: 0.596459
Epoch 1 Batch 9 | Loss: 0.589057
Epoch 1 Batch 10 | Loss: 0.581306
Epoch 1 Batch 11 | Loss: 0.562068
Epoch 1 Batch 12 | Loss: 0.579358
Epoch 1 Batch 13 | Loss: 0.569969
  [STABILITY] Test accuracy improved: 0.00% -> 52.91% (via EMA). Saving best params.
--- Epoch 1/30 | Loss: 0.6040 | Train Acc: 60.5% | Test Acc: 52.9% | CM: [TP:26, TN:65, FP:21, FN:60] | Progress: 3.3% | ETA: 191.2s ---
Epoch 2 Batch 1 | Loss: 0.556227 | Stats: min: -0.019, max: 0.397, mean: 0.204
Epoch 2 Batch 2 | Loss: 0.517390
Epoch 2 Batch 3 | Loss: 0.551683
Epoch 2 Batch 4 | Loss: 0.527294
Epoch 2 Batch 5 | Loss: 0.566039
Epoch 2 Batch 6 | Loss: 0.521612
Epoch 2 Batch 7 | Loss: 0.563917
Epoch 2 Batch 8 | Loss: 0.556018
Epoch 2 Batch 9 | Loss: 0.541341
Epoch 2 Batch 10 | Loss: 0.526070
Epoch 2 Batch 11 | Loss: 0.497800
Epoch 2 Batch 12 | Loss: 0.565924
Epoch 2 Batch 13 | Loss: 0.542623
  [STABILITY] Test accuracy improved: 52.91% -> 71.51% (via EMA). Saving best params.
--- Epoch 2/30 | Loss: 0.5411 | Train Acc: 77.5% | Test Acc: 71.5% | CM: [TP:55, TN:68, FP:18, FN:31] | Progress: 6.7% | ETA: 98.5s ---
Epoch 3 Batch 1 | Loss: 0.522422 | Stats: min: -0.235, max: 0.377, mean: 0.121
Epoch 3 Batch 2 | Loss: 0.497530
Epoch 3 Batch 3 | Loss: 0.503986
Epoch 3 Batch 4 | Loss: 0.471225
Epoch 3 Batch 5 | Loss: 0.497609
Epoch 3 Batch 6 | Loss: 0.539193
Epoch 3 Batch 7 | Loss: 0.475706
Epoch 3 Batch 8 | Loss: 0.478116
Epoch 3 Batch 9 | Loss: 0.535276
Epoch 3 Batch 10 | Loss: 0.521281
Epoch 3 Batch 11 | Loss: 0.495683
Epoch 3 Batch 12 | Loss: 0.517471
Epoch 3 Batch 13 | Loss: 0.507470
  [STABILITY] Test accuracy improved: 71.51% -> 77.33% (via EMA). Saving best params.
--- Epoch 3/30 | Loss: 0.5048 | Train Acc: 85.5% | Test Acc: 77.3% | CM: [TP:61, TN:72, FP:14, FN:25] | Progress: 10.0% | ETA: 75.4s ---
Epoch 4 Batch 1 | Loss: 0.468331 | Stats: min: -0.346, max: 0.459, mean: 0.191
Epoch 4 Batch 2 | Loss: 0.511223
Epoch 4 Batch 3 | Loss: 0.456707
Epoch 4 Batch 4 | Loss: 0.450144
Epoch 4 Batch 5 | Loss: 0.503781
Epoch 4 Batch 6 | Loss: 0.492854
Epoch 4 Batch 7 | Loss: 0.476402
Epoch 4 Batch 8 | Loss: 0.452673
Epoch 4 Batch 9 | Loss: 0.508150
Epoch 4 Batch 10 | Loss: 0.473432
Epoch 4 Batch 11 | Loss: 0.472577
Epoch 4 Batch 12 | Loss: 0.466701
Epoch 4 Batch 13 | Loss: 0.433592
  [STABILITY] Test accuracy improved: 77.33% -> 86.05% (via EMA). Saving best params.
--- Epoch 4/30 | Loss: 0.4744 | Train Acc: 90.5% | Test Acc: 86.0% | CM: [TP:72, TN:76, FP:10, FN:14] | Progress: 13.3% | ETA: 79.7s ---
Epoch 5 Batch 1 | Loss: 0.447256 | Stats: min: -0.266, max: 0.395, mean: 0.102
Epoch 5 Batch 2 | Loss: 0.465708
Epoch 5 Batch 3 | Loss: 0.464284
Epoch 5 Batch 4 | Loss: 0.453481
Epoch 5 Batch 5 | Loss: 0.449596
Epoch 5 Batch 6 | Loss: 0.517062
Epoch 5 Batch 7 | Loss: 0.442525
Epoch 5 Batch 8 | Loss: 0.454433
Epoch 5 Batch 9 | Loss: 0.476110
Epoch 5 Batch 10 | Loss: 0.428335
Epoch 5 Batch 11 | Loss: 0.424434
Epoch 5 Batch 12 | Loss: 0.452352
Epoch 5 Batch 13 | Loss: 0.441448
  [STABILITY] Test accuracy improved: 86.05% -> 89.53% (via EMA). Saving best params.
--- Epoch 5/30 | Loss: 0.4552 | Train Acc: 93.0% | Test Acc: 89.5% | CM: [TP:76, TN:78, FP:8, FN:10] | Progress: 16.7% | ETA: 54.0s ---
Epoch 6 Batch 1 | Loss: 0.466187 | Stats: min: -0.023, max: 0.442, mean: 0.111
Epoch 6 Batch 2 | Loss: 0.455692
Epoch 6 Batch 3 | Loss: 0.442912
Epoch 6 Batch 4 | Loss: 0.425530
Epoch 6 Batch 5 | Loss: 0.454830
Epoch 6 Batch 6 | Loss: 0.437745
Epoch 6 Batch 7 | Loss: 0.425991
Epoch 6 Batch 8 | Loss: 0.436916
Epoch 6 Batch 9 | Loss: 0.477229
Epoch 6 Batch 10 | Loss: 0.431586
Epoch 6 Batch 11 | Loss: 0.400432
Epoch 6 Batch 12 | Loss: 0.412278
Epoch 6 Batch 13 | Loss: 0.513702
  [STABILITY] Test accuracy improved: 89.53% -> 92.44% (via EMA). Saving best params.
--- Epoch 6/30 | Loss: 0.4447 | Train Acc: 94.0% | Test Acc: 92.4% | CM: [TP:78, TN:81, FP:5, FN:8] | Progress: 20.0% | ETA: 42.3s ---
Epoch 7 Batch 1 | Loss: 0.450345 | Stats: min: -0.396, max: 0.569, mean: 0.196
Epoch 7 Batch 2 | Loss: 0.452953
Epoch 7 Batch 3 | Loss: 0.438377
Epoch 7 Batch 4 | Loss: 0.464145
Epoch 7 Batch 5 | Loss: 0.415594
Epoch 7 Batch 6 | Loss: 0.454019
Epoch 7 Batch 7 | Loss: 0.478770
Epoch 7 Batch 8 | Loss: 0.428736
Epoch 7 Batch 9 | Loss: 0.413299
Epoch 7 Batch 10 | Loss: 0.391406
Epoch 7 Batch 11 | Loss: 0.417928
Epoch 7 Batch 12 | Loss: 0.410427
Epoch 7 Batch 13 | Loss: 0.429017
  [STABILITY] Test accuracy improved: 92.44% -> 93.60% (via EMA). Saving best params.
--- Epoch 7/30 | Loss: 0.4342 | Train Acc: 93.5% | Test Acc: 93.6% | CM: [TP:79, TN:82, FP:4, FN:7] | Progress: 23.3% | ETA: 24.7s ---
Epoch 8 Batch 1 | Loss: 0.428734 | Stats: min: -0.541, max: 0.374, mean: -0.223
Epoch 8 Batch 2 | Loss: 0.402764
Epoch 8 Batch 3 | Loss: 0.398096
Epoch 8 Batch 4 | Loss: 0.506621
Epoch 8 Batch 5 | Loss: 0.388897
Epoch 8 Batch 6 | Loss: 0.462096
Epoch 8 Batch 7 | Loss: 0.419221
Epoch 8 Batch 8 | Loss: 0.418696
Epoch 8 Batch 9 | Loss: 0.421204
Epoch 8 Batch 10 | Loss: 0.467382
Epoch 8 Batch 11 | Loss: 0.429716
Epoch 8 Batch 12 | Loss: 0.457523
Epoch 8 Batch 13 | Loss: 0.455202
  [STABILITY] Test accuracy improved: 93.60% -> 94.19% (via EMA). Saving best params.
--- Epoch 8/30 | Loss: 0.4351 | Train Acc: 93.5% | Test Acc: 94.2% | CM: [TP:80, TN:82, FP:4, FN:6] | Progress: 26.7% | ETA: 24.2s ---
Epoch 9 Batch 1 | Loss: 0.409868 | Stats: min: -0.386, max: 0.533, mean: 0.118
Epoch 9 Batch 2 | Loss: 0.393686
Epoch 9 Batch 3 | Loss: 0.397004
Epoch 9 Batch 4 | Loss: 0.421970
Epoch 9 Batch 5 | Loss: 0.398992
Epoch 9 Batch 6 | Loss: 0.430414
Epoch 9 Batch 7 | Loss: 0.444219
Epoch 9 Batch 8 | Loss: 0.417723
Epoch 9 Batch 9 | Loss: 0.467852
Epoch 9 Batch 10 | Loss: 0.422000
Epoch 9 Batch 11 | Loss: 0.458204
Epoch 9 Batch 12 | Loss: 0.470938
Epoch 9 Batch 13 | Loss: 0.415791
  [STABILITY] Test accuracy improved: 94.19% -> 94.77% (via EMA). Saving best params.
--- Epoch 9/30 | Loss: 0.4268 | Train Acc: 93.0% | Test Acc: 94.8% | CM: [TP:81, TN:82, FP:4, FN:5] | Progress: 30.0% | ETA: 29.9s ---
Epoch 10 Batch 1 | Loss: 0.364350 | Stats: min: -0.508, max: 0.513, mean: -0.204
Epoch 10 Batch 2 | Loss: 0.409123
Epoch 10 Batch 3 | Loss: 0.422569
Epoch 10 Batch 4 | Loss: 0.433323
Epoch 10 Batch 5 | Loss: 0.439612
Epoch 10 Batch 6 | Loss: 0.395192
Epoch 10 Batch 7 | Loss: 0.470094
Epoch 10 Batch 8 | Loss: 0.440379
Epoch 10 Batch 9 | Loss: 0.472815
Epoch 10 Batch 10 | Loss: 0.400812
Epoch 10 Batch 11 | Loss: 0.393252
Epoch 10 Batch 12 | Loss: 0.408485
Epoch 10 Batch 13 | Loss: 0.469204
--- Epoch 10/30 | Loss: 0.4246 | Train Acc: 93.0% | Test Acc: 94.8% | CM: [TP:81, TN:82, FP:4, FN:5] | Progress: 33.3% | ETA: 20.8s ---
Epoch 11 Batch 1 | Loss: 0.416050 | Stats: min: -0.478, max: 0.322, mean: -0.121
Epoch 11 Batch 2 | Loss: 0.452628
Epoch 11 Batch 3 | Loss: 0.416845
Epoch 11 Batch 4 | Loss: 0.411242
Epoch 11 Batch 5 | Loss: 0.437149
Epoch 11 Batch 6 | Loss: 0.408241
Epoch 11 Batch 7 | Loss: 0.410571
Epoch 11 Batch 8 | Loss: 0.396768
Epoch 11 Batch 9 | Loss: 0.457201
Epoch 11 Batch 10 | Loss: 0.393497
Epoch 11 Batch 11 | Loss: 0.398600
Epoch 11 Batch 12 | Loss: 0.412532
Epoch 11 Batch 13 | Loss: 0.424662
--- Epoch 11/30 | Loss: 0.4182 | Train Acc: 94.0% | Test Acc: 94.8% | CM: [TP:81, TN:82, FP:4, FN:5] | Progress: 36.7% | ETA: 11.4s ---
Epoch 12 Batch 1 | Loss: 0.399965 | Stats: min: -0.462, max: 0.502, mean: -0.090
Epoch 12 Batch 2 | Loss: 0.388348
Epoch 12 Batch 3 | Loss: 0.486056
Epoch 12 Batch 4 | Loss: 0.408114
Epoch 12 Batch 5 | Loss: 0.404471
Epoch 12 Batch 6 | Loss: 0.414853
Epoch 12 Batch 7 | Loss: 0.389645
Epoch 12 Batch 8 | Loss: 0.421813
Epoch 12 Batch 9 | Loss: 0.406872
Epoch 12 Batch 10 | Loss: 0.412346
Epoch 12 Batch 11 | Loss: 0.386247
Epoch 12 Batch 12 | Loss: 0.468263
Epoch 12 Batch 13 | Loss: 0.392824
  [STABILITY] Plateau detected. Reducing Learning Rate to 0.010000
--- Epoch 12/30 | Loss: 0.4138 | Train Acc: 94.0% | Test Acc: 94.8% | CM: [TP:81, TN:82, FP:4, FN:5] | Progress: 40.0% | ETA: 9.6s ---
Epoch 13 Batch 1 | Loss: 0.407304 | Stats: min: -0.485, max: 0.439, mean: 0.063
Epoch 13 Batch 2 | Loss: 0.407862
Epoch 13 Batch 3 | Loss: 0.354372
Epoch 13 Batch 4 | Loss: 0.381730
Epoch 13 Batch 5 | Loss: 0.396664
Epoch 13 Batch 6 | Loss: 0.490680
Epoch 13 Batch 7 | Loss: 0.385454
Epoch 13 Batch 8 | Loss: 0.405558
Epoch 13 Batch 9 | Loss: 0.409975
Epoch 13 Batch 10 | Loss: 0.443177
Epoch 13 Batch 11 | Loss: 0.429495
Epoch 13 Batch 12 | Loss: 0.438023
Epoch 13 Batch 13 | Loss: 0.307651
--- Epoch 13/30 | Loss: 0.4045 | Train Acc: 94.0% | Test Acc: 94.8% | CM: [TP:81, TN:82, FP:4, FN:5] | Progress: 43.3% | ETA: 13.3s ---
Epoch 14 Batch 1 | Loss: 0.414905 | Stats: min: -0.252, max: 0.375, mean: 0.002
Epoch 14 Batch 2 | Loss: 0.334824
Epoch 14 Batch 3 | Loss: 0.421601
Epoch 14 Batch 4 | Loss: 0.415262
Epoch 14 Batch 5 | Loss: 0.446020
Epoch 14 Batch 6 | Loss: 0.398163
Epoch 14 Batch 7 | Loss: 0.415069
Epoch 14 Batch 8 | Loss: 0.410113
Epoch 14 Batch 9 | Loss: 0.376298
Epoch 14 Batch 10 | Loss: 0.412997
Epoch 14 Batch 11 | Loss: 0.439756
Epoch 14 Batch 12 | Loss: 0.382189
Epoch 14 Batch 13 | Loss: 0.404420
--- Epoch 14/30 | Loss: 0.4055 | Train Acc: 94.0% | Test Acc: 94.8% | CM: [TP:81, TN:82, FP:4, FN:5] | Progress: 46.7% | ETA: 11.2s ---
Epoch 15 Batch 1 | Loss: 0.374376 | Stats: min: -0.263, max: 0.523, mean: 0.259
Epoch 15 Batch 2 | Loss: 0.434046
Epoch 15 Batch 3 | Loss: 0.394494
Epoch 15 Batch 4 | Loss: 0.417760
Epoch 15 Batch 5 | Loss: 0.445969
Epoch 15 Batch 6 | Loss: 0.370395
Epoch 15 Batch 7 | Loss: 0.396693
Epoch 15 Batch 8 | Loss: 0.386710
Epoch 15 Batch 9 | Loss: 0.434692
Epoch 15 Batch 10 | Loss: 0.365665
Epoch 15 Batch 11 | Loss: 0.416536
Epoch 15 Batch 12 | Loss: 0.378440
Epoch 15 Batch 13 | Loss: 0.400889
  [STABILITY] Plateau detected. Reducing Learning Rate to 0.005000
--- Epoch 15/30 | Loss: 0.4013 | Train Acc: 94.5% | Test Acc: 94.8% | CM: [TP:81, TN:82, FP:4, FN:5] | Progress: 50.0% | ETA: 7.0s ---
Epoch 16 Batch 1 | Loss: 0.404904 | Stats: min: -0.395, max: 0.132, mean: -0.165
Epoch 16 Batch 2 | Loss: 0.364634
Epoch 16 Batch 3 | Loss: 0.408372
Epoch 16 Batch 4 | Loss: 0.365645
Epoch 16 Batch 5 | Loss: 0.427471
Epoch 16 Batch 6 | Loss: 0.398280
Epoch 16 Batch 7 | Loss: 0.352785
Epoch 16 Batch 8 | Loss: 0.397098
Epoch 16 Batch 9 | Loss: 0.409013
Epoch 16 Batch 10 | Loss: 0.402548
Epoch 16 Batch 11 | Loss: 0.408980
Epoch 16 Batch 12 | Loss: 0.442863
Epoch 16 Batch 13 | Loss: 0.380533
--- Epoch 16/30 | Loss: 0.3972 | Train Acc: 94.5% | Test Acc: 94.8% | CM: [TP:81, TN:82, FP:4, FN:5] | Progress: 53.3% | ETA: 5.6s ---
Epoch 17 Batch 1 | Loss: 0.375404 | Stats: min: -0.373, max: 0.532, mean: 0.175
Epoch 17 Batch 2 | Loss: 0.366103
Epoch 17 Batch 3 | Loss: 0.410413
Epoch 17 Batch 4 | Loss: 0.402632
Epoch 17 Batch 5 | Loss: 0.391571
Epoch 17 Batch 6 | Loss: 0.389976
Epoch 17 Batch 7 | Loss: 0.392616
Epoch 17 Batch 8 | Loss: 0.395284
Epoch 17 Batch 9 | Loss: 0.444414
Epoch 17 Batch 10 | Loss: 0.390626
Epoch 17 Batch 11 | Loss: 0.409459
Epoch 17 Batch 12 | Loss: 0.390530
Epoch 17 Batch 13 | Loss: 0.364327
--- Epoch 17/30 | Loss: 0.3941 | Train Acc: 94.5% | Test Acc: 94.8% | CM: [TP:81, TN:82, FP:4, FN:5] | Progress: 56.7% | ETA: 5.1s ---
Epoch 18 Batch 1 | Loss: 0.435699 | Stats: min: -0.585, max: 0.685, mean: 0.210
Epoch 18 Batch 2 | Loss: 0.376767
Epoch 18 Batch 3 | Loss: 0.377580
Epoch 18 Batch 4 | Loss: 0.418984
Epoch 18 Batch 5 | Loss: 0.373494
Epoch 18 Batch 6 | Loss: 0.382801
Epoch 18 Batch 7 | Loss: 0.411282
Epoch 18 Batch 8 | Loss: 0.386064
Epoch 18 Batch 9 | Loss: 0.451470
Epoch 18 Batch 10 | Loss: 0.356383
Epoch 18 Batch 11 | Loss: 0.372972
Epoch 18 Batch 12 | Loss: 0.398383
Epoch 18 Batch 13 | Loss: 0.344202
  [STABILITY] Plateau detected. Reducing Learning Rate to 0.002500
--- Epoch 18/30 | Loss: 0.3912 | Train Acc: 94.5% | Test Acc: 94.8% | CM: [TP:81, TN:82, FP:4, FN:5] | Progress: 60.0% | ETA: 6.3s ---
Epoch 19 Batch 1 | Loss: 0.407644 | Stats: min: -0.542, max: 0.402, mean: 0.044
Epoch 19 Batch 2 | Loss: 0.386107
Epoch 19 Batch 3 | Loss: 0.404086
Epoch 19 Batch 4 | Loss: 0.384107
Epoch 19 Batch 5 | Loss: 0.381934
Epoch 19 Batch 6 | Loss: 0.386351
Epoch 19 Batch 7 | Loss: 0.363514
Epoch 19 Batch 8 | Loss: 0.341123
Epoch 19 Batch 9 | Loss: 0.380815
Epoch 19 Batch 10 | Loss: 0.434668
Epoch 19 Batch 11 | Loss: 0.406790
Epoch 19 Batch 12 | Loss: 0.381457
Epoch 19 Batch 13 | Loss: 0.464919
--- Epoch 19/30 | Loss: 0.3941 | Train Acc: 94.5% | Test Acc: 94.8% | CM: [TP:81, TN:82, FP:4, FN:5] | Progress: 63.3% | ETA: 3.6s ---
Epoch 20 Batch 1 | Loss: 0.423982 | Stats: min: -0.505, max: 0.345, mean: -0.078
Epoch 20 Batch 2 | Loss: 0.387282
Epoch 20 Batch 3 | Loss: 0.339848
Epoch 20 Batch 4 | Loss: 0.432915
Epoch 20 Batch 5 | Loss: 0.391871
Epoch 20 Batch 6 | Loss: 0.408620
Epoch 20 Batch 7 | Loss: 0.379224
Epoch 20 Batch 8 | Loss: 0.371610
Epoch 20 Batch 9 | Loss: 0.396172
Epoch 20 Batch 10 | Loss: 0.386793
Epoch 20 Batch 11 | Loss: 0.399045
Epoch 20 Batch 12 | Loss: 0.392108
Epoch 20 Batch 13 | Loss: 0.323438
--- Epoch 20/30 | Loss: 0.3871 | Train Acc: 94.0% | Test Acc: 94.8% | CM: [TP:81, TN:82, FP:4, FN:5] | Progress: 66.7% | ETA: 3.4s ---
Epoch 21 Batch 1 | Loss: 0.353643 | Stats: min: 0.001, max: 0.527, mean: 0.294
Epoch 21 Batch 2 | Loss: 0.398517
Epoch 21 Batch 3 | Loss: 0.357655
Epoch 21 Batch 4 | Loss: 0.358046
Epoch 21 Batch 5 | Loss: 0.383445
Epoch 21 Batch 6 | Loss: 0.449328
Epoch 21 Batch 7 | Loss: 0.395545
Epoch 21 Batch 8 | Loss: 0.378584
Epoch 21 Batch 9 | Loss: 0.422131
Epoch 21 Batch 10 | Loss: 0.353532
Epoch 21 Batch 11 | Loss: 0.386775
Epoch 21 Batch 12 | Loss: 0.428599
Epoch 21 Batch 13 | Loss: 0.380879
  [STABILITY] Plateau detected. Reducing Learning Rate to 0.001250
--- Epoch 21/30 | Loss: 0.3882 | Train Acc: 94.0% | Test Acc: 94.8% | CM: [TP:81, TN:82, FP:4, FN:5] | Progress: 70.0% | ETA: 4.2s ---
Epoch 22 Batch 1 | Loss: 0.414665 | Stats: min: -0.738, max: 0.414, mean: -0.068
Epoch 22 Batch 2 | Loss: 0.396312
Epoch 22 Batch 3 | Loss: 0.368376
Epoch 22 Batch 4 | Loss: 0.372543
Epoch 22 Batch 5 | Loss: 0.386966
Epoch 22 Batch 6 | Loss: 0.378771
Epoch 22 Batch 7 | Loss: 0.364225
Epoch 22 Batch 8 | Loss: 0.382385
Epoch 22 Batch 9 | Loss: 0.384801
Epoch 22 Batch 10 | Loss: 0.398438
Epoch 22 Batch 11 | Loss: 0.398697
Epoch 22 Batch 12 | Loss: 0.406289
Epoch 22 Batch 13 | Loss: 0.385938
--- Epoch 22/30 | Loss: 0.3876 | Train Acc: 94.5% | Test Acc: 94.8% | CM: [TP:81, TN:82, FP:4, FN:5] | Progress: 73.3% | ETA: 2.7s ---
Epoch 23 Batch 1 | Loss: 0.335433 | Stats: min: -0.364, max: 0.577, mean: 0.150
Epoch 23 Batch 2 | Loss: 0.403235
Epoch 23 Batch 3 | Loss: 0.373355
Epoch 23 Batch 4 | Loss: 0.379380
Epoch 23 Batch 5 | Loss: 0.399002
Epoch 23 Batch 6 | Loss: 0.423688
Epoch 23 Batch 7 | Loss: 0.361682
Epoch 23 Batch 8 | Loss: 0.390600
Epoch 23 Batch 9 | Loss: 0.345737
Epoch 23 Batch 10 | Loss: 0.391609
Epoch 23 Batch 11 | Loss: 0.407381
Epoch 23 Batch 12 | Loss: 0.393892
Epoch 23 Batch 13 | Loss: 0.469506
--- Epoch 23/30 | Loss: 0.3903 | Train Acc: 94.5% | Test Acc: 94.8% | CM: [TP:81, TN:82, FP:4, FN:5] | Progress: 76.7% | ETA: 3.3s ---
Epoch 24 Batch 1 | Loss: 0.373952 | Stats: min: -0.409, max: 0.632, mean: 0.266
Epoch 24 Batch 2 | Loss: 0.362623
Epoch 24 Batch 3 | Loss: 0.355775
Epoch 24 Batch 4 | Loss: 0.433300
Epoch 24 Batch 5 | Loss: 0.364908
Epoch 24 Batch 6 | Loss: 0.371461
Epoch 24 Batch 7 | Loss: 0.395251
Epoch 24 Batch 8 | Loss: 0.388728
Epoch 24 Batch 9 | Loss: 0.389865
Epoch 24 Batch 10 | Loss: 0.447928
Epoch 24 Batch 11 | Loss: 0.382671
Epoch 24 Batch 12 | Loss: 0.399723
Epoch 24 Batch 13 | Loss: 0.327520
  [STABILITY] Plateau detected. Reducing Learning Rate to 0.000625
--- Epoch 24/30 | Loss: 0.3841 | Train Acc: 94.5% | Test Acc: 94.8% | CM: [TP:81, TN:82, FP:4, FN:5] | Progress: 80.0% | ETA: 3.2s ---
Epoch 25 Batch 1 | Loss: 0.430261 | Stats: min: -0.284, max: -0.003, mean: -0.137
Epoch 25 Batch 2 | Loss: 0.378967
Epoch 25 Batch 3 | Loss: 0.386142
Epoch 25 Batch 4 | Loss: 0.397767
Epoch 25 Batch 5 | Loss: 0.363369
Epoch 25 Batch 6 | Loss: 0.375354
Epoch 25 Batch 7 | Loss: 0.408044
Epoch 25 Batch 8 | Loss: 0.386301
Epoch 25 Batch 9 | Loss: 0.380788
Epoch 25 Batch 10 | Loss: 0.379819
Epoch 25 Batch 11 | Loss: 0.341078
Epoch 25 Batch 12 | Loss: 0.407389
Epoch 25 Batch 13 | Loss: 0.379100
--- Epoch 25/30 | Loss: 0.3857 | Train Acc: 94.5% | Test Acc: 94.8% | CM: [TP:81, TN:82, FP:4, FN:5] | Progress: 83.3% | ETA: 2.4s ---
Epoch 26 Batch 1 | Loss: 0.375163 | Stats: min: -0.488, max: 0.640, mean: 0.093
Epoch 26 Batch 2 | Loss: 0.341631
Epoch 26 Batch 3 | Loss: 0.392511
Epoch 26 Batch 4 | Loss: 0.422822
Epoch 26 Batch 5 | Loss: 0.401220
Epoch 26 Batch 6 | Loss: 0.425801
Epoch 26 Batch 7 | Loss: 0.374760
Epoch 26 Batch 8 | Loss: 0.386734
Epoch 26 Batch 9 | Loss: 0.365820
Epoch 26 Batch 10 | Loss: 0.420418
Epoch 26 Batch 11 | Loss: 0.400827
Epoch 26 Batch 12 | Loss: 0.337689
Epoch 26 Batch 13 | Loss: 0.349008
  [STABILITY] Test accuracy improved: 94.77% -> 95.35% (via EMA). Saving best params.
--- Epoch 26/30 | Loss: 0.3842 | Train Acc: 95.0% | Test Acc: 95.3% | CM: [TP:82, TN:82, FP:4, FN:4] | Progress: 86.7% | ETA: 1.5s ---
Epoch 27 Batch 1 | Loss: 0.369800 | Stats: min: -0.657, max: 0.614, mean: -0.134
Epoch 27 Batch 2 | Loss: 0.423493
Epoch 27 Batch 3 | Loss: 0.381083
Epoch 27 Batch 4 | Loss: 0.356256
Epoch 27 Batch 5 | Loss: 0.401826
Epoch 27 Batch 6 | Loss: 0.381126
Epoch 27 Batch 7 | Loss: 0.391701
Epoch 27 Batch 8 | Loss: 0.402730
Epoch 27 Batch 9 | Loss: 0.368176
Epoch 27 Batch 10 | Loss: 0.332408
Epoch 27 Batch 11 | Loss: 0.409983
Epoch 27 Batch 12 | Loss: 0.388294
Epoch 27 Batch 13 | Loss: 0.423157
--- Epoch 27/30 | Loss: 0.3869 | Train Acc: 95.0% | Test Acc: 95.3% | CM: [TP:82, TN:82, FP:4, FN:4] | Progress: 90.0% | ETA: 0.8s ---
Epoch 28 Batch 1 | Loss: 0.380321 | Stats: min: -0.274, max: 0.615, mean: 0.303
Epoch 28 Batch 2 | Loss: 0.388576
Epoch 28 Batch 3 | Loss: 0.382096
Epoch 28 Batch 4 | Loss: 0.376605
Epoch 28 Batch 5 | Loss: 0.381851
Epoch 28 Batch 6 | Loss: 0.357575
Epoch 28 Batch 7 | Loss: 0.376675
Epoch 28 Batch 8 | Loss: 0.390679
Epoch 28 Batch 9 | Loss: 0.380027
Epoch 28 Batch 10 | Loss: 0.397117
Epoch 28 Batch 11 | Loss: 0.418498
Epoch 28 Batch 12 | Loss: 0.399650
Epoch 28 Batch 13 | Loss: 0.368141
--- Epoch 28/30 | Loss: 0.3844 | Train Acc: 95.0% | Test Acc: 95.3% | CM: [TP:82, TN:82, FP:4, FN:4] | Progress: 93.3% | ETA: 0.5s ---
Epoch 29 Batch 1 | Loss: 0.306866 | Stats: min: -0.533, max: 0.602, mean: -0.074
Epoch 29 Batch 2 | Loss: 0.347243
Epoch 29 Batch 3 | Loss: 0.429192
Epoch 29 Batch 4 | Loss: 0.398981
Epoch 29 Batch 5 | Loss: 0.400662
Epoch 29 Batch 6 | Loss: 0.402488
Epoch 29 Batch 7 | Loss: 0.403268
Epoch 29 Batch 8 | Loss: 0.360097
Epoch 29 Batch 9 | Loss: 0.376105
Epoch 29 Batch 10 | Loss: 0.425823
Epoch 29 Batch 11 | Loss: 0.352896
Epoch 29 Batch 12 | Loss: 0.400496
Epoch 29 Batch 13 | Loss: 0.416595
  [STABILITY] Plateau detected. Reducing Learning Rate to 0.000313
--- Epoch 29/30 | Loss: 0.3862 | Train Acc: 95.0% | Test Acc: 95.3% | CM: [TP:82, TN:82, FP:4, FN:4] | Progress: 96.7% | ETA: 0.3s ---
Epoch 30 Batch 1 | Loss: 0.380344 | Stats: min: -0.517, max: 0.553, mean: 0.189
Epoch 30 Batch 2 | Loss: 0.369658
Epoch 30 Batch 3 | Loss: 0.384390
Epoch 30 Batch 4 | Loss: 0.428654
Epoch 30 Batch 5 | Loss: 0.376198
Epoch 30 Batch 6 | Loss: 0.403756
Epoch 30 Batch 7 | Loss: 0.398089
Epoch 30 Batch 8 | Loss: 0.338104
Epoch 30 Batch 9 | Loss: 0.386150
Epoch 30 Batch 10 | Loss: 0.380388
Epoch 30 Batch 11 | Loss: 0.367094
Epoch 30 Batch 12 | Loss: 0.377205
Epoch 30 Batch 13 | Loss: 0.438669
--- Epoch 30/30 | Loss: 0.3868 | Train Acc: 94.5% | Test Acc: 95.3% | CM: [TP:82, TN:82, FP:4, FN:4] | Progress: 100.0% | ETA: 0.0s ---

Final Best Test Accuracy: 95.35%


Best Quantum Test Accuracy: 0.953
