DEBUG: Qtrainer enters train_pure_quantum_cnn. Encoding: amplitude
  Class Weights: +1 (Target): 1.00 | -1 (Rest): 1.00
Starting Training
==================================================
Epoch 1 Batch 1 | Loss: 0.619263 | Stats: min: -0.377, max: -0.217, mean: -0.289
Epoch 1 Batch 2 | Loss: 0.803037
Epoch 1 Batch 3 | Loss: 0.665018
Epoch 1 Batch 4 | Loss: 0.683330
Epoch 1 Batch 5 | Loss: 0.649073
Epoch 1 Batch 6 | Loss: 0.629307
Epoch 1 Batch 7 | Loss: 0.616444
Epoch 1 Batch 8 | Loss: 0.606488
Epoch 1 Batch 9 | Loss: 0.565962
Epoch 1 Batch 10 | Loss: 0.578732
Epoch 1 Batch 11 | Loss: 0.572348
Epoch 1 Batch 12 | Loss: 0.547267
Epoch 1 Batch 13 | Loss: 0.604071
  [STABILITY] Test accuracy improved: 0.00% -> 50.00% (via EMA). Saving best params.
--- Epoch 1/30 | Loss: 0.6262 | Train Acc: 46.5% | Test Acc: 50.0% | CM: [TP:0, TN:86, FP:0, FN:86] | Progress: 3.3% | ETA: 381.2s ---
Epoch 2 Batch 1 | Loss: 0.593943 | Stats: min: -0.096, max: 0.320, mean: 0.036
Epoch 2 Batch 2 | Loss: 0.545115
Epoch 2 Batch 3 | Loss: 0.568928
Epoch 2 Batch 4 | Loss: 0.546605
Epoch 2 Batch 5 | Loss: 0.547524
Epoch 2 Batch 6 | Loss: 0.535822
Epoch 2 Batch 7 | Loss: 0.486963
Epoch 2 Batch 8 | Loss: 0.557390
Epoch 2 Batch 9 | Loss: 0.533042
Epoch 2 Batch 10 | Loss: 0.501802
Epoch 2 Batch 11 | Loss: 0.540417
Epoch 2 Batch 12 | Loss: 0.477381
Epoch 2 Batch 13 | Loss: 0.616698
--- Epoch 2/30 | Loss: 0.5424 | Train Acc: 46.5% | Test Acc: 50.0% | CM: [TP:0, TN:86, FP:0, FN:86] | Progress: 6.7% | ETA: 180.3s ---
Epoch 3 Batch 1 | Loss: 0.507157 | Stats: min: -0.200, max: 0.481, mean: 0.248
Epoch 3 Batch 2 | Loss: 0.532270
Epoch 3 Batch 3 | Loss: 0.486665
Epoch 3 Batch 4 | Loss: 0.503690
Epoch 3 Batch 5 | Loss: 0.559239
Epoch 3 Batch 6 | Loss: 0.466502
Epoch 3 Batch 7 | Loss: 0.520415
Epoch 3 Batch 8 | Loss: 0.528011
Epoch 3 Batch 9 | Loss: 0.477965
Epoch 3 Batch 10 | Loss: 0.551180
Epoch 3 Batch 11 | Loss: 0.488777
Epoch 3 Batch 12 | Loss: 0.528731
Epoch 3 Batch 13 | Loss: 0.490099
--- Epoch 3/30 | Loss: 0.5108 | Train Acc: 47.0% | Test Acc: 50.0% | CM: [TP:0, TN:86, FP:0, FN:86] | Progress: 10.0% | ETA: 116.4s ---
Epoch 4 Batch 1 | Loss: 0.489663 | Stats: min: -0.299, max: 0.407, mean: 0.041
Epoch 4 Batch 2 | Loss: 0.455604
Epoch 4 Batch 3 | Loss: 0.499997
Epoch 4 Batch 4 | Loss: 0.473251
Epoch 4 Batch 5 | Loss: 0.496380
Epoch 4 Batch 6 | Loss: 0.543823
Epoch 4 Batch 7 | Loss: 0.511169
Epoch 4 Batch 8 | Loss: 0.452866
Epoch 4 Batch 9 | Loss: 0.504216
Epoch 4 Batch 10 | Loss: 0.516078
Epoch 4 Batch 11 | Loss: 0.523599
Epoch 4 Batch 12 | Loss: 0.528912
Epoch 4 Batch 13 | Loss: 0.408364
  [STABILITY] Test accuracy improved: 50.00% -> 64.53% (via EMA). Saving best params.
--- Epoch 4/30 | Loss: 0.4926 | Train Acc: 61.5% | Test Acc: 64.5% | CM: [TP:25, TN:86, FP:0, FN:61] | Progress: 13.3% | ETA: 85.5s ---
Epoch 5 Batch 1 | Loss: 0.443631 | Stats: min: -0.208, max: 0.472, mean: 0.291
Epoch 5 Batch 2 | Loss: 0.442860
Epoch 5 Batch 3 | Loss: 0.529547
Epoch 5 Batch 4 | Loss: 0.547538
Epoch 5 Batch 5 | Loss: 0.520972
Epoch 5 Batch 6 | Loss: 0.503427
Epoch 5 Batch 7 | Loss: 0.507432
Epoch 5 Batch 8 | Loss: 0.464835
Epoch 5 Batch 9 | Loss: 0.488273
Epoch 5 Batch 10 | Loss: 0.488888
Epoch 5 Batch 11 | Loss: 0.488121
Epoch 5 Batch 12 | Loss: 0.477292
Epoch 5 Batch 13 | Loss: 0.419537
  [STABILITY] Test accuracy improved: 64.53% -> 80.81% (via EMA). Saving best params.
--- Epoch 5/30 | Loss: 0.4863 | Train Acc: 78.5% | Test Acc: 80.8% | CM: [TP:54, TN:85, FP:1, FN:32] | Progress: 16.7% | ETA: 32.8s ---
Epoch 6 Batch 1 | Loss: 0.499703 | Stats: min: -0.064, max: 0.505, mean: 0.237
Epoch 6 Batch 2 | Loss: 0.437372
Epoch 6 Batch 3 | Loss: 0.504076
Epoch 6 Batch 4 | Loss: 0.456992
Epoch 6 Batch 5 | Loss: 0.537965
Epoch 6 Batch 6 | Loss: 0.439659
Epoch 6 Batch 7 | Loss: 0.499680
Epoch 6 Batch 8 | Loss: 0.447722
Epoch 6 Batch 9 | Loss: 0.516872
Epoch 6 Batch 10 | Loss: 0.498677
Epoch 6 Batch 11 | Loss: 0.466917
Epoch 6 Batch 12 | Loss: 0.487518
Epoch 6 Batch 13 | Loss: 0.491903
  [STABILITY] Test accuracy improved: 80.81% -> 88.95% (via EMA). Saving best params.
--- Epoch 6/30 | Loss: 0.4835 | Train Acc: 85.5% | Test Acc: 89.0% | CM: [TP:73, TN:80, FP:6, FN:13] | Progress: 20.0% | ETA: 26.2s ---
Epoch 7 Batch 1 | Loss: 0.485908 | Stats: min: -0.464, max: 0.464, mean: -0.101
Epoch 7 Batch 2 | Loss: 0.488151
Epoch 7 Batch 3 | Loss: 0.474847
Epoch 7 Batch 4 | Loss: 0.503046
Epoch 7 Batch 5 | Loss: 0.453744
Epoch 7 Batch 6 | Loss: 0.467973
Epoch 7 Batch 7 | Loss: 0.519280
Epoch 7 Batch 8 | Loss: 0.486697
Epoch 7 Batch 9 | Loss: 0.466989
Epoch 7 Batch 10 | Loss: 0.508911
Epoch 7 Batch 11 | Loss: 0.477948
Epoch 7 Batch 12 | Loss: 0.442810
Epoch 7 Batch 13 | Loss: 0.444091
  [STABILITY] Test accuracy improved: 88.95% -> 90.70% (via EMA). Saving best params.
--- Epoch 7/30 | Loss: 0.4785 | Train Acc: 90.0% | Test Acc: 90.7% | CM: [TP:80, TN:76, FP:10, FN:6] | Progress: 23.3% | ETA: 21.7s ---
Epoch 8 Batch 1 | Loss: 0.535693 | Stats: min: -0.074, max: 0.567, mean: 0.294
Epoch 8 Batch 2 | Loss: 0.474840
Epoch 8 Batch 3 | Loss: 0.395328
Epoch 8 Batch 4 | Loss: 0.496572
Epoch 8 Batch 5 | Loss: 0.481111
Epoch 8 Batch 6 | Loss: 0.469246
Epoch 8 Batch 7 | Loss: 0.463480
Epoch 8 Batch 8 | Loss: 0.529716
Epoch 8 Batch 9 | Loss: 0.495516
Epoch 8 Batch 10 | Loss: 0.462585
Epoch 8 Batch 11 | Loss: 0.440685
Epoch 8 Batch 12 | Loss: 0.475771
Epoch 8 Batch 13 | Loss: 0.420820
--- Epoch 8/30 | Loss: 0.4724 | Train Acc: 90.5% | Test Acc: 90.1% | CM: [TP:82, TN:73, FP:13, FN:4] | Progress: 26.7% | ETA: 18.5s ---
Epoch 9 Batch 1 | Loss: 0.530741 | Stats: min: -0.256, max: 0.451, mean: 0.155
Epoch 9 Batch 2 | Loss: 0.471090
Epoch 9 Batch 3 | Loss: 0.442844
Epoch 9 Batch 4 | Loss: 0.495320
Epoch 9 Batch 5 | Loss: 0.522731
Epoch 9 Batch 6 | Loss: 0.445082
Epoch 9 Batch 7 | Loss: 0.492150
Epoch 9 Batch 8 | Loss: 0.427625
Epoch 9 Batch 9 | Loss: 0.429404
Epoch 9 Batch 10 | Loss: 0.466050
Epoch 9 Batch 11 | Loss: 0.412789
Epoch 9 Batch 12 | Loss: 0.476477
Epoch 9 Batch 13 | Loss: 0.440889
--- Epoch 9/30 | Loss: 0.4656 | Train Acc: 89.5% | Test Acc: 88.4% | CM: [TP:82, TN:70, FP:16, FN:4] | Progress: 30.0% | ETA: 15.3s ---
Epoch 10 Batch 1 | Loss: 0.443334 | Stats: min: -0.283, max: 0.418, mean: 0.087
Epoch 10 Batch 2 | Loss: 0.469090
Epoch 10 Batch 3 | Loss: 0.433776
Epoch 10 Batch 4 | Loss: 0.415227
Epoch 10 Batch 5 | Loss: 0.431727
Epoch 10 Batch 6 | Loss: 0.477146
Epoch 10 Batch 7 | Loss: 0.474966
Epoch 10 Batch 8 | Loss: 0.443867
Epoch 10 Batch 9 | Loss: 0.514667
Epoch 10 Batch 10 | Loss: 0.414777
Epoch 10 Batch 11 | Loss: 0.436605
Epoch 10 Batch 12 | Loss: 0.506323
Epoch 10 Batch 13 | Loss: 0.486772
  [STABILITY] Plateau detected. Reducing Learning Rate to 0.010000
--- Epoch 10/30 | Loss: 0.4576 | Train Acc: 89.5% | Test Acc: 86.6% | CM: [TP:82, TN:67, FP:19, FN:4] | Progress: 33.3% | ETA: 13.1s ---
Epoch 11 Batch 1 | Loss: 0.487866 | Stats: min: -0.569, max: 0.219, mean: -0.192
Epoch 11 Batch 2 | Loss: 0.444556
Epoch 11 Batch 3 | Loss: 0.473595
Epoch 11 Batch 4 | Loss: 0.478082
Epoch 11 Batch 5 | Loss: 0.425543
Epoch 11 Batch 6 | Loss: 0.470493
Epoch 11 Batch 7 | Loss: 0.423712
Epoch 11 Batch 8 | Loss: 0.431440
Epoch 11 Batch 9 | Loss: 0.445811
Epoch 11 Batch 10 | Loss: 0.470673
Epoch 11 Batch 11 | Loss: 0.453707
Epoch 11 Batch 12 | Loss: 0.427079
Epoch 11 Batch 13 | Loss: 0.418354
--- Epoch 11/30 | Loss: 0.4501 | Train Acc: 88.5% | Test Acc: 86.6% | CM: [TP:82, TN:67, FP:19, FN:4] | Progress: 36.7% | ETA: 11.5s ---
Epoch 12 Batch 1 | Loss: 0.510998 | Stats: min: -0.361, max: 0.485, mean: 0.027
Epoch 12 Batch 2 | Loss: 0.487906
Epoch 12 Batch 3 | Loss: 0.469732
Epoch 12 Batch 4 | Loss: 0.451515
Epoch 12 Batch 5 | Loss: 0.466054
Epoch 12 Batch 6 | Loss: 0.446814
Epoch 12 Batch 7 | Loss: 0.404052
Epoch 12 Batch 8 | Loss: 0.408343
Epoch 12 Batch 9 | Loss: 0.415189
Epoch 12 Batch 10 | Loss: 0.417450
Epoch 12 Batch 11 | Loss: 0.449943
Epoch 12 Batch 12 | Loss: 0.428943
Epoch 12 Batch 13 | Loss: 0.413198
--- Epoch 12/30 | Loss: 0.4439 | Train Acc: 88.5% | Test Acc: 87.2% | CM: [TP:83, TN:67, FP:19, FN:3] | Progress: 40.0% | ETA: 9.8s ---
Epoch 13 Batch 1 | Loss: 0.443477 | Stats: min: -0.333, max: 0.312, mean: -0.103
Epoch 13 Batch 2 | Loss: 0.443683
Epoch 13 Batch 3 | Loss: 0.432998
Epoch 13 Batch 4 | Loss: 0.432237
Epoch 13 Batch 5 | Loss: 0.424937
Epoch 13 Batch 6 | Loss: 0.426837
Epoch 13 Batch 7 | Loss: 0.416541
Epoch 13 Batch 8 | Loss: 0.440748
Epoch 13 Batch 9 | Loss: 0.397806
Epoch 13 Batch 10 | Loss: 0.554587
Epoch 13 Batch 11 | Loss: 0.415780
Epoch 13 Batch 12 | Loss: 0.428694
Epoch 13 Batch 13 | Loss: 0.487128
  [STABILITY] Plateau detected. Reducing Learning Rate to 0.005000
--- Epoch 13/30 | Loss: 0.4420 | Train Acc: 88.0% | Test Acc: 85.5% | CM: [TP:82, TN:65, FP:21, FN:4] | Progress: 43.3% | ETA: 8.6s ---
Epoch 14 Batch 1 | Loss: 0.406756 | Stats: min: -0.478, max: 0.443, mean: -0.176
Epoch 14 Batch 2 | Loss: 0.407109
Epoch 14 Batch 3 | Loss: 0.440996
Epoch 14 Batch 4 | Loss: 0.496206
Epoch 14 Batch 5 | Loss: 0.452572
Epoch 14 Batch 6 | Loss: 0.513783
Epoch 14 Batch 7 | Loss: 0.385108
Epoch 14 Batch 8 | Loss: 0.418101
Epoch 14 Batch 9 | Loss: 0.454187
Epoch 14 Batch 10 | Loss: 0.416216
Epoch 14 Batch 11 | Loss: 0.382468
Epoch 14 Batch 12 | Loss: 0.493660
Epoch 14 Batch 13 | Loss: 0.386372
--- Epoch 14/30 | Loss: 0.4349 | Train Acc: 88.0% | Test Acc: 85.5% | CM: [TP:82, TN:65, FP:21, FN:4] | Progress: 46.7% | ETA: 7.5s ---
Epoch 15 Batch 1 | Loss: 0.441686 | Stats: min: -0.319, max: 0.239, mean: -0.013
Epoch 15 Batch 2 | Loss: 0.515109
Epoch 15 Batch 3 | Loss: 0.409440
Epoch 15 Batch 4 | Loss: 0.486487
Epoch 15 Batch 5 | Loss: 0.415657
Epoch 15 Batch 6 | Loss: 0.413396
Epoch 15 Batch 7 | Loss: 0.435759
Epoch 15 Batch 8 | Loss: 0.461784
Epoch 15 Batch 9 | Loss: 0.359177
Epoch 15 Batch 10 | Loss: 0.396641
Epoch 15 Batch 11 | Loss: 0.488363
Epoch 15 Batch 12 | Loss: 0.432391
Epoch 15 Batch 13 | Loss: 0.362199
--- Epoch 15/30 | Loss: 0.4322 | Train Acc: 88.0% | Test Acc: 86.0% | CM: [TP:82, TN:66, FP:20, FN:4] | Progress: 50.0% | ETA: 6.5s ---
Epoch 16 Batch 1 | Loss: 0.459215 | Stats: min: -0.452, max: 0.446, mean: -0.036
Epoch 16 Batch 2 | Loss: 0.409907
Epoch 16 Batch 3 | Loss: 0.416227
Epoch 16 Batch 4 | Loss: 0.458902
Epoch 16 Batch 5 | Loss: 0.429695
Epoch 16 Batch 6 | Loss: 0.416265
Epoch 16 Batch 7 | Loss: 0.426998
Epoch 16 Batch 8 | Loss: 0.432140
Epoch 16 Batch 9 | Loss: 0.444943
Epoch 16 Batch 10 | Loss: 0.493931
Epoch 16 Batch 11 | Loss: 0.363403
Epoch 16 Batch 12 | Loss: 0.454913
Epoch 16 Batch 13 | Loss: 0.410286
  [STABILITY] Plateau detected. Reducing Learning Rate to 0.002500
--- Epoch 16/30 | Loss: 0.4321 | Train Acc: 88.0% | Test Acc: 86.6% | CM: [TP:82, TN:67, FP:19, FN:4] | Progress: 53.3% | ETA: 5.7s ---
Epoch 17 Batch 1 | Loss: 0.405166 | Stats: min: -0.552, max: 0.406, mean: -0.265
Epoch 17 Batch 2 | Loss: 0.464396
Epoch 17 Batch 3 | Loss: 0.422118
Epoch 17 Batch 4 | Loss: 0.468663
Epoch 17 Batch 5 | Loss: 0.517628
Epoch 17 Batch 6 | Loss: 0.439579
Epoch 17 Batch 7 | Loss: 0.420032
Epoch 17 Batch 8 | Loss: 0.350744
Epoch 17 Batch 9 | Loss: 0.421583
Epoch 17 Batch 10 | Loss: 0.398019
Epoch 17 Batch 11 | Loss: 0.428126
Epoch 17 Batch 12 | Loss: 0.439067
Epoch 17 Batch 13 | Loss: 0.428416
--- Epoch 17/30 | Loss: 0.4310 | Train Acc: 88.0% | Test Acc: 86.0% | CM: [TP:82, TN:66, FP:20, FN:4] | Progress: 56.7% | ETA: 4.9s ---
Epoch 18 Batch 1 | Loss: 0.409125 | Stats: min: -0.438, max: 0.635, mean: 0.064
Epoch 18 Batch 2 | Loss: 0.421672
Epoch 18 Batch 3 | Loss: 0.472458
Epoch 18 Batch 4 | Loss: 0.470144
Epoch 18 Batch 5 | Loss: 0.397704
Epoch 18 Batch 6 | Loss: 0.410239
Epoch 18 Batch 7 | Loss: 0.440349
Epoch 18 Batch 8 | Loss: 0.425917
Epoch 18 Batch 9 | Loss: 0.408425
Epoch 18 Batch 10 | Loss: 0.431239
Epoch 18 Batch 11 | Loss: 0.430440
Epoch 18 Batch 12 | Loss: 0.433113
Epoch 18 Batch 13 | Loss: 0.453856
--- Epoch 18/30 | Loss: 0.4311 | Train Acc: 88.0% | Test Acc: 86.0% | CM: [TP:82, TN:66, FP:20, FN:4] | Progress: 60.0% | ETA: 4.4s ---
Epoch 19 Batch 1 | Loss: 0.474635 | Stats: min: -0.453, max: 0.573, mean: 0.185
Epoch 19 Batch 2 | Loss: 0.405342
Epoch 19 Batch 3 | Loss: 0.406067
Epoch 19 Batch 4 | Loss: 0.403092
Epoch 19 Batch 5 | Loss: 0.447486
Epoch 19 Batch 6 | Loss: 0.428671
Epoch 19 Batch 7 | Loss: 0.461817
Epoch 19 Batch 8 | Loss: 0.424663
Epoch 19 Batch 9 | Loss: 0.459995
Epoch 19 Batch 10 | Loss: 0.380936
Epoch 19 Batch 11 | Loss: 0.433120
Epoch 19 Batch 12 | Loss: 0.454219
Epoch 19 Batch 13 | Loss: 0.371768
  [STABILITY] Plateau detected. Reducing Learning Rate to 0.001250
--- Epoch 19/30 | Loss: 0.4271 | Train Acc: 88.0% | Test Acc: 86.0% | CM: [TP:82, TN:66, FP:20, FN:4] | Progress: 63.3% | ETA: 4.4s ---
Epoch 20 Batch 1 | Loss: 0.410756 | Stats: min: -0.598, max: 0.417, mean: -0.137
Epoch 20 Batch 2 | Loss: 0.461315
Epoch 20 Batch 3 | Loss: 0.384052
Epoch 20 Batch 4 | Loss: 0.460501
Epoch 20 Batch 5 | Loss: 0.369773
Epoch 20 Batch 6 | Loss: 0.390583
Epoch 20 Batch 7 | Loss: 0.414402
Epoch 20 Batch 8 | Loss: 0.402149
Epoch 20 Batch 9 | Loss: 0.448207
Epoch 20 Batch 10 | Loss: 0.396569
Epoch 20 Batch 11 | Loss: 0.491133
Epoch 20 Batch 12 | Loss: 0.512221
Epoch 20 Batch 13 | Loss: 0.422307
--- Epoch 20/30 | Loss: 0.4280 | Train Acc: 88.0% | Test Acc: 86.6% | CM: [TP:82, TN:67, FP:19, FN:4] | Progress: 66.7% | ETA: 3.2s ---
Epoch 21 Batch 1 | Loss: 0.477270 | Stats: min: -0.508, max: 0.422, mean: -0.286
Epoch 21 Batch 2 | Loss: 0.384064
Epoch 21 Batch 3 | Loss: 0.433415
Epoch 21 Batch 4 | Loss: 0.460364
Epoch 21 Batch 5 | Loss: 0.397821
Epoch 21 Batch 6 | Loss: 0.453268
Epoch 21 Batch 7 | Loss: 0.429745
Epoch 21 Batch 8 | Loss: 0.408142
Epoch 21 Batch 9 | Loss: 0.454443
Epoch 21 Batch 10 | Loss: 0.401473
Epoch 21 Batch 11 | Loss: 0.434531
Epoch 21 Batch 12 | Loss: 0.404796
Epoch 21 Batch 13 | Loss: 0.416010
--- Epoch 21/30 | Loss: 0.4273 | Train Acc: 88.0% | Test Acc: 86.6% | CM: [TP:82, TN:67, FP:19, FN:4] | Progress: 70.0% | ETA: 2.8s ---
Epoch 22 Batch 1 | Loss: 0.409233 | Stats: min: -0.504, max: 0.474, mean: -0.017
Epoch 22 Batch 2 | Loss: 0.405213
Epoch 22 Batch 3 | Loss: 0.376753
Epoch 22 Batch 4 | Loss: 0.387914
Epoch 22 Batch 5 | Loss: 0.494704
Epoch 22 Batch 6 | Loss: 0.432923
Epoch 22 Batch 7 | Loss: 0.424880
Epoch 22 Batch 8 | Loss: 0.416940
Epoch 22 Batch 9 | Loss: 0.400596
Epoch 22 Batch 10 | Loss: 0.540777
Epoch 22 Batch 11 | Loss: 0.388080
Epoch 22 Batch 12 | Loss: 0.437079
Epoch 22 Batch 13 | Loss: 0.455735
  [STABILITY] Plateau detected. Reducing Learning Rate to 0.000625
--- Epoch 22/30 | Loss: 0.4285 | Train Acc: 88.0% | Test Acc: 87.2% | CM: [TP:83, TN:67, FP:19, FN:3] | Progress: 73.3% | ETA: 2.4s ---
Epoch 23 Batch 1 | Loss: 0.412275 | Stats: min: -0.421, max: 0.450, mean: 0.060
Epoch 23 Batch 2 | Loss: 0.420967
Epoch 23 Batch 3 | Loss: 0.432981
Epoch 23 Batch 4 | Loss: 0.372416
Epoch 23 Batch 5 | Loss: 0.421122
Epoch 23 Batch 6 | Loss: 0.386496
Epoch 23 Batch 7 | Loss: 0.490268
Epoch 23 Batch 8 | Loss: 0.453423
Epoch 23 Batch 9 | Loss: 0.442532
Epoch 23 Batch 10 | Loss: 0.467349
Epoch 23 Batch 11 | Loss: 0.436363
Epoch 23 Batch 12 | Loss: 0.383906
Epoch 23 Batch 13 | Loss: 0.429536
--- Epoch 23/30 | Loss: 0.4269 | Train Acc: 88.0% | Test Acc: 87.2% | CM: [TP:83, TN:67, FP:19, FN:3] | Progress: 76.7% | ETA: 2.9s ---
Epoch 24 Batch 1 | Loss: 0.446841 | Stats: min: -0.545, max: 0.477, mean: 0.023
Epoch 24 Batch 2 | Loss: 0.411623
Epoch 24 Batch 3 | Loss: 0.409298
Epoch 24 Batch 4 | Loss: 0.431299
Epoch 24 Batch 5 | Loss: 0.438142
Epoch 24 Batch 6 | Loss: 0.389745
Epoch 24 Batch 7 | Loss: 0.413703
Epoch 24 Batch 8 | Loss: 0.498707
Epoch 24 Batch 9 | Loss: 0.415235
Epoch 24 Batch 10 | Loss: 0.431970
Epoch 24 Batch 11 | Loss: 0.364470
Epoch 24 Batch 12 | Loss: 0.449685
Epoch 24 Batch 13 | Loss: 0.464148
--- Epoch 24/30 | Loss: 0.4281 | Train Acc: 88.0% | Test Acc: 87.2% | CM: [TP:82, TN:68, FP:18, FN:4] | Progress: 80.0% | ETA: 2.4s ---
Epoch 25 Batch 1 | Loss: 0.390790 | Stats: min: -0.573, max: 0.265, mean: -0.057
Epoch 25 Batch 2 | Loss: 0.403421
Epoch 25 Batch 3 | Loss: 0.437554
Epoch 25 Batch 4 | Loss: 0.429391
Epoch 25 Batch 5 | Loss: 0.451640
Epoch 25 Batch 6 | Loss: 0.501974
Epoch 25 Batch 7 | Loss: 0.454637
Epoch 25 Batch 8 | Loss: 0.378190
Epoch 25 Batch 9 | Loss: 0.480035
Epoch 25 Batch 10 | Loss: 0.444732
Epoch 25 Batch 11 | Loss: 0.379268
Epoch 25 Batch 12 | Loss: 0.380469
Epoch 25 Batch 13 | Loss: 0.391635
  [STABILITY] Plateau detected. Reducing Learning Rate to 0.000313
--- Epoch 25/30 | Loss: 0.4249 | Train Acc: 88.0% | Test Acc: 87.2% | CM: [TP:82, TN:68, FP:18, FN:4] | Progress: 83.3% | ETA: 1.7s ---
Epoch 26 Batch 1 | Loss: 0.422220 | Stats: min: -0.547, max: 0.509, mean: -0.123
Epoch 26 Batch 2 | Loss: 0.432410
Epoch 26 Batch 3 | Loss: 0.415386
Epoch 26 Batch 4 | Loss: 0.413495
Epoch 26 Batch 5 | Loss: 0.376989
Epoch 26 Batch 6 | Loss: 0.406213
Epoch 26 Batch 7 | Loss: 0.380539
Epoch 26 Batch 8 | Loss: 0.490986
Epoch 26 Batch 9 | Loss: 0.426116
Epoch 26 Batch 10 | Loss: 0.433746
Epoch 26 Batch 11 | Loss: 0.484946
Epoch 26 Batch 12 | Loss: 0.438205
Epoch 26 Batch 13 | Loss: 0.407550
--- Epoch 26/30 | Loss: 0.4253 | Train Acc: 88.0% | Test Acc: 86.6% | CM: [TP:81, TN:68, FP:18, FN:5] | Progress: 86.7% | ETA: 2.0s ---
Epoch 27 Batch 1 | Loss: 0.379528 | Stats: min: -0.591, max: 0.477, mean: -0.221
Epoch 27 Batch 2 | Loss: 0.431486
Epoch 27 Batch 3 | Loss: 0.430548
Epoch 27 Batch 4 | Loss: 0.424826
Epoch 27 Batch 5 | Loss: 0.423590
Epoch 27 Batch 6 | Loss: 0.436422
Epoch 27 Batch 7 | Loss: 0.500464
Epoch 27 Batch 8 | Loss: 0.363085
Epoch 27 Batch 9 | Loss: 0.427577
Epoch 27 Batch 10 | Loss: 0.431120
Epoch 27 Batch 11 | Loss: 0.456703
Epoch 27 Batch 12 | Loss: 0.412575
Epoch 27 Batch 13 | Loss: 0.411238
--- Epoch 27/30 | Loss: 0.4253 | Train Acc: 88.0% | Test Acc: 86.6% | CM: [TP:81, TN:68, FP:18, FN:5] | Progress: 90.0% | ETA: 1.1s ---
Epoch 28 Batch 1 | Loss: 0.437615 | Stats: min: -0.424, max: 0.280, mean: -0.082
Epoch 28 Batch 2 | Loss: 0.483708
Epoch 28 Batch 3 | Loss: 0.403710
Epoch 28 Batch 4 | Loss: 0.387578
Epoch 28 Batch 5 | Loss: 0.415846
Epoch 28 Batch 6 | Loss: 0.411106
Epoch 28 Batch 7 | Loss: 0.457440
Epoch 28 Batch 8 | Loss: 0.431148
Epoch 28 Batch 9 | Loss: 0.384111
Epoch 28 Batch 10 | Loss: 0.414874
Epoch 28 Batch 11 | Loss: 0.417501
Epoch 28 Batch 12 | Loss: 0.481795
Epoch 28 Batch 13 | Loss: 0.389824
  [STABILITY] Plateau detected. Reducing Learning Rate to 0.000156
--- Epoch 28/30 | Loss: 0.4243 | Train Acc: 88.0% | Test Acc: 86.6% | CM: [TP:81, TN:68, FP:18, FN:5] | Progress: 93.3% | ETA: 0.5s ---
Epoch 29 Batch 1 | Loss: 0.458278 | Stats: min: -0.215, max: 0.502, mean: 0.153
Epoch 29 Batch 2 | Loss: 0.459787
Epoch 29 Batch 3 | Loss: 0.404367
Epoch 29 Batch 4 | Loss: 0.452204
Epoch 29 Batch 5 | Loss: 0.439856
Epoch 29 Batch 6 | Loss: 0.403135
Epoch 29 Batch 7 | Loss: 0.433063
Epoch 29 Batch 8 | Loss: 0.443461
Epoch 29 Batch 9 | Loss: 0.401104
Epoch 29 Batch 10 | Loss: 0.407504
Epoch 29 Batch 11 | Loss: 0.410965
Epoch 29 Batch 12 | Loss: 0.408707
Epoch 29 Batch 13 | Loss: 0.395244
--- Epoch 29/30 | Loss: 0.4244 | Train Acc: 88.5% | Test Acc: 86.6% | CM: [TP:81, TN:68, FP:18, FN:5] | Progress: 96.7% | ETA: 0.2s ---
Epoch 30 Batch 1 | Loss: 0.344204 | Stats: min: -0.397, max: 0.636, mean: 0.345
Epoch 30 Batch 2 | Loss: 0.404682
Epoch 30 Batch 3 | Loss: 0.465645
Epoch 30 Batch 4 | Loss: 0.435417
Epoch 30 Batch 5 | Loss: 0.447893
Epoch 30 Batch 6 | Loss: 0.429253
Epoch 30 Batch 7 | Loss: 0.400053
Epoch 30 Batch 8 | Loss: 0.438310
Epoch 30 Batch 9 | Loss: 0.440406
Epoch 30 Batch 10 | Loss: 0.406689
Epoch 30 Batch 11 | Loss: 0.475388
Epoch 30 Batch 12 | Loss: 0.398634
Epoch 30 Batch 13 | Loss: 0.469951
--- Epoch 30/30 | Loss: 0.4274 | Train Acc: 88.0% | Test Acc: 86.6% | CM: [TP:81, TN:68, FP:18, FN:5] | Progress: 100.0% | ETA: 0.0s ---

Final Best Test Accuracy: 90.70%


Best Quantum Test Accuracy: 0.907
