DEBUG: Qtrainer enters train_pure_quantum_cnn. Encoding: amplitude
  Class Weights: +1 (Target): 1.00 | -1 (Rest): 1.00
Starting Training
==================================================
Epoch 1 Batch 1 | Loss: 0.714221 | Stats: min: -0.081, max: 0.054, mean: -0.001
Epoch 1 Batch 2 | Loss: 0.677618
Epoch 1 Batch 3 | Loss: 0.647285
Epoch 1 Batch 4 | Loss: 0.640121
Epoch 1 Batch 5 | Loss: 0.649129
Epoch 1 Batch 6 | Loss: 0.631018
Epoch 1 Batch 7 | Loss: 0.622384
Epoch 1 Batch 8 | Loss: 0.598547
Epoch 1 Batch 9 | Loss: 0.602896
Epoch 1 Batch 10 | Loss: 0.647118
Epoch 1 Batch 11 | Loss: 0.625853
Epoch 1 Batch 12 | Loss: 0.623193
Epoch 1 Batch 13 | Loss: 0.660682
  [STABILITY] Test accuracy improved: 0.00% -> 56.40% (via EMA). Saving best params.
--- Epoch 1/30 | Loss: 0.6415 | Train Acc: 62.5% | Test Acc: 56.4% | CM: [TP:29, TN:68, FP:18, FN:57] | Progress: 3.3% | ETA: 284.4s ---
Epoch 2 Batch 1 | Loss: 0.579583 | Stats: min: -0.212, max: 0.218, mean: 0.008
Epoch 2 Batch 2 | Loss: 0.609025
Epoch 2 Batch 3 | Loss: 0.607587
Epoch 2 Batch 4 | Loss: 0.606562
Epoch 2 Batch 5 | Loss: 0.614037
Epoch 2 Batch 6 | Loss: 0.583378
Epoch 2 Batch 7 | Loss: 0.613305
Epoch 2 Batch 8 | Loss: 0.599197
Epoch 2 Batch 9 | Loss: 0.591169
Epoch 2 Batch 10 | Loss: 0.627847
Epoch 2 Batch 11 | Loss: 0.535974
Epoch 2 Batch 12 | Loss: 0.602702
Epoch 2 Batch 13 | Loss: 0.575859
  [STABILITY] Test accuracy improved: 56.40% -> 71.51% (via EMA). Saving best params.
--- Epoch 2/30 | Loss: 0.5959 | Train Acc: 75.0% | Test Acc: 71.5% | CM: [TP:51, TN:72, FP:14, FN:35] | Progress: 6.7% | ETA: 120.8s ---
Epoch 3 Batch 1 | Loss: 0.561658 | Stats: min: 0.050, max: 0.355, mean: 0.169
Epoch 3 Batch 2 | Loss: 0.604074
Epoch 3 Batch 3 | Loss: 0.588891
Epoch 3 Batch 4 | Loss: 0.596232
Epoch 3 Batch 5 | Loss: 0.574275
Epoch 3 Batch 6 | Loss: 0.586924
Epoch 3 Batch 7 | Loss: 0.561873
Epoch 3 Batch 8 | Loss: 0.609456
Epoch 3 Batch 9 | Loss: 0.580159
Epoch 3 Batch 10 | Loss: 0.593483
Epoch 3 Batch 11 | Loss: 0.570346
Epoch 3 Batch 12 | Loss: 0.576608
Epoch 3 Batch 13 | Loss: 0.556653
  [STABILITY] Test accuracy improved: 71.51% -> 75.00% (via EMA). Saving best params.
--- Epoch 3/30 | Loss: 0.5816 | Train Acc: 75.5% | Test Acc: 75.0% | CM: [TP:58, TN:71, FP:15, FN:28] | Progress: 10.0% | ETA: 64.2s ---
Epoch 4 Batch 1 | Loss: 0.543953 | Stats: min: -0.230, max: 0.363, mean: 0.112
Epoch 4 Batch 2 | Loss: 0.593305
Epoch 4 Batch 3 | Loss: 0.587469
Epoch 4 Batch 4 | Loss: 0.577105
Epoch 4 Batch 5 | Loss: 0.528547
Epoch 4 Batch 6 | Loss: 0.591195
Epoch 4 Batch 7 | Loss: 0.549793
Epoch 4 Batch 8 | Loss: 0.603653
Epoch 4 Batch 9 | Loss: 0.609956
Epoch 4 Batch 10 | Loss: 0.555012
Epoch 4 Batch 11 | Loss: 0.588968
Epoch 4 Batch 12 | Loss: 0.583123
Epoch 4 Batch 13 | Loss: 0.538271
  [STABILITY] Test accuracy improved: 75.00% -> 77.91% (via EMA). Saving best params.
--- Epoch 4/30 | Loss: 0.5731 | Train Acc: 77.0% | Test Acc: 77.9% | CM: [TP:62, TN:72, FP:14, FN:24] | Progress: 13.3% | ETA: 44.8s ---
Epoch 5 Batch 1 | Loss: 0.555555 | Stats: min: -0.350, max: 0.370, mean: 0.121
Epoch 5 Batch 2 | Loss: 0.577421
Epoch 5 Batch 3 | Loss: 0.562056
Epoch 5 Batch 4 | Loss: 0.544698
Epoch 5 Batch 5 | Loss: 0.572147
Epoch 5 Batch 6 | Loss: 0.531955
Epoch 5 Batch 7 | Loss: 0.559264
Epoch 5 Batch 8 | Loss: 0.558780
Epoch 5 Batch 9 | Loss: 0.542287
Epoch 5 Batch 10 | Loss: 0.582626
Epoch 5 Batch 11 | Loss: 0.604312
Epoch 5 Batch 12 | Loss: 0.623466
Epoch 5 Batch 13 | Loss: 0.572565
--- Epoch 5/30 | Loss: 0.5682 | Train Acc: 79.0% | Test Acc: 77.9% | CM: [TP:63, TN:71, FP:15, FN:23] | Progress: 16.7% | ETA: 48.3s ---
Epoch 6 Batch 1 | Loss: 0.568851 | Stats: min: -0.291, max: 0.205, mean: 0.007
Epoch 6 Batch 2 | Loss: 0.532831
Epoch 6 Batch 3 | Loss: 0.568260
Epoch 6 Batch 4 | Loss: 0.534976
Epoch 6 Batch 5 | Loss: 0.559720
Epoch 6 Batch 6 | Loss: 0.561649
Epoch 6 Batch 7 | Loss: 0.555317
Epoch 6 Batch 8 | Loss: 0.584616
Epoch 6 Batch 9 | Loss: 0.597586
Epoch 6 Batch 10 | Loss: 0.545723
Epoch 6 Batch 11 | Loss: 0.534896
Epoch 6 Batch 12 | Loss: 0.577509
Epoch 6 Batch 13 | Loss: 0.583980
  [STABILITY] Test accuracy improved: 77.91% -> 80.23% (via EMA). Saving best params.
--- Epoch 6/30 | Loss: 0.5620 | Train Acc: 81.0% | Test Acc: 80.2% | CM: [TP:65, TN:73, FP:13, FN:21] | Progress: 20.0% | ETA: 32.7s ---
Epoch 7 Batch 1 | Loss: 0.555909 | Stats: min: -0.280, max: 0.150, mean: -0.088
Epoch 7 Batch 2 | Loss: 0.571997
Epoch 7 Batch 3 | Loss: 0.562183
Epoch 7 Batch 4 | Loss: 0.559783
Epoch 7 Batch 5 | Loss: 0.560447
Epoch 7 Batch 6 | Loss: 0.562096
Epoch 7 Batch 7 | Loss: 0.552281
Epoch 7 Batch 8 | Loss: 0.531030
Epoch 7 Batch 9 | Loss: 0.565569
Epoch 7 Batch 10 | Loss: 0.573996
Epoch 7 Batch 11 | Loss: 0.557232
Epoch 7 Batch 12 | Loss: 0.576361
Epoch 7 Batch 13 | Loss: 0.470407
  [STABILITY] Test accuracy improved: 80.23% -> 82.56% (via EMA). Saving best params.
--- Epoch 7/30 | Loss: 0.5538 | Train Acc: 83.5% | Test Acc: 82.6% | CM: [TP:69, TN:73, FP:13, FN:17] | Progress: 23.3% | ETA: 22.5s ---
Epoch 8 Batch 1 | Loss: 0.577419 | Stats: min: -0.360, max: 0.189, mean: -0.163
Epoch 8 Batch 2 | Loss: 0.539019
Epoch 8 Batch 3 | Loss: 0.568360
Epoch 8 Batch 4 | Loss: 0.547123
Epoch 8 Batch 5 | Loss: 0.535154
Epoch 8 Batch 6 | Loss: 0.543282
Epoch 8 Batch 7 | Loss: 0.514200
Epoch 8 Batch 8 | Loss: 0.570794
Epoch 8 Batch 9 | Loss: 0.505991
Epoch 8 Batch 10 | Loss: 0.584120
Epoch 8 Batch 11 | Loss: 0.600764
Epoch 8 Batch 12 | Loss: 0.570359
Epoch 8 Batch 13 | Loss: 0.624086
  [STABILITY] Test accuracy improved: 82.56% -> 85.47% (via EMA). Saving best params.
--- Epoch 8/30 | Loss: 0.5601 | Train Acc: 82.0% | Test Acc: 85.5% | CM: [TP:74, TN:73, FP:13, FN:12] | Progress: 26.7% | ETA: 18.7s ---
Epoch 9 Batch 1 | Loss: 0.562634 | Stats: min: -0.058, max: 0.171, mean: 0.058
Epoch 9 Batch 2 | Loss: 0.573125
Epoch 9 Batch 3 | Loss: 0.496243
Epoch 9 Batch 4 | Loss: 0.560597
Epoch 9 Batch 5 | Loss: 0.579745
Epoch 9 Batch 6 | Loss: 0.549189
Epoch 9 Batch 7 | Loss: 0.584788
Epoch 9 Batch 8 | Loss: 0.534743
Epoch 9 Batch 9 | Loss: 0.567161
Epoch 9 Batch 10 | Loss: 0.578025
Epoch 9 Batch 11 | Loss: 0.558207
Epoch 9 Batch 12 | Loss: 0.535303
Epoch 9 Batch 13 | Loss: 0.574368
--- Epoch 9/30 | Loss: 0.5580 | Train Acc: 84.5% | Test Acc: 85.5% | CM: [TP:74, TN:73, FP:13, FN:12] | Progress: 30.0% | ETA: 16.6s ---
Epoch 10 Batch 1 | Loss: 0.587849 | Stats: min: -0.187, max: 0.235, mean: -0.036
Epoch 10 Batch 2 | Loss: 0.531771
Epoch 10 Batch 3 | Loss: 0.570525
Epoch 10 Batch 4 | Loss: 0.576200
Epoch 10 Batch 5 | Loss: 0.543352
Epoch 10 Batch 6 | Loss: 0.542183
Epoch 10 Batch 7 | Loss: 0.535720
Epoch 10 Batch 8 | Loss: 0.570528
Epoch 10 Batch 9 | Loss: 0.507308
Epoch 10 Batch 10 | Loss: 0.561965
Epoch 10 Batch 11 | Loss: 0.564227
Epoch 10 Batch 12 | Loss: 0.528608
Epoch 10 Batch 13 | Loss: 0.579929
--- Epoch 10/30 | Loss: 0.5539 | Train Acc: 85.0% | Test Acc: 85.5% | CM: [TP:75, TN:72, FP:14, FN:11] | Progress: 33.3% | ETA: 13.9s ---
Epoch 11 Batch 1 | Loss: 0.539257 | Stats: min: -0.169, max: 0.289, mean: 0.052
Epoch 11 Batch 2 | Loss: 0.572599
Epoch 11 Batch 3 | Loss: 0.521361
Epoch 11 Batch 4 | Loss: 0.555695
Epoch 11 Batch 5 | Loss: 0.531467
Epoch 11 Batch 6 | Loss: 0.557812
Epoch 11 Batch 7 | Loss: 0.540362
Epoch 11 Batch 8 | Loss: 0.548277
Epoch 11 Batch 9 | Loss: 0.553095
Epoch 11 Batch 10 | Loss: 0.566821
Epoch 11 Batch 11 | Loss: 0.554597
Epoch 11 Batch 12 | Loss: 0.562700
Epoch 11 Batch 13 | Loss: 0.536534
  [STABILITY] Test accuracy improved: 85.47% -> 86.63% (via EMA). Saving best params.
--- Epoch 11/30 | Loss: 0.5493 | Train Acc: 85.5% | Test Acc: 86.6% | CM: [TP:76, TN:73, FP:13, FN:10] | Progress: 36.7% | ETA: 11.8s ---
Epoch 12 Batch 1 | Loss: 0.536478 | Stats: min: -0.247, max: 0.272, mean: 0.025
Epoch 12 Batch 2 | Loss: 0.569107
Epoch 12 Batch 3 | Loss: 0.565077
Epoch 12 Batch 4 | Loss: 0.538691
Epoch 12 Batch 5 | Loss: 0.540940
Epoch 12 Batch 6 | Loss: 0.532738
Epoch 12 Batch 7 | Loss: 0.552332
Epoch 12 Batch 8 | Loss: 0.555915
Epoch 12 Batch 9 | Loss: 0.535651
Epoch 12 Batch 10 | Loss: 0.541756
Epoch 12 Batch 11 | Loss: 0.604206
Epoch 12 Batch 12 | Loss: 0.515410
Epoch 12 Batch 13 | Loss: 0.528570
  [STABILITY] Test accuracy improved: 86.63% -> 87.21% (via EMA). Saving best params.
--- Epoch 12/30 | Loss: 0.5475 | Train Acc: 86.0% | Test Acc: 87.2% | CM: [TP:76, TN:74, FP:12, FN:10] | Progress: 40.0% | ETA: 12.9s ---
Epoch 13 Batch 1 | Loss: 0.549917 | Stats: min: -0.219, max: 0.387, mean: 0.013
Epoch 13 Batch 2 | Loss: 0.538235
Epoch 13 Batch 3 | Loss: 0.548619
Epoch 13 Batch 4 | Loss: 0.544417
Epoch 13 Batch 5 | Loss: 0.524407
Epoch 13 Batch 6 | Loss: 0.557320
Epoch 13 Batch 7 | Loss: 0.490571
Epoch 13 Batch 8 | Loss: 0.564348
Epoch 13 Batch 9 | Loss: 0.555494
Epoch 13 Batch 10 | Loss: 0.565271
Epoch 13 Batch 11 | Loss: 0.544718
Epoch 13 Batch 12 | Loss: 0.595160
Epoch 13 Batch 13 | Loss: 0.531333
  [STABILITY] Test accuracy improved: 87.21% -> 88.37% (via EMA). Saving best params.
--- Epoch 13/30 | Loss: 0.5469 | Train Acc: 86.0% | Test Acc: 88.4% | CM: [TP:77, TN:75, FP:11, FN:9] | Progress: 43.3% | ETA: 10.1s ---
Epoch 14 Batch 1 | Loss: 0.538373 | Stats: min: -0.143, max: 0.398, mean: 0.139
Epoch 14 Batch 2 | Loss: 0.538037
Epoch 14 Batch 3 | Loss: 0.557021
Epoch 14 Batch 4 | Loss: 0.548387
Epoch 14 Batch 5 | Loss: 0.556152
Epoch 14 Batch 6 | Loss: 0.499506
Epoch 14 Batch 7 | Loss: 0.567149
Epoch 14 Batch 8 | Loss: 0.554317
Epoch 14 Batch 9 | Loss: 0.534068
Epoch 14 Batch 10 | Loss: 0.558694
Epoch 14 Batch 11 | Loss: 0.547257
Epoch 14 Batch 12 | Loss: 0.547366
Epoch 14 Batch 13 | Loss: 0.544825
--- Epoch 14/30 | Loss: 0.5455 | Train Acc: 86.5% | Test Acc: 87.2% | CM: [TP:77, TN:73, FP:13, FN:9] | Progress: 46.7% | ETA: 11.2s ---
Epoch 15 Batch 1 | Loss: 0.500909 | Stats: min: 0.179, max: 0.335, mean: 0.249
Epoch 15 Batch 2 | Loss: 0.521149
Epoch 15 Batch 3 | Loss: 0.538172
Epoch 15 Batch 4 | Loss: 0.525388
Epoch 15 Batch 5 | Loss: 0.557718
Epoch 15 Batch 6 | Loss: 0.523071
Epoch 15 Batch 7 | Loss: 0.538820
Epoch 15 Batch 8 | Loss: 0.565806
Epoch 15 Batch 9 | Loss: 0.558710
Epoch 15 Batch 10 | Loss: 0.591116
Epoch 15 Batch 11 | Loss: 0.533022
Epoch 15 Batch 12 | Loss: 0.581544
Epoch 15 Batch 13 | Loss: 0.520515
--- Epoch 15/30 | Loss: 0.5428 | Train Acc: 87.0% | Test Acc: 87.2% | CM: [TP:77, TN:73, FP:13, FN:9] | Progress: 50.0% | ETA: 10.8s ---
Epoch 16 Batch 1 | Loss: 0.525618 | Stats: min: -0.271, max: 0.311, mean: -0.057
Epoch 16 Batch 2 | Loss: 0.532424
Epoch 16 Batch 3 | Loss: 0.556085
Epoch 16 Batch 4 | Loss: 0.592696
Epoch 16 Batch 5 | Loss: 0.563897
Epoch 16 Batch 6 | Loss: 0.497592
Epoch 16 Batch 7 | Loss: 0.510063
Epoch 16 Batch 8 | Loss: 0.568257
Epoch 16 Batch 9 | Loss: 0.498678
Epoch 16 Batch 10 | Loss: 0.561432
Epoch 16 Batch 11 | Loss: 0.542378
Epoch 16 Batch 12 | Loss: 0.565912
Epoch 16 Batch 13 | Loss: 0.522596
  [STABILITY] Plateau detected. Reducing Learning Rate to 0.010000
--- Epoch 16/30 | Loss: 0.5414 | Train Acc: 87.5% | Test Acc: 88.4% | CM: [TP:79, TN:73, FP:13, FN:7] | Progress: 53.3% | ETA: 9.0s ---
Epoch 17 Batch 1 | Loss: 0.558759 | Stats: min: -0.371, max: 0.335, mean: -0.013
Epoch 17 Batch 2 | Loss: 0.550482
Epoch 17 Batch 3 | Loss: 0.543998
Epoch 17 Batch 4 | Loss: 0.532098
Epoch 17 Batch 5 | Loss: 0.518849
Epoch 17 Batch 6 | Loss: 0.543862
Epoch 17 Batch 7 | Loss: 0.578875
Epoch 17 Batch 8 | Loss: 0.518825
Epoch 17 Batch 9 | Loss: 0.516723
Epoch 17 Batch 10 | Loss: 0.562267
Epoch 17 Batch 11 | Loss: 0.536503
Epoch 17 Batch 12 | Loss: 0.522204
Epoch 17 Batch 13 | Loss: 0.526278
--- Epoch 17/30 | Loss: 0.5392 | Train Acc: 88.0% | Test Acc: 88.4% | CM: [TP:79, TN:73, FP:13, FN:7] | Progress: 56.7% | ETA: 8.7s ---
Epoch 18 Batch 1 | Loss: 0.517716 | Stats: min: -0.236, max: 0.136, mean: -0.079
Epoch 18 Batch 2 | Loss: 0.559902
Epoch 18 Batch 3 | Loss: 0.554177
Epoch 18 Batch 4 | Loss: 0.549778
Epoch 18 Batch 5 | Loss: 0.551854
Epoch 18 Batch 6 | Loss: 0.530562
Epoch 18 Batch 7 | Loss: 0.515661
Epoch 18 Batch 8 | Loss: 0.516416
Epoch 18 Batch 9 | Loss: 0.563592
Epoch 18 Batch 10 | Loss: 0.516278
Epoch 18 Batch 11 | Loss: 0.552244
Epoch 18 Batch 12 | Loss: 0.533605
Epoch 18 Batch 13 | Loss: 0.550633
  [STABILITY] Test accuracy improved: 88.37% -> 89.53% (via EMA). Saving best params.
--- Epoch 18/30 | Loss: 0.5394 | Train Acc: 88.0% | Test Acc: 89.5% | CM: [TP:81, TN:73, FP:13, FN:5] | Progress: 60.0% | ETA: 4.6s ---
Epoch 19 Batch 1 | Loss: 0.501803 | Stats: min: -0.251, max: 0.201, mean: 0.005
Epoch 19 Batch 2 | Loss: 0.548243
Epoch 19 Batch 3 | Loss: 0.519624
Epoch 19 Batch 4 | Loss: 0.532808
Epoch 19 Batch 5 | Loss: 0.551224
Epoch 19 Batch 6 | Loss: 0.504778
Epoch 19 Batch 7 | Loss: 0.550443
Epoch 19 Batch 8 | Loss: 0.544977
Epoch 19 Batch 9 | Loss: 0.519299
Epoch 19 Batch 10 | Loss: 0.577300
Epoch 19 Batch 11 | Loss: 0.561050
Epoch 19 Batch 12 | Loss: 0.517199
Epoch 19 Batch 13 | Loss: 0.546135
--- Epoch 19/30 | Loss: 0.5365 | Train Acc: 88.0% | Test Acc: 89.5% | CM: [TP:81, TN:73, FP:13, FN:5] | Progress: 63.3% | ETA: 3.9s ---
Epoch 20 Batch 1 | Loss: 0.541128 | Stats: min: -0.294, max: 0.352, mean: -0.019
Epoch 20 Batch 2 | Loss: 0.519858
Epoch 20 Batch 3 | Loss: 0.562120
Epoch 20 Batch 4 | Loss: 0.529306
Epoch 20 Batch 5 | Loss: 0.552707
Epoch 20 Batch 6 | Loss: 0.531519
Epoch 20 Batch 7 | Loss: 0.512671
Epoch 20 Batch 8 | Loss: 0.581726
Epoch 20 Batch 9 | Loss: 0.522391
Epoch 20 Batch 10 | Loss: 0.524708
Epoch 20 Batch 11 | Loss: 0.533684
Epoch 20 Batch 12 | Loss: 0.518813
Epoch 20 Batch 13 | Loss: 0.520054
--- Epoch 20/30 | Loss: 0.5347 | Train Acc: 88.5% | Test Acc: 89.5% | CM: [TP:81, TN:73, FP:13, FN:5] | Progress: 66.7% | ETA: 3.5s ---
Epoch 21 Batch 1 | Loss: 0.533409 | Stats: min: -0.413, max: 0.170, mean: -0.142
Epoch 21 Batch 2 | Loss: 0.563284
Epoch 21 Batch 3 | Loss: 0.540777
Epoch 21 Batch 4 | Loss: 0.564830
Epoch 21 Batch 5 | Loss: 0.496706
Epoch 21 Batch 6 | Loss: 0.551912
Epoch 21 Batch 7 | Loss: 0.554373
Epoch 21 Batch 8 | Loss: 0.525319
Epoch 21 Batch 9 | Loss: 0.537001
Epoch 21 Batch 10 | Loss: 0.517886
Epoch 21 Batch 11 | Loss: 0.497124
Epoch 21 Batch 12 | Loss: 0.540742
Epoch 21 Batch 13 | Loss: 0.504793
  [STABILITY] Plateau detected. Reducing Learning Rate to 0.005000
--- Epoch 21/30 | Loss: 0.5329 | Train Acc: 88.5% | Test Acc: 89.5% | CM: [TP:81, TN:73, FP:13, FN:5] | Progress: 70.0% | ETA: 3.5s ---
Epoch 22 Batch 1 | Loss: 0.542209 | Stats: min: -0.255, max: 0.193, mean: -0.100
Epoch 22 Batch 2 | Loss: 0.524357
Epoch 22 Batch 3 | Loss: 0.546877
Epoch 22 Batch 4 | Loss: 0.556855
Epoch 22 Batch 5 | Loss: 0.515593
Epoch 22 Batch 6 | Loss: 0.538559
Epoch 22 Batch 7 | Loss: 0.553314
Epoch 22 Batch 8 | Loss: 0.535633
Epoch 22 Batch 9 | Loss: 0.515479
Epoch 22 Batch 10 | Loss: 0.514131
Epoch 22 Batch 11 | Loss: 0.489670
Epoch 22 Batch 12 | Loss: 0.558753
Epoch 22 Batch 13 | Loss: 0.543534
--- Epoch 22/30 | Loss: 0.5335 | Train Acc: 88.5% | Test Acc: 89.5% | CM: [TP:81, TN:73, FP:13, FN:5] | Progress: 73.3% | ETA: 2.5s ---
Epoch 23 Batch 1 | Loss: 0.525295 | Stats: min: -0.243, max: 0.267, mean: 0.084
Epoch 23 Batch 2 | Loss: 0.496334
Epoch 23 Batch 3 | Loss: 0.516305
Epoch 23 Batch 4 | Loss: 0.476573
Epoch 23 Batch 5 | Loss: 0.558892
Epoch 23 Batch 6 | Loss: 0.558113
Epoch 23 Batch 7 | Loss: 0.554596
Epoch 23 Batch 8 | Loss: 0.568936
Epoch 23 Batch 9 | Loss: 0.532733
Epoch 23 Batch 10 | Loss: 0.562988
Epoch 23 Batch 11 | Loss: 0.507728
Epoch 23 Batch 12 | Loss: 0.519159
Epoch 23 Batch 13 | Loss: 0.570519
--- Epoch 23/30 | Loss: 0.5345 | Train Acc: 90.0% | Test Acc: 89.5% | CM: [TP:81, TN:73, FP:13, FN:5] | Progress: 76.7% | ETA: 2.1s ---
Epoch 24 Batch 1 | Loss: 0.553287 | Stats: min: -0.268, max: 0.338, mean: 0.002
Epoch 24 Batch 2 | Loss: 0.520022
Epoch 24 Batch 3 | Loss: 0.521065
Epoch 24 Batch 4 | Loss: 0.499514
Epoch 24 Batch 5 | Loss: 0.545631
Epoch 24 Batch 6 | Loss: 0.524410
Epoch 24 Batch 7 | Loss: 0.524223
Epoch 24 Batch 8 | Loss: 0.538134
Epoch 24 Batch 9 | Loss: 0.545799
Epoch 24 Batch 10 | Loss: 0.545597
Epoch 24 Batch 11 | Loss: 0.525419
Epoch 24 Batch 12 | Loss: 0.536213
Epoch 24 Batch 13 | Loss: 0.550881
  [STABILITY] Test accuracy improved: 89.53% -> 90.12% (via EMA). Saving best params.
--- Epoch 24/30 | Loss: 0.5331 | Train Acc: 90.0% | Test Acc: 90.1% | CM: [TP:81, TN:74, FP:12, FN:5] | Progress: 80.0% | ETA: 2.5s ---
Epoch 25 Batch 1 | Loss: 0.563767 | Stats: min: -0.199, max: 0.179, mean: -0.046
Epoch 25 Batch 2 | Loss: 0.541622
Epoch 25 Batch 3 | Loss: 0.551645
Epoch 25 Batch 4 | Loss: 0.543235
Epoch 25 Batch 5 | Loss: 0.494938
Epoch 25 Batch 6 | Loss: 0.557160
Epoch 25 Batch 7 | Loss: 0.544205
Epoch 25 Batch 8 | Loss: 0.514751
Epoch 25 Batch 9 | Loss: 0.493937
Epoch 25 Batch 10 | Loss: 0.547595
Epoch 25 Batch 11 | Loss: 0.528868
Epoch 25 Batch 12 | Loss: 0.503145
Epoch 25 Batch 13 | Loss: 0.539290
  [STABILITY] Test accuracy improved: 90.12% -> 90.70% (via EMA). Saving best params.
--- Epoch 25/30 | Loss: 0.5326 | Train Acc: 91.5% | Test Acc: 90.7% | CM: [TP:81, TN:75, FP:11, FN:5] | Progress: 83.3% | ETA: 2.0s ---
Epoch 26 Batch 1 | Loss: 0.551045 | Stats: min: -0.199, max: 0.214, mean: 0.001
Epoch 26 Batch 2 | Loss: 0.510514
Epoch 26 Batch 3 | Loss: 0.504318
Epoch 26 Batch 4 | Loss: 0.526937
Epoch 26 Batch 5 | Loss: 0.530006
Epoch 26 Batch 6 | Loss: 0.570890
Epoch 26 Batch 7 | Loss: 0.529367
Epoch 26 Batch 8 | Loss: 0.509436
Epoch 26 Batch 9 | Loss: 0.541762
Epoch 26 Batch 10 | Loss: 0.506073
Epoch 26 Batch 11 | Loss: 0.546999
Epoch 26 Batch 12 | Loss: 0.534642
Epoch 26 Batch 13 | Loss: 0.579990
  [STABILITY] Test accuracy improved: 90.70% -> 91.28% (via EMA). Saving best params.
--- Epoch 26/30 | Loss: 0.5340 | Train Acc: 91.5% | Test Acc: 91.3% | CM: [TP:81, TN:76, FP:10, FN:5] | Progress: 86.7% | ETA: 1.5s ---
Epoch 27 Batch 1 | Loss: 0.539445 | Stats: min: -0.164, max: 0.402, mean: 0.109
Epoch 27 Batch 2 | Loss: 0.542408
Epoch 27 Batch 3 | Loss: 0.550852
Epoch 27 Batch 4 | Loss: 0.530699
Epoch 27 Batch 5 | Loss: 0.523439
Epoch 27 Batch 6 | Loss: 0.552168
Epoch 27 Batch 7 | Loss: 0.551459
Epoch 27 Batch 8 | Loss: 0.509130
Epoch 27 Batch 9 | Loss: 0.518537
Epoch 27 Batch 10 | Loss: 0.519705
Epoch 27 Batch 11 | Loss: 0.495166
Epoch 27 Batch 12 | Loss: 0.545205
Epoch 27 Batch 13 | Loss: 0.539916
  [STABILITY] Test accuracy improved: 91.28% -> 91.86% (via EMA). Saving best params.
--- Epoch 27/30 | Loss: 0.5322 | Train Acc: 91.5% | Test Acc: 91.9% | CM: [TP:81, TN:77, FP:9, FN:5] | Progress: 90.0% | ETA: 1.1s ---
Epoch 28 Batch 1 | Loss: 0.510221 | Stats: min: -0.323, max: -0.191, mean: -0.264
Epoch 28 Batch 2 | Loss: 0.543582
Epoch 28 Batch 3 | Loss: 0.515884
Epoch 28 Batch 4 | Loss: 0.530674
Epoch 28 Batch 5 | Loss: 0.561000
Epoch 28 Batch 6 | Loss: 0.519360
Epoch 28 Batch 7 | Loss: 0.553480
Epoch 28 Batch 8 | Loss: 0.541544
Epoch 28 Batch 9 | Loss: 0.507797
Epoch 28 Batch 10 | Loss: 0.505346
Epoch 28 Batch 11 | Loss: 0.556266
Epoch 28 Batch 12 | Loss: 0.536304
Epoch 28 Batch 13 | Loss: 0.531709
--- Epoch 28/30 | Loss: 0.5318 | Train Acc: 91.5% | Test Acc: 91.9% | CM: [TP:81, TN:77, FP:9, FN:5] | Progress: 93.3% | ETA: 0.6s ---
Epoch 29 Batch 1 | Loss: 0.539598 | Stats: min: -0.351, max: 0.416, mean: -0.052
Epoch 29 Batch 2 | Loss: 0.541610
Epoch 29 Batch 3 | Loss: 0.526302
Epoch 29 Batch 4 | Loss: 0.538736
Epoch 29 Batch 5 | Loss: 0.528414
Epoch 29 Batch 6 | Loss: 0.503634
Epoch 29 Batch 7 | Loss: 0.534662
Epoch 29 Batch 8 | Loss: 0.518145
Epoch 29 Batch 9 | Loss: 0.514244
Epoch 29 Batch 10 | Loss: 0.510090
Epoch 29 Batch 11 | Loss: 0.536519
Epoch 29 Batch 12 | Loss: 0.563325
Epoch 29 Batch 13 | Loss: 0.577591
--- Epoch 29/30 | Loss: 0.5333 | Train Acc: 92.0% | Test Acc: 91.3% | CM: [TP:81, TN:76, FP:10, FN:5] | Progress: 96.7% | ETA: 0.3s ---
Epoch 30 Batch 1 | Loss: 0.549814 | Stats: min: -0.307, max: 0.146, mean: -0.039
Epoch 30 Batch 2 | Loss: 0.494543
Epoch 30 Batch 3 | Loss: 0.530740
Epoch 30 Batch 4 | Loss: 0.506776
Epoch 30 Batch 5 | Loss: 0.554232
Epoch 30 Batch 6 | Loss: 0.538028
Epoch 30 Batch 7 | Loss: 0.558614
Epoch 30 Batch 8 | Loss: 0.508646
Epoch 30 Batch 9 | Loss: 0.504935
Epoch 30 Batch 10 | Loss: 0.537651
Epoch 30 Batch 11 | Loss: 0.517543
Epoch 30 Batch 12 | Loss: 0.551781
Epoch 30 Batch 13 | Loss: 0.577571
  [STABILITY] Plateau detected. Reducing Learning Rate to 0.002500
--- Epoch 30/30 | Loss: 0.5331 | Train Acc: 92.0% | Test Acc: 91.3% | CM: [TP:81, TN:76, FP:10, FN:5] | Progress: 100.0% | ETA: 0.0s ---

Final Best Test Accuracy: 91.86%


Best Quantum Test Accuracy: 0.919
