DEBUG: Qtrainer enters train_pure_quantum_cnn. Encoding: amplitude
  Class Weights: +1 (Target): 1.00 | -1 (Rest): 1.00
Starting Training
==================================================
Epoch 1 Batch 1 | Loss: 0.605875 | Stats: min: -0.397, max: -0.211, mean: -0.305
Epoch 1 Batch 2 | Loss: 0.751313
Epoch 1 Batch 3 | Loss: 0.654776
Epoch 1 Batch 4 | Loss: 0.697694
Epoch 1 Batch 5 | Loss: 0.681045
Epoch 1 Batch 6 | Loss: 0.654157
Epoch 1 Batch 7 | Loss: 0.665916
Epoch 1 Batch 8 | Loss: 0.645247
Epoch 1 Batch 9 | Loss: 0.630068
Epoch 1 Batch 10 | Loss: 0.644270
Epoch 1 Batch 11 | Loss: 0.630371
Epoch 1 Batch 12 | Loss: 0.633240
Epoch 1 Batch 13 | Loss: 0.591250
  [STABILITY] Test accuracy improved: 0.00% -> 50.00% (via EMA). Saving best params.
--- Epoch 1/30 | Loss: 0.6527 | Train Acc: 46.0% | Test Acc: 50.0% | CM: [TP:0, TN:86, FP:0, FN:86] | Progress: 3.3% | ETA: 182.0s ---
Epoch 2 Batch 1 | Loss: 0.599289 | Stats: min: -0.159, max: -0.110, mean: -0.134
Epoch 2 Batch 2 | Loss: 0.624374
Epoch 2 Batch 3 | Loss: 0.587430
Epoch 2 Batch 4 | Loss: 0.637816
Epoch 2 Batch 5 | Loss: 0.617869
Epoch 2 Batch 6 | Loss: 0.582750
Epoch 2 Batch 7 | Loss: 0.573473
Epoch 2 Batch 8 | Loss: 0.569344
Epoch 2 Batch 9 | Loss: 0.554115
Epoch 2 Batch 10 | Loss: 0.605914
Epoch 2 Batch 11 | Loss: 0.583271
Epoch 2 Batch 12 | Loss: 0.577767
Epoch 2 Batch 13 | Loss: 0.557628
  [STABILITY] Test accuracy improved: 50.00% -> 50.58% (via EMA). Saving best params.
--- Epoch 2/30 | Loss: 0.5901 | Train Acc: 46.5% | Test Acc: 50.6% | CM: [TP:1, TN:86, FP:0, FN:85] | Progress: 6.7% | ETA: 97.2s ---
Epoch 3 Batch 1 | Loss: 0.615888 | Stats: min: -0.304, max: 0.137, mean: -0.101
Epoch 3 Batch 2 | Loss: 0.576785
Epoch 3 Batch 3 | Loss: 0.589214
Epoch 3 Batch 4 | Loss: 0.528758
Epoch 3 Batch 5 | Loss: 0.562307
Epoch 3 Batch 6 | Loss: 0.534094
Epoch 3 Batch 7 | Loss: 0.537324
Epoch 3 Batch 8 | Loss: 0.575619
Epoch 3 Batch 9 | Loss: 0.565482
Epoch 3 Batch 10 | Loss: 0.599575
Epoch 3 Batch 11 | Loss: 0.547684
Epoch 3 Batch 12 | Loss: 0.510113
Epoch 3 Batch 13 | Loss: 0.497524
  [STABILITY] Test accuracy improved: 50.58% -> 51.74% (via EMA). Saving best params.
--- Epoch 3/30 | Loss: 0.5570 | Train Acc: 46.5% | Test Acc: 51.7% | CM: [TP:3, TN:86, FP:0, FN:83] | Progress: 10.0% | ETA: 54.0s ---
Epoch 4 Batch 1 | Loss: 0.587539 | Stats: min: -0.397, max: 0.269, mean: -0.145
Epoch 4 Batch 2 | Loss: 0.561202
Epoch 4 Batch 3 | Loss: 0.606852
Epoch 4 Batch 4 | Loss: 0.591278
Epoch 4 Batch 5 | Loss: 0.529068
Epoch 4 Batch 6 | Loss: 0.515859
Epoch 4 Batch 7 | Loss: 0.554698
Epoch 4 Batch 8 | Loss: 0.518985
Epoch 4 Batch 9 | Loss: 0.533490
Epoch 4 Batch 10 | Loss: 0.539311
Epoch 4 Batch 11 | Loss: 0.505406
Epoch 4 Batch 12 | Loss: 0.490675
Epoch 4 Batch 13 | Loss: 0.600115
  [STABILITY] Test accuracy improved: 51.74% -> 53.49% (via EMA). Saving best params.
--- Epoch 4/30 | Loss: 0.5488 | Train Acc: 48.0% | Test Acc: 53.5% | CM: [TP:6, TN:86, FP:0, FN:80] | Progress: 13.3% | ETA: 38.5s ---
Epoch 5 Batch 1 | Loss: 0.513472 | Stats: min: -0.477, max: 0.351, mean: 0.018
Epoch 5 Batch 2 | Loss: 0.508550
Epoch 5 Batch 3 | Loss: 0.520045
Epoch 5 Batch 4 | Loss: 0.580348
Epoch 5 Batch 5 | Loss: 0.609547
Epoch 5 Batch 6 | Loss: 0.533035
Epoch 5 Batch 7 | Loss: 0.575605
Epoch 5 Batch 8 | Loss: 0.518444
Epoch 5 Batch 9 | Loss: 0.534592
Epoch 5 Batch 10 | Loss: 0.531207
Epoch 5 Batch 11 | Loss: 0.527955
Epoch 5 Batch 12 | Loss: 0.533401
Epoch 5 Batch 13 | Loss: 0.565477
  [STABILITY] Test accuracy improved: 53.49% -> 58.72% (via EMA). Saving best params.
--- Epoch 5/30 | Loss: 0.5424 | Train Acc: 52.5% | Test Acc: 58.7% | CM: [TP:15, TN:86, FP:0, FN:71] | Progress: 16.7% | ETA: 31.5s ---
Epoch 6 Batch 1 | Loss: 0.532323 | Stats: min: -0.358, max: 0.329, mean: -0.108
Epoch 6 Batch 2 | Loss: 0.557332
Epoch 6 Batch 3 | Loss: 0.531958
Epoch 6 Batch 4 | Loss: 0.532039
Epoch 6 Batch 5 | Loss: 0.486979
Epoch 6 Batch 6 | Loss: 0.594130
Epoch 6 Batch 7 | Loss: 0.572808
Epoch 6 Batch 8 | Loss: 0.472532
Epoch 6 Batch 9 | Loss: 0.562805
Epoch 6 Batch 10 | Loss: 0.540595
Epoch 6 Batch 11 | Loss: 0.523375
Epoch 6 Batch 12 | Loss: 0.463355
Epoch 6 Batch 13 | Loss: 0.521235
  [STABILITY] Test accuracy improved: 58.72% -> 62.21% (via EMA). Saving best params.
--- Epoch 6/30 | Loss: 0.5301 | Train Acc: 56.5% | Test Acc: 62.2% | CM: [TP:21, TN:86, FP:0, FN:65] | Progress: 20.0% | ETA: 24.1s ---
Epoch 7 Batch 1 | Loss: 0.501281 | Stats: min: -0.476, max: 0.461, mean: -0.108
Epoch 7 Batch 2 | Loss: 0.589170
Epoch 7 Batch 3 | Loss: 0.502998
Epoch 7 Batch 4 | Loss: 0.564607
Epoch 7 Batch 5 | Loss: 0.514508
Epoch 7 Batch 6 | Loss: 0.519484
Epoch 7 Batch 7 | Loss: 0.547304
Epoch 7 Batch 8 | Loss: 0.495699
Epoch 7 Batch 9 | Loss: 0.501475
Epoch 7 Batch 10 | Loss: 0.504801
Epoch 7 Batch 11 | Loss: 0.566151
Epoch 7 Batch 12 | Loss: 0.544596
Epoch 7 Batch 13 | Loss: 0.421913
  [STABILITY] Test accuracy improved: 62.21% -> 66.86% (via EMA). Saving best params.
--- Epoch 7/30 | Loss: 0.5211 | Train Acc: 65.5% | Test Acc: 66.9% | CM: [TP:29, TN:86, FP:0, FN:57] | Progress: 23.3% | ETA: 19.8s ---
Epoch 8 Batch 1 | Loss: 0.524106 | Stats: min: -0.354, max: 0.505, mean: -0.022
Epoch 8 Batch 2 | Loss: 0.469285
Epoch 8 Batch 3 | Loss: 0.485648
Epoch 8 Batch 4 | Loss: 0.570118
Epoch 8 Batch 5 | Loss: 0.536841
Epoch 8 Batch 6 | Loss: 0.555616
Epoch 8 Batch 7 | Loss: 0.501850
Epoch 8 Batch 8 | Loss: 0.474223
Epoch 8 Batch 9 | Loss: 0.465958
Epoch 8 Batch 10 | Loss: 0.671094
Epoch 8 Batch 11 | Loss: 0.506136
Epoch 8 Batch 12 | Loss: 0.512715
Epoch 8 Batch 13 | Loss: 0.444148
  [STABILITY] Test accuracy improved: 66.86% -> 76.16% (via EMA). Saving best params.
--- Epoch 8/30 | Loss: 0.5167 | Train Acc: 68.5% | Test Acc: 76.2% | CM: [TP:46, TN:85, FP:1, FN:40] | Progress: 26.7% | ETA: 16.5s ---
Epoch 9 Batch 1 | Loss: 0.482533 | Stats: min: -0.129, max: 0.514, mean: 0.107
Epoch 9 Batch 2 | Loss: 0.496322
Epoch 9 Batch 3 | Loss: 0.549401
Epoch 9 Batch 4 | Loss: 0.432162
Epoch 9 Batch 5 | Loss: 0.567751
Epoch 9 Batch 6 | Loss: 0.559476
Epoch 9 Batch 7 | Loss: 0.552715
Epoch 9 Batch 8 | Loss: 0.522664
Epoch 9 Batch 9 | Loss: 0.483504
Epoch 9 Batch 10 | Loss: 0.582914
Epoch 9 Batch 11 | Loss: 0.479209
Epoch 9 Batch 12 | Loss: 0.472229
Epoch 9 Batch 13 | Loss: 0.603509
  [STABILITY] Test accuracy improved: 76.16% -> 80.23% (via EMA). Saving best params.
--- Epoch 9/30 | Loss: 0.5219 | Train Acc: 74.5% | Test Acc: 80.2% | CM: [TP:54, TN:84, FP:2, FN:32] | Progress: 30.0% | ETA: 14.2s ---
Epoch 10 Batch 1 | Loss: 0.535622 | Stats: min: -0.531, max: 0.164, mean: -0.234
Epoch 10 Batch 2 | Loss: 0.473433
Epoch 10 Batch 3 | Loss: 0.522944
Epoch 10 Batch 4 | Loss: 0.525969
Epoch 10 Batch 5 | Loss: 0.512228
Epoch 10 Batch 6 | Loss: 0.568548
Epoch 10 Batch 7 | Loss: 0.545029
Epoch 10 Batch 8 | Loss: 0.535711
Epoch 10 Batch 9 | Loss: 0.504658
Epoch 10 Batch 10 | Loss: 0.457223
Epoch 10 Batch 11 | Loss: 0.539936
Epoch 10 Batch 12 | Loss: 0.497821
Epoch 10 Batch 13 | Loss: 0.538411
  [STABILITY] Test accuracy improved: 80.23% -> 82.56% (via EMA). Saving best params.
--- Epoch 10/30 | Loss: 0.5198 | Train Acc: 77.0% | Test Acc: 82.6% | CM: [TP:60, TN:82, FP:4, FN:26] | Progress: 33.3% | ETA: 12.0s ---
Epoch 11 Batch 1 | Loss: 0.476055 | Stats: min: -0.633, max: 0.048, mean: -0.257
Epoch 11 Batch 2 | Loss: 0.459706
Epoch 11 Batch 3 | Loss: 0.474003
Epoch 11 Batch 4 | Loss: 0.549142
Epoch 11 Batch 5 | Loss: 0.531768
Epoch 11 Batch 6 | Loss: 0.573972
Epoch 11 Batch 7 | Loss: 0.560775
Epoch 11 Batch 8 | Loss: 0.538541
Epoch 11 Batch 9 | Loss: 0.553073
Epoch 11 Batch 10 | Loss: 0.509573
Epoch 11 Batch 11 | Loss: 0.514049
Epoch 11 Batch 12 | Loss: 0.462162
Epoch 11 Batch 13 | Loss: 0.605435
  [STABILITY] Test accuracy improved: 82.56% -> 83.72% (via EMA). Saving best params.
--- Epoch 11/30 | Loss: 0.5237 | Train Acc: 78.0% | Test Acc: 83.7% | CM: [TP:63, TN:81, FP:5, FN:23] | Progress: 36.7% | ETA: 12.7s ---
Epoch 12 Batch 1 | Loss: 0.540291 | Stats: min: -0.446, max: 0.392, mean: -0.017
Epoch 12 Batch 2 | Loss: 0.497616
Epoch 12 Batch 3 | Loss: 0.540682
Epoch 12 Batch 4 | Loss: 0.519335
Epoch 12 Batch 5 | Loss: 0.482346
Epoch 12 Batch 6 | Loss: 0.494456
Epoch 12 Batch 7 | Loss: 0.498883
Epoch 12 Batch 8 | Loss: 0.525949
Epoch 12 Batch 9 | Loss: 0.536733
Epoch 12 Batch 10 | Loss: 0.515504
Epoch 12 Batch 11 | Loss: 0.554142
Epoch 12 Batch 12 | Loss: 0.523551
Epoch 12 Batch 13 | Loss: 0.472222
  [STABILITY] Test accuracy improved: 83.72% -> 84.88% (via EMA). Saving best params.
--- Epoch 12/30 | Loss: 0.5155 | Train Acc: 77.5% | Test Acc: 84.9% | CM: [TP:68, TN:78, FP:8, FN:18] | Progress: 40.0% | ETA: 9.8s ---
Epoch 13 Batch 1 | Loss: 0.484983 | Stats: min: -0.613, max: 0.517, mean: -0.243
Epoch 13 Batch 2 | Loss: 0.495616
Epoch 13 Batch 3 | Loss: 0.505767
Epoch 13 Batch 4 | Loss: 0.478790
Epoch 13 Batch 5 | Loss: 0.436960
Epoch 13 Batch 6 | Loss: 0.458435
Epoch 13 Batch 7 | Loss: 0.607813
Epoch 13 Batch 8 | Loss: 0.564615
Epoch 13 Batch 9 | Loss: 0.464109
Epoch 13 Batch 10 | Loss: 0.566428
Epoch 13 Batch 11 | Loss: 0.526638
Epoch 13 Batch 12 | Loss: 0.569158
Epoch 13 Batch 13 | Loss: 0.542615
  [STABILITY] Test accuracy improved: 84.88% -> 85.47% (via EMA). Saving best params.
--- Epoch 13/30 | Loss: 0.5155 | Train Acc: 78.5% | Test Acc: 85.5% | CM: [TP:69, TN:78, FP:8, FN:17] | Progress: 43.3% | ETA: 11.1s ---
Epoch 14 Batch 1 | Loss: 0.461425 | Stats: min: -0.516, max: 0.619, mean: -0.129
Epoch 14 Batch 2 | Loss: 0.478162
Epoch 14 Batch 3 | Loss: 0.608734
Epoch 14 Batch 4 | Loss: 0.502395
Epoch 14 Batch 5 | Loss: 0.493798
Epoch 14 Batch 6 | Loss: 0.456112
Epoch 14 Batch 7 | Loss: 0.534494
Epoch 14 Batch 8 | Loss: 0.543334
Epoch 14 Batch 9 | Loss: 0.506111
Epoch 14 Batch 10 | Loss: 0.511094
Epoch 14 Batch 11 | Loss: 0.517256
Epoch 14 Batch 12 | Loss: 0.523563
Epoch 14 Batch 13 | Loss: 0.565339
--- Epoch 14/30 | Loss: 0.5155 | Train Acc: 78.0% | Test Acc: 85.5% | CM: [TP:69, TN:78, FP:8, FN:17] | Progress: 46.7% | ETA: 12.1s ---
Epoch 15 Batch 1 | Loss: 0.489341 | Stats: min: -0.319, max: 0.302, mean: -0.033
Epoch 15 Batch 2 | Loss: 0.572112
Epoch 15 Batch 3 | Loss: 0.525257
Epoch 15 Batch 4 | Loss: 0.535425
Epoch 15 Batch 5 | Loss: 0.511954
Epoch 15 Batch 6 | Loss: 0.522216
Epoch 15 Batch 7 | Loss: 0.494111
Epoch 15 Batch 8 | Loss: 0.515608
Epoch 15 Batch 9 | Loss: 0.505956
Epoch 15 Batch 10 | Loss: 0.501538
Epoch 15 Batch 11 | Loss: 0.484454
Epoch 15 Batch 12 | Loss: 0.474316
Epoch 15 Batch 13 | Loss: 0.626006
--- Epoch 15/30 | Loss: 0.5199 | Train Acc: 79.5% | Test Acc: 85.5% | CM: [TP:70, TN:77, FP:9, FN:16] | Progress: 50.0% | ETA: 8.1s ---
Epoch 16 Batch 1 | Loss: 0.552122 | Stats: min: -0.431, max: 0.402, mean: -0.171
Epoch 16 Batch 2 | Loss: 0.491860
Epoch 16 Batch 3 | Loss: 0.476941
Epoch 16 Batch 4 | Loss: 0.490438
Epoch 16 Batch 5 | Loss: 0.567304
Epoch 16 Batch 6 | Loss: 0.526771
Epoch 16 Batch 7 | Loss: 0.373981
Epoch 16 Batch 8 | Loss: 0.545314
Epoch 16 Batch 9 | Loss: 0.505061
Epoch 16 Batch 10 | Loss: 0.501020
Epoch 16 Batch 11 | Loss: 0.522724
Epoch 16 Batch 12 | Loss: 0.572916
Epoch 16 Batch 13 | Loss: 0.561565
  [STABILITY] Plateau detected. Reducing Learning Rate to 0.010000
--- Epoch 16/30 | Loss: 0.5145 | Train Acc: 79.5% | Test Acc: 84.9% | CM: [TP:70, TN:76, FP:10, FN:16] | Progress: 53.3% | ETA: 6.4s ---
Epoch 17 Batch 1 | Loss: 0.423480 | Stats: min: -0.418, max: 0.028, mean: -0.214
Epoch 17 Batch 2 | Loss: 0.559616
Epoch 17 Batch 3 | Loss: 0.522937
Epoch 17 Batch 4 | Loss: 0.453673
Epoch 17 Batch 5 | Loss: 0.614931
Epoch 17 Batch 6 | Loss: 0.522941
Epoch 17 Batch 7 | Loss: 0.551799
Epoch 17 Batch 8 | Loss: 0.473917
Epoch 17 Batch 9 | Loss: 0.484553
Epoch 17 Batch 10 | Loss: 0.561305
Epoch 17 Batch 11 | Loss: 0.459171
Epoch 17 Batch 12 | Loss: 0.531407
Epoch 17 Batch 13 | Loss: 0.456485
--- Epoch 17/30 | Loss: 0.5089 | Train Acc: 79.5% | Test Acc: 84.9% | CM: [TP:70, TN:76, FP:10, FN:16] | Progress: 56.7% | ETA: 7.3s ---
Epoch 18 Batch 1 | Loss: 0.522065 | Stats: min: -0.445, max: 0.642, mean: -0.018
Epoch 18 Batch 2 | Loss: 0.500768
Epoch 18 Batch 3 | Loss: 0.460562
Epoch 18 Batch 4 | Loss: 0.522906
Epoch 18 Batch 5 | Loss: 0.459336
Epoch 18 Batch 6 | Loss: 0.497372
Epoch 18 Batch 7 | Loss: 0.598713
Epoch 18 Batch 8 | Loss: 0.587078
Epoch 18 Batch 9 | Loss: 0.482811
Epoch 18 Batch 10 | Loss: 0.452463
Epoch 18 Batch 11 | Loss: 0.529853
Epoch 18 Batch 12 | Loss: 0.484010
Epoch 18 Batch 13 | Loss: 0.520125
--- Epoch 18/30 | Loss: 0.5091 | Train Acc: 79.0% | Test Acc: 84.9% | CM: [TP:70, TN:76, FP:10, FN:16] | Progress: 60.0% | ETA: 4.8s ---
Epoch 19 Batch 1 | Loss: 0.554580 | Stats: min: -0.050, max: 0.581, mean: 0.262
Epoch 19 Batch 2 | Loss: 0.460164
Epoch 19 Batch 3 | Loss: 0.524214
Epoch 19 Batch 4 | Loss: 0.511367
Epoch 19 Batch 5 | Loss: 0.503130
Epoch 19 Batch 6 | Loss: 0.579152
Epoch 19 Batch 7 | Loss: 0.439454
Epoch 19 Batch 8 | Loss: 0.559820
Epoch 19 Batch 9 | Loss: 0.472280
Epoch 19 Batch 10 | Loss: 0.503453
Epoch 19 Batch 11 | Loss: 0.482275
Epoch 19 Batch 12 | Loss: 0.527211
Epoch 19 Batch 13 | Loss: 0.485692
  [STABILITY] Plateau detected. Reducing Learning Rate to 0.005000
--- Epoch 19/30 | Loss: 0.5079 | Train Acc: 78.5% | Test Acc: 84.3% | CM: [TP:69, TN:76, FP:10, FN:17] | Progress: 63.3% | ETA: 3.5s ---
Epoch 20 Batch 1 | Loss: 0.531488 | Stats: min: -0.348, max: 0.498, mean: -0.028
Epoch 20 Batch 2 | Loss: 0.495375
Epoch 20 Batch 3 | Loss: 0.489202
Epoch 20 Batch 4 | Loss: 0.544655
Epoch 20 Batch 5 | Loss: 0.483177
Epoch 20 Batch 6 | Loss: 0.557760
Epoch 20 Batch 7 | Loss: 0.552958
Epoch 20 Batch 8 | Loss: 0.398544
Epoch 20 Batch 9 | Loss: 0.561045
Epoch 20 Batch 10 | Loss: 0.502161
Epoch 20 Batch 11 | Loss: 0.476338
Epoch 20 Batch 12 | Loss: 0.501456
Epoch 20 Batch 13 | Loss: 0.487738
--- Epoch 20/30 | Loss: 0.5063 | Train Acc: 78.5% | Test Acc: 84.3% | CM: [TP:69, TN:76, FP:10, FN:17] | Progress: 66.7% | ETA: 4.0s ---
Epoch 21 Batch 1 | Loss: 0.473692 | Stats: min: -0.502, max: 0.210, mean: -0.247
Epoch 21 Batch 2 | Loss: 0.572327
Epoch 21 Batch 3 | Loss: 0.431958
Epoch 21 Batch 4 | Loss: 0.460642
Epoch 21 Batch 5 | Loss: 0.469859
Epoch 21 Batch 6 | Loss: 0.621262
Epoch 21 Batch 7 | Loss: 0.603857
Epoch 21 Batch 8 | Loss: 0.568538
Epoch 21 Batch 9 | Loss: 0.451875
Epoch 21 Batch 10 | Loss: 0.494862
Epoch 21 Batch 11 | Loss: 0.445145
Epoch 21 Batch 12 | Loss: 0.488272
Epoch 21 Batch 13 | Loss: 0.516584
--- Epoch 21/30 | Loss: 0.5076 | Train Acc: 78.5% | Test Acc: 84.3% | CM: [TP:69, TN:76, FP:10, FN:17] | Progress: 70.0% | ETA: 2.7s ---
Epoch 22 Batch 1 | Loss: 0.503009 | Stats: min: -0.512, max: 0.297, mean: -0.022
Epoch 22 Batch 2 | Loss: 0.471487
Epoch 22 Batch 3 | Loss: 0.546788
Epoch 22 Batch 4 | Loss: 0.472575
Epoch 22 Batch 5 | Loss: 0.508835
Epoch 22 Batch 6 | Loss: 0.427143
Epoch 22 Batch 7 | Loss: 0.600426
Epoch 22 Batch 8 | Loss: 0.484364
Epoch 22 Batch 9 | Loss: 0.495494
Epoch 22 Batch 10 | Loss: 0.533609
Epoch 22 Batch 11 | Loss: 0.489420
Epoch 22 Batch 12 | Loss: 0.494421
Epoch 22 Batch 13 | Loss: 0.646537
  [STABILITY] Plateau detected. Reducing Learning Rate to 0.002500
--- Epoch 22/30 | Loss: 0.5134 | Train Acc: 78.5% | Test Acc: 84.3% | CM: [TP:69, TN:76, FP:10, FN:17] | Progress: 73.3% | ETA: 2.2s ---
Epoch 23 Batch 1 | Loss: 0.491122 | Stats: min: -0.547, max: 0.580, mean: -0.056
Epoch 23 Batch 2 | Loss: 0.531774
Epoch 23 Batch 3 | Loss: 0.579736
Epoch 23 Batch 4 | Loss: 0.435969
Epoch 23 Batch 5 | Loss: 0.455773
Epoch 23 Batch 6 | Loss: 0.541489
Epoch 23 Batch 7 | Loss: 0.555379
Epoch 23 Batch 8 | Loss: 0.492003
Epoch 23 Batch 9 | Loss: 0.503361
Epoch 23 Batch 10 | Loss: 0.502892
Epoch 23 Batch 11 | Loss: 0.517363
Epoch 23 Batch 12 | Loss: 0.453783
Epoch 23 Batch 13 | Loss: 0.536348
--- Epoch 23/30 | Loss: 0.5075 | Train Acc: 78.0% | Test Acc: 83.7% | CM: [TP:68, TN:76, FP:10, FN:18] | Progress: 76.7% | ETA: 1.9s ---
Epoch 24 Batch 1 | Loss: 0.617071 | Stats: min: -0.272, max: 0.587, mean: 0.147
Epoch 24 Batch 2 | Loss: 0.488225
Epoch 24 Batch 3 | Loss: 0.539673
Epoch 24 Batch 4 | Loss: 0.546742
Epoch 24 Batch 5 | Loss: 0.474501
Epoch 24 Batch 6 | Loss: 0.479729
Epoch 24 Batch 7 | Loss: 0.491202
Epoch 24 Batch 8 | Loss: 0.518850
Epoch 24 Batch 9 | Loss: 0.536731
Epoch 24 Batch 10 | Loss: 0.509202
Epoch 24 Batch 11 | Loss: 0.479993
Epoch 24 Batch 12 | Loss: 0.420611
Epoch 24 Batch 13 | Loss: 0.441605
--- Epoch 24/30 | Loss: 0.5034 | Train Acc: 77.5% | Test Acc: 83.7% | CM: [TP:68, TN:76, FP:10, FN:18] | Progress: 80.0% | ETA: 1.5s ---
Epoch 25 Batch 1 | Loss: 0.504871 | Stats: min: -0.459, max: 0.574, mean: -0.062
Epoch 25 Batch 2 | Loss: 0.537174
Epoch 25 Batch 3 | Loss: 0.538177
Epoch 25 Batch 4 | Loss: 0.540057
Epoch 25 Batch 5 | Loss: 0.501355
Epoch 25 Batch 6 | Loss: 0.499881
Epoch 25 Batch 7 | Loss: 0.532412
Epoch 25 Batch 8 | Loss: 0.496096
Epoch 25 Batch 9 | Loss: 0.446047
Epoch 25 Batch 10 | Loss: 0.560163
Epoch 25 Batch 11 | Loss: 0.456321
Epoch 25 Batch 12 | Loss: 0.473331
Epoch 25 Batch 13 | Loss: 0.473520
  [STABILITY] Plateau detected. Reducing Learning Rate to 0.001250
--- Epoch 25/30 | Loss: 0.5046 | Train Acc: 77.5% | Test Acc: 83.7% | CM: [TP:68, TN:76, FP:10, FN:18] | Progress: 83.3% | ETA: 1.3s ---
Epoch 26 Batch 1 | Loss: 0.510826 | Stats: min: -0.388, max: 0.589, mean: -0.084
Epoch 26 Batch 2 | Loss: 0.449205
Epoch 26 Batch 3 | Loss: 0.459192
Epoch 26 Batch 4 | Loss: 0.503546
Epoch 26 Batch 5 | Loss: 0.528653
Epoch 26 Batch 6 | Loss: 0.511300
Epoch 26 Batch 7 | Loss: 0.592678
Epoch 26 Batch 8 | Loss: 0.527475
Epoch 26 Batch 9 | Loss: 0.497153
Epoch 26 Batch 10 | Loss: 0.552413
Epoch 26 Batch 11 | Loss: 0.514008
Epoch 26 Batch 12 | Loss: 0.459935
Epoch 26 Batch 13 | Loss: 0.415519
--- Epoch 26/30 | Loss: 0.5017 | Train Acc: 77.0% | Test Acc: 84.3% | CM: [TP:68, TN:77, FP:9, FN:18] | Progress: 86.7% | ETA: 0.9s ---
Epoch 27 Batch 1 | Loss: 0.433940 | Stats: min: -0.542, max: 0.565, mean: -0.023
Epoch 27 Batch 2 | Loss: 0.449503
Epoch 27 Batch 3 | Loss: 0.508365
Epoch 27 Batch 4 | Loss: 0.536202
Epoch 27 Batch 5 | Loss: 0.554802
Epoch 27 Batch 6 | Loss: 0.490598
Epoch 27 Batch 7 | Loss: 0.507316
Epoch 27 Batch 8 | Loss: 0.496413
Epoch 27 Batch 9 | Loss: 0.470604
Epoch 27 Batch 10 | Loss: 0.492863
Epoch 27 Batch 11 | Loss: 0.531394
Epoch 27 Batch 12 | Loss: 0.561432
Epoch 27 Batch 13 | Loss: 0.572071
--- Epoch 27/30 | Loss: 0.5081 | Train Acc: 77.0% | Test Acc: 84.3% | CM: [TP:68, TN:77, FP:9, FN:18] | Progress: 90.0% | ETA: 0.7s ---
Epoch 28 Batch 1 | Loss: 0.470322 | Stats: min: -0.486, max: 0.660, mean: 0.181
Epoch 28 Batch 2 | Loss: 0.474833
Epoch 28 Batch 3 | Loss: 0.440896
Epoch 28 Batch 4 | Loss: 0.502443
Epoch 28 Batch 5 | Loss: 0.484469
Epoch 28 Batch 6 | Loss: 0.504073
Epoch 28 Batch 7 | Loss: 0.550244
Epoch 28 Batch 8 | Loss: 0.520724
Epoch 28 Batch 9 | Loss: 0.497172
Epoch 28 Batch 10 | Loss: 0.545613
Epoch 28 Batch 11 | Loss: 0.520154
Epoch 28 Batch 12 | Loss: 0.505598
Epoch 28 Batch 13 | Loss: 0.605390
  [STABILITY] Plateau detected. Reducing Learning Rate to 0.000625
--- Epoch 28/30 | Loss: 0.5094 | Train Acc: 77.0% | Test Acc: 83.7% | CM: [TP:67, TN:77, FP:9, FN:19] | Progress: 93.3% | ETA: 0.4s ---
Epoch 29 Batch 1 | Loss: 0.482576 | Stats: min: -0.400, max: 0.625, mean: 0.017
Epoch 29 Batch 2 | Loss: 0.505523
Epoch 29 Batch 3 | Loss: 0.564001
Epoch 29 Batch 4 | Loss: 0.517334
Epoch 29 Batch 5 | Loss: 0.522512
Epoch 29 Batch 6 | Loss: 0.510032
Epoch 29 Batch 7 | Loss: 0.471232
Epoch 29 Batch 8 | Loss: 0.521566
Epoch 29 Batch 9 | Loss: 0.427880
Epoch 29 Batch 10 | Loss: 0.529100
Epoch 29 Batch 11 | Loss: 0.433702
Epoch 29 Batch 12 | Loss: 0.513012
Epoch 29 Batch 13 | Loss: 0.641418
--- Epoch 29/30 | Loss: 0.5108 | Train Acc: 77.5% | Test Acc: 83.7% | CM: [TP:67, TN:77, FP:9, FN:19] | Progress: 96.7% | ETA: 0.2s ---
Epoch 30 Batch 1 | Loss: 0.497018 | Stats: min: -0.496, max: 0.254, mean: 0.037
Epoch 30 Batch 2 | Loss: 0.546939
Epoch 30 Batch 3 | Loss: 0.443146
Epoch 30 Batch 4 | Loss: 0.497811
Epoch 30 Batch 5 | Loss: 0.520670
Epoch 30 Batch 6 | Loss: 0.490034
Epoch 30 Batch 7 | Loss: 0.478860
Epoch 30 Batch 8 | Loss: 0.578203
Epoch 30 Batch 9 | Loss: 0.531508
Epoch 30 Batch 10 | Loss: 0.515752
Epoch 30 Batch 11 | Loss: 0.469461
Epoch 30 Batch 12 | Loss: 0.504452
Epoch 30 Batch 13 | Loss: 0.480283
--- Epoch 30/30 | Loss: 0.5042 | Train Acc: 77.5% | Test Acc: 83.7% | CM: [TP:67, TN:77, FP:9, FN:19] | Progress: 100.0% | ETA: 0.0s ---

Final Best Test Accuracy: 85.47%


Best Quantum Test Accuracy: 0.855
