DEBUG: Qtrainer enters train_pure_quantum_cnn. Encoding: amplitude
  Class Weights: +1 (Target): 1.00 | -1 (Rest): 1.00
Starting Training
==================================================
Epoch 1 Batch 1 | Loss: 0.642151 | Stats: min: -0.173, max: -0.101, mean: -0.126
Epoch 1 Batch 2 | Loss: 0.639417
Epoch 1 Batch 3 | Loss: 0.681285
Epoch 1 Batch 4 | Loss: 0.653083
Epoch 1 Batch 5 | Loss: 0.652496
Epoch 1 Batch 6 | Loss: 0.623218
Epoch 1 Batch 7 | Loss: 0.615617
Epoch 1 Batch 8 | Loss: 0.635004
Epoch 1 Batch 9 | Loss: 0.627598
Epoch 1 Batch 10 | Loss: 0.655319
Epoch 1 Batch 11 | Loss: 0.616799
Epoch 1 Batch 12 | Loss: 0.629964
Epoch 1 Batch 13 | Loss: 0.570931
  [STABILITY] Test accuracy improved: 0.00% -> 53.49% (via EMA). Saving best params.
--- Epoch 1/30 | Loss: 0.6341 | Train Acc: 55.5% | Test Acc: 53.5% | CM: [TP:6, TN:86, FP:0, FN:80] | Progress: 3.3% | ETA: 205.6s ---
Epoch 2 Batch 1 | Loss: 0.604077 | Stats: min: -0.085, max: 0.044, mean: -0.015
Epoch 2 Batch 2 | Loss: 0.621033
Epoch 2 Batch 3 | Loss: 0.584498
Epoch 2 Batch 4 | Loss: 0.549962
Epoch 2 Batch 5 | Loss: 0.565250
Epoch 2 Batch 6 | Loss: 0.644247
Epoch 2 Batch 7 | Loss: 0.604513
Epoch 2 Batch 8 | Loss: 0.584536
Epoch 2 Batch 9 | Loss: 0.572475
Epoch 2 Batch 10 | Loss: 0.585505
Epoch 2 Batch 11 | Loss: 0.653011
Epoch 2 Batch 12 | Loss: 0.578671
Epoch 2 Batch 13 | Loss: 0.592182
  [STABILITY] Test accuracy improved: 53.49% -> 56.40% (via EMA). Saving best params.
--- Epoch 2/30 | Loss: 0.5954 | Train Acc: 59.5% | Test Acc: 56.4% | CM: [TP:11, TN:86, FP:0, FN:75] | Progress: 6.7% | ETA: 86.5s ---
Epoch 3 Batch 1 | Loss: 0.562175 | Stats: min: -0.202, max: 0.293, mean: -0.040
Epoch 3 Batch 2 | Loss: 0.584028
Epoch 3 Batch 3 | Loss: 0.574138
Epoch 3 Batch 4 | Loss: 0.529861
Epoch 3 Batch 5 | Loss: 0.565040
Epoch 3 Batch 6 | Loss: 0.620228
Epoch 3 Batch 7 | Loss: 0.563245
Epoch 3 Batch 8 | Loss: 0.554097
Epoch 3 Batch 9 | Loss: 0.538532
Epoch 3 Batch 10 | Loss: 0.569592
Epoch 3 Batch 11 | Loss: 0.578399
Epoch 3 Batch 12 | Loss: 0.593839
Epoch 3 Batch 13 | Loss: 0.628742
  [STABILITY] Test accuracy improved: 56.40% -> 64.53% (via EMA). Saving best params.
--- Epoch 3/30 | Loss: 0.5740 | Train Acc: 63.5% | Test Acc: 64.5% | CM: [TP:26, TN:85, FP:1, FN:60] | Progress: 10.0% | ETA: 88.8s ---
Epoch 4 Batch 1 | Loss: 0.555634 | Stats: min: -0.164, max: 0.141, mean: -0.020
Epoch 4 Batch 2 | Loss: 0.596417
Epoch 4 Batch 3 | Loss: 0.588978
Epoch 4 Batch 4 | Loss: 0.593304
Epoch 4 Batch 5 | Loss: 0.516421
Epoch 4 Batch 6 | Loss: 0.556567
Epoch 4 Batch 7 | Loss: 0.519447
Epoch 4 Batch 8 | Loss: 0.530375
Epoch 4 Batch 9 | Loss: 0.562336
Epoch 4 Batch 10 | Loss: 0.560397
Epoch 4 Batch 11 | Loss: 0.521303
Epoch 4 Batch 12 | Loss: 0.594620
Epoch 4 Batch 13 | Loss: 0.528860
  [STABILITY] Test accuracy improved: 64.53% -> 68.02% (via EMA). Saving best params.
--- Epoch 4/30 | Loss: 0.5557 | Train Acc: 67.5% | Test Acc: 68.0% | CM: [TP:33, TN:84, FP:2, FN:53] | Progress: 13.3% | ETA: 41.1s ---
Epoch 5 Batch 1 | Loss: 0.531560 | Stats: min: -0.263, max: 0.074, mean: -0.085
Epoch 5 Batch 2 | Loss: 0.589514
Epoch 5 Batch 3 | Loss: 0.548502
Epoch 5 Batch 4 | Loss: 0.566510
Epoch 5 Batch 5 | Loss: 0.550237
Epoch 5 Batch 6 | Loss: 0.534733
Epoch 5 Batch 7 | Loss: 0.575959
Epoch 5 Batch 8 | Loss: 0.634311
Epoch 5 Batch 9 | Loss: 0.560736
Epoch 5 Batch 10 | Loss: 0.500505
Epoch 5 Batch 11 | Loss: 0.540586
Epoch 5 Batch 12 | Loss: 0.506328
Epoch 5 Batch 13 | Loss: 0.501061
  [STABILITY] Test accuracy improved: 68.02% -> 69.77% (via EMA). Saving best params.
--- Epoch 5/30 | Loss: 0.5493 | Train Acc: 71.0% | Test Acc: 69.8% | CM: [TP:36, TN:84, FP:2, FN:50] | Progress: 16.7% | ETA: 40.5s ---
Epoch 6 Batch 1 | Loss: 0.542775 | Stats: min: -0.333, max: -0.051, mean: -0.191
Epoch 6 Batch 2 | Loss: 0.577696
Epoch 6 Batch 3 | Loss: 0.558603
Epoch 6 Batch 4 | Loss: 0.595003
Epoch 6 Batch 5 | Loss: 0.541340
Epoch 6 Batch 6 | Loss: 0.523926
Epoch 6 Batch 7 | Loss: 0.536993
Epoch 6 Batch 8 | Loss: 0.531504
Epoch 6 Batch 9 | Loss: 0.541818
Epoch 6 Batch 10 | Loss: 0.539647
Epoch 6 Batch 11 | Loss: 0.483040
Epoch 6 Batch 12 | Loss: 0.555528
Epoch 6 Batch 13 | Loss: 0.519645
  [STABILITY] Test accuracy improved: 69.77% -> 70.93% (via EMA). Saving best params.
--- Epoch 6/30 | Loss: 0.5421 | Train Acc: 74.5% | Test Acc: 70.9% | CM: [TP:38, TN:84, FP:2, FN:48] | Progress: 20.0% | ETA: 42.8s ---
Epoch 7 Batch 1 | Loss: 0.580933 | Stats: min: -0.314, max: 0.332, mean: -0.018
Epoch 7 Batch 2 | Loss: 0.548988
Epoch 7 Batch 3 | Loss: 0.557843
Epoch 7 Batch 4 | Loss: 0.570181
Epoch 7 Batch 5 | Loss: 0.524735
Epoch 7 Batch 6 | Loss: 0.562477
Epoch 7 Batch 7 | Loss: 0.535220
Epoch 7 Batch 8 | Loss: 0.590410
Epoch 7 Batch 9 | Loss: 0.505368
Epoch 7 Batch 10 | Loss: 0.482685
Epoch 7 Batch 11 | Loss: 0.528872
Epoch 7 Batch 12 | Loss: 0.511699
Epoch 7 Batch 13 | Loss: 0.515060
  [STABILITY] Test accuracy improved: 70.93% -> 73.26% (via EMA). Saving best params.
--- Epoch 7/30 | Loss: 0.5396 | Train Acc: 75.0% | Test Acc: 73.3% | CM: [TP:42, TN:84, FP:2, FN:44] | Progress: 23.3% | ETA: 38.7s ---
Epoch 8 Batch 1 | Loss: 0.579774 | Stats: min: -0.474, max: 0.043, mean: -0.219
Epoch 8 Batch 2 | Loss: 0.532332
Epoch 8 Batch 3 | Loss: 0.526266
Epoch 8 Batch 4 | Loss: 0.561570
Epoch 8 Batch 5 | Loss: 0.555746
Epoch 8 Batch 6 | Loss: 0.519691
Epoch 8 Batch 7 | Loss: 0.545445
Epoch 8 Batch 8 | Loss: 0.555588
Epoch 8 Batch 9 | Loss: 0.501793
Epoch 8 Batch 10 | Loss: 0.522269
Epoch 8 Batch 11 | Loss: 0.507347
Epoch 8 Batch 12 | Loss: 0.521699
Epoch 8 Batch 13 | Loss: 0.610752
  [STABILITY] Test accuracy improved: 73.26% -> 76.74% (via EMA). Saving best params.
--- Epoch 8/30 | Loss: 0.5416 | Train Acc: 77.0% | Test Acc: 76.7% | CM: [TP:49, TN:83, FP:3, FN:37] | Progress: 26.7% | ETA: 32.0s ---
Epoch 9 Batch 1 | Loss: 0.561399 | Stats: min: -0.086, max: 0.209, mean: 0.099
Epoch 9 Batch 2 | Loss: 0.609772
Epoch 9 Batch 3 | Loss: 0.531377
Epoch 9 Batch 4 | Loss: 0.509004
Epoch 9 Batch 5 | Loss: 0.575529
Epoch 9 Batch 6 | Loss: 0.527364
Epoch 9 Batch 7 | Loss: 0.484244
Epoch 9 Batch 8 | Loss: 0.596879
Epoch 9 Batch 9 | Loss: 0.501212
Epoch 9 Batch 10 | Loss: 0.518768
Epoch 9 Batch 11 | Loss: 0.532596
Epoch 9 Batch 12 | Loss: 0.522885
Epoch 9 Batch 13 | Loss: 0.524682
  [STABILITY] Test accuracy improved: 76.74% -> 77.33% (via EMA). Saving best params.
--- Epoch 9/30 | Loss: 0.5381 | Train Acc: 79.5% | Test Acc: 77.3% | CM: [TP:50, TN:83, FP:3, FN:36] | Progress: 30.0% | ETA: 27.4s ---
Epoch 10 Batch 1 | Loss: 0.541812 | Stats: min: -0.327, max: 0.464, mean: 0.049
Epoch 10 Batch 2 | Loss: 0.547365
Epoch 10 Batch 3 | Loss: 0.526721
Epoch 10 Batch 4 | Loss: 0.529319
Epoch 10 Batch 5 | Loss: 0.581917
Epoch 10 Batch 6 | Loss: 0.499924
Epoch 10 Batch 7 | Loss: 0.572899
Epoch 10 Batch 8 | Loss: 0.555351
Epoch 10 Batch 9 | Loss: 0.506748
Epoch 10 Batch 10 | Loss: 0.551501
Epoch 10 Batch 11 | Loss: 0.503266
Epoch 10 Batch 12 | Loss: 0.497268
Epoch 10 Batch 13 | Loss: 0.494670
  [STABILITY] Test accuracy improved: 77.33% -> 77.91% (via EMA). Saving best params.
--- Epoch 10/30 | Loss: 0.5314 | Train Acc: 83.0% | Test Acc: 77.9% | CM: [TP:52, TN:82, FP:4, FN:34] | Progress: 33.3% | ETA: 24.0s ---
Epoch 11 Batch 1 | Loss: 0.540774 | Stats: min: -0.254, max: 0.135, mean: -0.084
Epoch 11 Batch 2 | Loss: 0.548243
Epoch 11 Batch 3 | Loss: 0.592257
Epoch 11 Batch 4 | Loss: 0.535573
Epoch 11 Batch 5 | Loss: 0.556416
Epoch 11 Batch 6 | Loss: 0.488976
Epoch 11 Batch 7 | Loss: 0.528985
Epoch 11 Batch 8 | Loss: 0.543863
Epoch 11 Batch 9 | Loss: 0.468304
Epoch 11 Batch 10 | Loss: 0.547992
Epoch 11 Batch 11 | Loss: 0.523627
Epoch 11 Batch 12 | Loss: 0.496758
Epoch 11 Batch 13 | Loss: 0.516549
  [STABILITY] Test accuracy improved: 77.91% -> 79.65% (via EMA). Saving best params.
--- Epoch 11/30 | Loss: 0.5299 | Train Acc: 83.0% | Test Acc: 79.7% | CM: [TP:55, TN:82, FP:4, FN:31] | Progress: 36.7% | ETA: 16.0s ---
Epoch 12 Batch 1 | Loss: 0.545189 | Stats: min: -0.326, max: -0.011, mean: -0.189
Epoch 12 Batch 2 | Loss: 0.531014
Epoch 12 Batch 3 | Loss: 0.536225
Epoch 12 Batch 4 | Loss: 0.571433
Epoch 12 Batch 5 | Loss: 0.499126
Epoch 12 Batch 6 | Loss: 0.483545
Epoch 12 Batch 7 | Loss: 0.552945
Epoch 12 Batch 8 | Loss: 0.497810
Epoch 12 Batch 9 | Loss: 0.571630
Epoch 12 Batch 10 | Loss: 0.560084
Epoch 12 Batch 11 | Loss: 0.515210
Epoch 12 Batch 12 | Loss: 0.518135
Epoch 12 Batch 13 | Loss: 0.462118
--- Epoch 12/30 | Loss: 0.5265 | Train Acc: 81.5% | Test Acc: 79.7% | CM: [TP:56, TN:81, FP:5, FN:30] | Progress: 40.0% | ETA: 12.3s ---
Epoch 13 Batch 1 | Loss: 0.533933 | Stats: min: -0.351, max: 0.227, mean: -0.135
Epoch 13 Batch 2 | Loss: 0.542947
Epoch 13 Batch 3 | Loss: 0.474656
Epoch 13 Batch 4 | Loss: 0.501626
Epoch 13 Batch 5 | Loss: 0.487790
Epoch 13 Batch 6 | Loss: 0.527356
Epoch 13 Batch 7 | Loss: 0.593406
Epoch 13 Batch 8 | Loss: 0.529738
Epoch 13 Batch 9 | Loss: 0.503416
Epoch 13 Batch 10 | Loss: 0.495955
Epoch 13 Batch 11 | Loss: 0.567408
Epoch 13 Batch 12 | Loss: 0.525026
Epoch 13 Batch 13 | Loss: 0.631200
  [STABILITY] Test accuracy improved: 79.65% -> 80.23% (via EMA). Saving best params.
--- Epoch 13/30 | Loss: 0.5319 | Train Acc: 82.0% | Test Acc: 80.2% | CM: [TP:57, TN:81, FP:5, FN:29] | Progress: 43.3% | ETA: 8.6s ---
Epoch 14 Batch 1 | Loss: 0.548605 | Stats: min: -0.202, max: 0.180, mean: -0.019
Epoch 14 Batch 2 | Loss: 0.502601
Epoch 14 Batch 3 | Loss: 0.521562
Epoch 14 Batch 4 | Loss: 0.474050
Epoch 14 Batch 5 | Loss: 0.543912
Epoch 14 Batch 6 | Loss: 0.591990
Epoch 14 Batch 7 | Loss: 0.525523
Epoch 14 Batch 8 | Loss: 0.516617
Epoch 14 Batch 9 | Loss: 0.523720
Epoch 14 Batch 10 | Loss: 0.535539
Epoch 14 Batch 11 | Loss: 0.503251
Epoch 14 Batch 12 | Loss: 0.535736
Epoch 14 Batch 13 | Loss: 0.462656
--- Epoch 14/30 | Loss: 0.5220 | Train Acc: 82.5% | Test Acc: 80.2% | CM: [TP:57, TN:81, FP:5, FN:29] | Progress: 46.7% | ETA: 7.1s ---
Epoch 15 Batch 1 | Loss: 0.480922 | Stats: min: 0.024, max: 0.426, mean: 0.260
Epoch 15 Batch 2 | Loss: 0.520277
Epoch 15 Batch 3 | Loss: 0.508200
Epoch 15 Batch 4 | Loss: 0.550820
Epoch 15 Batch 5 | Loss: 0.543852
Epoch 15 Batch 6 | Loss: 0.479237
Epoch 15 Batch 7 | Loss: 0.529752
Epoch 15 Batch 8 | Loss: 0.509244
Epoch 15 Batch 9 | Loss: 0.514765
Epoch 15 Batch 10 | Loss: 0.543157
Epoch 15 Batch 11 | Loss: 0.544603
Epoch 15 Batch 12 | Loss: 0.539478
Epoch 15 Batch 13 | Loss: 0.519732
  [STABILITY] Test accuracy improved: 80.23% -> 80.81% (via EMA). Saving best params.
--- Epoch 15/30 | Loss: 0.5218 | Train Acc: 82.5% | Test Acc: 80.8% | CM: [TP:58, TN:81, FP:5, FN:28] | Progress: 50.0% | ETA: 9.4s ---
Epoch 16 Batch 1 | Loss: 0.525077 | Stats: min: -0.391, max: -0.103, mean: -0.275
Epoch 16 Batch 2 | Loss: 0.484492
Epoch 16 Batch 3 | Loss: 0.519209
Epoch 16 Batch 4 | Loss: 0.530891
Epoch 16 Batch 5 | Loss: 0.528720
Epoch 16 Batch 6 | Loss: 0.519595
Epoch 16 Batch 7 | Loss: 0.511182
Epoch 16 Batch 8 | Loss: 0.547842
Epoch 16 Batch 9 | Loss: 0.485160
Epoch 16 Batch 10 | Loss: 0.546452
Epoch 16 Batch 11 | Loss: 0.538075
Epoch 16 Batch 12 | Loss: 0.510735
Epoch 16 Batch 13 | Loss: 0.533132
--- Epoch 16/30 | Loss: 0.5216 | Train Acc: 82.5% | Test Acc: 80.8% | CM: [TP:58, TN:81, FP:5, FN:28] | Progress: 53.3% | ETA: 5.8s ---
Epoch 17 Batch 1 | Loss: 0.567081 | Stats: min: -0.150, max: 0.513, mean: 0.038
Epoch 17 Batch 2 | Loss: 0.565729
Epoch 17 Batch 3 | Loss: 0.502102
Epoch 17 Batch 4 | Loss: 0.538783
Epoch 17 Batch 5 | Loss: 0.480075
Epoch 17 Batch 6 | Loss: 0.486246
Epoch 17 Batch 7 | Loss: 0.546437
Epoch 17 Batch 8 | Loss: 0.524289
Epoch 17 Batch 9 | Loss: 0.555049
Epoch 17 Batch 10 | Loss: 0.547370
Epoch 17 Batch 11 | Loss: 0.470058
Epoch 17 Batch 12 | Loss: 0.491434
Epoch 17 Batch 13 | Loss: 0.449537
--- Epoch 17/30 | Loss: 0.5172 | Train Acc: 83.0% | Test Acc: 80.8% | CM: [TP:58, TN:81, FP:5, FN:28] | Progress: 56.7% | ETA: 4.8s ---
Epoch 18 Batch 1 | Loss: 0.521767 | Stats: min: -0.308, max: 0.539, mean: -0.093
Epoch 18 Batch 2 | Loss: 0.485038
Epoch 18 Batch 3 | Loss: 0.585249
Epoch 18 Batch 4 | Loss: 0.455075
Epoch 18 Batch 5 | Loss: 0.539855
Epoch 18 Batch 6 | Loss: 0.554583
Epoch 18 Batch 7 | Loss: 0.507625
Epoch 18 Batch 8 | Loss: 0.438348
Epoch 18 Batch 9 | Loss: 0.500031
Epoch 18 Batch 10 | Loss: 0.535956
Epoch 18 Batch 11 | Loss: 0.494514
Epoch 18 Batch 12 | Loss: 0.525343
Epoch 18 Batch 13 | Loss: 0.599094
  [STABILITY] Test accuracy improved: 80.81% -> 83.14% (via EMA). Saving best params.
--- Epoch 18/30 | Loss: 0.5187 | Train Acc: 84.5% | Test Acc: 83.1% | CM: [TP:62, TN:81, FP:5, FN:24] | Progress: 60.0% | ETA: 4.3s ---
Epoch 19 Batch 1 | Loss: 0.522169 | Stats: min: -0.267, max: 0.438, mean: -0.002
Epoch 19 Batch 2 | Loss: 0.528729
Epoch 19 Batch 3 | Loss: 0.477285
Epoch 19 Batch 4 | Loss: 0.485022
Epoch 19 Batch 5 | Loss: 0.522112
Epoch 19 Batch 6 | Loss: 0.513172
Epoch 19 Batch 7 | Loss: 0.530523
Epoch 19 Batch 8 | Loss: 0.555073
Epoch 19 Batch 9 | Loss: 0.531928
Epoch 19 Batch 10 | Loss: 0.464596
Epoch 19 Batch 11 | Loss: 0.464058
Epoch 19 Batch 12 | Loss: 0.538115
Epoch 19 Batch 13 | Loss: 0.503379
--- Epoch 19/30 | Loss: 0.5105 | Train Acc: 84.0% | Test Acc: 82.6% | CM: [TP:62, TN:80, FP:6, FN:24] | Progress: 63.3% | ETA: 6.2s ---
Epoch 20 Batch 1 | Loss: 0.513995 | Stats: min: -0.392, max: 0.360, mean: -0.122
Epoch 20 Batch 2 | Loss: 0.512932
Epoch 20 Batch 3 | Loss: 0.546184
Epoch 20 Batch 4 | Loss: 0.541835
Epoch 20 Batch 5 | Loss: 0.499692
Epoch 20 Batch 6 | Loss: 0.469356
Epoch 20 Batch 7 | Loss: 0.502690
Epoch 20 Batch 8 | Loss: 0.524116
Epoch 20 Batch 9 | Loss: 0.537823
Epoch 20 Batch 10 | Loss: 0.495420
Epoch 20 Batch 11 | Loss: 0.507659
Epoch 20 Batch 12 | Loss: 0.508680
Epoch 20 Batch 13 | Loss: 0.396938
--- Epoch 20/30 | Loss: 0.5044 | Train Acc: 85.5% | Test Acc: 81.4% | CM: [TP:62, TN:78, FP:8, FN:24] | Progress: 66.7% | ETA: 4.4s ---
Epoch 21 Batch 1 | Loss: 0.548616 | Stats: min: -0.484, max: 0.033, mean: -0.144
Epoch 21 Batch 2 | Loss: 0.575031
Epoch 21 Batch 3 | Loss: 0.506762
Epoch 21 Batch 4 | Loss: 0.434478
Epoch 21 Batch 5 | Loss: 0.511692
Epoch 21 Batch 6 | Loss: 0.444773
Epoch 21 Batch 7 | Loss: 0.515202
Epoch 21 Batch 8 | Loss: 0.495231
Epoch 21 Batch 9 | Loss: 0.473579
Epoch 21 Batch 10 | Loss: 0.554643
Epoch 21 Batch 11 | Loss: 0.475990
Epoch 21 Batch 12 | Loss: 0.540218
Epoch 21 Batch 13 | Loss: 0.466386
  [STABILITY] Plateau detected. Reducing Learning Rate to 0.010000
--- Epoch 21/30 | Loss: 0.5033 | Train Acc: 85.5% | Test Acc: 82.6% | CM: [TP:64, TN:78, FP:8, FN:22] | Progress: 70.0% | ETA: 3.6s ---
Epoch 22 Batch 1 | Loss: 0.499275 | Stats: min: -0.186, max: 0.119, mean: -0.033
Epoch 22 Batch 2 | Loss: 0.495453
Epoch 22 Batch 3 | Loss: 0.526776
Epoch 22 Batch 4 | Loss: 0.480640
Epoch 22 Batch 5 | Loss: 0.545182
Epoch 22 Batch 6 | Loss: 0.553479
Epoch 22 Batch 7 | Loss: 0.506249
Epoch 22 Batch 8 | Loss: 0.409000
Epoch 22 Batch 9 | Loss: 0.536524
Epoch 22 Batch 10 | Loss: 0.411160
Epoch 22 Batch 11 | Loss: 0.503652
Epoch 22 Batch 12 | Loss: 0.509776
Epoch 22 Batch 13 | Loss: 0.579790
  [STABILITY] Test accuracy improved: 83.14% -> 83.72% (via EMA). Saving best params.
--- Epoch 22/30 | Loss: 0.5044 | Train Acc: 85.0% | Test Acc: 83.7% | CM: [TP:66, TN:78, FP:8, FN:20] | Progress: 73.3% | ETA: 2.9s ---
Epoch 23 Batch 1 | Loss: 0.485202 | Stats: min: -0.242, max: 0.500, mean: 0.084
Epoch 23 Batch 2 | Loss: 0.468984
Epoch 23 Batch 3 | Loss: 0.464137
Epoch 23 Batch 4 | Loss: 0.539770
Epoch 23 Batch 5 | Loss: 0.522293
Epoch 23 Batch 6 | Loss: 0.501826
Epoch 23 Batch 7 | Loss: 0.492527
Epoch 23 Batch 8 | Loss: 0.471080
Epoch 23 Batch 9 | Loss: 0.493511
Epoch 23 Batch 10 | Loss: 0.479873
Epoch 23 Batch 11 | Loss: 0.559511
Epoch 23 Batch 12 | Loss: 0.530318
Epoch 23 Batch 13 | Loss: 0.507342
--- Epoch 23/30 | Loss: 0.5013 | Train Acc: 85.0% | Test Acc: 83.1% | CM: [TP:66, TN:77, FP:9, FN:20] | Progress: 76.7% | ETA: 2.5s ---
Epoch 24 Batch 1 | Loss: 0.529225 | Stats: min: -0.396, max: 0.231, mean: -0.055
Epoch 24 Batch 2 | Loss: 0.481134
Epoch 24 Batch 3 | Loss: 0.496991
Epoch 24 Batch 4 | Loss: 0.496982
Epoch 24 Batch 5 | Loss: 0.577761
Epoch 24 Batch 6 | Loss: 0.503576
Epoch 24 Batch 7 | Loss: 0.515441
Epoch 24 Batch 8 | Loss: 0.483037
Epoch 24 Batch 9 | Loss: 0.486981
Epoch 24 Batch 10 | Loss: 0.443944
Epoch 24 Batch 11 | Loss: 0.494640
Epoch 24 Batch 12 | Loss: 0.499671
Epoch 24 Batch 13 | Loss: 0.480319
--- Epoch 24/30 | Loss: 0.4992 | Train Acc: 84.5% | Test Acc: 83.1% | CM: [TP:66, TN:77, FP:9, FN:20] | Progress: 80.0% | ETA: 1.7s ---
Epoch 25 Batch 1 | Loss: 0.470132 | Stats: min: -0.364, max: 0.163, mean: -0.085
Epoch 25 Batch 2 | Loss: 0.465880
Epoch 25 Batch 3 | Loss: 0.493727
Epoch 25 Batch 4 | Loss: 0.517168
Epoch 25 Batch 5 | Loss: 0.473809
Epoch 25 Batch 6 | Loss: 0.527629
Epoch 25 Batch 7 | Loss: 0.542541
Epoch 25 Batch 8 | Loss: 0.444136
Epoch 25 Batch 9 | Loss: 0.513710
Epoch 25 Batch 10 | Loss: 0.493472
Epoch 25 Batch 11 | Loss: 0.492354
Epoch 25 Batch 12 | Loss: 0.512564
Epoch 25 Batch 13 | Loss: 0.623878
  [STABILITY] Plateau detected. Reducing Learning Rate to 0.005000
--- Epoch 25/30 | Loss: 0.5055 | Train Acc: 84.0% | Test Acc: 83.1% | CM: [TP:66, TN:77, FP:9, FN:20] | Progress: 83.3% | ETA: 1.6s ---
Epoch 26 Batch 1 | Loss: 0.533469 | Stats: min: -0.116, max: 0.469, mean: 0.282
Epoch 26 Batch 2 | Loss: 0.471832
Epoch 26 Batch 3 | Loss: 0.485323
Epoch 26 Batch 4 | Loss: 0.477181
Epoch 26 Batch 5 | Loss: 0.508988
Epoch 26 Batch 6 | Loss: 0.535845
Epoch 26 Batch 7 | Loss: 0.509659
Epoch 26 Batch 8 | Loss: 0.519786
Epoch 26 Batch 9 | Loss: 0.500341
Epoch 26 Batch 10 | Loss: 0.499972
Epoch 26 Batch 11 | Loss: 0.494531
Epoch 26 Batch 12 | Loss: 0.467977
Epoch 26 Batch 13 | Loss: 0.456953
--- Epoch 26/30 | Loss: 0.4971 | Train Acc: 84.0% | Test Acc: 83.1% | CM: [TP:66, TN:77, FP:9, FN:20] | Progress: 86.7% | ETA: 1.2s ---
Epoch 27 Batch 1 | Loss: 0.481155 | Stats: min: -0.255, max: 0.439, mean: 0.052
Epoch 27 Batch 2 | Loss: 0.453134
Epoch 27 Batch 3 | Loss: 0.412768
Epoch 27 Batch 4 | Loss: 0.532127
Epoch 27 Batch 5 | Loss: 0.549601
Epoch 27 Batch 6 | Loss: 0.532350
Epoch 27 Batch 7 | Loss: 0.479715
Epoch 27 Batch 8 | Loss: 0.473406
Epoch 27 Batch 9 | Loss: 0.460932
Epoch 27 Batch 10 | Loss: 0.554429
Epoch 27 Batch 11 | Loss: 0.535934
Epoch 27 Batch 12 | Loss: 0.522956
Epoch 27 Batch 13 | Loss: 0.475590
--- Epoch 27/30 | Loss: 0.4972 | Train Acc: 84.0% | Test Acc: 83.1% | CM: [TP:66, TN:77, FP:9, FN:20] | Progress: 90.0% | ETA: 0.7s ---
Epoch 28 Batch 1 | Loss: 0.546159 | Stats: min: -0.611, max: 0.071, mean: -0.356
Epoch 28 Batch 2 | Loss: 0.501665
Epoch 28 Batch 3 | Loss: 0.467132
Epoch 28 Batch 4 | Loss: 0.547434
Epoch 28 Batch 5 | Loss: 0.455360
Epoch 28 Batch 6 | Loss: 0.467693
Epoch 28 Batch 7 | Loss: 0.517892
Epoch 28 Batch 8 | Loss: 0.465851
Epoch 28 Batch 9 | Loss: 0.480726
Epoch 28 Batch 10 | Loss: 0.470194
Epoch 28 Batch 11 | Loss: 0.512918
Epoch 28 Batch 12 | Loss: 0.497359
Epoch 28 Batch 13 | Loss: 0.592277
  [STABILITY] Plateau detected. Reducing Learning Rate to 0.002500
--- Epoch 28/30 | Loss: 0.5017 | Train Acc: 84.0% | Test Acc: 83.7% | CM: [TP:66, TN:78, FP:8, FN:20] | Progress: 93.3% | ETA: 0.5s ---
Epoch 29 Batch 1 | Loss: 0.513484 | Stats: min: -0.451, max: 0.355, mean: -0.080
Epoch 29 Batch 2 | Loss: 0.490419
Epoch 29 Batch 3 | Loss: 0.527236
Epoch 29 Batch 4 | Loss: 0.522715
Epoch 29 Batch 5 | Loss: 0.535120
Epoch 29 Batch 6 | Loss: 0.483224
Epoch 29 Batch 7 | Loss: 0.475736
Epoch 29 Batch 8 | Loss: 0.506188
Epoch 29 Batch 9 | Loss: 0.491635
Epoch 29 Batch 10 | Loss: 0.471059
Epoch 29 Batch 11 | Loss: 0.470075
Epoch 29 Batch 12 | Loss: 0.501014
Epoch 29 Batch 13 | Loss: 0.454647
--- Epoch 29/30 | Loss: 0.4956 | Train Acc: 83.5% | Test Acc: 83.1% | CM: [TP:65, TN:78, FP:8, FN:21] | Progress: 96.7% | ETA: 0.4s ---
Epoch 30 Batch 1 | Loss: 0.485602 | Stats: min: -0.484, max: 0.307, mean: -0.099
Epoch 30 Batch 2 | Loss: 0.557158
Epoch 30 Batch 3 | Loss: 0.527217
Epoch 30 Batch 4 | Loss: 0.504500
Epoch 30 Batch 5 | Loss: 0.469772
Epoch 30 Batch 6 | Loss: 0.476109
Epoch 30 Batch 7 | Loss: 0.501269
Epoch 30 Batch 8 | Loss: 0.508469
Epoch 30 Batch 9 | Loss: 0.464437
Epoch 30 Batch 10 | Loss: 0.509385
Epoch 30 Batch 11 | Loss: 0.470220
Epoch 30 Batch 12 | Loss: 0.474916
Epoch 30 Batch 13 | Loss: 0.536981
--- Epoch 30/30 | Loss: 0.4989 | Train Acc: 83.5% | Test Acc: 83.1% | CM: [TP:65, TN:78, FP:8, FN:21] | Progress: 100.0% | ETA: 0.0s ---

Final Best Test Accuracy: 83.72%


Best Quantum Test Accuracy: 0.837
